[2020-11-04T21:16:46.533+0300][0.004s][info][gc] Using G1
[2020-11-04T21:16:46.771+0300][0,241s][info][gc] GC(0) Pause Full (System.gc()) 19M->9M(12288M) 9,168ms
[2020-11-04T21:16:46.780+0300][0,251s][info][gc] GC(1) Pause Full (System.gc()) 9M->9M(12288M) 9,221ms
[2020-11-04T21:16:47.341+0300][0,811s][info][gc] GC(2) Pause Young (Normal) (G1 Evacuation Pause) 617M->36M(12288M) 13,753ms
[2020-11-04T21:16:47.566+0300][1,037s][info][gc] GC(3) Pause Young (Normal) (G1 Evacuation Pause) 612M->60M(12288M) 18,581ms
[2020-11-04T21:16:47.791+0300][1,261s][info][gc] GC(4) Pause Young (Normal) (G1 Evacuation Pause) 612M->84M(12288M) 25,750ms
[2020-11-04T21:16:48.022+0300][1,493s][info][gc] GC(5) Pause Young (Normal) (G1 Evacuation Pause) 644M->109M(12288M) 27,390ms
[2020-11-04T21:16:48.253+0300][1,724s][info][gc] GC(6) Pause Young (Normal) (G1 Evacuation Pause) 669M->132M(12288M) 27,232ms
[2020-11-04T21:16:48.484+0300][1,954s][info][gc] GC(7) Pause Young (Normal) (G1 Evacuation Pause) 692M->155M(12288M) 27,240ms
[2020-11-04T21:16:48.758+0300][2,229s][info][gc] GC(8) Pause Young (Normal) (G1 Evacuation Pause) 771M->183M(12288M) 29,450ms
[2020-11-04T21:16:49.134+0300][2,605s][info][gc] GC(9) Pause Young (Normal) (G1 Evacuation Pause) 991M->217M(12288M) 38,693ms
[2020-11-04T21:16:49.432+0300][2,903s][info][gc] GC(10) Pause Young (Normal) (G1 Evacuation Pause) 937M->245M(12288M) 37,889ms
[2020-11-04T21:16:50.081+0300][3,551s][info][gc] GC(11) Pause Young (Normal) (G1 Evacuation Pause) 1557M->299M(12288M) 45,373ms
[2020-11-04T21:16:50.606+0300][4,077s][info][gc] GC(12) Pause Young (Normal) (G1 Evacuation Pause) 1563M->354M(12288M) 56,424ms
[2020-11-04T21:16:51.149+0300][4,620s][info][gc] GC(13) Pause Young (Normal) (G1 Evacuation Pause) 1690M->413M(12288M) 61,960ms
[2020-11-04T21:16:51.971+0300][5,441s][info][gc] GC(14) Pause Young (Normal) (G1 Evacuation Pause) 2261M->383M(12288M) 22,299ms
[2020-11-04T21:16:56.470+0300][9,940s][info][gc] GC(15) Pause Young (Normal) (G1 Evacuation Pause) 7663M->465M(12288M) 39,775ms
[2020-11-04T21:16:59.097+0300][12,568s][info][gc] GC(16) Pause Young (Normal) (G1 Evacuation Pause) 7513M->551M(12288M) 59,124ms
[2020-11-04T21:17:01.757+0300][15,228s][info][gc] GC(17) Pause Young (Normal) (G1 Evacuation Pause) 7663M->627M(12288M) 69,297ms
[2020-11-04T21:17:04.395+0300][17,866s][info][gc] GC(18) Pause Young (Normal) (G1 Evacuation Pause) 7659M->703M(12288M) 87,642ms
[2020-11-04T21:17:06.868+0300][20,339s][info][gc] GC(19) Pause Young (Normal) (G1 Evacuation Pause) 7231M->763M(12288M) 97,055ms
[2020-11-04T21:17:09.216+0300][22,686s][info][gc] GC(20) Pause Young (Normal) (G1 Evacuation Pause) 6859M->911M(12288M) 143,877ms
[2020-11-04T21:17:10.168+0300][23,639s][info][gc] GC(21) Pause Young (Normal) (G1 Evacuation Pause) 3223M->901M(12288M) 109,149ms
[2020-11-04T21:17:12.853+0300][26,324s][info][gc] GC(22) Pause Young (Normal) (G1 Evacuation Pause) 8093M->973M(12288M) 68,708ms
[2020-11-04T21:17:15.540+0300][29,011s][info][gc] GC(23) Pause Young (Normal) (G1 Evacuation Pause) 8093M->1061M(12288M) 84,712ms
[2020-11-04T21:17:18.191+0300][31,662s][info][gc] GC(24) Pause Young (Normal) (G1 Evacuation Pause) 8093M->1141M(12288M) 99,427ms
[2020-11-04T21:17:20.825+0300][34,296s][info][gc] GC(25) Pause Young (Normal) (G1 Evacuation Pause) 8093M->1205M(12288M) 110,833ms
[2020-11-04T21:17:23.445+0300][36,916s][info][gc] GC(26) Pause Young (Normal) (G1 Evacuation Pause) 8093M->1288M(12288M) 123,245ms
[2020-11-04T21:17:26.077+0300][39,548s][info][gc] GC(27) Pause Young (Normal) (G1 Evacuation Pause) 8160M->1359M(12288M) 124,595ms
[2020-11-04T21:17:28.695+0300][42,166s][info][gc] GC(28) Pause Young (Normal) (G1 Evacuation Pause) 8191M->1431M(12288M) 130,441ms
[2020-11-04T21:17:31.311+0300][44,782s][info][gc] GC(29) Pause Young (Normal) (G1 Evacuation Pause) 8271M->1505M(12288M) 127,519ms
[2020-11-04T21:17:33.923+0300][47,394s][info][gc] GC(30) Pause Young (Normal) (G1 Evacuation Pause) 8353M->1579M(12288M) 125,276ms
[2020-11-04T21:17:36.546+0300][50,017s][info][gc] GC(31) Pause Young (Normal) (G1 Evacuation Pause) 8435M->1657M(12288M) 122,975ms
[2020-11-04T21:17:39.160+0300][52,631s][info][gc] GC(32) Pause Young (Normal) (G1 Evacuation Pause) 8513M->1728M(12288M) 120,714ms
[2020-11-04T21:17:41.771+0300][55,241s][info][gc] GC(33) Pause Young (Normal) (G1 Evacuation Pause) 8592M->1805M(12288M) 118,689ms
[2020-11-04T21:17:44.380+0300][57,851s][info][gc] GC(34) Pause Young (Normal) (G1 Evacuation Pause) 8669M->1881M(12288M) 117,224ms
[2020-11-04T21:17:46.993+0300][60,464s][info][gc] GC(35) Pause Young (Normal) (G1 Evacuation Pause) 8753M->1961M(12288M) 115,264ms
[2020-11-04T21:17:49.602+0300][63,073s][info][gc] GC(36) Pause Young (Normal) (G1 Evacuation Pause) 8833M->2037M(12288M) 113,897ms
[2020-11-04T21:17:52.210+0300][65,681s][info][gc] GC(37) Pause Young (Normal) (G1 Evacuation Pause) 8909M->2115M(12288M) 112,309ms
[2020-11-04T21:17:54.819+0300][68,290s][info][gc] GC(38) Pause Young (Normal) (G1 Evacuation Pause) 8995M->2191M(12288M) 110,679ms
[2020-11-04T21:17:57.428+0300][70,899s][info][gc] GC(39) Pause Young (Normal) (G1 Evacuation Pause) 9071M->2267M(12288M) 109,218ms
[2020-11-04T21:18:00.037+0300][73,508s][info][gc] GC(40) Pause Young (Normal) (G1 Evacuation Pause) 9155M->2347M(12288M) 107,536ms
[2020-11-04T21:18:02.648+0300][76,119s][info][gc] GC(41) Pause Young (Normal) (G1 Evacuation Pause) 9235M->2415M(12288M) 108,168ms
[2020-11-04T21:18:05.240+0300][78,711s][info][gc] GC(42) Pause Young (Normal) (G1 Evacuation Pause) 9231M->2487M(12288M) 118,106ms
[2020-11-04T21:18:07.835+0300][81,305s][info][gc] GC(43) Pause Young (Normal) (G1 Evacuation Pause) 9311M->2567M(12288M) 114,360ms
[2020-11-04T21:18:10.464+0300][83,934s][info][gc] GC(44) Pause Young (Normal) (G1 Evacuation Pause) 9391M->2740M(12288M) 158,483ms
[2020-11-04T21:18:13.056+0300][86,527s][info][gc] GC(45) Pause Young (Normal) (G1 Evacuation Pause) 9468M->2806M(12288M) 150,336ms
[2020-11-04T21:18:15.695+0300][89,166s][info][gc] GC(46) Pause Young (Normal) (G1 Evacuation Pause) 9702M->2886M(12288M) 128,782ms
[2020-11-04T21:18:18.311+0300][91,781s][info][gc] GC(47) Pause Young (Normal) (G1 Evacuation Pause) 9702M->2953M(12288M) 138,094ms
[2020-11-04T21:18:20.936+0300][94,407s][info][gc] GC(48) Pause Young (Normal) (G1 Evacuation Pause) 9777M->3034M(12288M) 136,148ms
[2020-11-04T21:18:23.563+0300][97,034s][info][gc] GC(49) Pause Young (Normal) (G1 Evacuation Pause) 9858M->3104M(12288M) 134,962ms
[2020-11-04T21:18:26.178+0300][99,649s][info][gc] GC(50) Pause Young (Normal) (G1 Evacuation Pause) 9936M->3184M(12288M) 131,423ms
[2020-11-04T21:18:28.796+0300][102,267s][info][gc] GC(51) Pause Young (Normal) (G1 Evacuation Pause) 10016M->3252M(12288M) 129,591ms
[2020-11-04T21:18:31.412+0300][104,883s][info][gc] GC(52) Pause Young (Normal) (G1 Evacuation Pause) 10100M->3328M(12288M) 127,279ms
[2020-11-04T21:18:34.023+0300][107,493s][info][gc] GC(53) Pause Young (Normal) (G1 Evacuation Pause) 10176M->3414M(12288M) 125,553ms
[2020-11-04T21:18:36.636+0300][110,107s][info][gc] GC(54) Pause Young (Normal) (G1 Evacuation Pause) 10262M->3488M(12288M) 123,153ms
[2020-11-04T21:18:39.256+0300][112,727s][info][gc] GC(55) Pause Young (Normal) (G1 Evacuation Pause) 10344M->3564M(12288M) 121,610ms
[2020-11-04T21:18:41.870+0300][115,341s][info][gc] GC(56) Pause Young (Normal) (G1 Evacuation Pause) 10420M->3636M(12288M) 119,422ms
[2020-11-04T21:18:44.482+0300][117,952s][info][gc] GC(57) Pause Young (Normal) (G1 Evacuation Pause) 10500M->3717M(12288M) 118,075ms
[2020-11-04T21:18:47.069+0300][120,540s][info][gc] GC(58) Pause Young (Normal) (G1 Evacuation Pause) 10525M->3785M(12288M) 114,924ms
[2020-11-04T21:18:49.639+0300][123,110s][info][gc] GC(59) Pause Young (Normal) (G1 Evacuation Pause) 10545M->3865M(12288M) 111,726ms
[2020-11-04T21:18:52.174+0300][125,645s][info][gc] GC(60) Pause Young (Normal) (G1 Evacuation Pause) 10545M->3933M(12288M) 106,734ms
[2020-11-04T21:18:54.679+0300][128,149s][info][gc] GC(61) Pause Young (Normal) (G1 Evacuation Pause) 10549M->3992M(12288M) 101,264ms
[2020-11-04T21:18:57.203+0300][130,674s][info][gc] GC(62) Pause Young (Normal) (G1 Evacuation Pause) 10576M->4164M(12288M) 143,165ms
[2020-11-04T21:18:59.625+0300][133,096s][info][gc] GC(63) Pause Young (Normal) (G1 Evacuation Pause) 10476M->4213M(12288M) 129,654ms
[2020-11-04T21:19:02.050+0300][135,521s][info][gc] GC(64) Pause Young (Normal) (G1 Evacuation Pause) 10581M->4276M(12288M) 112,048ms
