[2020-11-04T20:35:51.594+0300][0.004s][info][gc] Using G1
[2020-11-04T20:35:51.814+0300][0,224s][info][gc] GC(0) Pause Full (System.gc()) 7M->2M(512M) 3,507ms
[2020-11-04T20:35:51.817+0300][0,227s][info][gc] GC(1) Pause Full (System.gc()) 2M->2M(512M) 2,765ms
[2020-11-04T20:35:51.930+0300][0,340s][info][gc] GC(2) Pause Young (Normal) (G1 Evacuation Pause) 31M->7M(512M) 1,265ms
[2020-11-04T20:35:52.029+0300][0,439s][info][gc] GC(3) Pause Young (Normal) (G1 Evacuation Pause) 111M->10M(512M) 3,629ms
[2020-11-04T20:35:52.209+0300][0,619s][info][gc] GC(4) Pause Young (Normal) (G1 Evacuation Pause) 281M->18M(512M) 8,285ms
[2020-11-04T20:35:52.331+0300][0,741s][info][gc] GC(5) Pause Young (Normal) (G1 Evacuation Pause) 313M->27M(512M) 11,571ms
[2020-11-04T20:35:52.446+0300][0,856s][info][gc] GC(6) Pause Young (Normal) (G1 Evacuation Pause) 313M->36M(512M) 14,166ms
[2020-11-04T20:35:52.562+0300][0,972s][info][gc] GC(7) Pause Young (Normal) (G1 Evacuation Pause) 316M->45M(512M) 17,421ms
[2020-11-04T20:35:52.675+0300][1,085s][info][gc] GC(8) Pause Young (Normal) (G1 Evacuation Pause) 325M->53M(512M) 15,539ms
[2020-11-04T20:35:52.789+0300][1,199s][info][gc] GC(9) Pause Young (Normal) (G1 Evacuation Pause) 334M->62M(512M) 15,238ms
[2020-11-04T20:35:52.904+0300][1,314s][info][gc] GC(10) Pause Young (Normal) (G1 Evacuation Pause) 343M->70M(512M) 16,433ms
[2020-11-04T20:35:53.018+0300][1,428s][info][gc] GC(11) Pause Young (Normal) (G1 Evacuation Pause) 351M->80M(512M) 15,297ms
[2020-11-04T20:35:53.133+0300][1,543s][info][gc] GC(12) Pause Young (Normal) (G1 Evacuation Pause) 360M->89M(512M) 15,257ms
[2020-11-04T20:35:53.246+0300][1,656s][info][gc] GC(13) Pause Young (Normal) (G1 Evacuation Pause) 369M->98M(512M) 15,095ms
[2020-11-04T20:35:53.362+0300][1,771s][info][gc] GC(14) Pause Young (Normal) (G1 Evacuation Pause) 379M->107M(512M) 16,689ms
[2020-11-04T20:35:53.490+0300][1,900s][info][gc] GC(15) Pause Young (Normal) (G1 Evacuation Pause) 391M->120M(512M) 15,134ms
[2020-11-04T20:35:53.611+0300][2,020s][info][gc] GC(16) Pause Young (Normal) (G1 Evacuation Pause) 400M->128M(512M) 15,128ms
[2020-11-04T20:35:53.724+0300][2,134s][info][gc] GC(17) Pause Young (Normal) (G1 Evacuation Pause) 409M->138M(512M) 15,157ms
[2020-11-04T20:35:53.837+0300][2,247s][info][gc] GC(18) Pause Young (Normal) (G1 Evacuation Pause) 418M->147M(512M) 15,150ms
[2020-11-04T20:35:53.951+0300][2,361s][info][gc] GC(19) Pause Young (Normal) (G1 Evacuation Pause) 426M->155M(512M) 15,115ms
[2020-11-04T20:35:54.062+0300][2,472s][info][gc] GC(20) Pause Young (Normal) (G1 Evacuation Pause) 427M->164M(512M) 15,210ms
[2020-11-04T20:35:54.167+0300][2,577s][info][gc] GC(21) Pause Young (Normal) (G1 Evacuation Pause) 425M->173M(512M) 14,812ms
[2020-11-04T20:35:54.272+0300][2,682s][info][gc] GC(22) Pause Young (Normal) (G1 Evacuation Pause) 428M->181M(512M) 16,108ms
[2020-11-04T20:35:54.373+0300][2,783s][info][gc] GC(23) Pause Young (Normal) (G1 Evacuation Pause) 429M->189M(512M) 13,971ms
[2020-11-04T20:35:54.470+0300][2,880s][info][gc] GC(24) Pause Young (Normal) (G1 Evacuation Pause) 428M->196M(512M) 13,449ms
[2020-11-04T20:35:54.565+0300][2,975s][info][gc] GC(25) Pause Young (Normal) (G1 Evacuation Pause) 431M->203M(512M) 13,520ms
[2020-11-04T20:35:54.658+0300][3,068s][info][gc] GC(26) Pause Young (Normal) (G1 Evacuation Pause) 432M->211M(512M) 12,883ms
[2020-11-04T20:35:54.748+0300][3,158s][info][gc] GC(27) Pause Young (Normal) (G1 Evacuation Pause) 430M->217M(512M) 13,490ms
[2020-11-04T20:35:54.835+0300][3,245s][info][gc] GC(28) Pause Young (Normal) (G1 Evacuation Pause) 431M->224M(512M) 11,941ms
[2020-11-04T20:35:54.933+0300][3,343s][info][gc] GC(29) Pause Young (Normal) (G1 Evacuation Pause) 434M->235M(512M) 11,868ms
[2020-11-04T20:35:55.012+0300][3,422s][info][gc] GC(30) Pause Young (Normal) (G1 Evacuation Pause) 430M->241M(512M) 11,369ms
[2020-11-04T20:35:55.090+0300][3,500s][info][gc] GC(31) Pause Young (Normal) (G1 Evacuation Pause) 434M->246M(512M) 10,921ms
[2020-11-04T20:35:55.167+0300][3,577s][info][gc] GC(32) Pause Young (Concurrent Start) (G1 Evacuation Pause) 434M->252M(512M) 10,825ms
[2020-11-04T20:35:55.167+0300][3,577s][info][gc] GC(33) Concurrent Cycle
[2020-11-04T20:35:55.177+0300][3,587s][info][gc] GC(33) Pause Remark 274M->90M(512M) 0,721ms
[2020-11-04T20:35:55.185+0300][3,595s][info][gc] GC(33) Pause Cleanup 110M->110M(512M) 0,119ms
[2020-11-04T20:35:55.187+0300][3,597s][info][gc] GC(33) Concurrent Cycle 19,384ms
[2020-11-04T20:35:55.245+0300][3,655s][info][gc] GC(34) Pause Young (Prepare Mixed) (G1 Evacuation Pause) 251M->74M(512M) 10,536ms
[2020-11-04T20:35:55.257+0300][3,667s][info][gc] GC(35) Pause Young (Mixed) (G1 Evacuation Pause) 81M->42M(512M) 9,240ms
[2020-11-04T20:35:55.369+0300][3,779s][info][gc] GC(36) Pause Young (Normal) (G1 Evacuation Pause) 347M->49M(512M) 6,903ms
[2020-11-04T20:35:55.483+0300][3,893s][info][gc] GC(37) Pause Young (Normal) (G1 Evacuation Pause) 346M->58M(512M) 10,036ms
[2020-11-04T20:35:55.596+0300][4,006s][info][gc] GC(38) Pause Young (Normal) (G1 Evacuation Pause) 346M->67M(512M) 12,834ms
[2020-11-04T20:35:55.709+0300][4,119s][info][gc] GC(39) Pause Young (Normal) (G1 Evacuation Pause) 347M->77M(512M) 15,472ms
[2020-11-04T20:35:55.821+0300][4,231s][info][gc] GC(40) Pause Young (Normal) (G1 Evacuation Pause) 356M->85M(512M) 15,334ms
[2020-11-04T20:35:55.933+0300][4,343s][info][gc] GC(41) Pause Young (Normal) (G1 Evacuation Pause) 365M->94M(512M) 14,945ms
[2020-11-04T20:35:56.046+0300][4,456s][info][gc] GC(42) Pause Young (Normal) (G1 Evacuation Pause) 374M->103M(512M) 15,290ms
[2020-11-04T20:35:56.159+0300][4,569s][info][gc] GC(43) Pause Young (Normal) (G1 Evacuation Pause) 383M->111M(512M) 15,092ms
[2020-11-04T20:35:56.272+0300][4,682s][info][gc] GC(44) Pause Young (Normal) (G1 Evacuation Pause) 392M->121M(512M) 15,097ms
[2020-11-04T20:35:56.397+0300][4,807s][info][gc] GC(45) Pause Young (Normal) (G1 Evacuation Pause) 405M->133M(512M) 15,092ms
[2020-11-04T20:35:56.510+0300][4,920s][info][gc] GC(46) Pause Young (Normal) (G1 Evacuation Pause) 413M->143M(512M) 15,045ms
[2020-11-04T20:35:56.623+0300][5,033s][info][gc] GC(47) Pause Young (Normal) (G1 Evacuation Pause) 423M->151M(512M) 16,367ms
[2020-11-04T20:35:56.740+0300][5,150s][info][gc] GC(48) Pause Young (Normal) (G1 Evacuation Pause) 431M->160M(512M) 15,031ms
[2020-11-04T20:35:56.849+0300][5,259s][info][gc] GC(49) Pause Young (Normal) (G1 Evacuation Pause) 431M->168M(512M) 15,038ms
[2020-11-04T20:35:56.955+0300][5,365s][info][gc] GC(50) Pause Young (Normal) (G1 Evacuation Pause) 432M->177M(512M) 14,486ms
[2020-11-04T20:35:57.060+0300][5,470s][info][gc] GC(51) Pause Young (Normal) (G1 Evacuation Pause) 432M->186M(512M) 15,506ms
[2020-11-04T20:35:57.159+0300][5,569s][info][gc] GC(52) Pause Young (Normal) (G1 Evacuation Pause) 432M->193M(512M) 13,907ms
[2020-11-04T20:35:57.256+0300][5,666s][info][gc] GC(53) Pause Young (Normal) (G1 Evacuation Pause) 434M->201M(512M) 13,565ms
[2020-11-04T20:35:57.351+0300][5,760s][info][gc] GC(54) Pause Young (Normal) (G1 Evacuation Pause) 434M->208M(512M) 13,135ms
[2020-11-04T20:35:57.442+0300][5,851s][info][gc] GC(55) Pause Young (Normal) (G1 Evacuation Pause) 433M->214M(512M) 12,978ms
[2020-11-04T20:35:57.531+0300][5,941s][info][gc] GC(56) Pause Young (Normal) (G1 Evacuation Pause) 436M->220M(512M) 12,690ms
[2020-11-04T20:35:57.618+0300][6,028s][info][gc] GC(57) Pause Young (Normal) (G1 Evacuation Pause) 436M->228M(512M) 12,165ms
[2020-11-04T20:35:57.702+0300][6,112s][info][gc] GC(58) Pause Young (Normal) (G1 Evacuation Pause) 435M->235M(512M) 11,587ms
[2020-11-04T20:35:57.798+0300][6,208s][info][gc] GC(59) Pause Young (Normal) (G1 Evacuation Pause) 439M->244M(512M) 11,537ms
[2020-11-04T20:35:57.876+0300][6,286s][info][gc] GC(60) Pause Young (Normal) (G1 Evacuation Pause) 438M->250M(512M) 10,984ms
[2020-11-04T20:35:57.952+0300][6,362s][info][gc] GC(61) Pause Young (Concurrent Start) (G1 Evacuation Pause) 439M->256M(512M) 10,700ms
[2020-11-04T20:35:57.953+0300][6,363s][info][gc] GC(62) Concurrent Cycle
[2020-11-04T20:35:57.966+0300][6,376s][info][gc] GC(62) Pause Remark 274M->105M(512M) 0,719ms
[2020-11-04T20:35:57.973+0300][6,383s][info][gc] GC(62) Pause Cleanup 116M->116M(512M) 0,140ms
[2020-11-04T20:35:57.976+0300][6,386s][info][gc] GC(62) Concurrent Cycle 23,392ms
[2020-11-04T20:35:58.041+0300][6,451s][info][gc] GC(63) Pause Young (Prepare Mixed) (G1 Evacuation Pause) 270M->91M(512M) 12,142ms
[2020-11-04T20:35:58.053+0300][6,463s][info][gc] GC(64) Pause Young (Mixed) (G1 Evacuation Pause) 97M->48M(512M) 9,688ms
[2020-11-04T20:35:58.167+0300][6,577s][info][gc] GC(65) Pause Young (Normal) (G1 Evacuation Pause) 354M->56M(512M) 8,252ms
[2020-11-04T20:35:58.280+0300][6,690s][info][gc] GC(66) Pause Young (Normal) (G1 Evacuation Pause) 353M->65M(512M) 9,997ms
[2020-11-04T20:35:58.394+0300][6,804s][info][gc] GC(67) Pause Young (Normal) (G1 Evacuation Pause) 353M->74M(512M) 12,525ms
[2020-11-04T20:35:58.507+0300][6,917s][info][gc] GC(68) Pause Young (Normal) (G1 Evacuation Pause) 354M->83M(512M) 15,795ms
[2020-11-04T20:35:58.619+0300][7,029s][info][gc] GC(69) Pause Young (Normal) (G1 Evacuation Pause) 363M->92M(512M) 15,293ms
[2020-11-04T20:35:58.732+0300][7,142s][info][gc] GC(70) Pause Young (Normal) (G1 Evacuation Pause) 372M->101M(512M) 16,020ms
[2020-11-04T20:35:58.843+0300][7,253s][info][gc] GC(71) Pause Young (Normal) (G1 Evacuation Pause) 381M->109M(512M) 15,045ms
[2020-11-04T20:35:58.956+0300][7,366s][info][gc] GC(72) Pause Young (Normal) (G1 Evacuation Pause) 390M->119M(512M) 14,992ms
[2020-11-04T20:35:59.068+0300][7,478s][info][gc] GC(73) Pause Young (Normal) (G1 Evacuation Pause) 399M->128M(512M) 15,198ms
[2020-11-04T20:35:59.195+0300][7,605s][info][gc] GC(74) Pause Young (Normal) (G1 Evacuation Pause) 413M->141M(512M) 15,217ms
[2020-11-04T20:35:59.310+0300][7,720s][info][gc] GC(75) Pause Young (Normal) (G1 Evacuation Pause) 421M->149M(512M) 16,756ms
[2020-11-04T20:35:59.423+0300][7,833s][info][gc] GC(76) Pause Young (Normal) (G1 Evacuation Pause) 430M->158M(512M) 15,589ms
[2020-11-04T20:35:59.532+0300][7,942s][info][gc] GC(77) Pause Young (Normal) (G1 Evacuation Pause) 430M->167M(512M) 15,297ms
[2020-11-04T20:35:59.644+0300][8,054s][info][gc] GC(78) Pause Young (Normal) (G1 Evacuation Pause) 432M->175M(512M) 14,662ms
[2020-11-04T20:35:59.748+0300][8,157s][info][gc] GC(79) Pause Young (Normal) (G1 Evacuation Pause) 431M->184M(512M) 14,185ms
[2020-11-04T20:35:59.848+0300][8,258s][info][gc] GC(80) Pause Young (Normal) (G1 Evacuation Pause) 433M->192M(512M) 13,992ms
[2020-11-04T20:35:59.945+0300][8,355s][info][gc] GC(81) Pause Young (Normal) (G1 Evacuation Pause) 433M->199M(512M) 13,463ms
[2020-11-04T20:36:00.041+0300][8,451s][info][gc] GC(82) Pause Young (Normal) (G1 Evacuation Pause) 434M->207M(512M) 14,967ms
[2020-11-04T20:36:00.133+0300][8,543s][info][gc] GC(83) Pause Young (Normal) (G1 Evacuation Pause) 434M->214M(512M) 12,726ms
[2020-11-04T20:36:00.221+0300][8,631s][info][gc] GC(84) Pause Young (Normal) (G1 Evacuation Pause) 435M->221M(512M) 12,320ms
[2020-11-04T20:36:00.308+0300][8,718s][info][gc] GC(85) Pause Young (Normal) (G1 Evacuation Pause) 436M->228M(512M) 11,814ms
[2020-11-04T20:36:00.392+0300][8,802s][info][gc] GC(86) Pause Young (Normal) (G1 Evacuation Pause) 436M->233M(512M) 11,570ms
[2020-11-04T20:36:00.475+0300][8,885s][info][gc] GC(87) Pause Young (Normal) (G1 Evacuation Pause) 438M->240M(512M) 11,616ms
[2020-11-04T20:36:00.563+0300][8,973s][info][gc] GC(88) Pause Young (Normal) (G1 Evacuation Pause) 438M->246M(512M) 14,608ms
[2020-11-04T20:36:00.597+0300][9,006s][info][gc] GC(89) Pause Young (Concurrent Start) (G1 Humongous Allocation) 271M->248M(512M) 11,558ms
[2020-11-04T20:36:00.597+0300][9,007s][info][gc] GC(90) Concurrent Cycle
[2020-11-04T20:36:00.612+0300][9,022s][info][gc] GC(90) Pause Remark 271M->112M(512M) 0,744ms
[2020-11-04T20:36:00.621+0300][9,031s][info][gc] GC(90) Pause Cleanup 133M->133M(512M) 0,122ms
[2020-11-04T20:36:00.621+0300][9,031s][info][gc] GC(90) Concurrent Cycle 24,630ms
[2020-11-04T20:36:00.690+0300][9,100s][info][gc] GC(91) Pause Young (Prepare Mixed) (G1 Evacuation Pause) 288M->85M(512M) 6,846ms
[2020-11-04T20:36:00.705+0300][9,115s][info][gc] GC(92) Pause Young (Mixed) (G1 Evacuation Pause) 103M->42M(512M) 6,917ms
[2020-11-04T20:36:00.833+0300][9,243s][info][gc] GC(93) Pause Young (Normal) (G1 Evacuation Pause) 348M->50M(512M) 8,104ms
[2020-11-04T20:36:00.982+0300][9,392s][info][gc] GC(94) Pause Young (Normal) (G1 Evacuation Pause) 347M->60M(512M) 10,374ms
[2020-11-04T20:36:01.107+0300][9,517s][info][gc] GC(95) Pause Young (Normal) (G1 Evacuation Pause) 348M->69M(512M) 12,907ms
[2020-11-04T20:36:01.219+0300][9,629s][info][gc] GC(96) Pause Young (Normal) (G1 Evacuation Pause) 348M->77M(512M) 15,653ms
[2020-11-04T20:36:01.331+0300][9,741s][info][gc] GC(97) Pause Young (Normal) (G1 Evacuation Pause) 357M->87M(512M) 15,499ms
[2020-11-04T20:36:01.444+0300][9,854s][info][gc] GC(98) Pause Young (Normal) (G1 Evacuation Pause) 367M->95M(512M) 16,760ms
[2020-11-04T20:36:01.557+0300][9,967s][info][gc] GC(99) Pause Young (Normal) (G1 Evacuation Pause) 375M->104M(512M) 14,910ms
[2020-11-04T20:36:01.669+0300][10,079s][info][gc] GC(100) Pause Young (Normal) (G1 Evacuation Pause) 384M->113M(512M) 14,862ms
[2020-11-04T20:36:01.782+0300][10,192s][info][gc] GC(101) Pause Young (Normal) (G1 Evacuation Pause) 393M->123M(512M) 16,081ms
[2020-11-04T20:36:01.896+0300][10,306s][info][gc] GC(102) Pause Young (Normal) (G1 Evacuation Pause) 403M->131M(512M) 16,198ms
[2020-11-04T20:36:02.008+0300][10,418s][info][gc] GC(103) Pause Young (Normal) (G1 Evacuation Pause) 411M->141M(512M) 14,981ms
[2020-11-04T20:36:02.078+0300][10,488s][info][gc] GC(104) Pause Young (Concurrent Start) (G1 Humongous Allocation) 271M->144M(512M) 14,277ms
[2020-11-04T20:36:02.078+0300][10,488s][info][gc] GC(105) Concurrent Cycle
[2020-11-04T20:36:02.090+0300][10,500s][info][gc] GC(105) Pause Remark 175M->104M(512M) 0,782ms
[2020-11-04T20:36:02.097+0300][10,507s][info][gc] GC(105) Pause Cleanup 124M->124M(512M) 0,145ms
[2020-11-04T20:36:02.098+0300][10,508s][info][gc] GC(105) Concurrent Cycle 20,147ms
[2020-11-04T20:36:02.187+0300][10,597s][info][gc] GC(106) Pause Young (Normal) (G1 Evacuation Pause) 362M->67M(512M) 6,759ms
[2020-11-04T20:36:02.299+0300][10,709s][info][gc] GC(107) Pause Young (Normal) (G1 Evacuation Pause) 363M->74M(512M) 9,918ms
[2020-11-04T20:36:02.411+0300][10,821s][info][gc] GC(108) Pause Young (Normal) (G1 Evacuation Pause) 362M->83M(512M) 12,535ms
[2020-11-04T20:36:02.523+0300][10,933s][info][gc] GC(109) Pause Young (Normal) (G1 Evacuation Pause) 363M->91M(512M) 15,260ms
[2020-11-04T20:36:02.635+0300][11,045s][info][gc] GC(110) Pause Young (Normal) (G1 Evacuation Pause) 371M->100M(512M) 15,182ms
[2020-11-04T20:36:02.746+0300][11,156s][info][gc] GC(111) Pause Young (Normal) (G1 Evacuation Pause) 380M->109M(512M) 14,818ms
[2020-11-04T20:36:02.858+0300][11,268s][info][gc] GC(112) Pause Young (Normal) (G1 Evacuation Pause) 389M->120M(512M) 15,089ms
[2020-11-04T20:36:02.969+0300][11,379s][info][gc] GC(113) Pause Young (Normal) (G1 Evacuation Pause) 399M->128M(512M) 15,118ms
[2020-11-04T20:36:03.081+0300][11,491s][info][gc] GC(114) Pause Young (Normal) (G1 Evacuation Pause) 408M->136M(512M) 14,837ms
[2020-11-04T20:36:03.193+0300][11,603s][info][gc] GC(115) Pause Young (Normal) (G1 Evacuation Pause) 416M->144M(512M) 14,921ms
[2020-11-04T20:36:03.305+0300][11,715s][info][gc] GC(116) Pause Young (Concurrent Start) (G1 Evacuation Pause) 425M->154M(512M) 15,031ms
[2020-11-04T20:36:03.305+0300][11,715s][info][gc] GC(117) Concurrent Cycle
[2020-11-04T20:36:03.353+0300][11,763s][info][gc] GC(117) Pause Remark 228M->220M(512M) 0,897ms
[2020-11-04T20:36:03.378+0300][11,788s][info][gc] GC(117) Pause Cleanup 288M->288M(512M) 0,155ms
[2020-11-04T20:36:03.379+0300][11,789s][info][gc] GC(117) Concurrent Cycle 73,495ms
[2020-11-04T20:36:03.441+0300][11,851s][info][gc] GC(118) Pause Young (Prepare Mixed) (G1 Evacuation Pause) 423M->154M(512M) 15,866ms
[2020-11-04T20:36:03.465+0300][11,875s][info][gc] GC(119) Pause Young (Mixed) (G1 Evacuation Pause) 157M->127M(512M) 21,929ms
[2020-11-04T20:36:03.591+0300][12,001s][info][gc] GC(120) Pause Young (Normal) (G1 Evacuation Pause) 436M->139M(512M) 7,127ms
[2020-11-04T20:36:03.706+0300][12,116s][info][gc] GC(121) Pause Young (Normal) (G1 Evacuation Pause) 436M->149M(512M) 11,452ms
[2020-11-04T20:36:03.818+0300][12,228s][info][gc] GC(122) Pause Young (Concurrent Start) (G1 Evacuation Pause) 437M->158M(512M) 12,797ms
[2020-11-04T20:36:03.818+0300][12,228s][info][gc] GC(123) Concurrent Cycle
[2020-11-04T20:36:03.832+0300][12,242s][info][gc] GC(123) Pause Remark 191M->117M(512M) 0,884ms
[2020-11-04T20:36:03.840+0300][12,250s][info][gc] GC(123) Pause Cleanup 136M->136M(512M) 0,149ms
[2020-11-04T20:36:03.840+0300][12,250s][info][gc] GC(123) Concurrent Cycle 21,684ms
[2020-11-04T20:36:03.931+0300][12,341s][info][gc] GC(124) Pause Young (Prepare Mixed) (G1 Evacuation Pause) 356M->90M(512M) 14,469ms
[2020-11-04T20:36:03.947+0300][12,357s][info][gc] GC(125) Pause Young (Mixed) (G1 Evacuation Pause) 93M->59M(512M) 15,328ms
[2020-11-04T20:36:04.062+0300][12,472s][info][gc] GC(126) Pause Young (Normal) (G1 Evacuation Pause) 365M->68M(512M) 7,240ms
[2020-11-04T20:36:04.175+0300][12,585s][info][gc] GC(127) Pause Young (Normal) (G1 Evacuation Pause) 365M->77M(512M) 9,738ms
[2020-11-04T20:36:04.286+0300][12,696s][info][gc] GC(128) Pause Young (Normal) (G1 Evacuation Pause) 365M->86M(512M) 12,537ms
[2020-11-04T20:36:04.398+0300][12,808s][info][gc] GC(129) Pause Young (Normal) (G1 Evacuation Pause) 365M->96M(512M) 15,259ms
[2020-11-04T20:36:04.510+0300][12,920s][info][gc] GC(130) Pause Young (Normal) (G1 Evacuation Pause) 375M->103M(512M) 14,946ms
[2020-11-04T20:36:04.622+0300][13,032s][info][gc] GC(131) Pause Young (Normal) (G1 Evacuation Pause) 383M->112M(512M) 15,225ms
[2020-11-04T20:36:04.734+0300][13,144s][info][gc] GC(132) Pause Young (Normal) (G1 Evacuation Pause) 392M->121M(512M) 15,007ms
[2020-11-04T20:36:04.846+0300][13,256s][info][gc] GC(133) Pause Young (Normal) (G1 Evacuation Pause) 401M->129M(512M) 14,755ms
[2020-11-04T20:36:04.972+0300][13,382s][info][gc] GC(134) Pause Young (Normal) (G1 Evacuation Pause) 414M->143M(512M) 15,221ms
[2020-11-04T20:36:05.083+0300][13,493s][info][gc] GC(135) Pause Young (Normal) (G1 Evacuation Pause) 423M->152M(512M) 15,063ms
[2020-11-04T20:36:05.194+0300][13,604s][info][gc] GC(136) Pause Young (Concurrent Start) (G1 Evacuation Pause) 429M->160M(512M) 14,942ms
[2020-11-04T20:36:05.194+0300][13,604s][info][gc] GC(137) Concurrent Cycle
[2020-11-04T20:36:05.209+0300][13,619s][info][gc] GC(137) Pause Remark 197M->127M(512M) 0,628ms
[2020-11-04T20:36:05.224+0300][13,634s][info][gc] GC(137) Pause Cleanup 165M->165M(512M) 0,116ms
[2020-11-04T20:36:05.225+0300][13,634s][info][gc] GC(137) Concurrent Cycle 30,729ms
[2020-11-04T20:36:05.306+0300][13,716s][info][gc] GC(138) Pause Young (Prepare Mixed) (G1 Evacuation Pause) 361M->96M(512M) 13,779ms
[2020-11-04T20:36:05.325+0300][13,735s][info][gc] GC(139) Pause Young (Mixed) (G1 Evacuation Pause) 99M->68M(512M) 17,894ms
[2020-11-04T20:36:05.437+0300][13,847s][info][gc] GC(140) Pause Young (Normal) (G1 Evacuation Pause) 373M->77M(512M) 6,848ms
[2020-11-04T20:36:05.550+0300][13,960s][info][gc] GC(141) Pause Young (Normal) (G1 Evacuation Pause) 374M->85M(512M) 10,029ms
[2020-11-04T20:36:05.664+0300][14,074s][info][gc] GC(142) Pause Young (Normal) (G1 Evacuation Pause) 373M->94M(512M) 12,627ms
[2020-11-04T20:36:05.776+0300][14,186s][info][gc] GC(143) Pause Young (Normal) (G1 Evacuation Pause) 373M->103M(512M) 15,863ms
[2020-11-04T20:36:05.888+0300][14,298s][info][gc] GC(144) Pause Young (Normal) (G1 Evacuation Pause) 382M->112M(512M) 15,439ms
[2020-11-04T20:36:06.000+0300][14,410s][info][gc] GC(145) Pause Young (Normal) (G1 Evacuation Pause) 392M->121M(512M) 15,202ms
[2020-11-04T20:36:06.112+0300][14,522s][info][gc] GC(146) Pause Young (Normal) (G1 Evacuation Pause) 402M->130M(512M) 14,996ms
[2020-11-04T20:36:06.223+0300][14,633s][info][gc] GC(147) Pause Young (Normal) (G1 Evacuation Pause) 410M->139M(512M) 14,911ms
[2020-11-04T20:36:06.349+0300][14,759s][info][gc] GC(148) Pause Young (Normal) (G1 Evacuation Pause) 423M->151M(512M) 15,040ms
[2020-11-04T20:36:06.460+0300][14,870s][info][gc] GC(149) Pause Young (Concurrent Start) (G1 Evacuation Pause) 430M->160M(512M) 15,019ms
[2020-11-04T20:36:06.460+0300][14,870s][info][gc] GC(150) Concurrent Cycle
[2020-11-04T20:36:06.479+0300][14,889s][info][gc] GC(150) Pause Remark 187M->120M(512M) 0,686ms
[2020-11-04T20:36:06.491+0300][14,901s][info][gc] GC(150) Pause Cleanup 138M->138M(512M) 0,124ms
[2020-11-04T20:36:06.492+0300][14,902s][info][gc] GC(150) Concurrent Cycle 32,156ms
[2020-11-04T20:36:06.582+0300][14,992s][info][gc] GC(151) Pause Young (Prepare Mixed) (G1 Evacuation Pause) 365M->89M(512M) 11,787ms
[2020-11-04T20:36:06.595+0300][15,005s][info][gc] GC(152) Pause Young (Mixed) (G1 Evacuation Pause) 92M->60M(512M) 11,558ms
[2020-11-04T20:36:06.708+0300][15,118s][info][gc] GC(153) Pause Young (Normal) (G1 Evacuation Pause) 366M->69M(512M) 7,037ms
[2020-11-04T20:36:06.820+0300][15,230s][info][gc] GC(154) Pause Young (Normal) (G1 Evacuation Pause) 366M->78M(512M) 10,112ms
[2020-11-04T20:36:06.932+0300][15,342s][info][gc] GC(155) Pause Young (Normal) (G1 Evacuation Pause) 366M->87M(512M) 12,432ms
[2020-11-04T20:36:07.043+0300][15,453s][info][gc] GC(156) Pause Young (Normal) (G1 Evacuation Pause) 366M->95M(512M) 15,419ms
[2020-11-04T20:36:07.155+0300][15,565s][info][gc] GC(157) Pause Young (Normal) (G1 Evacuation Pause) 375M->105M(512M) 15,372ms
[2020-11-04T20:36:07.267+0300][15,677s][info][gc] GC(158) Pause Young (Normal) (G1 Evacuation Pause) 385M->114M(512M) 15,097ms
[2020-11-04T20:36:07.378+0300][15,788s][info][gc] GC(159) Pause Young (Normal) (G1 Evacuation Pause) 394M->123M(512M) 15,031ms
[2020-11-04T20:36:07.490+0300][15,900s][info][gc] GC(160) Pause Young (Normal) (G1 Evacuation Pause) 403M->131M(512M) 15,085ms
[2020-11-04T20:36:07.602+0300][16,012s][info][gc] GC(161) Pause Young (Normal) (G1 Evacuation Pause) 412M->140M(512M) 15,079ms
[2020-11-04T20:36:07.726+0300][16,136s][info][gc] GC(162) Pause Young (Normal) (G1 Evacuation Pause) 424M->153M(512M) 15,066ms
[2020-11-04T20:36:07.837+0300][16,247s][info][gc] GC(163) Pause Young (Concurrent Start) (G1 Evacuation Pause) 431M->161M(512M) 15,209ms
[2020-11-04T20:36:07.838+0300][16,248s][info][gc] GC(164) Concurrent Cycle
[2020-11-04T20:36:07.854+0300][16,264s][info][gc] GC(164) Pause Remark 202M->131M(512M) 0,767ms
[2020-11-04T20:36:07.865+0300][16,275s][info][gc] GC(164) Pause Cleanup 159M->159M(512M) 0,173ms
[2020-11-04T20:36:07.865+0300][16,275s][info][gc] GC(164) Concurrent Cycle 27,888ms
[2020-11-04T20:36:07.946+0300][16,356s][info][gc] GC(165) Pause Young (Normal) (G1 Evacuation Pause) 361M->84M(512M) 10,777ms
[2020-11-04T20:36:08.057+0300][16,467s][info][gc] GC(166) Pause Young (Normal) (G1 Evacuation Pause) 371M->92M(512M) 12,428ms
[2020-11-04T20:36:08.170+0300][16,580s][info][gc] GC(167) Pause Young (Normal) (G1 Evacuation Pause) 371M->100M(512M) 15,251ms
[2020-11-04T20:36:08.282+0300][16,692s][info][gc] GC(168) Pause Young (Normal) (G1 Evacuation Pause) 380M->109M(512M) 15,138ms
[2020-11-04T20:36:08.394+0300][16,804s][info][gc] GC(169) Pause Young (Normal) (G1 Evacuation Pause) 389M->117M(512M) 15,357ms
[2020-11-04T20:36:08.506+0300][16,916s][info][gc] GC(170) Pause Young (Normal) (G1 Evacuation Pause) 397M->126M(512M) 15,064ms
[2020-11-04T20:36:08.618+0300][17,028s][info][gc] GC(171) Pause Young (Normal) (G1 Evacuation Pause) 407M->135M(512M) 15,000ms
[2020-11-04T20:36:08.730+0300][17,140s][info][gc] GC(172) Pause Young (Normal) (G1 Evacuation Pause) 416M->144M(512M) 15,094ms
[2020-11-04T20:36:08.841+0300][17,251s][info][gc] GC(173) Pause Young (Normal) (G1 Evacuation Pause) 424M->154M(512M) 15,009ms
[2020-11-04T20:36:08.954+0300][17,364s][info][gc] GC(174) Pause Young (Concurrent Start) (G1 Evacuation Pause) 431M->163M(512M) 17,099ms
[2020-11-04T20:36:08.954+0300][17,364s][info][gc] GC(175) Concurrent Cycle
[2020-11-04T20:36:09.005+0300][17,415s][info][gc] GC(175) Pause Remark 246M->238M(512M) 0,934ms
[2020-11-04T20:36:09.033+0300][17,443s][info][gc] GC(175) Pause Cleanup 315M->315M(512M) 0,155ms
[2020-11-04T20:36:09.033+0300][17,443s][info][gc] GC(175) Concurrent Cycle 79,345ms
[2020-11-04T20:36:09.085+0300][17,495s][info][gc] GC(176) Pause Young (Prepare Mixed) (G1 Evacuation Pause) 423M->163M(512M) 14,628ms
[2020-11-04T20:36:09.101+0300][17,511s][info][gc] GC(177) Pause Young (Mixed) (G1 Evacuation Pause) 166M->137M(512M) 14,130ms
[2020-11-04T20:36:09.227+0300][17,637s][info][gc] GC(178) Pause Young (Normal) (G1 Evacuation Pause) 442M->149M(512M) 6,903ms
[2020-11-04T20:36:09.336+0300][17,746s][info][gc] GC(179) Pause Young (Normal) (G1 Evacuation Pause) 438M->158M(512M) 9,661ms
[2020-11-04T20:36:09.445+0300][17,855s][info][gc] GC(180) Pause Young (Concurrent Start) (G1 Evacuation Pause) 438M->167M(512M) 12,498ms
[2020-11-04T20:36:09.445+0300][17,855s][info][gc] GC(181) Concurrent Cycle
[2020-11-04T20:36:09.462+0300][17,872s][info][gc] GC(181) Pause Remark 208M->132M(512M) 0,550ms
[2020-11-04T20:36:09.471+0300][17,881s][info][gc] GC(181) Pause Cleanup 157M->157M(512M) 0,151ms
[2020-11-04T20:36:09.472+0300][17,881s][info][gc] GC(181) Concurrent Cycle 26,404ms
[2020-11-04T20:36:09.555+0300][17,965s][info][gc] GC(182) Pause Young (Prepare Mixed) (G1 Evacuation Pause) 354M->96M(512M) 14,209ms
[2020-11-04T20:36:09.569+0300][17,979s][info][gc] GC(183) Pause Young (Mixed) (G1 Evacuation Pause) 99M->69M(512M) 12,998ms
[2020-11-04T20:36:09.683+0300][18,093s][info][gc] GC(184) Pause Young (Normal) (G1 Evacuation Pause) 374M->77M(512M) 6,927ms
[2020-11-04T20:36:09.796+0300][18,206s][info][gc] GC(185) Pause Young (Normal) (G1 Evacuation Pause) 374M->86M(512M) 9,919ms
[2020-11-04T20:36:09.909+0300][18,319s][info][gc] GC(186) Pause Young (Normal) (G1 Evacuation Pause) 374M->94M(512M) 13,777ms
[2020-11-04T20:36:10.021+0300][18,431s][info][gc] GC(187) Pause Young (Normal) (G1 Evacuation Pause) 374M->104M(512M) 15,531ms
[2020-11-04T20:36:10.133+0300][18,543s][info][gc] GC(188) Pause Young (Normal) (G1 Evacuation Pause) 383M->112M(512M) 15,284ms
[2020-11-04T20:36:10.246+0300][18,656s][info][gc] GC(189) Pause Young (Normal) (G1 Evacuation Pause) 392M->122M(512M) 16,345ms
[2020-11-04T20:36:10.360+0300][18,770s][info][gc] GC(190) Pause Young (Normal) (G1 Evacuation Pause) 402M->130M(512M) 14,938ms
[2020-11-04T20:36:10.472+0300][18,882s][info][gc] GC(191) Pause Young (Normal) (G1 Evacuation Pause) 411M->140M(512M) 14,982ms
[2020-11-04T20:36:10.598+0300][19,008s][info][gc] GC(192) Pause Young (Normal) (G1 Evacuation Pause) 423M->151M(512M) 15,237ms
[2020-11-04T20:36:10.712+0300][19,122s][info][gc] GC(193) Pause Young (Concurrent Start) (G1 Evacuation Pause) 432M->162M(512M) 16,658ms
[2020-11-04T20:36:10.712+0300][19,122s][info][gc] GC(194) Concurrent Cycle
[2020-11-04T20:36:10.730+0300][19,140s][info][gc] GC(194) Pause Remark 207M->148M(512M) 0,541ms
[2020-11-04T20:36:10.741+0300][19,151s][info][gc] GC(194) Pause Cleanup 178M->178M(512M) 0,115ms
[2020-11-04T20:36:10.742+0300][19,151s][info][gc] GC(194) Concurrent Cycle 29,672ms
[2020-11-04T20:36:10.820+0300][19,230s][info][gc] GC(195) Pause Young (Prepare Mixed) (G1 Evacuation Pause) 372M->98M(512M) 11,044ms
[2020-11-04T20:36:10.838+0300][19,248s][info][gc] GC(196) Pause Young (Mixed) (G1 Evacuation Pause) 101M->70M(512M) 15,731ms
[2020-11-04T20:36:10.951+0300][19,361s][info][gc] GC(197) Pause Young (Normal) (G1 Evacuation Pause) 375M->78M(512M) 7,962ms
[2020-11-04T20:36:11.065+0300][19,475s][info][gc] GC(198) Pause Young (Normal) (G1 Evacuation Pause) 375M->87M(512M) 9,944ms
[2020-11-04T20:36:11.178+0300][19,588s][info][gc] GC(199) Pause Young (Normal) (G1 Evacuation Pause) 375M->97M(512M) 12,586ms
[2020-11-04T20:36:11.290+0300][19,700s][info][gc] GC(200) Pause Young (Normal) (G1 Evacuation Pause) 376M->105M(512M) 15,508ms
[2020-11-04T20:36:11.402+0300][19,812s][info][gc] GC(201) Pause Young (Normal) (G1 Evacuation Pause) 384M->114M(512M) 15,298ms
[2020-11-04T20:36:11.515+0300][19,925s][info][gc] GC(202) Pause Young (Normal) (G1 Evacuation Pause) 394M->122M(512M) 15,836ms
[2020-11-04T20:36:11.627+0300][20,037s][info][gc] GC(203) Pause Young (Normal) (G1 Evacuation Pause) 403M->132M(512M) 14,894ms
[2020-11-04T20:36:11.739+0300][20,149s][info][gc] GC(204) Pause Young (Normal) (G1 Evacuation Pause) 412M->140M(512M) 15,114ms
[2020-11-04T20:36:11.851+0300][20,261s][info][gc] GC(205) Pause Young (Normal) (G1 Evacuation Pause) 420M->150M(512M) 14,885ms
[2020-11-04T20:36:11.949+0300][20,359s][info][gc] GC(206) Pause Young (Concurrent Start) (G1 Humongous Allocation) 357M->156M(512M) 14,810ms
[2020-11-04T20:36:11.949+0300][20,359s][info][gc] GC(207) Concurrent Cycle
[2020-11-04T20:36:11.967+0300][20,377s][info][gc] GC(207) Pause Remark 202M->144M(512M) 0,649ms
[2020-11-04T20:36:11.978+0300][20,388s][info][gc] GC(207) Pause Cleanup 175M->175M(512M) 0,115ms
[2020-11-04T20:36:11.979+0300][20,389s][info][gc] GC(207) Concurrent Cycle 29,789ms
[2020-11-04T20:36:12.056+0300][20,466s][info][gc] GC(208) Pause Young (Prepare Mixed) (G1 Evacuation Pause) 380M->89M(512M) 6,696ms
[2020-11-04T20:36:12.070+0300][20,480s][info][gc] GC(209) Pause Young (Mixed) (G1 Evacuation Pause) 103M->60M(512M) 6,530ms
[2020-11-04T20:36:12.183+0300][20,593s][info][gc] GC(210) Pause Young (Normal) (G1 Evacuation Pause) 365M->68M(512M) 6,858ms
[2020-11-04T20:36:12.298+0300][20,708s][info][gc] GC(211) Pause Young (Normal) (G1 Evacuation Pause) 365M->77M(512M) 11,849ms
[2020-11-04T20:36:12.417+0300][20,827s][info][gc] GC(212) Pause Young (Normal) (G1 Evacuation Pause) 365M->86M(512M) 13,054ms
[2020-11-04T20:36:12.529+0300][20,939s][info][gc] GC(213) Pause Young (Normal) (G1 Evacuation Pause) 365M->95M(512M) 15,441ms
[2020-11-04T20:36:12.641+0300][21,051s][info][gc] GC(214) Pause Young (Normal) (G1 Evacuation Pause) 375M->104M(512M) 15,344ms
[2020-11-04T20:36:12.753+0300][21,163s][info][gc] GC(215) Pause Young (Normal) (G1 Evacuation Pause) 384M->113M(512M) 15,071ms
[2020-11-04T20:36:12.865+0300][21,275s][info][gc] GC(216) Pause Young (Normal) (G1 Evacuation Pause) 393M->122M(512M) 15,062ms
[2020-11-04T20:36:12.977+0300][21,387s][info][gc] GC(217) Pause Young (Normal) (G1 Evacuation Pause) 402M->131M(512M) 14,815ms
[2020-11-04T20:36:13.089+0300][21,498s][info][gc] GC(218) Pause Young (Normal) (G1 Evacuation Pause) 411M->140M(512M) 14,964ms
[2020-11-04T20:36:13.201+0300][21,611s][info][gc] GC(219) Pause Young (Normal) (G1 Evacuation Pause) 420M->149M(512M) 15,445ms
[2020-11-04T20:36:13.313+0300][21,723s][info][gc] GC(220) Pause Young (Concurrent Start) (G1 Evacuation Pause) 429M->157M(512M) 14,881ms
[2020-11-04T20:36:13.313+0300][21,723s][info][gc] GC(221) Concurrent Cycle
[2020-11-04T20:36:13.361+0300][21,771s][info][gc] GC(221) Pause Remark 259M->253M(512M) 0,739ms
[2020-11-04T20:36:13.394+0300][21,804s][info][gc] GC(221) Pause Cleanup 343M->343M(512M) 0,164ms
[2020-11-04T20:36:13.394+0300][21,804s][info][gc] GC(221) Concurrent Cycle 81,541ms
[2020-11-04T20:36:13.443+0300][21,853s][info][gc] GC(222) Pause Young (Normal) (G1 Evacuation Pause) 428M->165M(512M) 14,943ms
[2020-11-04T20:36:13.549+0300][21,959s][info][gc] GC(223) Pause Young (Concurrent Start) (G1 Evacuation Pause) 431M->173M(512M) 14,398ms
[2020-11-04T20:36:13.550+0300][21,960s][info][gc] GC(224) Concurrent Cycle
[2020-11-04T20:36:13.569+0300][21,979s][info][gc] GC(224) Pause Remark 222M->145M(512M) 0,689ms
[2020-11-04T20:36:13.581+0300][21,991s][info][gc] GC(224) Pause Cleanup 178M->178M(512M) 0,151ms
[2020-11-04T20:36:13.582+0300][21,992s][info][gc] GC(224) Concurrent Cycle 32,322ms
[2020-11-04T20:36:13.655+0300][22,065s][info][gc] GC(225) Pause Young (Normal) (G1 Evacuation Pause) 355M->94M(512M) 11,821ms
[2020-11-04T20:36:13.768+0300][22,178s][info][gc] GC(226) Pause Young (Normal) (G1 Evacuation Pause) 377M->104M(512M) 13,895ms
[2020-11-04T20:36:13.881+0300][22,290s][info][gc] GC(227) Pause Young (Normal) (G1 Evacuation Pause) 384M->111M(512M) 15,513ms
[2020-11-04T20:36:13.992+0300][22,402s][info][gc] GC(228) Pause Young (Normal) (G1 Evacuation Pause) 392M->120M(512M) 14,531ms
[2020-11-04T20:36:14.104+0300][22,514s][info][gc] GC(229) Pause Young (Normal) (G1 Evacuation Pause) 400M->129M(512M) 15,203ms
[2020-11-04T20:36:14.216+0300][22,626s][info][gc] GC(230) Pause Young (Normal) (G1 Evacuation Pause) 409M->137M(512M) 15,103ms
[2020-11-04T20:36:14.330+0300][22,740s][info][gc] GC(231) Pause Young (Normal) (G1 Evacuation Pause) 418M->146M(512M) 16,654ms
[2020-11-04T20:36:14.442+0300][22,852s][info][gc] GC(232) Pause Young (Concurrent Start) (G1 Evacuation Pause) 427M->155M(512M) 15,222ms
[2020-11-04T20:36:14.442+0300][22,852s][info][gc] GC(233) Concurrent Cycle
[2020-11-04T20:36:14.483+0300][22,893s][info][gc] GC(233) Pause Remark 256M->249M(512M) 0,634ms
[2020-11-04T20:36:14.509+0300][22,919s][info][gc] GC(233) Pause Cleanup 321M->321M(512M) 0,154ms
[2020-11-04T20:36:14.509+0300][22,919s][info][gc] GC(233) Concurrent Cycle 66,864ms
[2020-11-04T20:36:14.564+0300][22,974s][info][gc] GC(234) Pause Young (Normal) (G1 Evacuation Pause) 425M->157M(512M) 15,007ms
[2020-11-04T20:36:14.673+0300][23,083s][info][gc] GC(235) Pause Young (Concurrent Start) (G1 Evacuation Pause) 430M->167M(512M) 14,942ms
[2020-11-04T20:36:14.674+0300][23,084s][info][gc] GC(236) Concurrent Cycle
[2020-11-04T20:36:14.721+0300][23,131s][info][gc] GC(236) Pause Remark 289M->289M(512M) 0,787ms
[2020-11-04T20:36:14.751+0300][23,161s][info][gc] GC(236) Pause Cleanup 373M->373M(512M) 0,199ms
[2020-11-04T20:36:14.752+0300][23,161s][info][gc] GC(236) Concurrent Cycle 77,970ms
[2020-11-04T20:36:14.778+0300][23,188s][info][gc] GC(237) Pause Young (Concurrent Start) (G1 Humongous Allocation) 377M->173M(512M) 14,795ms
[2020-11-04T20:36:14.778+0300][23,188s][info][gc] GC(238) Concurrent Cycle
[2020-11-04T20:36:14.797+0300][23,207s][info][gc] GC(238) Pause Remark 224M->156M(512M) 0,665ms
[2020-11-04T20:36:14.816+0300][23,226s][info][gc] GC(238) Pause Cleanup 207M->207M(512M) 0,119ms
[2020-11-04T20:36:14.817+0300][23,226s][info][gc] GC(238) Concurrent Cycle 38,268ms
[2020-11-04T20:36:14.879+0300][23,289s][info][gc] GC(239) Pause Young (Prepare Mixed) (G1 Evacuation Pause) 370M->96M(512M) 6,314ms
[2020-11-04T20:36:14.892+0300][23,302s][info][gc] GC(240) Pause Young (Mixed) (G1 Evacuation Pause) 110M->65M(512M) 7,618ms
[2020-11-04T20:36:15.007+0300][23,417s][info][gc] GC(241) Pause Young (Normal) (G1 Evacuation Pause) 371M->73M(512M) 8,417ms
[2020-11-04T20:36:15.121+0300][23,531s][info][gc] GC(242) Pause Young (Normal) (G1 Evacuation Pause) 370M->83M(512M) 10,031ms
[2020-11-04T20:36:15.233+0300][23,643s][info][gc] GC(243) Pause Young (Normal) (G1 Evacuation Pause) 371M->92M(512M) 12,653ms
[2020-11-04T20:36:15.345+0300][23,755s][info][gc] GC(244) Pause Young (Normal) (G1 Evacuation Pause) 371M->101M(512M) 15,474ms
[2020-11-04T20:36:15.456+0300][23,866s][info][gc] GC(245) Pause Young (Normal) (G1 Evacuation Pause) 380M->109M(512M) 15,002ms
[2020-11-04T20:36:15.568+0300][23,978s][info][gc] GC(246) Pause Young (Normal) (G1 Evacuation Pause) 389M->118M(512M) 15,540ms
[2020-11-04T20:36:15.682+0300][24,092s][info][gc] GC(247) Pause Young (Normal) (G1 Evacuation Pause) 399M->127M(512M) 16,277ms
[2020-11-04T20:36:15.794+0300][24,204s][info][gc] GC(248) Pause Young (Normal) (G1 Evacuation Pause) 407M->135M(512M) 15,116ms
[2020-11-04T20:36:15.907+0300][24,317s][info][gc] GC(249) Pause Young (Normal) (G1 Evacuation Pause) 415M->145M(512M) 15,834ms
[2020-11-04T20:36:16.019+0300][24,429s][info][gc] GC(250) Pause Young (Concurrent Start) (G1 Evacuation Pause) 425M->154M(512M) 15,199ms
[2020-11-04T20:36:16.019+0300][24,429s][info][gc] GC(251) Concurrent Cycle
[2020-11-04T20:36:16.066+0300][24,476s][info][gc] GC(251) Pause Remark 273M->267M(512M) 0,829ms
[2020-11-04T20:36:16.096+0300][24,506s][info][gc] GC(251) Pause Cleanup 349M->349M(512M) 0,166ms
[2020-11-04T20:36:16.096+0300][24,506s][info][gc] GC(251) Concurrent Cycle 77,358ms
[2020-11-04T20:36:16.138+0300][24,548s][info][gc] GC(252) Pause Young (Normal) (G1 Evacuation Pause) 425M->157M(512M) 15,058ms
[2020-11-04T20:36:16.186+0300][24,596s][info][gc] GC(253) Pause Young (Concurrent Start) (G1 Humongous Allocation) 228M->159M(512M) 12,620ms
[2020-11-04T20:36:16.186+0300][24,596s][info][gc] GC(254) Concurrent Cycle
[2020-11-04T20:36:16.205+0300][24,615s][info][gc] GC(254) Pause Remark 210M->141M(512M) 0,616ms
[2020-11-04T20:36:16.218+0300][24,628s][info][gc] GC(254) Pause Cleanup 175M->175M(512M) 0,153ms
[2020-11-04T20:36:16.219+0300][24,629s][info][gc] GC(254) Concurrent Cycle 32,814ms
[2020-11-04T20:36:16.294+0300][24,704s][info][gc] GC(255) Pause Young (Normal) (G1 Evacuation Pause) 371M->85M(512M) 7,718ms
[2020-11-04T20:36:16.408+0300][24,818s][info][gc] GC(256) Pause Young (Normal) (G1 Evacuation Pause) 380M->92M(512M) 9,965ms
[2020-11-04T20:36:16.522+0300][24,932s][info][gc] GC(257) Pause Young (Normal) (G1 Evacuation Pause) 380M->100M(512M) 13,974ms
[2020-11-04T20:36:16.634+0300][25,044s][info][gc] GC(258) Pause Young (Normal) (G1 Evacuation Pause) 380M->110M(512M) 15,244ms
[2020-11-04T20:36:16.745+0300][25,155s][info][gc] GC(259) Pause Young (Normal) (G1 Evacuation Pause) 389M->118M(512M) 15,289ms
[2020-11-04T20:36:16.857+0300][25,267s][info][gc] GC(260) Pause Young (Normal) (G1 Evacuation Pause) 398M->127M(512M) 14,943ms
[2020-11-04T20:36:16.970+0300][25,380s][info][gc] GC(261) Pause Young (Normal) (G1 Evacuation Pause) 407M->135M(512M) 15,064ms
[2020-11-04T20:36:17.082+0300][25,492s][info][gc] GC(262) Pause Young (Normal) (G1 Evacuation Pause) 416M->145M(512M) 15,076ms
[2020-11-04T20:36:17.193+0300][25,603s][info][gc] GC(263) Pause Young (Concurrent Start) (G1 Evacuation Pause) 425M->152M(512M) 15,020ms
[2020-11-04T20:36:17.193+0300][25,603s][info][gc] GC(264) Concurrent Cycle
[2020-11-04T20:36:17.252+0300][25,662s][info][gc] GC(264) Pause Remark 304M->296M(512M) 0,924ms
[2020-11-04T20:36:17.277+0300][25,687s][info][gc] GC(264) Pause Cleanup 366M->366M(512M) 0,182ms
[2020-11-04T20:36:17.278+0300][25,688s][info][gc] GC(264) Concurrent Cycle 84,420ms
[2020-11-04T20:36:17.313+0300][25,723s][info][gc] GC(265) Pause Young (Normal) (G1 Evacuation Pause) 424M->155M(512M) 15,117ms
[2020-11-04T20:36:17.424+0300][25,834s][info][gc] GC(266) Pause Young (Concurrent Start) (G1 Evacuation Pause) 431M->164M(512M) 15,034ms
[2020-11-04T20:36:17.424+0300][25,834s][info][gc] GC(267) Concurrent Cycle
[2020-11-04T20:36:17.470+0300][25,880s][info][gc] GC(267) Pause Remark 284M->284M(512M) 0,839ms
[2020-11-04T20:36:17.500+0300][25,910s][info][gc] GC(267) Pause Cleanup 364M->364M(512M) 0,155ms
[2020-11-04T20:36:17.501+0300][25,911s][info][gc] GC(267) Concurrent Cycle 76,993ms
[2020-11-04T20:36:17.539+0300][25,949s][info][gc] GC(268) Pause Young (Normal) (G1 Evacuation Pause) 431M->172M(512M) 15,215ms
[2020-11-04T20:36:17.601+0300][26,011s][info][gc] GC(269) Pause Young (Concurrent Start) (G1 Humongous Allocation) 282M->176M(512M) 12,672ms
[2020-11-04T20:36:17.601+0300][26,011s][info][gc] GC(270) Concurrent Cycle
[2020-11-04T20:36:17.621+0300][26,031s][info][gc] GC(270) Pause Remark 229M->157M(512M) 0,564ms
[2020-11-04T20:36:17.634+0300][26,044s][info][gc] GC(270) Pause Cleanup 192M->192M(512M) 0,137ms
[2020-11-04T20:36:17.635+0300][26,044s][info][gc] GC(270) Concurrent Cycle 33,879ms
[2020-11-04T20:36:17.702+0300][26,112s][info][gc] GC(271) Pause Young (Prepare Mixed) (G1 Evacuation Pause) 368M->96M(512M) 6,247ms
[2020-11-04T20:36:17.716+0300][26,126s][info][gc] GC(272) Pause Young (Mixed) (G1 Evacuation Pause) 111M->68M(512M) 8,689ms
[2020-11-04T20:36:17.832+0300][26,242s][info][gc] GC(273) Pause Young (Normal) (G1 Evacuation Pause) 374M->77M(512M) 7,296ms
[2020-11-04T20:36:17.944+0300][26,354s][info][gc] GC(274) Pause Young (Normal) (G1 Evacuation Pause) 374M->86M(512M) 9,879ms
[2020-11-04T20:36:18.056+0300][26,466s][info][gc] GC(275) Pause Young (Normal) (G1 Evacuation Pause) 374M->95M(512M) 12,732ms
[2020-11-04T20:36:18.169+0300][26,579s][info][gc] GC(276) Pause Young (Normal) (G1 Evacuation Pause) 374M->105M(512M) 16,087ms
[2020-11-04T20:36:18.281+0300][26,691s][info][gc] GC(277) Pause Young (Normal) (G1 Evacuation Pause) 384M->113M(512M) 15,468ms
[2020-11-04T20:36:18.393+0300][26,803s][info][gc] GC(278) Pause Young (Normal) (G1 Evacuation Pause) 393M->122M(512M) 15,123ms
[2020-11-04T20:36:18.505+0300][26,915s][info][gc] GC(279) Pause Young (Normal) (G1 Evacuation Pause) 402M->130M(512M) 14,748ms
[2020-11-04T20:36:18.617+0300][27,027s][info][gc] GC(280) Pause Young (Normal) (G1 Evacuation Pause) 411M->140M(512M) 15,117ms
[2020-11-04T20:36:18.729+0300][27,139s][info][gc] GC(281) Pause Young (Normal) (G1 Evacuation Pause) 419M->148M(512M) 15,165ms
[2020-11-04T20:36:18.841+0300][27,251s][info][gc] GC(282) Pause Young (Concurrent Start) (G1 Evacuation Pause) 428M->157M(512M) 15,166ms
[2020-11-04T20:36:18.841+0300][27,251s][info][gc] GC(283) Concurrent Cycle
[2020-11-04T20:36:18.889+0300][27,299s][info][gc] GC(283) Pause Remark 279M->272M(512M) 1,765ms
[2020-11-04T20:36:18.920+0300][27,330s][info][gc] GC(283) Pause Cleanup 356M->356M(512M) 0,155ms
[2020-11-04T20:36:18.920+0300][27,330s][info][gc] GC(283) Concurrent Cycle 79,461ms
[2020-11-04T20:36:18.961+0300][27,371s][info][gc] GC(284) Pause Young (Normal) (G1 Evacuation Pause) 425M->159M(512M) 16,455ms
[2020-11-04T20:36:19.009+0300][27,419s][info][gc] GC(285) Pause Young (Concurrent Start) (G1 Humongous Allocation) 233M->161M(512M) 12,265ms
[2020-11-04T20:36:19.009+0300][27,419s][info][gc] GC(286) Concurrent Cycle
[2020-11-04T20:36:19.045+0300][27,455s][info][gc] GC(286) Pause Remark 256M->193M(512M) 0,710ms
[2020-11-04T20:36:19.061+0300][27,471s][info][gc] GC(286) Pause Cleanup 218M->218M(512M) 0,217ms
[2020-11-04T20:36:19.062+0300][27,472s][info][gc] GC(286) Concurrent Cycle 52,929ms
[2020-11-04T20:36:19.124+0300][27,534s][info][gc] GC(287) Pause Young (Normal) (G1 Evacuation Pause) 379M->93M(512M) 6,831ms
[2020-11-04T20:36:19.237+0300][27,647s][info][gc] GC(288) Pause Young (Normal) (G1 Evacuation Pause) 389M->100M(512M) 9,955ms
[2020-11-04T20:36:19.348+0300][27,758s][info][gc] GC(289) Pause Young (Normal) (G1 Evacuation Pause) 388M->110M(512M) 12,254ms
[2020-11-04T20:36:19.460+0300][27,870s][info][gc] GC(290) Pause Young (Normal) (G1 Evacuation Pause) 389M->118M(512M) 15,249ms
[2020-11-04T20:36:19.572+0300][27,982s][info][gc] GC(291) Pause Young (Normal) (G1 Evacuation Pause) 398M->127M(512M) 15,526ms
[2020-11-04T20:36:19.684+0300][28,094s][info][gc] GC(292) Pause Young (Normal) (G1 Evacuation Pause) 407M->136M(512M) 15,005ms
[2020-11-04T20:36:19.797+0300][28,207s][info][gc] GC(293) Pause Young (Normal) (G1 Evacuation Pause) 416M->145M(512M) 16,054ms
[2020-11-04T20:36:19.910+0300][28,320s][info][gc] GC(294) Pause Young (Concurrent Start) (G1 Evacuation Pause) 425M->154M(512M) 16,259ms
[2020-11-04T20:36:19.910+0300][28,320s][info][gc] GC(295) Concurrent Cycle
[2020-11-04T20:36:19.965+0300][28,375s][info][gc] GC(295) Pause Remark 291M->284M(512M) 0,689ms
[2020-11-04T20:36:19.988+0300][28,398s][info][gc] GC(295) Pause Cleanup 348M->348M(512M) 0,180ms
[2020-11-04T20:36:19.989+0300][28,399s][info][gc] GC(295) Concurrent Cycle 79,233ms
[2020-11-04T20:36:20.031+0300][28,441s][info][gc] GC(296) Pause Young (Normal) (G1 Evacuation Pause) 423M->157M(512M) 16,013ms
[2020-11-04T20:36:20.143+0300][28,553s][info][gc] GC(297) Pause Young (Concurrent Start) (G1 Evacuation Pause) 431M->164M(512M) 16,236ms
[2020-11-04T20:36:20.143+0300][28,553s][info][gc] GC(298) Concurrent Cycle
[2020-11-04T20:36:20.204+0300][28,614s][info][gc] GC(298) Pause Remark 322M->322M(512M) 0,828ms
[2020-11-04T20:36:20.232+0300][28,642s][info][gc] GC(298) Pause Cleanup 398M->398M(512M) 0,149ms
[2020-11-04T20:36:20.233+0300][28,643s][info][gc] GC(298) Concurrent Cycle 89,067ms
[2020-11-04T20:36:20.263+0300][28,673s][info][gc] GC(299) Pause Young (Normal) (G1 Evacuation Pause) 432M->173M(512M) 14,832ms
[2020-11-04T20:36:20.367+0300][28,777s][info][gc] GC(300) Pause Young (Concurrent Start) (G1 Evacuation Pause) 432M->180M(512M) 14,720ms
[2020-11-04T20:36:20.367+0300][28,777s][info][gc] GC(301) Concurrent Cycle
[2020-11-04T20:36:20.425+0300][28,834s][info][gc] GC(301) Pause Remark 297M->297M(512M) 1,068ms
[2020-11-04T20:36:20.457+0300][28,867s][info][gc] GC(301) Pause Cleanup 360M->360M(512M) 0,186ms
[2020-11-04T20:36:20.457+0300][28,867s][info][gc] GC(301) Concurrent Cycle 89,913ms
[2020-11-04T20:36:20.501+0300][28,911s][info][gc] GC(302) Pause Young (Prepare Mixed) (G1 Evacuation Pause) 437M->192M(512M) 14,246ms
[2020-11-04T20:36:20.522+0300][28,932s][info][gc] GC(303) Pause Young (Mixed) (G1 Evacuation Pause) 195M->167M(512M) 19,298ms
[2020-11-04T20:36:20.624+0300][29,034s][info][gc] GC(304) Pause Young (Normal) (G1 Evacuation Pause) 440M->175M(512M) 6,203ms
[2020-11-04T20:36:20.725+0300][29,135s][info][gc] GC(305) Pause Young (Normal) (G1 Evacuation Pause) 440M->183M(512M) 9,181ms
[2020-11-04T20:36:20.825+0300][29,235s][info][gc] GC(306) Pause Young (Concurrent Start) (G1 Evacuation Pause) 441M->191M(512M) 11,631ms
[2020-11-04T20:36:20.825+0300][29,235s][info][gc] GC(307) Concurrent Cycle
[2020-11-04T20:36:20.850+0300][29,260s][info][gc] GC(307) Pause Remark 252M->168M(512M) 0,835ms
[2020-11-04T20:36:20.864+0300][29,274s][info][gc] GC(307) Pause Cleanup 207M->207M(512M) 0,163ms
[2020-11-04T20:36:20.865+0300][29,275s][info][gc] GC(307) Concurrent Cycle 39,290ms
[2020-11-04T20:36:20.928+0300][29,337s][info][gc] GC(308) Pause Young (Normal) (G1 Evacuation Pause) 349M->115M(512M) 13,877ms
[2020-11-04T20:36:21.040+0300][29,450s][info][gc] GC(309) Pause Young (Normal) (G1 Evacuation Pause) 397M->123M(512M) 15,475ms
[2020-11-04T20:36:21.152+0300][29,562s][info][gc] GC(310) Pause Young (Normal) (G1 Evacuation Pause) 405M->133M(512M) 14,283ms
[2020-11-04T20:36:21.263+0300][29,673s][info][gc] GC(311) Pause Young (Normal) (G1 Evacuation Pause) 413M->140M(512M) 14,741ms
[2020-11-04T20:36:21.375+0300][29,785s][info][gc] GC(312) Pause Young (Normal) (G1 Evacuation Pause) 420M->150M(512M) 15,373ms
[2020-11-04T20:36:21.494+0300][29,904s][info][gc] GC(313) Pause Young (Concurrent Start) (G1 Evacuation Pause) 430M->158M(512M) 19,352ms
[2020-11-04T20:36:21.494+0300][29,904s][info][gc] GC(314) Concurrent Cycle
[2020-11-04T20:36:21.554+0300][29,964s][info][gc] GC(314) Pause Remark 282M->282M(512M) 1,361ms
[2020-11-04T20:36:21.600+0300][30,010s][info][gc] GC(314) Pause Cleanup 397M->397M(512M) 0,160ms
[2020-11-04T20:36:21.601+0300][30,011s][info][gc] GC(314) Concurrent Cycle 106,216ms
[2020-11-04T20:36:21.634+0300][30,044s][info][gc] GC(315) Pause Young (Normal) (G1 Evacuation Pause) 431M->168M(512M) 20,006ms
[2020-11-04T20:36:21.759+0300][30,169s][info][gc] GC(316) Pause Young (Concurrent Start) (G1 Evacuation Pause) 431M->176M(512M) 20,563ms
[2020-11-04T20:36:21.759+0300][30,169s][info][gc] GC(317) Concurrent Cycle
[2020-11-04T20:36:21.853+0300][30,263s][info][gc] GC(317) Pause Remark 379M->379M(512M) 1,358ms
[2020-11-04T20:36:21.892+0300][30,302s][info][gc] GC(318) Pause Young (Normal) (G1 Evacuation Pause) 430M->183M(512M) 16,939ms
[2020-11-04T20:36:21.918+0300][30,328s][info][gc] GC(317) Pause Cleanup 239M->239M(512M) 0,135ms
[2020-11-04T20:36:21.919+0300][30,329s][info][gc] GC(317) Concurrent Cycle 159,294ms
[2020-11-04T20:36:21.971+0300][30,381s][info][gc] GC(319) Pause Young (Concurrent Start) (G1 Humongous Allocation) 304M->187M(512M) 16,279ms
[2020-11-04T20:36:21.971+0300][30,381s][info][gc] GC(320) Concurrent Cycle
[2020-11-04T20:36:22.008+0300][30,418s][info][gc] GC(320) Pause Remark 240M->167M(512M) 0,586ms
[2020-11-04T20:36:22.026+0300][30,436s][info][gc] GC(320) Pause Cleanup 194M->194M(512M) 0,101ms
[2020-11-04T20:36:22.027+0300][30,437s][info][gc] GC(320) Concurrent Cycle 55,576ms
[2020-11-04T20:36:22.095+0300][30,505s][info][gc] GC(321) Pause Young (Prepare Mixed) (G1 Evacuation Pause) 367M->107M(512M) 7,779ms
[2020-11-04T20:36:22.112+0300][30,522s][info][gc] GC(322) Pause Young (Mixed) (G1 Evacuation Pause) 123M->76M(512M) 10,032ms
[2020-11-04T20:36:22.225+0300][30,635s][info][gc] GC(323) Pause Young (Normal) (G1 Evacuation Pause) 382M->85M(512M) 6,907ms
[2020-11-04T20:36:22.337+0300][30,747s][info][gc] GC(324) Pause Young (Normal) (G1 Evacuation Pause) 382M->94M(512M) 10,160ms
[2020-11-04T20:36:22.450+0300][30,860s][info][gc] GC(325) Pause Young (Normal) (G1 Evacuation Pause) 382M->104M(512M) 12,845ms
[2020-11-04T20:36:22.561+0300][30,971s][info][gc] GC(326) Pause Young (Normal) (G1 Evacuation Pause) 382M->112M(512M) 15,986ms
[2020-11-04T20:36:22.674+0300][31,084s][info][gc] GC(327) Pause Young (Normal) (G1 Evacuation Pause) 392M->121M(512M) 15,410ms
[2020-11-04T20:36:22.785+0300][31,195s][info][gc] GC(328) Pause Young (Normal) (G1 Evacuation Pause) 401M->131M(512M) 15,145ms
[2020-11-04T20:36:22.897+0300][31,307s][info][gc] GC(329) Pause Young (Normal) (G1 Evacuation Pause) 410M->139M(512M) 14,995ms
[2020-11-04T20:36:23.008+0300][31,418s][info][gc] GC(330) Pause Young (Normal) (G1 Evacuation Pause) 419M->148M(512M) 15,026ms
[2020-11-04T20:36:23.120+0300][31,530s][info][gc] GC(331) Pause Young (Concurrent Start) (G1 Evacuation Pause) 428M->156M(512M) 15,100ms
[2020-11-04T20:36:23.120+0300][31,530s][info][gc] GC(332) Concurrent Cycle
[2020-11-04T20:36:23.177+0300][31,587s][info][gc] GC(332) Pause Remark 244M->237M(512M) 0,676ms
[2020-11-04T20:36:23.207+0300][31,617s][info][gc] GC(332) Pause Cleanup 318M->318M(512M) 0,128ms
[2020-11-04T20:36:23.207+0300][31,617s][info][gc] GC(332) Concurrent Cycle 87,511ms
[2020-11-04T20:36:23.259+0300][31,669s][info][gc] GC(333) Pause Young (Normal) (G1 Evacuation Pause) 423M->158M(512M) 15,014ms
[2020-11-04T20:36:23.369+0300][31,779s][info][gc] GC(334) Pause Young (Concurrent Start) (G1 Evacuation Pause) 430M->166M(512M) 15,906ms
[2020-11-04T20:36:23.369+0300][31,779s][info][gc] GC(335) Concurrent Cycle
[2020-11-04T20:36:23.422+0300][31,832s][info][gc] GC(335) Pause Remark 278M->278M(512M) 0,834ms
[2020-11-04T20:36:23.457+0300][31,867s][info][gc] GC(335) Pause Cleanup 374M->374M(512M) 0,180ms
[2020-11-04T20:36:23.458+0300][31,867s][info][gc] GC(335) Concurrent Cycle 88,831ms
[2020-11-04T20:36:23.494+0300][31,904s][info][gc] GC(336) Pause Young (Normal) (G1 Evacuation Pause) 436M->179M(512M) 14,730ms
[2020-11-04T20:36:23.596+0300][32,006s][info][gc] GC(337) Pause Young (Concurrent Start) (G1 Evacuation Pause) 432M->188M(512M) 14,618ms
[2020-11-04T20:36:23.596+0300][32,006s][info][gc] GC(338) Concurrent Cycle
[2020-11-04T20:36:23.620+0300][32,030s][info][gc] GC(338) Pause Remark 249M->174M(512M) 0,861ms
[2020-11-04T20:36:23.636+0300][32,046s][info][gc] GC(338) Pause Cleanup 215M->215M(512M) 0,145ms
[2020-11-04T20:36:23.636+0300][32,046s][info][gc] GC(338) Concurrent Cycle 40,769ms
[2020-11-04T20:36:23.695+0300][32,105s][info][gc] GC(339) Pause Young (Normal) (G1 Evacuation Pause) 357M->110M(512M) 10,190ms
[2020-11-04T20:36:23.809+0300][32,219s][info][gc] GC(340) Pause Young (Normal) (G1 Evacuation Pause) 395M->117M(512M) 14,543ms
[2020-11-04T20:36:23.921+0300][32,331s][info][gc] GC(341) Pause Young (Normal) (G1 Evacuation Pause) 399M->125M(512M) 14,466ms
[2020-11-04T20:36:24.033+0300][32,443s][info][gc] GC(342) Pause Young (Normal) (G1 Evacuation Pause) 407M->135M(512M) 14,471ms
[2020-11-04T20:36:24.145+0300][32,555s][info][gc] GC(343) Pause Young (Normal) (G1 Evacuation Pause) 415M->144M(512M) 15,244ms
[2020-11-04T20:36:24.257+0300][32,667s][info][gc] GC(344) Pause Young (Normal) (G1 Evacuation Pause) 424M->152M(512M) 14,842ms
[2020-11-04T20:36:24.369+0300][32,779s][info][gc] GC(345) Pause Young (Concurrent Start) (G1 Evacuation Pause) 432M->162M(512M) 15,155ms
[2020-11-04T20:36:24.369+0300][32,779s][info][gc] GC(346) Concurrent Cycle
[2020-11-04T20:36:24.409+0300][32,819s][info][gc] GC(346) Pause Remark 265M->257M(512M) 0,801ms
[2020-11-04T20:36:24.436+0300][32,846s][info][gc] GC(346) Pause Cleanup 329M->329M(512M) 0,152ms
[2020-11-04T20:36:24.437+0300][32,847s][info][gc] GC(346) Concurrent Cycle 67,665ms
[2020-11-04T20:36:24.487+0300][32,897s][info][gc] GC(347) Pause Young (Normal) (G1 Evacuation Pause) 423M->162M(512M) 17,088ms
[2020-11-04T20:36:24.595+0300][33,005s][info][gc] GC(348) Pause Young (Concurrent Start) (G1 Evacuation Pause) 432M->171M(512M) 14,756ms
[2020-11-04T20:36:24.595+0300][33,005s][info][gc] GC(349) Concurrent Cycle
[2020-11-04T20:36:24.643+0300][33,053s][info][gc] GC(349) Pause Remark 294M->294M(512M) 0,826ms
[2020-11-04T20:36:24.674+0300][33,084s][info][gc] GC(349) Pause Cleanup 377M->377M(512M) 0,190ms
[2020-11-04T20:36:24.674+0300][33,084s][info][gc] GC(349) Concurrent Cycle 78,967ms
[2020-11-04T20:36:24.708+0300][33,118s][info][gc] GC(350) Pause Young (Normal) (G1 Evacuation Pause) 432M->179M(512M) 14,648ms
[2020-11-04T20:36:24.810+0300][33,220s][info][gc] GC(351) Pause Young (Concurrent Start) (G1 Evacuation Pause) 433M->186M(512M) 14,198ms
[2020-11-04T20:36:24.810+0300][33,220s][info][gc] GC(352) Concurrent Cycle
[2020-11-04T20:36:24.865+0300][33,275s][info][gc] GC(352) Pause Remark 303M->303M(512M) 0,903ms
[2020-11-04T20:36:24.901+0300][33,311s][info][gc] GC(352) Pause Cleanup 402M->402M(512M) 0,174ms
[2020-11-04T20:36:24.901+0300][33,311s][info][gc] GC(352) Concurrent Cycle 91,394ms
[2020-11-04T20:36:24.928+0300][33,338s][info][gc] GC(353) Pause Young (Normal) (G1 Evacuation Pause) 438M->200M(512M) 14,075ms
[2020-11-04T20:36:25.022+0300][33,432s][info][gc] GC(354) Pause Young (Concurrent Start) (G1 Evacuation Pause) 433M->206M(512M) 13,395ms
[2020-11-04T20:36:25.022+0300][33,432s][info][gc] GC(355) Concurrent Cycle
[2020-11-04T20:36:25.053+0300][33,462s][info][gc] GC(355) Pause Remark 250M->168M(512M) 0,730ms
[2020-11-04T20:36:25.072+0300][33,482s][info][gc] GC(355) Pause Cleanup 197M->197M(512M) 0,138ms
[2020-11-04T20:36:25.072+0300][33,482s][info][gc] GC(355) Concurrent Cycle 50,586ms
[2020-11-04T20:36:25.135+0300][33,545s][info][gc] GC(356) Pause Young (Prepare Mixed) (G1 Evacuation Pause) 351M->122M(512M) 9,623ms
[2020-11-04T20:36:25.152+0300][33,562s][info][gc] GC(357) Pause Young (Mixed) (G1 Evacuation Pause) 126M->92M(512M) 14,852ms
[2020-11-04T20:36:25.266+0300][33,676s][info][gc] GC(358) Pause Young (Normal) (G1 Evacuation Pause) 398M->100M(512M) 6,758ms
[2020-11-04T20:36:25.379+0300][33,789s][info][gc] GC(359) Pause Young (Normal) (G1 Evacuation Pause) 397M->110M(512M) 10,165ms
[2020-11-04T20:36:25.492+0300][33,902s][info][gc] GC(360) Pause Young (Normal) (G1 Evacuation Pause) 398M->119M(512M) 12,525ms
[2020-11-04T20:36:25.606+0300][34,016s][info][gc] GC(361) Pause Young (Normal) (G1 Evacuation Pause) 398M->127M(512M) 16,949ms
[2020-11-04T20:36:25.719+0300][34,129s][info][gc] GC(362) Pause Young (Normal) (G1 Evacuation Pause) 406M->135M(512M) 16,398ms
[2020-11-04T20:36:25.832+0300][34,242s][info][gc] GC(363) Pause Young (Normal) (G1 Evacuation Pause) 415M->145M(512M) 15,155ms
[2020-11-04T20:36:25.943+0300][34,353s][info][gc] GC(364) Pause Young (Concurrent Start) (G1 Evacuation Pause) 425M->152M(512M) 15,023ms
[2020-11-04T20:36:25.943+0300][34,353s][info][gc] GC(365) Concurrent Cycle
[2020-11-04T20:36:25.997+0300][34,407s][info][gc] GC(365) Pause Remark 242M->236M(512M) 0,617ms
[2020-11-04T20:36:26.026+0300][34,436s][info][gc] GC(365) Pause Cleanup 316M->316M(512M) 0,147ms
[2020-11-04T20:36:26.027+0300][34,437s][info][gc] GC(365) Concurrent Cycle 83,446ms
[2020-11-04T20:36:26.080+0300][34,490s][info][gc] GC(366) Pause Young (Normal) (G1 Evacuation Pause) 426M->156M(512M) 15,055ms
[2020-11-04T20:36:26.190+0300][34,600s][info][gc] GC(367) Pause Young (Concurrent Start) (G1 Evacuation Pause) 431M->165M(512M) 15,231ms
[2020-11-04T20:36:26.191+0300][34,601s][info][gc] GC(368) Concurrent Cycle
[2020-11-04T20:36:26.255+0300][34,665s][info][gc] GC(368) Pause Remark 263M->263M(512M) 0,642ms
[2020-11-04T20:36:26.288+0300][34,698s][info][gc] GC(368) Pause Cleanup 354M->354M(512M) 0,162ms
[2020-11-04T20:36:26.289+0300][34,699s][info][gc] GC(368) Concurrent Cycle 98,209ms
[2020-11-04T20:36:26.339+0300][34,749s][info][gc] GC(369) Pause Young (Concurrent Start) (G1 Humongous Allocation) 422M->173M(512M) 15,736ms
[2020-11-04T20:36:26.339+0300][34,749s][info][gc] GC(370) Concurrent Cycle
[2020-11-04T20:36:26.364+0300][34,774s][info][gc] GC(370) Pause Remark 238M->189M(512M) 0,972ms
[2020-11-04T20:36:26.380+0300][34,790s][info][gc] GC(370) Pause Cleanup 233M->233M(512M) 0,150ms
[2020-11-04T20:36:26.381+0300][34,791s][info][gc] GC(370) Concurrent Cycle 42,053ms
[2020-11-04T20:36:26.441+0300][34,851s][info][gc] GC(371) Pause Young (Prepare Mixed) (G1 Evacuation Pause) 387M->113M(512M) 6,644ms
[2020-11-04T20:36:26.456+0300][34,866s][info][gc] GC(372) Pause Young (Mixed) (G1 Evacuation Pause) 127M->85M(512M) 10,131ms
[2020-11-04T20:36:26.569+0300][34,979s][info][gc] GC(373) Pause Young (Normal) (G1 Evacuation Pause) 391M->93M(512M) 6,814ms
[2020-11-04T20:36:26.682+0300][35,092s][info][gc] GC(374) Pause Young (Normal) (G1 Evacuation Pause) 390M->103M(512M) 9,892ms
[2020-11-04T20:36:26.794+0300][35,204s][info][gc] GC(375) Pause Young (Normal) (G1 Evacuation Pause) 391M->111M(512M) 12,801ms
[2020-11-04T20:36:26.908+0300][35,318s][info][gc] GC(376) Pause Young (Normal) (G1 Evacuation Pause) 390M->120M(512M) 17,025ms
[2020-11-04T20:36:27.022+0300][35,432s][info][gc] GC(377) Pause Young (Normal) (G1 Evacuation Pause) 400M->129M(512M) 15,090ms
[2020-11-04T20:36:27.133+0300][35,543s][info][gc] GC(378) Pause Young (Normal) (G1 Evacuation Pause) 409M->138M(512M) 14,941ms
[2020-11-04T20:36:27.246+0300][35,656s][info][gc] GC(379) Pause Young (Normal) (G1 Evacuation Pause) 418M->146M(512M) 16,026ms
[2020-11-04T20:36:27.359+0300][35,769s][info][gc] GC(380) Pause Young (Concurrent Start) (G1 Evacuation Pause) 427M->155M(512M) 16,340ms
[2020-11-04T20:36:27.359+0300][35,769s][info][gc] GC(381) Concurrent Cycle
[2020-11-04T20:36:27.423+0300][35,833s][info][gc] GC(381) Pause Remark 321M->314M(512M) 0,762ms
[2020-11-04T20:36:27.451+0300][35,861s][info][gc] GC(381) Pause Cleanup 392M->392M(512M) 0,176ms
[2020-11-04T20:36:27.452+0300][35,862s][info][gc] GC(381) Concurrent Cycle 92,596ms
[2020-11-04T20:36:27.479+0300][35,889s][info][gc] GC(382) Pause Young (Normal) (G1 Evacuation Pause) 423M->157M(512M) 16,589ms
[2020-11-04T20:36:27.591+0300][36,001s][info][gc] GC(383) Pause Young (Concurrent Start) (G1 Evacuation Pause) 431M->165M(512M) 16,664ms
[2020-11-04T20:36:27.591+0300][36,001s][info][gc] GC(384) Concurrent Cycle
[2020-11-04T20:36:27.643+0300][36,053s][info][gc] GC(384) Pause Remark 300M->300M(512M) 0,918ms
[2020-11-04T20:36:27.676+0300][36,086s][info][gc] GC(384) Pause Cleanup 390M->390M(512M) 0,157ms
[2020-11-04T20:36:27.677+0300][36,086s][info][gc] GC(384) Concurrent Cycle 85,674ms
[2020-11-04T20:36:27.706+0300][36,116s][info][gc] GC(385) Pause Young (Normal) (G1 Evacuation Pause) 432M->174M(512M) 14,680ms
[2020-11-04T20:36:27.761+0300][36,171s][info][gc] GC(386) Pause Young (Concurrent Start) (G1 Humongous Allocation) 267M->178M(512M) 12,981ms
[2020-11-04T20:36:27.761+0300][36,171s][info][gc] GC(387) Concurrent Cycle
[2020-11-04T20:36:27.787+0300][36,197s][info][gc] GC(387) Pause Remark 244M->179M(512M) 0,782ms
[2020-11-04T20:36:27.807+0300][36,217s][info][gc] GC(387) Pause Cleanup 209M->209M(512M) 0,143ms
[2020-11-04T20:36:27.807+0300][36,217s][info][gc] GC(387) Concurrent Cycle 46,117ms
[2020-11-04T20:36:27.875+0300][36,285s][info][gc] GC(388) Pause Young (Normal) (G1 Evacuation Pause) 376M->106M(512M) 6,454ms
[2020-11-04T20:36:27.988+0300][36,398s][info][gc] GC(389) Pause Young (Normal) (G1 Evacuation Pause) 403M->114M(512M) 9,383ms
[2020-11-04T20:36:28.100+0300][36,510s][info][gc] GC(390) Pause Young (Normal) (G1 Evacuation Pause) 403M->123M(512M) 12,310ms
[2020-11-04T20:36:28.212+0300][36,622s][info][gc] GC(391) Pause Young (Normal) (G1 Evacuation Pause) 404M->133M(512M) 15,243ms
[2020-11-04T20:36:28.324+0300][36,734s][info][gc] GC(392) Pause Young (Normal) (G1 Evacuation Pause) 412M->140M(512M) 15,046ms
[2020-11-04T20:36:28.436+0300][36,846s][info][gc] GC(393) Pause Young (Normal) (G1 Evacuation Pause) 420M->150M(512M) 14,974ms
[2020-11-04T20:36:28.547+0300][36,957s][info][gc] GC(394) Pause Young (Concurrent Start) (G1 Evacuation Pause) 430M->159M(512M) 14,912ms
[2020-11-04T20:36:28.547+0300][36,957s][info][gc] GC(395) Concurrent Cycle
[2020-11-04T20:36:28.586+0300][36,996s][info][gc] GC(395) Pause Remark 257M->249M(512M) 0,658ms
[2020-11-04T20:36:28.610+0300][37,020s][info][gc] GC(395) Pause Cleanup 315M->315M(512M) 0,160ms
[2020-11-04T20:36:28.611+0300][37,021s][info][gc] GC(395) Concurrent Cycle 63,296ms
[2020-11-04T20:36:28.663+0300][37,073s][info][gc] GC(396) Pause Young (Normal) (G1 Evacuation Pause) 423M->160M(512M) 14,963ms
[2020-11-04T20:36:28.773+0300][37,183s][info][gc] GC(397) Pause Young (Concurrent Start) (G1 Evacuation Pause) 431M->168M(512M) 16,257ms
[2020-11-04T20:36:28.773+0300][37,183s][info][gc] GC(398) Concurrent Cycle
[2020-11-04T20:36:28.818+0300][37,228s][info][gc] GC(398) Pause Remark 284M->284M(512M) 1,047ms
[2020-11-04T20:36:28.847+0300][37,257s][info][gc] GC(398) Pause Cleanup 361M->361M(512M) 0,189ms
[2020-11-04T20:36:28.848+0300][37,258s][info][gc] GC(398) Concurrent Cycle 74,490ms
[2020-11-04T20:36:28.887+0300][37,297s][info][gc] GC(399) Pause Young (Normal) (G1 Evacuation Pause) 432M->177M(512M) 14,469ms
[2020-11-04T20:36:28.989+0300][37,399s][info][gc] GC(400) Pause Young (Concurrent Start) (G1 Evacuation Pause) 432M->185M(512M) 14,336ms
[2020-11-04T20:36:28.989+0300][37,399s][info][gc] GC(401) Concurrent Cycle
[2020-11-04T20:36:29.044+0300][37,454s][info][gc] GC(401) Pause Remark 325M->325M(512M) 0,891ms
[2020-11-04T20:36:29.077+0300][37,487s][info][gc] GC(401) Pause Cleanup 416M->416M(512M) 0,216ms
[2020-11-04T20:36:29.077+0300][37,487s][info][gc] GC(401) Concurrent Cycle 88,353ms
[2020-11-04T20:36:29.098+0300][37,508s][info][gc] GC(402) Pause Young (Normal) (G1 Evacuation Pause) 433M->192M(512M) 14,748ms
[2020-11-04T20:36:29.191+0300][37,601s][info][gc] GC(403) Pause Young (Concurrent Start) (G1 Humongous Allocation) 390M->199M(512M) 13,720ms
[2020-11-04T20:36:29.191+0300][37,601s][info][gc] GC(404) Concurrent Cycle
[2020-11-04T20:36:29.217+0300][37,627s][info][gc] GC(404) Pause Remark 267M->199M(512M) 0,671ms
[2020-11-04T20:36:29.233+0300][37,643s][info][gc] GC(404) Pause Cleanup 243M->243M(512M) 0,127ms
[2020-11-04T20:36:29.234+0300][37,644s][info][gc] GC(404) Concurrent Cycle 42,924ms
[2020-11-04T20:36:29.284+0300][37,694s][info][gc] GC(405) Pause Young (Prepare Mixed) (G1 Evacuation Pause) 371M->121M(512M) 6,006ms
[2020-11-04T20:36:29.301+0300][37,711s][info][gc] GC(406) Pause Young (Mixed) (G1 Evacuation Pause) 138M->89M(512M) 10,076ms
[2020-11-04T20:36:29.414+0300][37,824s][info][gc] GC(407) Pause Young (Normal) (G1 Evacuation Pause) 394M->97M(512M) 6,931ms
[2020-11-04T20:36:29.527+0300][37,937s][info][gc] GC(408) Pause Young (Normal) (G1 Evacuation Pause) 394M->106M(512M) 10,223ms
[2020-11-04T20:36:29.639+0300][38,049s][info][gc] GC(409) Pause Young (Normal) (G1 Evacuation Pause) 394M->115M(512M) 13,012ms
[2020-11-04T20:36:29.751+0300][38,161s][info][gc] GC(410) Pause Young (Normal) (G1 Evacuation Pause) 394M->124M(512M) 15,784ms
[2020-11-04T20:36:29.863+0300][38,273s][info][gc] GC(411) Pause Young (Normal) (G1 Evacuation Pause) 403M->133M(512M) 15,068ms
[2020-11-04T20:36:29.974+0300][38,384s][info][gc] GC(412) Pause Young (Normal) (G1 Evacuation Pause) 413M->141M(512M) 14,917ms
[2020-11-04T20:36:30.086+0300][38,496s][info][gc] GC(413) Pause Young (Normal) (G1 Evacuation Pause) 422M->150M(512M) 15,109ms
[2020-11-04T20:36:30.200+0300][38,610s][info][gc] GC(414) Pause Young (Concurrent Start) (G1 Evacuation Pause) 430M->159M(512M) 17,071ms
[2020-11-04T20:36:30.200+0300][38,610s][info][gc] GC(415) Concurrent Cycle
[2020-11-04T20:36:30.246+0300][38,656s][info][gc] GC(415) Pause Remark 277M->271M(512M) 0,880ms
[2020-11-04T20:36:30.276+0300][38,686s][info][gc] GC(415) Pause Cleanup 352M->352M(512M) 0,169ms
[2020-11-04T20:36:30.276+0300][38,686s][info][gc] GC(415) Concurrent Cycle 75,877ms
[2020-11-04T20:36:30.319+0300][38,729s][info][gc] GC(416) Pause Young (Normal) (G1 Evacuation Pause) 426M->162M(512M) 17,218ms
[2020-11-04T20:36:30.429+0300][38,839s][info][gc] GC(417) Pause Young (Concurrent Start) (G1 Evacuation Pause) 432M->171M(512M) 15,125ms
[2020-11-04T20:36:30.429+0300][38,839s][info][gc] GC(418) Concurrent Cycle
[2020-11-04T20:36:30.482+0300][38,892s][info][gc] GC(418) Pause Remark 309M->309M(512M) 0,819ms
[2020-11-04T20:36:30.515+0300][38,925s][info][gc] GC(418) Pause Cleanup 399M->399M(512M) 0,188ms
[2020-11-04T20:36:30.516+0300][38,926s][info][gc] GC(418) Concurrent Cycle 86,977ms
[2020-11-04T20:36:30.543+0300][38,953s][info][gc] GC(419) Pause Young (Normal) (G1 Evacuation Pause) 432M->180M(512M) 15,952ms
[2020-11-04T20:36:30.611+0300][39,021s][info][gc] GC(420) Pause Young (Concurrent Start) (G1 Humongous Allocation) 307M->182M(512M) 13,583ms
[2020-11-04T20:36:30.612+0300][39,022s][info][gc] GC(421) Concurrent Cycle
[2020-11-04T20:36:30.644+0300][39,054s][info][gc] GC(421) Pause Remark 236M->171M(512M) 1,118ms
[2020-11-04T20:36:30.661+0300][39,071s][info][gc] GC(421) Pause Cleanup 218M->218M(512M) 0,151ms
[2020-11-04T20:36:30.662+0300][39,072s][info][gc] GC(421) Concurrent Cycle 50,073ms
[2020-11-04T20:36:30.724+0300][39,134s][info][gc] GC(422) Pause Young (Normal) (G1 Evacuation Pause) 377M->111M(512M) 6,179ms
[2020-11-04T20:36:30.838+0300][39,248s][info][gc] GC(423) Pause Young (Normal) (G1 Evacuation Pause) 409M->119M(512M) 9,582ms
[2020-11-04T20:36:30.951+0300][39,361s][info][gc] GC(424) Pause Young (Normal) (G1 Evacuation Pause) 408M->128M(512M) 12,343ms
[2020-11-04T20:36:31.065+0300][39,475s][info][gc] GC(425) Pause Young (Normal) (G1 Evacuation Pause) 408M->137M(512M) 16,544ms
[2020-11-04T20:36:31.181+0300][39,591s][info][gc] GC(426) Pause Young (Normal) (G1 Evacuation Pause) 417M->147M(512M) 15,525ms
[2020-11-04T20:36:31.293+0300][39,703s][info][gc] GC(427) Pause Young (Concurrent Start) (G1 Evacuation Pause) 426M->154M(512M) 14,858ms
[2020-11-04T20:36:31.293+0300][39,703s][info][gc] GC(428) Concurrent Cycle
[2020-11-04T20:36:31.335+0300][39,745s][info][gc] GC(428) Pause Remark 229M->223M(512M) 0,629ms
[2020-11-04T20:36:31.358+0300][39,767s][info][gc] GC(428) Pause Cleanup 284M->284M(512M) 0,161ms
[2020-11-04T20:36:31.358+0300][39,768s][info][gc] GC(428) Concurrent Cycle 64,651ms
[2020-11-04T20:36:31.424+0300][39,834s][info][gc] GC(429) Pause Young (Normal) (G1 Evacuation Pause) 424M->156M(512M) 17,450ms
[2020-11-04T20:36:31.540+0300][39,950s][info][gc] GC(430) Pause Young (Concurrent Start) (G1 Evacuation Pause) 433M->166M(512M) 14,966ms
[2020-11-04T20:36:31.541+0300][39,950s][info][gc] GC(431) Concurrent Cycle
[2020-11-04T20:36:31.584+0300][39,994s][info][gc] GC(431) Pause Remark 278M->278M(512M) 0,847ms
[2020-11-04T20:36:31.612+0300][40,022s][info][gc] GC(431) Pause Cleanup 353M->353M(512M) 0,146ms
[2020-11-04T20:36:31.612+0300][40,022s][info][gc] GC(431) Concurrent Cycle 71,698ms
[2020-11-04T20:36:31.654+0300][40,064s][info][gc] GC(432) Pause Young (Normal) (G1 Evacuation Pause) 430M->175M(512M) 14,721ms
[2020-11-04T20:36:31.758+0300][40,168s][info][gc] GC(433) Pause Young (Concurrent Start) (G1 Evacuation Pause) 432M->183M(512M) 14,528ms
[2020-11-04T20:36:31.758+0300][40,168s][info][gc] GC(434) Concurrent Cycle
[2020-11-04T20:36:31.822+0300][40,232s][info][gc] GC(434) Pause Remark 274M->274M(512M) 0,826ms
[2020-11-04T20:36:31.854+0300][40,264s][info][gc] GC(434) Pause Cleanup 361M->361M(512M) 0,175ms
[2020-11-04T20:36:31.855+0300][40,265s][info][gc] GC(434) Concurrent Cycle 96,844ms
[2020-11-04T20:36:31.893+0300][40,303s][info][gc] GC(435) Pause Young (Normal) (G1 Evacuation Pause) 431M->191M(512M) 14,283ms
[2020-11-04T20:36:31.991+0300][40,401s][info][gc] GC(436) Pause Young (Concurrent Start) (G1 Evacuation Pause) 433M->199M(512M) 13,933ms
[2020-11-04T20:36:31.991+0300][40,401s][info][gc] GC(437) Concurrent Cycle
[2020-11-04T20:36:32.048+0300][40,458s][info][gc] GC(437) Pause Remark 343M->343M(512M) 0,619ms
[2020-11-04T20:36:32.084+0300][40,494s][info][gc] GC(437) Pause Cleanup 426M->426M(512M) 0,158ms
[2020-11-04T20:36:32.085+0300][40,495s][info][gc] GC(437) Concurrent Cycle 93,486ms
[2020-11-04T20:36:32.102+0300][40,512s][info][gc] GC(438) Pause Young (Concurrent Start) (G1 Humongous Allocation) 426M->207M(512M) 12,991ms
[2020-11-04T20:36:32.102+0300][40,512s][info][gc] GC(439) Concurrent Cycle
[2020-11-04T20:36:32.130+0300][40,540s][info][gc] GC(439) Pause Remark 278M->210M(512M) 1,013ms
[2020-11-04T20:36:32.148+0300][40,558s][info][gc] GC(439) Pause Cleanup 258M->258M(512M) 0,123ms
[2020-11-04T20:36:32.149+0300][40,559s][info][gc] GC(439) Concurrent Cycle 46,887ms
[2020-11-04T20:36:32.193+0300][40,603s][info][gc] GC(440) Pause Young (Prepare Mixed) (G1 Evacuation Pause) 370M->127M(512M) 5,975ms
[2020-11-04T20:36:32.209+0300][40,619s][info][gc] GC(441) Pause Young (Mixed) (G1 Evacuation Pause) 144M->93M(512M) 9,581ms
[2020-11-04T20:36:32.324+0300][40,734s][info][gc] GC(442) Pause Young (Normal) (G1 Evacuation Pause) 398M->102M(512M) 7,305ms
[2020-11-04T20:36:32.437+0300][40,847s][info][gc] GC(443) Pause Young (Normal) (G1 Evacuation Pause) 399M->111M(512M) 10,021ms
[2020-11-04T20:36:32.549+0300][40,959s][info][gc] GC(444) Pause Young (Normal) (G1 Evacuation Pause) 399M->120M(512M) 12,690ms
[2020-11-04T20:36:32.661+0300][41,071s][info][gc] GC(445) Pause Young (Normal) (G1 Evacuation Pause) 399M->129M(512M) 15,624ms
[2020-11-04T20:36:32.772+0300][41,182s][info][gc] GC(446) Pause Young (Normal) (G1 Evacuation Pause) 408M->138M(512M) 14,931ms
[2020-11-04T20:36:32.884+0300][41,294s][info][gc] GC(447) Pause Young (Normal) (G1 Evacuation Pause) 418M->146M(512M) 15,072ms
[2020-11-04T20:36:32.997+0300][41,407s][info][gc] GC(448) Pause Young (Concurrent Start) (G1 Evacuation Pause) 427M->156M(512M) 15,153ms
[2020-11-04T20:36:32.997+0300][41,407s][info][gc] GC(449) Concurrent Cycle
[2020-11-04T20:36:33.041+0300][41,451s][info][gc] GC(449) Pause Remark 268M->262M(512M) 0,868ms
[2020-11-04T20:36:33.069+0300][41,479s][info][gc] GC(449) Pause Cleanup 339M->339M(512M) 0,173ms
[2020-11-04T20:36:33.070+0300][41,480s][info][gc] GC(449) Concurrent Cycle 72,935ms
[2020-11-04T20:36:33.114+0300][41,524s][info][gc] GC(450) Pause Young (Normal) (G1 Evacuation Pause) 425M->157M(512M) 14,831ms
[2020-11-04T20:36:33.224+0300][41,633s][info][gc] GC(451) Pause Young (Concurrent Start) (G1 Evacuation Pause) 431M->167M(512M) 14,867ms
[2020-11-04T20:36:33.224+0300][41,634s][info][gc] GC(452) Concurrent Cycle
[2020-11-04T20:36:33.274+0300][41,684s][info][gc] GC(452) Pause Remark 298M->298M(512M) 0,676ms
[2020-11-04T20:36:33.307+0300][41,717s][info][gc] GC(452) Pause Cleanup 386M->386M(512M) 0,138ms
[2020-11-04T20:36:33.307+0300][41,717s][info][gc] GC(452) Concurrent Cycle 83,535ms
[2020-11-04T20:36:33.337+0300][41,747s][info][gc] GC(453) Pause Young (Normal) (G1 Evacuation Pause) 430M->175M(512M) 14,710ms
[2020-11-04T20:36:33.440+0300][41,850s][info][gc] GC(454) Pause Young (Concurrent Start) (G1 Evacuation Pause) 432M->183M(512M) 14,080ms
[2020-11-04T20:36:33.440+0300][41,850s][info][gc] GC(455) Concurrent Cycle
[2020-11-04T20:36:33.498+0300][41,908s][info][gc] GC(455) Pause Remark 333M->333M(512M) 0,634ms
[2020-11-04T20:36:33.534+0300][41,944s][info][gc] GC(455) Pause Cleanup 408M->408M(512M) 0,169ms
[2020-11-04T20:36:33.535+0300][41,944s][info][gc] GC(455) Concurrent Cycle 94,661ms
[2020-11-04T20:36:33.560+0300][41,970s][info][gc] GC(456) Pause Young (Normal) (G1 Evacuation Pause) 437M->195M(512M) 15,382ms
[2020-11-04T20:36:33.657+0300][42,067s][info][gc] GC(457) Pause Young (Concurrent Start) (G1 Evacuation Pause) 433M->203M(512M) 14,415ms
[2020-11-04T20:36:33.657+0300][42,067s][info][gc] GC(458) Concurrent Cycle
[2020-11-04T20:36:33.686+0300][42,096s][info][gc] GC(458) Pause Remark 277M->204M(512M) 0,691ms
[2020-11-04T20:36:33.704+0300][42,114s][info][gc] GC(458) Pause Cleanup 254M->254M(512M) 0,179ms
[2020-11-04T20:36:33.704+0300][42,114s][info][gc] GC(458) Concurrent Cycle 47,565ms
[2020-11-04T20:36:33.750+0300][42,160s][info][gc] GC(459) Pause Young (Normal) (G1 Evacuation Pause) 361M->125M(512M) 8,999ms
[2020-11-04T20:36:33.863+0300][42,272s][info][gc] GC(460) Pause Young (Normal) (G1 Evacuation Pause) 413M->133M(512M) 12,533ms
[2020-11-04T20:36:33.975+0300][42,385s][info][gc] GC(461) Pause Young (Normal) (G1 Evacuation Pause) 413M->141M(512M) 15,111ms
[2020-11-04T20:36:34.087+0300][42,497s][info][gc] GC(462) Pause Young (Normal) (G1 Evacuation Pause) 423M->151M(512M) 15,148ms
[2020-11-04T20:36:34.199+0300][42,609s][info][gc] GC(463) Pause Young (Concurrent Start) (G1 Evacuation Pause) 431M->160M(512M) 15,081ms
[2020-11-04T20:36:34.199+0300][42,609s][info][gc] GC(464) Concurrent Cycle
[2020-11-04T20:36:34.237+0300][42,647s][info][gc] GC(464) Pause Remark 252M->245M(512M) 0,756ms
[2020-11-04T20:36:34.261+0300][42,671s][info][gc] GC(464) Pause Cleanup 310M->310M(512M) 0,151ms
[2020-11-04T20:36:34.261+0300][42,671s][info][gc] GC(464) Concurrent Cycle 62,492ms
[2020-11-04T20:36:34.319+0300][42,729s][info][gc] GC(465) Pause Young (Normal) (G1 Evacuation Pause) 422M->161M(512M) 14,723ms
[2020-11-04T20:36:34.426+0300][42,836s][info][gc] GC(466) Pause Young (Concurrent Start) (G1 Evacuation Pause) 430M->169M(512M) 14,962ms
[2020-11-04T20:36:34.427+0300][42,837s][info][gc] GC(467) Concurrent Cycle
[2020-11-04T20:36:34.472+0300][42,882s][info][gc] GC(467) Pause Remark 285M->285M(512M) 0,739ms
[2020-11-04T20:36:34.500+0300][42,910s][info][gc] GC(467) Pause Cleanup 362M->362M(512M) 0,175ms
[2020-11-04T20:36:34.501+0300][42,911s][info][gc] GC(467) Concurrent Cycle 74,186ms
[2020-11-04T20:36:34.544+0300][42,954s][info][gc] GC(468) Pause Young (Normal) (G1 Evacuation Pause) 431M->177M(512M) 14,532ms
[2020-11-04T20:36:34.647+0300][43,057s][info][gc] GC(469) Pause Young (Concurrent Start) (G1 Evacuation Pause) 432M->185M(512M) 14,401ms
[2020-11-04T20:36:34.647+0300][43,057s][info][gc] GC(470) Concurrent Cycle
[2020-11-04T20:36:34.716+0300][43,126s][info][gc] GC(470) Pause Remark 368M->368M(512M) 0,873ms
[2020-11-04T20:36:34.754+0300][43,164s][info][gc] GC(471) Pause Young (Normal) (G1 Evacuation Pause) 434M->194M(512M) 13,486ms
[2020-11-04T20:36:34.763+0300][43,173s][info][gc] GC(470) Pause Cleanup 217M->217M(512M) 0,156ms
[2020-11-04T20:36:34.763+0300][43,173s][info][gc] GC(470) Concurrent Cycle 116,172ms
[2020-11-04T20:36:34.854+0300][43,264s][info][gc] GC(472) Pause Young (Normal) (G1 Evacuation Pause) 432M->202M(512M) 15,079ms
[2020-11-04T20:36:34.947+0300][43,357s][info][gc] GC(473) Pause Young (Concurrent Start) (G1 Evacuation Pause) 434M->208M(512M) 13,062ms
[2020-11-04T20:36:34.947+0300][43,357s][info][gc] GC(474) Concurrent Cycle
[2020-11-04T20:36:35.008+0300][43,418s][info][gc] GC(474) Pause Remark 344M->344M(512M) 0,787ms
[2020-11-04T20:36:35.055+0300][43,465s][info][gc] GC(474) Pause Cleanup 437M->437M(512M) 0,191ms
[2020-11-04T20:36:35.055+0300][43,465s][info][gc] GC(474) Concurrent Cycle 108,621ms
[2020-11-04T20:36:35.069+0300][43,479s][info][gc] GC(475) Pause Young (Normal) (G1 Evacuation Pause) 439M->221M(512M) 12,785ms
[2020-11-04T20:36:35.155+0300][43,565s][info][gc] GC(476) Pause Young (Concurrent Start) (G1 Evacuation Pause) 435M->227M(512M) 12,108ms
[2020-11-04T20:36:35.155+0300][43,565s][info][gc] GC(477) Concurrent Cycle
[2020-11-04T20:36:35.199+0300][43,609s][info][gc] GC(477) Pause Remark 343M->258M(512M) 0,677ms
[2020-11-04T20:36:35.218+0300][43,628s][info][gc] GC(477) Pause Cleanup 308M->308M(512M) 0,145ms
[2020-11-04T20:36:35.218+0300][43,628s][info][gc] GC(477) Concurrent Cycle 63,024ms
[2020-11-04T20:36:35.242+0300][43,652s][info][gc] GC(478) Pause Young (Prepare Mixed) (G1 Evacuation Pause) 350M->142M(512M) 9,516ms
[2020-11-04T20:36:35.259+0300][43,669s][info][gc] GC(479) Pause Young (Mixed) (G1 Evacuation Pause) 146M->110M(512M) 15,033ms
[2020-11-04T20:36:35.371+0300][43,781s][info][gc] GC(480) Pause Young (Normal) (G1 Evacuation Pause) 416M->118M(512M) 6,602ms
[2020-11-04T20:36:35.485+0300][43,895s][info][gc] GC(481) Pause Young (Normal) (G1 Evacuation Pause) 415M->128M(512M) 11,537ms
[2020-11-04T20:36:35.600+0300][44,010s][info][gc] GC(482) Pause Young (Normal) (G1 Evacuation Pause) 416M->136M(512M) 12,516ms
[2020-11-04T20:36:35.712+0300][44,122s][info][gc] GC(483) Pause Young (Normal) (G1 Evacuation Pause) 415M->145M(512M) 15,379ms
[2020-11-04T20:36:35.824+0300][44,234s][info][gc] GC(484) Pause Young (Concurrent Start) (G1 Evacuation Pause) 425M->154M(512M) 15,093ms
[2020-11-04T20:36:35.824+0300][44,234s][info][gc] GC(485) Concurrent Cycle
[2020-11-04T20:36:35.867+0300][44,277s][info][gc] GC(485) Pause Remark 265M->259M(512M) 0,630ms
[2020-11-04T20:36:35.894+0300][44,304s][info][gc] GC(485) Pause Cleanup 333M->333M(512M) 0,120ms
[2020-11-04T20:36:35.895+0300][44,305s][info][gc] GC(485) Concurrent Cycle 70,531ms
[2020-11-04T20:36:35.943+0300][44,353s][info][gc] GC(486) Pause Young (Normal) (G1 Evacuation Pause) 424M->158M(512M) 16,091ms
[2020-11-04T20:36:36.054+0300][44,464s][info][gc] GC(487) Pause Young (Concurrent Start) (G1 Evacuation Pause) 431M->166M(512M) 17,094ms
[2020-11-04T20:36:36.054+0300][44,464s][info][gc] GC(488) Concurrent Cycle
[2020-11-04T20:36:36.111+0300][44,521s][info][gc] GC(488) Pause Remark 279M->279M(512M) 0,657ms
[2020-11-04T20:36:36.143+0300][44,553s][info][gc] GC(488) Pause Cleanup 366M->366M(512M) 0,268ms
[2020-11-04T20:36:36.143+0300][44,553s][info][gc] GC(488) Concurrent Cycle 88,941ms
[2020-11-04T20:36:36.181+0300][44,591s][info][gc] GC(489) Pause Young (Normal) (G1 Evacuation Pause) 432M->175M(512M) 14,678ms
[2020-11-04T20:36:36.284+0300][44,694s][info][gc] GC(490) Pause Young (Concurrent Start) (G1 Evacuation Pause) 432M->184M(512M) 14,319ms
[2020-11-04T20:36:36.284+0300][44,694s][info][gc] GC(491) Concurrent Cycle
[2020-11-04T20:36:36.359+0300][44,769s][info][gc] GC(491) Pause Remark 382M->382M(512M) 0,882ms
[2020-11-04T20:36:36.390+0300][44,800s][info][gc] GC(492) Pause Young (Normal) (G1 Evacuation Pause) 431M->190M(512M) 13,497ms
[2020-11-04T20:36:36.413+0300][44,823s][info][gc] GC(491) Pause Cleanup 225M->225M(512M) 0,145ms
[2020-11-04T20:36:36.414+0300][44,824s][info][gc] GC(491) Concurrent Cycle 130,133ms
[2020-11-04T20:36:36.440+0300][44,850s][info][gc] GC(493) Pause Young (Concurrent Start) (G1 Humongous Allocation) 241M->192M(512M) 10,557ms
[2020-11-04T20:36:36.441+0300][44,850s][info][gc] GC(494) Concurrent Cycle
[2020-11-04T20:36:36.470+0300][44,880s][info][gc] GC(494) Pause Remark 267M->209M(512M) 0,771ms
[2020-11-04T20:36:36.489+0300][44,899s][info][gc] GC(494) Pause Cleanup 261M->261M(512M) 0,154ms
[2020-11-04T20:36:36.489+0300][44,899s][info][gc] GC(494) Concurrent Cycle 48,674ms
[2020-11-04T20:36:36.539+0300][44,949s][info][gc] GC(495) Pause Young (Prepare Mixed) (G1 Evacuation Pause) 386M->130M(512M) 6,062ms
[2020-11-04T20:36:36.552+0300][44,962s][info][gc] GC(496) Pause Young (Mixed) (G1 Evacuation Pause) 145M->102M(512M) 7,845ms
[2020-11-04T20:36:36.667+0300][45,077s][info][gc] GC(497) Pause Young (Normal) (G1 Evacuation Pause) 408M->111M(512M) 6,953ms
[2020-11-04T20:36:36.781+0300][45,191s][info][gc] GC(498) Pause Young (Normal) (G1 Evacuation Pause) 408M->120M(512M) 10,928ms
[2020-11-04T20:36:36.894+0300][45,303s][info][gc] GC(499) Pause Young (Normal) (G1 Evacuation Pause) 408M->129M(512M) 12,985ms
[2020-11-04T20:36:37.006+0300][45,416s][info][gc] GC(500) Pause Young (Normal) (G1 Evacuation Pause) 408M->137M(512M) 15,883ms
[2020-11-04T20:36:37.120+0300][45,530s][info][gc] GC(501) Pause Young (Normal) (G1 Evacuation Pause) 417M->146M(512M) 16,744ms
[2020-11-04T20:36:37.232+0300][45,642s][info][gc] GC(502) Pause Young (Concurrent Start) (G1 Evacuation Pause) 426M->154M(512M) 15,249ms
[2020-11-04T20:36:37.232+0300][45,642s][info][gc] GC(503) Concurrent Cycle
[2020-11-04T20:36:37.283+0300][45,693s][info][gc] GC(503) Pause Remark 238M->232M(512M) 0,910ms
[2020-11-04T20:36:37.315+0300][45,725s][info][gc] GC(503) Pause Cleanup 287M->287M(512M) 0,171ms
[2020-11-04T20:36:37.316+0300][45,726s][info][gc] GC(503) Concurrent Cycle 83,860ms
[2020-11-04T20:36:37.378+0300][45,788s][info][gc] GC(504) Pause Young (Normal) (G1 Evacuation Pause) 426M->157M(512M) 15,089ms
[2020-11-04T20:36:37.489+0300][45,899s][info][gc] GC(505) Pause Young (Concurrent Start) (G1 Evacuation Pause) 432M->166M(512M) 15,099ms
[2020-11-04T20:36:37.489+0300][45,899s][info][gc] GC(506) Concurrent Cycle
[2020-11-04T20:36:37.538+0300][45,948s][info][gc] GC(506) Pause Remark 294M->294M(512M) 0,643ms
[2020-11-04T20:36:37.569+0300][45,979s][info][gc] GC(506) Pause Cleanup 380M->380M(512M) 0,105ms
[2020-11-04T20:36:37.570+0300][45,980s][info][gc] GC(506) Concurrent Cycle 80,791ms
[2020-11-04T20:36:37.603+0300][46,013s][info][gc] GC(507) Pause Young (Normal) (G1 Evacuation Pause) 432M->174M(512M) 15,055ms
[2020-11-04T20:36:37.706+0300][46,116s][info][gc] GC(508) Pause Young (Concurrent Start) (G1 Evacuation Pause) 431M->183M(512M) 14,663ms
[2020-11-04T20:36:37.706+0300][46,116s][info][gc] GC(509) Concurrent Cycle
[2020-11-04T20:36:37.763+0300][46,173s][info][gc] GC(509) Pause Remark 329M->329M(512M) 0,785ms
[2020-11-04T20:36:37.800+0300][46,210s][info][gc] GC(509) Pause Cleanup 428M->428M(512M) 0,145ms
[2020-11-04T20:36:37.800+0300][46,210s][info][gc] GC(509) Concurrent Cycle 93,702ms
[2020-11-04T20:36:37.815+0300][46,225s][info][gc] GC(510) Pause Young (Normal) (G1 Evacuation Pause) 432M->190M(512M) 14,049ms
[2020-11-04T20:36:37.892+0300][46,302s][info][gc] GC(511) Pause Young (Concurrent Start) (G1 Humongous Allocation) 345M->197M(512M) 12,927ms
[2020-11-04T20:36:37.892+0300][46,302s][info][gc] GC(512) Concurrent Cycle
[2020-11-04T20:36:37.923+0300][46,333s][info][gc] GC(512) Pause Remark 276M->209M(512M) 0,802ms
[2020-11-04T20:36:37.942+0300][46,352s][info][gc] GC(512) Pause Cleanup 262M->262M(512M) 0,158ms
[2020-11-04T20:36:37.943+0300][46,353s][info][gc] GC(512) Concurrent Cycle 50,149ms
[2020-11-04T20:36:37.987+0300][46,397s][info][gc] GC(513) Pause Young (Normal) (G1 Evacuation Pause) 373M->120M(512M) 6,183ms
[2020-11-04T20:36:38.101+0300][46,511s][info][gc] GC(514) Pause Young (Normal) (G1 Evacuation Pause) 418M->129M(512M) 10,712ms
[2020-11-04T20:36:38.213+0300][46,623s][info][gc] GC(515) Pause Young (Normal) (G1 Evacuation Pause) 419M->138M(512M) 12,652ms
[2020-11-04T20:36:38.325+0300][46,735s][info][gc] GC(516) Pause Young (Normal) (G1 Evacuation Pause) 419M->147M(512M) 15,052ms
[2020-11-04T20:36:38.437+0300][46,847s][info][gc] GC(517) Pause Young (Concurrent Start) (G1 Evacuation Pause) 426M->155M(512M) 15,464ms
[2020-11-04T20:36:38.437+0300][46,847s][info][gc] GC(518) Concurrent Cycle
[2020-11-04T20:36:38.473+0300][46,883s][info][gc] GC(518) Pause Remark 246M->238M(512M) 0,884ms
[2020-11-04T20:36:38.495+0300][46,905s][info][gc] GC(518) Pause Cleanup 298M->298M(512M) 0,155ms
[2020-11-04T20:36:38.496+0300][46,906s][info][gc] GC(518) Concurrent Cycle 58,437ms
[2020-11-04T20:36:38.553+0300][46,963s][info][gc] GC(519) Pause Young (Normal) (G1 Evacuation Pause) 422M->156M(512M) 14,971ms
[2020-11-04T20:36:38.664+0300][47,074s][info][gc] GC(520) Pause Young (Concurrent Start) (G1 Evacuation Pause) 431M->164M(512M) 15,162ms
[2020-11-04T20:36:38.664+0300][47,074s][info][gc] GC(521) Concurrent Cycle
[2020-11-04T20:36:38.707+0300][47,117s][info][gc] GC(521) Pause Remark 275M->275M(512M) 0,683ms
[2020-11-04T20:36:38.734+0300][47,144s][info][gc] GC(521) Pause Cleanup 348M->348M(512M) 0,159ms
[2020-11-04T20:36:38.735+0300][47,145s][info][gc] GC(521) Concurrent Cycle 70,436ms
[2020-11-04T20:36:38.783+0300][47,193s][info][gc] GC(522) Pause Young (Normal) (G1 Evacuation Pause) 430M->173M(512M) 14,734ms
[2020-11-04T20:36:38.887+0300][47,297s][info][gc] GC(523) Pause Young (Concurrent Start) (G1 Evacuation Pause) 432M->181M(512M) 14,484ms
[2020-11-04T20:36:38.887+0300][47,297s][info][gc] GC(524) Concurrent Cycle
[2020-11-04T20:36:38.937+0300][47,347s][info][gc] GC(524) Pause Remark 310M->310M(512M) 0,773ms
[2020-11-04T20:36:38.978+0300][47,388s][info][gc] GC(524) Pause Cleanup 423M->423M(512M) 0,187ms
[2020-11-04T20:36:38.978+0300][47,388s][info][gc] GC(524) Concurrent Cycle 91,146ms
[2020-11-04T20:36:38.995+0300][47,405s][info][gc] GC(525) Pause Young (Normal) (G1 Evacuation Pause) 431M->189M(512M) 13,896ms
[2020-11-04T20:36:39.093+0300][47,503s][info][gc] GC(526) Pause Young (Concurrent Start) (G1 Evacuation Pause) 432M->197M(512M) 13,589ms
[2020-11-04T20:36:39.093+0300][47,503s][info][gc] GC(527) Concurrent Cycle
[2020-11-04T20:36:39.149+0300][47,559s][info][gc] GC(527) Pause Remark 343M->343M(512M) 0,982ms
[2020-11-04T20:36:39.196+0300][47,606s][info][gc] GC(528) Pause Young (Normal) (G1 Evacuation Pause) 434M->204M(512M) 13,191ms
[2020-11-04T20:36:39.200+0300][47,610s][info][gc] GC(527) Pause Cleanup 210M->210M(512M) 0,167ms
[2020-11-04T20:36:39.200+0300][47,610s][info][gc] GC(527) Concurrent Cycle 107,392ms
[2020-11-04T20:36:39.291+0300][47,701s][info][gc] GC(529) Pause Young (Normal) (G1 Evacuation Pause) 435M->211M(512M) 13,184ms
[2020-11-04T20:36:39.330+0300][47,740s][info][gc] GC(530) Pause Young (Concurrent Start) (G1 Humongous Allocation) 261M->214M(512M) 10,775ms
[2020-11-04T20:36:39.330+0300][47,740s][info][gc] GC(531) Concurrent Cycle
[2020-11-04T20:36:39.360+0300][47,770s][info][gc] GC(531) Pause Remark 292M->214M(512M) 0,775ms
[2020-11-04T20:36:39.380+0300][47,790s][info][gc] GC(531) Pause Cleanup 267M->267M(512M) 0,190ms
[2020-11-04T20:36:39.380+0300][47,790s][info][gc] GC(531) Concurrent Cycle 50,592ms
[2020-11-04T20:36:39.422+0300][47,832s][info][gc] GC(532) Pause Young (Normal) (G1 Evacuation Pause) 366M->130M(512M) 6,939ms
[2020-11-04T20:36:39.538+0300][47,948s][info][gc] GC(533) Pause Young (Normal) (G1 Evacuation Pause) 428M->139M(512M) 9,543ms
[2020-11-04T20:36:39.650+0300][48,060s][info][gc] GC(534) Pause Young (Concurrent Start) (G1 Evacuation Pause) 429M->147M(512M) 12,161ms
[2020-11-04T20:36:39.650+0300][48,060s][info][gc] GC(535) Concurrent Cycle
[2020-11-04T20:36:39.689+0300][48,099s][info][gc] GC(535) Pause Remark 203M->197M(512M) 0,583ms
[2020-11-04T20:36:39.712+0300][48,122s][info][gc] GC(535) Pause Cleanup 232M->232M(512M) 0,129ms
[2020-11-04T20:36:39.713+0300][48,123s][info][gc] GC(535) Concurrent Cycle 62,351ms
[2020-11-04T20:36:39.794+0300][48,204s][info][gc] GC(536) Pause Young (Prepare Mixed) (G1 Evacuation Pause) 423M->151M(512M) 14,938ms
[2020-11-04T20:36:39.809+0300][48,219s][info][gc] GC(537) Pause Young (Mixed) (G1 Evacuation Pause) 154M->124M(512M) 13,876ms
[2020-11-04T20:36:39.923+0300][48,333s][info][gc] GC(538) Pause Young (Normal) (G1 Evacuation Pause) 430M->133M(512M) 6,703ms
[2020-11-04T20:36:40.035+0300][48,445s][info][gc] GC(539) Pause Young (Normal) (G1 Evacuation Pause) 430M->142M(512M) 10,012ms
[2020-11-04T20:36:40.149+0300][48,559s][info][gc] GC(540) Pause Young (Concurrent Start) (G1 Evacuation Pause) 430M->151M(512M) 14,187ms
[2020-11-04T20:36:40.149+0300][48,559s][info][gc] GC(541) Concurrent Cycle
[2020-11-04T20:36:40.196+0300][48,606s][info][gc] GC(541) Pause Remark 271M->271M(512M) 0,883ms
[2020-11-04T20:36:40.224+0300][48,634s][info][gc] GC(541) Pause Cleanup 349M->349M(512M) 0,109ms
[2020-11-04T20:36:40.225+0300][48,635s][info][gc] GC(541) Concurrent Cycle 76,041ms
[2020-11-04T20:36:40.269+0300][48,679s][info][gc] GC(542) Pause Young (Normal) (G1 Evacuation Pause) 430M->159M(512M) 15,912ms
[2020-11-04T20:36:40.378+0300][48,788s][info][gc] GC(543) Pause Young (Concurrent Start) (G1 Evacuation Pause) 431M->167M(512M) 15,107ms
[2020-11-04T20:36:40.378+0300][48,788s][info][gc] GC(544) Concurrent Cycle
[2020-11-04T20:36:40.430+0300][48,840s][info][gc] GC(544) Pause Remark 299M->299M(512M) 0,864ms
[2020-11-04T20:36:40.462+0300][48,872s][info][gc] GC(544) Pause Cleanup 386M->386M(512M) 0,133ms
[2020-11-04T20:36:40.462+0300][48,872s][info][gc] GC(544) Concurrent Cycle 84,261ms
[2020-11-04T20:36:40.496+0300][48,906s][info][gc] GC(545) Pause Young (Normal) (G1 Evacuation Pause) 431M->176M(512M) 15,087ms
[2020-11-04T20:36:40.599+0300][49,009s][info][gc] GC(546) Pause Young (Concurrent Start) (G1 Evacuation Pause) 431M->185M(512M) 14,454ms
[2020-11-04T20:36:40.599+0300][49,009s][info][gc] GC(547) Concurrent Cycle
[2020-11-04T20:36:40.657+0300][49,067s][info][gc] GC(547) Pause Remark 335M->335M(512M) 0,655ms
[2020-11-04T20:36:40.706+0300][49,116s][info][gc] GC(548) Pause Young (Normal) (G1 Evacuation Pause) 431M->193M(512M) 13,706ms
[2020-11-04T20:36:40.707+0300][49,117s][info][gc] GC(547) Pause Cleanup 197M->197M(512M) 0,178ms
[2020-11-04T20:36:40.708+0300][49,118s][info][gc] GC(547) Concurrent Cycle 108,644ms
[2020-11-04T20:36:40.788+0300][49,198s][info][gc] GC(549) Pause Young (Concurrent Start) (G1 Humongous Allocation) 361M->198M(512M) 13,543ms
[2020-11-04T20:36:40.788+0300][49,198s][info][gc] GC(550) Concurrent Cycle
[2020-11-04T20:36:40.819+0300][49,229s][info][gc] GC(550) Pause Remark 280M->220M(512M) 0,819ms
[2020-11-04T20:36:40.840+0300][49,250s][info][gc] GC(550) Pause Cleanup 275M->275M(512M) 0,168ms
[2020-11-04T20:36:40.840+0300][49,250s][info][gc] GC(550) Concurrent Cycle 52,067ms
[2020-11-04T20:36:40.883+0300][49,293s][info][gc] GC(551) Pause Young (Normal) (G1 Evacuation Pause) 381M->130M(512M) 6,181ms
[2020-11-04T20:36:40.996+0300][49,406s][info][gc] GC(552) Pause Young (Normal) (G1 Evacuation Pause) 428M->139M(512M) 9,270ms
[2020-11-04T20:36:41.110+0300][49,520s][info][gc] GC(553) Pause Young (Concurrent Start) (G1 Evacuation Pause) 428M->146M(512M) 14,131ms
[2020-11-04T20:36:41.110+0300][49,520s][info][gc] GC(554) Concurrent Cycle
[2020-11-04T20:36:41.142+0300][49,552s][info][gc] GC(554) Pause Remark 228M->221M(512M) 0,821ms
[2020-11-04T20:36:41.161+0300][49,571s][info][gc] GC(554) Pause Cleanup 273M->273M(512M) 0,175ms
[2020-11-04T20:36:41.161+0300][49,571s][info][gc] GC(554) Concurrent Cycle 51,385ms
[2020-11-04T20:36:41.227+0300][49,637s][info][gc] GC(555) Pause Young (Normal) (G1 Evacuation Pause) 420M->149M(512M) 15,199ms
[2020-11-04T20:36:41.340+0300][49,750s][info][gc] GC(556) Pause Young (Concurrent Start) (G1 Evacuation Pause) 428M->158M(512M) 15,683ms
[2020-11-04T20:36:41.340+0300][49,750s][info][gc] GC(557) Concurrent Cycle
[2020-11-04T20:36:41.376+0300][49,786s][info][gc] GC(557) Pause Remark 252M->252M(512M) 0,770ms
[2020-11-04T20:36:41.399+0300][49,809s][info][gc] GC(557) Pause Cleanup 314M->314M(512M) 0,168ms
[2020-11-04T20:36:41.400+0300][49,809s][info][gc] GC(557) Concurrent Cycle 59,908ms
[2020-11-04T20:36:41.457+0300][49,867s][info][gc] GC(558) Pause Young (Normal) (G1 Evacuation Pause) 431M->166M(512M) 15,876ms
[2020-11-04T20:36:41.564+0300][49,974s][info][gc] GC(559) Pause Young (Concurrent Start) (G1 Evacuation Pause) 430M->174M(512M) 14,723ms
[2020-11-04T20:36:41.564+0300][49,974s][info][gc] GC(560) Concurrent Cycle
[2020-11-04T20:36:41.615+0300][50,025s][info][gc] GC(560) Pause Remark 267M->267M(512M) 0,658ms
[2020-11-04T20:36:41.648+0300][50,058s][info][gc] GC(560) Pause Cleanup 327M->327M(512M) 0,157ms
[2020-11-04T20:36:41.648+0300][50,058s][info][gc] GC(560) Concurrent Cycle 84,507ms
[2020-11-04T20:36:41.699+0300][50,109s][info][gc] GC(561) Pause Young (Normal) (G1 Evacuation Pause) 432M->183M(512M) 14,383ms
[2020-11-04T20:36:41.799+0300][50,209s][info][gc] GC(562) Pause Young (Concurrent Start) (G1 Evacuation Pause) 433M->191M(512M) 13,998ms
[2020-11-04T20:36:41.800+0300][50,210s][info][gc] GC(563) Concurrent Cycle
[2020-11-04T20:36:41.851+0300][50,261s][info][gc] GC(563) Pause Remark 321M->321M(512M) 0,673ms
[2020-11-04T20:36:41.883+0300][50,293s][info][gc] GC(563) Pause Cleanup 409M->409M(512M) 0,146ms
[2020-11-04T20:36:41.883+0300][50,293s][info][gc] GC(563) Concurrent Cycle 83,819ms
[2020-11-04T20:36:41.906+0300][50,316s][info][gc] GC(564) Pause Young (Normal) (G1 Evacuation Pause) 433M->199M(512M) 13,671ms
[2020-11-04T20:36:42.000+0300][50,410s][info][gc] GC(565) Pause Young (Concurrent Start) (G1 Evacuation Pause) 432M->206M(512M) 13,733ms
[2020-11-04T20:36:42.000+0300][50,410s][info][gc] GC(566) Concurrent Cycle
[2020-11-04T20:36:42.058+0300][50,468s][info][gc] GC(566) Pause Remark 354M->354M(512M) 0,887ms
[2020-11-04T20:36:42.100+0300][50,510s][info][gc] GC(567) Pause Young (Normal) (G1 Evacuation Pause) 435M->213M(512M) 12,699ms
[2020-11-04T20:36:42.107+0300][50,517s][info][gc] GC(566) Pause Cleanup 232M->232M(512M) 0,166ms
[2020-11-04T20:36:42.108+0300][50,518s][info][gc] GC(566) Concurrent Cycle 107,280ms
[2020-11-04T20:36:42.191+0300][50,601s][info][gc] GC(568) Pause Young (Normal) (G1 Evacuation Pause) 436M->220M(512M) 12,501ms
[2020-11-04T20:36:42.252+0300][50,662s][info][gc] GC(569) Pause Young (Concurrent Start) (G1 Humongous Allocation) 335M->224M(512M) 11,322ms
[2020-11-04T20:36:42.252+0300][50,662s][info][gc] GC(570) Concurrent Cycle
[2020-11-04T20:36:42.284+0300][50,694s][info][gc] GC(570) Pause Remark 307M->232M(512M) 0,983ms
[2020-11-04T20:36:42.305+0300][50,715s][info][gc] GC(570) Pause Cleanup 288M->288M(512M) 0,168ms
[2020-11-04T20:36:42.306+0300][50,716s][info][gc] GC(570) Concurrent Cycle 53,271ms
[2020-11-04T20:36:42.339+0300][50,749s][info][gc] GC(571) Pause Young (Prepare Mixed) (G1 Evacuation Pause) 367M->143M(512M) 5,651ms
[2020-11-04T20:36:42.356+0300][50,766s][info][gc] GC(572) Pause Young (Mixed) (G1 Evacuation Pause) 160M->110M(512M) 10,861ms
[2020-11-04T20:36:42.470+0300][50,880s][info][gc] GC(573) Pause Young (Normal) (G1 Evacuation Pause) 416M->118M(512M) 7,078ms
[2020-11-04T20:36:42.597+0300][51,007s][info][gc] GC(574) Pause Young (Normal) (G1 Evacuation Pause) 415M->127M(512M) 11,296ms
[2020-11-04T20:36:42.729+0300][51,139s][info][gc] GC(575) Pause Young (Normal) (G1 Evacuation Pause) 415M->137M(512M) 16,441ms
[2020-11-04T20:36:42.872+0300][51,282s][info][gc] GC(576) Pause Young (Normal) (G1 Evacuation Pause) 415M->145M(512M) 20,899ms
[2020-11-04T20:36:43.004+0300][51,414s][info][gc] GC(577) Pause Young (Concurrent Start) (G1 Evacuation Pause) 425M->154M(512M) 19,808ms
[2020-11-04T20:36:43.004+0300][51,414s][info][gc] GC(578) Concurrent Cycle
[2020-11-04T20:36:43.048+0300][51,458s][info][gc] GC(578) Pause Remark 250M->244M(512M) 0,628ms
[2020-11-04T20:36:43.074+0300][51,484s][info][gc] GC(578) Pause Cleanup 315M->315M(512M) 0,133ms
[2020-11-04T20:36:43.074+0300][51,484s][info][gc] GC(578) Concurrent Cycle 70,657ms
[2020-11-04T20:36:43.127+0300][51,537s][info][gc] GC(579) Pause Young (Normal) (G1 Evacuation Pause) 425M->157M(512M) 14,937ms
[2020-11-04T20:36:43.237+0300][51,647s][info][gc] GC(580) Pause Young (Concurrent Start) (G1 Evacuation Pause) 431M->166M(512M) 15,272ms
[2020-11-04T20:36:43.237+0300][51,647s][info][gc] GC(581) Concurrent Cycle
[2020-11-04T20:36:43.295+0300][51,705s][info][gc] GC(581) Pause Remark 261M->261M(512M) 1,346ms
[2020-11-04T20:36:43.326+0300][51,736s][info][gc] GC(581) Pause Cleanup 344M->344M(512M) 0,130ms
[2020-11-04T20:36:43.326+0300][51,736s][info][gc] GC(581) Concurrent Cycle 88,690ms
[2020-11-04T20:36:43.372+0300][51,782s][info][gc] GC(582) Pause Young (Normal) (G1 Evacuation Pause) 431M->174M(512M) 14,855ms
[2020-11-04T20:36:43.474+0300][51,884s][info][gc] GC(583) Pause Young (Concurrent Start) (G1 Evacuation Pause) 430M->182M(512M) 14,292ms
[2020-11-04T20:36:43.474+0300][51,884s][info][gc] GC(584) Concurrent Cycle
[2020-11-04T20:36:43.530+0300][51,940s][info][gc] GC(584) Pause Remark 325M->325M(512M) 0,750ms
[2020-11-04T20:36:43.565+0300][51,975s][info][gc] GC(584) Pause Cleanup 420M->420M(512M) 0,183ms
[2020-11-04T20:36:43.565+0300][51,975s][info][gc] GC(584) Concurrent Cycle 90,912ms
[2020-11-04T20:36:43.584+0300][51,994s][info][gc] GC(585) Pause Young (Normal) (G1 Evacuation Pause) 433M->190M(512M) 14,079ms
[2020-11-04T20:36:43.682+0300][52,092s][info][gc] GC(586) Pause Young (Concurrent Start) (G1 Evacuation Pause) 433M->198M(512M) 13,765ms
[2020-11-04T20:36:43.682+0300][52,092s][info][gc] GC(587) Concurrent Cycle
[2020-11-04T20:36:43.745+0300][52,155s][info][gc] GC(587) Pause Remark 359M->359M(512M) 0,633ms
[2020-11-04T20:36:43.796+0300][52,206s][info][gc] GC(588) Pause Young (Normal) (G1 Evacuation Pause) 438M->209M(512M) 13,150ms
[2020-11-04T20:36:43.798+0300][52,208s][info][gc] GC(587) Pause Cleanup 212M->212M(512M) 0,146ms
[2020-11-04T20:36:43.798+0300][52,208s][info][gc] GC(587) Concurrent Cycle 116,149ms
[2020-11-04T20:36:43.887+0300][52,297s][info][gc] GC(589) Pause Young (Normal) (G1 Evacuation Pause) 433M->216M(512M) 12,652ms
[2020-11-04T20:36:43.975+0300][52,385s][info][gc] GC(590) Pause Young (Concurrent Start) (G1 Evacuation Pause) 434M->223M(512M) 12,343ms
[2020-11-04T20:36:43.975+0300][52,385s][info][gc] GC(591) Concurrent Cycle
[2020-11-04T20:36:44.009+0300][52,419s][info][gc] GC(591) Pause Remark 308M->230M(512M) 0,961ms
[2020-11-04T20:36:44.031+0300][52,441s][info][gc] GC(591) Pause Cleanup 288M->288M(512M) 0,157ms
[2020-11-04T20:36:44.031+0300][52,441s][info][gc] GC(591) Concurrent Cycle 56,235ms
[2020-11-04T20:36:44.065+0300][52,475s][info][gc] GC(592) Pause Young (Normal) (G1 Evacuation Pause) 357M->146M(512M) 9,661ms
[2020-11-04T20:36:44.177+0300][52,587s][info][gc] GC(593) Pause Young (Normal) (G1 Evacuation Pause) 431M->154M(512M) 13,187ms
[2020-11-04T20:36:44.287+0300][52,697s][info][gc] GC(594) Pause Young (Concurrent Start) (G1 Evacuation Pause) 427M->161M(512M) 15,917ms
[2020-11-04T20:36:44.287+0300][52,697s][info][gc] GC(595) Concurrent Cycle
[2020-11-04T20:36:44.323+0300][52,733s][info][gc] GC(595) Pause Remark 250M->245M(512M) 1,129ms
[2020-11-04T20:36:44.346+0300][52,756s][info][gc] GC(595) Pause Cleanup 307M->307M(512M) 0,173ms
[2020-11-04T20:36:44.346+0300][52,756s][info][gc] GC(595) Concurrent Cycle 58,873ms
[2020-11-04T20:36:44.403+0300][52,812s][info][gc] GC(596) Pause Young (Normal) (G1 Evacuation Pause) 428M->166M(512M) 14,383ms
[2020-11-04T20:36:44.510+0300][52,920s][info][gc] GC(597) Pause Young (Concurrent Start) (G1 Evacuation Pause) 430M->174M(512M) 14,580ms
[2020-11-04T20:36:44.510+0300][52,920s][info][gc] GC(598) Concurrent Cycle
[2020-11-04T20:36:44.553+0300][52,963s][info][gc] GC(598) Pause Remark 284M->284M(512M) 0,573ms
[2020-11-04T20:36:44.581+0300][52,991s][info][gc] GC(598) Pause Cleanup 358M->358M(512M) 0,150ms
[2020-11-04T20:36:44.581+0300][52,991s][info][gc] GC(598) Concurrent Cycle 71,114ms
[2020-11-04T20:36:44.621+0300][53,031s][info][gc] GC(599) Pause Young (Normal) (G1 Evacuation Pause) 431M->182M(512M) 14,520ms
[2020-11-04T20:36:44.722+0300][53,132s][info][gc] GC(600) Pause Young (Concurrent Start) (G1 Evacuation Pause) 433M->190M(512M) 14,115ms
[2020-11-04T20:36:44.722+0300][53,132s][info][gc] GC(601) Concurrent Cycle
[2020-11-04T20:36:44.773+0300][53,183s][info][gc] GC(601) Pause Remark 320M->320M(512M) 0,821ms
[2020-11-04T20:36:44.805+0300][53,215s][info][gc] GC(601) Pause Cleanup 406M->406M(512M) 0,137ms
[2020-11-04T20:36:44.806+0300][53,216s][info][gc] GC(601) Concurrent Cycle 83,405ms
[2020-11-04T20:36:44.830+0300][53,240s][info][gc] GC(602) Pause Young (Normal) (G1 Evacuation Pause) 434M->198M(512M) 14,289ms
[2020-11-04T20:36:44.925+0300][53,335s][info][gc] GC(603) Pause Young (Concurrent Start) (G1 Evacuation Pause) 434M->206M(512M) 13,232ms
[2020-11-04T20:36:44.925+0300][53,335s][info][gc] GC(604) Concurrent Cycle
[2020-11-04T20:36:44.981+0300][53,391s][info][gc] GC(604) Pause Remark 353M->353M(512M) 0,840ms
[2020-11-04T20:36:45.023+0300][53,433s][info][gc] GC(605) Pause Young (Normal) (G1 Evacuation Pause) 433M->213M(512M) 12,562ms
[2020-11-04T20:36:45.030+0300][53,440s][info][gc] GC(604) Pause Cleanup 232M->232M(512M) 0,193ms
[2020-11-04T20:36:45.031+0300][53,441s][info][gc] GC(604) Concurrent Cycle 106,025ms
[2020-11-04T20:36:45.113+0300][53,523s][info][gc] GC(606) Pause Young (Normal) (G1 Evacuation Pause) 435M->220M(512M) 12,848ms
[2020-11-04T20:36:45.200+0300][53,610s][info][gc] GC(607) Pause Young (Concurrent Start) (G1 Evacuation Pause) 436M->226M(512M) 12,248ms
[2020-11-04T20:36:45.200+0300][53,610s][info][gc] GC(608) Concurrent Cycle
[2020-11-04T20:36:45.270+0300][53,680s][info][gc] GC(608) Pause Remark 363M->363M(512M) 1,256ms
[2020-11-04T20:36:45.310+0300][53,720s][info][gc] GC(609) Pause Young (Normal) (G1 Evacuation Pause) 439M->237M(512M) 11,488ms
[2020-11-04T20:36:45.325+0300][53,735s][info][gc] GC(608) Pause Cleanup 279M->279M(512M) 0,184ms
[2020-11-04T20:36:45.326+0300][53,736s][info][gc] GC(608) Concurrent Cycle 125,506ms
[2020-11-04T20:36:45.396+0300][53,806s][info][gc] GC(610) Pause Young (Normal) (G1 Evacuation Pause) 435M->243M(512M) 14,010ms
[2020-11-04T20:36:45.476+0300][53,886s][info][gc] GC(611) Pause Young (Concurrent Start) (G1 Evacuation Pause) 438M->249M(512M) 11,702ms
[2020-11-04T20:36:45.476+0300][53,886s][info][gc] GC(612) Concurrent Cycle
[2020-11-04T20:36:45.511+0300][53,921s][info][gc] GC(612) Pause Remark 335M->251M(512M) 1,115ms
[2020-11-04T20:36:45.532+0300][53,942s][info][gc] GC(612) Pause Cleanup 310M->310M(512M) 0,157ms
[2020-11-04T20:36:45.533+0300][53,943s][info][gc] GC(612) Concurrent Cycle 56,333ms
[2020-11-04T20:36:45.559+0300][53,968s][info][gc] GC(613) Pause Young (Prepare Mixed) (G1 Evacuation Pause) 355M->169M(512M) 10,223ms
[2020-11-04T20:36:45.571+0300][53,981s][info][gc] GC(614) Pause Young (Mixed) (G1 Evacuation Pause) 175M->131M(512M) 9,901ms
[2020-11-04T20:36:45.685+0300][54,095s][info][gc] GC(615) Pause Young (Normal) (G1 Evacuation Pause) 437M->140M(512M) 7,860ms
[2020-11-04T20:36:45.800+0300][54,210s][info][gc] GC(616) Pause Young (Normal) (G1 Evacuation Pause) 437M->149M(512M) 11,823ms
[2020-11-04T20:36:45.912+0300][54,322s][info][gc] GC(617) Pause Young (Concurrent Start) (G1 Evacuation Pause) 437M->158M(512M) 12,990ms
[2020-11-04T20:36:45.912+0300][54,322s][info][gc] GC(618) Concurrent Cycle
[2020-11-04T20:36:45.956+0300][54,366s][info][gc] GC(618) Pause Remark 271M->266M(512M) 0,742ms
[2020-11-04T20:36:45.982+0300][54,392s][info][gc] GC(618) Pause Cleanup 337M->337M(512M) 0,129ms
[2020-11-04T20:36:45.983+0300][54,393s][info][gc] GC(618) Concurrent Cycle 70,281ms
[2020-11-04T20:36:46.029+0300][54,439s][info][gc] GC(619) Pause Young (Normal) (G1 Evacuation Pause) 425M->162M(512M) 15,739ms
[2020-11-04T20:36:46.136+0300][54,546s][info][gc] GC(620) Pause Young (Concurrent Start) (G1 Evacuation Pause) 429M->170M(512M) 15,215ms
[2020-11-04T20:36:46.136+0300][54,546s][info][gc] GC(621) Concurrent Cycle
[2020-11-04T20:36:46.185+0300][54,595s][info][gc] GC(621) Pause Remark 296M->296M(512M) 0,643ms
[2020-11-04T20:36:46.215+0300][54,625s][info][gc] GC(621) Pause Cleanup 379M->379M(512M) 0,157ms
[2020-11-04T20:36:46.216+0300][54,626s][info][gc] GC(621) Concurrent Cycle 79,369ms
[2020-11-04T20:36:46.248+0300][54,658s][info][gc] GC(622) Pause Young (Normal) (G1 Evacuation Pause) 430M->178M(512M) 14,524ms
[2020-11-04T20:36:46.349+0300][54,759s][info][gc] GC(623) Pause Young (Concurrent Start) (G1 Evacuation Pause) 431M->187M(512M) 13,970ms
[2020-11-04T20:36:46.349+0300][54,759s][info][gc] GC(624) Concurrent Cycle
[2020-11-04T20:36:46.405+0300][54,815s][info][gc] GC(624) Pause Remark 331M->331M(512M) 0,724ms
[2020-11-04T20:36:46.440+0300][54,850s][info][gc] GC(624) Pause Cleanup 428M->428M(512M) 0,141ms
[2020-11-04T20:36:46.441+0300][54,851s][info][gc] GC(624) Concurrent Cycle 91,613ms
[2020-11-04T20:36:46.456+0300][54,866s][info][gc] GC(625) Pause Young (Normal) (G1 Evacuation Pause) 433M->194M(512M) 13,937ms
[2020-11-04T20:36:46.553+0300][54,963s][info][gc] GC(626) Pause Young (Concurrent Start) (G1 Evacuation Pause) 434M->203M(512M) 13,543ms
[2020-11-04T20:36:46.553+0300][54,963s][info][gc] GC(627) Concurrent Cycle
[2020-11-04T20:36:46.614+0300][55,024s][info][gc] GC(627) Pause Remark 363M->363M(512M) 0,616ms
[2020-11-04T20:36:46.653+0300][55,063s][info][gc] GC(628) Pause Young (Normal) (G1 Evacuation Pause) 433M->210M(512M) 12,519ms
[2020-11-04T20:36:46.671+0300][55,081s][info][gc] GC(627) Pause Cleanup 237M->237M(512M) 0,206ms
[2020-11-04T20:36:46.671+0300][55,081s][info][gc] GC(627) Concurrent Cycle 118,778ms
[2020-11-04T20:36:46.711+0300][55,121s][info][gc] GC(629) Pause Young (Concurrent Start) (G1 Humongous Allocation) 288M->212M(512M) 11,014ms
[2020-11-04T20:36:46.711+0300][55,121s][info][gc] GC(630) Concurrent Cycle
[2020-11-04T20:36:46.751+0300][55,161s][info][gc] GC(630) Pause Remark 281M->223M(512M) 1,032ms
[2020-11-04T20:36:46.774+0300][55,184s][info][gc] GC(630) Pause Cleanup 283M->283M(512M) 0,179ms
[2020-11-04T20:36:46.774+0300][55,184s][info][gc] GC(630) Concurrent Cycle 63,509ms
[2020-11-04T20:36:46.819+0300][55,229s][info][gc] GC(631) Pause Young (Prepare Mixed) (G1 Evacuation Pause) 384M->149M(512M) 6,113ms
[2020-11-04T20:36:46.835+0300][55,245s][info][gc] GC(632) Pause Young (Mixed) (G1 Evacuation Pause) 165M->120M(512M) 10,096ms
[2020-11-04T20:36:46.947+0300][55,357s][info][gc] GC(633) Pause Young (Normal) (G1 Evacuation Pause) 425M->128M(512M) 7,153ms
[2020-11-04T20:36:47.060+0300][55,470s][info][gc] GC(634) Pause Young (Normal) (G1 Evacuation Pause) 425M->138M(512M) 10,039ms
[2020-11-04T20:36:47.173+0300][55,583s][info][gc] GC(635) Pause Young (Concurrent Start) (G1 Evacuation Pause) 426M->147M(512M) 14,289ms
[2020-11-04T20:36:47.173+0300][55,583s][info][gc] GC(636) Concurrent Cycle
[2020-11-04T20:36:47.211+0300][55,621s][info][gc] GC(636) Pause Remark 245M->240M(512M) 0,677ms
[2020-11-04T20:36:47.234+0300][55,644s][info][gc] GC(636) Pause Cleanup 301M->301M(512M) 0,163ms
[2020-11-04T20:36:47.235+0300][55,645s][info][gc] GC(636) Concurrent Cycle 61,798ms
[2020-11-04T20:36:47.292+0300][55,702s][info][gc] GC(637) Pause Young (Normal) (G1 Evacuation Pause) 421M->151M(512M) 16,220ms
[2020-11-04T20:36:47.404+0300][55,814s][info][gc] GC(638) Pause Young (Concurrent Start) (G1 Evacuation Pause) 430M->159M(512M) 15,281ms
[2020-11-04T20:36:47.404+0300][55,814s][info][gc] GC(639) Concurrent Cycle
[2020-11-04T20:36:47.448+0300][55,858s][info][gc] GC(639) Pause Remark 272M->272M(512M) 0,575ms
[2020-11-04T20:36:47.475+0300][55,885s][info][gc] GC(639) Pause Cleanup 345M->345M(512M) 0,135ms
[2020-11-04T20:36:47.476+0300][55,886s][info][gc] GC(639) Concurrent Cycle 71,794ms
[2020-11-04T20:36:47.520+0300][55,930s][info][gc] GC(640) Pause Young (Normal) (G1 Evacuation Pause) 431M->168M(512M) 14,853ms
[2020-11-04T20:36:47.626+0300][56,036s][info][gc] GC(641) Pause Young (Concurrent Start) (G1 Evacuation Pause) 430M->177M(512M) 14,995ms
[2020-11-04T20:36:47.626+0300][56,036s][info][gc] GC(642) Concurrent Cycle
[2020-11-04T20:36:47.695+0300][56,105s][info][gc] GC(642) Pause Remark 359M->359M(512M) 0,834ms
[2020-11-04T20:36:47.737+0300][56,147s][info][gc] GC(643) Pause Young (Normal) (G1 Evacuation Pause) 432M->185M(512M) 13,729ms
[2020-11-04T20:36:47.742+0300][56,152s][info][gc] GC(642) Pause Cleanup 198M->198M(512M) 0,164ms
[2020-11-04T20:36:47.742+0300][56,152s][info][gc] GC(642) Concurrent Cycle 115,990ms
[2020-11-04T20:36:47.839+0300][56,249s][info][gc] GC(644) Pause Young (Normal) (G1 Evacuation Pause) 433M->193M(512M) 13,761ms
[2020-11-04T20:36:47.936+0300][56,346s][info][gc] GC(645) Pause Young (Concurrent Start) (G1 Evacuation Pause) 433M->201M(512M) 13,537ms
[2020-11-04T20:36:47.936+0300][56,346s][info][gc] GC(646) Concurrent Cycle
[2020-11-04T20:36:48.004+0300][56,414s][info][gc] GC(646) Pause Remark 339M->339M(512M) 0,822ms
[2020-11-04T20:36:48.052+0300][56,462s][info][gc] GC(647) Pause Young (Normal) (G1 Evacuation Pause) 433M->208M(512M) 12,707ms
[2020-11-04T20:36:48.056+0300][56,466s][info][gc] GC(646) Pause Cleanup 218M->218M(512M) 0,176ms
[2020-11-04T20:36:48.056+0300][56,466s][info][gc] GC(646) Concurrent Cycle 120,516ms
[2020-11-04T20:36:48.145+0300][56,555s][info][gc] GC(648) Pause Young (Normal) (G1 Evacuation Pause) 434M->214M(512M) 13,836ms
[2020-11-04T20:36:48.182+0300][56,592s][info][gc] GC(649) Pause Young (Concurrent Start) (G1 Humongous Allocation) 262M->216M(512M) 10,630ms
[2020-11-04T20:36:48.182+0300][56,592s][info][gc] GC(650) Concurrent Cycle
[2020-11-04T20:36:48.225+0300][56,635s][info][gc] GC(650) Pause Remark 282M->212M(512M) 0,622ms
[2020-11-04T20:36:48.248+0300][56,658s][info][gc] GC(650) Pause Cleanup 273M->273M(512M) 0,190ms
[2020-11-04T20:36:48.248+0300][56,658s][info][gc] GC(650) Concurrent Cycle 65,623ms
[2020-11-04T20:36:48.290+0300][56,699s][info][gc] GC(651) Pause Young (Normal) (G1 Evacuation Pause) 375M->142M(512M) 5,910ms
[2020-11-04T20:36:48.403+0300][56,813s][info][gc] GC(652) Pause Young (Normal) (G1 Evacuation Pause) 438M->150M(512M) 9,165ms
[2020-11-04T20:36:48.515+0300][56,925s][info][gc] GC(653) Pause Young (Concurrent Start) (G1 Evacuation Pause) 439M->159M(512M) 12,498ms
[2020-11-04T20:36:48.515+0300][56,925s][info][gc] GC(654) Concurrent Cycle
[2020-11-04T20:36:48.550+0300][56,960s][info][gc] GC(654) Pause Remark 249M->243M(512M) 0,745ms
[2020-11-04T20:36:48.571+0300][56,981s][info][gc] GC(654) Pause Cleanup 301M->301M(512M) 0,142ms
[2020-11-04T20:36:48.572+0300][56,982s][info][gc] GC(654) Concurrent Cycle 56,675ms
[2020-11-04T20:36:48.630+0300][57,040s][info][gc] GC(655) Pause Young (Normal) (G1 Evacuation Pause) 426M->161M(512M) 14,837ms
[2020-11-04T20:36:48.738+0300][57,148s][info][gc] GC(656) Pause Young (Concurrent Start) (G1 Evacuation Pause) 430M->169M(512M) 15,309ms
[2020-11-04T20:36:48.738+0300][57,148s][info][gc] GC(657) Concurrent Cycle
[2020-11-04T20:36:48.779+0300][57,189s][info][gc] GC(657) Pause Remark 272M->272M(512M) 0,983ms
[2020-11-04T20:36:48.804+0300][57,214s][info][gc] GC(657) Pause Cleanup 341M->341M(512M) 0,148ms
[2020-11-04T20:36:48.805+0300][57,215s][info][gc] GC(657) Concurrent Cycle 66,342ms
[2020-11-04T20:36:48.855+0300][57,265s][info][gc] GC(658) Pause Young (Normal) (G1 Evacuation Pause) 432M->178M(512M) 14,918ms
[2020-11-04T20:36:48.958+0300][57,368s][info][gc] GC(659) Pause Young (Concurrent Start) (G1 Evacuation Pause) 432M->187M(512M) 14,285ms
[2020-11-04T20:36:48.958+0300][57,368s][info][gc] GC(660) Concurrent Cycle
[2020-11-04T20:36:49.005+0300][57,415s][info][gc] GC(660) Pause Remark 307M->307M(512M) 0,969ms
[2020-11-04T20:36:49.035+0300][57,445s][info][gc] GC(660) Pause Cleanup 389M->389M(512M) 0,178ms
[2020-11-04T20:36:49.036+0300][57,446s][info][gc] GC(660) Concurrent Cycle 77,619ms
[2020-11-04T20:36:49.065+0300][57,475s][info][gc] GC(661) Pause Young (Normal) (G1 Evacuation Pause) 432M->194M(512M) 14,358ms
[2020-11-04T20:36:49.162+0300][57,572s][info][gc] GC(662) Pause Young (Concurrent Start) (G1 Evacuation Pause) 432M->202M(512M) 14,419ms
[2020-11-04T20:36:49.162+0300][57,572s][info][gc] GC(663) Concurrent Cycle
[2020-11-04T20:36:49.217+0300][57,627s][info][gc] GC(663) Pause Remark 342M->342M(512M) 0,985ms
[2020-11-04T20:36:49.264+0300][57,674s][info][gc] GC(664) Pause Young (Normal) (G1 Evacuation Pause) 434M->209M(512M) 12,716ms
[2020-11-04T20:36:49.265+0300][57,675s][info][gc] GC(663) Pause Cleanup 212M->212M(512M) 0,187ms
[2020-11-04T20:36:49.266+0300][57,676s][info][gc] GC(663) Concurrent Cycle 103,539ms
[2020-11-04T20:36:49.355+0300][57,765s][info][gc] GC(665) Pause Young (Normal) (G1 Evacuation Pause) 434M->217M(512M) 12,745ms
[2020-11-04T20:36:49.443+0300][57,853s][info][gc] GC(666) Pause Young (Concurrent Start) (G1 Evacuation Pause) 435M->223M(512M) 12,126ms
[2020-11-04T20:36:49.443+0300][57,853s][info][gc] GC(667) Concurrent Cycle
[2020-11-04T20:36:49.512+0300][57,922s][info][gc] GC(667) Pause Remark 368M->368M(512M) 0,620ms
[2020-11-04T20:36:49.549+0300][57,959s][info][gc] GC(668) Pause Young (Normal) (G1 Evacuation Pause) 435M->230M(512M) 11,507ms
[2020-11-04T20:36:49.568+0300][57,978s][info][gc] GC(667) Pause Cleanup 260M->260M(512M) 0,223ms
[2020-11-04T20:36:49.569+0300][57,979s][info][gc] GC(667) Concurrent Cycle 125,379ms
[2020-11-04T20:36:49.642+0300][58,052s][info][gc] GC(669) Pause Young (Normal) (G1 Evacuation Pause) 435M->236M(512M) 12,733ms
[2020-11-04T20:36:49.673+0300][58,083s][info][gc] GC(670) Pause Young (Concurrent Start) (G1 Humongous Allocation) 265M->238M(512M) 9,796ms
[2020-11-04T20:36:49.673+0300][58,083s][info][gc] GC(671) Concurrent Cycle
[2020-11-04T20:36:49.707+0300][58,117s][info][gc] GC(671) Pause Remark 328M->250M(512M) 0,635ms
[2020-11-04T20:36:49.730+0300][58,140s][info][gc] GC(671) Pause Cleanup 312M->312M(512M) 0,146ms
[2020-11-04T20:36:49.730+0300][58,140s][info][gc] GC(671) Concurrent Cycle 57,332ms
[2020-11-04T20:36:49.756+0300][58,166s][info][gc] GC(672) Pause Young (Prepare Mixed) (G1 Evacuation Pause) 369M->157M(512M) 5,422ms
[2020-11-04T20:36:49.770+0300][58,180s][info][gc] GC(673) Pause Young (Mixed) (G1 Evacuation Pause) 174M->123M(512M) 7,823ms
[2020-11-04T20:36:49.882+0300][58,292s][info][gc] GC(674) Pause Young (Normal) (G1 Evacuation Pause) 429M->131M(512M) 7,008ms
[2020-11-04T20:36:49.995+0300][58,405s][info][gc] GC(675) Pause Young (Normal) (G1 Evacuation Pause) 428M->141M(512M) 10,340ms
[2020-11-04T20:36:50.108+0300][58,518s][info][gc] GC(676) Pause Young (Concurrent Start) (G1 Evacuation Pause) 429M->150M(512M) 12,873ms
[2020-11-04T20:36:50.108+0300][58,518s][info][gc] GC(677) Concurrent Cycle
[2020-11-04T20:36:50.147+0300][58,557s][info][gc] GC(677) Pause Remark 251M->246M(512M) 0,684ms
[2020-11-04T20:36:50.170+0300][58,580s][info][gc] GC(677) Pause Cleanup 309M->309M(512M) 0,153ms
[2020-11-04T20:36:50.171+0300][58,580s][info][gc] GC(677) Concurrent Cycle 62,905ms
[2020-11-04T20:36:50.226+0300][58,636s][info][gc] GC(678) Pause Young (Normal) (G1 Evacuation Pause) 424M->153M(512M) 16,003ms
[2020-11-04T20:36:50.337+0300][58,747s][info][gc] GC(679) Pause Young (Concurrent Start) (G1 Evacuation Pause) 431M->162M(512M) 15,271ms
[2020-11-04T20:36:50.337+0300][58,747s][info][gc] GC(680) Concurrent Cycle
[2020-11-04T20:36:50.388+0300][58,798s][info][gc] GC(680) Pause Remark 256M->256M(512M) 0,695ms
[2020-11-04T20:36:50.416+0300][58,826s][info][gc] GC(680) Pause Cleanup 332M->332M(512M) 0,123ms
[2020-11-04T20:36:50.417+0300][58,827s][info][gc] GC(680) Concurrent Cycle 79,281ms
[2020-11-04T20:36:50.466+0300][58,876s][info][gc] GC(681) Pause Young (Normal) (G1 Evacuation Pause) 431M->170M(512M) 15,089ms
[2020-11-04T20:36:50.571+0300][58,981s][info][gc] GC(682) Pause Young (Concurrent Start) (G1 Evacuation Pause) 432M->178M(512M) 14,603ms
[2020-11-04T20:36:50.571+0300][58,981s][info][gc] GC(683) Concurrent Cycle
[2020-11-04T20:36:50.623+0300][59,033s][info][gc] GC(683) Pause Remark 312M->312M(512M) 1,402ms
[2020-11-04T20:36:50.656+0300][59,066s][info][gc] GC(683) Pause Cleanup 403M->403M(512M) 0,146ms
[2020-11-04T20:36:50.657+0300][59,067s][info][gc] GC(683) Concurrent Cycle 85,984ms
[2020-11-04T20:36:50.681+0300][59,091s][info][gc] GC(684) Pause Young (Normal) (G1 Evacuation Pause) 431M->187M(512M) 14,104ms
[2020-11-04T20:36:50.780+0300][59,190s][info][gc] GC(685) Pause Young (Concurrent Start) (G1 Evacuation Pause) 433M->194M(512M) 13,941ms
[2020-11-04T20:36:50.780+0300][59,190s][info][gc] GC(686) Concurrent Cycle
[2020-11-04T20:36:50.838+0300][59,248s][info][gc] GC(686) Pause Remark 346M->346M(512M) 0,578ms
[2020-11-04T20:36:50.882+0300][59,292s][info][gc] GC(687) Pause Young (Normal) (G1 Evacuation Pause) 432M->201M(512M) 13,048ms
[2020-11-04T20:36:50.888+0300][59,298s][info][gc] GC(686) Pause Cleanup 217M->217M(512M) 0,171ms
[2020-11-04T20:36:50.889+0300][59,299s][info][gc] GC(686) Concurrent Cycle 109,104ms
[2020-11-04T20:36:50.981+0300][59,391s][info][gc] GC(688) Pause Young (Normal) (G1 Evacuation Pause) 433M->208M(512M) 14,275ms
[2020-11-04T20:36:51.071+0300][59,481s][info][gc] GC(689) Pause Young (Concurrent Start) (G1 Evacuation Pause) 434M->215M(512M) 12,433ms
[2020-11-04T20:36:51.071+0300][59,481s][info][gc] GC(690) Concurrent Cycle
[2020-11-04T20:36:51.141+0300][59,551s][info][gc] GC(690) Pause Remark 369M->369M(512M) 0,905ms
[2020-11-04T20:36:51.179+0300][59,589s][info][gc] GC(691) Pause Young (Normal) (G1 Evacuation Pause) 439M->227M(512M) 12,295ms
[2020-11-04T20:36:51.198+0300][59,608s][info][gc] GC(690) Pause Cleanup 279M->279M(512M) 0,152ms
[2020-11-04T20:36:51.199+0300][59,609s][info][gc] GC(690) Concurrent Cycle 127,347ms
[2020-11-04T20:36:51.266+0300][59,676s][info][gc] GC(692) Pause Young (Normal) (G1 Evacuation Pause) 436M->233M(512M) 13,601ms
[2020-11-04T20:36:51.352+0300][59,762s][info][gc] GC(693) Pause Young (Concurrent Start) (G1 Evacuation Pause) 437M->240M(512M) 12,589ms
[2020-11-04T20:36:51.352+0300][59,762s][info][gc] GC(694) Concurrent Cycle
[2020-11-04T20:36:51.394+0300][59,804s][info][gc] GC(694) Pause Remark 319M->237M(512M) 0,881ms
[2020-11-04T20:36:51.424+0300][59,834s][info][gc] GC(694) Pause Cleanup 282M->282M(512M) 0,157ms
[2020-11-04T20:36:51.425+0300][59,835s][info][gc] GC(694) Concurrent Cycle 72,897ms
[2020-11-04T20:36:51.463+0300][59,873s][info][gc] GC(695) Pause Young (Normal) (G1 Evacuation Pause) 355M->162M(512M) 10,383ms
[2020-11-04T20:36:51.571+0300][59,981s][info][gc] GC(696) Pause Young (Normal) (G1 Evacuation Pause) 438M->169M(512M) 12,331ms
[2020-11-04T20:36:51.676+0300][60,086s][info][gc] GC(697) Pause Young (Concurrent Start) (G1 Evacuation Pause) 429M->178M(512M) 15,237ms
[2020-11-04T20:36:51.676+0300][60,086s][info][gc] GC(698) Concurrent Cycle
[2020-11-04T20:36:51.726+0300][60,136s][info][gc] GC(698) Pause Remark 309M->303M(512M) 0,628ms
[2020-11-04T20:36:51.752+0300][60,162s][info][gc] GC(698) Pause Cleanup 372M->372M(512M) 0,117ms
[2020-11-04T20:36:51.753+0300][60,163s][info][gc] GC(698) Concurrent Cycle 76,827ms
[2020-11-04T20:36:51.785+0300][60,195s][info][gc] GC(699) Pause Young (Normal) (G1 Evacuation Pause) 428M->180M(512M) 13,568ms
[2020-11-04T20:36:51.886+0300][60,296s][info][gc] GC(700) Pause Young (Concurrent Start) (G1 Evacuation Pause) 432M->187M(512M) 14,132ms
[2020-11-04T20:36:51.886+0300][60,296s][info][gc] GC(701) Concurrent Cycle
[2020-11-04T20:36:51.938+0300][60,348s][info][gc] GC(701) Pause Remark 300M->300M(512M) 0,847ms
[2020-11-04T20:36:51.968+0300][60,378s][info][gc] GC(701) Pause Cleanup 383M->383M(512M) 0,153ms
[2020-11-04T20:36:51.969+0300][60,379s][info][gc] GC(701) Concurrent Cycle 82,101ms
[2020-11-04T20:36:52.000+0300][60,410s][info][gc] GC(702) Pause Young (Normal) (G1 Evacuation Pause) 434M->196M(512M) 13,811ms
[2020-11-04T20:36:52.096+0300][60,506s][info][gc] GC(703) Pause Young (Concurrent Start) (G1 Evacuation Pause) 433M->203M(512M) 13,307ms
[2020-11-04T20:36:52.096+0300][60,506s][info][gc] GC(704) Concurrent Cycle
[2020-11-04T20:36:52.150+0300][60,560s][info][gc] GC(704) Pause Remark 344M->344M(512M) 0,685ms
[2020-11-04T20:36:52.196+0300][60,606s][info][gc] GC(705) Pause Young (Normal) (G1 Evacuation Pause) 434M->210M(512M) 12,665ms
[2020-11-04T20:36:52.198+0300][60,608s][info][gc] GC(704) Pause Cleanup 213M->213M(512M) 0,161ms
[2020-11-04T20:36:52.198+0300][60,608s][info][gc] GC(704) Concurrent Cycle 102,366ms
[2020-11-04T20:36:52.287+0300][60,697s][info][gc] GC(706) Pause Young (Normal) (G1 Evacuation Pause) 435M->218M(512M) 12,505ms
[2020-11-04T20:36:52.374+0300][60,784s][info][gc] GC(707) Pause Young (Concurrent Start) (G1 Evacuation Pause) 435M->224M(512M) 12,147ms
[2020-11-04T20:36:52.374+0300][60,784s][info][gc] GC(708) Concurrent Cycle
[2020-11-04T20:36:52.438+0300][60,848s][info][gc] GC(708) Pause Remark 390M->390M(512M) 0,934ms
[2020-11-04T20:36:52.467+0300][60,877s][info][gc] GC(709) Pause Young (Normal) (G1 Evacuation Pause) 435M->231M(512M) 12,317ms
[2020-11-04T20:36:52.492+0300][60,901s][info][gc] GC(708) Pause Cleanup 297M->297M(512M) 0,188ms
[2020-11-04T20:36:52.492+0300][60,902s][info][gc] GC(708) Concurrent Cycle 117,492ms
[2020-11-04T20:36:52.551+0300][60,961s][info][gc] GC(710) Pause Young (Normal) (G1 Evacuation Pause) 435M->238M(512M) 11,484ms
[2020-11-04T20:36:52.609+0300][61,019s][info][gc] GC(711) Pause Young (Concurrent Start) (G1 Humongous Allocation) 342M->240M(512M) 11,331ms
[2020-11-04T20:36:52.609+0300][61,019s][info][gc] GC(712) Concurrent Cycle
[2020-11-04T20:36:52.646+0300][61,056s][info][gc] GC(712) Pause Remark 335M->263M(512M) 1,066ms
[2020-11-04T20:36:52.669+0300][61,079s][info][gc] GC(712) Pause Cleanup 327M->327M(512M) 0,195ms
[2020-11-04T20:36:52.670+0300][61,080s][info][gc] GC(712) Concurrent Cycle 60,811ms
[2020-11-04T20:36:52.691+0300][61,101s][info][gc] GC(713) Pause Young (Prepare Mixed) (G1 Evacuation Pause) 373M->163M(512M) 5,395ms
[2020-11-04T20:36:52.705+0300][61,115s][info][gc] GC(714) Pause Young (Mixed) (G1 Evacuation Pause) 180M->128M(512M) 7,313ms
[2020-11-04T20:36:52.818+0300][61,228s][info][gc] GC(715) Pause Young (Normal) (G1 Evacuation Pause) 434M->137M(512M) 6,872ms
[2020-11-04T20:36:52.931+0300][61,341s][info][gc] GC(716) Pause Young (Normal) (G1 Evacuation Pause) 434M->146M(512M) 9,951ms
[2020-11-04T20:36:53.048+0300][61,458s][info][gc] GC(717) Pause Young (Concurrent Start) (G1 Evacuation Pause) 434M->155M(512M) 12,626ms
[2020-11-04T20:36:53.048+0300][61,458s][info][gc] GC(718) Concurrent Cycle
[2020-11-04T20:36:53.106+0300][61,516s][info][gc] GC(718) Pause Remark 309M->303M(512M) 0,768ms
[2020-11-04T20:36:53.130+0300][61,540s][info][gc] GC(718) Pause Cleanup 368M->368M(512M) 0,137ms
[2020-11-04T20:36:53.131+0300][61,541s][info][gc] GC(718) Concurrent Cycle 83,184ms
[2020-11-04T20:36:53.166+0300][61,576s][info][gc] GC(719) Pause Young (Normal) (G1 Evacuation Pause) 424M->158M(512M) 15,956ms
[2020-11-04T20:36:53.279+0300][61,689s][info][gc] GC(720) Pause Young (Concurrent Start) (G1 Evacuation Pause) 429M->167M(512M) 15,244ms
[2020-11-04T20:36:53.279+0300][61,689s][info][gc] GC(721) Concurrent Cycle
[2020-11-04T20:36:53.325+0300][61,735s][info][gc] GC(721) Pause Remark 284M->284M(512M) 1,568ms
[2020-11-04T20:36:53.354+0300][61,764s][info][gc] GC(721) Pause Cleanup 363M->363M(512M) 0,161ms
[2020-11-04T20:36:53.354+0300][61,764s][info][gc] GC(721) Concurrent Cycle 75,654ms
[2020-11-04T20:36:53.393+0300][61,803s][info][gc] GC(722) Pause Young (Normal) (G1 Evacuation Pause) 431M->174M(512M) 14,749ms
[2020-11-04T20:36:53.497+0300][61,907s][info][gc] GC(723) Pause Young (Concurrent Start) (G1 Evacuation Pause) 433M->182M(512M) 14,431ms
[2020-11-04T20:36:53.497+0300][61,907s][info][gc] GC(724) Concurrent Cycle
[2020-11-04T20:36:53.551+0300][61,961s][info][gc] GC(724) Pause Remark 319M->319M(512M) 0,868ms
[2020-11-04T20:36:53.585+0300][61,995s][info][gc] GC(724) Pause Cleanup 412M->412M(512M) 0,157ms
[2020-11-04T20:36:53.585+0300][61,995s][info][gc] GC(724) Concurrent Cycle 88,221ms
[2020-11-04T20:36:53.607+0300][62,017s][info][gc] GC(725) Pause Young (Normal) (G1 Evacuation Pause) 433M->189M(512M) 14,000ms
[2020-11-04T20:36:53.705+0300][62,115s][info][gc] GC(726) Pause Young (Concurrent Start) (G1 Evacuation Pause) 433M->199M(512M) 13,803ms
[2020-11-04T20:36:53.705+0300][62,115s][info][gc] GC(727) Concurrent Cycle
[2020-11-04T20:36:53.766+0300][62,176s][info][gc] GC(727) Pause Remark 355M->355M(512M) 0,753ms
[2020-11-04T20:36:53.808+0300][62,218s][info][gc] GC(728) Pause Young (Normal) (G1 Evacuation Pause) 433M->206M(512M) 13,354ms
[2020-11-04T20:36:53.818+0300][62,228s][info][gc] GC(727) Pause Cleanup 232M->232M(512M) 0,140ms
[2020-11-04T20:36:53.818+0300][62,228s][info][gc] GC(727) Concurrent Cycle 112,956ms
[2020-11-04T20:36:53.903+0300][62,313s][info][gc] GC(729) Pause Young (Normal) (G1 Evacuation Pause) 435M->213M(512M) 13,120ms
[2020-11-04T20:36:53.992+0300][62,402s][info][gc] GC(730) Pause Young (Concurrent Start) (G1 Evacuation Pause) 435M->220M(512M) 12,485ms
[2020-11-04T20:36:53.992+0300][62,402s][info][gc] GC(731) Concurrent Cycle
[2020-11-04T20:36:54.066+0300][62,476s][info][gc] GC(731) Pause Remark 359M->359M(512M) 0,839ms
[2020-11-04T20:36:54.108+0300][62,518s][info][gc] GC(732) Pause Young (Normal) (G1 Evacuation Pause) 438M->231M(512M) 11,956ms
[2020-11-04T20:36:54.129+0300][62,539s][info][gc] GC(731) Pause Cleanup 263M->263M(512M) 0,179ms
[2020-11-04T20:36:54.130+0300][62,540s][info][gc] GC(731) Concurrent Cycle 137,698ms
[2020-11-04T20:36:54.205+0300][62,615s][info][gc] GC(733) Pause Young (Normal) (G1 Evacuation Pause) 436M->236M(512M) 11,752ms
[2020-11-04T20:36:54.286+0300][62,696s][info][gc] GC(734) Pause Young (Concurrent Start) (G1 Evacuation Pause) 436M->243M(512M) 11,544ms
[2020-11-04T20:36:54.286+0300][62,696s][info][gc] GC(735) Concurrent Cycle
[2020-11-04T20:36:54.324+0300][62,734s][info][gc] GC(735) Pause Remark 341M->261M(512M) 0,688ms
[2020-11-04T20:36:54.348+0300][62,758s][info][gc] GC(735) Pause Cleanup 327M->327M(512M) 0,180ms
[2020-11-04T20:36:54.349+0300][62,758s][info][gc] GC(735) Concurrent Cycle 62,800ms
[2020-11-04T20:36:54.369+0300][62,779s][info][gc] GC(736) Pause Young (Normal) (G1 Evacuation Pause) 358M->165M(512M) 9,920ms
[2020-11-04T20:36:54.479+0300][62,889s][info][gc] GC(737) Pause Young (Normal) (G1 Evacuation Pause) 439M->173M(512M) 14,023ms
[2020-11-04T20:36:54.587+0300][62,997s][info][gc] GC(738) Pause Young (Concurrent Start) (G1 Evacuation Pause) 431M->181M(512M) 15,493ms
[2020-11-04T20:36:54.588+0300][62,998s][info][gc] GC(739) Concurrent Cycle
[2020-11-04T20:36:54.629+0300][63,038s][info][gc] GC(739) Pause Remark 285M->281M(512M) 0,969ms
[2020-11-04T20:36:54.655+0300][63,065s][info][gc] GC(739) Pause Cleanup 353M->353M(512M) 0,185ms
[2020-11-04T20:36:54.655+0300][63,065s][info][gc] GC(739) Concurrent Cycle 67,773ms
[2020-11-04T20:36:54.702+0300][63,112s][info][gc] GC(740) Pause Young (Normal) (G1 Evacuation Pause) 431M->186M(512M) 13,400ms
[2020-11-04T20:36:54.801+0300][63,211s][info][gc] GC(741) Pause Young (Concurrent Start) (G1 Evacuation Pause) 433M->194M(512M) 14,093ms
[2020-11-04T20:36:54.801+0300][63,211s][info][gc] GC(742) Concurrent Cycle
[2020-11-04T20:36:54.849+0300][63,259s][info][gc] GC(742) Pause Remark 318M->318M(512M) 0,602ms
[2020-11-04T20:36:54.880+0300][63,290s][info][gc] GC(742) Pause Cleanup 401M->401M(512M) 0,197ms
[2020-11-04T20:36:54.880+0300][63,290s][info][gc] GC(742) Concurrent Cycle 79,012ms
[2020-11-04T20:36:54.907+0300][63,317s][info][gc] GC(743) Pause Young (Normal) (G1 Evacuation Pause) 433M->201M(512M) 13,385ms
[2020-11-04T20:36:55.001+0300][63,411s][info][gc] GC(744) Pause Young (Concurrent Start) (G1 Evacuation Pause) 432M->208M(512M) 14,036ms
[2020-11-04T20:36:55.001+0300][63,411s][info][gc] GC(745) Concurrent Cycle
[2020-11-04T20:36:55.056+0300][63,466s][info][gc] GC(745) Pause Remark 349M->349M(512M) 0,760ms
[2020-11-04T20:36:55.097+0300][63,507s][info][gc] GC(745) Pause Cleanup 428M->428M(512M) 0,179ms
[2020-11-04T20:36:55.097+0300][63,507s][info][gc] GC(745) Concurrent Cycle 95,741ms
[2020-11-04T20:36:55.112+0300][63,522s][info][gc] GC(746) Pause Young (Normal) (G1 Evacuation Pause) 435M->214M(512M) 12,853ms
[2020-11-04T20:36:55.201+0300][63,611s][info][gc] GC(747) Pause Young (Concurrent Start) (G1 Evacuation Pause) 436M->221M(512M) 12,604ms
[2020-11-04T20:36:55.202+0300][63,612s][info][gc] GC(748) Concurrent Cycle
[2020-11-04T20:36:55.263+0300][63,673s][info][gc] GC(748) Pause Remark 380M->380M(512M) 0,785ms
[2020-11-04T20:36:55.295+0300][63,705s][info][gc] GC(749) Pause Young (Normal) (G1 Evacuation Pause) 435M->229M(512M) 11,819ms
[2020-11-04T20:36:55.314+0300][63,723s][info][gc] GC(748) Pause Cleanup 278M->278M(512M) 0,177ms
[2020-11-04T20:36:55.314+0300][63,724s][info][gc] GC(748) Concurrent Cycle 112,392ms
[2020-11-04T20:36:55.381+0300][63,791s][info][gc] GC(750) Pause Young (Normal) (G1 Evacuation Pause) 436M->235M(512M) 11,761ms
[2020-11-04T20:36:55.462+0300][63,872s][info][gc] GC(751) Pause Young (Concurrent Start) (G1 Evacuation Pause) 437M->241M(512M) 11,240ms
[2020-11-04T20:36:55.462+0300][63,872s][info][gc] GC(752) Concurrent Cycle
[2020-11-04T20:36:55.533+0300][63,943s][info][gc] GC(752) Pause Remark 421M->421M(512M) 1,699ms
[2020-11-04T20:36:55.550+0300][63,960s][info][gc] GC(753) Pause Young (Normal) (G1 Evacuation Pause) 438M->247M(512M) 10,897ms
[2020-11-04T20:36:55.588+0300][63,998s][info][gc] GC(752) Pause Cleanup 326M->326M(512M) 0,192ms
[2020-11-04T20:36:55.589+0300][63,999s][info][gc] GC(752) Concurrent Cycle 126,554ms
[2020-11-04T20:36:55.640+0300][64,050s][info][gc] GC(754) Pause Young (Normal) (G1 Evacuation Pause) 442M->257M(512M) 10,912ms
[2020-11-04T20:36:55.714+0300][64,124s][info][gc] GC(755) Pause Young (Concurrent Start) (G1 Evacuation Pause) 439M->262M(512M) 10,773ms
[2020-11-04T20:36:55.714+0300][64,124s][info][gc] GC(756) Concurrent Cycle
[2020-11-04T20:36:55.753+0300][64,163s][info][gc] GC(756) Pause Remark 361M->284M(512M) 0,787ms
[2020-11-04T20:36:55.777+0300][64,187s][info][gc] GC(756) Pause Cleanup 351M->351M(512M) 0,159ms
[2020-11-04T20:36:55.778+0300][64,188s][info][gc] GC(756) Concurrent Cycle 64,084ms
[2020-11-04T20:36:55.791+0300][64,201s][info][gc] GC(757) Pause Young (Prepare Mixed) (G1 Evacuation Pause) 363M->184M(512M) 8,598ms
[2020-11-04T20:36:55.804+0300][64,214s][info][gc] GC(758) Pause Young (Mixed) (G1 Evacuation Pause) 192M->144M(512M) 9,882ms
[2020-11-04T20:36:55.914+0300][64,324s][info][gc] GC(759) Pause Young (Normal) (G1 Evacuation Pause) 439M->152M(512M) 6,539ms
[2020-11-04T20:36:56.023+0300][64,433s][info][gc] GC(760) Pause Young (Normal) (G1 Evacuation Pause) 439M->160M(512M) 9,822ms
[2020-11-04T20:36:56.132+0300][64,542s][info][gc] GC(761) Pause Young (Concurrent Start) (G1 Evacuation Pause) 438M->169M(512M) 12,386ms
[2020-11-04T20:36:56.132+0300][64,542s][info][gc] GC(762) Concurrent Cycle
[2020-11-04T20:36:56.191+0300][64,601s][info][gc] GC(762) Pause Remark 253M->249M(512M) 1,471ms
[2020-11-04T20:36:56.226+0300][64,636s][info][gc] GC(762) Pause Cleanup 307M->307M(512M) 0,157ms
[2020-11-04T20:36:56.226+0300][64,636s][info][gc] GC(762) Concurrent Cycle 94,134ms
[2020-11-04T20:36:56.283+0300][64,693s][info][gc] GC(763) Pause Young (Normal) (G1 Evacuation Pause) 427M->173M(512M) 15,058ms
[2020-11-04T20:36:56.387+0300][64,797s][info][gc] GC(764) Pause Young (Concurrent Start) (G1 Evacuation Pause) 432M->181M(512M) 14,729ms
[2020-11-04T20:36:56.387+0300][64,797s][info][gc] GC(765) Concurrent Cycle
[2020-11-04T20:36:56.439+0300][64,849s][info][gc] GC(765) Pause Remark 314M->314M(512M) 0,771ms
[2020-11-04T20:36:56.471+0300][64,881s][info][gc] GC(765) Pause Cleanup 403M->403M(512M) 0,170ms
[2020-11-04T20:36:56.472+0300][64,882s][info][gc] GC(765) Concurrent Cycle 84,512ms
[2020-11-04T20:36:56.497+0300][64,907s][info][gc] GC(766) Pause Young (Normal) (G1 Evacuation Pause) 433M->190M(512M) 14,192ms
[2020-11-04T20:36:56.595+0300][65,005s][info][gc] GC(767) Pause Young (Concurrent Start) (G1 Evacuation Pause) 433M->197M(512M) 13,769ms
[2020-11-04T20:36:56.595+0300][65,005s][info][gc] GC(768) Concurrent Cycle
[2020-11-04T20:36:56.653+0300][65,063s][info][gc] GC(768) Pause Remark 348M->348M(512M) 0,611ms
[2020-11-04T20:36:56.698+0300][65,108s][info][gc] GC(769) Pause Young (Normal) (G1 Evacuation Pause) 434M->205M(512M) 13,051ms
[2020-11-04T20:36:56.705+0300][65,115s][info][gc] GC(768) Pause Cleanup 215M->215M(512M) 0,173ms
[2020-11-04T20:36:56.705+0300][65,115s][info][gc] GC(768) Concurrent Cycle 110,587ms
[2020-11-04T20:36:56.794+0300][65,204s][info][gc] GC(770) Pause Young (Normal) (G1 Evacuation Pause) 434M->211M(512M) 13,281ms
[2020-11-04T20:36:56.884+0300][65,294s][info][gc] GC(771) Pause Young (Concurrent Start) (G1 Evacuation Pause) 434M->218M(512M) 12,582ms
[2020-11-04T20:36:56.884+0300][65,294s][info][gc] GC(772) Concurrent Cycle
[2020-11-04T20:36:56.957+0300][65,367s][info][gc] GC(772) Pause Remark 380M->380M(512M) 0,702ms
[2020-11-04T20:36:56.990+0300][65,400s][info][gc] GC(773) Pause Young (Normal) (G1 Evacuation Pause) 436M->226M(512M) 11,996ms
[2020-11-04T20:36:57.018+0300][65,428s][info][gc] GC(772) Pause Cleanup 271M->271M(512M) 0,172ms
[2020-11-04T20:36:57.019+0300][65,429s][info][gc] GC(772) Concurrent Cycle 134,565ms
[2020-11-04T20:36:57.071+0300][65,481s][info][gc] GC(774) Pause Young (Concurrent Start) (G1 Humongous Allocation) 358M->230M(512M) 11,768ms
[2020-11-04T20:36:57.071+0300][65,481s][info][gc] GC(775) Concurrent Cycle
[2020-11-04T20:36:57.109+0300][65,519s][info][gc] GC(775) Pause Remark 329M->271M(512M) 0,692ms
[2020-11-04T20:36:57.135+0300][65,545s][info][gc] GC(775) Pause Cleanup 338M->338M(512M) 0,143ms
[2020-11-04T20:36:57.135+0300][65,545s][info][gc] GC(775) Concurrent Cycle 64,180ms
[2020-11-04T20:36:57.157+0300][65,567s][info][gc] GC(776) Pause Young (Prepare Mixed) (G1 Evacuation Pause) 385M->165M(512M) 5,519ms
[2020-11-04T20:36:57.171+0300][65,581s][info][gc] GC(777) Pause Young (Mixed) (G1 Evacuation Pause) 182M->137M(512M) 8,387ms
[2020-11-04T20:36:57.284+0300][65,694s][info][gc] GC(778) Pause Young (Normal) (G1 Evacuation Pause) 438M->145M(512M) 6,839ms
[2020-11-04T20:36:57.395+0300][65,805s][info][gc] GC(779) Pause Young (Normal) (G1 Evacuation Pause) 438M->154M(512M) 9,817ms
[2020-11-04T20:36:57.506+0300][65,916s][info][gc] GC(780) Pause Young (Concurrent Start) (G1 Evacuation Pause) 438M->163M(512M) 12,627ms
[2020-11-04T20:36:57.506+0300][65,916s][info][gc] GC(781) Concurrent Cycle
[2020-11-04T20:36:57.568+0300][65,978s][info][gc] GC(781) Pause Remark 326M->322M(512M) 0,841ms
[2020-11-04T20:36:57.594+0300][66,004s][info][gc] GC(781) Pause Cleanup 392M->392M(512M) 0,135ms
[2020-11-04T20:36:57.594+0300][66,004s][info][gc] GC(781) Concurrent Cycle 88,284ms
[2020-11-04T20:36:57.621+0300][66,031s][info][gc] GC(782) Pause Young (Normal) (G1 Evacuation Pause) 425M->168M(512M) 15,492ms
[2020-11-04T20:36:57.726+0300][66,136s][info][gc] GC(783) Pause Young (Concurrent Start) (G1 Evacuation Pause) 429M->175M(512M) 14,844ms
[2020-11-04T20:36:57.726+0300][66,136s][info][gc] GC(784) Concurrent Cycle
[2020-11-04T20:36:57.774+0300][66,184s][info][gc] GC(784) Pause Remark 299M->299M(512M) 0,763ms
[2020-11-04T20:36:57.804+0300][66,214s][info][gc] GC(784) Pause Cleanup 382M->382M(512M) 0,122ms
[2020-11-04T20:36:57.805+0300][66,215s][info][gc] GC(784) Concurrent Cycle 78,402ms
[2020-11-04T20:36:57.837+0300][66,247s][info][gc] GC(785) Pause Young (Normal) (G1 Evacuation Pause) 433M->184M(512M) 14,564ms
[2020-11-04T20:36:57.937+0300][66,347s][info][gc] GC(786) Pause Young (Concurrent Start) (G1 Evacuation Pause) 433M->191M(512M) 13,961ms
[2020-11-04T20:36:57.937+0300][66,347s][info][gc] GC(787) Concurrent Cycle
[2020-11-04T20:36:57.998+0300][66,408s][info][gc] GC(787) Pause Remark 321M->321M(512M) 0,751ms
[2020-11-04T20:36:58.033+0300][66,443s][info][gc] GC(787) Pause Cleanup 417M->417M(512M) 0,158ms
[2020-11-04T20:36:58.033+0300][66,443s][info][gc] GC(787) Concurrent Cycle 96,107ms
[2020-11-04T20:36:58.053+0300][66,463s][info][gc] GC(788) Pause Young (Normal) (G1 Evacuation Pause) 434M->200M(512M) 13,588ms
[2020-11-04T20:36:58.146+0300][66,556s][info][gc] GC(789) Pause Young (Concurrent Start) (G1 Evacuation Pause) 433M->206M(512M) 13,275ms
[2020-11-04T20:36:58.146+0300][66,556s][info][gc] GC(790) Concurrent Cycle
[2020-11-04T20:36:58.208+0300][66,618s][info][gc] GC(790) Pause Remark 368M->368M(512M) 0,588ms
[2020-11-04T20:36:58.245+0300][66,655s][info][gc] GC(791) Pause Young (Normal) (G1 Evacuation Pause) 434M->213M(512M) 12,594ms
[2020-11-04T20:36:58.260+0300][66,670s][info][gc] GC(790) Pause Cleanup 254M->254M(512M) 0,197ms
[2020-11-04T20:36:58.261+0300][66,671s][info][gc] GC(790) Concurrent Cycle 114,590ms
[2020-11-04T20:36:58.336+0300][66,746s][info][gc] GC(792) Pause Young (Normal) (G1 Evacuation Pause) 436M->221M(512M) 12,694ms
[2020-11-04T20:36:58.422+0300][66,832s][info][gc] GC(793) Pause Young (Concurrent Start) (G1 Evacuation Pause) 436M->228M(512M) 12,002ms
[2020-11-04T20:36:58.422+0300][66,832s][info][gc] GC(794) Concurrent Cycle
[2020-11-04T20:36:58.493+0300][66,903s][info][gc] GC(794) Pause Remark 413M->413M(512M) 0,831ms
[2020-11-04T20:36:58.524+0300][66,934s][info][gc] GC(795) Pause Young (Normal) (G1 Evacuation Pause) 440M->238M(512M) 11,686ms
[2020-11-04T20:36:58.550+0300][66,960s][info][gc] GC(794) Pause Cleanup 310M->310M(512M) 0,196ms
[2020-11-04T20:36:58.550+0300][66,960s][info][gc] GC(794) Concurrent Cycle 127,899ms
[2020-11-04T20:36:58.606+0300][67,016s][info][gc] GC(796) Pause Young (Normal) (G1 Evacuation Pause) 437M->245M(512M) 11,967ms
[2020-11-04T20:36:58.684+0300][67,094s][info][gc] GC(797) Pause Young (Concurrent Start) (G1 Evacuation Pause) 437M->250M(512M) 11,072ms
[2020-11-04T20:36:58.684+0300][67,094s][info][gc] GC(798) Concurrent Cycle
[2020-11-04T20:36:58.724+0300][67,134s][info][gc] GC(798) Pause Remark 354M->275M(512M) 1,064ms
[2020-11-04T20:36:58.750+0300][67,160s][info][gc] GC(798) Pause Cleanup 345M->345M(512M) 0,212ms
[2020-11-04T20:36:58.751+0300][67,161s][info][gc] GC(798) Concurrent Cycle 66,749ms
[2020-11-04T20:36:58.764+0300][67,174s][info][gc] GC(799) Pause Young (Normal) (G1 Evacuation Pause) 358M->172M(512M) 9,006ms
[2020-11-04T20:36:58.869+0300][67,279s][info][gc] GC(800) Pause Young (Normal) (G1 Evacuation Pause) 439M->179M(512M) 12,194ms
[2020-11-04T20:36:58.971+0300][67,381s][info][gc] GC(801) Pause Young (Concurrent Start) (G1 Evacuation Pause) 432M->187M(512M) 14,640ms
[2020-11-04T20:36:58.971+0300][67,381s][info][gc] GC(802) Concurrent Cycle
[2020-11-04T20:36:59.012+0300][67,422s][info][gc] GC(802) Pause Remark 295M->288M(512M) 0,639ms
[2020-11-04T20:36:59.039+0300][67,449s][info][gc] GC(802) Pause Cleanup 361M->361M(512M) 0,166ms
[2020-11-04T20:36:59.040+0300][67,450s][info][gc] GC(802) Concurrent Cycle 68,972ms
[2020-11-04T20:36:59.076+0300][67,486s][info][gc] GC(803) Pause Young (Normal) (G1 Evacuation Pause) 428M->187M(512M) 13,017ms
[2020-11-04T20:36:59.175+0300][67,585s][info][gc] GC(804) Pause Young (Concurrent Start) (G1 Evacuation Pause) 434M->195M(512M) 14,107ms
[2020-11-04T20:36:59.175+0300][67,585s][info][gc] GC(805) Concurrent Cycle
[2020-11-04T20:36:59.224+0300][67,634s][info][gc] GC(805) Pause Remark 321M->320M(512M) 0,591ms
[2020-11-04T20:36:59.255+0300][67,665s][info][gc] GC(805) Pause Cleanup 405M->405M(512M) 0,119ms
[2020-11-04T20:36:59.256+0300][67,666s][info][gc] GC(805) Concurrent Cycle 80,497ms
[2020-11-04T20:36:59.279+0300][67,689s][info][gc] GC(806) Pause Young (Normal) (G1 Evacuation Pause) 433M->201M(512M) 13,452ms
[2020-11-04T20:36:59.373+0300][67,783s][info][gc] GC(807) Pause Young (Concurrent Start) (G1 Evacuation Pause) 435M->210M(512M) 13,222ms
[2020-11-04T20:36:59.373+0300][67,783s][info][gc] GC(808) Concurrent Cycle
[2020-11-04T20:36:59.447+0300][67,857s][info][gc] GC(808) Pause Remark 401M->401M(512M) 0,569ms
[2020-11-04T20:36:59.474+0300][67,884s][info][gc] GC(809) Pause Young (Normal) (G1 Evacuation Pause) 434M->216M(512M) 14,260ms
[2020-11-04T20:36:59.505+0300][67,915s][info][gc] GC(808) Pause Cleanup 300M->300M(512M) 0,159ms
[2020-11-04T20:36:59.505+0300][67,915s][info][gc] GC(808) Concurrent Cycle 132,056ms
[2020-11-04T20:36:59.564+0300][67,974s][info][gc] GC(810) Pause Young (Normal) (G1 Evacuation Pause) 434M->223M(512M) 12,341ms
[2020-11-04T20:36:59.652+0300][68,062s][info][gc] GC(811) Pause Young (Concurrent Start) (G1 Evacuation Pause) 436M->229M(512M) 14,151ms
[2020-11-04T20:36:59.652+0300][68,062s][info][gc] GC(812) Concurrent Cycle
[2020-11-04T20:36:59.722+0300][68,132s][info][gc] GC(812) Pause Remark 381M->381M(512M) 0,700ms
[2020-11-04T20:36:59.754+0300][68,164s][info][gc] GC(813) Pause Young (Normal) (G1 Evacuation Pause) 437M->235M(512M) 11,270ms
[2020-11-04T20:36:59.775+0300][68,185s][info][gc] GC(812) Pause Cleanup 291M->291M(512M) 0,185ms
[2020-11-04T20:36:59.775+0300][68,185s][info][gc] GC(812) Concurrent Cycle 123,271ms
[2020-11-04T20:36:59.838+0300][68,248s][info][gc] GC(814) Pause Young (Normal) (G1 Evacuation Pause) 438M->242M(512M) 11,515ms
[2020-11-04T20:36:59.918+0300][68,328s][info][gc] GC(815) Pause Young (Concurrent Start) (G1 Evacuation Pause) 438M->248M(512M) 12,428ms
[2020-11-04T20:36:59.918+0300][68,328s][info][gc] GC(816) Concurrent Cycle
[2020-11-04T20:37:00.000+0300][68,410s][info][gc] GC(816) Pause Remark 388M->388M(512M) 1,767ms
[2020-11-04T20:37:00.030+0300][68,440s][info][gc] GC(817) Pause Young (Normal) (G1 Evacuation Pause) 441M->258M(512M) 10,854ms
[2020-11-04T20:37:00.058+0300][68,468s][info][gc] GC(816) Pause Cleanup 335M->335M(512M) 0,190ms
[2020-11-04T20:37:00.059+0300][68,469s][info][gc] GC(816) Concurrent Cycle 141,091ms
[2020-11-04T20:37:00.109+0300][68,519s][info][gc] GC(818) Pause Young (Normal) (G1 Evacuation Pause) 439M->264M(512M) 10,881ms
[2020-11-04T20:37:00.180+0300][68,590s][info][gc] GC(819) Pause Young (Concurrent Start) (G1 Evacuation Pause) 440M->269M(512M) 10,296ms
[2020-11-04T20:37:00.180+0300][68,590s][info][gc] GC(820) Concurrent Cycle
[2020-11-04T20:37:00.221+0300][68,631s][info][gc] GC(820) Pause Remark 374M->289M(512M) 0,727ms
[2020-11-04T20:37:00.254+0300][68,664s][info][gc] GC(820) Pause Cleanup 337M->337M(512M) 0,189ms
[2020-11-04T20:37:00.255+0300][68,664s][info][gc] GC(820) Concurrent Cycle 74,456ms
[2020-11-04T20:37:00.270+0300][68,680s][info][gc] GC(821) Pause Young (Prepare Mixed) (G1 Evacuation Pause) 356M->186M(512M) 9,024ms
[2020-11-04T20:37:00.285+0300][68,695s][info][gc] GC(822) Pause Young (Mixed) (G1 Evacuation Pause) 194M->152M(512M) 12,300ms
[2020-11-04T20:37:00.392+0300][68,802s][info][gc] GC(823) Pause Young (Normal) (G1 Evacuation Pause) 439M->160M(512M) 7,499ms
[2020-11-04T20:37:00.501+0300][68,911s][info][gc] GC(824) Pause Young (Normal) (G1 Evacuation Pause) 439M->169M(512M) 9,678ms
[2020-11-04T20:37:00.607+0300][69,017s][info][gc] GC(825) Pause Young (Concurrent Start) (G1 Evacuation Pause) 440M->177M(512M) 12,047ms
[2020-11-04T20:37:00.607+0300][69,017s][info][gc] GC(826) Concurrent Cycle
[2020-11-04T20:37:00.664+0300][69,074s][info][gc] GC(826) Pause Remark 283M->279M(512M) 1,860ms
[2020-11-04T20:37:00.693+0300][69,103s][info][gc] GC(826) Pause Cleanup 361M->361M(512M) 0,143ms
[2020-11-04T20:37:00.694+0300][69,104s][info][gc] GC(826) Concurrent Cycle 87,363ms
[2020-11-04T20:37:00.732+0300][69,142s][info][gc] GC(827) Pause Young (Normal) (G1 Evacuation Pause) 428M->181M(512M) 14,406ms
[2020-11-04T20:37:00.832+0300][69,242s][info][gc] GC(828) Pause Young (Concurrent Start) (G1 Evacuation Pause) 431M->189M(512M) 13,962ms
[2020-11-04T20:37:00.832+0300][69,242s][info][gc] GC(829) Concurrent Cycle
[2020-11-04T20:37:00.891+0300][69,301s][info][gc] GC(829) Pause Remark 310M->310M(512M) 0,963ms
[2020-11-04T20:37:00.924+0300][69,334s][info][gc] GC(829) Pause Cleanup 401M->401M(512M) 0,176ms
[2020-11-04T20:37:00.925+0300][69,335s][info][gc] GC(829) Concurrent Cycle 92,553ms
[2020-11-04T20:37:00.950+0300][69,360s][info][gc] GC(830) Pause Young (Normal) (G1 Evacuation Pause) 432M->197M(512M) 14,096ms
[2020-11-04T20:37:01.046+0300][69,456s][info][gc] GC(831) Pause Young (Concurrent Start) (G1 Evacuation Pause) 434M->204M(512M) 13,413ms
[2020-11-04T20:37:01.046+0300][69,456s][info][gc] GC(832) Concurrent Cycle
[2020-11-04T20:37:01.106+0300][69,516s][info][gc] GC(832) Pause Remark 360M->360M(512M) 0,861ms
[2020-11-04T20:37:01.148+0300][69,558s][info][gc] GC(833) Pause Young (Normal) (G1 Evacuation Pause) 435M->212M(512M) 13,104ms
[2020-11-04T20:37:01.158+0300][69,568s][info][gc] GC(832) Pause Cleanup 241M->241M(512M) 0,167ms
[2020-11-04T20:37:01.159+0300][69,569s][info][gc] GC(832) Concurrent Cycle 112,991ms
[2020-11-04T20:37:01.238+0300][69,648s][info][gc] GC(834) Pause Young (Normal) (G1 Evacuation Pause) 435M->218M(512M) 12,444ms
[2020-11-04T20:37:01.327+0300][69,737s][info][gc] GC(835) Pause Young (Concurrent Start) (G1 Evacuation Pause) 435M->226M(512M) 13,958ms
[2020-11-04T20:37:01.327+0300][69,737s][info][gc] GC(836) Concurrent Cycle
[2020-11-04T20:37:01.409+0300][69,819s][info][gc] GC(836) Pause Remark 371M->371M(512M) 0,787ms
[2020-11-04T20:37:01.465+0300][69,875s][info][gc] GC(837) Pause Young (Normal) (G1 Evacuation Pause) 436M->233M(512M) 11,551ms
[2020-11-04T20:37:01.475+0300][69,885s][info][gc] GC(836) Pause Cleanup 259M->259M(512M) 0,178ms
[2020-11-04T20:37:01.475+0300][69,885s][info][gc] GC(836) Concurrent Cycle 147,987ms
[2020-11-04T20:37:01.551+0300][69,961s][info][gc] GC(838) Pause Young (Concurrent Start) (G1 Humongous Allocation) 406M->237M(512M) 11,821ms
[2020-11-04T20:37:01.551+0300][69,961s][info][gc] GC(839) Concurrent Cycle
[2020-11-04T20:37:01.602+0300][70,012s][info][gc] GC(839) Pause Remark 312M->255M(512M) 0,809ms
[2020-11-04T20:37:01.629+0300][70,039s][info][gc] GC(839) Pause Cleanup 327M->327M(512M) 0,149ms
[2020-11-04T20:37:01.629+0300][70,039s][info][gc] GC(839) Concurrent Cycle 77,861ms
[2020-11-04T20:37:01.655+0300][70,065s][info][gc] GC(840) Pause Young (Prepare Mixed) (G1 Evacuation Pause) 386M->173M(512M) 5,533ms
[2020-11-04T20:37:01.673+0300][70,083s][info][gc] GC(841) Pause Young (Mixed) (G1 Evacuation Pause) 190M->144M(512M) 9,750ms
[2020-11-04T20:37:01.782+0300][70,192s][info][gc] GC(842) Pause Young (Normal) (G1 Evacuation Pause) 439M->153M(512M) 6,733ms
[2020-11-04T20:37:01.890+0300][70,300s][info][gc] GC(843) Pause Young (Normal) (G1 Evacuation Pause) 439M->161M(512M) 9,846ms
[2020-11-04T20:37:01.999+0300][70,409s][info][gc] GC(844) Pause Young (Concurrent Start) (G1 Evacuation Pause) 438M->170M(512M) 12,955ms
[2020-11-04T20:37:01.999+0300][70,409s][info][gc] GC(845) Concurrent Cycle
[2020-11-04T20:37:02.055+0300][70,465s][info][gc] GC(845) Pause Remark 250M->245M(512M) 1,068ms
[2020-11-04T20:37:02.084+0300][70,493s][info][gc] GC(845) Pause Cleanup 317M->317M(512M) 0,165ms
[2020-11-04T20:37:02.084+0300][70,494s][info][gc] GC(845) Concurrent Cycle 84,937ms
[2020-11-04T20:37:02.138+0300][70,548s][info][gc] GC(846) Pause Young (Normal) (G1 Evacuation Pause) 426M->174M(512M) 16,210ms
[2020-11-04T20:37:02.241+0300][70,651s][info][gc] GC(847) Pause Young (Concurrent Start) (G1 Evacuation Pause) 430M->182M(512M) 14,617ms
[2020-11-04T20:37:02.241+0300][70,651s][info][gc] GC(848) Concurrent Cycle
[2020-11-04T20:37:02.308+0300][70,718s][info][gc] GC(848) Pause Remark 358M->358M(512M) 0,680ms
[2020-11-04T20:37:02.349+0300][70,759s][info][gc] GC(849) Pause Young (Normal) (G1 Evacuation Pause) 432M->189M(512M) 13,823ms
[2020-11-04T20:37:02.353+0300][70,763s][info][gc] GC(848) Pause Cleanup 199M->199M(512M) 0,162ms
[2020-11-04T20:37:02.354+0300][70,764s][info][gc] GC(848) Concurrent Cycle 112,308ms
[2020-11-04T20:37:02.448+0300][70,857s][info][gc] GC(850) Pause Young (Normal) (G1 Evacuation Pause) 432M->197M(512M) 13,377ms
[2020-11-04T20:37:02.543+0300][70,953s][info][gc] GC(851) Pause Young (Concurrent Start) (G1 Evacuation Pause) 433M->205M(512M) 13,575ms
[2020-11-04T20:37:02.543+0300][70,953s][info][gc] GC(852) Concurrent Cycle
[2020-11-04T20:37:02.603+0300][71,013s][info][gc] GC(852) Pause Remark 358M->358M(512M) 1,008ms
[2020-11-04T20:37:02.645+0300][71,055s][info][gc] GC(853) Pause Young (Normal) (G1 Evacuation Pause) 435M->213M(512M) 13,537ms
[2020-11-04T20:37:02.661+0300][71,071s][info][gc] GC(852) Pause Cleanup 257M->257M(512M) 0,189ms
[2020-11-04T20:37:02.662+0300][71,072s][info][gc] GC(852) Concurrent Cycle 118,348ms
[2020-11-04T20:37:02.738+0300][71,148s][info][gc] GC(854) Pause Young (Normal) (G1 Evacuation Pause) 435M->219M(512M) 14,014ms
[2020-11-04T20:37:02.827+0300][71,237s][info][gc] GC(855) Pause Young (Concurrent Start) (G1 Evacuation Pause) 436M->226M(512M) 13,837ms
[2020-11-04T20:37:02.827+0300][71,237s][info][gc] GC(856) Concurrent Cycle
[2020-11-04T20:37:02.896+0300][71,306s][info][gc] GC(856) Pause Remark 405M->405M(512M) 0,760ms
[2020-11-04T20:37:02.919+0300][71,329s][info][gc] GC(857) Pause Young (Normal) (G1 Evacuation Pause) 435M->232M(512M) 11,404ms
[2020-11-04T20:37:02.951+0300][71,361s][info][gc] GC(856) Pause Cleanup 323M->323M(512M) 0,174ms
[2020-11-04T20:37:02.952+0300][71,362s][info][gc] GC(856) Concurrent Cycle 124,857ms
[2020-11-04T20:37:03.003+0300][71,413s][info][gc] GC(858) Pause Young (Normal) (G1 Evacuation Pause) 437M->238M(512M) 11,496ms
[2020-11-04T20:37:03.047+0300][71,457s][info][gc] GC(859) Pause Young (Concurrent Start) (G1 Humongous Allocation) 305M->241M(512M) 10,502ms
[2020-11-04T20:37:03.047+0300][71,457s][info][gc] GC(860) Concurrent Cycle
[2020-11-04T20:37:03.089+0300][71,499s][info][gc] GC(860) Pause Remark 347M->279M(512M) 0,762ms
[2020-11-04T20:37:03.115+0300][71,525s][info][gc] GC(860) Pause Cleanup 352M->352M(512M) 0,153ms
[2020-11-04T20:37:03.116+0300][71,526s][info][gc] GC(860) Concurrent Cycle 68,566ms
[2020-11-04T20:37:03.130+0300][71,540s][info][gc] GC(861) Pause Young (Normal) (G1 Evacuation Pause) 378M->169M(512M) 5,490ms
[2020-11-04T20:37:03.232+0300][71,642s][info][gc] GC(862) Pause Young (Normal) (G1 Evacuation Pause) 440M->176M(512M) 8,374ms
[2020-11-04T20:37:03.337+0300][71,747s][info][gc] GC(863) Pause Young (Concurrent Start) (G1 Evacuation Pause) 440M->184M(512M) 11,653ms
[2020-11-04T20:37:03.337+0300][71,747s][info][gc] GC(864) Concurrent Cycle
[2020-11-04T20:37:03.378+0300][71,788s][info][gc] GC(864) Pause Remark 291M->285M(512M) 0,636ms
[2020-11-04T20:37:03.404+0300][71,814s][info][gc] GC(864) Pause Cleanup 354M->354M(512M) 0,170ms
[2020-11-04T20:37:03.404+0300][71,814s][info][gc] GC(864) Concurrent Cycle 67,670ms
[2020-11-04T20:37:03.444+0300][71,854s][info][gc] GC(865) Pause Young (Normal) (G1 Evacuation Pause) 429M->186M(512M) 13,699ms
[2020-11-04T20:37:03.551+0300][71,961s][info][gc] GC(866) Pause Young (Concurrent Start) (G1 Evacuation Pause) 432M->194M(512M) 17,602ms
[2020-11-04T20:37:03.551+0300][71,961s][info][gc] GC(867) Concurrent Cycle
[2020-11-04T20:37:03.612+0300][72,022s][info][gc] GC(867) Pause Remark 319M->319M(512M) 1,557ms
[2020-11-04T20:37:03.646+0300][72,056s][info][gc] GC(867) Pause Cleanup 388M->388M(512M) 0,171ms
[2020-11-04T20:37:03.647+0300][72,057s][info][gc] GC(867) Concurrent Cycle 96,206ms
[2020-11-04T20:37:03.693+0300][72,103s][info][gc] GC(868) Pause Young (Normal) (G1 Evacuation Pause) 432M->202M(512M) 18,901ms
[2020-11-04T20:37:03.802+0300][72,211s][info][gc] GC(869) Pause Young (Concurrent Start) (G1 Evacuation Pause) 434M->208M(512M) 14,838ms
[2020-11-04T20:37:03.802+0300][72,212s][info][gc] GC(870) Concurrent Cycle
[2020-11-04T20:37:03.875+0300][72,285s][info][gc] GC(870) Pause Remark 332M->332M(512M) 4,151ms
[2020-11-04T20:37:03.923+0300][72,333s][info][gc] GC(870) Pause Cleanup 400M->400M(512M) 0,132ms
[2020-11-04T20:37:03.924+0300][72,334s][info][gc] GC(870) Concurrent Cycle 122,070ms
[2020-11-04T20:37:03.953+0300][72,363s][info][gc] GC(871) Pause Young (Normal) (G1 Evacuation Pause) 434M->216M(512M) 16,333ms
[2020-11-04T20:37:04.053+0300][72,463s][info][gc] GC(872) Pause Young (Concurrent Start) (G1 Evacuation Pause) 434M->223M(512M) 13,525ms
[2020-11-04T20:37:04.053+0300][72,463s][info][gc] GC(873) Concurrent Cycle
[2020-11-04T20:37:04.112+0300][72,522s][info][gc] GC(873) Pause Remark 373M->373M(512M) 0,686ms
[2020-11-04T20:37:04.147+0300][72,557s][info][gc] GC(874) Pause Young (Normal) (G1 Evacuation Pause) 436M->229M(512M) 11,620ms
[2020-11-04T20:37:04.165+0300][72,575s][info][gc] GC(873) Pause Cleanup 256M->256M(512M) 0,200ms
[2020-11-04T20:37:04.165+0300][72,575s][info][gc] GC(873) Concurrent Cycle 111,941ms
[2020-11-04T20:37:04.239+0300][72,649s][info][gc] GC(875) Pause Young (Normal) (G1 Evacuation Pause) 436M->236M(512M) 11,815ms
[2020-11-04T20:37:04.321+0300][72,731s][info][gc] GC(876) Pause Young (Concurrent Start) (G1 Evacuation Pause) 437M->242M(512M) 11,496ms
[2020-11-04T20:37:04.321+0300][72,731s][info][gc] GC(877) Concurrent Cycle
[2020-11-04T20:37:04.396+0300][72,806s][info][gc] GC(877) Pause Remark 390M->390M(512M) 0,656ms
[2020-11-04T20:37:04.424+0300][72,834s][info][gc] GC(878) Pause Young (Normal) (G1 Evacuation Pause) 438M->248M(512M) 10,866ms
[2020-11-04T20:37:04.450+0300][72,860s][info][gc] GC(877) Pause Cleanup 317M->317M(512M) 0,194ms
[2020-11-04T20:37:04.450+0300][72,860s][info][gc] GC(877) Concurrent Cycle 129,811ms
[2020-11-04T20:37:04.507+0300][72,917s][info][gc] GC(879) Pause Young (Normal) (G1 Evacuation Pause) 438M->254M(512M) 10,901ms
[2020-11-04T20:37:04.582+0300][72,992s][info][gc] GC(880) Pause Young (Concurrent Start) (G1 Evacuation Pause) 439M->260M(512M) 10,436ms
[2020-11-04T20:37:04.582+0300][72,992s][info][gc] GC(881) Concurrent Cycle
[2020-11-04T20:37:04.664+0300][73,074s][info][gc] GC(881) Pause Remark 413M->413M(512M) 0,942ms
[2020-11-04T20:37:04.685+0300][73,095s][info][gc] GC(882) Pause Young (Normal) (G1 Evacuation Pause) 443M->269M(512M) 10,194ms
[2020-11-04T20:37:04.723+0300][73,133s][info][gc] GC(881) Pause Cleanup 375M->375M(512M) 0,205ms
[2020-11-04T20:37:04.724+0300][73,134s][info][gc] GC(881) Concurrent Cycle 142,009ms
[2020-11-04T20:37:04.756+0300][73,166s][info][gc] GC(883) Pause Young (Normal) (G1 Evacuation Pause) 440M->275M(512M) 10,109ms
[2020-11-04T20:37:04.823+0300][73,233s][info][gc] GC(884) Pause Young (Concurrent Start) (G1 Evacuation Pause) 440M->280M(512M) 9,557ms
[2020-11-04T20:37:04.823+0300][73,233s][info][gc] GC(885) Concurrent Cycle
[2020-11-04T20:37:04.866+0300][73,276s][info][gc] GC(885) Pause Remark 390M->309M(512M) 0,998ms
[2020-11-04T20:37:04.893+0300][73,303s][info][gc] GC(886) Pause Young (Normal) (G1 Evacuation Pause) 360M->200M(512M) 8,111ms
[2020-11-04T20:37:04.902+0300][73,312s][info][gc] GC(885) Pause Cleanup 222M->222M(512M) 0,216ms
[2020-11-04T20:37:04.902+0300][73,312s][info][gc] GC(885) Concurrent Cycle 79,250ms
[2020-11-04T20:37:04.989+0300][73,399s][info][gc] GC(887) Pause Young (Prepare Mixed) (G1 Evacuation Pause) 442M->207M(512M) 10,719ms
[2020-11-04T20:37:05.004+0300][73,414s][info][gc] GC(888) Pause Young (Mixed) (G1 Evacuation Pause) 210M->167M(512M) 13,867ms
[2020-11-04T20:37:05.104+0300][73,514s][info][gc] GC(889) Pause Young (Normal) (G1 Evacuation Pause) 440M->175M(512M) 6,272ms
[2020-11-04T20:37:05.205+0300][73,615s][info][gc] GC(890) Pause Young (Normal) (G1 Evacuation Pause) 440M->182M(512M) 9,090ms
[2020-11-04T20:37:05.307+0300][73,716s][info][gc] GC(891) Pause Young (Concurrent Start) (G1 Evacuation Pause) 440M->191M(512M) 12,564ms
[2020-11-04T20:37:05.307+0300][73,717s][info][gc] GC(892) Concurrent Cycle
[2020-11-04T20:37:05.360+0300][73,770s][info][gc] GC(892) Pause Remark 329M->325M(512M) 0,701ms
[2020-11-04T20:37:05.392+0300][73,802s][info][gc] GC(892) Pause Cleanup 414M->414M(512M) 0,187ms
[2020-11-04T20:37:05.393+0300][73,803s][info][gc] GC(892) Concurrent Cycle 85,998ms
[2020-11-04T20:37:05.412+0300][73,822s][info][gc] GC(893) Pause Young (Normal) (G1 Evacuation Pause) 429M->194M(512M) 13,977ms
[2020-11-04T20:37:05.509+0300][73,919s][info][gc] GC(894) Pause Young (Concurrent Start) (G1 Evacuation Pause) 434M->202M(512M) 13,506ms
[2020-11-04T20:37:05.509+0300][73,919s][info][gc] GC(895) Concurrent Cycle
[2020-11-04T20:37:05.572+0300][73,982s][info][gc] GC(895) Pause Remark 337M->337M(512M) 0,779ms
[2020-11-04T20:37:05.619+0300][74,029s][info][gc] GC(896) Pause Young (Normal) (G1 Evacuation Pause) 433M->210M(512M) 12,775ms
[2020-11-04T20:37:05.621+0300][74,031s][info][gc] GC(895) Pause Cleanup 214M->214M(512M) 0,141ms
[2020-11-04T20:37:05.622+0300][74,032s][info][gc] GC(895) Concurrent Cycle 112,501ms
[2020-11-04T20:37:05.709+0300][74,119s][info][gc] GC(897) Pause Young (Normal) (G1 Evacuation Pause) 433M->217M(512M) 12,427ms
[2020-11-04T20:37:05.798+0300][74,208s][info][gc] GC(898) Pause Young (Concurrent Start) (G1 Evacuation Pause) 436M->224M(512M) 12,734ms
[2020-11-04T20:37:05.798+0300][74,208s][info][gc] GC(899) Concurrent Cycle
[2020-11-04T20:37:05.865+0300][74,275s][info][gc] GC(899) Pause Remark 399M->399M(512M) 0,734ms
[2020-11-04T20:37:05.890+0300][74,300s][info][gc] GC(900) Pause Young (Normal) (G1 Evacuation Pause) 436M->230M(512M) 11,419ms
[2020-11-04T20:37:05.919+0300][74,329s][info][gc] GC(899) Pause Cleanup 310M->310M(512M) 0,182ms
[2020-11-04T20:37:05.919+0300][74,329s][info][gc] GC(899) Concurrent Cycle 121,506ms
[2020-11-04T20:37:05.974+0300][74,384s][info][gc] GC(901) Pause Young (Normal) (G1 Evacuation Pause) 437M->237M(512M) 11,414ms
[2020-11-04T20:37:06.055+0300][74,465s][info][gc] GC(902) Pause Young (Concurrent Start) (G1 Evacuation Pause) 437M->242M(512M) 11,313ms
[2020-11-04T20:37:06.055+0300][74,465s][info][gc] GC(903) Concurrent Cycle
[2020-11-04T20:37:06.150+0300][74,560s][info][gc] GC(904) Pause Young (Normal) (G1 Evacuation Pause) 441M->252M(512M) 10,910ms
[2020-11-04T20:37:06.154+0300][74,564s][info][gc] GC(903) Pause Remark 261M->261M(512M) 0,708ms
[2020-11-04T20:37:06.205+0300][74,615s][info][gc] GC(903) Pause Cleanup 397M->397M(512M) 0,172ms
[2020-11-04T20:37:06.205+0300][74,615s][info][gc] GC(903) Concurrent Cycle 150,303ms
[2020-11-04T20:37:06.230+0300][74,640s][info][gc] GC(905) Pause Young (Normal) (G1 Evacuation Pause) 437M->258M(512M) 10,575ms
[2020-11-04T20:37:06.302+0300][74,712s][info][gc] GC(906) Pause Young (Concurrent Start) (G1 Evacuation Pause) 438M->264M(512M) 10,461ms
[2020-11-04T20:37:06.302+0300][74,712s][info][gc] GC(907) Concurrent Cycle
[2020-11-04T20:37:06.355+0300][74,765s][info][gc] GC(907) Pause Remark 352M->280M(512M) 1,106ms
[2020-11-04T20:37:06.383+0300][74,793s][info][gc] GC(907) Pause Cleanup 356M->356M(512M) 0,197ms
[2020-11-04T20:37:06.383+0300][74,793s][info][gc] GC(907) Concurrent Cycle 80,594ms
[2020-11-04T20:37:06.397+0300][74,807s][info][gc] GC(908) Pause Young (Prepare Mixed) (G1 Evacuation Pause) 368M->193M(512M) 9,518ms
[2020-11-04T20:37:06.411+0300][74,821s][info][gc] GC(909) Pause Young (Mixed) (G1 Evacuation Pause) 201M->164M(512M) 10,724ms
[2020-11-04T20:37:06.514+0300][74,924s][info][gc] GC(910) Pause Young (Normal) (G1 Evacuation Pause) 439M->171M(512M) 6,187ms
[2020-11-04T20:37:06.616+0300][75,026s][info][gc] GC(911) Pause Young (Normal) (G1 Evacuation Pause) 439M->180M(512M) 9,262ms
[2020-11-04T20:37:06.720+0300][75,130s][info][gc] GC(912) Pause Young (Concurrent Start) (G1 Evacuation Pause) 441M->188M(512M) 11,686ms
[2020-11-04T20:37:06.720+0300][75,130s][info][gc] GC(913) Concurrent Cycle
[2020-11-04T20:37:06.772+0300][75,182s][info][gc] GC(913) Pause Remark 322M->319M(512M) 0,611ms
[2020-11-04T20:37:06.803+0300][75,213s][info][gc] GC(913) Pause Cleanup 406M->406M(512M) 0,162ms
[2020-11-04T20:37:06.804+0300][75,213s][info][gc] GC(913) Concurrent Cycle 83,417ms
[2020-11-04T20:37:06.825+0300][75,235s][info][gc] GC(914) Pause Young (Normal) (G1 Evacuation Pause) 428M->192M(512M) 13,775ms
[2020-11-04T20:37:06.922+0300][75,332s][info][gc] GC(915) Pause Young (Concurrent Start) (G1 Evacuation Pause) 432M->200M(512M) 13,668ms
[2020-11-04T20:37:06.922+0300][75,332s][info][gc] GC(916) Concurrent Cycle
[2020-11-04T20:37:06.978+0300][75,388s][info][gc] GC(916) Pause Remark 347M->347M(512M) 0,637ms
[2020-11-04T20:37:07.022+0300][75,432s][info][gc] GC(917) Pause Young (Normal) (G1 Evacuation Pause) 434M->208M(512M) 13,137ms
[2020-11-04T20:37:07.044+0300][75,454s][info][gc] GC(916) Pause Cleanup 239M->239M(512M) 0,171ms
[2020-11-04T20:37:07.044+0300][75,454s][info][gc] GC(916) Concurrent Cycle 122,428ms
[2020-11-04T20:37:07.124+0300][75,534s][info][gc] GC(918) Pause Young (Normal) (G1 Evacuation Pause) 434M->214M(512M) 12,509ms
[2020-11-04T20:37:07.213+0300][75,623s][info][gc] GC(919) Pause Young (Concurrent Start) (G1 Evacuation Pause) 436M->222M(512M) 13,065ms
[2020-11-04T20:37:07.213+0300][75,623s][info][gc] GC(920) Concurrent Cycle
[2020-11-04T20:37:07.286+0300][75,696s][info][gc] GC(920) Pause Remark 376M->376M(512M) 1,024ms
[2020-11-04T20:37:07.320+0300][75,729s][info][gc] GC(921) Pause Young (Normal) (G1 Evacuation Pause) 435M->228M(512M) 11,614ms
[2020-11-04T20:37:07.346+0300][75,755s][info][gc] GC(920) Pause Cleanup 267M->267M(512M) 0,180ms
[2020-11-04T20:37:07.346+0300][75,756s][info][gc] GC(920) Concurrent Cycle 132,428ms
[2020-11-04T20:37:07.415+0300][75,825s][info][gc] GC(922) Pause Young (Normal) (G1 Evacuation Pause) 435M->235M(512M) 11,586ms
[2020-11-04T20:37:07.497+0300][75,907s][info][gc] GC(923) Pause Young (Concurrent Start) (G1 Evacuation Pause) 437M->241M(512M) 11,487ms
[2020-11-04T20:37:07.497+0300][75,907s][info][gc] GC(924) Concurrent Cycle
[2020-11-04T20:37:07.580+0300][75,990s][info][gc] GC(924) Pause Remark 411M->411M(512M) 0,883ms
[2020-11-04T20:37:07.600+0300][76,010s][info][gc] GC(925) Pause Young (Normal) (G1 Evacuation Pause) 436M->247M(512M) 11,278ms
[2020-11-04T20:37:07.644+0300][76,054s][info][gc] GC(924) Pause Cleanup 310M->310M(512M) 0,212ms
[2020-11-04T20:37:07.645+0300][76,055s][info][gc] GC(924) Concurrent Cycle 147,463ms
[2020-11-04T20:37:07.704+0300][76,114s][info][gc] GC(926) Pause Young (Normal) (G1 Evacuation Pause) 443M->257M(512M) 10,907ms
[2020-11-04T20:37:07.777+0300][76,187s][info][gc] GC(927) Pause Young (Concurrent Start) (G1 Evacuation Pause) 439M->263M(512M) 10,398ms
[2020-11-04T20:37:07.777+0300][76,187s][info][gc] GC(928) Concurrent Cycle
[2020-11-04T20:37:07.821+0300][76,231s][info][gc] GC(928) Pause Remark 376M->308M(512M) 0,684ms
[2020-11-04T20:37:07.852+0300][76,262s][info][gc] GC(929) Pause Young (Normal) (G1 Evacuation Pause) 370M->193M(512M) 7,509ms
[2020-11-04T20:37:07.858+0300][76,268s][info][gc] GC(928) Pause Cleanup 203M->203M(512M) 0,171ms
[2020-11-04T20:37:07.859+0300][76,269s][info][gc] GC(928) Concurrent Cycle 81,779ms
[2020-11-04T20:37:07.952+0300][76,362s][info][gc] GC(930) Pause Young (Prepare Mixed) (G1 Evacuation Pause) 441M->200M(512M) 11,033ms
[2020-11-04T20:37:07.970+0300][76,380s][info][gc] GC(931) Pause Young (Mixed) (G1 Evacuation Pause) 203M->170M(512M) 17,183ms
[2020-11-04T20:37:08.070+0300][76,480s][info][gc] GC(932) Pause Young (Normal) (G1 Evacuation Pause) 440M->177M(512M) 6,220ms
[2020-11-04T20:37:08.171+0300][76,581s][info][gc] GC(933) Pause Young (Normal) (G1 Evacuation Pause) 440M->185M(512M) 9,971ms
[2020-11-04T20:37:08.273+0300][76,683s][info][gc] GC(934) Pause Young (Concurrent Start) (G1 Evacuation Pause) 440M->193M(512M) 13,656ms
[2020-11-04T20:37:08.273+0300][76,683s][info][gc] GC(935) Concurrent Cycle
[2020-11-04T20:37:08.329+0300][76,739s][info][gc] GC(935) Pause Remark 334M->329M(512M) 1,895ms
[2020-11-04T20:37:08.362+0300][76,772s][info][gc] GC(935) Pause Cleanup 418M->418M(512M) 0,144ms
[2020-11-04T20:37:08.362+0300][76,772s][info][gc] GC(935) Concurrent Cycle 89,040ms
[2020-11-04T20:37:08.379+0300][76,789s][info][gc] GC(936) Pause Young (Normal) (G1 Evacuation Pause) 427M->196M(512M) 13,696ms
[2020-11-04T20:37:08.475+0300][76,885s][info][gc] GC(937) Pause Young (Concurrent Start) (G1 Evacuation Pause) 434M->204M(512M) 13,669ms
[2020-11-04T20:37:08.475+0300][76,885s][info][gc] GC(938) Concurrent Cycle
[2020-11-04T20:37:08.534+0300][76,944s][info][gc] GC(938) Pause Remark 356M->356M(512M) 0,791ms
[2020-11-04T20:37:08.576+0300][76,986s][info][gc] GC(939) Pause Young (Normal) (G1 Evacuation Pause) 434M->211M(512M) 12,469ms
[2020-11-04T20:37:08.584+0300][76,994s][info][gc] GC(938) Pause Cleanup 232M->232M(512M) 0,140ms
[2020-11-04T20:37:08.585+0300][76,995s][info][gc] GC(938) Concurrent Cycle 109,374ms
[2020-11-04T20:37:08.667+0300][77,077s][info][gc] GC(940) Pause Young (Normal) (G1 Evacuation Pause) 435M->218M(512M) 12,557ms
[2020-11-04T20:37:08.756+0300][77,166s][info][gc] GC(941) Pause Young (Concurrent Start) (G1 Evacuation Pause) 434M->225M(512M) 14,110ms
[2020-11-04T20:37:08.756+0300][77,166s][info][gc] GC(942) Concurrent Cycle
[2020-11-04T20:37:08.829+0300][77,239s][info][gc] GC(942) Pause Remark 385M->385M(512M) 0,741ms
[2020-11-04T20:37:08.860+0300][77,270s][info][gc] GC(943) Pause Young (Normal) (G1 Evacuation Pause) 436M->231M(512M) 11,714ms
[2020-11-04T20:37:08.884+0300][77,294s][info][gc] GC(942) Pause Cleanup 297M->297M(512M) 0,168ms
[2020-11-04T20:37:08.884+0300][77,294s][info][gc] GC(942) Concurrent Cycle 127,956ms
[2020-11-04T20:37:08.944+0300][77,354s][info][gc] GC(944) Pause Young (Normal) (G1 Evacuation Pause) 437M->238M(512M) 11,799ms
[2020-11-04T20:37:09.025+0300][77,435s][info][gc] GC(945) Pause Young (Concurrent Start) (G1 Evacuation Pause) 437M->244M(512M) 11,128ms
[2020-11-04T20:37:09.025+0300][77,435s][info][gc] GC(946) Concurrent Cycle
[2020-11-04T20:37:09.101+0300][77,511s][info][gc] GC(946) Pause Remark 424M->424M(512M) 0,930ms
[2020-11-04T20:37:09.120+0300][77,530s][info][gc] GC(947) Pause Young (Normal) (G1 Evacuation Pause) 442M->253M(512M) 10,668ms
[2020-11-04T20:37:09.160+0300][77,570s][info][gc] GC(946) Pause Cleanup 365M->365M(512M) 0,177ms
[2020-11-04T20:37:09.161+0300][77,571s][info][gc] GC(946) Concurrent Cycle 136,293ms
[2020-11-04T20:37:09.198+0300][77,608s][info][gc] GC(948) Pause Young (Normal) (G1 Evacuation Pause) 439M->259M(512M) 10,707ms
[2020-11-04T20:37:09.271+0300][77,681s][info][gc] GC(949) Pause Young (Concurrent Start) (G1 Evacuation Pause) 438M->265M(512M) 10,543ms
[2020-11-04T20:37:09.271+0300][77,681s][info][gc] GC(950) Concurrent Cycle
[2020-11-04T20:37:09.326+0300][77,736s][info][gc] GC(950) Pause Remark 409M->341M(512M) 0,620ms
[2020-11-04T20:37:09.346+0300][77,756s][info][gc] GC(951) Pause Young (Normal) (G1 Evacuation Pause) 372M->197M(512M) 8,261ms
[2020-11-04T20:37:09.364+0300][77,774s][info][gc] GC(950) Pause Cleanup 243M->243M(512M) 0,174ms
[2020-11-04T20:37:09.364+0300][77,774s][info][gc] GC(950) Concurrent Cycle 93,176ms
[2020-11-04T20:37:09.443+0300][77,853s][info][gc] GC(952) Pause Young (Prepare Mixed) (G1 Evacuation Pause) 441M->204M(512M) 11,249ms
[2020-11-04T20:37:09.456+0300][77,866s][info][gc] GC(953) Pause Young (Mixed) (G1 Evacuation Pause) 207M->174M(512M) 11,010ms
[2020-11-04T20:37:09.556+0300][77,966s][info][gc] GC(954) Pause Young (Normal) (G1 Evacuation Pause) 439M->182M(512M) 6,368ms
[2020-11-04T20:37:09.656+0300][78,066s][info][gc] GC(955) Pause Young (Normal) (G1 Evacuation Pause) 440M->189M(512M) 8,775ms
[2020-11-04T20:37:09.756+0300][78,166s][info][gc] GC(956) Pause Young (Concurrent Start) (G1 Evacuation Pause) 440M->197M(512M) 11,539ms
[2020-11-04T20:37:09.756+0300][78,166s][info][gc] GC(957) Concurrent Cycle
[2020-11-04T20:37:09.812+0300][78,222s][info][gc] GC(957) Pause Remark 343M->339M(512M) 0,612ms
[2020-11-04T20:37:09.858+0300][78,268s][info][gc] GC(958) Pause Young (Normal) (G1 Evacuation Pause) 429M->201M(512M) 13,048ms
[2020-11-04T20:37:09.859+0300][78,269s][info][gc] GC(957) Pause Cleanup 203M->203M(512M) 0,137ms
[2020-11-04T20:37:09.860+0300][78,270s][info][gc] GC(957) Concurrent Cycle 103,955ms
[2020-11-04T20:37:09.953+0300][78,362s][info][gc] GC(959) Pause Young (Normal) (G1 Evacuation Pause) 434M->208M(512M) 13,280ms
[2020-11-04T20:37:10.044+0300][78,454s][info][gc] GC(960) Pause Young (Concurrent Start) (G1 Evacuation Pause) 435M->216M(512M) 12,693ms
[2020-11-04T20:37:10.044+0300][78,454s][info][gc] GC(961) Concurrent Cycle
[2020-11-04T20:37:10.108+0300][78,518s][info][gc] GC(961) Pause Remark 381M->381M(512M) 0,956ms
[2020-11-04T20:37:10.140+0300][78,550s][info][gc] GC(962) Pause Young (Normal) (G1 Evacuation Pause) 435M->223M(512M) 12,541ms
[2020-11-04T20:37:10.161+0300][78,571s][info][gc] GC(961) Pause Cleanup 277M->277M(512M) 0,181ms
[2020-11-04T20:37:10.161+0300][78,571s][info][gc] GC(961) Concurrent Cycle 116,954ms
[2020-11-04T20:37:10.228+0300][78,638s][info][gc] GC(963) Pause Young (Normal) (G1 Evacuation Pause) 436M->229M(512M) 12,256ms
[2020-11-04T20:37:10.312+0300][78,722s][info][gc] GC(964) Pause Young (Concurrent Start) (G1 Evacuation Pause) 437M->235M(512M) 11,896ms
[2020-11-04T20:37:10.312+0300][78,722s][info][gc] GC(965) Concurrent Cycle
[2020-11-04T20:37:10.385+0300][78,795s][info][gc] GC(965) Pause Remark 423M->423M(512M) 0,611ms
[2020-11-04T20:37:10.402+0300][78,812s][info][gc] GC(966) Pause Young (Normal) (G1 Evacuation Pause) 438M->242M(512M) 11,491ms
[2020-11-04T20:37:10.442+0300][78,852s][info][gc] GC(965) Pause Cleanup 352M->352M(512M) 0,177ms
[2020-11-04T20:37:10.443+0300][78,853s][info][gc] GC(965) Concurrent Cycle 130,487ms
[2020-11-04T20:37:10.485+0300][78,895s][info][gc] GC(967) Pause Young (Normal) (G1 Evacuation Pause) 438M->247M(512M) 12,125ms
[2020-11-04T20:37:10.563+0300][78,973s][info][gc] GC(968) Pause Young (Concurrent Start) (G1 Humongous Allocation) 410M->253M(512M) 11,441ms
[2020-11-04T20:37:10.563+0300][78,973s][info][gc] GC(969) Concurrent Cycle
[2020-11-04T20:37:10.608+0300][79,018s][info][gc] GC(969) Pause Remark 372M->317M(512M) 0,759ms
[2020-11-04T20:37:10.639+0300][79,049s][info][gc] GC(970) Pause Young (Normal) (G1 Evacuation Pause) 389M->191M(512M) 5,044ms
[2020-11-04T20:37:10.642+0300][79,052s][info][gc] GC(969) Pause Cleanup 198M->198M(512M) 0,161ms
[2020-11-04T20:37:10.643+0300][79,053s][info][gc] GC(969) Concurrent Cycle 79,354ms
[2020-11-04T20:37:10.735+0300][79,144s][info][gc] GC(971) Pause Young (Prepare Mixed) (G1 Evacuation Pause) 441M->198M(512M) 8,102ms
[2020-11-04T20:37:10.748+0300][79,158s][info][gc] GC(972) Pause Young (Mixed) (G1 Evacuation Pause) 209M->167M(512M) 9,013ms
[2020-11-04T20:37:10.852+0300][79,261s][info][gc] GC(973) Pause Young (Normal) (G1 Evacuation Pause) 440M->174M(512M) 7,581ms
[2020-11-04T20:37:10.953+0300][79,363s][info][gc] GC(974) Pause Young (Normal) (G1 Evacuation Pause) 439M->183M(512M) 9,432ms
[2020-11-04T20:37:11.054+0300][79,464s][info][gc] GC(975) Pause Young (Concurrent Start) (G1 Evacuation Pause) 441M->191M(512M) 11,506ms
[2020-11-04T20:37:11.054+0300][79,464s][info][gc] GC(976) Concurrent Cycle
[2020-11-04T20:37:11.106+0300][79,516s][info][gc] GC(976) Pause Remark 325M->320M(512M) 0,723ms
[2020-11-04T20:37:11.138+0300][79,548s][info][gc] GC(976) Pause Cleanup 405M->405M(512M) 0,164ms
[2020-11-04T20:37:11.138+0300][79,548s][info][gc] GC(976) Concurrent Cycle 83,966ms
[2020-11-04T20:37:11.161+0300][79,570s][info][gc] GC(977) Pause Young (Normal) (G1 Evacuation Pause) 428M->193M(512M) 14,269ms
[2020-11-04T20:37:11.257+0300][79,667s][info][gc] GC(978) Pause Young (Concurrent Start) (G1 Evacuation Pause) 434M->202M(512M) 13,497ms
[2020-11-04T20:37:11.257+0300][79,667s][info][gc] GC(979) Concurrent Cycle
[2020-11-04T20:37:11.314+0300][79,724s][info][gc] GC(979) Pause Remark 348M->348M(512M) 0,753ms
[2020-11-04T20:37:11.359+0300][79,769s][info][gc] GC(980) Pause Young (Normal) (G1 Evacuation Pause) 434M->208M(512M) 12,756ms
[2020-11-04T20:37:11.363+0300][79,773s][info][gc] GC(979) Pause Cleanup 218M->218M(512M) 0,191ms
[2020-11-04T20:37:11.363+0300][79,773s][info][gc] GC(979) Concurrent Cycle 106,057ms
[2020-11-04T20:37:11.451+0300][79,861s][info][gc] GC(981) Pause Young (Normal) (G1 Evacuation Pause) 434M->216M(512M) 13,406ms
[2020-11-04T20:37:11.539+0300][79,949s][info][gc] GC(982) Pause Young (Concurrent Start) (G1 Evacuation Pause) 435M->223M(512M) 12,448ms
[2020-11-04T20:37:11.539+0300][79,949s][info][gc] GC(983) Concurrent Cycle
[2020-11-04T20:37:11.606+0300][80,016s][info][gc] GC(983) Pause Remark 395M->395M(512M) 0,698ms
[2020-11-04T20:37:11.633+0300][80,042s][info][gc] GC(984) Pause Young (Normal) (G1 Evacuation Pause) 436M->229M(512M) 11,835ms
[2020-11-04T20:37:11.674+0300][80,084s][info][gc] GC(983) Pause Cleanup 291M->291M(512M) 0,161ms
[2020-11-04T20:37:11.675+0300][80,085s][info][gc] GC(983) Concurrent Cycle 135,115ms
[2020-11-04T20:37:11.739+0300][80,149s][info][gc] GC(985) Pause Young (Normal) (G1 Evacuation Pause) 437M->237M(512M) 11,540ms
[2020-11-04T20:37:11.820+0300][80,230s][info][gc] GC(986) Pause Young (Concurrent Start) (G1 Evacuation Pause) 437M->242M(512M) 11,903ms
[2020-11-04T20:37:11.820+0300][80,230s][info][gc] GC(987) Concurrent Cycle
[2020-11-04T20:37:11.905+0300][80,315s][info][gc] GC(987) Pause Remark 417M->417M(512M) 0,683ms
[2020-11-04T20:37:11.923+0300][80,333s][info][gc] GC(988) Pause Young (Normal) (G1 Evacuation Pause) 437M->248M(512M) 10,748ms
[2020-11-04T20:37:11.976+0300][80,386s][info][gc] GC(987) Pause Cleanup 395M->395M(512M) 0,178ms
[2020-11-04T20:37:11.977+0300][80,387s][info][gc] GC(987) Concurrent Cycle 156,054ms
[2020-11-04T20:37:12.003+0300][80,413s][info][gc] GC(989) Pause Young (Normal) (G1 Evacuation Pause) 439M->255M(512M) 10,699ms
[2020-11-04T20:37:12.045+0300][80,455s][info][gc] GC(990) Pause Young (Concurrent Start) (G1 Humongous Allocation) 317M->256M(512M) 9,930ms
[2020-11-04T20:37:12.045+0300][80,455s][info][gc] GC(991) Concurrent Cycle
[2020-11-04T20:37:12.101+0300][80,511s][info][gc] GC(991) Pause Remark 404M->336M(512M) 0,767ms
[2020-11-04T20:37:12.123+0300][80,532s][info][gc] GC(992) Pause Young (Normal) (G1 Evacuation Pause) 380M->185M(512M) 4,837ms
[2020-11-04T20:37:12.136+0300][80,545s][info][gc] GC(991) Pause Cleanup 220M->220M(512M) 0,237ms
[2020-11-04T20:37:12.136+0300][80,546s][info][gc] GC(991) Concurrent Cycle 90,906ms
[2020-11-04T20:37:12.222+0300][80,632s][info][gc] GC(993) Pause Young (Normal) (G1 Evacuation Pause) 440M->192M(512M) 8,222ms
[2020-11-04T20:37:12.318+0300][80,728s][info][gc] GC(994) Pause Young (Concurrent Start) (G1 Evacuation Pause) 441M->200M(512M) 10,538ms
[2020-11-04T20:37:12.318+0300][80,728s][info][gc] GC(995) Concurrent Cycle
[2020-11-04T20:37:12.365+0300][80,775s][info][gc] GC(995) Pause Remark 318M->314M(512M) 1,063ms
[2020-11-04T20:37:12.404+0300][80,814s][info][gc] GC(995) Pause Cleanup 420M->420M(512M) 0,164ms
[2020-11-04T20:37:12.404+0300][80,814s][info][gc] GC(995) Concurrent Cycle 85,885ms
[2020-11-04T20:37:12.421+0300][80,831s][info][gc] GC(996) Pause Young (Normal) (G1 Evacuation Pause) 432M->203M(512M) 12,602ms
[2020-11-04T20:37:12.516+0300][80,926s][info][gc] GC(997) Pause Young (Concurrent Start) (G1 Evacuation Pause) 435M->210M(512M) 14,366ms
[2020-11-04T20:37:12.516+0300][80,926s][info][gc] GC(998) Concurrent Cycle
[2020-11-04T20:37:12.566+0300][80,976s][info][gc] GC(998) Pause Remark 340M->340M(512M) 0,900ms
[2020-11-04T20:37:12.597+0300][81,007s][info][gc] GC(998) Pause Cleanup 425M->425M(512M) 0,173ms
[2020-11-04T20:37:12.598+0300][81,008s][info][gc] GC(998) Concurrent Cycle 82,194ms
[2020-11-04T20:37:12.614+0300][81,024s][info][gc] GC(999) Pause Young (Normal) (G1 Evacuation Pause) 434M->218M(512M) 12,788ms
[2020-11-04T20:37:12.701+0300][81,111s][info][gc] GC(1000) Pause Young (Concurrent Start) (G1 Evacuation Pause) 435M->225M(512M) 12,087ms
[2020-11-04T20:37:12.701+0300][81,111s][info][gc] GC(1001) Concurrent Cycle
[2020-11-04T20:37:12.757+0300][81,167s][info][gc] GC(1001) Pause Remark 370M->370M(512M) 0,696ms
[2020-11-04T20:37:12.793+0300][81,203s][info][gc] GC(1002) Pause Young (Normal) (G1 Evacuation Pause) 436M->231M(512M) 11,612ms
[2020-11-04T20:37:12.805+0300][81,215s][info][gc] GC(1001) Pause Cleanup 263M->263M(512M) 0,160ms
[2020-11-04T20:37:12.805+0300][81,215s][info][gc] GC(1001) Concurrent Cycle 104,266ms
[2020-11-04T20:37:12.877+0300][81,287s][info][gc] GC(1003) Pause Young (Prepare Mixed) (G1 Evacuation Pause) 435M->237M(512M) 12,086ms
[2020-11-04T20:37:12.893+0300][81,303s][info][gc] GC(1004) Pause Young (Mixed) (G1 Evacuation Pause) 241M->211M(512M) 14,560ms
[2020-11-04T20:37:12.979+0300][81,389s][info][gc] GC(1005) Pause Young (Normal) (G1 Evacuation Pause) 442M->218M(512M) 5,546ms
[2020-11-04T20:37:13.065+0300][81,475s][info][gc] GC(1006) Pause Young (Normal) (G1 Evacuation Pause) 443M->224M(512M) 8,218ms
[2020-11-04T20:37:13.151+0300][81,561s][info][gc] GC(1007) Pause Young (Concurrent Start) (G1 Evacuation Pause) 443M->231M(512M) 10,119ms
[2020-11-04T20:37:13.151+0300][81,561s][info][gc] GC(1008) Concurrent Cycle
[2020-11-04T20:37:13.223+0300][81,633s][info][gc] GC(1008) Pause Remark 420M->420M(512M) 0,855ms
[2020-11-04T20:37:13.242+0300][81,652s][info][gc] GC(1009) Pause Young (Normal) (G1 Evacuation Pause) 437M->238M(512M) 11,888ms
[2020-11-04T20:37:13.281+0300][81,691s][info][gc] GC(1008) Pause Cleanup 345M->345M(512M) 0,191ms
[2020-11-04T20:37:13.282+0300][81,691s][info][gc] GC(1008) Concurrent Cycle 130,565ms
[2020-11-04T20:37:13.328+0300][81,738s][info][gc] GC(1010) Pause Young (Normal) (G1 Evacuation Pause) 437M->244M(512M) 11,506ms
[2020-11-04T20:37:13.405+0300][81,815s][info][gc] GC(1011) Pause Young (Concurrent Start) (G1 Evacuation Pause) 436M->250M(512M) 10,927ms
[2020-11-04T20:37:13.405+0300][81,815s][info][gc] GC(1012) Concurrent Cycle
[2020-11-04T20:37:13.484+0300][81,894s][info][gc] GC(1012) Pause Remark 431M->431M(512M) 0,749ms
[2020-11-04T20:37:13.498+0300][81,908s][info][gc] GC(1013) Pause Young (Normal) (G1 Evacuation Pause) 443M->260M(512M) 10,609ms
[2020-11-04T20:37:13.544+0300][81,954s][info][gc] GC(1012) Pause Cleanup 387M->387M(512M) 0,135ms
[2020-11-04T20:37:13.545+0300][81,955s][info][gc] GC(1012) Concurrent Cycle 139,342ms
[2020-11-04T20:37:13.573+0300][81,983s][info][gc] GC(1014) Pause Young (Normal) (G1 Evacuation Pause) 439M->265M(512M) 10,262ms
[2020-11-04T20:37:13.645+0300][82,055s][info][gc] GC(1015) Pause Young (Concurrent Start) (G1 Evacuation Pause) 439M->271M(512M) 11,843ms
[2020-11-04T20:37:13.645+0300][82,055s][info][gc] GC(1016) Concurrent Cycle
[2020-11-04T20:37:13.692+0300][82,102s][info][gc] GC(1016) Pause Remark 392M->325M(512M) 0,695ms
[2020-11-04T20:37:13.718+0300][82,128s][info][gc] GC(1017) Pause Young (Normal) (G1 Evacuation Pause) 372M->204M(512M) 7,798ms
[2020-11-04T20:37:13.737+0300][82,147s][info][gc] GC(1016) Pause Cleanup 257M->257M(512M) 0,170ms
[2020-11-04T20:37:13.738+0300][82,148s][info][gc] GC(1016) Concurrent Cycle 92,535ms
[2020-11-04T20:37:13.817+0300][82,227s][info][gc] GC(1018) Pause Young (Prepare Mixed) (G1 Evacuation Pause) 441M->211M(512M) 10,872ms
[2020-11-04T20:37:13.830+0300][82,240s][info][gc] GC(1019) Pause Young (Mixed) (G1 Evacuation Pause) 214M->181M(512M) 12,177ms
[2020-11-04T20:37:13.926+0300][82,336s][info][gc] GC(1020) Pause Young (Normal) (G1 Evacuation Pause) 441M->188M(512M) 5,980ms
[2020-11-04T20:37:14.023+0300][82,433s][info][gc] GC(1021) Pause Young (Normal) (G1 Evacuation Pause) 441M->196M(512M) 8,598ms
[2020-11-04T20:37:14.120+0300][82,530s][info][gc] GC(1022) Pause Young (Concurrent Start) (G1 Evacuation Pause) 442M->204M(512M) 11,132ms
[2020-11-04T20:37:14.120+0300][82,530s][info][gc] GC(1023) Concurrent Cycle
[2020-11-04T20:37:14.186+0300][82,596s][info][gc] GC(1023) Pause Remark 328M->324M(512M) 0,751ms
[2020-11-04T20:37:14.220+0300][82,630s][info][gc] GC(1023) Pause Cleanup 418M->418M(512M) 0,148ms
[2020-11-04T20:37:14.221+0300][82,631s][info][gc] GC(1023) Concurrent Cycle 101,102ms
[2020-11-04T20:37:14.240+0300][82,650s][info][gc] GC(1024) Pause Young (Normal) (G1 Evacuation Pause) 430M->205M(512M) 13,133ms
[2020-11-04T20:37:14.333+0300][82,743s][info][gc] GC(1025) Pause Young (Concurrent Start) (G1 Evacuation Pause) 435M->214M(512M) 13,187ms
[2020-11-04T20:37:14.333+0300][82,743s][info][gc] GC(1026) Concurrent Cycle
[2020-11-04T20:37:14.395+0300][82,805s][info][gc] GC(1026) Pause Remark 375M->375M(512M) 0,877ms
[2020-11-04T20:37:14.430+0300][82,840s][info][gc] GC(1027) Pause Young (Normal) (G1 Evacuation Pause) 435M->220M(512M) 12,291ms
[2020-11-04T20:37:14.447+0300][82,857s][info][gc] GC(1026) Pause Cleanup 265M->265M(512M) 0,182ms
[2020-11-04T20:37:14.447+0300][82,857s][info][gc] GC(1026) Concurrent Cycle 114,169ms
[2020-11-04T20:37:14.519+0300][82,929s][info][gc] GC(1028) Pause Young (Normal) (G1 Evacuation Pause) 435M->228M(512M) 12,320ms
[2020-11-04T20:37:14.604+0300][83,014s][info][gc] GC(1029) Pause Young (Concurrent Start) (G1 Evacuation Pause) 436M->234M(512M) 13,358ms
[2020-11-04T20:37:14.605+0300][83,015s][info][gc] GC(1030) Concurrent Cycle
[2020-11-04T20:37:14.681+0300][83,091s][info][gc] GC(1030) Pause Remark 401M->401M(512M) 0,797ms
[2020-11-04T20:37:14.717+0300][83,127s][info][gc] GC(1031) Pause Young (Normal) (G1 Evacuation Pause) 437M->240M(512M) 11,375ms
[2020-11-04T20:37:14.750+0300][83,160s][info][gc] GC(1030) Pause Cleanup 290M->290M(512M) 0,184ms
[2020-11-04T20:37:14.751+0300][83,161s][info][gc] GC(1030) Concurrent Cycle 146,190ms
[2020-11-04T20:37:14.814+0300][83,224s][info][gc] GC(1032) Pause Young (Normal) (G1 Evacuation Pause) 438M->246M(512M) 12,500ms
[2020-11-04T20:37:14.892+0300][83,301s][info][gc] GC(1033) Pause Young (Concurrent Start) (G1 Evacuation Pause) 437M->252M(512M) 10,984ms
[2020-11-04T20:37:14.892+0300][83,302s][info][gc] GC(1034) Concurrent Cycle
[2020-11-04T20:37:14.973+0300][83,383s][info][gc] GC(1035) Pause Young (Normal) (G1 Evacuation Pause) 439M->258M(512M) 10,411ms
[2020-11-04T20:37:14.981+0300][83,391s][info][gc] GC(1034) Pause Remark 278M->278M(512M) 0,658ms
[2020-11-04T20:37:15.032+0300][83,442s][info][gc] GC(1034) Pause Cleanup 393M->393M(512M) 0,168ms
[2020-11-04T20:37:15.033+0300][83,443s][info][gc] GC(1034) Concurrent Cycle 141,083ms
[2020-11-04T20:37:15.060+0300][83,470s][info][gc] GC(1036) Pause Young (Normal) (G1 Evacuation Pause) 443M->267M(512M) 10,281ms
[2020-11-04T20:37:15.131+0300][83,541s][info][gc] GC(1037) Pause Young (Concurrent Start) (G1 Evacuation Pause) 440M->272M(512M) 10,071ms
[2020-11-04T20:37:15.131+0300][83,541s][info][gc] GC(1038) Concurrent Cycle
[2020-11-04T20:37:15.179+0300][83,589s][info][gc] GC(1038) Pause Remark 396M->334M(512M) 1,027ms
[2020-11-04T20:37:15.202+0300][83,612s][info][gc] GC(1039) Pause Young (Normal) (G1 Evacuation Pause) 378M->209M(512M) 7,251ms
[2020-11-04T20:37:15.217+0300][83,627s][info][gc] GC(1038) Pause Cleanup 248M->248M(512M) 0,156ms
[2020-11-04T20:37:15.217+0300][83,627s][info][gc] GC(1038) Concurrent Cycle 86,583ms
[2020-11-04T20:37:15.294+0300][83,704s][info][gc] GC(1040) Pause Young (Prepare Mixed) (G1 Evacuation Pause) 442M->215M(512M) 10,206ms
[2020-11-04T20:37:15.308+0300][83,718s][info][gc] GC(1041) Pause Young (Mixed) (G1 Evacuation Pause) 218M->182M(512M) 12,615ms
[2020-11-04T20:37:15.404+0300][83,814s][info][gc] GC(1042) Pause Young (Normal) (G1 Evacuation Pause) 441M->189M(512M) 5,865ms
[2020-11-04T20:37:15.500+0300][83,910s][info][gc] GC(1043) Pause Young (Normal) (G1 Evacuation Pause) 440M->197M(512M) 8,686ms
[2020-11-04T20:37:15.595+0300][84,005s][info][gc] GC(1044) Pause Young (Concurrent Start) (G1 Evacuation Pause) 442M->204M(512M) 10,959ms
[2020-11-04T20:37:15.596+0300][84,005s][info][gc] GC(1045) Concurrent Cycle
[2020-11-04T20:37:15.653+0300][84,063s][info][gc] GC(1045) Pause Remark 353M->349M(512M) 0,833ms
[2020-11-04T20:37:15.696+0300][84,106s][info][gc] GC(1046) Pause Young (Normal) (G1 Evacuation Pause) 431M->209M(512M) 12,922ms
[2020-11-04T20:37:15.701+0300][84,111s][info][gc] GC(1045) Pause Cleanup 220M->220M(512M) 0,173ms
[2020-11-04T20:37:15.701+0300][84,111s][info][gc] GC(1045) Concurrent Cycle 105,724ms
[2020-11-04T20:37:15.788+0300][84,198s][info][gc] GC(1047) Pause Young (Normal) (G1 Evacuation Pause) 434M->215M(512M) 12,694ms
[2020-11-04T20:37:15.877+0300][84,287s][info][gc] GC(1048) Pause Young (Concurrent Start) (G1 Evacuation Pause) 435M->222M(512M) 13,306ms
[2020-11-04T20:37:15.877+0300][84,287s][info][gc] GC(1049) Concurrent Cycle
[2020-11-04T20:37:15.942+0300][84,352s][info][gc] GC(1049) Pause Remark 390M->390M(512M) 0,889ms
[2020-11-04T20:37:15.971+0300][84,381s][info][gc] GC(1050) Pause Young (Normal) (G1 Evacuation Pause) 436M->229M(512M) 11,526ms
[2020-11-04T20:37:16.009+0300][84,419s][info][gc] GC(1049) Pause Cleanup 337M->337M(512M) 0,185ms
[2020-11-04T20:37:16.010+0300][84,420s][info][gc] GC(1049) Concurrent Cycle 132,613ms
[2020-11-04T20:37:16.057+0300][84,467s][info][gc] GC(1051) Pause Young (Normal) (G1 Evacuation Pause) 436M->235M(512M) 12,576ms
[2020-11-04T20:37:16.139+0300][84,549s][info][gc] GC(1052) Pause Young (Concurrent Start) (G1 Evacuation Pause) 436M->241M(512M) 12,601ms
[2020-11-04T20:37:16.139+0300][84,549s][info][gc] GC(1053) Concurrent Cycle
[2020-11-04T20:37:16.212+0300][84,622s][info][gc] GC(1053) Pause Remark 432M->432M(512M) 0,970ms
[2020-11-04T20:37:16.226+0300][84,636s][info][gc] GC(1054) Pause Young (Normal) (G1 Evacuation Pause) 438M->247M(512M) 11,426ms
[2020-11-04T20:37:16.270+0300][84,680s][info][gc] GC(1053) Pause Cleanup 368M->368M(512M) 0,191ms
[2020-11-04T20:37:16.271+0300][84,681s][info][gc] GC(1053) Concurrent Cycle 131,835ms
[2020-11-04T20:37:16.307+0300][84,717s][info][gc] GC(1055) Pause Young (Normal) (G1 Evacuation Pause) 437M->252M(512M) 12,825ms
[2020-11-04T20:37:16.383+0300][84,793s][info][gc] GC(1056) Pause Young (Concurrent Start) (G1 Evacuation Pause) 439M->259M(512M) 10,775ms
[2020-11-04T20:37:16.383+0300][84,793s][info][gc] GC(1057) Concurrent Cycle
[2020-11-04T20:37:16.473+0300][84,883s][info][gc] GC(1058) Pause Young (Normal) (G1 Evacuation Pause) 444M->268M(512M) 10,101ms
[2020-11-04T20:37:16.475+0300][84,885s][info][gc] GC(1057) Pause Remark 272M->272M(512M) 0,739ms
[2020-11-04T20:37:16.529+0300][84,939s][info][gc] GC(1057) Pause Cleanup 419M->419M(512M) 0,178ms
[2020-11-04T20:37:16.530+0300][84,940s][info][gc] GC(1057) Concurrent Cycle 146,747ms
[2020-11-04T20:37:16.551+0300][84,961s][info][gc] GC(1059) Pause Young (Normal) (G1 Evacuation Pause) 439M->273M(512M) 9,710ms
[2020-11-04T20:37:16.618+0300][85,028s][info][gc] GC(1060) Pause Young (Concurrent Start) (G1 Evacuation Pause) 440M->279M(512M) 9,787ms
[2020-11-04T20:37:16.618+0300][85,028s][info][gc] GC(1061) Concurrent Cycle
[2020-11-04T20:37:16.667+0300][85,077s][info][gc] GC(1061) Pause Remark 405M->341M(512M) 0,899ms
[2020-11-04T20:37:16.688+0300][85,098s][info][gc] GC(1062) Pause Young (Normal) (G1 Evacuation Pause) 376M->215M(512M) 7,762ms
[2020-11-04T20:37:16.707+0300][85,116s][info][gc] GC(1061) Pause Cleanup 264M->264M(512M) 0,196ms
[2020-11-04T20:37:16.707+0300][85,117s][info][gc] GC(1061) Concurrent Cycle 88,494ms
[2020-11-04T20:37:16.778+0300][85,188s][info][gc] GC(1063) Pause Young (Prepare Mixed) (G1 Evacuation Pause) 441M->223M(512M) 10,448ms
[2020-11-04T20:37:16.795+0300][85,205s][info][gc] GC(1064) Pause Young (Mixed) (G1 Evacuation Pause) 226M->186M(512M) 15,173ms
[2020-11-04T20:37:16.891+0300][85,301s][info][gc] GC(1065) Pause Young (Normal) (G1 Evacuation Pause) 441M->193M(512M) 5,999ms
[2020-11-04T20:37:16.991+0300][85,401s][info][gc] GC(1066) Pause Young (Normal) (G1 Evacuation Pause) 440M->201M(512M) 8,556ms
[2020-11-04T20:37:17.086+0300][85,496s][info][gc] GC(1067) Pause Young (Concurrent Start) (G1 Evacuation Pause) 442M->208M(512M) 11,144ms
[2020-11-04T20:37:17.086+0300][85,496s][info][gc] GC(1068) Concurrent Cycle
[2020-11-04T20:37:17.145+0300][85,555s][info][gc] GC(1068) Pause Remark 361M->356M(512M) 0,750ms
[2020-11-04T20:37:17.184+0300][85,594s][info][gc] GC(1069) Pause Young (Normal) (G1 Evacuation Pause) 430M->210M(512M) 12,501ms
[2020-11-04T20:37:17.193+0300][85,603s][info][gc] GC(1068) Pause Cleanup 233M->233M(512M) 0,160ms
[2020-11-04T20:37:17.194+0300][85,604s][info][gc] GC(1068) Concurrent Cycle 107,621ms
[2020-11-04T20:37:17.275+0300][85,685s][info][gc] GC(1070) Pause Young (Normal) (G1 Evacuation Pause) 434M->218M(512M) 12,549ms
[2020-11-04T20:37:17.364+0300][85,774s][info][gc] GC(1071) Pause Young (Concurrent Start) (G1 Evacuation Pause) 434M->224M(512M) 13,548ms
[2020-11-04T20:37:17.364+0300][85,774s][info][gc] GC(1072) Concurrent Cycle
[2020-11-04T20:37:17.455+0300][85,865s][info][gc] GC(1073) Pause Young (Normal) (G1 Evacuation Pause) 435M->231M(512M) 11,478ms
[2020-11-04T20:37:17.460+0300][85,870s][info][gc] GC(1072) Pause Remark 242M->242M(512M) 0,977ms
[2020-11-04T20:37:17.504+0300][85,914s][info][gc] GC(1072) Pause Cleanup 362M->362M(512M) 0,156ms
[2020-11-04T20:37:17.505+0300][85,915s][info][gc] GC(1072) Concurrent Cycle 140,813ms
[2020-11-04T20:37:17.543+0300][85,953s][info][gc] GC(1074) Pause Young (Normal) (G1 Evacuation Pause) 437M->238M(512M) 11,431ms
[2020-11-04T20:37:17.623+0300][86,033s][info][gc] GC(1075) Pause Young (Concurrent Start) (G1 Evacuation Pause) 437M->244M(512M) 11,459ms
[2020-11-04T20:37:17.623+0300][86,033s][info][gc] GC(1076) Concurrent Cycle
[2020-11-04T20:37:17.698+0300][86,108s][info][gc] GC(1076) Pause Remark 437M->437M(512M) 0,615ms
[2020-11-04T20:37:17.709+0300][86,119s][info][gc] GC(1077) Pause Young (Normal) (G1 Evacuation Pause) 438M->249M(512M) 10,832ms
[2020-11-04T20:37:17.762+0300][86,172s][info][gc] GC(1076) Pause Cleanup 360M->360M(512M) 0,190ms
[2020-11-04T20:37:17.763+0300][86,173s][info][gc] GC(1076) Concurrent Cycle 139,218ms
[2020-11-04T20:37:17.800+0300][86,210s][info][gc] GC(1078) Pause Young (Normal) (G1 Evacuation Pause) 438M->256M(512M) 10,490ms
[2020-11-04T20:37:17.874+0300][86,284s][info][gc] GC(1079) Pause Young (Concurrent Start) (G1 Evacuation Pause) 439M->262M(512M) 10,617ms
[2020-11-04T20:37:17.874+0300][86,284s][info][gc] GC(1080) Concurrent Cycle
[2020-11-04T20:37:17.963+0300][86,373s][info][gc] GC(1081) Pause Young (Normal) (G1 Evacuation Pause) 443M->271M(512M) 10,036ms
[2020-11-04T20:37:17.967+0300][86,377s][info][gc] GC(1080) Pause Remark 280M->280M(512M) 0,730ms
[2020-11-04T20:37:18.022+0300][86,432s][info][gc] GC(1080) Pause Cleanup 430M->430M(512M) 0,222ms
[2020-11-04T20:37:18.022+0300][86,432s][info][gc] GC(1080) Concurrent Cycle 147,733ms
[2020-11-04T20:37:18.035+0300][86,445s][info][gc] GC(1082) Pause Young (Normal) (G1 Evacuation Pause) 440M->276M(512M) 9,819ms
[2020-11-04T20:37:18.102+0300][86,512s][info][gc] GC(1083) Pause Young (Concurrent Start) (G1 Evacuation Pause) 441M->281M(512M) 9,758ms
[2020-11-04T20:37:18.102+0300][86,512s][info][gc] GC(1084) Concurrent Cycle
[2020-11-04T20:37:18.153+0300][86,563s][info][gc] GC(1084) Pause Remark 409M->347M(512M) 0,786ms
[2020-11-04T20:37:18.172+0300][86,582s][info][gc] GC(1085) Pause Young (Normal) (G1 Evacuation Pause) 378M->220M(512M) 7,759ms
[2020-11-04T20:37:18.192+0300][86,602s][info][gc] GC(1084) Pause Cleanup 275M->275M(512M) 0,195ms
[2020-11-04T20:37:18.193+0300][86,603s][info][gc] GC(1084) Concurrent Cycle 90,471ms
[2020-11-04T20:37:18.266+0300][86,676s][info][gc] GC(1086) Pause Young (Prepare Mixed) (G1 Evacuation Pause) 441M->226M(512M) 10,252ms
[2020-11-04T20:37:18.280+0300][86,690s][info][gc] GC(1087) Pause Young (Mixed) (G1 Evacuation Pause) 229M->189M(512M) 12,865ms
[2020-11-04T20:37:18.375+0300][86,785s][info][gc] GC(1088) Pause Young (Normal) (G1 Evacuation Pause) 440M->195M(512M) 7,148ms
[2020-11-04T20:37:18.471+0300][86,881s][info][gc] GC(1089) Pause Young (Normal) (G1 Evacuation Pause) 441M->203M(512M) 8,498ms
[2020-11-04T20:37:18.564+0300][86,974s][info][gc] GC(1090) Pause Young (Concurrent Start) (G1 Evacuation Pause) 441M->210M(512M) 11,058ms
[2020-11-04T20:37:18.564+0300][86,974s][info][gc] GC(1091) Concurrent Cycle
[2020-11-04T20:37:18.624+0300][87,034s][info][gc] GC(1091) Pause Remark 366M->362M(512M) 0,642ms
[2020-11-04T20:37:18.676+0300][87,086s][info][gc] GC(1092) Pause Young (Normal) (G1 Evacuation Pause) 430M->214M(512M) 12,454ms
[2020-11-04T20:37:18.680+0300][87,090s][info][gc] GC(1091) Pause Cleanup 223M->223M(512M) 0,174ms
[2020-11-04T20:37:18.681+0300][87,091s][info][gc] GC(1091) Concurrent Cycle 116,270ms
[2020-11-04T20:37:18.767+0300][87,177s][info][gc] GC(1093) Pause Young (Normal) (G1 Evacuation Pause) 435M->220M(512M) 12,582ms
[2020-11-04T20:37:18.854+0300][87,264s][info][gc] GC(1094) Pause Young (Concurrent Start) (G1 Evacuation Pause) 436M->227M(512M) 12,030ms
[2020-11-04T20:37:18.854+0300][87,264s][info][gc] GC(1095) Concurrent Cycle
[2020-11-04T20:37:18.921+0300][87,330s][info][gc] GC(1095) Pause Remark 401M->401M(512M) 0,871ms
[2020-11-04T20:37:18.944+0300][87,354s][info][gc] GC(1096) Pause Young (Normal) (G1 Evacuation Pause) 435M->233M(512M) 11,454ms
[2020-11-04T20:37:18.974+0300][87,384s][info][gc] GC(1095) Pause Cleanup 315M->315M(512M) 0,129ms
[2020-11-04T20:37:18.975+0300][87,385s][info][gc] GC(1095) Concurrent Cycle 121,235ms
[2020-11-04T20:37:19.030+0300][87,440s][info][gc] GC(1097) Pause Young (Normal) (G1 Evacuation Pause) 437M->239M(512M) 13,246ms
[2020-11-04T20:37:19.111+0300][87,521s][info][gc] GC(1098) Pause Young (Concurrent Start) (G1 Evacuation Pause) 438M->245M(512M) 11,256ms
[2020-11-04T20:37:19.111+0300][87,521s][info][gc] GC(1099) Concurrent Cycle
[2020-11-04T20:37:19.194+0300][87,604s][info][gc] GC(1100) Pause Young (Normal) (G1 Evacuation Pause) 437M->251M(512M) 10,610ms
[2020-11-04T20:37:19.215+0300][87,625s][info][gc] GC(1099) Pause Remark 303M->303M(512M) 0,848ms
[2020-11-04T20:37:19.264+0300][87,674s][info][gc] GC(1099) Pause Cleanup 436M->436M(512M) 0,196ms
[2020-11-04T20:37:19.264+0300][87,674s][info][gc] GC(1099) Concurrent Cycle 153,021ms
[2020-11-04T20:37:19.275+0300][87,685s][info][gc] GC(1101) Pause Young (Normal) (G1 Evacuation Pause) 439M->257M(512M) 10,265ms
[2020-11-04T20:37:19.349+0300][87,758s][info][gc] GC(1102) Pause Young (Concurrent Start) (G1 Evacuation Pause) 438M->263M(512M) 10,509ms
[2020-11-04T20:37:19.349+0300][87,759s][info][gc] GC(1103) Concurrent Cycle
[2020-11-04T20:37:19.437+0300][87,847s][info][gc] GC(1104) Pause Young (Normal) (G1 Evacuation Pause) 444M->272M(512M) 10,171ms
[2020-11-04T20:37:19.442+0300][87,852s][info][gc] GC(1103) Pause Remark 283M->283M(512M) 0,631ms
[2020-11-04T20:37:19.496+0300][87,906s][info][gc] GC(1103) Pause Cleanup 433M->433M(512M) 0,194ms
[2020-11-04T20:37:19.497+0300][87,907s][info][gc] GC(1103) Concurrent Cycle 147,962ms
[2020-11-04T20:37:19.509+0300][87,919s][info][gc] GC(1105) Pause Young (Normal) (G1 Evacuation Pause) 441M->278M(512M) 9,736ms
[2020-11-04T20:37:19.575+0300][87,985s][info][gc] GC(1106) Pause Young (Concurrent Start) (G1 Evacuation Pause) 441M->284M(512M) 9,527ms
[2020-11-04T20:37:19.575+0300][87,985s][info][gc] GC(1107) Concurrent Cycle
[2020-11-04T20:37:19.627+0300][88,037s][info][gc] GC(1107) Pause Remark 413M->353M(512M) 2,019ms
[2020-11-04T20:37:19.646+0300][88,056s][info][gc] GC(1108) Pause Young (Normal) (G1 Evacuation Pause) 381M->224M(512M) 8,270ms
[2020-11-04T20:37:19.667+0300][88,077s][info][gc] GC(1107) Pause Cleanup 283M->283M(512M) 0,172ms
[2020-11-04T20:37:19.668+0300][88,078s][info][gc] GC(1107) Concurrent Cycle 92,417ms
[2020-11-04T20:37:19.732+0300][88,142s][info][gc] GC(1109) Pause Young (Prepare Mixed) (G1 Evacuation Pause) 441M->231M(512M) 10,167ms
[2020-11-04T20:37:19.746+0300][88,156s][info][gc] GC(1110) Pause Young (Mixed) (G1 Evacuation Pause) 234M->191M(512M) 12,034ms
[2020-11-04T20:37:19.840+0300][88,250s][info][gc] GC(1111) Pause Young (Normal) (G1 Evacuation Pause) 441M->198M(512M) 6,816ms
[2020-11-04T20:37:19.937+0300][88,347s][info][gc] GC(1112) Pause Young (Normal) (G1 Evacuation Pause) 442M->205M(512M) 9,741ms
[2020-11-04T20:37:20.031+0300][88,441s][info][gc] GC(1113) Pause Young (Concurrent Start) (G1 Evacuation Pause) 441M->213M(512M) 10,745ms
[2020-11-04T20:37:20.032+0300][88,441s][info][gc] GC(1114) Concurrent Cycle
[2020-11-04T20:37:20.092+0300][88,502s][info][gc] GC(1114) Pause Remark 369M->365M(512M) 0,740ms
[2020-11-04T20:37:20.149+0300][88,559s][info][gc] GC(1115) Pause Young (Normal) (G1 Evacuation Pause) 431M->215M(512M) 12,393ms
[2020-11-04T20:37:20.151+0300][88,561s][info][gc] GC(1114) Pause Cleanup 222M->222M(512M) 0,162ms
[2020-11-04T20:37:20.152+0300][88,562s][info][gc] GC(1114) Concurrent Cycle 120,231ms
[2020-11-04T20:37:20.238+0300][88,648s][info][gc] GC(1116) Pause Young (Normal) (G1 Evacuation Pause) 436M->222M(512M) 12,192ms
[2020-11-04T20:37:20.325+0300][88,735s][info][gc] GC(1117) Pause Young (Concurrent Start) (G1 Evacuation Pause) 435M->230M(512M) 13,515ms
[2020-11-04T20:37:20.325+0300][88,735s][info][gc] GC(1118) Concurrent Cycle
[2020-11-04T20:37:20.393+0300][88,803s][info][gc] GC(1118) Pause Remark 405M->405M(512M) 0,629ms
[2020-11-04T20:37:20.416+0300][88,826s][info][gc] GC(1119) Pause Young (Normal) (G1 Evacuation Pause) 436M->234M(512M) 11,072ms
[2020-11-04T20:37:20.455+0300][88,865s][info][gc] GC(1118) Pause Cleanup 293M->293M(512M) 0,160ms
[2020-11-04T20:37:20.455+0300][88,865s][info][gc] GC(1118) Concurrent Cycle 130,272ms
[2020-11-04T20:37:20.520+0300][88,930s][info][gc] GC(1120) Pause Young (Normal) (G1 Evacuation Pause) 437M->241M(512M) 11,482ms
[2020-11-04T20:37:20.600+0300][89,010s][info][gc] GC(1121) Pause Young (Concurrent Start) (G1 Evacuation Pause) 438M->248M(512M) 11,069ms
[2020-11-04T20:37:20.600+0300][89,010s][info][gc] GC(1122) Concurrent Cycle
[2020-11-04T20:37:20.682+0300][89,092s][info][gc] GC(1123) Pause Young (Normal) (G1 Evacuation Pause) 438M->253M(512M) 10,272ms
[2020-11-04T20:37:20.686+0300][89,096s][info][gc] GC(1122) Pause Remark 257M->257M(512M) 0,657ms
[2020-11-04T20:37:20.744+0300][89,154s][info][gc] GC(1122) Pause Cleanup 368M->368M(512M) 0,172ms
[2020-11-04T20:37:20.744+0300][89,154s][info][gc] GC(1122) Concurrent Cycle 144,418ms
[2020-11-04T20:37:20.779+0300][89,189s][info][gc] GC(1124) Pause Young (Normal) (G1 Evacuation Pause) 439M->259M(512M) 10,609ms
[2020-11-04T20:37:20.853+0300][89,263s][info][gc] GC(1125) Pause Young (Concurrent Start) (G1 Evacuation Pause) 440M->265M(512M) 10,522ms
[2020-11-04T20:37:20.853+0300][89,263s][info][gc] GC(1126) Concurrent Cycle
[2020-11-04T20:37:20.941+0300][89,351s][info][gc] GC(1127) Pause Young (Normal) (G1 Evacuation Pause) 444M->274M(512M) 10,329ms
[2020-11-04T20:37:20.951+0300][89,361s][info][gc] GC(1126) Pause Remark 297M->297M(512M) 0,779ms
[2020-11-04T20:37:21.011+0300][89,420s][info][gc] GC(1128) Pause Young (Normal) (G1 Evacuation Pause) 439M->280M(512M) 9,173ms
[2020-11-04T20:37:21.035+0300][89,445s][info][gc] GC(1126) Pause Cleanup 346M->346M(512M) 0,206ms
[2020-11-04T20:37:21.036+0300][89,446s][info][gc] GC(1126) Concurrent Cycle 182,883ms
[2020-11-04T20:37:21.078+0300][89,488s][info][gc] GC(1129) Pause Young (Normal) (G1 Evacuation Pause) 441M->285M(512M) 9,731ms
[2020-11-04T20:37:21.141+0300][89,551s][info][gc] GC(1130) Pause Young (Concurrent Start) (G1 Evacuation Pause) 440M->290M(512M) 9,073ms
[2020-11-04T20:37:21.141+0300][89,551s][info][gc] GC(1131) Concurrent Cycle
[2020-11-04T20:37:21.193+0300][89,603s][info][gc] GC(1131) Pause Remark 421M->353M(512M) 1,056ms
[2020-11-04T20:37:21.210+0300][89,620s][info][gc] GC(1132) Pause Young (Normal) (G1 Evacuation Pause) 374M->227M(512M) 8,550ms
[2020-11-04T20:37:21.241+0300][89,651s][info][gc] GC(1131) Pause Cleanup 274M->274M(512M) 0,180ms
[2020-11-04T20:37:21.242+0300][89,652s][info][gc] GC(1131) Concurrent Cycle 100,240ms
[2020-11-04T20:37:21.309+0300][89,719s][info][gc] GC(1133) Pause Young (Prepare Mixed) (G1 Evacuation Pause) 441M->233M(512M) 9,950ms
[2020-11-04T20:37:21.324+0300][89,734s][info][gc] GC(1134) Pause Young (Mixed) (G1 Evacuation Pause) 236M->196M(512M) 13,354ms
[2020-11-04T20:37:21.416+0300][89,826s][info][gc] GC(1135) Pause Young (Normal) (G1 Evacuation Pause) 442M->203M(512M) 5,555ms
[2020-11-04T20:37:21.507+0300][89,917s][info][gc] GC(1136) Pause Young (Normal) (G1 Evacuation Pause) 442M->210M(512M) 8,499ms
[2020-11-04T20:37:21.598+0300][90,008s][info][gc] GC(1137) Pause Young (Concurrent Start) (G1 Evacuation Pause) 442M->217M(512M) 10,520ms
[2020-11-04T20:37:21.598+0300][90,008s][info][gc] GC(1138) Concurrent Cycle
[2020-11-04T20:37:21.693+0300][90,103s][info][gc] GC(1139) Pause Young (Normal) (G1 Evacuation Pause) 436M->224M(512M) 12,235ms
[2020-11-04T20:37:21.693+0300][90,103s][info][gc] GC(1138) Pause Remark 224M->223M(512M) 0,489ms
[2020-11-04T20:37:21.734+0300][90,144s][info][gc] GC(1138) Pause Cleanup 331M->331M(512M) 0,143ms
[2020-11-04T20:37:21.734+0300][90,144s][info][gc] GC(1138) Concurrent Cycle 135,732ms
[2020-11-04T20:37:21.783+0300][90,193s][info][gc] GC(1140) Pause Young (Normal) (G1 Evacuation Pause) 435M->229M(512M) 12,796ms
[2020-11-04T20:37:21.867+0300][90,277s][info][gc] GC(1141) Pause Young (Concurrent Start) (G1 Evacuation Pause) 437M->235M(512M) 11,741ms
[2020-11-04T20:37:21.867+0300][90,277s][info][gc] GC(1142) Concurrent Cycle
[2020-11-04T20:37:21.936+0300][90,346s][info][gc] GC(1142) Pause Remark 414M->414M(512M) 0,598ms
[2020-11-04T20:37:21.956+0300][90,366s][info][gc] GC(1143) Pause Young (Normal) (G1 Evacuation Pause) 438M->242M(512M) 11,003ms
[2020-11-04T20:37:21.991+0300][90,401s][info][gc] GC(1142) Pause Cleanup 338M->338M(512M) 0,151ms
[2020-11-04T20:37:21.991+0300][90,401s][info][gc] GC(1142) Concurrent Cycle 124,130ms
[2020-11-04T20:37:22.037+0300][90,447s][info][gc] GC(1144) Pause Young (Normal) (G1 Evacuation Pause) 438M->249M(512M) 11,015ms
[2020-11-04T20:37:22.113+0300][90,523s][info][gc] GC(1145) Pause Young (Concurrent Start) (G1 Evacuation Pause) 438M->254M(512M) 10,799ms
[2020-11-04T20:37:22.113+0300][90,523s][info][gc] GC(1146) Concurrent Cycle
[2020-11-04T20:37:22.197+0300][90,607s][info][gc] GC(1146) Pause Remark 434M->434M(512M) 0,688ms
[2020-11-04T20:37:22.209+0300][90,619s][info][gc] GC(1147) Pause Young (Normal) (G1 Evacuation Pause) 438M->260M(512M) 10,060ms
[2020-11-04T20:37:22.256+0300][90,666s][info][gc] GC(1146) Pause Cleanup 390M->390M(512M) 0,174ms
[2020-11-04T20:37:22.256+0300][90,666s][info][gc] GC(1146) Concurrent Cycle 143,073ms
[2020-11-04T20:37:22.283+0300][90,693s][info][gc] GC(1148) Pause Young (Normal) (G1 Evacuation Pause) 438M->265M(512M) 10,201ms
[2020-11-04T20:37:22.354+0300][90,764s][info][gc] GC(1149) Pause Young (Concurrent Start) (G1 Evacuation Pause) 439M->271M(512M) 10,120ms
[2020-11-04T20:37:22.354+0300][90,764s][info][gc] GC(1150) Concurrent Cycle
[2020-11-04T20:37:22.438+0300][90,848s][info][gc] GC(1151) Pause Young (Normal) (G1 Evacuation Pause) 444M->280M(512M) 9,392ms
[2020-11-04T20:37:22.449+0300][90,859s][info][gc] GC(1150) Pause Remark 307M->307M(512M) 0,670ms
[2020-11-04T20:37:22.506+0300][90,916s][info][gc] GC(1152) Pause Young (Normal) (G1 Evacuation Pause) 441M->285M(512M) 8,781ms
[2020-11-04T20:37:22.526+0300][90,936s][info][gc] GC(1150) Pause Cleanup 339M->339M(512M) 0,193ms
[2020-11-04T20:37:22.526+0300][90,936s][info][gc] GC(1150) Concurrent Cycle 172,748ms
[2020-11-04T20:37:22.571+0300][90,981s][info][gc] GC(1153) Pause Young (Normal) (G1 Evacuation Pause) 442M->290M(512M) 9,276ms
[2020-11-04T20:37:22.634+0300][91,044s][info][gc] GC(1154) Pause Young (Concurrent Start) (G1 Evacuation Pause) 442M->295M(512M) 10,477ms
[2020-11-04T20:37:22.634+0300][91,044s][info][gc] GC(1155) Concurrent Cycle
[2020-11-04T20:37:22.698+0300][91,108s][info][gc] GC(1156) Pause Young (Normal) (G1 Evacuation Pause) 442M->299M(512M) 8,513ms
[2020-11-04T20:37:22.718+0300][91,128s][info][gc] GC(1155) Pause Remark 350M->274M(512M) 0,797ms
[2020-11-04T20:37:22.752+0300][91,162s][info][gc] GC(1155) Pause Cleanup 365M->365M(512M) 0,182ms
[2020-11-04T20:37:22.753+0300][91,163s][info][gc] GC(1155) Concurrent Cycle 118,336ms
[2020-11-04T20:37:22.762+0300][91,172s][info][gc] GC(1157) Pause Young (Prepare Mixed) (G1 Evacuation Pause) 366M->228M(512M) 8,597ms
[2020-11-04T20:37:22.782+0300][91,192s][info][gc] GC(1158) Pause Young (Mixed) (G1 Evacuation Pause) 238M->196M(512M) 16,114ms
[2020-11-04T20:37:22.874+0300][91,284s][info][gc] GC(1159) Pause Young (Normal) (G1 Evacuation Pause) 442M->203M(512M) 7,256ms
[2020-11-04T20:37:22.969+0300][91,379s][info][gc] GC(1160) Pause Young (Normal) (G1 Evacuation Pause) 442M->210M(512M) 9,994ms
[2020-11-04T20:37:23.062+0300][91,472s][info][gc] GC(1161) Pause Young (Concurrent Start) (G1 Evacuation Pause) 442M->218M(512M) 10,461ms
[2020-11-04T20:37:23.062+0300][91,472s][info][gc] GC(1162) Concurrent Cycle
[2020-11-04T20:37:23.124+0300][91,534s][info][gc] GC(1162) Pause Remark 380M->378M(512M) 0,948ms
[2020-11-04T20:37:23.157+0300][91,567s][info][gc] GC(1163) Pause Young (Normal) (G1 Evacuation Pause) 433M->223M(512M) 12,821ms
[2020-11-04T20:37:23.187+0300][91,597s][info][gc] GC(1162) Pause Cleanup 306M->306M(512M) 0,177ms
[2020-11-04T20:37:23.188+0300][91,598s][info][gc] GC(1162) Concurrent Cycle 125,989ms
[2020-11-04T20:37:23.247+0300][91,657s][info][gc] GC(1164) Pause Young (Normal) (G1 Evacuation Pause) 436M->229M(512M) 12,067ms
[2020-11-04T20:37:23.331+0300][91,741s][info][gc] GC(1165) Pause Young (Concurrent Start) (G1 Evacuation Pause) 437M->236M(512M) 11,826ms
[2020-11-04T20:37:23.331+0300][91,741s][info][gc] GC(1166) Concurrent Cycle
[2020-11-04T20:37:23.401+0300][91,811s][info][gc] GC(1166) Pause Remark 417M->417M(512M) 0,645ms
[2020-11-04T20:37:23.420+0300][91,830s][info][gc] GC(1167) Pause Young (Normal) (G1 Evacuation Pause) 437M->242M(512M) 11,084ms
[2020-11-04T20:37:23.456+0300][91,866s][info][gc] GC(1166) Pause Cleanup 342M->342M(512M) 0,193ms
[2020-11-04T20:37:23.457+0300][91,867s][info][gc] GC(1166) Concurrent Cycle 125,613ms
[2020-11-04T20:37:23.501+0300][91,911s][info][gc] GC(1168) Pause Young (Normal) (G1 Evacuation Pause) 438M->248M(512M) 11,211ms
[2020-11-04T20:37:23.578+0300][91,988s][info][gc] GC(1169) Pause Young (Concurrent Start) (G1 Evacuation Pause) 437M->254M(512M) 10,928ms
[2020-11-04T20:37:23.578+0300][91,988s][info][gc] GC(1170) Concurrent Cycle
[2020-11-04T20:37:23.659+0300][92,069s][info][gc] GC(1171) Pause Young (Normal) (G1 Evacuation Pause) 439M->260M(512M) 10,045ms
[2020-11-04T20:37:23.666+0300][92,076s][info][gc] GC(1170) Pause Remark 276M->276M(512M) 0,785ms
[2020-11-04T20:37:23.716+0300][92,126s][info][gc] GC(1170) Pause Cleanup 414M->414M(512M) 0,253ms
[2020-11-04T20:37:23.717+0300][92,127s][info][gc] GC(1170) Concurrent Cycle 139,156ms
[2020-11-04T20:37:23.736+0300][92,146s][info][gc] GC(1172) Pause Young (Normal) (G1 Evacuation Pause) 439M->264M(512M) 10,122ms
[2020-11-04T20:37:23.808+0300][92,218s][info][gc] GC(1173) Pause Young (Concurrent Start) (G1 Evacuation Pause) 439M->270M(512M) 11,542ms
[2020-11-04T20:37:23.808+0300][92,218s][info][gc] GC(1174) Concurrent Cycle
[2020-11-04T20:37:23.882+0300][92,292s][info][gc] GC(1175) Pause Young (Normal) (G1 Evacuation Pause) 439M->276M(512M) 9,154ms
[2020-11-04T20:37:23.903+0300][92,313s][info][gc] GC(1174) Pause Remark 307M->307M(512M) 0,649ms
[2020-11-04T20:37:23.963+0300][92,373s][info][gc] GC(1176) Pause Young (Normal) (G1 Evacuation Pause) 445M->285M(512M) 9,544ms
[2020-11-04T20:37:23.983+0300][92,393s][info][gc] GC(1174) Pause Cleanup 339M->339M(512M) 0,190ms
[2020-11-04T20:37:23.983+0300][92,393s][info][gc] GC(1174) Concurrent Cycle 175,363ms
[2020-11-04T20:37:24.027+0300][92,437s][info][gc] GC(1177) Pause Young (Normal) (G1 Evacuation Pause) 440M->289M(512M) 9,221ms
[2020-11-04T20:37:24.090+0300][92,500s][info][gc] GC(1178) Pause Young (Concurrent Start) (G1 Evacuation Pause) 441M->294M(512M) 10,415ms
[2020-11-04T20:37:24.091+0300][92,500s][info][gc] GC(1179) Concurrent Cycle
[2020-11-04T20:37:24.143+0300][92,553s][info][gc] GC(1179) Pause Remark 428M->353M(512M) 0,990ms
[2020-11-04T20:37:24.157+0300][92,567s][info][gc] GC(1180) Pause Young (Normal) (G1 Evacuation Pause) 366M->223M(512M) 8,479ms
[2020-11-04T20:37:24.185+0300][92,595s][info][gc] GC(1179) Pause Cleanup 301M->301M(512M) 0,202ms
[2020-11-04T20:37:24.186+0300][92,596s][info][gc] GC(1179) Concurrent Cycle 95,428ms
[2020-11-04T20:37:24.245+0300][92,655s][info][gc] GC(1181) Pause Young (Prepare Mixed) (G1 Evacuation Pause) 443M->229M(512M) 9,826ms
[2020-11-04T20:37:24.260+0300][92,670s][info][gc] GC(1182) Pause Young (Mixed) (G1 Evacuation Pause) 233M->199M(512M) 12,916ms
[2020-11-04T20:37:24.351+0300][92,761s][info][gc] GC(1183) Pause Young (Normal) (G1 Evacuation Pause) 442M->206M(512M) 5,700ms
[2020-11-04T20:37:24.441+0300][92,851s][info][gc] GC(1184) Pause Young (Normal) (G1 Evacuation Pause) 442M->213M(512M) 8,193ms
[2020-11-04T20:37:24.539+0300][92,949s][info][gc] GC(1185) Pause Young (Concurrent Start) (G1 Evacuation Pause) 443M->220M(512M) 13,531ms
[2020-11-04T20:37:24.539+0300][92,949s][info][gc] GC(1186) Concurrent Cycle
[2020-11-04T20:37:24.635+0300][93,045s][info][gc] GC(1186) Pause Remark 429M->426M(512M) 0,807ms
[2020-11-04T20:37:24.656+0300][93,066s][info][gc] GC(1187) Pause Young (Normal) (G1 Evacuation Pause) 433M->224M(512M) 16,401ms
[2020-11-04T20:37:24.699+0300][93,109s][info][gc] GC(1186) Pause Cleanup 313M->313M(512M) 0,140ms
[2020-11-04T20:37:24.700+0300][93,110s][info][gc] GC(1186) Concurrent Cycle 160,910ms
[2020-11-04T20:37:24.791+0300][93,201s][info][gc] GC(1188) Pause Young (Normal) (G1 Evacuation Pause) 435M->231M(512M) 16,854ms
[2020-11-04T20:37:24.890+0300][93,300s][info][gc] GC(1189) Pause Young (Concurrent Start) (G1 Evacuation Pause) 436M->237M(512M) 15,258ms
[2020-11-04T20:37:24.891+0300][93,301s][info][gc] GC(1190) Concurrent Cycle
[2020-11-04T20:37:25.005+0300][93,415s][info][gc] GC(1190) Pause Remark 392M->392M(512M) 1,023ms
[2020-11-04T20:37:25.039+0300][93,449s][info][gc] GC(1191) Pause Young (Normal) (G1 Evacuation Pause) 436M->243M(512M) 13,814ms
[2020-11-04T20:37:25.073+0300][93,483s][info][gc] GC(1190) Pause Cleanup 332M->332M(512M) 0,162ms
[2020-11-04T20:37:25.073+0300][93,483s][info][gc] GC(1190) Concurrent Cycle 182,881ms
[2020-11-04T20:37:25.122+0300][93,532s][info][gc] GC(1192) Pause Young (Normal) (G1 Evacuation Pause) 438M->249M(512M) 11,117ms
[2020-11-04T20:37:25.199+0300][93,608s][info][gc] GC(1193) Pause Young (Concurrent Start) (G1 Evacuation Pause) 439M->255M(512M) 11,038ms
[2020-11-04T20:37:25.199+0300][93,609s][info][gc] GC(1194) Concurrent Cycle
[2020-11-04T20:37:25.279+0300][93,689s][info][gc] GC(1195) Pause Young (Normal) (G1 Evacuation Pause) 439M->260M(512M) 9,847ms
[2020-11-04T20:37:25.292+0300][93,702s][info][gc] GC(1194) Pause Remark 291M->291M(512M) 0,906ms
[2020-11-04T20:37:25.343+0300][93,753s][info][gc] GC(1194) Pause Cleanup 427M->427M(512M) 0,175ms
[2020-11-04T20:37:25.343+0300][93,753s][info][gc] GC(1194) Concurrent Cycle 144,915ms
[2020-11-04T20:37:25.358+0300][93,767s][info][gc] GC(1196) Pause Young (Normal) (G1 Evacuation Pause) 438M->266M(512M) 10,103ms
[2020-11-04T20:37:25.428+0300][93,838s][info][gc] GC(1197) Pause Young (Concurrent Start) (G1 Evacuation Pause) 440M->271M(512M) 9,941ms
[2020-11-04T20:37:25.428+0300][93,838s][info][gc] GC(1198) Concurrent Cycle
[2020-11-04T20:37:25.503+0300][93,913s][info][gc] GC(1199) Pause Young (Normal) (G1 Evacuation Pause) 441M->277M(512M) 9,151ms
[2020-11-04T20:37:25.524+0300][93,934s][info][gc] GC(1198) Pause Remark 305M->305M(512M) 0,888ms
[2020-11-04T20:37:25.585+0300][93,995s][info][gc] GC(1200) Pause Young (Normal) (G1 Evacuation Pause) 445M->286M(512M) 9,125ms
[2020-11-04T20:37:25.589+0300][93,999s][info][gc] GC(1198) Pause Cleanup 298M->298M(512M) 0,195ms
[2020-11-04T20:37:25.590+0300][94,000s][info][gc] GC(1198) Concurrent Cycle 161,720ms
[2020-11-04T20:37:25.648+0300][94,058s][info][gc] GC(1201) Pause Young (Normal) (G1 Evacuation Pause) 440M->291M(512M) 9,129ms
[2020-11-04T20:37:25.710+0300][94,120s][info][gc] GC(1202) Pause Young (Concurrent Start) (G1 Evacuation Pause) 442M->296M(512M) 8,955ms
[2020-11-04T20:37:25.710+0300][94,120s][info][gc] GC(1203) Concurrent Cycle
[2020-11-04T20:37:25.763+0300][94,173s][info][gc] GC(1203) Pause Remark 432M->367M(512M) 1,024ms
[2020-11-04T20:37:25.776+0300][94,186s][info][gc] GC(1204) Pause Young (Normal) (G1 Evacuation Pause) 377M->235M(512M) 8,249ms
[2020-11-04T20:37:25.814+0300][94,224s][info][gc] GC(1203) Pause Cleanup 293M->293M(512M) 0,180ms
[2020-11-04T20:37:25.814+0300][94,224s][info][gc] GC(1203) Concurrent Cycle 104,448ms
[2020-11-04T20:37:25.877+0300][94,287s][info][gc] GC(1205) Pause Young (Prepare Mixed) (G1 Evacuation Pause) 443M->240M(512M) 10,856ms
[2020-11-04T20:37:25.891+0300][94,301s][info][gc] GC(1206) Pause Young (Mixed) (G1 Evacuation Pause) 244M->202M(512M) 12,063ms
[2020-11-04T20:37:25.982+0300][94,392s][info][gc] GC(1207) Pause Young (Normal) (G1 Evacuation Pause) 442M->209M(512M) 6,127ms
[2020-11-04T20:37:26.071+0300][94,481s][info][gc] GC(1208) Pause Young (Normal) (G1 Evacuation Pause) 442M->216M(512M) 8,406ms
[2020-11-04T20:37:26.160+0300][94,570s][info][gc] GC(1209) Pause Young (Concurrent Start) (G1 Evacuation Pause) 443M->223M(512M) 10,228ms
[2020-11-04T20:37:26.160+0300][94,570s][info][gc] GC(1210) Concurrent Cycle
[2020-11-04T20:37:26.224+0300][94,634s][info][gc] GC(1210) Pause Remark 388M->384M(512M) 0,717ms
[2020-11-04T20:37:26.254+0300][94,664s][info][gc] GC(1211) Pause Young (Normal) (G1 Evacuation Pause) 432M->225M(512M) 12,261ms
[2020-11-04T20:37:26.281+0300][94,691s][info][gc] GC(1210) Pause Cleanup 267M->267M(512M) 0,181ms
[2020-11-04T20:37:26.281+0300][94,691s][info][gc] GC(1210) Concurrent Cycle 121,356ms
[2020-11-04T20:37:26.355+0300][94,764s][info][gc] GC(1212) Pause Young (Normal) (G1 Evacuation Pause) 437M->232M(512M) 11,884ms
[2020-11-04T20:37:26.438+0300][94,848s][info][gc] GC(1213) Pause Young (Concurrent Start) (G1 Evacuation Pause) 437M->239M(512M) 11,510ms
[2020-11-04T20:37:26.438+0300][94,848s][info][gc] GC(1214) Concurrent Cycle
[2020-11-04T20:37:26.509+0300][94,919s][info][gc] GC(1214) Pause Remark 423M->423M(512M) 0,668ms
[2020-11-04T20:37:26.526+0300][94,936s][info][gc] GC(1215) Pause Young (Normal) (G1 Evacuation Pause) 437M->244M(512M) 10,780ms
[2020-11-04T20:37:26.583+0300][94,993s][info][gc] GC(1214) Pause Cleanup 403M->403M(512M) 0,172ms
[2020-11-04T20:37:26.584+0300][94,994s][info][gc] GC(1214) Concurrent Cycle 145,350ms
[2020-11-04T20:37:26.607+0300][95,017s][info][gc] GC(1216) Pause Young (Normal) (G1 Evacuation Pause) 437M->250M(512M) 11,074ms
[2020-11-04T20:37:26.684+0300][95,094s][info][gc] GC(1217) Pause Young (Concurrent Start) (G1 Evacuation Pause) 439M->256M(512M) 11,267ms
[2020-11-04T20:37:26.684+0300][95,094s][info][gc] GC(1218) Concurrent Cycle
[2020-11-04T20:37:26.763+0300][95,173s][info][gc] GC(1219) Pause Young (Normal) (G1 Evacuation Pause) 439M->261M(512M) 9,814ms
[2020-11-04T20:37:26.778+0300][95,188s][info][gc] GC(1218) Pause Remark 300M->300M(512M) 0,735ms
[2020-11-04T20:37:26.839+0300][95,249s][info][gc] GC(1220) Pause Young (Normal) (G1 Evacuation Pause) 440M->267M(512M) 9,730ms
[2020-11-04T20:37:26.855+0300][95,265s][info][gc] GC(1218) Pause Cleanup 311M->311M(512M) 0,168ms
[2020-11-04T20:37:26.856+0300][95,266s][info][gc] GC(1218) Concurrent Cycle 171,991ms
[2020-11-04T20:37:26.910+0300][95,320s][info][gc] GC(1221) Pause Young (Normal) (G1 Evacuation Pause) 440M->272M(512M) 9,742ms
[2020-11-04T20:37:26.978+0300][95,388s][info][gc] GC(1222) Pause Young (Concurrent Start) (G1 Evacuation Pause) 441M->278M(512M) 9,783ms
[2020-11-04T20:37:26.978+0300][95,388s][info][gc] GC(1223) Concurrent Cycle
[2020-11-04T20:37:27.060+0300][95,470s][info][gc] GC(1224) Pause Young (Normal) (G1 Evacuation Pause) 445M->287M(512M) 9,824ms
[2020-11-04T20:37:27.076+0300][95,486s][info][gc] GC(1223) Pause Remark 326M->326M(512M) 0,743ms
[2020-11-04T20:37:27.126+0300][95,536s][info][gc] GC(1225) Pause Young (Normal) (G1 Evacuation Pause) 441M->291M(512M) 8,651ms
[2020-11-04T20:37:27.143+0300][95,553s][info][gc] GC(1223) Pause Cleanup 336M->336M(512M) 0,206ms
[2020-11-04T20:37:27.143+0300][95,553s][info][gc] GC(1223) Concurrent Cycle 165,084ms
[2020-11-04T20:37:27.188+0300][95,598s][info][gc] GC(1226) Pause Young (Normal) (G1 Evacuation Pause) 441M->296M(512M) 8,677ms
[2020-11-04T20:37:27.248+0300][95,658s][info][gc] GC(1227) Pause Young (Concurrent Start) (G1 Evacuation Pause) 443M->301M(512M) 8,885ms
[2020-11-04T20:37:27.248+0300][95,658s][info][gc] GC(1228) Concurrent Cycle
[2020-11-04T20:37:27.307+0300][95,717s][info][gc] GC(1228) Pause Remark 424M->356M(512M) 0,885ms
[2020-11-04T20:37:27.322+0300][95,732s][info][gc] GC(1229) Pause Young (Normal) (G1 Evacuation Pause) 375M->237M(512M) 8,140ms
[2020-11-04T20:37:27.349+0300][95,759s][info][gc] GC(1228) Pause Cleanup 312M->312M(512M) 0,158ms
[2020-11-04T20:37:27.349+0300][95,759s][info][gc] GC(1228) Concurrent Cycle 101,525ms
[2020-11-04T20:37:27.408+0300][95,818s][info][gc] GC(1230) Pause Young (Prepare Mixed) (G1 Evacuation Pause) 444M->243M(512M) 10,731ms
[2020-11-04T20:37:27.423+0300][95,833s][info][gc] GC(1231) Pause Young (Mixed) (G1 Evacuation Pause) 248M->206M(512M) 13,296ms
[2020-11-04T20:37:27.510+0300][95,920s][info][gc] GC(1232) Pause Young (Normal) (G1 Evacuation Pause) 442M->212M(512M) 5,757ms
[2020-11-04T20:37:27.598+0300][96,008s][info][gc] GC(1233) Pause Young (Normal) (G1 Evacuation Pause) 442M->219M(512M) 8,398ms
[2020-11-04T20:37:27.686+0300][96,095s][info][gc] GC(1234) Pause Young (Concurrent Start) (G1 Evacuation Pause) 442M->226M(512M) 10,159ms
[2020-11-04T20:37:27.686+0300][96,096s][info][gc] GC(1235) Concurrent Cycle
[2020-11-04T20:37:27.751+0300][96,161s][info][gc] GC(1235) Pause Remark 398M->398M(512M) 0,581ms
[2020-11-04T20:37:27.776+0300][96,186s][info][gc] GC(1236) Pause Young (Normal) (G1 Evacuation Pause) 435M->233M(512M) 11,520ms
[2020-11-04T20:37:27.819+0300][96,229s][info][gc] GC(1235) Pause Cleanup 354M->354M(512M) 0,273ms
[2020-11-04T20:37:27.820+0300][96,230s][info][gc] GC(1235) Concurrent Cycle 134,328ms
[2020-11-04T20:37:27.861+0300][96,271s][info][gc] GC(1237) Pause Young (Normal) (G1 Evacuation Pause) 435M->239M(512M) 13,151ms
[2020-11-04T20:37:27.944+0300][96,354s][info][gc] GC(1238) Pause Young (Concurrent Start) (G1 Evacuation Pause) 438M->246M(512M) 12,430ms
[2020-11-04T20:37:27.945+0300][96,354s][info][gc] GC(1239) Concurrent Cycle
[2020-11-04T20:37:28.017+0300][96,427s][info][gc] GC(1239) Pause Remark 436M->436M(512M) 0,671ms
[2020-11-04T20:37:28.028+0300][96,438s][info][gc] GC(1240) Pause Young (Normal) (G1 Evacuation Pause) 438M->252M(512M) 10,433ms
[2020-11-04T20:37:28.073+0300][96,483s][info][gc] GC(1239) Pause Cleanup 375M->375M(512M) 0,198ms
[2020-11-04T20:37:28.074+0300][96,484s][info][gc] GC(1239) Concurrent Cycle 129,040ms
[2020-11-04T20:37:28.106+0300][96,516s][info][gc] GC(1241) Pause Young (Normal) (G1 Evacuation Pause) 438M->257M(512M) 10,454ms
[2020-11-04T20:37:28.179+0300][96,589s][info][gc] GC(1242) Pause Young (Concurrent Start) (G1 Evacuation Pause) 438M->263M(512M) 10,669ms
[2020-11-04T20:37:28.179+0300][96,589s][info][gc] GC(1243) Concurrent Cycle
[2020-11-04T20:37:28.256+0300][96,666s][info][gc] GC(1244) Pause Young (Normal) (G1 Evacuation Pause) 440M->268M(512M) 9,712ms
[2020-11-04T20:37:28.269+0300][96,679s][info][gc] GC(1243) Pause Remark 300M->300M(512M) 0,691ms
[2020-11-04T20:37:28.328+0300][96,738s][info][gc] GC(1245) Pause Young (Normal) (G1 Evacuation Pause) 439M->273M(512M) 9,444ms
[2020-11-04T20:37:28.330+0300][96,740s][info][gc] GC(1243) Pause Cleanup 276M->276M(512M) 0,184ms
[2020-11-04T20:37:28.331+0300][96,740s][info][gc] GC(1243) Concurrent Cycle 151,630ms
[2020-11-04T20:37:28.397+0300][96,807s][info][gc] GC(1246) Pause Young (Normal) (G1 Evacuation Pause) 441M->278M(512M) 9,699ms
[2020-11-04T20:37:28.463+0300][96,873s][info][gc] GC(1247) Pause Young (Concurrent Start) (G1 Evacuation Pause) 442M->283M(512M) 9,452ms
[2020-11-04T20:37:28.463+0300][96,873s][info][gc] GC(1248) Concurrent Cycle
[2020-11-04T20:37:28.544+0300][96,954s][info][gc] GC(1249) Pause Young (Normal) (G1 Evacuation Pause) 446M->293M(512M) 9,474ms
[2020-11-04T20:37:28.563+0300][96,973s][info][gc] GC(1248) Pause Remark 340M->340M(512M) 0,779ms
[2020-11-04T20:37:28.609+0300][97,019s][info][gc] GC(1250) Pause Young (Normal) (G1 Evacuation Pause) 442M->297M(512M) 8,362ms
[2020-11-04T20:37:28.631+0300][97,041s][info][gc] GC(1248) Pause Cleanup 355M->355M(512M) 0,190ms
[2020-11-04T20:37:28.632+0300][97,041s][info][gc] GC(1248) Concurrent Cycle 168,037ms
[2020-11-04T20:37:28.670+0300][97,080s][info][gc] GC(1251) Pause Young (Normal) (G1 Evacuation Pause) 443M->302M(512M) 8,674ms
[2020-11-04T20:37:28.728+0300][97,138s][info][gc] GC(1252) Pause Young (Concurrent Start) (G1 Evacuation Pause) 443M->306M(512M) 8,448ms
[2020-11-04T20:37:28.728+0300][97,138s][info][gc] GC(1253) Concurrent Cycle
[2020-11-04T20:37:28.788+0300][97,198s][info][gc] GC(1254) Pause Young (Normal) (G1 Evacuation Pause) 442M->310M(512M) 7,768ms
[2020-11-04T20:37:28.791+0300][97,201s][info][gc] GC(1253) Pause Remark 313M->244M(512M) 1,054ms
[2020-11-04T20:37:28.831+0300][97,241s][info][gc] GC(1253) Pause Cleanup 326M->326M(512M) 0,202ms
[2020-11-04T20:37:28.831+0300][97,241s][info][gc] GC(1253) Concurrent Cycle 103,270ms
[2020-11-04T20:37:28.857+0300][97,267s][info][gc] GC(1255) Pause Young (Prepare Mixed) (G1 Evacuation Pause) 374M->245M(512M) 9,231ms
[2020-11-04T20:37:28.871+0300][97,281s][info][gc] GC(1256) Pause Young (Mixed) (G1 Evacuation Pause) 257M->206M(512M) 8,949ms
[2020-11-04T20:37:28.960+0300][97,370s][info][gc] GC(1257) Pause Young (Normal) (G1 Evacuation Pause) 441M->212M(512M) 6,540ms
[2020-11-04T20:37:29.051+0300][97,461s][info][gc] GC(1258) Pause Young (Normal) (G1 Evacuation Pause) 442M->219M(512M) 9,244ms
[2020-11-04T20:37:29.141+0300][97,551s][info][gc] GC(1259) Pause Young (Concurrent Start) (G1 Evacuation Pause) 442M->226M(512M) 10,374ms
[2020-11-04T20:37:29.141+0300][97,551s][info][gc] GC(1260) Concurrent Cycle
[2020-11-04T20:37:29.213+0300][97,623s][info][gc] GC(1260) Pause Remark 383M->383M(512M) 0,748ms
[2020-11-04T20:37:29.245+0300][97,655s][info][gc] GC(1261) Pause Young (Normal) (G1 Evacuation Pause) 435M->233M(512M) 12,245ms
[2020-11-04T20:37:29.272+0300][97,682s][info][gc] GC(1260) Pause Cleanup 273M->273M(512M) 0,190ms
[2020-11-04T20:37:29.273+0300][97,683s][info][gc] GC(1260) Concurrent Cycle 131,496ms
[2020-11-04T20:37:29.342+0300][97,752s][info][gc] GC(1262) Pause Young (Normal) (G1 Evacuation Pause) 437M->239M(512M) 11,871ms
[2020-11-04T20:37:29.423+0300][97,833s][info][gc] GC(1263) Pause Young (Concurrent Start) (G1 Evacuation Pause) 438M->245M(512M) 11,370ms
[2020-11-04T20:37:29.423+0300][97,833s][info][gc] GC(1264) Concurrent Cycle
[2020-11-04T20:37:29.502+0300][97,912s][info][gc] GC(1264) Pause Remark 415M->415M(512M) 0,766ms
[2020-11-04T20:37:29.522+0300][97,932s][info][gc] GC(1265) Pause Young (Normal) (G1 Evacuation Pause) 438M->251M(512M) 10,746ms
[2020-11-04T20:37:29.559+0300][97,969s][info][gc] GC(1264) Pause Cleanup 353M->353M(512M) 0,189ms
[2020-11-04T20:37:29.560+0300][97,970s][info][gc] GC(1264) Concurrent Cycle 137,290ms
[2020-11-04T20:37:29.600+0300][98,010s][info][gc] GC(1266) Pause Young (Normal) (G1 Evacuation Pause) 439M->257M(512M) 10,674ms
[2020-11-04T20:37:29.674+0300][98,084s][info][gc] GC(1267) Pause Young (Concurrent Start) (G1 Evacuation Pause) 438M->262M(512M) 10,477ms
[2020-11-04T20:37:29.674+0300][98,084s][info][gc] GC(1268) Concurrent Cycle
[2020-11-04T20:37:29.751+0300][98,161s][info][gc] GC(1269) Pause Young (Normal) (G1 Evacuation Pause) 439M->269M(512M) 9,518ms
[2020-11-04T20:37:29.765+0300][98,175s][info][gc] GC(1268) Pause Remark 303M->303M(512M) 0,739ms
[2020-11-04T20:37:29.824+0300][98,234s][info][gc] GC(1270) Pause Young (Normal) (G1 Evacuation Pause) 440M->274M(512M) 9,435ms
[2020-11-04T20:37:29.826+0300][98,236s][info][gc] GC(1268) Pause Cleanup 279M->279M(512M) 0,161ms
[2020-11-04T20:37:29.827+0300][98,237s][info][gc] GC(1268) Concurrent Cycle 152,733ms
[2020-11-04T20:37:29.892+0300][98,302s][info][gc] GC(1271) Pause Young (Normal) (G1 Evacuation Pause) 441M->279M(512M) 9,558ms
[2020-11-04T20:37:29.958+0300][98,368s][info][gc] GC(1272) Pause Young (Concurrent Start) (G1 Evacuation Pause) 441M->284M(512M) 9,595ms
[2020-11-04T20:37:29.958+0300][98,368s][info][gc] GC(1273) Concurrent Cycle
[2020-11-04T20:37:30.037+0300][98,447s][info][gc] GC(1274) Pause Young (Normal) (G1 Evacuation Pause) 446M->292M(512M) 8,975ms
[2020-11-04T20:37:30.075+0300][98,485s][info][gc] GC(1273) Pause Remark 391M->391M(512M) 0,662ms
[2020-11-04T20:37:30.102+0300][98,512s][info][gc] GC(1275) Pause Young (Normal) (G1 Evacuation Pause) 441M->297M(512M) 8,230ms
[2020-11-04T20:37:30.142+0300][98,552s][info][gc] GC(1273) Pause Cleanup 409M->409M(512M) 0,176ms
[2020-11-04T20:37:30.143+0300][98,553s][info][gc] GC(1273) Concurrent Cycle 185,172ms
[2020-11-04T20:37:30.163+0300][98,573s][info][gc] GC(1276) Pause Young (Normal) (G1 Evacuation Pause) 442M->302M(512M) 8,657ms
[2020-11-04T20:37:30.220+0300][98,630s][info][gc] GC(1277) Pause Young (Concurrent Start) (G1 Evacuation Pause) 442M->306M(512M) 8,518ms
[2020-11-04T20:37:30.220+0300][98,630s][info][gc] GC(1278) Concurrent Cycle
[2020-11-04T20:37:30.281+0300][98,691s][info][gc] GC(1279) Pause Young (Normal) (G1 Evacuation Pause) 443M->311M(512M) 8,051ms
[2020-11-04T20:37:30.284+0300][98,694s][info][gc] GC(1278) Pause Remark 318M->243M(512M) 0,781ms
[2020-11-04T20:37:30.320+0300][98,730s][info][gc] GC(1278) Pause Cleanup 340M->340M(512M) 0,177ms
[2020-11-04T20:37:30.321+0300][98,731s][info][gc] GC(1278) Concurrent Cycle 100,290ms
[2020-11-04T20:37:30.339+0300][98,749s][info][gc] GC(1280) Pause Young (Prepare Mixed) (G1 Evacuation Pause) 369M->240M(512M) 8,261ms
[2020-11-04T20:37:30.355+0300][98,765s][info][gc] GC(1281) Pause Young (Mixed) (G1 Evacuation Pause) 252M->208M(512M) 11,227ms
[2020-11-04T20:37:30.444+0300][98,854s][info][gc] GC(1282) Pause Young (Normal) (G1 Evacuation Pause) 442M->214M(512M) 5,621ms
[2020-11-04T20:37:30.533+0300][98,943s][info][gc] GC(1283) Pause Young (Normal) (G1 Evacuation Pause) 442M->221M(512M) 8,195ms
[2020-11-04T20:37:30.621+0300][99,031s][info][gc] GC(1284) Pause Young (Concurrent Start) (G1 Evacuation Pause) 442M->228M(512M) 12,007ms
[2020-11-04T20:37:30.621+0300][99,031s][info][gc] GC(1285) Concurrent Cycle
[2020-11-04T20:37:30.694+0300][99,104s][info][gc] GC(1285) Pause Remark 379M->379M(512M) 0,669ms
[2020-11-04T20:37:30.727+0300][99,137s][info][gc] GC(1286) Pause Young (Normal) (G1 Evacuation Pause) 435M->235M(512M) 11,590ms
[2020-11-04T20:37:30.747+0300][99,157s][info][gc] GC(1285) Pause Cleanup 289M->289M(512M) 0,162ms
[2020-11-04T20:37:30.748+0300][99,158s][info][gc] GC(1285) Concurrent Cycle 126,647ms
[2020-11-04T20:37:30.810+0300][99,220s][info][gc] GC(1287) Pause Young (Normal) (G1 Evacuation Pause) 437M->242M(512M) 11,725ms
[2020-11-04T20:37:30.889+0300][99,299s][info][gc] GC(1288) Pause Young (Concurrent Start) (G1 Evacuation Pause) 437M->247M(512M) 11,404ms
[2020-11-04T20:37:30.889+0300][99,299s][info][gc] GC(1289) Concurrent Cycle
[2020-11-04T20:37:30.962+0300][99,372s][info][gc] GC(1289) Pause Remark 437M->437M(512M) 0,979ms
[2020-11-04T20:37:30.973+0300][99,383s][info][gc] GC(1290) Pause Young (Normal) (G1 Evacuation Pause) 437M->253M(512M) 10,483ms
[2020-11-04T20:37:31.018+0300][99,428s][info][gc] GC(1289) Pause Cleanup 377M->377M(512M) 0,211ms
[2020-11-04T20:37:31.019+0300][99,429s][info][gc] GC(1289) Concurrent Cycle 129,526ms
[2020-11-04T20:37:31.055+0300][99,465s][info][gc] GC(1291) Pause Young (Normal) (G1 Evacuation Pause) 439M->258M(512M) 10,440ms
[2020-11-04T20:37:31.128+0300][99,538s][info][gc] GC(1292) Pause Young (Concurrent Start) (G1 Evacuation Pause) 439M->265M(512M) 10,389ms
[2020-11-04T20:37:31.128+0300][99,538s][info][gc] GC(1293) Concurrent Cycle
[2020-11-04T20:37:31.204+0300][99,614s][info][gc] GC(1294) Pause Young (Normal) (G1 Evacuation Pause) 440M->269M(512M) 10,003ms
[2020-11-04T20:37:31.240+0300][99,650s][info][gc] GC(1293) Pause Remark 362M->362M(512M) 0,630ms
[2020-11-04T20:37:31.278+0300][99,688s][info][gc] GC(1295) Pause Young (Normal) (G1 Evacuation Pause) 440M->275M(512M) 9,393ms
[2020-11-04T20:37:31.309+0300][99,719s][info][gc] GC(1293) Pause Cleanup 321M->321M(512M) 0,181ms
[2020-11-04T20:37:31.309+0300][99,719s][info][gc] GC(1293) Concurrent Cycle 181,340ms
[2020-11-04T20:37:31.360+0300][99,770s][info][gc] GC(1296) Pause Young (Normal) (G1 Evacuation Pause) 441M->281M(512M) 9,490ms
[2020-11-04T20:37:31.426+0300][99,836s][info][gc] GC(1297) Pause Young (Concurrent Start) (G1 Evacuation Pause) 441M->285M(512M) 9,578ms
[2020-11-04T20:37:31.426+0300][99,836s][info][gc] GC(1298) Concurrent Cycle
[2020-11-04T20:37:31.509+0300][99,919s][info][gc] GC(1299) Pause Young (Normal) (G1 Evacuation Pause) 442M->290M(512M) 8,702ms
[2020-11-04T20:37:31.532+0300][99,942s][info][gc] GC(1298) Pause Remark 324M->324M(512M) 0,825ms
[2020-11-04T20:37:31.585+0300][99,995s][info][gc] GC(1300) Pause Young (Normal) (G1 Evacuation Pause) 445M->299M(512M) 8,674ms
[2020-11-04T20:37:31.600+0300][100,010s][info][gc] GC(1298) Pause Cleanup 339M->339M(512M) 0,195ms
[2020-11-04T20:37:31.600+0300][100,010s][info][gc] GC(1298) Concurrent Cycle 174,855ms
[2020-11-04T20:37:31.645+0300][100,055s][info][gc] GC(1301) Pause Young (Normal) (G1 Evacuation Pause) 443M->303M(512M) 8,628ms
[2020-11-04T20:37:31.702+0300][100,112s][info][gc] GC(1302) Pause Young (Concurrent Start) (G1 Evacuation Pause) 442M->308M(512M) 8,690ms
[2020-11-04T20:37:31.702+0300][100,112s][info][gc] GC(1303) Concurrent Cycle
[2020-11-04T20:37:31.761+0300][100,171s][info][gc] GC(1304) Pause Young (Normal) (G1 Evacuation Pause) 442M->312M(512M) 7,961ms
[2020-11-04T20:37:31.784+0300][100,193s][info][gc] GC(1303) Pause Remark 369M->294M(512M) 0,760ms
[2020-11-04T20:37:31.819+0300][100,229s][info][gc] GC(1305) Pause Young (Normal) (G1 Evacuation Pause) 368M->242M(512M) 7,862ms
[2020-11-04T20:37:31.828+0300][100,238s][info][gc] GC(1303) Pause Cleanup 266M->266M(512M) 0,200ms
[2020-11-04T20:37:31.829+0300][100,239s][info][gc] GC(1303) Concurrent Cycle 126,411ms
[2020-11-04T20:37:31.902+0300][100,312s][info][gc] GC(1306) Pause Young (Prepare Mixed) (G1 Evacuation Pause) 444M->247M(512M) 9,123ms
[2020-11-04T20:37:31.924+0300][100,334s][info][gc] GC(1307) Pause Young (Mixed) (G1 Evacuation Pause) 253M->215M(512M) 19,161ms
[2020-11-04T20:37:32.008+0300][100,418s][info][gc] GC(1308) Pause Young (Normal) (G1 Evacuation Pause) 443M->221M(512M) 5,526ms
[2020-11-04T20:37:32.095+0300][100,505s][info][gc] GC(1309) Pause Young (Normal) (G1 Evacuation Pause) 442M->228M(512M) 8,054ms
[2020-11-04T20:37:32.180+0300][100,590s][info][gc] GC(1310) Pause Young (Concurrent Start) (G1 Evacuation Pause) 444M->235M(512M) 10,575ms
[2020-11-04T20:37:32.180+0300][100,590s][info][gc] GC(1311) Concurrent Cycle
[2020-11-04T20:37:32.253+0300][100,663s][info][gc] GC(1311) Pause Remark 397M->394M(512M) 0,766ms
[2020-11-04T20:37:32.279+0300][100,689s][info][gc] GC(1312) Pause Young (Normal) (G1 Evacuation Pause) 434M->238M(512M) 11,104ms
[2020-11-04T20:37:32.306+0300][100,716s][info][gc] GC(1311) Pause Cleanup 313M->313M(512M) 0,211ms
[2020-11-04T20:37:32.307+0300][100,717s][info][gc] GC(1311) Concurrent Cycle 126,794ms
[2020-11-04T20:37:32.365+0300][100,775s][info][gc] GC(1313) Pause Young (Normal) (G1 Evacuation Pause) 436M->245M(512M) 11,371ms
[2020-11-04T20:37:32.444+0300][100,854s][info][gc] GC(1314) Pause Young (Concurrent Start) (G1 Evacuation Pause) 438M->250M(512M) 12,538ms
[2020-11-04T20:37:32.444+0300][100,854s][info][gc] GC(1315) Concurrent Cycle
[2020-11-04T20:37:32.524+0300][100,934s][info][gc] GC(1315) Pause Remark 430M->430M(512M) 0,981ms
[2020-11-04T20:37:32.538+0300][100,948s][info][gc] GC(1316) Pause Young (Normal) (G1 Evacuation Pause) 438M->256M(512M) 10,384ms
[2020-11-04T20:37:32.582+0300][100,992s][info][gc] GC(1315) Pause Cleanup 376M->376M(512M) 0,181ms
[2020-11-04T20:37:32.583+0300][100,993s][info][gc] GC(1315) Concurrent Cycle 138,344ms
[2020-11-04T20:37:32.615+0300][101,025s][info][gc] GC(1317) Pause Young (Normal) (G1 Evacuation Pause) 438M->262M(512M) 10,466ms
[2020-11-04T20:37:32.687+0300][101,097s][info][gc] GC(1318) Pause Young (Concurrent Start) (G1 Evacuation Pause) 440M->267M(512M) 10,278ms
[2020-11-04T20:37:32.687+0300][101,097s][info][gc] GC(1319) Concurrent Cycle
[2020-11-04T20:37:32.762+0300][101,172s][info][gc] GC(1320) Pause Young (Normal) (G1 Evacuation Pause) 439M->273M(512M) 9,744ms
[2020-11-04T20:37:32.780+0300][101,190s][info][gc] GC(1319) Pause Remark 316M->316M(512M) 0,816ms
[2020-11-04T20:37:32.835+0300][101,245s][info][gc] GC(1321) Pause Young (Normal) (G1 Evacuation Pause) 441M->278M(512M) 9,175ms
[2020-11-04T20:37:32.842+0300][101,252s][info][gc] GC(1319) Pause Cleanup 297M->297M(512M) 0,194ms
[2020-11-04T20:37:32.842+0300][101,252s][info][gc] GC(1319) Concurrent Cycle 155,245ms
[2020-11-04T20:37:32.901+0300][101,311s][info][gc] GC(1322) Pause Young (Normal) (G1 Evacuation Pause) 440M->283M(512M) 9,313ms
[2020-11-04T20:37:32.966+0300][101,376s][info][gc] GC(1323) Pause Young (Concurrent Start) (G1 Evacuation Pause) 442M->288M(512M) 9,242ms
[2020-11-04T20:37:32.966+0300][101,376s][info][gc] GC(1324) Concurrent Cycle
[2020-11-04T20:37:33.043+0300][101,453s][info][gc] GC(1325) Pause Young (Normal) (G1 Evacuation Pause) 445M->297M(512M) 8,772ms
[2020-11-04T20:37:33.081+0300][101,491s][info][gc] GC(1324) Pause Remark 394M->394M(512M) 0,577ms
[2020-11-04T20:37:33.107+0300][101,517s][info][gc] GC(1326) Pause Young (Normal) (G1 Evacuation Pause) 441M->302M(512M) 8,244ms
[2020-11-04T20:37:33.150+0300][101,560s][info][gc] GC(1324) Pause Cleanup 419M->419M(512M) 0,203ms
[2020-11-04T20:37:33.150+0300][101,560s][info][gc] GC(1324) Concurrent Cycle 184,208ms
[2020-11-04T20:37:33.167+0300][101,577s][info][gc] GC(1327) Pause Young (Normal) (G1 Evacuation Pause) 443M->306M(512M) 8,638ms
[2020-11-04T20:37:33.225+0300][101,635s][info][gc] GC(1328) Pause Young (Concurrent Start) (G1 Evacuation Pause) 444M->311M(512M) 10,103ms
[2020-11-04T20:37:33.225+0300][101,635s][info][gc] GC(1329) Concurrent Cycle
[2020-11-04T20:37:33.296+0300][101,706s][info][gc] GC(1329) Pause Remark 412M->346M(512M) 0,839ms
[2020-11-04T20:37:33.326+0300][101,735s][info][gc] GC(1330) Pause Young (Normal) (G1 Evacuation Pause) 378M->248M(512M) 7,527ms
[2020-11-04T20:37:33.345+0300][101,755s][info][gc] GC(1329) Pause Cleanup 300M->300M(512M) 0,168ms
[2020-11-04T20:37:33.345+0300][101,755s][info][gc] GC(1329) Concurrent Cycle 119,736ms
[2020-11-04T20:37:33.404+0300][101,814s][info][gc] GC(1331) Pause Young (Prepare Mixed) (G1 Evacuation Pause) 445M->254M(512M) 9,340ms
[2020-11-04T20:37:33.419+0300][101,829s][info][gc] GC(1332) Pause Young (Mixed) (G1 Evacuation Pause) 260M->214M(512M) 12,470ms
[2020-11-04T20:37:33.504+0300][101,914s][info][gc] GC(1333) Pause Young (Normal) (G1 Evacuation Pause) 442M->221M(512M) 5,598ms
[2020-11-04T20:37:33.588+0300][101,998s][info][gc] GC(1334) Pause Young (Normal) (G1 Evacuation Pause) 442M->227M(512M) 7,979ms
[2020-11-04T20:37:33.673+0300][102,083s][info][gc] GC(1335) Pause Young (Concurrent Start) (G1 Evacuation Pause) 443M->234M(512M) 10,614ms
[2020-11-04T20:37:33.674+0300][102,083s][info][gc] GC(1336) Concurrent Cycle
[2020-11-04T20:37:33.741+0300][102,151s][info][gc] GC(1336) Pause Remark 410M->409M(512M) 0,662ms
[2020-11-04T20:37:33.762+0300][102,172s][info][gc] GC(1337) Pause Young (Normal) (G1 Evacuation Pause) 435M->240M(512M) 11,149ms
[2020-11-04T20:37:33.794+0300][102,204s][info][gc] GC(1336) Pause Cleanup 326M->326M(512M) 0,465ms
[2020-11-04T20:37:33.795+0300][102,205s][info][gc] GC(1336) Concurrent Cycle 121,195ms
[2020-11-04T20:37:33.845+0300][102,255s][info][gc] GC(1338) Pause Young (Normal) (G1 Evacuation Pause) 436M->245M(512M) 12,266ms
[2020-11-04T20:37:33.923+0300][102,333s][info][gc] GC(1339) Pause Young (Concurrent Start) (G1 Evacuation Pause) 437M->252M(512M) 11,014ms
[2020-11-04T20:37:33.923+0300][102,333s][info][gc] GC(1340) Concurrent Cycle
[2020-11-04T20:37:34.004+0300][102,414s][info][gc] GC(1341) Pause Young (Normal) (G1 Evacuation Pause) 439M->257M(512M) 10,351ms
[2020-11-04T20:37:34.008+0300][102,418s][info][gc] GC(1340) Pause Remark 263M->263M(512M) 0,879ms
[2020-11-04T20:37:34.055+0300][102,465s][info][gc] GC(1340) Pause Cleanup 394M->394M(512M) 0,177ms
[2020-11-04T20:37:34.056+0300][102,466s][info][gc] GC(1340) Concurrent Cycle 132,211ms
[2020-11-04T20:37:34.082+0300][102,492s][info][gc] GC(1342) Pause Young (Normal) (G1 Evacuation Pause) 440M->263M(512M) 10,222ms
[2020-11-04T20:37:34.154+0300][102,564s][info][gc] GC(1343) Pause Young (Concurrent Start) (G1 Evacuation Pause) 440M->269M(512M) 10,195ms
[2020-11-04T20:37:34.154+0300][102,564s][info][gc] GC(1344) Concurrent Cycle
[2020-11-04T20:37:34.229+0300][102,639s][info][gc] GC(1345) Pause Young (Normal) (G1 Evacuation Pause) 440M->274M(512M) 9,575ms
[2020-11-04T20:37:34.249+0300][102,659s][info][gc] GC(1344) Pause Remark 301M->301M(512M) 0,530ms
[2020-11-04T20:37:34.308+0300][102,718s][info][gc] GC(1344) Pause Cleanup 427M->427M(512M) 0,216ms
[2020-11-04T20:37:34.308+0300][102,718s][info][gc] GC(1344) Concurrent Cycle 154,135ms
[2020-11-04T20:37:34.323+0300][102,733s][info][gc] GC(1346) Pause Young (Normal) (G1 Evacuation Pause) 441M->279M(512M) 10,102ms
[2020-11-04T20:37:34.390+0300][102,800s][info][gc] GC(1347) Pause Young (Concurrent Start) (G1 Evacuation Pause) 442M->285M(512M) 9,622ms
[2020-11-04T20:37:34.390+0300][102,800s][info][gc] GC(1348) Concurrent Cycle
[2020-11-04T20:37:34.461+0300][102,871s][info][gc] GC(1349) Pause Young (Normal) (G1 Evacuation Pause) 442M->290M(512M) 8,936ms
[2020-11-04T20:37:34.490+0300][102,900s][info][gc] GC(1348) Pause Remark 363M->363M(512M) 0,971ms
[2020-11-04T20:37:34.528+0300][102,938s][info][gc] GC(1350) Pause Young (Normal) (G1 Evacuation Pause) 442M->294M(512M) 8,572ms
[2020-11-04T20:37:34.559+0300][102,969s][info][gc] GC(1348) Pause Cleanup 345M->345M(512M) 0,193ms
[2020-11-04T20:37:34.559+0300][102,969s][info][gc] GC(1348) Concurrent Cycle 168,971ms
[2020-11-04T20:37:34.572+0300][102,982s][info][gc] GC(1351) Pause Young (Concurrent Start) (G1 Humongous Allocation) 345M->296M(512M) 8,070ms
[2020-11-04T20:37:34.572+0300][102,982s][info][gc] GC(1352) Concurrent Cycle
[2020-11-04T20:37:34.633+0300][103,043s][info][gc] GC(1352) Pause Remark 428M->369M(512M) 0,922ms
[2020-11-04T20:37:34.646+0300][103,056s][info][gc] GC(1353) Pause Young (Normal) (G1 Evacuation Pause) 391M->236M(512M) 4,503ms
[2020-11-04T20:37:34.675+0300][103,084s][info][gc] GC(1352) Pause Cleanup 312M->312M(512M) 0,188ms
[2020-11-04T20:37:34.675+0300][103,085s][info][gc] GC(1352) Concurrent Cycle 102,799ms
[2020-11-04T20:37:34.728+0300][103,138s][info][gc] GC(1354) Pause Young (Prepare Mixed) (G1 Evacuation Pause) 444M->241M(512M) 6,937ms
[2020-11-04T20:37:34.742+0300][103,152s][info][gc] GC(1355) Pause Young (Mixed) (G1 Evacuation Pause) 254M->204M(512M) 9,813ms
[2020-11-04T20:37:34.830+0300][103,240s][info][gc] GC(1356) Pause Young (Normal) (G1 Evacuation Pause) 441M->211M(512M) 5,749ms
[2020-11-04T20:37:34.919+0300][103,329s][info][gc] GC(1357) Pause Young (Normal) (G1 Evacuation Pause) 442M->218M(512M) 8,370ms
[2020-11-04T20:37:35.009+0300][103,419s][info][gc] GC(1358) Pause Young (Concurrent Start) (G1 Evacuation Pause) 442M->225M(512M) 10,325ms
[2020-11-04T20:37:35.009+0300][103,419s][info][gc] GC(1359) Concurrent Cycle
[2020-11-04T20:37:35.073+0300][103,483s][info][gc] GC(1359) Pause Remark 387M->383M(512M) 1,782ms
[2020-11-04T20:37:35.103+0300][103,513s][info][gc] GC(1360) Pause Young (Normal) (G1 Evacuation Pause) 431M->228M(512M) 11,917ms
[2020-11-04T20:37:35.124+0300][103,534s][info][gc] GC(1359) Pause Cleanup 283M->283M(512M) 0,188ms
[2020-11-04T20:37:35.124+0300][103,534s][info][gc] GC(1359) Concurrent Cycle 114,892ms
[2020-11-04T20:37:35.194+0300][103,604s][info][gc] GC(1361) Pause Young (Normal) (G1 Evacuation Pause) 437M->235M(512M) 11,707ms
[2020-11-04T20:37:35.275+0300][103,685s][info][gc] GC(1362) Pause Young (Concurrent Start) (G1 Evacuation Pause) 437M->241M(512M) 11,350ms
[2020-11-04T20:37:35.275+0300][103,685s][info][gc] GC(1363) Concurrent Cycle
[2020-11-04T20:37:35.345+0300][103,754s][info][gc] GC(1363) Pause Remark 421M->421M(512M) 0,968ms
[2020-11-04T20:37:35.362+0300][103,772s][info][gc] GC(1364) Pause Young (Normal) (G1 Evacuation Pause) 438M->246M(512M) 10,972ms
[2020-11-04T20:37:35.416+0300][103,826s][info][gc] GC(1363) Pause Cleanup 396M->396M(512M) 0,185ms
[2020-11-04T20:37:35.416+0300][103,826s][info][gc] GC(1363) Concurrent Cycle 140,845ms
[2020-11-04T20:37:35.441+0300][103,851s][info][gc] GC(1365) Pause Young (Normal) (G1 Evacuation Pause) 437M->252M(512M) 11,188ms
[2020-11-04T20:37:35.517+0300][103,927s][info][gc] GC(1366) Pause Young (Concurrent Start) (G1 Evacuation Pause) 439M->258M(512M) 10,799ms
[2020-11-04T20:37:35.518+0300][103,928s][info][gc] GC(1367) Concurrent Cycle
[2020-11-04T20:37:35.596+0300][104,006s][info][gc] GC(1368) Pause Young (Normal) (G1 Evacuation Pause) 438M->264M(512M) 10,012ms
[2020-11-04T20:37:35.606+0300][104,016s][info][gc] GC(1367) Pause Remark 288M->288M(512M) 0,838ms
[2020-11-04T20:37:35.656+0300][104,066s][info][gc] GC(1367) Pause Cleanup 425M->425M(512M) 0,165ms
[2020-11-04T20:37:35.657+0300][104,067s][info][gc] GC(1367) Concurrent Cycle 139,391ms
[2020-11-04T20:37:35.672+0300][104,082s][info][gc] GC(1369) Pause Young (Normal) (G1 Evacuation Pause) 440M->269M(512M) 10,067ms
[2020-11-04T20:37:35.741+0300][104,151s][info][gc] GC(1370) Pause Young (Concurrent Start) (G1 Evacuation Pause) 439M->275M(512M) 9,675ms
[2020-11-04T20:37:35.741+0300][104,151s][info][gc] GC(1371) Concurrent Cycle
[2020-11-04T20:37:35.814+0300][104,224s][info][gc] GC(1372) Pause Young (Normal) (G1 Evacuation Pause) 441M->280M(512M) 9,093ms
[2020-11-04T20:37:35.836+0300][104,246s][info][gc] GC(1371) Pause Remark 335M->335M(512M) 0,609ms
[2020-11-04T20:37:35.884+0300][104,294s][info][gc] GC(1373) Pause Young (Normal) (G1 Evacuation Pause) 441M->284M(512M) 8,732ms
[2020-11-04T20:37:35.909+0300][104,319s][info][gc] GC(1371) Pause Cleanup 353M->353M(512M) 0,211ms
[2020-11-04T20:37:35.909+0300][104,319s][info][gc] GC(1371) Concurrent Cycle 168,192ms
[2020-11-04T20:37:35.949+0300][104,359s][info][gc] GC(1374) Pause Young (Normal) (G1 Evacuation Pause) 441M->290M(512M) 9,194ms
[2020-11-04T20:37:36.012+0300][104,422s][info][gc] GC(1375) Pause Young (Concurrent Start) (G1 Evacuation Pause) 442M->294M(512M) 10,350ms
[2020-11-04T20:37:36.012+0300][104,422s][info][gc] GC(1376) Concurrent Cycle
[2020-11-04T20:37:36.088+0300][104,498s][info][gc] GC(1377) Pause Young (Normal) (G1 Evacuation Pause) 447M->303M(512M) 8,630ms
[2020-11-04T20:37:36.114+0300][104,524s][info][gc] GC(1376) Pause Remark 370M->370M(512M) 0,639ms
[2020-11-04T20:37:36.150+0300][104,560s][info][gc] GC(1378) Pause Young (Normal) (G1 Evacuation Pause) 443M->307M(512M) 8,357ms
[2020-11-04T20:37:36.193+0300][104,602s][info][gc] GC(1376) Pause Cleanup 373M->373M(512M) 0,213ms
[2020-11-04T20:37:36.193+0300][104,603s][info][gc] GC(1376) Concurrent Cycle 181,431ms
[2020-11-04T20:37:36.225+0300][104,635s][info][gc] GC(1379) Pause Young (Normal) (G1 Evacuation Pause) 442M->312M(512M) 8,281ms
[2020-11-04T20:37:36.280+0300][104,690s][info][gc] GC(1380) Pause Young (Concurrent Start) (G1 Evacuation Pause) 444M->316M(512M) 8,211ms
[2020-11-04T20:37:36.280+0300][104,690s][info][gc] GC(1381) Concurrent Cycle
[2020-11-04T20:37:36.335+0300][104,745s][info][gc] GC(1382) Pause Young (Normal) (G1 Evacuation Pause) 443M->320M(512M) 7,506ms
[2020-11-04T20:37:36.359+0300][104,769s][info][gc] GC(1381) Pause Remark 381M->304M(512M) 0,942ms
[2020-11-04T20:37:36.390+0300][104,800s][info][gc] GC(1383) Pause Young (Normal) (G1 Evacuation Pause) 368M->246M(512M) 7,464ms
[2020-11-04T20:37:36.409+0300][104,819s][info][gc] GC(1381) Pause Cleanup 274M->274M(512M) 0,211ms
[2020-11-04T20:37:36.409+0300][104,819s][info][gc] GC(1381) Concurrent Cycle 129,326ms
[2020-11-04T20:37:36.477+0300][104,887s][info][gc] GC(1384) Pause Young (Prepare Mixed) (G1 Evacuation Pause) 444M->252M(512M) 8,975ms
[2020-11-04T20:37:36.493+0300][104,903s][info][gc] GC(1385) Pause Young (Mixed) (G1 Evacuation Pause) 259M->221M(512M) 13,494ms
[2020-11-04T20:37:36.577+0300][104,987s][info][gc] GC(1386) Pause Young (Normal) (G1 Evacuation Pause) 443M->227M(512M) 5,195ms
[2020-11-04T20:37:36.661+0300][105,071s][info][gc] GC(1387) Pause Young (Normal) (G1 Evacuation Pause) 443M->234M(512M) 7,740ms
[2020-11-04T20:37:36.743+0300][105,153s][info][gc] GC(1388) Pause Young (Concurrent Start) (G1 Evacuation Pause) 444M->240M(512M) 9,697ms
[2020-11-04T20:37:36.743+0300][105,153s][info][gc] GC(1389) Concurrent Cycle
[2020-11-04T20:37:36.822+0300][105,232s][info][gc] GC(1389) Pause Remark 404M->404M(512M) 0,781ms
[2020-11-04T20:37:36.846+0300][105,256s][info][gc] GC(1390) Pause Young (Normal) (G1 Evacuation Pause) 438M->247M(512M) 11,018ms
[2020-11-04T20:37:36.877+0300][105,287s][info][gc] GC(1389) Pause Cleanup 333M->333M(512M) 0,223ms
[2020-11-04T20:37:36.878+0300][105,288s][info][gc] GC(1389) Concurrent Cycle 134,861ms
[2020-11-04T20:37:36.925+0300][105,335s][info][gc] GC(1391) Pause Young (Normal) (G1 Evacuation Pause) 438M->252M(512M) 10,981ms
[2020-11-04T20:37:37.000+0300][105,410s][info][gc] GC(1392) Pause Young (Concurrent Start) (G1 Evacuation Pause) 439M->258M(512M) 10,790ms
[2020-11-04T20:37:37.001+0300][105,410s][info][gc] GC(1393) Concurrent Cycle
[2020-11-04T20:37:37.079+0300][105,489s][info][gc] GC(1394) Pause Young (Normal) (G1 Evacuation Pause) 438M->264M(512M) 9,666ms
[2020-11-04T20:37:37.088+0300][105,498s][info][gc] GC(1393) Pause Remark 285M->285M(512M) 0,668ms
[2020-11-04T20:37:37.138+0300][105,548s][info][gc] GC(1393) Pause Cleanup 422M->422M(512M) 0,181ms
[2020-11-04T20:37:37.138+0300][105,548s][info][gc] GC(1393) Concurrent Cycle 137,863ms
[2020-11-04T20:37:37.155+0300][105,565s][info][gc] GC(1395) Pause Young (Normal) (G1 Evacuation Pause) 440M->269M(512M) 9,906ms
[2020-11-04T20:37:37.223+0300][105,633s][info][gc] GC(1396) Pause Young (Concurrent Start) (G1 Evacuation Pause) 439M->275M(512M) 9,715ms
[2020-11-04T20:37:37.223+0300][105,633s][info][gc] GC(1397) Concurrent Cycle
[2020-11-04T20:37:37.296+0300][105,706s][info][gc] GC(1398) Pause Young (Normal) (G1 Evacuation Pause) 441M->280M(512M) 9,226ms
[2020-11-04T20:37:37.318+0300][105,728s][info][gc] GC(1397) Pause Remark 335M->335M(512M) 0,784ms
[2020-11-04T20:37:37.366+0300][105,776s][info][gc] GC(1399) Pause Young (Normal) (G1 Evacuation Pause) 441M->284M(512M) 8,855ms
[2020-11-04T20:37:37.381+0300][105,791s][info][gc] GC(1397) Pause Cleanup 326M->326M(512M) 0,230ms
[2020-11-04T20:37:37.382+0300][105,792s][info][gc] GC(1397) Concurrent Cycle 158,533ms
[2020-11-04T20:37:37.431+0300][105,841s][info][gc] GC(1400) Pause Young (Normal) (G1 Evacuation Pause) 441M->289M(512M) 8,951ms
[2020-11-04T20:37:37.494+0300][105,904s][info][gc] GC(1401) Pause Young (Concurrent Start) (G1 Evacuation Pause) 441M->294M(512M) 8,836ms
[2020-11-04T20:37:37.494+0300][105,904s][info][gc] GC(1402) Concurrent Cycle
[2020-11-04T20:37:37.569+0300][105,979s][info][gc] GC(1403) Pause Young (Normal) (G1 Evacuation Pause) 447M->303M(512M) 8,881ms
[2020-11-04T20:37:37.631+0300][106,040s][info][gc] GC(1402) Pause Remark 414M->414M(512M) 0,640ms
[2020-11-04T20:37:37.650+0300][106,060s][info][gc] GC(1404) Pause Young (Normal) (G1 Evacuation Pause) 443M->307M(512M) 8,167ms
[2020-11-04T20:37:37.708+0300][106,118s][info][gc] GC(1402) Pause Cleanup 421M->421M(512M) 0,226ms
[2020-11-04T20:37:37.708+0300][106,118s][info][gc] GC(1402) Concurrent Cycle 214,817ms
[2020-11-04T20:37:37.728+0300][106,137s][info][gc] GC(1405) Pause Young (Normal) (G1 Evacuation Pause) 444M->311M(512M) 8,323ms
[2020-11-04T20:37:37.781+0300][106,191s][info][gc] GC(1406) Pause Young (Concurrent Start) (G1 Evacuation Pause) 443M->316M(512M) 8,134ms
[2020-11-04T20:37:37.781+0300][106,191s][info][gc] GC(1407) Concurrent Cycle
[2020-11-04T20:37:37.837+0300][106,247s][info][gc] GC(1408) Pause Young (Normal) (G1 Evacuation Pause) 443M->320M(512M) 7,504ms
[2020-11-04T20:37:37.848+0300][106,258s][info][gc] GC(1407) Pause Remark 345M->275M(512M) 0,809ms
[2020-11-04T20:37:37.892+0300][106,302s][info][gc] GC(1409) Pause Young (Normal) (G1 Evacuation Pause) 375M->254M(512M) 7,253ms
[2020-11-04T20:37:37.894+0300][106,303s][info][gc] GC(1407) Pause Cleanup 257M->257M(512M) 0,176ms
[2020-11-04T20:37:37.894+0300][106,304s][info][gc] GC(1407) Concurrent Cycle 112,590ms
[2020-11-04T20:37:37.967+0300][106,377s][info][gc] GC(1410) Pause Young (Prepare Mixed) (G1 Evacuation Pause) 445M->260M(512M) 8,678ms
[2020-11-04T20:37:37.981+0300][106,391s][info][gc] GC(1411) Pause Young (Mixed) (G1 Evacuation Pause) 267M->224M(512M) 11,605ms
[2020-11-04T20:37:38.064+0300][106,474s][info][gc] GC(1412) Pause Young (Normal) (G1 Evacuation Pause) 443M->230M(512M) 5,182ms
[2020-11-04T20:37:38.145+0300][106,555s][info][gc] GC(1413) Pause Young (Normal) (G1 Evacuation Pause) 444M->236M(512M) 7,623ms
[2020-11-04T20:37:38.228+0300][106,638s][info][gc] GC(1414) Pause Young (Concurrent Start) (G1 Evacuation Pause) 443M->243M(512M) 11,453ms
[2020-11-04T20:37:38.229+0300][106,638s][info][gc] GC(1415) Concurrent Cycle
[2020-11-04T20:37:38.299+0300][106,709s][info][gc] GC(1415) Pause Remark 427M->426M(512M) 0,776ms
[2020-11-04T20:37:38.317+0300][106,727s][info][gc] GC(1416) Pause Young (Normal) (G1 Evacuation Pause) 435M->248M(512M) 10,818ms
[2020-11-04T20:37:38.356+0300][106,766s][info][gc] GC(1415) Pause Cleanup 353M->353M(512M) 0,197ms
[2020-11-04T20:37:38.356+0300][106,766s][info][gc] GC(1415) Concurrent Cycle 127,646ms
[2020-11-04T20:37:38.396+0300][106,806s][info][gc] GC(1417) Pause Young (Normal) (G1 Evacuation Pause) 437M->254M(512M) 10,757ms
[2020-11-04T20:37:38.470+0300][106,880s][info][gc] GC(1418) Pause Young (Concurrent Start) (G1 Evacuation Pause) 439M->260M(512M) 10,469ms
[2020-11-04T20:37:38.470+0300][106,880s][info][gc] GC(1419) Concurrent Cycle
[2020-11-04T20:37:38.548+0300][106,958s][info][gc] GC(1420) Pause Young (Normal) (G1 Evacuation Pause) 438M->265M(512M) 9,580ms
[2020-11-04T20:37:38.558+0300][106,968s][info][gc] GC(1419) Pause Remark 288M->288M(512M) 0,611ms
[2020-11-04T20:37:38.608+0300][107,018s][info][gc] GC(1419) Pause Cleanup 424M->424M(512M) 0,166ms
[2020-11-04T20:37:38.608+0300][107,018s][info][gc] GC(1419) Concurrent Cycle 137,650ms
[2020-11-04T20:37:38.624+0300][107,034s][info][gc] GC(1421) Pause Young (Normal) (G1 Evacuation Pause) 439M->271M(512M) 9,871ms
[2020-11-04T20:37:38.692+0300][107,102s][info][gc] GC(1422) Pause Young (Concurrent Start) (G1 Evacuation Pause) 440M->276M(512M) 9,925ms
[2020-11-04T20:37:38.692+0300][107,102s][info][gc] GC(1423) Concurrent Cycle
[2020-11-04T20:37:38.764+0300][107,174s][info][gc] GC(1424) Pause Young (Normal) (G1 Evacuation Pause) 441M->281M(512M) 9,151ms
[2020-11-04T20:37:38.787+0300][107,197s][info][gc] GC(1423) Pause Remark 337M->337M(512M) 1,041ms
[2020-11-04T20:37:38.834+0300][107,244s][info][gc] GC(1425) Pause Young (Normal) (G1 Evacuation Pause) 440M->286M(512M) 9,207ms
[2020-11-04T20:37:38.851+0300][107,261s][info][gc] GC(1423) Pause Cleanup 331M->331M(512M) 0,233ms
[2020-11-04T20:37:38.852+0300][107,262s][info][gc] GC(1423) Concurrent Cycle 159,280ms
[2020-11-04T20:37:38.900+0300][107,310s][info][gc] GC(1426) Pause Young (Normal) (G1 Evacuation Pause) 442M->291M(512M) 10,087ms
[2020-11-04T20:37:38.964+0300][107,374s][info][gc] GC(1427) Pause Young (Concurrent Start) (G1 Evacuation Pause) 443M->296M(512M) 10,543ms
[2020-11-04T20:37:38.964+0300][107,374s][info][gc] GC(1428) Concurrent Cycle
[2020-11-04T20:37:39.029+0300][107,439s][info][gc] GC(1429) Pause Young (Normal) (G1 Evacuation Pause) 443M->301M(512M) 8,856ms
[2020-11-04T20:37:39.067+0300][107,477s][info][gc] GC(1428) Pause Remark 384M->384M(512M) 0,794ms
[2020-11-04T20:37:39.101+0300][107,511s][info][gc] GC(1430) Pause Young (Normal) (G1 Evacuation Pause) 447M->309M(512M) 8,304ms
[2020-11-04T20:37:39.134+0300][107,544s][info][gc] GC(1428) Pause Cleanup 399M->399M(512M) 0,254ms
[2020-11-04T20:37:39.135+0300][107,545s][info][gc] GC(1428) Concurrent Cycle 170,816ms
[2020-11-04T20:37:39.159+0300][107,569s][info][gc] GC(1431) Pause Young (Normal) (G1 Evacuation Pause) 444M->313M(512M) 8,504ms
[2020-11-04T20:37:39.213+0300][107,623s][info][gc] GC(1432) Pause Young (Concurrent Start) (G1 Evacuation Pause) 443M->317M(512M) 8,203ms
[2020-11-04T20:37:39.213+0300][107,623s][info][gc] GC(1433) Concurrent Cycle
[2020-11-04T20:37:39.269+0300][107,679s][info][gc] GC(1434) Pause Young (Normal) (G1 Evacuation Pause) 445M->322M(512M) 7,466ms
[2020-11-04T20:37:39.280+0300][107,690s][info][gc] GC(1433) Pause Remark 348M->282M(512M) 0,598ms
[2020-11-04T20:37:39.322+0300][107,732s][info][gc] GC(1435) Pause Young (Normal) (G1 Evacuation Pause) 379M->259M(512M) 7,330ms
[2020-11-04T20:37:39.326+0300][107,736s][info][gc] GC(1433) Pause Cleanup 267M->267M(512M) 0,346ms
[2020-11-04T20:37:39.326+0300][107,736s][info][gc] GC(1433) Concurrent Cycle 113,080ms
[2020-11-04T20:37:39.397+0300][107,807s][info][gc] GC(1436) Pause Young (Prepare Mixed) (G1 Evacuation Pause) 445M->265M(512M) 9,435ms
[2020-11-04T20:37:39.411+0300][107,821s][info][gc] GC(1437) Pause Young (Mixed) (G1 Evacuation Pause) 272M->226M(512M) 10,732ms
[2020-11-04T20:37:39.492+0300][107,902s][info][gc] GC(1438) Pause Young (Normal) (G1 Evacuation Pause) 443M->232M(512M) 5,066ms
[2020-11-04T20:37:39.573+0300][107,983s][info][gc] GC(1439) Pause Young (Normal) (G1 Evacuation Pause) 444M->238M(512M) 7,670ms
[2020-11-04T20:37:39.654+0300][108,064s][info][gc] GC(1440) Pause Young (Concurrent Start) (G1 Evacuation Pause) 443M->245M(512M) 9,784ms
[2020-11-04T20:37:39.654+0300][108,064s][info][gc] GC(1441) Concurrent Cycle
[2020-11-04T20:37:39.732+0300][108,142s][info][gc] GC(1441) Pause Remark 406M->403M(512M) 1,477ms
[2020-11-04T20:37:39.764+0300][108,174s][info][gc] GC(1442) Pause Young (Normal) (G1 Evacuation Pause) 435M->248M(512M) 10,977ms
[2020-11-04T20:37:39.798+0300][108,208s][info][gc] GC(1441) Pause Cleanup 300M->300M(512M) 0,230ms
[2020-11-04T20:37:39.798+0300][108,208s][info][gc] GC(1441) Concurrent Cycle 144,160ms
[2020-11-04T20:37:39.856+0300][108,266s][info][gc] GC(1443) Pause Young (Normal) (G1 Evacuation Pause) 437M->254M(512M) 10,740ms
[2020-11-04T20:37:39.933+0300][108,343s][info][gc] GC(1444) Pause Young (Concurrent Start) (G1 Evacuation Pause) 439M->260M(512M) 10,780ms
[2020-11-04T20:37:39.933+0300][108,343s][info][gc] GC(1445) Concurrent Cycle
[2020-11-04T20:37:40.013+0300][108,423s][info][gc] GC(1446) Pause Young (Normal) (G1 Evacuation Pause) 440M->266M(512M) 9,849ms
[2020-11-04T20:37:40.020+0300][108,430s][info][gc] GC(1445) Pause Remark 282M->282M(512M) 0,599ms
[2020-11-04T20:37:40.069+0300][108,479s][info][gc] GC(1445) Pause Cleanup 416M->416M(512M) 0,175ms
[2020-11-04T20:37:40.069+0300][108,479s][info][gc] GC(1445) Concurrent Cycle 136,057ms
[2020-11-04T20:37:40.088+0300][108,498s][info][gc] GC(1447) Pause Young (Normal) (G1 Evacuation Pause) 440M->271M(512M) 9,871ms
[2020-11-04T20:37:40.156+0300][108,565s][info][gc] GC(1448) Pause Young (Concurrent Start) (G1 Evacuation Pause) 439M->276M(512M) 9,726ms
[2020-11-04T20:37:40.156+0300][108,566s][info][gc] GC(1449) Concurrent Cycle
[2020-11-04T20:37:40.228+0300][108,638s][info][gc] GC(1450) Pause Young (Normal) (G1 Evacuation Pause) 441M->281M(512M) 8,997ms
[2020-11-04T20:37:40.253+0300][108,663s][info][gc] GC(1449) Pause Remark 319M->319M(512M) 0,902ms
[2020-11-04T20:37:40.306+0300][108,716s][info][gc] GC(1451) Pause Young (Normal) (G1 Evacuation Pause) 440M->285M(512M) 8,883ms
[2020-11-04T20:37:40.321+0300][108,731s][info][gc] GC(1449) Pause Cleanup 326M->326M(512M) 0,190ms
[2020-11-04T20:37:40.322+0300][108,732s][info][gc] GC(1449) Concurrent Cycle 166,107ms
[2020-11-04T20:37:40.370+0300][108,780s][info][gc] GC(1452) Pause Young (Normal) (G1 Evacuation Pause) 441M->291M(512M) 9,113ms
[2020-11-04T20:37:40.432+0300][108,842s][info][gc] GC(1453) Pause Young (Concurrent Start) (G1 Evacuation Pause) 442M->296M(512M) 8,807ms
[2020-11-04T20:37:40.432+0300][108,842s][info][gc] GC(1454) Concurrent Cycle
[2020-11-04T20:37:40.494+0300][108,904s][info][gc] GC(1455) Pause Young (Normal) (G1 Evacuation Pause) 441M->300M(512M) 8,149ms
[2020-11-04T20:37:40.557+0300][108,967s][info][gc] GC(1456) Pause Young (Normal) (G1 Evacuation Pause) 443M->304M(512M) 8,117ms
[2020-11-04T20:37:40.562+0300][108,972s][info][gc] GC(1454) Pause Remark 315M->315M(512M) 0,768ms
[2020-11-04T20:37:40.628+0300][109,037s][info][gc] GC(1457) Pause Young (Normal) (G1 Evacuation Pause) 446M->313M(512M) 8,312ms
[2020-11-04T20:37:40.631+0300][109,041s][info][gc] GC(1454) Pause Cleanup 318M->318M(512M) 0,234ms
[2020-11-04T20:37:40.631+0300][109,041s][info][gc] GC(1454) Concurrent Cycle 199,297ms
[2020-11-04T20:37:40.683+0300][109,093s][info][gc] GC(1458) Pause Young (Normal) (G1 Evacuation Pause) 444M->316M(512M) 8,103ms
[2020-11-04T20:37:40.736+0300][109,146s][info][gc] GC(1459) Pause Young (Concurrent Start) (G1 Evacuation Pause) 445M->321M(512M) 8,058ms
[2020-11-04T20:37:40.736+0300][109,146s][info][gc] GC(1460) Concurrent Cycle
[2020-11-04T20:37:40.802+0300][109,212s][info][gc] GC(1461) Pause Young (Normal) (G1 Evacuation Pause) 445M->325M(512M) 7,427ms
[2020-11-04T20:37:40.811+0300][109,221s][info][gc] GC(1460) Pause Remark 336M->269M(512M) 0,809ms
[2020-11-04T20:37:40.859+0300][109,269s][info][gc] GC(1460) Pause Cleanup 348M->348M(512M) 0,202ms
[2020-11-04T20:37:40.859+0300][109,269s][info][gc] GC(1460) Concurrent Cycle 122,819ms
[2020-11-04T20:37:40.877+0300][109,287s][info][gc] GC(1462) Pause Young (Prepare Mixed) (G1 Evacuation Pause) 378M->261M(512M) 7,787ms
[2020-11-04T20:37:40.892+0300][109,302s][info][gc] GC(1463) Pause Young (Mixed) (G1 Evacuation Pause) 274M->224M(512M) 9,266ms
[2020-11-04T20:37:40.976+0300][109,386s][info][gc] GC(1464) Pause Young (Normal) (G1 Evacuation Pause) 443M->230M(512M) 6,835ms
[2020-11-04T20:37:41.060+0300][109,470s][info][gc] GC(1465) Pause Young (Normal) (G1 Evacuation Pause) 443M->237M(512M) 8,975ms
[2020-11-04T20:37:41.143+0300][109,553s][info][gc] GC(1466) Pause Young (Concurrent Start) (G1 Evacuation Pause) 444M->243M(512M) 11,434ms
[2020-11-04T20:37:41.144+0300][109,554s][info][gc] GC(1467) Concurrent Cycle
[2020-11-04T20:37:41.220+0300][109,630s][info][gc] GC(1467) Pause Remark 395M->393M(512M) 0,801ms
[2020-11-04T20:37:41.247+0300][109,657s][info][gc] GC(1468) Pause Young (Normal) (G1 Evacuation Pause) 436M->247M(512M) 11,255ms
[2020-11-04T20:37:41.274+0300][109,684s][info][gc] GC(1467) Pause Cleanup 320M->320M(512M) 0,227ms
[2020-11-04T20:37:41.275+0300][109,685s][info][gc] GC(1467) Concurrent Cycle 131,386ms
[2020-11-04T20:37:41.327+0300][109,737s][info][gc] GC(1469) Pause Young (Normal) (G1 Evacuation Pause) 439M->253M(512M) 10,942ms
[2020-11-04T20:37:41.402+0300][109,812s][info][gc] GC(1470) Pause Young (Concurrent Start) (G1 Evacuation Pause) 439M->259M(512M) 10,696ms
[2020-11-04T20:37:41.402+0300][109,812s][info][gc] GC(1471) Concurrent Cycle
[2020-11-04T20:37:41.481+0300][109,891s][info][gc] GC(1472) Pause Young (Normal) (G1 Evacuation Pause) 438M->265M(512M) 9,655ms
[2020-11-04T20:37:41.488+0300][109,898s][info][gc] GC(1471) Pause Remark 275M->275M(512M) 0,852ms
[2020-11-04T20:37:41.548+0300][109,958s][info][gc] GC(1471) Pause Cleanup 374M->374M(512M) 0,199ms
[2020-11-04T20:37:41.548+0300][109,958s][info][gc] GC(1471) Concurrent Cycle 146,198ms
[2020-11-04T20:37:41.583+0300][109,993s][info][gc] GC(1473) Pause Young (Normal) (G1 Evacuation Pause) 440M->270M(512M) 11,984ms
[2020-11-04T20:37:41.653+0300][110,063s][info][gc] GC(1474) Pause Young (Concurrent Start) (G1 Evacuation Pause) 441M->275M(512M) 9,814ms
[2020-11-04T20:37:41.653+0300][110,063s][info][gc] GC(1475) Concurrent Cycle
[2020-11-04T20:37:41.725+0300][110,135s][info][gc] GC(1476) Pause Young (Normal) (G1 Evacuation Pause) 440M->281M(512M) 9,202ms
[2020-11-04T20:37:41.744+0300][110,154s][info][gc] GC(1475) Pause Remark 328M->328M(512M) 0,574ms
[2020-11-04T20:37:41.795+0300][110,205s][info][gc] GC(1477) Pause Young (Normal) (G1 Evacuation Pause) 441M->285M(512M) 9,192ms
[2020-11-04T20:37:41.806+0300][110,216s][info][gc] GC(1475) Pause Cleanup 315M->315M(512M) 0,245ms
[2020-11-04T20:37:41.807+0300][110,217s][info][gc] GC(1475) Concurrent Cycle 153,866ms
[2020-11-04T20:37:41.859+0300][110,269s][info][gc] GC(1478) Pause Young (Normal) (G1 Evacuation Pause) 441M->290M(512M) 9,269ms
[2020-11-04T20:37:41.922+0300][110,332s][info][gc] GC(1479) Pause Young (Concurrent Start) (G1 Evacuation Pause) 443M->294M(512M) 8,901ms
[2020-11-04T20:37:41.922+0300][110,332s][info][gc] GC(1480) Concurrent Cycle
[2020-11-04T20:37:41.987+0300][110,397s][info][gc] GC(1481) Pause Young (Normal) (G1 Evacuation Pause) 442M->300M(512M) 8,291ms
[2020-11-04T20:37:42.022+0300][110,432s][info][gc] GC(1480) Pause Remark 388M->388M(512M) 0,979ms
[2020-11-04T20:37:42.050+0300][110,460s][info][gc] GC(1482) Pause Young (Normal) (G1 Evacuation Pause) 443M->305M(512M) 8,145ms
[2020-11-04T20:37:42.089+0300][110,499s][info][gc] GC(1480) Pause Cleanup 410M->410M(512M) 0,227ms
[2020-11-04T20:37:42.089+0300][110,499s][info][gc] GC(1480) Concurrent Cycle 167,524ms
[2020-11-04T20:37:42.109+0300][110,519s][info][gc] GC(1483) Pause Young (Normal) (G1 Evacuation Pause) 443M->309M(512M) 8,473ms
[2020-11-04T20:37:42.157+0300][110,567s][info][gc] GC(1484) Pause Young (Concurrent Start) (G1 Humongous Allocation) 390M->311M(512M) 9,275ms
[2020-11-04T20:37:42.157+0300][110,567s][info][gc] GC(1485) Concurrent Cycle
[2020-11-04T20:37:42.217+0300][110,627s][info][gc] GC(1486) Pause Young (Normal) (G1 Evacuation Pause) 449M->320M(512M) 7,300ms
[2020-11-04T20:37:42.225+0300][110,635s][info][gc] GC(1485) Pause Remark 337M->271M(512M) 0,768ms
[2020-11-04T20:37:42.264+0300][110,674s][info][gc] GC(1485) Pause Cleanup 377M->377M(512M) 0,195ms
[2020-11-04T20:37:42.264+0300][110,674s][info][gc] GC(1485) Concurrent Cycle 106,822ms
[2020-11-04T20:37:42.270+0300][110,680s][info][gc] GC(1487) Pause Young (Prepare Mixed) (G1 Evacuation Pause) 380M->251M(512M) 5,051ms
[2020-11-04T20:37:42.286+0300][110,696s][info][gc] GC(1488) Pause Young (Mixed) (G1 Evacuation Pause) 267M->218M(512M) 9,917ms
[2020-11-04T20:37:42.369+0300][110,779s][info][gc] GC(1489) Pause Young (Normal) (G1 Evacuation Pause) 443M->225M(512M) 5,349ms
[2020-11-04T20:37:42.453+0300][110,863s][info][gc] GC(1490) Pause Young (Normal) (G1 Evacuation Pause) 443M->231M(512M) 9,081ms
[2020-11-04T20:37:42.537+0300][110,947s][info][gc] GC(1491) Pause Young (Concurrent Start) (G1 Evacuation Pause) 442M->238M(512M) 10,099ms
[2020-11-04T20:37:42.537+0300][110,947s][info][gc] GC(1492) Concurrent Cycle
[2020-11-04T20:37:42.603+0300][111,013s][info][gc] GC(1492) Pause Remark 407M->400M(512M) 0,907ms
[2020-11-04T20:37:42.626+0300][111,036s][info][gc] GC(1493) Pause Young (Normal) (G1 Evacuation Pause) 430M->237M(512M) 11,654ms
[2020-11-04T20:37:42.671+0300][111,081s][info][gc] GC(1492) Pause Cleanup 362M->362M(512M) 0,151ms
[2020-11-04T20:37:42.671+0300][111,081s][info][gc] GC(1492) Concurrent Cycle 134,039ms
[2020-11-04T20:37:42.708+0300][111,118s][info][gc] GC(1494) Pause Young (Normal) (G1 Evacuation Pause) 437M->243M(512M) 10,970ms
[2020-11-04T20:37:42.786+0300][111,196s][info][gc] GC(1495) Pause Young (Concurrent Start) (G1 Evacuation Pause) 437M->249M(512M) 10,925ms
[2020-11-04T20:37:42.786+0300][111,196s][info][gc] GC(1496) Concurrent Cycle
[2020-11-04T20:37:42.869+0300][111,279s][info][gc] GC(1497) Pause Young (Normal) (G1 Evacuation Pause) 438M->255M(512M) 10,608ms
[2020-11-04T20:37:42.898+0300][111,308s][info][gc] GC(1496) Pause Remark 330M->330M(512M) 0,745ms
[2020-11-04T20:37:42.947+0300][111,357s][info][gc] GC(1498) Pause Young (Normal) (G1 Evacuation Pause) 438M->261M(512M) 10,105ms
[2020-11-04T20:37:42.975+0300][111,385s][info][gc] GC(1496) Pause Cleanup 339M->339M(512M) 0,222ms
[2020-11-04T20:37:42.976+0300][111,386s][info][gc] GC(1496) Concurrent Cycle 189,258ms
[2020-11-04T20:37:43.021+0300][111,431s][info][gc] GC(1499) Pause Young (Normal) (G1 Evacuation Pause) 438M->266M(512M) 11,309ms
[2020-11-04T20:37:43.091+0300][111,501s][info][gc] GC(1500) Pause Young (Concurrent Start) (G1 Evacuation Pause) 439M->272M(512M) 9,844ms
[2020-11-04T20:37:43.091+0300][111,501s][info][gc] GC(1501) Concurrent Cycle
[2020-11-04T20:37:43.166+0300][111,576s][info][gc] GC(1502) Pause Young (Normal) (G1 Evacuation Pause) 441M->278M(512M) 9,187ms
[2020-11-04T20:37:43.182+0300][111,592s][info][gc] GC(1501) Pause Remark 320M->320M(512M) 0,604ms
[2020-11-04T20:37:43.235+0300][111,645s][info][gc] GC(1503) Pause Young (Normal) (G1 Evacuation Pause) 439M->282M(512M) 8,806ms
[2020-11-04T20:37:43.244+0300][111,654s][info][gc] GC(1501) Pause Cleanup 306M->306M(512M) 0,220ms
[2020-11-04T20:37:43.244+0300][111,654s][info][gc] GC(1501) Concurrent Cycle 152,668ms
[2020-11-04T20:37:43.300+0300][111,710s][info][gc] GC(1504) Pause Young (Normal) (G1 Evacuation Pause) 441M->288M(512M) 9,355ms
[2020-11-04T20:37:43.363+0300][111,773s][info][gc] GC(1505) Pause Young (Concurrent Start) (G1 Evacuation Pause) 442M->292M(512M) 9,321ms
[2020-11-04T20:37:43.363+0300][111,773s][info][gc] GC(1506) Concurrent Cycle
[2020-11-04T20:37:43.429+0300][111,839s][info][gc] GC(1507) Pause Young (Normal) (G1 Evacuation Pause) 443M->297M(512M) 8,394ms
[2020-11-04T20:37:43.462+0300][111,872s][info][gc] GC(1506) Pause Remark 382M->382M(512M) 0,839ms
[2020-11-04T20:37:43.493+0300][111,903s][info][gc] GC(1508) Pause Young (Normal) (G1 Evacuation Pause) 443M->301M(512M) 8,319ms
[2020-11-04T20:37:43.538+0300][111,948s][info][gc] GC(1506) Pause Cleanup 423M->423M(512M) 0,238ms
[2020-11-04T20:37:43.538+0300][111,948s][info][gc] GC(1506) Concurrent Cycle 175,025ms
[2020-11-04T20:37:43.553+0300][111,963s][info][gc] GC(1509) Pause Young (Normal) (G1 Evacuation Pause) 442M->306M(512M) 8,463ms
[2020-11-04T20:37:43.611+0300][112,021s][info][gc] GC(1510) Pause Young (Concurrent Start) (G1 Evacuation Pause) 442M->311M(512M) 9,111ms
[2020-11-04T20:37:43.611+0300][112,021s][info][gc] GC(1511) Concurrent Cycle
[2020-11-04T20:37:43.681+0300][112,091s][info][gc] GC(1512) Pause Young (Normal) (G1 Evacuation Pause) 448M->318M(512M) 7,862ms
[2020-11-04T20:37:43.718+0300][112,128s][info][gc] GC(1511) Pause Remark 413M->413M(512M) 0,820ms
[2020-11-04T20:37:43.738+0300][112,148s][info][gc] GC(1513) Pause Young (Normal) (G1 Evacuation Pause) 445M->323M(512M) 7,492ms
[2020-11-04T20:37:43.790+0300][112,200s][info][gc] GC(1514) Pause Young (Normal) (G1 Evacuation Pause) 445M->327M(512M) 7,252ms
[2020-11-04T20:37:43.802+0300][112,212s][info][gc] GC(1511) Pause Cleanup 359M->359M(512M) 0,253ms
[2020-11-04T20:37:43.802+0300][112,212s][info][gc] GC(1511) Concurrent Cycle 191,244ms
[2020-11-04T20:37:43.840+0300][112,250s][info][gc] GC(1515) Pause Young (Normal) (G1 Evacuation Pause) 445M->330M(512M) 7,687ms
[2020-11-04T20:37:43.888+0300][112,298s][info][gc] GC(1516) Pause Young (Concurrent Start) (G1 Evacuation Pause) 446M->333M(512M) 7,762ms
[2020-11-04T20:37:43.888+0300][112,298s][info][gc] GC(1517) Concurrent Cycle
[2020-11-04T20:37:43.937+0300][112,347s][info][gc] GC(1518) Pause Young (Normal) (G1 Evacuation Pause) 445M->337M(512M) 6,977ms
[2020-11-04T20:37:43.973+0300][112,383s][info][gc] GC(1517) Pause Remark 429M->352M(512M) 0,971ms
[2020-11-04T20:37:43.986+0300][112,396s][info][gc] GC(1519) Pause Young (Normal) (G1 Evacuation Pause) 368M->263M(512M) 6,832ms
[2020-11-04T20:37:44.021+0300][112,431s][info][gc] GC(1517) Pause Cleanup 357M->357M(512M) 0,212ms
[2020-11-04T20:37:44.022+0300][112,432s][info][gc] GC(1517) Concurrent Cycle 133,647ms
[2020-11-04T20:37:44.060+0300][112,470s][info][gc] GC(1520) Pause Young (Prepare Mixed) (G1 Evacuation Pause) 445M->269M(512M) 8,259ms
[2020-11-04T20:37:44.075+0300][112,485s][info][gc] GC(1521) Pause Young (Mixed) (G1 Evacuation Pause) 277M->235M(512M) 12,136ms
[2020-11-04T20:37:44.155+0300][112,564s][info][gc] GC(1522) Pause Young (Normal) (G1 Evacuation Pause) 444M->241M(512M) 5,136ms
[2020-11-04T20:37:44.233+0300][112,643s][info][gc] GC(1523) Pause Young (Normal) (G1 Evacuation Pause) 444M->247M(512M) 7,352ms
[2020-11-04T20:37:44.312+0300][112,722s][info][gc] GC(1524) Pause Young (Concurrent Start) (G1 Evacuation Pause) 445M->253M(512M) 9,419ms
[2020-11-04T20:37:44.312+0300][112,722s][info][gc] GC(1525) Concurrent Cycle
[2020-11-04T20:37:44.396+0300][112,806s][info][gc] GC(1525) Pause Remark 430M->430M(512M) 0,720ms
[2020-11-04T20:37:44.410+0300][112,820s][info][gc] GC(1526) Pause Young (Normal) (G1 Evacuation Pause) 439M->259M(512M) 10,376ms
[2020-11-04T20:37:44.453+0300][112,863s][info][gc] GC(1525) Pause Cleanup 376M->376M(512M) 0,168ms
[2020-11-04T20:37:44.453+0300][112,863s][info][gc] GC(1525) Concurrent Cycle 141,062ms
[2020-11-04T20:37:44.486+0300][112,896s][info][gc] GC(1527) Pause Young (Normal) (G1 Evacuation Pause) 439M->265M(512M) 10,315ms
[2020-11-04T20:37:44.557+0300][112,967s][info][gc] GC(1528) Pause Young (Concurrent Start) (G1 Evacuation Pause) 438M->270M(512M) 10,141ms
[2020-11-04T20:37:44.557+0300][112,967s][info][gc] GC(1529) Concurrent Cycle
[2020-11-04T20:37:44.631+0300][113,041s][info][gc] GC(1530) Pause Young (Normal) (G1 Evacuation Pause) 441M->275M(512M) 9,039ms
[2020-11-04T20:37:44.649+0300][113,059s][info][gc] GC(1529) Pause Remark 318M->318M(512M) 0,961ms
[2020-11-04T20:37:44.702+0300][113,112s][info][gc] GC(1531) Pause Young (Normal) (G1 Evacuation Pause) 441M->280M(512M) 9,198ms
[2020-11-04T20:37:44.710+0300][113,120s][info][gc] GC(1529) Pause Cleanup 299M->299M(512M) 0,179ms
[2020-11-04T20:37:44.710+0300][113,120s][info][gc] GC(1529) Concurrent Cycle 153,243ms
[2020-11-04T20:37:44.769+0300][113,179s][info][gc] GC(1532) Pause Young (Normal) (G1 Evacuation Pause) 442M->286M(512M) 9,380ms
[2020-11-04T20:37:44.832+0300][113,242s][info][gc] GC(1533) Pause Young (Concurrent Start) (G1 Evacuation Pause) 441M->290M(512M) 9,186ms
[2020-11-04T20:37:44.832+0300][113,242s][info][gc] GC(1534) Concurrent Cycle
[2020-11-04T20:37:44.899+0300][113,309s][info][gc] GC(1535) Pause Young (Normal) (G1 Evacuation Pause) 441M->295M(512M) 8,542ms
[2020-11-04T20:37:44.933+0300][113,343s][info][gc] GC(1534) Pause Remark 383M->383M(512M) 0,798ms
[2020-11-04T20:37:44.963+0300][113,373s][info][gc] GC(1536) Pause Young (Normal) (G1 Evacuation Pause) 441M->300M(512M) 8,354ms
[2020-11-04T20:37:44.999+0300][113,409s][info][gc] GC(1534) Pause Cleanup 400M->400M(512M) 0,207ms
[2020-11-04T20:37:45.000+0300][113,410s][info][gc] GC(1534) Concurrent Cycle 167,571ms
[2020-11-04T20:37:45.024+0300][113,434s][info][gc] GC(1537) Pause Young (Normal) (G1 Evacuation Pause) 443M->304M(512M) 8,545ms
[2020-11-04T20:37:45.081+0300][113,491s][info][gc] GC(1538) Pause Young (Concurrent Start) (G1 Evacuation Pause) 444M->308M(512M) 8,608ms
[2020-11-04T20:37:45.081+0300][113,491s][info][gc] GC(1539) Concurrent Cycle
[2020-11-04T20:37:45.151+0300][113,561s][info][gc] GC(1540) Pause Young (Normal) (G1 Evacuation Pause) 447M->317M(512M) 7,872ms
[2020-11-04T20:37:45.188+0300][113,598s][info][gc] GC(1539) Pause Remark 413M->413M(512M) 0,726ms
[2020-11-04T20:37:45.207+0300][113,617s][info][gc] GC(1541) Pause Young (Normal) (G1 Evacuation Pause) 444M->321M(512M) 7,308ms
[2020-11-04T20:37:45.258+0300][113,668s][info][gc] GC(1542) Pause Young (Normal) (G1 Evacuation Pause) 443M->325M(512M) 7,244ms
[2020-11-04T20:37:45.266+0300][113,676s][info][gc] GC(1539) Pause Cleanup 345M->345M(512M) 0,204ms
[2020-11-04T20:37:45.266+0300][113,676s][info][gc] GC(1539) Concurrent Cycle 185,323ms
[2020-11-04T20:37:45.309+0300][113,719s][info][gc] GC(1543) Pause Young (Normal) (G1 Evacuation Pause) 445M->328M(512M) 7,785ms
[2020-11-04T20:37:45.358+0300][113,768s][info][gc] GC(1544) Pause Young (Concurrent Start) (G1 Evacuation Pause) 446M->332M(512M) 7,600ms
[2020-11-04T20:37:45.358+0300][113,768s][info][gc] GC(1545) Concurrent Cycle
[2020-11-04T20:37:45.409+0300][113,819s][info][gc] GC(1546) Pause Young (Normal) (G1 Evacuation Pause) 446M->335M(512M) 6,845ms
[2020-11-04T20:37:45.428+0300][113,838s][info][gc] GC(1545) Pause Remark 385M->315M(512M) 0,644ms
[2020-11-04T20:37:45.464+0300][113,874s][info][gc] GC(1547) Pause Young (Normal) (G1 Evacuation Pause) 375M->270M(512M) 7,322ms
[2020-11-04T20:37:45.480+0300][113,890s][info][gc] GC(1545) Pause Cleanup 311M->311M(512M) 0,210ms
[2020-11-04T20:37:45.480+0300][113,890s][info][gc] GC(1545) Concurrent Cycle 121,593ms
[2020-11-04T20:37:45.541+0300][113,951s][info][gc] GC(1548) Pause Young (Prepare Mixed) (G1 Evacuation Pause) 446M->274M(512M) 9,909ms
[2020-11-04T20:37:45.558+0300][113,968s][info][gc] GC(1549) Pause Young (Mixed) (G1 Evacuation Pause) 283M->238M(512M) 13,386ms
[2020-11-04T20:37:45.648+0300][114,058s][info][gc] GC(1550) Pause Young (Normal) (G1 Evacuation Pause) 444M->243M(512M) 6,387ms
[2020-11-04T20:37:45.777+0300][114,187s][info][gc] GC(1551) Pause Young (Normal) (G1 Evacuation Pause) 444M->250M(512M) 8,735ms
[2020-11-04T20:37:45.894+0300][114,304s][info][gc] GC(1552) Pause Young (Concurrent Start) (G1 Evacuation Pause) 445M->256M(512M) 11,907ms
[2020-11-04T20:37:45.894+0300][114,304s][info][gc] GC(1553) Concurrent Cycle
[2020-11-04T20:37:46.026+0300][114,436s][info][gc] GC(1553) Pause Remark 437M->437M(512M) 0,615ms
[2020-11-04T20:37:46.041+0300][114,451s][info][gc] GC(1554) Pause Young (Normal) (G1 Evacuation Pause) 439M->262M(512M) 12,746ms
[2020-11-04T20:37:46.100+0300][114,510s][info][gc] GC(1553) Pause Cleanup 349M->349M(512M) 0,182ms
[2020-11-04T20:37:46.101+0300][114,511s][info][gc] GC(1553) Concurrent Cycle 207,092ms
[2020-11-04T20:37:46.143+0300][114,553s][info][gc] GC(1555) Pause Young (Normal) (G1 Evacuation Pause) 439M->267M(512M) 10,343ms
[2020-11-04T20:37:46.213+0300][114,623s][info][gc] GC(1556) Pause Young (Concurrent Start) (G1 Evacuation Pause) 439M->273M(512M) 9,947ms
[2020-11-04T20:37:46.213+0300][114,623s][info][gc] GC(1557) Concurrent Cycle
[2020-11-04T20:37:46.286+0300][114,696s][info][gc] GC(1558) Pause Young (Normal) (G1 Evacuation Pause) 441M->278M(512M) 9,129ms
[2020-11-04T20:37:46.308+0300][114,718s][info][gc] GC(1557) Pause Remark 308M->308M(512M) 0,739ms
[2020-11-04T20:37:46.365+0300][114,775s][info][gc] GC(1557) Pause Cleanup 437M->437M(512M) 0,203ms
[2020-11-04T20:37:46.365+0300][114,775s][info][gc] GC(1557) Concurrent Cycle 152,163ms
[2020-11-04T20:37:46.377+0300][114,787s][info][gc] GC(1559) Pause Young (Normal) (G1 Evacuation Pause) 441M->283M(512M) 9,825ms
[2020-11-04T20:37:46.442+0300][114,852s][info][gc] GC(1560) Pause Young (Concurrent Start) (G1 Evacuation Pause) 440M->288M(512M) 9,479ms
[2020-11-04T20:37:46.442+0300][114,852s][info][gc] GC(1561) Concurrent Cycle
[2020-11-04T20:37:46.511+0300][114,920s][info][gc] GC(1562) Pause Young (Normal) (G1 Evacuation Pause) 442M->292M(512M) 8,807ms
[2020-11-04T20:37:46.548+0300][114,958s][info][gc] GC(1561) Pause Remark 345M->345M(512M) 0,783ms
[2020-11-04T20:37:46.592+0300][115,002s][info][gc] GC(1563) Pause Young (Normal) (G1 Evacuation Pause) 442M->297M(512M) 8,428ms
[2020-11-04T20:37:46.614+0300][115,024s][info][gc] GC(1561) Pause Cleanup 356M->356M(512M) 0,203ms
[2020-11-04T20:37:46.615+0300][115,025s][info][gc] GC(1561) Concurrent Cycle 172,394ms
[2020-11-04T20:37:46.655+0300][115,065s][info][gc] GC(1564) Pause Young (Normal) (G1 Evacuation Pause) 442M->302M(512M) 10,299ms
[2020-11-04T20:37:46.712+0300][115,122s][info][gc] GC(1565) Pause Young (Concurrent Start) (G1 Evacuation Pause) 442M->306M(512M) 8,851ms
[2020-11-04T20:37:46.712+0300][115,122s][info][gc] GC(1566) Concurrent Cycle
[2020-11-04T20:37:46.773+0300][115,183s][info][gc] GC(1567) Pause Young (Normal) (G1 Evacuation Pause) 444M->311M(512M) 8,214ms
[2020-11-04T20:37:46.831+0300][115,241s][info][gc] GC(1568) Pause Young (Normal) (G1 Evacuation Pause) 444M->314M(512M) 7,497ms
[2020-11-04T20:37:46.867+0300][115,277s][info][gc] GC(1566) Pause Remark 384M->384M(512M) 0,699ms
[2020-11-04T20:37:46.898+0300][115,308s][info][gc] GC(1569) Pause Young (Normal) (G1 Evacuation Pause) 448M->323M(512M) 7,808ms
[2020-11-04T20:37:46.950+0300][115,360s][info][gc] GC(1570) Pause Young (Normal) (G1 Evacuation Pause) 445M->327M(512M) 7,213ms
[2020-11-04T20:37:46.956+0300][115,366s][info][gc] GC(1566) Pause Cleanup 335M->335M(512M) 0,221ms
[2020-11-04T20:37:46.956+0300][115,366s][info][gc] GC(1566) Concurrent Cycle 243,600ms
[2020-11-04T20:37:47.002+0300][115,411s][info][gc] GC(1571) Pause Young (Normal) (G1 Evacuation Pause) 445M->330M(512M) 7,466ms
[2020-11-04T20:37:47.051+0300][115,461s][info][gc] GC(1572) Pause Young (Concurrent Start) (G1 Evacuation Pause) 446M->334M(512M) 8,727ms
[2020-11-04T20:37:47.051+0300][115,461s][info][gc] GC(1573) Concurrent Cycle
[2020-11-04T20:37:47.101+0300][115,511s][info][gc] GC(1574) Pause Young (Normal) (G1 Evacuation Pause) 445M->337M(512M) 6,891ms
[2020-11-04T20:37:47.122+0300][115,532s][info][gc] GC(1573) Pause Remark 389M->321M(512M) 0,639ms
[2020-11-04T20:37:47.149+0300][115,559s][info][gc] GC(1575) Pause Young (Normal) (G1 Evacuation Pause) 377M->272M(512M) 6,933ms
[2020-11-04T20:37:47.169+0300][115,579s][info][gc] GC(1573) Pause Cleanup 327M->327M(512M) 0,171ms
[2020-11-04T20:37:47.170+0300][115,580s][info][gc] GC(1573) Concurrent Cycle 119,109ms
[2020-11-04T20:37:47.219+0300][115,629s][info][gc] GC(1576) Pause Young (Prepare Mixed) (G1 Evacuation Pause) 445M->278M(512M) 8,140ms
[2020-11-04T20:37:47.233+0300][115,643s][info][gc] GC(1577) Pause Young (Mixed) (G1 Evacuation Pause) 287M->239M(512M) 10,333ms
[2020-11-04T20:37:47.310+0300][115,720s][info][gc] GC(1578) Pause Young (Normal) (G1 Evacuation Pause) 444M->245M(512M) 4,892ms
[2020-11-04T20:37:47.387+0300][115,797s][info][gc] GC(1579) Pause Young (Normal) (G1 Evacuation Pause) 445M->251M(512M) 7,380ms
[2020-11-04T20:37:47.463+0300][115,873s][info][gc] GC(1580) Pause Young (Concurrent Start) (G1 Evacuation Pause) 445M->257M(512M) 9,140ms
[2020-11-04T20:37:47.463+0300][115,873s][info][gc] GC(1581) Concurrent Cycle
[2020-11-04T20:37:47.544+0300][115,954s][info][gc] GC(1582) Pause Young (Normal) (G1 Evacuation Pause) 439M->263M(512M) 10,404ms
[2020-11-04T20:37:47.550+0300][115,960s][info][gc] GC(1581) Pause Remark 270M->270M(512M) 0,838ms
[2020-11-04T20:37:47.603+0300][116,013s][info][gc] GC(1581) Pause Cleanup 382M->382M(512M) 0,225ms
[2020-11-04T20:37:47.604+0300][116,014s][info][gc] GC(1581) Concurrent Cycle 140,653ms
[2020-11-04T20:37:47.634+0300][116,044s][info][gc] GC(1583) Pause Young (Normal) (G1 Evacuation Pause) 438M->268M(512M) 10,439ms
[2020-11-04T20:37:47.703+0300][116,113s][info][gc] GC(1584) Pause Young (Concurrent Start) (G1 Evacuation Pause) 439M->274M(512M) 10,018ms
[2020-11-04T20:37:47.703+0300][116,113s][info][gc] GC(1585) Concurrent Cycle
[2020-11-04T20:37:47.794+0300][116,204s][info][gc] GC(1586) Pause Young (Normal) (G1 Evacuation Pause) 440M->278M(512M) 9,120ms
[2020-11-04T20:37:47.802+0300][116,212s][info][gc] GC(1585) Pause Remark 298M->298M(512M) 0,801ms
[2020-11-04T20:37:47.854+0300][116,264s][info][gc] GC(1585) Pause Cleanup 440M->440M(512M) 0,192ms
[2020-11-04T20:37:47.854+0300][116,264s][info][gc] GC(1585) Concurrent Cycle 150,826ms
[2020-11-04T20:37:47.863+0300][116,273s][info][gc] GC(1587) Pause Young (Normal) (G1 Evacuation Pause) 440M->283M(512M) 9,273ms
[2020-11-04T20:37:47.928+0300][116,338s][info][gc] GC(1588) Pause Young (Concurrent Start) (G1 Evacuation Pause) 442M->288M(512M) 9,164ms
[2020-11-04T20:37:47.928+0300][116,338s][info][gc] GC(1589) Concurrent Cycle
[2020-11-04T20:37:47.994+0300][116,404s][info][gc] GC(1590) Pause Young (Normal) (G1 Evacuation Pause) 441M->293M(512M) 8,576ms
[2020-11-04T20:37:48.024+0300][116,434s][info][gc] GC(1589) Pause Remark 369M->369M(512M) 0,752ms
[2020-11-04T20:37:48.059+0300][116,469s][info][gc] GC(1591) Pause Young (Normal) (G1 Evacuation Pause) 443M->298M(512M) 8,196ms
[2020-11-04T20:37:48.095+0300][116,505s][info][gc] GC(1589) Pause Cleanup 355M->355M(512M) 0,192ms
[2020-11-04T20:37:48.095+0300][116,505s][info][gc] GC(1589) Concurrent Cycle 167,506ms
[2020-11-04T20:37:48.135+0300][116,545s][info][gc] GC(1592) Pause Young (Normal) (G1 Evacuation Pause) 443M->303M(512M) 8,570ms
[2020-11-04T20:37:48.192+0300][116,602s][info][gc] GC(1593) Pause Young (Concurrent Start) (G1 Evacuation Pause) 443M->306M(512M) 8,516ms
[2020-11-04T20:37:48.192+0300][116,602s][info][gc] GC(1594) Concurrent Cycle
[2020-11-04T20:37:48.253+0300][116,663s][info][gc] GC(1595) Pause Young (Normal) (G1 Evacuation Pause) 444M->311M(512M) 8,027ms
[2020-11-04T20:37:48.305+0300][116,715s][info][gc] GC(1594) Pause Remark 397M->397M(512M) 1,034ms
[2020-11-04T20:37:48.330+0300][116,740s][info][gc] GC(1596) Pause Young (Normal) (G1 Evacuation Pause) 444M->314M(512M) 7,765ms
[2020-11-04T20:37:48.383+0300][116,793s][info][gc] GC(1594) Pause Cleanup 404M->404M(512M) 0,230ms
[2020-11-04T20:37:48.383+0300][116,793s][info][gc] GC(1594) Concurrent Cycle 191,550ms
[2020-11-04T20:37:48.406+0300][116,816s][info][gc] GC(1597) Pause Young (Normal) (G1 Evacuation Pause) 445M->319M(512M) 8,071ms
[2020-11-04T20:37:48.430+0300][116,840s][info][gc] GC(1598) Pause Young (Concurrent Start) (G1 Humongous Allocation) 336M->319M(512M) 8,123ms
[2020-11-04T20:37:48.430+0300][116,840s][info][gc] GC(1599) Concurrent Cycle
[2020-11-04T20:37:48.487+0300][116,897s][info][gc] GC(1600) Pause Young (Normal) (G1 Evacuation Pause) 451M->327M(512M) 6,590ms
[2020-11-04T20:37:48.503+0300][116,913s][info][gc] GC(1599) Pause Remark 349M->285M(512M) 0,736ms
[2020-11-04T20:37:48.549+0300][116,959s][info][gc] GC(1599) Pause Cleanup 379M->379M(512M) 0,172ms
[2020-11-04T20:37:48.549+0300][116,959s][info][gc] GC(1599) Concurrent Cycle 118,837ms
[2020-11-04T20:37:48.555+0300][116,965s][info][gc] GC(1601) Pause Young (Prepare Mixed) (G1 Evacuation Pause) 381M->259M(512M) 5,127ms
[2020-11-04T20:37:48.570+0300][116,980s][info][gc] GC(1602) Pause Young (Mixed) (G1 Evacuation Pause) 275M->225M(512M) 9,320ms
[2020-11-04T20:37:48.653+0300][117,063s][info][gc] GC(1603) Pause Young (Normal) (G1 Evacuation Pause) 443M->231M(512M) 5,499ms
[2020-11-04T20:37:48.737+0300][117,147s][info][gc] GC(1604) Pause Young (Normal) (G1 Evacuation Pause) 444M->237M(512M) 9,636ms
[2020-11-04T20:37:48.821+0300][117,231s][info][gc] GC(1605) Pause Young (Concurrent Start) (G1 Evacuation Pause) 443M->244M(512M) 9,723ms
[2020-11-04T20:37:48.821+0300][117,231s][info][gc] GC(1606) Concurrent Cycle
[2020-11-04T20:37:48.905+0300][117,315s][info][gc] GC(1607) Pause Young (Normal) (G1 Evacuation Pause) 438M->250M(512M) 11,068ms
[2020-11-04T20:37:48.918+0300][117,328s][info][gc] GC(1606) Pause Remark 279M->276M(512M) 1,393ms
[2020-11-04T20:37:48.961+0300][117,371s][info][gc] GC(1606) Pause Cleanup 391M->391M(512M) 0,181ms
[2020-11-04T20:37:48.961+0300][117,371s][info][gc] GC(1606) Concurrent Cycle 140,331ms
[2020-11-04T20:37:48.987+0300][117,397s][info][gc] GC(1608) Pause Young (Normal) (G1 Evacuation Pause) 434M->253M(512M) 10,910ms
[2020-11-04T20:37:49.062+0300][117,472s][info][gc] GC(1609) Pause Young (Concurrent Start) (G1 Evacuation Pause) 439M->259M(512M) 10,634ms
[2020-11-04T20:37:49.062+0300][117,472s][info][gc] GC(1610) Concurrent Cycle
[2020-11-04T20:37:49.145+0300][117,555s][info][gc] GC(1610) Pause Remark 426M->426M(512M) 0,772ms
[2020-11-04T20:37:49.161+0300][117,571s][info][gc] GC(1611) Pause Young (Normal) (G1 Evacuation Pause) 440M->264M(512M) 9,894ms
[2020-11-04T20:37:49.202+0300][117,612s][info][gc] GC(1610) Pause Cleanup 378M->378M(512M) 0,198ms
[2020-11-04T20:37:49.203+0300][117,613s][info][gc] GC(1610) Concurrent Cycle 140,390ms
[2020-11-04T20:37:49.234+0300][117,644s][info][gc] GC(1612) Pause Young (Normal) (G1 Evacuation Pause) 439M->269M(512M) 9,899ms
[2020-11-04T20:37:49.304+0300][117,713s][info][gc] GC(1613) Pause Young (Concurrent Start) (G1 Evacuation Pause) 441M->275M(512M) 9,740ms
[2020-11-04T20:37:49.304+0300][117,714s][info][gc] GC(1614) Concurrent Cycle
[2020-11-04T20:37:49.376+0300][117,786s][info][gc] GC(1615) Pause Young (Normal) (G1 Evacuation Pause) 441M->280M(512M) 9,185ms
[2020-11-04T20:37:49.407+0300][117,817s][info][gc] GC(1614) Pause Remark 361M->361M(512M) 0,926ms
[2020-11-04T20:37:49.444+0300][117,854s][info][gc] GC(1616) Pause Young (Normal) (G1 Evacuation Pause) 440M->285M(512M) 8,779ms
[2020-11-04T20:37:49.479+0300][117,889s][info][gc] GC(1614) Pause Cleanup 381M->381M(512M) 0,210ms
[2020-11-04T20:37:49.480+0300][117,889s][info][gc] GC(1614) Concurrent Cycle 175,942ms
[2020-11-04T20:37:49.512+0300][117,922s][info][gc] GC(1617) Pause Young (Normal) (G1 Evacuation Pause) 440M->290M(512M) 9,320ms
[2020-11-04T20:37:49.575+0300][117,985s][info][gc] GC(1618) Pause Young (Concurrent Start) (G1 Evacuation Pause) 442M->294M(512M) 9,067ms
[2020-11-04T20:37:49.575+0300][117,985s][info][gc] GC(1619) Concurrent Cycle
[2020-11-04T20:37:49.640+0300][118,050s][info][gc] GC(1620) Pause Young (Normal) (G1 Evacuation Pause) 443M->299M(512M) 8,373ms
[2020-11-04T20:37:49.681+0300][118,090s][info][gc] GC(1619) Pause Remark 361M->361M(512M) 0,753ms
[2020-11-04T20:37:49.718+0300][118,128s][info][gc] GC(1621) Pause Young (Normal) (G1 Evacuation Pause) 443M->303M(512M) 7,970ms
[2020-11-04T20:37:49.755+0300][118,165s][info][gc] GC(1619) Pause Cleanup 357M->357M(512M) 0,247ms
[2020-11-04T20:37:49.755+0300][118,165s][info][gc] GC(1619) Concurrent Cycle 180,138ms
[2020-11-04T20:37:49.793+0300][118,203s][info][gc] GC(1622) Pause Young (Normal) (G1 Evacuation Pause) 442M->307M(512M) 8,531ms
[2020-11-04T20:37:49.849+0300][118,259s][info][gc] GC(1623) Pause Young (Concurrent Start) (G1 Evacuation Pause) 443M->312M(512M) 8,067ms
[2020-11-04T20:37:49.849+0300][118,259s][info][gc] GC(1624) Concurrent Cycle
[2020-11-04T20:37:49.906+0300][118,316s][info][gc] GC(1625) Pause Young (Normal) (G1 Evacuation Pause) 443M->316M(512M) 7,773ms
[2020-11-04T20:37:49.963+0300][118,373s][info][gc] GC(1626) Pause Young (Normal) (G1 Evacuation Pause) 445M->320M(512M) 7,559ms
[2020-11-04T20:37:49.980+0300][118,390s][info][gc] GC(1624) Pause Remark 338M->338M(512M) 0,838ms
[2020-11-04T20:37:50.027+0300][118,437s][info][gc] GC(1627) Pause Young (Normal) (G1 Evacuation Pause) 449M->328M(512M) 7,746ms
[2020-11-04T20:37:50.058+0300][118,468s][info][gc] GC(1624) Pause Cleanup 373M->373M(512M) 0,202ms
[2020-11-04T20:37:50.058+0300][118,468s][info][gc] GC(1624) Concurrent Cycle 209,230ms
[2020-11-04T20:37:50.090+0300][118,500s][info][gc] GC(1628) Pause Young (Normal) (G1 Evacuation Pause) 444M->331M(512M) 7,399ms
[2020-11-04T20:37:50.139+0300][118,549s][info][gc] GC(1629) Pause Young (Concurrent Start) (G1 Evacuation Pause) 445M->335M(512M) 9,118ms
[2020-11-04T20:37:50.139+0300][118,549s][info][gc] GC(1630) Concurrent Cycle
[2020-11-04T20:37:50.188+0300][118,598s][info][gc] GC(1631) Pause Young (Normal) (G1 Evacuation Pause) 445M->338M(512M) 7,120ms
[2020-11-04T20:37:50.211+0300][118,621s][info][gc] GC(1630) Pause Remark 396M->321M(512M) 0,752ms
[2020-11-04T20:37:50.237+0300][118,647s][info][gc] GC(1632) Pause Young (Normal) (G1 Evacuation Pause) 371M->267M(512M) 6,890ms
[2020-11-04T20:37:50.260+0300][118,670s][info][gc] GC(1630) Pause Cleanup 330M->330M(512M) 0,220ms
[2020-11-04T20:37:50.261+0300][118,670s][info][gc] GC(1630) Concurrent Cycle 121,514ms
[2020-11-04T20:37:50.309+0300][118,719s][info][gc] GC(1633) Pause Young (Prepare Mixed) (G1 Evacuation Pause) 446M->272M(512M) 8,040ms
[2020-11-04T20:37:50.325+0300][118,735s][info][gc] GC(1634) Pause Young (Mixed) (G1 Evacuation Pause) 280M->241M(512M) 12,979ms
[2020-11-04T20:37:50.400+0300][118,810s][info][gc] GC(1635) Pause Young (Normal) (G1 Evacuation Pause) 444M->247M(512M) 4,715ms
[2020-11-04T20:37:50.476+0300][118,886s][info][gc] GC(1636) Pause Young (Normal) (G1 Evacuation Pause) 445M->253M(512M) 7,296ms
[2020-11-04T20:37:50.551+0300][118,961s][info][gc] GC(1637) Pause Young (Concurrent Start) (G1 Evacuation Pause) 445M->259M(512M) 9,113ms
[2020-11-04T20:37:50.551+0300][118,961s][info][gc] GC(1638) Concurrent Cycle
[2020-11-04T20:37:50.631+0300][119,041s][info][gc] GC(1639) Pause Young (Normal) (G1 Evacuation Pause) 439M->264M(512M) 10,682ms
[2020-11-04T20:37:50.637+0300][119,047s][info][gc] GC(1638) Pause Remark 278M->275M(512M) 0,654ms
[2020-11-04T20:37:50.684+0300][119,094s][info][gc] GC(1638) Pause Cleanup 401M->401M(512M) 0,169ms
[2020-11-04T20:37:50.685+0300][119,095s][info][gc] GC(1638) Concurrent Cycle 133,131ms
[2020-11-04T20:37:50.707+0300][119,117s][info][gc] GC(1640) Pause Young (Normal) (G1 Evacuation Pause) 436M->267M(512M) 10,094ms
[2020-11-04T20:37:50.778+0300][119,188s][info][gc] GC(1641) Pause Young (Concurrent Start) (G1 Evacuation Pause) 440M->272M(512M) 11,300ms
[2020-11-04T20:37:50.778+0300][119,188s][info][gc] GC(1642) Concurrent Cycle
[2020-11-04T20:37:50.852+0300][119,262s][info][gc] GC(1643) Pause Young (Normal) (G1 Evacuation Pause) 441M->277M(512M) 9,108ms
[2020-11-04T20:37:50.871+0300][119,281s][info][gc] GC(1642) Pause Remark 304M->304M(512M) 0,651ms
[2020-11-04T20:37:50.931+0300][119,341s][info][gc] GC(1644) Pause Young (Normal) (G1 Evacuation Pause) 442M->282M(512M) 8,943ms
[2020-11-04T20:37:50.931+0300][119,341s][info][gc] GC(1642) Pause Cleanup 282M->282M(512M) 0,180ms
[2020-11-04T20:37:50.932+0300][119,342s][info][gc] GC(1642) Concurrent Cycle 153,453ms
[2020-11-04T20:37:50.995+0300][119,405s][info][gc] GC(1645) Pause Young (Normal) (G1 Evacuation Pause) 440M->287M(512M) 9,139ms
[2020-11-04T20:37:51.059+0300][119,469s][info][gc] GC(1646) Pause Young (Concurrent Start) (G1 Evacuation Pause) 441M->292M(512M) 9,671ms
[2020-11-04T20:37:51.059+0300][119,469s][info][gc] GC(1647) Concurrent Cycle
[2020-11-04T20:37:51.125+0300][119,535s][info][gc] GC(1648) Pause Young (Normal) (G1 Evacuation Pause) 443M->297M(512M) 8,637ms
[2020-11-04T20:37:51.157+0300][119,567s][info][gc] GC(1647) Pause Remark 378M->378M(512M) 0,659ms
[2020-11-04T20:37:51.189+0300][119,599s][info][gc] GC(1649) Pause Young (Normal) (G1 Evacuation Pause) 443M->302M(512M) 8,104ms
[2020-11-04T20:37:51.235+0300][119,645s][info][gc] GC(1647) Pause Cleanup 429M->429M(512M) 0,240ms
[2020-11-04T20:37:51.235+0300][119,645s][info][gc] GC(1647) Concurrent Cycle 176,509ms
[2020-11-04T20:37:51.248+0300][119,658s][info][gc] GC(1650) Pause Young (Normal) (G1 Evacuation Pause) 443M->306M(512M) 8,445ms
[2020-11-04T20:37:51.305+0300][119,715s][info][gc] GC(1651) Pause Young (Concurrent Start) (G1 Evacuation Pause) 444M->311M(512M) 8,519ms
[2020-11-04T20:37:51.305+0300][119,715s][info][gc] GC(1652) Concurrent Cycle
[2020-11-04T20:37:51.364+0300][119,774s][info][gc] GC(1653) Pause Young (Normal) (G1 Evacuation Pause) 444M->315M(512M) 7,635ms
[2020-11-04T20:37:51.410+0300][119,820s][info][gc] GC(1652) Pause Remark 433M->433M(512M) 0,867ms
[2020-11-04T20:37:51.422+0300][119,832s][info][gc] GC(1654) Pause Young (Normal) (G1 Evacuation Pause) 444M->318M(512M) 7,654ms
[2020-11-04T20:37:51.478+0300][119,888s][info][gc] GC(1652) Pause Cleanup 448M->448M(512M) 0,263ms
[2020-11-04T20:37:51.479+0300][119,889s][info][gc] GC(1652) Concurrent Cycle 173,774ms
[2020-11-04T20:37:51.487+0300][119,897s][info][gc] GC(1655) Pause Young (Normal) (G1 Evacuation Pause) 449M->326M(512M) 7,986ms
[2020-11-04T20:37:51.538+0300][119,948s][info][gc] GC(1656) Pause Young (Concurrent Start) (G1 Evacuation Pause) 444M->330M(512M) 9,160ms
[2020-11-04T20:37:51.538+0300][119,948s][info][gc] GC(1657) Concurrent Cycle
[2020-11-04T20:37:51.588+0300][119,998s][info][gc] GC(1658) Pause Young (Normal) (G1 Evacuation Pause) 444M->333M(512M) 6,748ms
[2020-11-04T20:37:51.609+0300][120,019s][info][gc] GC(1657) Pause Remark 386M->320M(512M) 0,668ms
[2020-11-04T20:37:51.637+0300][120,047s][info][gc] GC(1659) Pause Young (Normal) (G1 Evacuation Pause) 379M->268M(512M) 5,632ms
[2020-11-04T20:37:51.657+0300][120,067s][info][gc] GC(1657) Pause Cleanup 322M->322M(512M) 0,196ms
[2020-11-04T20:37:51.658+0300][120,068s][info][gc] GC(1657) Concurrent Cycle 119,798ms
[2020-11-04T20:37:51.709+0300][120,119s][info][gc] GC(1660) Pause Young (Prepare Mixed) (G1 Evacuation Pause) 446M->273M(512M) 8,349ms
[2020-11-04T20:37:51.724+0300][120,134s][info][gc] GC(1661) Pause Young (Mixed) (G1 Evacuation Pause) 281M->242M(512M) 12,616ms
[2020-11-04T20:37:51.800+0300][120,210s][info][gc] GC(1662) Pause Young (Normal) (G1 Evacuation Pause) 444M->247M(512M) 4,928ms
[2020-11-04T20:37:51.876+0300][120,286s][info][gc] GC(1663) Pause Young (Normal) (G1 Evacuation Pause) 444M->253M(512M) 7,436ms
[2020-11-04T20:37:51.953+0300][120,363s][info][gc] GC(1664) Pause Young (Concurrent Start) (G1 Evacuation Pause) 444M->259M(512M) 9,381ms
[2020-11-04T20:37:51.953+0300][120,363s][info][gc] GC(1665) Concurrent Cycle
[2020-11-04T20:37:52.032+0300][120,442s][info][gc] GC(1666) Pause Young (Normal) (G1 Evacuation Pause) 438M->265M(512M) 10,423ms
[2020-11-04T20:37:52.036+0300][120,446s][info][gc] GC(1665) Pause Remark 274M->268M(512M) 0,639ms
[2020-11-04T20:37:52.081+0300][120,491s][info][gc] GC(1665) Pause Cleanup 393M->393M(512M) 0,185ms
[2020-11-04T20:37:52.082+0300][120,492s][info][gc] GC(1665) Concurrent Cycle 128,923ms
[2020-11-04T20:37:52.106+0300][120,516s][info][gc] GC(1667) Pause Young (Normal) (G1 Evacuation Pause) 434M->264M(512M) 10,012ms
[2020-11-04T20:37:52.177+0300][120,587s][info][gc] GC(1668) Pause Young (Concurrent Start) (G1 Evacuation Pause) 441M->270M(512M) 9,888ms
[2020-11-04T20:37:52.177+0300][120,587s][info][gc] GC(1669) Concurrent Cycle
[2020-11-04T20:37:52.251+0300][120,661s][info][gc] GC(1670) Pause Young (Normal) (G1 Evacuation Pause) 441M->275M(512M) 9,592ms
[2020-11-04T20:37:52.284+0300][120,694s][info][gc] GC(1669) Pause Remark 355M->355M(512M) 1,482ms
[2020-11-04T20:37:52.324+0300][120,734s][info][gc] GC(1671) Pause Young (Normal) (G1 Evacuation Pause) 440M->280M(512M) 9,051ms
[2020-11-04T20:37:52.343+0300][120,753s][info][gc] GC(1669) Pause Cleanup 333M->333M(512M) 0,235ms
[2020-11-04T20:37:52.344+0300][120,754s][info][gc] GC(1669) Concurrent Cycle 166,087ms
[2020-11-04T20:37:52.391+0300][120,801s][info][gc] GC(1672) Pause Young (Normal) (G1 Evacuation Pause) 440M->286M(512M) 9,444ms
[2020-11-04T20:37:52.454+0300][120,864s][info][gc] GC(1673) Pause Young (Concurrent Start) (G1 Evacuation Pause) 441M->290M(512M) 9,247ms
[2020-11-04T20:37:52.454+0300][120,864s][info][gc] GC(1674) Concurrent Cycle
[2020-11-04T20:37:52.520+0300][120,930s][info][gc] GC(1675) Pause Young (Normal) (G1 Evacuation Pause) 441M->295M(512M) 8,820ms
[2020-11-04T20:37:52.557+0300][120,967s][info][gc] GC(1674) Pause Remark 347M->347M(512M) 0,741ms
[2020-11-04T20:37:52.629+0300][121,039s][info][gc] GC(1676) Pause Young (Normal) (G1 Evacuation Pause) 443M->299M(512M) 8,358ms
[2020-11-04T20:37:52.636+0300][121,046s][info][gc] GC(1674) Pause Cleanup 316M->316M(512M) 0,220ms
[2020-11-04T20:37:52.636+0300][121,046s][info][gc] GC(1674) Concurrent Cycle 182,452ms
[2020-11-04T20:37:52.688+0300][121,098s][info][gc] GC(1677) Pause Young (Normal) (G1 Evacuation Pause) 442M->304M(512M) 8,574ms
[2020-11-04T20:37:52.745+0300][121,155s][info][gc] GC(1678) Pause Young (Concurrent Start) (G1 Evacuation Pause) 442M->308M(512M) 8,510ms
[2020-11-04T20:37:52.745+0300][121,155s][info][gc] GC(1679) Concurrent Cycle
[2020-11-04T20:37:52.804+0300][121,214s][info][gc] GC(1680) Pause Young (Normal) (G1 Evacuation Pause) 444M->312M(512M) 7,933ms
[2020-11-04T20:37:52.861+0300][121,271s][info][gc] GC(1681) Pause Young (Normal) (G1 Evacuation Pause) 443M->316M(512M) 7,630ms
[2020-11-04T20:37:52.871+0300][121,281s][info][gc] GC(1679) Pause Remark 339M->339M(512M) 0,764ms
[2020-11-04T20:37:52.917+0300][121,327s][info][gc] GC(1682) Pause Young (Normal) (G1 Evacuation Pause) 445M->320M(512M) 7,436ms
[2020-11-04T20:37:52.940+0300][121,350s][info][gc] GC(1679) Pause Cleanup 382M->382M(512M) 0,198ms
[2020-11-04T20:37:52.941+0300][121,351s][info][gc] GC(1679) Concurrent Cycle 195,628ms
[2020-11-04T20:37:52.970+0300][121,379s][info][gc] GC(1683) Pause Young (Normal) (G1 Evacuation Pause) 444M->324M(512M) 7,827ms
[2020-11-04T20:37:53.013+0300][121,423s][info][gc] GC(1684) Pause Young (Concurrent Start) (G1 Humongous Allocation) 394M->326M(512M) 8,314ms
[2020-11-04T20:37:53.013+0300][121,423s][info][gc] GC(1685) Concurrent Cycle
[2020-11-04T20:37:53.067+0300][121,477s][info][gc] GC(1686) Pause Young (Normal) (G1 Evacuation Pause) 452M->334M(512M) 6,923ms
[2020-11-04T20:37:53.085+0300][121,495s][info][gc] GC(1685) Pause Remark 380M->318M(512M) 0,853ms
[2020-11-04T20:37:53.114+0300][121,524s][info][gc] GC(1687) Pause Young (Normal) (G1 Evacuation Pause) 384M->270M(512M) 4,868ms
[2020-11-04T20:37:53.140+0300][121,550s][info][gc] GC(1685) Pause Cleanup 342M->342M(512M) 0,165ms
[2020-11-04T20:37:53.141+0300][121,551s][info][gc] GC(1685) Concurrent Cycle 128,192ms
[2020-11-04T20:37:53.187+0300][121,597s][info][gc] GC(1688) Pause Young (Prepare Mixed) (G1 Evacuation Pause) 446M->275M(512M) 7,394ms
[2020-11-04T20:37:53.204+0300][121,614s][info][gc] GC(1689) Pause Young (Mixed) (G1 Evacuation Pause) 287M->240M(512M) 11,591ms
[2020-11-04T20:37:53.279+0300][121,689s][info][gc] GC(1690) Pause Young (Normal) (G1 Evacuation Pause) 444M->246M(512M) 5,082ms
[2020-11-04T20:37:53.357+0300][121,767s][info][gc] GC(1691) Pause Young (Normal) (G1 Evacuation Pause) 445M->252M(512M) 7,480ms
[2020-11-04T20:37:53.434+0300][121,844s][info][gc] GC(1692) Pause Young (Concurrent Start) (G1 Evacuation Pause) 445M->258M(512M) 9,315ms
[2020-11-04T20:37:53.434+0300][121,844s][info][gc] GC(1693) Concurrent Cycle
[2020-11-04T20:37:53.513+0300][121,923s][info][gc] GC(1694) Pause Young (Normal) (G1 Evacuation Pause) 439M->264M(512M) 10,261ms
[2020-11-04T20:37:53.516+0300][121,926s][info][gc] GC(1693) Pause Remark 270M->264M(512M) 0,786ms
[2020-11-04T20:37:53.561+0300][121,971s][info][gc] GC(1693) Pause Cleanup 387M->387M(512M) 0,190ms
[2020-11-04T20:37:53.562+0300][121,972s][info][gc] GC(1693) Concurrent Cycle 128,357ms
[2020-11-04T20:37:53.588+0300][121,998s][info][gc] GC(1695) Pause Young (Normal) (G1 Evacuation Pause) 432M->263M(512M) 10,264ms
[2020-11-04T20:37:53.660+0300][122,070s][info][gc] GC(1696) Pause Young (Concurrent Start) (G1 Evacuation Pause) 439M->269M(512M) 10,339ms
[2020-11-04T20:37:53.660+0300][122,070s][info][gc] GC(1697) Concurrent Cycle
[2020-11-04T20:37:53.735+0300][122,145s][info][gc] GC(1698) Pause Young (Normal) (G1 Evacuation Pause) 441M->274M(512M) 9,286ms
[2020-11-04T20:37:53.747+0300][122,157s][info][gc] GC(1697) Pause Remark 304M->304M(512M) 0,665ms
[2020-11-04T20:37:53.798+0300][122,208s][info][gc] GC(1697) Pause Cleanup 440M->440M(512M) 0,182ms
[2020-11-04T20:37:53.798+0300][122,208s][info][gc] GC(1697) Concurrent Cycle 138,188ms
[2020-11-04T20:37:53.808+0300][122,218s][info][gc] GC(1699) Pause Young (Normal) (G1 Evacuation Pause) 441M->280M(512M) 9,303ms
[2020-11-04T20:37:53.873+0300][122,283s][info][gc] GC(1700) Pause Young (Concurrent Start) (G1 Evacuation Pause) 441M->284M(512M) 9,689ms
[2020-11-04T20:37:53.874+0300][122,283s][info][gc] GC(1701) Concurrent Cycle
[2020-11-04T20:37:53.943+0300][122,353s][info][gc] GC(1702) Pause Young (Normal) (G1 Evacuation Pause) 442M->289M(512M) 8,702ms
[2020-11-04T20:37:53.968+0300][122,378s][info][gc] GC(1701) Pause Remark 352M->352M(512M) 0,744ms
[2020-11-04T20:37:54.009+0300][122,419s][info][gc] GC(1703) Pause Young (Normal) (G1 Evacuation Pause) 441M->294M(512M) 8,550ms
[2020-11-04T20:37:54.031+0300][122,441s][info][gc] GC(1701) Pause Cleanup 354M->354M(512M) 0,210ms
[2020-11-04T20:37:54.032+0300][122,442s][info][gc] GC(1701) Concurrent Cycle 158,443ms
[2020-11-04T20:37:54.071+0300][122,481s][info][gc] GC(1704) Pause Young (Normal) (G1 Evacuation Pause) 441M->299M(512M) 8,810ms
[2020-11-04T20:37:54.129+0300][122,539s][info][gc] GC(1705) Pause Young (Concurrent Start) (G1 Evacuation Pause) 441M->303M(512M) 8,469ms
[2020-11-04T20:37:54.129+0300][122,539s][info][gc] GC(1706) Concurrent Cycle
[2020-11-04T20:37:54.209+0300][122,619s][info][gc] GC(1707) Pause Young (Normal) (G1 Evacuation Pause) 444M->308M(512M) 8,106ms
[2020-11-04T20:37:54.238+0300][122,648s][info][gc] GC(1706) Pause Remark 383M->383M(512M) 0,746ms
[2020-11-04T20:37:54.269+0300][122,679s][info][gc] GC(1708) Pause Young (Normal) (G1 Evacuation Pause) 444M->312M(512M) 8,230ms
[2020-11-04T20:37:54.306+0300][122,716s][info][gc] GC(1706) Pause Cleanup 414M->414M(512M) 0,234ms
[2020-11-04T20:37:54.306+0300][122,716s][info][gc] GC(1706) Concurrent Cycle 177,441ms
[2020-11-04T20:37:54.325+0300][122,735s][info][gc] GC(1709) Pause Young (Normal) (G1 Evacuation Pause) 444M->316M(512M) 8,313ms
[2020-11-04T20:37:54.378+0300][122,788s][info][gc] GC(1710) Pause Young (Concurrent Start) (G1 Evacuation Pause) 444M->320M(512M) 8,107ms
[2020-11-04T20:37:54.378+0300][122,788s][info][gc] GC(1711) Concurrent Cycle
[2020-11-04T20:37:54.433+0300][122,843s][info][gc] GC(1712) Pause Young (Normal) (G1 Evacuation Pause) 445M->324M(512M) 7,506ms
[2020-11-04T20:37:54.487+0300][122,897s][info][gc] GC(1713) Pause Young (Normal) (G1 Evacuation Pause) 445M->327M(512M) 7,059ms
[2020-11-04T20:37:54.494+0300][122,904s][info][gc] GC(1711) Pause Remark 343M->343M(512M) 0,519ms
[2020-11-04T20:37:54.549+0300][122,959s][info][gc] GC(1714) Pause Young (Normal) (G1 Evacuation Pause) 450M->335M(512M) 7,195ms
[2020-11-04T20:37:54.565+0300][122,975s][info][gc] GC(1711) Pause Cleanup 379M->379M(512M) 0,208ms
[2020-11-04T20:37:54.566+0300][122,976s][info][gc] GC(1711) Concurrent Cycle 187,767ms
[2020-11-04T20:37:54.596+0300][123,006s][info][gc] GC(1715) Pause Young (Normal) (G1 Evacuation Pause) 446M->339M(512M) 7,352ms
[2020-11-04T20:37:54.641+0300][123,051s][info][gc] GC(1716) Pause Young (Concurrent Start) (G1 Evacuation Pause) 446M->342M(512M) 7,271ms
[2020-11-04T20:37:54.641+0300][123,051s][info][gc] GC(1717) Concurrent Cycle
[2020-11-04T20:37:54.688+0300][123,098s][info][gc] GC(1718) Pause Young (Normal) (G1 Evacuation Pause) 447M->345M(512M) 6,509ms
[2020-11-04T20:37:54.715+0300][123,125s][info][gc] GC(1717) Pause Remark 413M->341M(512M) 0,638ms
[2020-11-04T20:37:54.733+0300][123,143s][info][gc] GC(1719) Pause Young (Normal) (G1 Evacuation Pause) 374M->277M(512M) 6,334ms
[2020-11-04T20:37:54.764+0300][123,174s][info][gc] GC(1717) Pause Cleanup 361M->361M(512M) 0,213ms
[2020-11-04T20:37:54.765+0300][123,175s][info][gc] GC(1717) Concurrent Cycle 123,654ms
[2020-11-04T20:37:54.802+0300][123,212s][info][gc] GC(1720) Pause Young (Prepare Mixed) (G1 Evacuation Pause) 447M->281M(512M) 7,925ms
[2020-11-04T20:37:54.818+0300][123,228s][info][gc] GC(1721) Pause Young (Mixed) (G1 Evacuation Pause) 291M->249M(512M) 11,843ms
[2020-11-04T20:37:54.891+0300][123,301s][info][gc] GC(1722) Pause Young (Normal) (G1 Evacuation Pause) 445M->253M(512M) 5,211ms
[2020-11-04T20:37:54.965+0300][123,375s][info][gc] GC(1723) Pause Young (Normal) (G1 Evacuation Pause) 444M->259M(512M) 7,460ms
[2020-11-04T20:37:55.039+0300][123,449s][info][gc] GC(1724) Pause Young (Concurrent Start) (G1 Evacuation Pause) 444M->265M(512M) 9,082ms
[2020-11-04T20:37:55.039+0300][123,449s][info][gc] GC(1725) Concurrent Cycle
[2020-11-04T20:37:55.115+0300][123,525s][info][gc] GC(1726) Pause Young (Normal) (G1 Evacuation Pause) 440M->270M(512M) 9,983ms
[2020-11-04T20:37:55.124+0300][123,534s][info][gc] GC(1725) Pause Remark 292M->290M(512M) 0,752ms
[2020-11-04T20:37:55.172+0300][123,582s][info][gc] GC(1725) Pause Cleanup 421M->421M(512M) 0,232ms
[2020-11-04T20:37:55.173+0300][123,583s][info][gc] GC(1725) Concurrent Cycle 133,809ms
[2020-11-04T20:37:55.191+0300][123,601s][info][gc] GC(1727) Pause Young (Normal) (G1 Evacuation Pause) 439M->274M(512M) 9,693ms
[2020-11-04T20:37:55.259+0300][123,668s][info][gc] GC(1728) Pause Young (Concurrent Start) (G1 Evacuation Pause) 441M->279M(512M) 9,574ms
[2020-11-04T20:37:55.259+0300][123,669s][info][gc] GC(1729) Concurrent Cycle
[2020-11-04T20:37:55.329+0300][123,739s][info][gc] GC(1730) Pause Young (Normal) (G1 Evacuation Pause) 440M->284M(512M) 8,885ms
[2020-11-04T20:37:55.364+0300][123,774s][info][gc] GC(1729) Pause Remark 374M->374M(512M) 0,950ms
[2020-11-04T20:37:55.398+0300][123,808s][info][gc] GC(1731) Pause Young (Normal) (G1 Evacuation Pause) 442M->289M(512M) 8,974ms
[2020-11-04T20:37:55.425+0300][123,835s][info][gc] GC(1729) Pause Cleanup 364M->364M(512M) 0,189ms
[2020-11-04T20:37:55.426+0300][123,836s][info][gc] GC(1729) Concurrent Cycle 167,133ms
[2020-11-04T20:37:55.462+0300][123,872s][info][gc] GC(1732) Pause Young (Normal) (G1 Evacuation Pause) 442M->294M(512M) 8,838ms
[2020-11-04T20:37:55.522+0300][123,931s][info][gc] GC(1733) Pause Young (Concurrent Start) (G1 Evacuation Pause) 441M->298M(512M) 8,639ms
[2020-11-04T20:37:55.522+0300][123,932s][info][gc] GC(1734) Concurrent Cycle
[2020-11-04T20:37:55.585+0300][123,995s][info][gc] GC(1735) Pause Young (Normal) (G1 Evacuation Pause) 442M->303M(512M) 8,186ms
[2020-11-04T20:37:55.620+0300][124,030s][info][gc] GC(1734) Pause Remark 393M->393M(512M) 0,637ms
[2020-11-04T20:37:55.646+0300][124,056s][info][gc] GC(1736) Pause Young (Normal) (G1 Evacuation Pause) 442M->307M(512M) 8,039ms
[2020-11-04T20:37:55.685+0300][124,095s][info][gc] GC(1734) Pause Cleanup 415M->415M(512M) 0,183ms
[2020-11-04T20:37:55.686+0300][124,096s][info][gc] GC(1734) Concurrent Cycle 164,009ms
[2020-11-04T20:37:55.707+0300][124,117s][info][gc] GC(1737) Pause Young (Normal) (G1 Evacuation Pause) 444M->312M(512M) 8,656ms
[2020-11-04T20:37:55.762+0300][124,172s][info][gc] GC(1738) Pause Young (Concurrent Start) (G1 Evacuation Pause) 444M->315M(512M) 8,285ms
[2020-11-04T20:37:55.762+0300][124,172s][info][gc] GC(1739) Concurrent Cycle
[2020-11-04T20:37:55.820+0300][124,230s][info][gc] GC(1740) Pause Young (Normal) (G1 Evacuation Pause) 445M->320M(512M) 7,927ms
[2020-11-04T20:37:55.875+0300][124,285s][info][gc] GC(1741) Pause Young (Normal) (G1 Evacuation Pause) 445M->324M(512M) 7,824ms
[2020-11-04T20:37:55.876+0300][124,286s][info][gc] GC(1739) Pause Remark 324M->324M(512M) 0,532ms
[2020-11-04T20:37:55.927+0300][124,337s][info][gc] GC(1742) Pause Young (Normal) (G1 Evacuation Pause) 445M->327M(512M) 7,392ms
[2020-11-04T20:37:55.946+0300][124,356s][info][gc] GC(1739) Pause Cleanup 379M->379M(512M) 0,223ms
[2020-11-04T20:37:55.946+0300][124,356s][info][gc] GC(1739) Concurrent Cycle 184,558ms
[2020-11-04T20:37:55.977+0300][124,387s][info][gc] GC(1743) Pause Young (Normal) (G1 Evacuation Pause) 446M->331M(512M) 7,463ms
[2020-11-04T20:37:56.010+0300][124,420s][info][gc] GC(1744) Pause Young (Concurrent Start) (G1 Humongous Allocation) 372M->332M(512M) 8,119ms
[2020-11-04T20:37:56.010+0300][124,420s][info][gc] GC(1745) Concurrent Cycle
[2020-11-04T20:37:56.063+0300][124,473s][info][gc] GC(1746) Pause Young (Normal) (G1 Evacuation Pause) 453M->340M(512M) 6,322ms
[2020-11-04T20:37:56.084+0300][124,494s][info][gc] GC(1745) Pause Remark 391M->324M(512M) 1,788ms
[2020-11-04T20:37:56.109+0300][124,519s][info][gc] GC(1747) Pause Young (Normal) (G1 Evacuation Pause) 380M->271M(512M) 4,493ms
[2020-11-04T20:37:56.132+0300][124,542s][info][gc] GC(1745) Pause Cleanup 332M->332M(512M) 0,187ms
[2020-11-04T20:37:56.132+0300][124,542s][info][gc] GC(1745) Concurrent Cycle 121,680ms
[2020-11-04T20:37:56.178+0300][124,588s][info][gc] GC(1748) Pause Young (Prepare Mixed) (G1 Evacuation Pause) 445M->276M(512M) 6,964ms
[2020-11-04T20:37:56.193+0300][124,603s][info][gc] GC(1749) Pause Young (Mixed) (G1 Evacuation Pause) 288M->245M(512M) 10,061ms
[2020-11-04T20:37:56.270+0300][124,680s][info][gc] GC(1750) Pause Young (Normal) (G1 Evacuation Pause) 445M->250M(512M) 4,978ms
[2020-11-04T20:37:56.345+0300][124,755s][info][gc] GC(1751) Pause Young (Normal) (G1 Evacuation Pause) 444M->256M(512M) 7,206ms
[2020-11-04T20:37:56.419+0300][124,829s][info][gc] GC(1752) Pause Young (Concurrent Start) (G1 Evacuation Pause) 444M->262M(512M) 9,088ms
[2020-11-04T20:37:56.419+0300][124,829s][info][gc] GC(1753) Concurrent Cycle
[2020-11-04T20:37:56.498+0300][124,908s][info][gc] GC(1754) Pause Young (Normal) (G1 Evacuation Pause) 438M->267M(512M) 11,112ms
[2020-11-04T20:37:56.504+0300][124,914s][info][gc] GC(1753) Pause Remark 282M->277M(512M) 0,783ms
[2020-11-04T20:37:56.561+0300][124,971s][info][gc] GC(1753) Pause Cleanup 432M->432M(512M) 0,186ms
[2020-11-04T20:37:56.561+0300][124,971s][info][gc] GC(1753) Concurrent Cycle 142,004ms
[2020-11-04T20:37:56.572+0300][124,982s][info][gc] GC(1755) Pause Young (Normal) (G1 Evacuation Pause) 434M->269M(512M) 9,955ms
[2020-11-04T20:37:56.641+0300][125,051s][info][gc] GC(1756) Pause Young (Concurrent Start) (G1 Evacuation Pause) 440M->273M(512M) 9,784ms
[2020-11-04T20:37:56.641+0300][125,051s][info][gc] GC(1757) Concurrent Cycle
[2020-11-04T20:37:56.715+0300][125,125s][info][gc] GC(1758) Pause Young (Normal) (G1 Evacuation Pause) 440M->279M(512M) 9,436ms
[2020-11-04T20:37:56.730+0300][125,140s][info][gc] GC(1757) Pause Remark 316M->316M(512M) 0,785ms
[2020-11-04T20:37:56.784+0300][125,194s][info][gc] GC(1759) Pause Young (Normal) (G1 Evacuation Pause) 440M->284M(512M) 8,899ms
[2020-11-04T20:37:56.789+0300][125,199s][info][gc] GC(1757) Pause Cleanup 297M->297M(512M) 0,190ms
[2020-11-04T20:37:56.790+0300][125,200s][info][gc] GC(1757) Concurrent Cycle 148,903ms
[2020-11-04T20:37:56.849+0300][125,259s][info][gc] GC(1760) Pause Young (Normal) (G1 Evacuation Pause) 442M->289M(512M) 9,005ms
[2020-11-04T20:37:56.912+0300][125,322s][info][gc] GC(1761) Pause Young (Concurrent Start) (G1 Evacuation Pause) 441M->294M(512M) 9,145ms
[2020-11-04T20:37:56.912+0300][125,322s][info][gc] GC(1762) Concurrent Cycle
[2020-11-04T20:37:56.988+0300][125,398s][info][gc] GC(1763) Pause Young (Normal) (G1 Evacuation Pause) 443M->299M(512M) 8,655ms
[2020-11-04T20:37:57.014+0300][125,424s][info][gc] GC(1762) Pause Remark 363M->363M(512M) 0,851ms
[2020-11-04T20:37:57.051+0300][125,461s][info][gc] GC(1764) Pause Young (Normal) (G1 Evacuation Pause) 441M->303M(512M) 8,104ms
[2020-11-04T20:37:57.090+0300][125,500s][info][gc] GC(1762) Pause Cleanup 411M->411M(512M) 0,249ms
[2020-11-04T20:37:57.090+0300][125,500s][info][gc] GC(1762) Concurrent Cycle 178,151ms
[2020-11-04T20:37:57.109+0300][125,519s][info][gc] GC(1765) Pause Young (Normal) (G1 Evacuation Pause) 442M->308M(512M) 8,398ms
[2020-11-04T20:37:57.165+0300][125,575s][info][gc] GC(1766) Pause Young (Concurrent Start) (G1 Evacuation Pause) 443M->311M(512M) 8,503ms
[2020-11-04T20:37:57.165+0300][125,575s][info][gc] GC(1767) Concurrent Cycle
[2020-11-04T20:37:57.224+0300][125,634s][info][gc] GC(1768) Pause Young (Normal) (G1 Evacuation Pause) 445M->315M(512M) 7,962ms
[2020-11-04T20:37:57.269+0300][125,679s][info][gc] GC(1767) Pause Remark 431M->431M(512M) 0,833ms
[2020-11-04T20:37:57.282+0300][125,692s][info][gc] GC(1769) Pause Young (Normal) (G1 Evacuation Pause) 445M->320M(512M) 7,620ms
[2020-11-04T20:37:57.334+0300][125,744s][info][gc] GC(1770) Pause Young (Normal) (G1 Evacuation Pause) 445M->324M(512M) 7,521ms
[2020-11-04T20:37:57.372+0300][125,782s][info][gc] GC(1767) Pause Cleanup 428M->428M(512M) 0,253ms
[2020-11-04T20:37:57.372+0300][125,782s][info][gc] GC(1767) Concurrent Cycle 207,391ms
[2020-11-04T20:37:57.386+0300][125,796s][info][gc] GC(1771) Pause Young (Normal) (G1 Evacuation Pause) 445M->328M(512M) 7,783ms
[2020-11-04T20:37:57.434+0300][125,844s][info][gc] GC(1772) Pause Young (Concurrent Start) (G1 Evacuation Pause) 446M->332M(512M) 7,621ms
[2020-11-04T20:37:57.434+0300][125,844s][info][gc] GC(1773) Concurrent Cycle
[2020-11-04T20:37:57.484+0300][125,894s][info][gc] GC(1774) Pause Young (Normal) (G1 Evacuation Pause) 446M->335M(512M) 6,972ms
[2020-11-04T20:37:57.543+0300][125,953s][info][gc] GC(1775) Pause Young (Normal) (G1 Evacuation Pause) 449M->342M(512M) 7,145ms
[2020-11-04T20:37:57.589+0300][125,998s][info][gc] GC(1776) Pause Young (Normal) (G1 Evacuation Pause) 447M->345M(512M) 6,343ms
[2020-11-04T20:37:57.633+0300][126,043s][info][gc] GC(1777) Pause Young (Normal) (G1 Evacuation Pause) 446M->349M(512M) 6,150ms
[2020-11-04T20:37:57.642+0300][126,052s][info][gc] GC(1773) Pause Remark 371M->371M(512M) 0,737ms
[2020-11-04T20:37:57.676+0300][126,086s][info][gc] GC(1778) Pause Young (Normal) (G1 Evacuation Pause) 446M->352M(512M) 6,703ms
[2020-11-04T20:37:57.717+0300][126,127s][info][gc] GC(1779) Pause Young (Normal) (G1 Evacuation Pause) 448M->355M(512M) 6,149ms
[2020-11-04T20:37:57.726+0300][126,136s][info][gc] GC(1773) Pause Cleanup 367M->367M(512M) 0,246ms
[2020-11-04T20:37:57.726+0300][126,136s][info][gc] GC(1773) Concurrent Cycle 291,830ms
[2020-11-04T20:37:57.762+0300][126,171s][info][gc] GC(1780) Pause Young (Normal) (G1 Evacuation Pause) 448M->358M(512M) 7,422ms
[2020-11-04T20:37:57.802+0300][126,212s][info][gc] GC(1781) Pause Young (Concurrent Start) (G1 Evacuation Pause) 449M->361M(512M) 6,466ms
[2020-11-04T20:37:57.802+0300][126,212s][info][gc] GC(1782) Concurrent Cycle
[2020-11-04T20:37:57.842+0300][126,252s][info][gc] GC(1783) Pause Young (Normal) (G1 Evacuation Pause) 449M->363M(512M) 5,728ms
[2020-11-04T20:37:57.890+0300][126,300s][info][gc] GC(1784) Pause Young (Normal) (G1 Evacuation Pause) 448M->366M(512M) 5,681ms
[2020-11-04T20:37:57.892+0300][126,302s][info][gc] GC(1782) Pause Remark 368M->296M(512M) 0,710ms
[2020-11-04T20:37:57.927+0300][126,337s][info][gc] GC(1785) Pause Young (Normal) (G1 Evacuation Pause) 376M->297M(512M) 5,279ms
[2020-11-04T20:37:57.944+0300][126,354s][info][gc] GC(1782) Pause Cleanup 342M->342M(512M) 0,204ms
[2020-11-04T20:37:57.945+0300][126,355s][info][gc] GC(1782) Concurrent Cycle 142,978ms
[2020-11-04T20:37:57.987+0300][126,397s][info][gc] GC(1786) Pause Young (Prepare Mixed) (G1 Evacuation Pause) 447M->301M(512M) 6,856ms
[2020-11-04T20:37:58.002+0300][126,412s][info][gc] GC(1787) Pause Young (Mixed) (G1 Evacuation Pause) 313M->264M(512M) 9,818ms
[2020-11-04T20:37:58.070+0300][126,480s][info][gc] GC(1788) Pause Young (Normal) (G1 Evacuation Pause) 446M->268M(512M) 4,929ms
[2020-11-04T20:37:58.138+0300][126,548s][info][gc] GC(1789) Pause Young (Normal) (G1 Evacuation Pause) 446M->274M(512M) 6,988ms
[2020-11-04T20:37:58.209+0300][126,619s][info][gc] GC(1790) Pause Young (Concurrent Start) (G1 Evacuation Pause) 446M->279M(512M) 8,636ms
[2020-11-04T20:37:58.209+0300][126,619s][info][gc] GC(1791) Concurrent Cycle
[2020-11-04T20:37:58.280+0300][126,690s][info][gc] GC(1792) Pause Young (Normal) (G1 Evacuation Pause) 441M->284M(512M) 9,358ms
[2020-11-04T20:37:58.310+0300][126,720s][info][gc] GC(1791) Pause Remark 325M->325M(512M) 0,851ms
[2020-11-04T20:37:58.363+0300][126,773s][info][gc] GC(1793) Pause Young (Normal) (G1 Evacuation Pause) 442M->289M(512M) 8,786ms
[2020-11-04T20:37:58.372+0300][126,782s][info][gc] GC(1791) Pause Cleanup 313M->313M(512M) 0,187ms
[2020-11-04T20:37:58.372+0300][126,782s][info][gc] GC(1791) Concurrent Cycle 163,018ms
[2020-11-04T20:37:58.426+0300][126,836s][info][gc] GC(1794) Pause Young (Normal) (G1 Evacuation Pause) 441M->294M(512M) 8,914ms
[2020-11-04T20:37:58.486+0300][126,896s][info][gc] GC(1795) Pause Young (Concurrent Start) (G1 Evacuation Pause) 441M->298M(512M) 8,832ms
[2020-11-04T20:37:58.486+0300][126,896s][info][gc] GC(1796) Concurrent Cycle
[2020-11-04T20:37:58.548+0300][126,958s][info][gc] GC(1797) Pause Young (Normal) (G1 Evacuation Pause) 442M->303M(512M) 8,042ms
[2020-11-04T20:37:58.586+0300][126,996s][info][gc] GC(1796) Pause Remark 400M->400M(512M) 0,744ms
[2020-11-04T20:37:58.610+0300][127,020s][info][gc] GC(1798) Pause Young (Normal) (G1 Evacuation Pause) 444M->308M(512M) 8,097ms
[2020-11-04T20:37:58.651+0300][127,061s][info][gc] GC(1796) Pause Cleanup 420M->420M(512M) 0,245ms
[2020-11-04T20:37:58.652+0300][127,062s][info][gc] GC(1796) Concurrent Cycle 166,063ms
[2020-11-04T20:37:58.668+0300][127,078s][info][gc] GC(1799) Pause Young (Normal) (G1 Evacuation Pause) 444M->312M(512M) 8,302ms
[2020-11-04T20:37:58.722+0300][127,132s][info][gc] GC(1800) Pause Young (Concurrent Start) (G1 Evacuation Pause) 443M->316M(512M) 8,363ms
[2020-11-04T20:37:58.722+0300][127,132s][info][gc] GC(1801) Concurrent Cycle
[2020-11-04T20:37:58.790+0300][127,200s][info][gc] GC(1802) Pause Young (Normal) (G1 Evacuation Pause) 443M->320M(512M) 7,695ms
[2020-11-04T20:37:58.837+0300][127,247s][info][gc] GC(1801) Pause Remark 438M->438M(512M) 2,049ms
[2020-11-04T20:37:58.847+0300][127,257s][info][gc] GC(1803) Pause Young (Normal) (G1 Evacuation Pause) 445M->324M(512M) 7,544ms
[2020-11-04T20:37:58.899+0300][127,309s][info][gc] GC(1804) Pause Young (Normal) (G1 Evacuation Pause) 444M->328M(512M) 7,273ms
[2020-11-04T20:37:58.915+0300][127,325s][info][gc] GC(1801) Pause Cleanup 371M->371M(512M) 0,212ms
[2020-11-04T20:37:58.915+0300][127,325s][info][gc] GC(1801) Concurrent Cycle 192,515ms
[2020-11-04T20:37:58.948+0300][127,358s][info][gc] GC(1805) Pause Young (Normal) (G1 Evacuation Pause) 444M->331M(512M) 7,584ms
[2020-11-04T20:37:58.996+0300][127,406s][info][gc] GC(1806) Pause Young (Concurrent Start) (G1 Evacuation Pause) 445M->334M(512M) 7,716ms
[2020-11-04T20:37:58.996+0300][127,406s][info][gc] GC(1807) Concurrent Cycle
[2020-11-04T20:37:59.057+0300][127,467s][info][gc] GC(1808) Pause Young (Normal) (G1 Evacuation Pause) 451M->342M(512M) 7,122ms
[2020-11-04T20:37:59.104+0300][127,514s][info][gc] GC(1809) Pause Young (Normal) (G1 Evacuation Pause) 447M->346M(512M) 6,565ms
[2020-11-04T20:37:59.118+0300][127,528s][info][gc] GC(1807) Pause Remark 381M->381M(512M) 0,686ms
[2020-11-04T20:37:59.149+0300][127,559s][info][gc] GC(1810) Pause Young (Normal) (G1 Evacuation Pause) 447M->349M(512M) 6,225ms
[2020-11-04T20:37:59.190+0300][127,600s][info][gc] GC(1811) Pause Young (Normal) (G1 Evacuation Pause) 446M->352M(512M) 6,110ms
[2020-11-04T20:37:59.200+0300][127,610s][info][gc] GC(1807) Pause Cleanup 378M->378M(512M) 0,252ms
[2020-11-04T20:37:59.201+0300][127,611s][info][gc] GC(1807) Concurrent Cycle 204,051ms
[2020-11-04T20:37:59.232+0300][127,642s][info][gc] GC(1812) Pause Young (Normal) (G1 Evacuation Pause) 448M->354M(512M) 6,434ms
[2020-11-04T20:37:59.272+0300][127,682s][info][gc] GC(1813) Pause Young (Concurrent Start) (G1 Evacuation Pause) 447M->358M(512M) 8,108ms
[2020-11-04T20:37:59.272+0300][127,682s][info][gc] GC(1814) Concurrent Cycle
[2020-11-04T20:37:59.324+0300][127,734s][info][gc] GC(1815) Pause Young (Normal) (G1 Evacuation Pause) 447M->361M(512M) 5,875ms
[2020-11-04T20:37:59.355+0300][127,765s][info][gc] GC(1814) Pause Remark 440M->369M(512M) 0,644ms
[2020-11-04T20:37:59.364+0300][127,774s][info][gc] GC(1816) Pause Young (Normal) (G1 Evacuation Pause) 378M->292M(512M) 5,693ms
[2020-11-04T20:37:59.406+0300][127,816s][info][gc] GC(1814) Pause Cleanup 406M->406M(512M) 0,168ms
[2020-11-04T20:37:59.406+0300][127,816s][info][gc] GC(1814) Concurrent Cycle 134,184ms
[2020-11-04T20:37:59.428+0300][127,837s][info][gc] GC(1817) Pause Young (Prepare Mixed) (G1 Evacuation Pause) 447M->297M(512M) 7,163ms
[2020-11-04T20:37:59.441+0300][127,851s][info][gc] GC(1818) Pause Young (Mixed) (G1 Evacuation Pause) 308M->260M(512M) 9,545ms
[2020-11-04T20:37:59.512+0300][127,922s][info][gc] GC(1819) Pause Young (Normal) (G1 Evacuation Pause) 446M->265M(512M) 4,784ms
[2020-11-04T20:37:59.581+0300][127,991s][info][gc] GC(1820) Pause Young (Normal) (G1 Evacuation Pause) 445M->270M(512M) 6,869ms
[2020-11-04T20:37:59.650+0300][128,060s][info][gc] GC(1821) Pause Young (Concurrent Start) (G1 Evacuation Pause) 445M->276M(512M) 8,610ms
[2020-11-04T20:37:59.650+0300][128,060s][info][gc] GC(1822) Concurrent Cycle
[2020-11-04T20:37:59.723+0300][128,133s][info][gc] GC(1823) Pause Young (Normal) (G1 Evacuation Pause) 439M->282M(512M) 10,000ms
[2020-11-04T20:37:59.747+0300][128,157s][info][gc] GC(1822) Pause Remark 315M->315M(512M) 0,754ms
[2020-11-04T20:37:59.802+0300][128,212s][info][gc] GC(1824) Pause Young (Normal) (G1 Evacuation Pause) 441M->286M(512M) 8,917ms
[2020-11-04T20:37:59.807+0300][128,217s][info][gc] GC(1822) Pause Cleanup 298M->298M(512M) 0,192ms
[2020-11-04T20:37:59.807+0300][128,217s][info][gc] GC(1822) Concurrent Cycle 156,968ms
[2020-11-04T20:37:59.866+0300][128,276s][info][gc] GC(1825) Pause Young (Normal) (G1 Evacuation Pause) 441M->291M(512M) 9,004ms
[2020-11-04T20:37:59.927+0300][128,337s][info][gc] GC(1826) Pause Young (Concurrent Start) (G1 Evacuation Pause) 443M->296M(512M) 8,732ms
[2020-11-04T20:37:59.927+0300][128,337s][info][gc] GC(1827) Concurrent Cycle
[2020-11-04T20:37:59.991+0300][128,401s][info][gc] GC(1828) Pause Young (Normal) (G1 Evacuation Pause) 441M->301M(512M) 8,302ms
[2020-11-04T20:38:00.024+0300][128,434s][info][gc] GC(1827) Pause Remark 387M->387M(512M) 0,720ms
[2020-11-04T20:38:00.053+0300][128,463s][info][gc] GC(1829) Pause Young (Normal) (G1 Evacuation Pause) 443M->305M(512M) 8,166ms
[2020-11-04T20:38:00.089+0300][128,499s][info][gc] GC(1827) Pause Cleanup 403M->403M(512M) 0,197ms
[2020-11-04T20:38:00.089+0300][128,499s][info][gc] GC(1827) Concurrent Cycle 162,158ms
[2020-11-04T20:38:00.112+0300][128,522s][info][gc] GC(1830) Pause Young (Normal) (G1 Evacuation Pause) 444M->309M(512M) 8,284ms
[2020-11-04T20:38:00.167+0300][128,577s][info][gc] GC(1831) Pause Young (Concurrent Start) (G1 Evacuation Pause) 444M->313M(512M) 8,553ms
[2020-11-04T20:38:00.167+0300][128,577s][info][gc] GC(1832) Concurrent Cycle
[2020-11-04T20:38:00.225+0300][128,635s][info][gc] GC(1833) Pause Young (Normal) (G1 Evacuation Pause) 443M->317M(512M) 7,466ms
[2020-11-04T20:38:00.272+0300][128,682s][info][gc] GC(1832) Pause Remark 440M->440M(512M) 0,591ms
[2020-11-04T20:38:00.282+0300][128,692s][info][gc] GC(1834) Pause Young (Normal) (G1 Evacuation Pause) 445M->321M(512M) 7,288ms
[2020-11-04T20:38:00.353+0300][128,763s][info][gc] GC(1835) Pause Young (Normal) (G1 Evacuation Pause) 444M->325M(512M) 7,432ms
[2020-11-04T20:38:00.358+0300][128,768s][info][gc] GC(1832) Pause Cleanup 336M->336M(512M) 0,233ms
[2020-11-04T20:38:00.358+0300][128,768s][info][gc] GC(1832) Concurrent Cycle 190,687ms
[2020-11-04T20:38:00.403+0300][128,813s][info][gc] GC(1836) Pause Young (Normal) (G1 Evacuation Pause) 444M->329M(512M) 7,500ms
[2020-11-04T20:38:00.453+0300][128,862s][info][gc] GC(1837) Pause Young (Concurrent Start) (G1 Evacuation Pause) 446M->332M(512M) 7,537ms
[2020-11-04T20:38:00.453+0300][128,863s][info][gc] GC(1838) Concurrent Cycle
[2020-11-04T20:38:00.503+0300][128,913s][info][gc] GC(1839) Pause Young (Normal) (G1 Evacuation Pause) 445M->336M(512M) 6,747ms
[2020-11-04T20:38:00.551+0300][128,961s][info][gc] GC(1840) Pause Young (Normal) (G1 Evacuation Pause) 445M->339M(512M) 6,830ms
[2020-11-04T20:38:00.590+0300][129,000s][info][gc] GC(1838) Pause Remark 417M->417M(512M) 0,798ms
[2020-11-04T20:38:00.610+0300][129,020s][info][gc] GC(1841) Pause Young (Normal) (G1 Evacuation Pause) 451M->346M(512M) 6,505ms
[2020-11-04T20:38:00.652+0300][129,062s][info][gc] GC(1842) Pause Young (Normal) (G1 Evacuation Pause) 446M->349M(512M) 6,150ms
[2020-11-04T20:38:00.671+0300][129,081s][info][gc] GC(1838) Pause Cleanup 400M->400M(512M) 0,248ms
[2020-11-04T20:38:00.672+0300][129,082s][info][gc] GC(1838) Concurrent Cycle 219,065ms
[2020-11-04T20:38:00.695+0300][129,105s][info][gc] GC(1843) Pause Young (Normal) (G1 Evacuation Pause) 447M->353M(512M) 6,571ms
[2020-11-04T20:38:00.735+0300][129,145s][info][gc] GC(1844) Pause Young (Concurrent Start) (G1 Evacuation Pause) 448M->356M(512M) 6,654ms
[2020-11-04T20:38:00.735+0300][129,145s][info][gc] GC(1845) Concurrent Cycle
[2020-11-04T20:38:00.775+0300][129,185s][info][gc] GC(1846) Pause Young (Normal) (G1 Evacuation Pause) 448M->359M(512M) 6,043ms
[2020-11-04T20:38:00.814+0300][129,224s][info][gc] GC(1847) Pause Young (Normal) (G1 Evacuation Pause) 447M->361M(512M) 5,669ms
[2020-11-04T20:38:00.853+0300][129,263s][info][gc] GC(1848) Pause Young (Normal) (G1 Evacuation Pause) 448M->364M(512M) 5,635ms
[2020-11-04T20:38:00.869+0300][129,279s][info][gc] GC(1845) Pause Remark 404M->333M(512M) 0,893ms
[2020-11-04T20:38:00.891+0300][129,301s][info][gc] GC(1849) Pause Young (Normal) (G1 Evacuation Pause) 377M->296M(512M) 5,734ms
[2020-11-04T20:38:00.944+0300][129,354s][info][gc] GC(1845) Pause Cleanup 445M->445M(512M) 0,216ms
[2020-11-04T20:38:00.945+0300][129,355s][info][gc] GC(1845) Concurrent Cycle 210,158ms
[2020-11-04T20:38:00.953+0300][129,363s][info][gc] GC(1850) Pause Young (Prepare Mixed) (G1 Evacuation Pause) 447M->300M(512M) 7,045ms
[2020-11-04T20:38:00.968+0300][129,378s][info][gc] GC(1851) Pause Young (Mixed) (G1 Evacuation Pause) 312M->264M(512M) 10,172ms
[2020-11-04T20:38:01.037+0300][129,447s][info][gc] GC(1852) Pause Young (Normal) (G1 Evacuation Pause) 446M->269M(512M) 4,821ms
[2020-11-04T20:38:01.105+0300][129,515s][info][gc] GC(1853) Pause Young (Normal) (G1 Evacuation Pause) 446M->274M(512M) 6,868ms
[2020-11-04T20:38:01.173+0300][129,583s][info][gc] GC(1854) Pause Young (Concurrent Start) (G1 Evacuation Pause) 445M->280M(512M) 8,286ms
[2020-11-04T20:38:01.173+0300][129,583s][info][gc] GC(1855) Concurrent Cycle
[2020-11-04T20:38:01.268+0300][129,678s][info][gc] GC(1856) Pause Young (Normal) (G1 Evacuation Pause) 441M->285M(512M) 9,344ms
[2020-11-04T20:38:01.276+0300][129,686s][info][gc] GC(1855) Pause Remark 305M->305M(512M) 0,657ms
[2020-11-04T20:38:01.336+0300][129,745s][info][gc] GC(1857) Pause Young (Normal) (G1 Evacuation Pause) 442M->290M(512M) 8,908ms
[2020-11-04T20:38:01.337+0300][129,747s][info][gc] GC(1855) Pause Cleanup 291M->291M(512M) 0,266ms
[2020-11-04T20:38:01.337+0300][129,747s][info][gc] GC(1855) Concurrent Cycle 164,048ms
[2020-11-04T20:38:01.398+0300][129,808s][info][gc] GC(1858) Pause Young (Normal) (G1 Evacuation Pause) 442M->294M(512M) 9,140ms
[2020-11-04T20:38:01.461+0300][129,871s][info][gc] GC(1859) Pause Young (Concurrent Start) (G1 Evacuation Pause) 443M->299M(512M) 10,293ms
[2020-11-04T20:38:01.461+0300][129,871s][info][gc] GC(1860) Concurrent Cycle
[2020-11-04T20:38:01.524+0300][129,934s][info][gc] GC(1861) Pause Young (Normal) (G1 Evacuation Pause) 443M->303M(512M) 8,176ms
[2020-11-04T20:38:01.559+0300][129,969s][info][gc] GC(1860) Pause Remark 393M->393M(512M) 0,629ms
[2020-11-04T20:38:01.584+0300][129,994s][info][gc] GC(1862) Pause Young (Normal) (G1 Evacuation Pause) 442M->308M(512M) 7,743ms
[2020-11-04T20:38:01.622+0300][130,032s][info][gc] GC(1860) Pause Cleanup 412M->412M(512M) 0,243ms
[2020-11-04T20:38:01.623+0300][130,033s][info][gc] GC(1860) Concurrent Cycle 162,000ms
[2020-11-04T20:38:01.643+0300][130,053s][info][gc] GC(1863) Pause Young (Normal) (G1 Evacuation Pause) 444M->312M(512M) 9,245ms
[2020-11-04T20:38:01.697+0300][130,107s][info][gc] GC(1864) Pause Young (Concurrent Start) (G1 Evacuation Pause) 443M->316M(512M) 8,156ms
[2020-11-04T20:38:01.697+0300][130,107s][info][gc] GC(1865) Concurrent Cycle
[2020-11-04T20:38:01.754+0300][130,164s][info][gc] GC(1866) Pause Young (Normal) (G1 Evacuation Pause) 445M->320M(512M) 7,532ms
[2020-11-04T20:38:01.802+0300][130,212s][info][gc] GC(1865) Pause Remark 445M->445M(512M) 0,717ms
[2020-11-04T20:38:01.810+0300][130,220s][info][gc] GC(1867) Pause Young (Normal) (G1 Evacuation Pause) 445M->324M(512M) 7,225ms
[2020-11-04T20:38:01.861+0300][130,271s][info][gc] GC(1868) Pause Young (Normal) (G1 Evacuation Pause) 444M->327M(512M) 7,177ms
[2020-11-04T20:38:01.878+0300][130,288s][info][gc] GC(1865) Pause Cleanup 373M->373M(512M) 0,237ms
[2020-11-04T20:38:01.878+0300][130,288s][info][gc] GC(1865) Concurrent Cycle 181,118ms
[2020-11-04T20:38:01.911+0300][130,321s][info][gc] GC(1869) Pause Young (Normal) (G1 Evacuation Pause) 445M->331M(512M) 7,560ms
[2020-11-04T20:38:01.958+0300][130,368s][info][gc] GC(1870) Pause Young (Concurrent Start) (G1 Evacuation Pause) 445M->335M(512M) 7,469ms
[2020-11-04T20:38:01.958+0300][130,368s][info][gc] GC(1871) Concurrent Cycle
[2020-11-04T20:38:02.007+0300][130,417s][info][gc] GC(1872) Pause Young (Normal) (G1 Evacuation Pause) 445M->339M(512M) 6,792ms
[2020-11-04T20:38:02.055+0300][130,465s][info][gc] GC(1873) Pause Young (Normal) (G1 Evacuation Pause) 446M->342M(512M) 6,736ms
[2020-11-04T20:38:02.078+0300][130,488s][info][gc] GC(1871) Pause Remark 401M->401M(512M) 0,743ms
[2020-11-04T20:38:02.113+0300][130,523s][info][gc] GC(1874) Pause Young (Normal) (G1 Evacuation Pause) 451M->349M(512M) 6,730ms
[2020-11-04T20:38:02.155+0300][130,565s][info][gc] GC(1875) Pause Young (Normal) (G1 Evacuation Pause) 446M->352M(512M) 6,572ms
[2020-11-04T20:38:02.159+0300][130,569s][info][gc] GC(1871) Pause Cleanup 362M->362M(512M) 0,217ms
[2020-11-04T20:38:02.159+0300][130,569s][info][gc] GC(1871) Concurrent Cycle 201,126ms
[2020-11-04T20:38:02.196+0300][130,606s][info][gc] GC(1876) Pause Young (Normal) (G1 Evacuation Pause) 446M->355M(512M) 6,599ms
[2020-11-04T20:38:02.237+0300][130,647s][info][gc] GC(1877) Pause Young (Concurrent Start) (G1 Evacuation Pause) 448M->358M(512M) 7,459ms
[2020-11-04T20:38:02.237+0300][130,647s][info][gc] GC(1878) Concurrent Cycle
[2020-11-04T20:38:02.296+0300][130,706s][info][gc] GC(1879) Pause Young (Normal) (G1 Evacuation Pause) 449M->361M(512M) 5,677ms
[2020-11-04T20:38:02.326+0300][130,736s][info][gc] GC(1878) Pause Remark 410M->338M(512M) 0,681ms
[2020-11-04T20:38:02.346+0300][130,756s][info][gc] GC(1880) Pause Young (Normal) (G1 Evacuation Pause) 377M->291M(512M) 5,741ms
[2020-11-04T20:38:02.382+0300][130,792s][info][gc] GC(1878) Pause Cleanup 389M->389M(512M) 0,214ms
[2020-11-04T20:38:02.383+0300][130,793s][info][gc] GC(1878) Concurrent Cycle 146,338ms
[2020-11-04T20:38:02.410+0300][130,820s][info][gc] GC(1881) Pause Young (Prepare Mixed) (G1 Evacuation Pause) 446M->296M(512M) 7,302ms
[2020-11-04T20:38:02.424+0300][130,834s][info][gc] GC(1882) Pause Young (Mixed) (G1 Evacuation Pause) 307M->261M(512M) 10,330ms
[2020-11-04T20:38:02.495+0300][130,905s][info][gc] GC(1883) Pause Young (Normal) (G1 Evacuation Pause) 446M->266M(512M) 4,668ms
[2020-11-04T20:38:02.565+0300][130,974s][info][gc] GC(1884) Pause Young (Normal) (G1 Evacuation Pause) 445M->272M(512M) 7,260ms
[2020-11-04T20:38:02.634+0300][131,044s][info][gc] GC(1885) Pause Young (Concurrent Start) (G1 Evacuation Pause) 446M->277M(512M) 8,614ms
[2020-11-04T20:38:02.634+0300][131,044s][info][gc] GC(1886) Concurrent Cycle
[2020-11-04T20:38:02.706+0300][131,116s][info][gc] GC(1887) Pause Young (Normal) (G1 Evacuation Pause) 441M->282M(512M) 9,785ms
[2020-11-04T20:38:02.723+0300][131,133s][info][gc] GC(1886) Pause Remark 324M->324M(512M) 0,686ms
[2020-11-04T20:38:02.774+0300][131,184s][info][gc] GC(1888) Pause Young (Normal) (G1 Evacuation Pause) 440M->287M(512M) 8,946ms
[2020-11-04T20:38:02.784+0300][131,194s][info][gc] GC(1886) Pause Cleanup 302M->302M(512M) 0,201ms
[2020-11-04T20:38:02.784+0300][131,194s][info][gc] GC(1886) Concurrent Cycle 150,495ms
[2020-11-04T20:38:02.842+0300][131,252s][info][gc] GC(1889) Pause Young (Normal) (G1 Evacuation Pause) 441M->292M(512M) 9,049ms
[2020-11-04T20:38:02.904+0300][131,314s][info][gc] GC(1890) Pause Young (Concurrent Start) (G1 Evacuation Pause) 443M->296M(512M) 8,934ms
[2020-11-04T20:38:02.904+0300][131,314s][info][gc] GC(1891) Concurrent Cycle
[2020-11-04T20:38:02.979+0300][131,389s][info][gc] GC(1892) Pause Young (Normal) (G1 Evacuation Pause) 442M->301M(512M) 8,523ms
[2020-11-04T20:38:03.005+0300][131,415s][info][gc] GC(1891) Pause Remark 366M->366M(512M) 0,791ms
[2020-11-04T20:38:03.041+0300][131,451s][info][gc] GC(1893) Pause Young (Normal) (G1 Evacuation Pause) 442M->306M(512M) 8,077ms
[2020-11-04T20:38:03.069+0300][131,479s][info][gc] GC(1891) Pause Cleanup 377M->377M(512M) 0,251ms
[2020-11-04T20:38:03.070+0300][131,480s][info][gc] GC(1891) Concurrent Cycle 165,725ms
[2020-11-04T20:38:03.102+0300][131,512s][info][gc] GC(1894) Pause Young (Normal) (G1 Evacuation Pause) 443M->310M(512M) 9,641ms
[2020-11-04T20:38:03.159+0300][131,569s][info][gc] GC(1895) Pause Young (Concurrent Start) (G1 Evacuation Pause) 444M->314M(512M) 8,045ms
[2020-11-04T20:38:03.159+0300][131,569s][info][gc] GC(1896) Concurrent Cycle
[2020-11-04T20:38:03.234+0300][131,644s][info][gc] GC(1897) Pause Young (Normal) (G1 Evacuation Pause) 445M->318M(512M) 7,697ms
[2020-11-04T20:38:03.270+0300][131,680s][info][gc] GC(1896) Pause Remark 409M->409M(512M) 1,109ms
[2020-11-04T20:38:03.291+0300][131,701s][info][gc] GC(1898) Pause Young (Normal) (G1 Evacuation Pause) 445M->322M(512M) 7,367ms
[2020-11-04T20:38:03.344+0300][131,754s][info][gc] GC(1896) Pause Cleanup 428M->428M(512M) 0,209ms
[2020-11-04T20:38:03.345+0300][131,755s][info][gc] GC(1896) Concurrent Cycle 186,066ms
[2020-11-04T20:38:03.359+0300][131,769s][info][gc] GC(1899) Pause Young (Normal) (G1 Evacuation Pause) 444M->326M(512M) 8,536ms
[2020-11-04T20:38:03.409+0300][131,819s][info][gc] GC(1900) Pause Young (Concurrent Start) (G1 Evacuation Pause) 444M->330M(512M) 7,719ms
[2020-11-04T20:38:03.409+0300][131,819s][info][gc] GC(1901) Concurrent Cycle
[2020-11-04T20:38:03.459+0300][131,869s][info][gc] GC(1902) Pause Young (Normal) (G1 Evacuation Pause) 446M->333M(512M) 6,863ms
[2020-11-04T20:38:03.509+0300][131,919s][info][gc] GC(1903) Pause Young (Normal) (G1 Evacuation Pause) 445M->337M(512M) 6,631ms
[2020-11-04T20:38:03.538+0300][131,948s][info][gc] GC(1901) Pause Remark 411M->411M(512M) 0,709ms
[2020-11-04T20:38:03.558+0300][131,968s][info][gc] GC(1904) Pause Young (Normal) (G1 Evacuation Pause) 445M->341M(512M) 6,491ms
[2020-11-04T20:38:03.603+0300][132,013s][info][gc] GC(1905) Pause Young (Normal) (G1 Evacuation Pause) 447M->344M(512M) 6,318ms
[2020-11-04T20:38:03.621+0300][132,031s][info][gc] GC(1901) Pause Cleanup 369M->369M(512M) 0,231ms
[2020-11-04T20:38:03.621+0300][132,031s][info][gc] GC(1901) Concurrent Cycle 212,789ms
[2020-11-04T20:38:03.656+0300][132,066s][info][gc] GC(1906) Pause Young (Normal) (G1 Evacuation Pause) 447M->347M(512M) 6,810ms
[2020-11-04T20:38:03.687+0300][132,097s][info][gc] GC(1907) Pause Young (Concurrent Start) (G1 Humongous Allocation) 387M->348M(512M) 6,916ms
[2020-11-04T20:38:03.687+0300][132,097s][info][gc] GC(1908) Concurrent Cycle
[2020-11-04T20:38:03.733+0300][132,143s][info][gc] GC(1909) Pause Young (Normal) (G1 Evacuation Pause) 454M->356M(512M) 5,698ms
[2020-11-04T20:38:03.763+0300][132,173s][info][gc] GC(1908) Pause Remark 432M->365M(512M) 0,777ms
[2020-11-04T20:38:03.774+0300][132,184s][info][gc] GC(1910) Pause Young (Normal) (G1 Evacuation Pause) 383M->287M(512M) 4,027ms
[2020-11-04T20:38:03.813+0300][132,223s][info][gc] GC(1908) Pause Cleanup 392M->392M(512M) 0,195ms
[2020-11-04T20:38:03.813+0300][132,223s][info][gc] GC(1908) Concurrent Cycle 126,210ms
[2020-11-04T20:38:03.838+0300][132,248s][info][gc] GC(1911) Pause Young (Prepare Mixed) (G1 Evacuation Pause) 446M->292M(512M) 6,504ms
[2020-11-04T20:38:03.854+0300][132,264s][info][gc] GC(1912) Pause Young (Mixed) (G1 Evacuation Pause) 306M->258M(512M) 10,189ms
[2020-11-04T20:38:03.923+0300][132,333s][info][gc] GC(1913) Pause Young (Normal) (G1 Evacuation Pause) 444M->264M(512M) 4,601ms
[2020-11-04T20:38:03.995+0300][132,405s][info][gc] GC(1914) Pause Young (Normal) (G1 Evacuation Pause) 445M->269M(512M) 7,581ms
[2020-11-04T20:38:04.065+0300][132,474s][info][gc] GC(1915) Pause Young (Concurrent Start) (G1 Evacuation Pause) 445M->274M(512M) 8,708ms
[2020-11-04T20:38:04.065+0300][132,475s][info][gc] GC(1916) Concurrent Cycle
[2020-11-04T20:38:04.137+0300][132,547s][info][gc] GC(1917) Pause Young (Normal) (G1 Evacuation Pause) 440M->280M(512M) 9,243ms
[2020-11-04T20:38:04.151+0300][132,561s][info][gc] GC(1916) Pause Remark 314M->309M(512M) 1,059ms
[2020-11-04T20:38:04.206+0300][132,616s][info][gc] GC(1918) Pause Young (Normal) (G1 Evacuation Pause) 435M->280M(512M) 9,030ms
[2020-11-04T20:38:04.208+0300][132,618s][info][gc] GC(1916) Pause Cleanup 284M->284M(512M) 0,202ms
[2020-11-04T20:38:04.209+0300][132,619s][info][gc] GC(1916) Concurrent Cycle 144,040ms
[2020-11-04T20:38:04.272+0300][132,682s][info][gc] GC(1919) Pause Young (Normal) (G1 Evacuation Pause) 442M->285M(512M) 9,466ms
[2020-11-04T20:38:04.336+0300][132,746s][info][gc] GC(1920) Pause Young (Concurrent Start) (G1 Evacuation Pause) 441M->291M(512M) 9,265ms
[2020-11-04T20:38:04.336+0300][132,746s][info][gc] GC(1921) Concurrent Cycle
[2020-11-04T20:38:04.402+0300][132,812s][info][gc] GC(1922) Pause Young (Normal) (G1 Evacuation Pause) 442M->295M(512M) 8,490ms
[2020-11-04T20:38:04.428+0300][132,838s][info][gc] GC(1921) Pause Remark 362M->362M(512M) 0,853ms
[2020-11-04T20:38:04.466+0300][132,876s][info][gc] GC(1923) Pause Young (Normal) (G1 Evacuation Pause) 441M->299M(512M) 8,381ms
[2020-11-04T20:38:04.491+0300][132,901s][info][gc] GC(1921) Pause Cleanup 365M->365M(512M) 0,243ms
[2020-11-04T20:38:04.491+0300][132,901s][info][gc] GC(1921) Concurrent Cycle 155,429ms
[2020-11-04T20:38:04.526+0300][132,936s][info][gc] GC(1924) Pause Young (Normal) (G1 Evacuation Pause) 442M->304M(512M) 8,598ms
[2020-11-04T20:38:04.585+0300][132,995s][info][gc] GC(1925) Pause Young (Concurrent Start) (G1 Evacuation Pause) 444M->308M(512M) 9,937ms
[2020-11-04T20:38:04.585+0300][132,995s][info][gc] GC(1926) Concurrent Cycle
[2020-11-04T20:38:04.646+0300][133,056s][info][gc] GC(1927) Pause Young (Normal) (G1 Evacuation Pause) 444M->312M(512M) 8,047ms
[2020-11-04T20:38:04.685+0300][133,095s][info][gc] GC(1926) Pause Remark 416M->416M(512M) 0,715ms
[2020-11-04T20:38:04.703+0300][133,113s][info][gc] GC(1928) Pause Young (Normal) (G1 Evacuation Pause) 443M->316M(512M) 7,677ms
[2020-11-04T20:38:04.757+0300][133,167s][info][gc] GC(1929) Pause Young (Normal) (G1 Evacuation Pause) 444M->321M(512M) 7,480ms
[2020-11-04T20:38:04.759+0300][133,169s][info][gc] GC(1926) Pause Cleanup 324M->324M(512M) 0,215ms
[2020-11-04T20:38:04.759+0300][133,169s][info][gc] GC(1926) Concurrent Cycle 174,036ms
[2020-11-04T20:38:04.809+0300][133,218s][info][gc] GC(1930) Pause Young (Normal) (G1 Evacuation Pause) 445M->324M(512M) 7,673ms
[2020-11-04T20:38:04.858+0300][133,268s][info][gc] GC(1931) Pause Young (Concurrent Start) (G1 Evacuation Pause) 444M->328M(512M) 7,853ms
[2020-11-04T20:38:04.858+0300][133,268s][info][gc] GC(1932) Concurrent Cycle
[2020-11-04T20:38:04.911+0300][133,321s][info][gc] GC(1933) Pause Young (Normal) (G1 Evacuation Pause) 446M->332M(512M) 6,934ms
[2020-11-04T20:38:04.961+0300][133,371s][info][gc] GC(1934) Pause Young (Normal) (G1 Evacuation Pause) 446M->336M(512M) 6,699ms
[2020-11-04T20:38:04.974+0300][133,384s][info][gc] GC(1932) Pause Remark 367M->367M(512M) 0,627ms
[2020-11-04T20:38:05.021+0300][133,431s][info][gc] GC(1935) Pause Young (Normal) (G1 Evacuation Pause) 446M->339M(512M) 6,517ms
[2020-11-04T20:38:05.067+0300][133,477s][info][gc] GC(1936) Pause Young (Normal) (G1 Evacuation Pause) 447M->342M(512M) 6,948ms
[2020-11-04T20:38:05.071+0300][133,481s][info][gc] GC(1932) Pause Cleanup 353M->353M(512M) 0,266ms
[2020-11-04T20:38:05.072+0300][133,482s][info][gc] GC(1932) Concurrent Cycle 213,643ms
[2020-11-04T20:38:05.112+0300][133,522s][info][gc] GC(1937) Pause Young (Normal) (G1 Evacuation Pause) 446M->346M(512M) 7,267ms
[2020-11-04T20:38:05.155+0300][133,565s][info][gc] GC(1938) Pause Young (Concurrent Start) (G1 Evacuation Pause) 447M->349M(512M) 6,757ms
[2020-11-04T20:38:05.155+0300][133,565s][info][gc] GC(1939) Concurrent Cycle
[2020-11-04T20:38:05.209+0300][133,619s][info][gc] GC(1940) Pause Young (Normal) (G1 Evacuation Pause) 450M->355M(512M) 6,315ms
[2020-11-04T20:38:05.262+0300][133,672s][info][gc] GC(1941) Pause Young (Normal) (G1 Evacuation Pause) 447M->359M(512M) 5,948ms
[2020-11-04T20:38:05.284+0300][133,694s][info][gc] GC(1939) Pause Remark 412M->412M(512M) 0,972ms
[2020-11-04T20:38:05.303+0300][133,713s][info][gc] GC(1942) Pause Young (Normal) (G1 Evacuation Pause) 448M->361M(512M) 6,038ms
[2020-11-04T20:38:05.341+0300][133,751s][info][gc] GC(1943) Pause Young (Normal) (G1 Evacuation Pause) 448M->364M(512M) 5,666ms
[2020-11-04T20:38:05.375+0300][133,785s][info][gc] GC(1939) Pause Cleanup 414M->414M(512M) 0,231ms
[2020-11-04T20:38:05.375+0300][133,785s][info][gc] GC(1939) Concurrent Cycle 220,569ms
[2020-11-04T20:38:05.398+0300][133,808s][info][gc] GC(1944) Pause Young (Normal) (G1 Evacuation Pause) 448M->367M(512M) 5,755ms
[2020-11-04T20:38:05.433+0300][133,843s][info][gc] GC(1945) Pause Young (Concurrent Start) (G1 Evacuation Pause) 449M->369M(512M) 6,210ms
[2020-11-04T20:38:05.433+0300][133,843s][info][gc] GC(1946) Concurrent Cycle
[2020-11-04T20:38:05.469+0300][133,879s][info][gc] GC(1947) Pause Young (Normal) (G1 Evacuation Pause) 448M->372M(512M) 5,431ms
[2020-11-04T20:38:05.505+0300][133,915s][info][gc] GC(1948) Pause Young (Normal) (G1 Evacuation Pause) 450M->374M(512M) 5,153ms
[2020-11-04T20:38:05.518+0300][133,928s][info][gc] GC(1946) Pause Remark 407M->335M(512M) 0,738ms
[2020-11-04T20:38:05.539+0300][133,949s][info][gc] GC(1949) Pause Young (Normal) (G1 Evacuation Pause) 377M->304M(512M) 5,049ms
[2020-11-04T20:38:05.571+0300][133,981s][info][gc] GC(1946) Pause Cleanup 391M->391M(512M) 0,230ms
[2020-11-04T20:38:05.571+0300][133,981s][info][gc] GC(1946) Concurrent Cycle 138,273ms
[2020-11-04T20:38:05.597+0300][134,007s][info][gc] GC(1950) Pause Young (Prepare Mixed) (G1 Evacuation Pause) 447M->309M(512M) 6,587ms
[2020-11-04T20:38:05.613+0300][134,023s][info][gc] GC(1951) Pause Young (Mixed) (G1 Evacuation Pause) 322M->272M(512M) 10,439ms
[2020-11-04T20:38:05.679+0300][134,089s][info][gc] GC(1952) Pause Young (Normal) (G1 Evacuation Pause) 446M->277M(512M) 5,547ms
[2020-11-04T20:38:05.747+0300][134,157s][info][gc] GC(1953) Pause Young (Normal) (G1 Evacuation Pause) 447M->282M(512M) 7,610ms
[2020-11-04T20:38:05.814+0300][134,224s][info][gc] GC(1954) Pause Young (Concurrent Start) (G1 Evacuation Pause) 447M->287M(512M) 8,197ms
[2020-11-04T20:38:05.814+0300][134,224s][info][gc] GC(1955) Concurrent Cycle
[2020-11-04T20:38:05.893+0300][134,303s][info][gc] GC(1956) Pause Young (Normal) (G1 Evacuation Pause) 442M->292M(512M) 8,889ms
[2020-11-04T20:38:05.918+0300][134,328s][info][gc] GC(1955) Pause Remark 327M->327M(512M) 0,688ms
[2020-11-04T20:38:05.987+0300][134,397s][info][gc] GC(1957) Pause Young (Normal) (G1 Evacuation Pause) 441M->297M(512M) 8,794ms
[2020-11-04T20:38:05.988+0300][134,398s][info][gc] GC(1955) Pause Cleanup 299M->299M(512M) 0,232ms
[2020-11-04T20:38:05.988+0300][134,398s][info][gc] GC(1955) Concurrent Cycle 174,542ms
[2020-11-04T20:38:06.047+0300][134,457s][info][gc] GC(1958) Pause Young (Normal) (G1 Evacuation Pause) 443M->301M(512M) 8,697ms
[2020-11-04T20:38:06.104+0300][134,514s][info][gc] GC(1959) Pause Young (Concurrent Start) (G1 Evacuation Pause) 442M->306M(512M) 8,601ms
[2020-11-04T20:38:06.104+0300][134,514s][info][gc] GC(1960) Concurrent Cycle
[2020-11-04T20:38:06.165+0300][134,575s][info][gc] GC(1961) Pause Young (Normal) (G1 Evacuation Pause) 444M->310M(512M) 7,823ms
[2020-11-04T20:38:06.205+0300][134,615s][info][gc] GC(1960) Pause Remark 412M->412M(512M) 1,035ms
[2020-11-04T20:38:06.225+0300][134,635s][info][gc] GC(1962) Pause Young (Normal) (G1 Evacuation Pause) 443M->314M(512M) 7,862ms
[2020-11-04T20:38:06.271+0300][134,681s][info][gc] GC(1960) Pause Cleanup 440M->440M(512M) 0,255ms
[2020-11-04T20:38:06.271+0300][134,681s][info][gc] GC(1960) Concurrent Cycle 166,963ms
[2020-11-04T20:38:06.280+0300][134,690s][info][gc] GC(1963) Pause Young (Normal) (G1 Evacuation Pause) 443M->319M(512M) 7,814ms
[2020-11-04T20:38:06.332+0300][134,742s][info][gc] GC(1964) Pause Young (Concurrent Start) (G1 Evacuation Pause) 444M->322M(512M) 8,411ms
[2020-11-04T20:38:06.332+0300][134,742s][info][gc] GC(1965) Concurrent Cycle
[2020-11-04T20:38:06.387+0300][134,797s][info][gc] GC(1966) Pause Young (Normal) (G1 Evacuation Pause) 446M->326M(512M) 7,342ms
[2020-11-04T20:38:06.439+0300][134,849s][info][gc] GC(1967) Pause Young (Normal) (G1 Evacuation Pause) 444M->330M(512M) 6,905ms
[2020-11-04T20:38:06.446+0300][134,856s][info][gc] GC(1965) Pause Remark 346M->346M(512M) 0,929ms
[2020-11-04T20:38:06.491+0300][134,901s][info][gc] GC(1968) Pause Young (Normal) (G1 Evacuation Pause) 446M->334M(512M) 7,906ms
[2020-11-04T20:38:06.530+0300][134,940s][info][gc] GC(1965) Pause Cleanup 390M->390M(512M) 0,195ms
[2020-11-04T20:38:06.531+0300][134,941s][info][gc] GC(1965) Concurrent Cycle 198,744ms
[2020-11-04T20:38:06.562+0300][134,972s][info][gc] GC(1969) Pause Young (Normal) (G1 Evacuation Pause) 446M->337M(512M) 9,101ms
[2020-11-04T20:38:06.615+0300][135,025s][info][gc] GC(1970) Pause Young (Concurrent Start) (G1 Evacuation Pause) 447M->340M(512M) 9,008ms
[2020-11-04T20:38:06.615+0300][135,025s][info][gc] GC(1971) Concurrent Cycle
[2020-11-04T20:38:06.670+0300][135,080s][info][gc] GC(1972) Pause Young (Normal) (G1 Evacuation Pause) 446M->344M(512M) 8,251ms
[2020-11-04T20:38:06.754+0300][135,164s][info][gc] GC(1973) Pause Young (Normal) (G1 Evacuation Pause) 447M->347M(512M) 7,628ms
[2020-11-04T20:38:06.799+0300][135,209s][info][gc] GC(1971) Pause Remark 441M->441M(512M) 1,199ms
[2020-11-04T20:38:06.809+0300][135,219s][info][gc] GC(1974) Pause Young (Normal) (G1 Evacuation Pause) 446M->350M(512M) 8,193ms
[2020-11-04T20:38:06.875+0300][135,285s][info][gc] GC(1975) Pause Young (Normal) (G1 Evacuation Pause) 452M->357M(512M) 6,496ms
[2020-11-04T20:38:06.902+0300][135,312s][info][gc] GC(1971) Pause Cleanup 395M->395M(512M) 0,261ms
[2020-11-04T20:38:06.902+0300][135,312s][info][gc] GC(1971) Concurrent Cycle 287,085ms
[2020-11-04T20:38:06.931+0300][135,341s][info][gc] GC(1976) Pause Young (Normal) (G1 Evacuation Pause) 448M->360M(512M) 8,238ms
[2020-11-04T20:38:06.993+0300][135,403s][info][gc] GC(1977) Pause Young (Concurrent Start) (G1 Evacuation Pause) 447M->363M(512M) 7,701ms
[2020-11-04T20:38:06.993+0300][135,403s][info][gc] GC(1978) Concurrent Cycle
[2020-11-04T20:38:07.045+0300][135,455s][info][gc] GC(1979) Pause Young (Normal) (G1 Evacuation Pause) 449M->365M(512M) 7,055ms
[2020-11-04T20:38:07.087+0300][135,496s][info][gc] GC(1980) Pause Young (Normal) (G1 Evacuation Pause) 448M->368M(512M) 5,346ms
[2020-11-04T20:38:07.090+0300][135,500s][info][gc] GC(1978) Pause Remark 375M->307M(512M) 0,758ms
[2020-11-04T20:38:07.124+0300][135,534s][info][gc] GC(1981) Pause Young (Normal) (G1 Evacuation Pause) 382M->303M(512M) 5,846ms
[2020-11-04T20:38:07.143+0300][135,553s][info][gc] GC(1978) Pause Cleanup 354M->354M(512M) 0,226ms
[2020-11-04T20:38:07.144+0300][135,553s][info][gc] GC(1978) Concurrent Cycle 150,488ms
[2020-11-04T20:38:07.183+0300][135,593s][info][gc] GC(1982) Pause Young (Prepare Mixed) (G1 Evacuation Pause) 447M->307M(512M) 7,160ms
[2020-11-04T20:38:07.198+0300][135,608s][info][gc] GC(1983) Pause Young (Mixed) (G1 Evacuation Pause) 319M->272M(512M) 10,237ms
[2020-11-04T20:38:07.262+0300][135,672s][info][gc] GC(1984) Pause Young (Normal) (G1 Evacuation Pause) 445M->276M(512M) 4,684ms
[2020-11-04T20:38:07.328+0300][135,738s][info][gc] GC(1985) Pause Young (Normal) (G1 Evacuation Pause) 446M->281M(512M) 6,470ms
[2020-11-04T20:38:07.393+0300][135,803s][info][gc] GC(1986) Pause Young (Concurrent Start) (G1 Evacuation Pause) 446M->286M(512M) 8,383ms
[2020-11-04T20:38:07.393+0300][135,803s][info][gc] GC(1987) Concurrent Cycle
[2020-11-04T20:38:07.462+0300][135,872s][info][gc] GC(1988) Pause Young (Normal) (G1 Evacuation Pause) 441M->292M(512M) 9,106ms
[2020-11-04T20:38:07.484+0300][135,894s][info][gc] GC(1987) Pause Remark 347M->344M(512M) 0,603ms
[2020-11-04T20:38:07.528+0300][135,938s][info][gc] GC(1989) Pause Young (Normal) (G1 Evacuation Pause) 439M->293M(512M) 8,487ms
[2020-11-04T20:38:07.543+0300][135,953s][info][gc] GC(1987) Pause Cleanup 335M->335M(512M) 0,219ms
[2020-11-04T20:38:07.544+0300][135,954s][info][gc] GC(1987) Concurrent Cycle 150,532ms
[2020-11-04T20:38:07.590+0300][136,000s][info][gc] GC(1990) Pause Young (Normal) (G1 Evacuation Pause) 443M->298M(512M) 8,802ms
[2020-11-04T20:38:07.649+0300][136,059s][info][gc] GC(1991) Pause Young (Concurrent Start) (G1 Evacuation Pause) 443M->302M(512M) 8,657ms
[2020-11-04T20:38:07.649+0300][136,059s][info][gc] GC(1992) Concurrent Cycle
[2020-11-04T20:38:07.711+0300][136,121s][info][gc] GC(1993) Pause Young (Normal) (G1 Evacuation Pause) 444M->307M(512M) 8,217ms
[2020-11-04T20:38:07.745+0300][136,155s][info][gc] GC(1992) Pause Remark 393M->393M(512M) 0,705ms
[2020-11-04T20:38:07.772+0300][136,182s][info][gc] GC(1994) Pause Young (Normal) (G1 Evacuation Pause) 444M->311M(512M) 7,901ms
[2020-11-04T20:38:07.809+0300][136,219s][info][gc] GC(1992) Pause Cleanup 412M->412M(512M) 0,228ms
[2020-11-04T20:38:07.810+0300][136,220s][info][gc] GC(1992) Concurrent Cycle 160,686ms
[2020-11-04T20:38:07.830+0300][136,240s][info][gc] GC(1995) Pause Young (Normal) (G1 Evacuation Pause) 444M->315M(512M) 8,955ms
[2020-11-04T20:38:07.883+0300][136,293s][info][gc] GC(1996) Pause Young (Concurrent Start) (G1 Evacuation Pause) 443M->319M(512M) 8,192ms
[2020-11-04T20:38:07.883+0300][136,293s][info][gc] GC(1997) Concurrent Cycle
[2020-11-04T20:38:07.938+0300][136,348s][info][gc] GC(1998) Pause Young (Normal) (G1 Evacuation Pause) 445M->324M(512M) 7,863ms
[2020-11-04T20:38:07.991+0300][136,401s][info][gc] GC(1999) Pause Young (Normal) (G1 Evacuation Pause) 445M->327M(512M) 7,234ms
[2020-11-04T20:38:08.020+0300][136,430s][info][gc] GC(1997) Pause Remark 401M->401M(512M) 0,797ms
[2020-11-04T20:38:08.044+0300][136,454s][info][gc] GC(2000) Pause Young (Normal) (G1 Evacuation Pause) 446M->331M(512M) 7,075ms
[2020-11-04T20:38:08.093+0300][136,503s][info][gc] GC(2001) Pause Young (Normal) (G1 Evacuation Pause) 446M->334M(512M) 6,844ms
[2020-11-04T20:38:08.096+0300][136,506s][info][gc] GC(1997) Pause Cleanup 342M->342M(512M) 0,214ms
[2020-11-04T20:38:08.096+0300][136,506s][info][gc] GC(1997) Concurrent Cycle 213,594ms
[2020-11-04T20:38:08.139+0300][136,549s][info][gc] GC(2002) Pause Young (Normal) (G1 Evacuation Pause) 445M->338M(512M) 7,270ms
[2020-11-04T20:38:08.184+0300][136,594s][info][gc] GC(2003) Pause Young (Concurrent Start) (G1 Evacuation Pause) 447M->341M(512M) 7,095ms
[2020-11-04T20:38:08.184+0300][136,594s][info][gc] GC(2004) Concurrent Cycle
[2020-11-04T20:38:08.231+0300][136,641s][info][gc] GC(2005) Pause Young (Normal) (G1 Evacuation Pause) 447M->344M(512M) 6,504ms
[2020-11-04T20:38:08.295+0300][136,705s][info][gc] GC(2006) Pause Young (Normal) (G1 Evacuation Pause) 446M->348M(512M) 6,227ms
[2020-11-04T20:38:08.311+0300][136,721s][info][gc] GC(2004) Pause Remark 388M->388M(512M) 0,646ms
[2020-11-04T20:38:08.339+0300][136,749s][info][gc] GC(2007) Pause Young (Normal) (G1 Evacuation Pause) 446M->351M(512M) 6,498ms
[2020-11-04T20:38:08.380+0300][136,790s][info][gc] GC(2008) Pause Young (Normal) (G1 Evacuation Pause) 448M->354M(512M) 6,010ms
[2020-11-04T20:38:08.394+0300][136,804s][info][gc] GC(2004) Pause Cleanup 373M->373M(512M) 0,222ms
[2020-11-04T20:38:08.394+0300][136,804s][info][gc] GC(2004) Concurrent Cycle 209,868ms
[2020-11-04T20:38:08.426+0300][136,836s][info][gc] GC(2009) Pause Young (Normal) (G1 Evacuation Pause) 448M->357M(512M) 6,424ms
[2020-11-04T20:38:08.454+0300][136,864s][info][gc] GC(2010) Pause Young (Concurrent Start) (G1 Humongous Allocation) 385M->358M(512M) 6,696ms
[2020-11-04T20:38:08.454+0300][136,864s][info][gc] GC(2011) Concurrent Cycle
[2020-11-04T20:38:08.496+0300][136,906s][info][gc] GC(2012) Pause Young (Normal) (G1 Evacuation Pause) 454M->364M(512M) 5,204ms
[2020-11-04T20:38:08.534+0300][136,944s][info][gc] GC(2013) Pause Young (Normal) (G1 Evacuation Pause) 448M->367M(512M) 5,588ms
[2020-11-04T20:38:08.538+0300][136,948s][info][gc] GC(2011) Pause Remark 372M->304M(512M) 0,824ms
[2020-11-04T20:38:08.582+0300][136,992s][info][gc] GC(2014) Pause Young (Normal) (G1 Evacuation Pause) 383M->300M(512M) 4,730ms
[2020-11-04T20:38:08.598+0300][137,008s][info][gc] GC(2011) Pause Cleanup 324M->324M(512M) 0,196ms
[2020-11-04T20:38:08.598+0300][137,008s][info][gc] GC(2011) Concurrent Cycle 144,681ms
[2020-11-04T20:38:08.650+0300][137,060s][info][gc] GC(2015) Pause Young (Prepare Mixed) (G1 Evacuation Pause) 447M->305M(512M) 7,932ms
[2020-11-04T20:38:08.665+0300][137,075s][info][gc] GC(2016) Pause Young (Mixed) (G1 Evacuation Pause) 317M->271M(512M) 10,434ms
[2020-11-04T20:38:08.731+0300][137,141s][info][gc] GC(2017) Pause Young (Normal) (G1 Evacuation Pause) 446M->275M(512M) 4,657ms
[2020-11-04T20:38:08.796+0300][137,206s][info][gc] GC(2018) Pause Young (Normal) (G1 Evacuation Pause) 445M->281M(512M) 6,492ms
[2020-11-04T20:38:08.862+0300][137,272s][info][gc] GC(2019) Pause Young (Concurrent Start) (G1 Evacuation Pause) 447M->286M(512M) 8,273ms
[2020-11-04T20:38:08.862+0300][137,272s][info][gc] GC(2020) Concurrent Cycle
[2020-11-04T20:38:08.930+0300][137,340s][info][gc] GC(2021) Pause Young (Normal) (G1 Evacuation Pause) 440M->290M(512M) 8,962ms
[2020-11-04T20:38:08.950+0300][137,360s][info][gc] GC(2020) Pause Remark 340M->334M(512M) 0,779ms
[2020-11-04T20:38:08.996+0300][137,406s][info][gc] GC(2022) Pause Young (Normal) (G1 Evacuation Pause) 437M->290M(512M) 8,659ms
[2020-11-04T20:38:09.009+0300][137,419s][info][gc] GC(2020) Pause Cleanup 322M->322M(512M) 0,349ms
[2020-11-04T20:38:09.009+0300][137,419s][info][gc] GC(2020) Concurrent Cycle 147,351ms
[2020-11-04T20:38:09.060+0300][137,470s][info][gc] GC(2023) Pause Young (Normal) (G1 Evacuation Pause) 443M->294M(512M) 8,973ms
[2020-11-04T20:38:09.120+0300][137,530s][info][gc] GC(2024) Pause Young (Concurrent Start) (G1 Evacuation Pause) 442M->299M(512M) 8,762ms
[2020-11-04T20:38:09.120+0300][137,530s][info][gc] GC(2025) Concurrent Cycle
[2020-11-04T20:38:09.184+0300][137,594s][info][gc] GC(2026) Pause Young (Normal) (G1 Evacuation Pause) 443M->304M(512M) 8,333ms
[2020-11-04T20:38:09.229+0300][137,639s][info][gc] GC(2025) Pause Remark 421M->421M(512M) 0,819ms
[2020-11-04T20:38:09.245+0300][137,655s][info][gc] GC(2027) Pause Young (Normal) (G1 Evacuation Pause) 443M->308M(512M) 7,885ms
[2020-11-04T20:38:09.291+0300][137,701s][info][gc] GC(2025) Pause Cleanup 435M->435M(512M) 0,276ms
[2020-11-04T20:38:09.292+0300][137,702s][info][gc] GC(2025) Concurrent Cycle 171,612ms
[2020-11-04T20:38:09.303+0300][137,713s][info][gc] GC(2028) Pause Young (Normal) (G1 Evacuation Pause) 444M->312M(512M) 8,065ms
[2020-11-04T20:38:09.357+0300][137,767s][info][gc] GC(2029) Pause Young (Concurrent Start) (G1 Evacuation Pause) 443M->316M(512M) 8,186ms
[2020-11-04T20:38:09.357+0300][137,767s][info][gc] GC(2030) Concurrent Cycle
[2020-11-04T20:38:09.413+0300][137,823s][info][gc] GC(2031) Pause Young (Normal) (G1 Evacuation Pause) 445M->320M(512M) 7,467ms
[2020-11-04T20:38:09.458+0300][137,868s][info][gc] GC(2030) Pause Remark 435M->435M(512M) 0,722ms
[2020-11-04T20:38:09.469+0300][137,879s][info][gc] GC(2032) Pause Young (Normal) (G1 Evacuation Pause) 444M->325M(512M) 7,408ms
[2020-11-04T20:38:09.535+0300][137,945s][info][gc] GC(2033) Pause Young (Normal) (G1 Evacuation Pause) 445M->328M(512M) 7,201ms
[2020-11-04T20:38:09.541+0300][137,951s][info][gc] GC(2030) Pause Cleanup 336M->336M(512M) 0,250ms
[2020-11-04T20:38:09.542+0300][137,952s][info][gc] GC(2030) Concurrent Cycle 184,880ms
[2020-11-04T20:38:09.589+0300][137,999s][info][gc] GC(2034) Pause Young (Normal) (G1 Evacuation Pause) 446M->331M(512M) 9,187ms
[2020-11-04T20:38:09.638+0300][138,048s][info][gc] GC(2035) Pause Young (Concurrent Start) (G1 Evacuation Pause) 445M->335M(512M) 8,938ms
[2020-11-04T20:38:09.638+0300][138,048s][info][gc] GC(2036) Concurrent Cycle
[2020-11-04T20:38:09.687+0300][138,097s][info][gc] GC(2037) Pause Young (Normal) (G1 Evacuation Pause) 445M->339M(512M) 6,741ms
[2020-11-04T20:38:09.735+0300][138,145s][info][gc] GC(2038) Pause Young (Normal) (G1 Evacuation Pause) 447M->342M(512M) 6,700ms
[2020-11-04T20:38:09.754+0300][138,164s][info][gc] GC(2036) Pause Remark 391M->391M(512M) 0,602ms
[2020-11-04T20:38:09.781+0300][138,191s][info][gc] GC(2039) Pause Young (Normal) (G1 Evacuation Pause) 447M->346M(512M) 6,377ms
[2020-11-04T20:38:09.832+0300][138,242s][info][gc] GC(2036) Pause Cleanup 445M->445M(512M) 0,228ms
[2020-11-04T20:38:09.833+0300][138,243s][info][gc] GC(2036) Concurrent Cycle 194,736ms
[2020-11-04T20:38:09.840+0300][138,250s][info][gc] GC(2040) Pause Young (Normal) (G1 Evacuation Pause) 447M->348M(512M) 6,633ms
[2020-11-04T20:38:09.881+0300][138,291s][info][gc] GC(2041) Pause Young (Concurrent Start) (G1 Evacuation Pause) 447M->351M(512M) 6,895ms
[2020-11-04T20:38:09.881+0300][138,291s][info][gc] GC(2042) Concurrent Cycle
[2020-11-04T20:38:09.925+0300][138,335s][info][gc] GC(2043) Pause Young (Normal) (G1 Evacuation Pause) 447M->355M(512M) 6,282ms
[2020-11-04T20:38:09.966+0300][138,376s][info][gc] GC(2044) Pause Young (Normal) (G1 Evacuation Pause) 448M->358M(512M) 5,795ms
[2020-11-04T20:38:10.004+0300][138,414s][info][gc] GC(2042) Pause Remark 426M->426M(512M) 0,935ms
[2020-11-04T20:38:10.018+0300][138,428s][info][gc] GC(2045) Pause Young (Normal) (G1 Evacuation Pause) 452M->365M(512M) 5,877ms
[2020-11-04T20:38:10.054+0300][138,464s][info][gc] GC(2046) Pause Young (Normal) (G1 Evacuation Pause) 448M->367M(512M) 5,406ms
[2020-11-04T20:38:10.089+0300][138,499s][info][gc] GC(2047) Pause Young (Normal) (G1 Evacuation Pause) 448M->370M(512M) 5,256ms
[2020-11-04T20:38:10.091+0300][138,501s][info][gc] GC(2042) Pause Cleanup 373M->373M(512M) 0,229ms
[2020-11-04T20:38:10.091+0300][138,501s][info][gc] GC(2042) Concurrent Cycle 209,947ms
[2020-11-04T20:38:10.123+0300][138,533s][info][gc] GC(2048) Pause Young (Normal) (G1 Evacuation Pause) 449M->372M(512M) 5,594ms
[2020-11-04T20:38:10.156+0300][138,566s][info][gc] GC(2049) Pause Young (Concurrent Start) (G1 Evacuation Pause) 450M->375M(512M) 5,734ms
[2020-11-04T20:38:10.156+0300][138,566s][info][gc] GC(2050) Concurrent Cycle
[2020-11-04T20:38:10.190+0300][138,600s][info][gc] GC(2051) Pause Young (Normal) (G1 Evacuation Pause) 450M->377M(512M) 5,025ms
[2020-11-04T20:38:10.223+0300][138,633s][info][gc] GC(2052) Pause Young (Normal) (G1 Evacuation Pause) 449M->379M(512M) 5,187ms
[2020-11-04T20:38:10.241+0300][138,651s][info][gc] GC(2050) Pause Remark 423M->356M(512M) 0,793ms
[2020-11-04T20:38:10.264+0300][138,674s][info][gc] GC(2053) Pause Young (Normal) (G1 Evacuation Pause) 382M->314M(512M) 4,915ms
[2020-11-04T20:38:10.306+0300][138,716s][info][gc] GC(2050) Pause Cleanup 377M->377M(512M) 0,239ms
[2020-11-04T20:38:10.307+0300][138,717s][info][gc] GC(2050) Concurrent Cycle 150,597ms
[2020-11-04T20:38:10.338+0300][138,748s][info][gc] GC(2054) Pause Young (Prepare Mixed) (G1 Evacuation Pause) 448M->318M(512M) 6,303ms
[2020-11-04T20:38:10.352+0300][138,762s][info][gc] GC(2055) Pause Young (Mixed) (G1 Evacuation Pause) 332M->278M(512M) 8,490ms
[2020-11-04T20:38:10.414+0300][138,824s][info][gc] GC(2056) Pause Young (Normal) (G1 Evacuation Pause) 446M->283M(512M) 4,630ms
[2020-11-04T20:38:10.480+0300][138,890s][info][gc] GC(2057) Pause Young (Normal) (G1 Evacuation Pause) 446M->288M(512M) 6,476ms
[2020-11-04T20:38:10.544+0300][138,954s][info][gc] GC(2058) Pause Young (Concurrent Start) (G1 Evacuation Pause) 446M->293M(512M) 8,070ms
[2020-11-04T20:38:10.544+0300][138,954s][info][gc] GC(2059) Concurrent Cycle
[2020-11-04T20:38:10.621+0300][139,031s][info][gc] GC(2060) Pause Young (Normal) (G1 Evacuation Pause) 441M->298M(512M) 8,874ms
[2020-11-04T20:38:10.644+0300][139,054s][info][gc] GC(2059) Pause Remark 357M->357M(512M) 0,703ms
[2020-11-04T20:38:10.685+0300][139,095s][info][gc] GC(2061) Pause Young (Normal) (G1 Evacuation Pause) 443M->302M(512M) 8,330ms
[2020-11-04T20:38:10.715+0300][139,125s][info][gc] GC(2059) Pause Cleanup 385M->385M(512M) 0,234ms
[2020-11-04T20:38:10.715+0300][139,125s][info][gc] GC(2059) Concurrent Cycle 171,037ms
[2020-11-04T20:38:10.743+0300][139,153s][info][gc] GC(2062) Pause Young (Normal) (G1 Evacuation Pause) 442M->307M(512M) 8,433ms
[2020-11-04T20:38:10.800+0300][139,210s][info][gc] GC(2063) Pause Young (Concurrent Start) (G1 Evacuation Pause) 442M->311M(512M) 9,851ms
[2020-11-04T20:38:10.800+0300][139,210s][info][gc] GC(2064) Concurrent Cycle
[2020-11-04T20:38:10.859+0300][139,269s][info][gc] GC(2065) Pause Young (Normal) (G1 Evacuation Pause) 443M->315M(512M) 7,987ms
[2020-11-04T20:38:10.900+0300][139,310s][info][gc] GC(2064) Pause Remark 419M->419M(512M) 1,846ms
[2020-11-04T20:38:10.918+0300][139,328s][info][gc] GC(2066) Pause Young (Normal) (G1 Evacuation Pause) 445M->319M(512M) 7,748ms
[2020-11-04T20:38:10.971+0300][139,381s][info][gc] GC(2067) Pause Young (Normal) (G1 Evacuation Pause) 445M->323M(512M) 7,280ms
[2020-11-04T20:38:10.973+0300][139,383s][info][gc] GC(2064) Pause Cleanup 327M->327M(512M) 0,214ms
[2020-11-04T20:38:10.973+0300][139,383s][info][gc] GC(2064) Concurrent Cycle 173,158ms
[2020-11-04T20:38:11.022+0300][139,432s][info][gc] GC(2068) Pause Young (Normal) (G1 Evacuation Pause) 444M->326M(512M) 7,820ms
[2020-11-04T20:38:11.073+0300][139,483s][info][gc] GC(2069) Pause Young (Concurrent Start) (G1 Evacuation Pause) 445M->331M(512M) 9,684ms
[2020-11-04T20:38:11.073+0300][139,483s][info][gc] GC(2070) Concurrent Cycle
[2020-11-04T20:38:11.125+0300][139,535s][info][gc] GC(2071) Pause Young (Normal) (G1 Evacuation Pause) 446M->334M(512M) 7,352ms
[2020-11-04T20:38:11.189+0300][139,599s][info][gc] GC(2072) Pause Young (Normal) (G1 Evacuation Pause) 445M->337M(512M) 6,924ms
[2020-11-04T20:38:11.195+0300][139,605s][info][gc] GC(2070) Pause Remark 349M->349M(512M) 0,618ms
[2020-11-04T20:38:11.237+0300][139,647s][info][gc] GC(2073) Pause Young (Normal) (G1 Evacuation Pause) 446M->341M(512M) 6,632ms
[2020-11-04T20:38:11.265+0300][139,675s][info][gc] GC(2070) Pause Cleanup 416M->416M(512M) 0,243ms
[2020-11-04T20:38:11.265+0300][139,675s][info][gc] GC(2070) Concurrent Cycle 191,669ms
[2020-11-04T20:38:11.284+0300][139,694s][info][gc] GC(2074) Pause Young (Normal) (G1 Evacuation Pause) 447M->345M(512M) 7,694ms
[2020-11-04T20:38:11.327+0300][139,737s][info][gc] GC(2075) Pause Young (Concurrent Start) (G1 Evacuation Pause) 447M->348M(512M) 6,939ms
[2020-11-04T20:38:11.327+0300][139,737s][info][gc] GC(2076) Concurrent Cycle
[2020-11-04T20:38:11.371+0300][139,781s][info][gc] GC(2077) Pause Young (Normal) (G1 Evacuation Pause) 447M->350M(512M) 6,317ms
[2020-11-04T20:38:11.415+0300][139,825s][info][gc] GC(2078) Pause Young (Normal) (G1 Evacuation Pause) 447M->354M(512M) 6,344ms
[2020-11-04T20:38:11.447+0300][139,857s][info][gc] GC(2076) Pause Remark 436M->436M(512M) 0,648ms
[2020-11-04T20:38:11.457+0300][139,867s][info][gc] GC(2079) Pause Young (Normal) (G1 Evacuation Pause) 448M->357M(512M) 5,917ms
[2020-11-04T20:38:11.510+0300][139,920s][info][gc] GC(2080) Pause Young (Normal) (G1 Evacuation Pause) 448M->360M(512M) 5,875ms
[2020-11-04T20:38:11.534+0300][139,943s][info][gc] GC(2076) Pause Cleanup 422M->422M(512M) 0,284ms
[2020-11-04T20:38:11.534+0300][139,944s][info][gc] GC(2076) Concurrent Cycle 207,281ms
[2020-11-04T20:38:11.549+0300][139,959s][info][gc] GC(2081) Pause Young (Normal) (G1 Evacuation Pause) 448M->362M(512M) 6,186ms
[2020-11-04T20:38:11.590+0300][140,000s][info][gc] GC(2082) Pause Young (Concurrent Start) (G1 Humongous Allocation) 430M->364M(512M) 6,717ms
[2020-11-04T20:38:11.590+0300][140,000s][info][gc] GC(2083) Concurrent Cycle
[2020-11-04T20:38:11.632+0300][140,042s][info][gc] GC(2084) Pause Young (Normal) (G1 Evacuation Pause) 454M->371M(512M) 5,725ms
[2020-11-04T20:38:11.667+0300][140,077s][info][gc] GC(2085) Pause Young (Normal) (G1 Evacuation Pause) 450M->373M(512M) 4,973ms
[2020-11-04T20:38:11.679+0300][140,089s][info][gc] GC(2083) Pause Remark 389M->321M(512M) 0,951ms
[2020-11-04T20:38:11.706+0300][140,116s][info][gc] GC(2086) Pause Young (Normal) (G1 Evacuation Pause) 381M->306M(512M) 4,796ms
[2020-11-04T20:38:11.738+0300][140,148s][info][gc] GC(2083) Pause Cleanup 357M->357M(512M) 0,215ms
[2020-11-04T20:38:11.738+0300][140,148s][info][gc] GC(2083) Concurrent Cycle 147,647ms
[2020-11-04T20:38:11.776+0300][140,186s][info][gc] GC(2087) Pause Young (Prepare Mixed) (G1 Evacuation Pause) 448M->310M(512M) 6,434ms
[2020-11-04T20:38:11.791+0300][140,201s][info][gc] GC(2088) Pause Young (Mixed) (G1 Evacuation Pause) 323M->276M(512M) 9,874ms
[2020-11-04T20:38:11.855+0300][140,265s][info][gc] GC(2089) Pause Young (Normal) (G1 Evacuation Pause) 446M->281M(512M) 4,594ms
[2020-11-04T20:38:11.921+0300][140,331s][info][gc] GC(2090) Pause Young (Normal) (G1 Evacuation Pause) 446M->286M(512M) 6,577ms
[2020-11-04T20:38:11.985+0300][140,395s][info][gc] GC(2091) Pause Young (Concurrent Start) (G1 Evacuation Pause) 446M->291M(512M) 8,109ms
[2020-11-04T20:38:11.985+0300][140,395s][info][gc] GC(2092) Concurrent Cycle
[2020-11-04T20:38:12.062+0300][140,472s][info][gc] GC(2093) Pause Young (Normal) (G1 Evacuation Pause) 441M->296M(512M) 8,861ms
[2020-11-04T20:38:12.083+0300][140,493s][info][gc] GC(2092) Pause Remark 326M->321M(512M) 0,826ms
[2020-11-04T20:38:12.133+0300][140,543s][info][gc] GC(2094) Pause Young (Normal) (G1 Evacuation Pause) 436M->296M(512M) 8,159ms
[2020-11-04T20:38:12.156+0300][140,566s][info][gc] GC(2092) Pause Cleanup 359M->359M(512M) 0,219ms
[2020-11-04T20:38:12.157+0300][140,567s][info][gc] GC(2092) Concurrent Cycle 172,068ms
[2020-11-04T20:38:12.195+0300][140,605s][info][gc] GC(2095) Pause Young (Normal) (G1 Evacuation Pause) 443M->300M(512M) 8,734ms
[2020-11-04T20:38:12.253+0300][140,663s][info][gc] GC(2096) Pause Young (Concurrent Start) (G1 Evacuation Pause) 444M->304M(512M) 8,515ms
[2020-11-04T20:38:12.253+0300][140,663s][info][gc] GC(2097) Concurrent Cycle
[2020-11-04T20:38:12.315+0300][140,725s][info][gc] GC(2098) Pause Young (Normal) (G1 Evacuation Pause) 443M->309M(512M) 8,138ms
[2020-11-04T20:38:12.374+0300][140,784s][info][gc] GC(2099) Pause Young (Normal) (G1 Evacuation Pause) 444M->312M(512M) 7,706ms
[2020-11-04T20:38:12.378+0300][140,788s][info][gc] GC(2097) Pause Remark 321M->321M(512M) 0,849ms
[2020-11-04T20:38:12.431+0300][140,841s][info][gc] GC(2100) Pause Young (Normal) (G1 Evacuation Pause) 444M->317M(512M) 7,632ms
[2020-11-04T20:38:12.442+0300][140,852s][info][gc] GC(2097) Pause Cleanup 347M->347M(512M) 0,236ms
[2020-11-04T20:38:12.443+0300][140,853s][info][gc] GC(2097) Concurrent Cycle 189,723ms
[2020-11-04T20:38:12.485+0300][140,895s][info][gc] GC(2101) Pause Young (Normal) (G1 Evacuation Pause) 445M->321M(512M) 7,968ms
[2020-11-04T20:38:12.535+0300][140,945s][info][gc] GC(2102) Pause Young (Concurrent Start) (G1 Evacuation Pause) 444M->325M(512M) 7,959ms
[2020-11-04T20:38:12.535+0300][140,945s][info][gc] GC(2103) Concurrent Cycle
[2020-11-04T20:38:12.589+0300][140,999s][info][gc] GC(2104) Pause Young (Normal) (G1 Evacuation Pause) 444M->328M(512M) 7,248ms
[2020-11-04T20:38:12.641+0300][141,051s][info][gc] GC(2105) Pause Young (Normal) (G1 Evacuation Pause) 445M->332M(512M) 6,928ms
[2020-11-04T20:38:12.647+0300][141,057s][info][gc] GC(2103) Pause Remark 345M->345M(512M) 0,651ms
[2020-11-04T20:38:12.690+0300][141,100s][info][gc] GC(2106) Pause Young (Normal) (G1 Evacuation Pause) 445M->336M(512M) 6,758ms
[2020-11-04T20:38:12.715+0300][141,125s][info][gc] GC(2103) Pause Cleanup 404M->404M(512M) 0,212ms
[2020-11-04T20:38:12.716+0300][141,126s][info][gc] GC(2103) Concurrent Cycle 180,160ms
[2020-11-04T20:38:12.737+0300][141,147s][info][gc] GC(2107) Pause Young (Normal) (G1 Evacuation Pause) 447M->339M(512M) 7,120ms
[2020-11-04T20:38:12.782+0300][141,192s][info][gc] GC(2108) Pause Young (Concurrent Start) (G1 Evacuation Pause) 446M->343M(512M) 7,122ms
[2020-11-04T20:38:12.782+0300][141,192s][info][gc] GC(2109) Concurrent Cycle
[2020-11-04T20:38:12.829+0300][141,239s][info][gc] GC(2110) Pause Young (Normal) (G1 Evacuation Pause) 447M->346M(512M) 6,664ms
[2020-11-04T20:38:12.873+0300][141,283s][info][gc] GC(2111) Pause Young (Normal) (G1 Evacuation Pause) 446M->349M(512M) 6,581ms
[2020-11-04T20:38:12.910+0300][141,320s][info][gc] GC(2109) Pause Remark 444M->444M(512M) 0,594ms
[2020-11-04T20:38:12.918+0300][141,328s][info][gc] GC(2112) Pause Young (Normal) (G1 Evacuation Pause) 448M->352M(512M) 6,517ms
[2020-11-04T20:38:12.959+0300][141,369s][info][gc] GC(2113) Pause Young (Normal) (G1 Evacuation Pause) 448M->355M(512M) 6,140ms
[2020-11-04T20:38:12.999+0300][141,408s][info][gc] GC(2114) Pause Young (Normal) (G1 Evacuation Pause) 447M->358M(512M) 6,512ms
[2020-11-04T20:38:13.012+0300][141,422s][info][gc] GC(2109) Pause Cleanup 378M->378M(512M) 0,258ms
[2020-11-04T20:38:13.012+0300][141,422s][info][gc] GC(2109) Concurrent Cycle 230,381ms
[2020-11-04T20:38:13.044+0300][141,454s][info][gc] GC(2115) Pause Young (Normal) (G1 Evacuation Pause) 447M->361M(512M) 7,417ms
[2020-11-04T20:38:13.081+0300][141,491s][info][gc] GC(2116) Pause Young (Concurrent Start) (G1 Evacuation Pause) 449M->364M(512M) 6,199ms
[2020-11-04T20:38:13.081+0300][141,491s][info][gc] GC(2117) Concurrent Cycle
[2020-11-04T20:38:13.131+0300][141,541s][info][gc] GC(2118) Pause Young (Normal) (G1 Evacuation Pause) 449M->366M(512M) 5,467ms
[2020-11-04T20:38:13.178+0300][141,588s][info][gc] GC(2119) Pause Young (Normal) (G1 Evacuation Pause) 452M->373M(512M) 5,641ms
[2020-11-04T20:38:13.212+0300][141,622s][info][gc] GC(2120) Pause Young (Normal) (G1 Evacuation Pause) 450M->375M(512M) 5,034ms
[2020-11-04T20:38:13.218+0300][141,628s][info][gc] GC(2117) Pause Remark 387M->387M(512M) 1,414ms
[2020-11-04T20:38:13.247+0300][141,657s][info][gc] GC(2121) Pause Young (Normal) (G1 Evacuation Pause) 450M->377M(512M) 4,935ms
[2020-11-04T20:38:13.278+0300][141,688s][info][gc] GC(2122) Pause Young (Normal) (G1 Evacuation Pause) 449M->380M(512M) 4,792ms
[2020-11-04T20:38:13.302+0300][141,712s][info][gc] GC(2117) Pause Cleanup 445M->445M(512M) 0,246ms
[2020-11-04T20:38:13.302+0300][141,712s][info][gc] GC(2117) Concurrent Cycle 221,235ms
[2020-11-04T20:38:13.309+0300][141,719s][info][gc] GC(2123) Pause Young (Normal) (G1 Evacuation Pause) 449M->382M(512M) 5,707ms
[2020-11-04T20:38:13.339+0300][141,749s][info][gc] GC(2124) Pause Young (Concurrent Start) (G1 Evacuation Pause) 451M->384M(512M) 5,334ms
[2020-11-04T20:38:13.339+0300][141,749s][info][gc] GC(2125) Concurrent Cycle
[2020-11-04T20:38:13.369+0300][141,779s][info][gc] GC(2126) Pause Young (Normal) (G1 Evacuation Pause) 450M->386M(512M) 4,671ms
[2020-11-04T20:38:13.398+0300][141,808s][info][gc] GC(2127) Pause Young (Normal) (G1 Evacuation Pause) 450M->388M(512M) 4,442ms
[2020-11-04T20:38:13.427+0300][141,837s][info][gc] GC(2128) Pause Young (Normal) (G1 Evacuation Pause) 450M->390M(512M) 4,629ms
[2020-11-04T20:38:13.432+0300][141,842s][info][gc] GC(2125) Pause Remark 400M->327M(512M) 1,274ms
[2020-11-04T20:38:13.456+0300][141,866s][info][gc] GC(2129) Pause Young (Normal) (G1 Evacuation Pause) 377M->319M(512M) 4,358ms
[2020-11-04T20:38:13.487+0300][141,897s][info][gc] GC(2125) Pause Cleanup 403M->403M(512M) 0,208ms
[2020-11-04T20:38:13.487+0300][141,897s][info][gc] GC(2125) Concurrent Cycle 148,294ms
[2020-11-04T20:38:13.509+0300][141,919s][info][gc] GC(2130) Pause Young (Prepare Mixed) (G1 Evacuation Pause) 448M->323M(512M) 6,200ms
[2020-11-04T20:38:13.524+0300][141,934s][info][gc] GC(2131) Pause Young (Mixed) (G1 Evacuation Pause) 338M->286M(512M) 8,879ms
[2020-11-04T20:38:13.585+0300][141,995s][info][gc] GC(2132) Pause Young (Normal) (G1 Evacuation Pause) 446M->290M(512M) 4,339ms
[2020-11-04T20:38:13.645+0300][142,055s][info][gc] GC(2133) Pause Young (Normal) (G1 Evacuation Pause) 446M->295M(512M) 6,239ms
[2020-11-04T20:38:13.705+0300][142,115s][info][gc] GC(2134) Pause Young (Concurrent Start) (G1 Evacuation Pause) 446M->300M(512M) 7,788ms
[2020-11-04T20:38:13.705+0300][142,115s][info][gc] GC(2135) Concurrent Cycle
[2020-11-04T20:38:13.769+0300][142,179s][info][gc] GC(2136) Pause Young (Normal) (G1 Evacuation Pause) 443M->305M(512M) 8,499ms
[2020-11-04T20:38:13.811+0300][142,221s][info][gc] GC(2135) Pause Remark 363M->363M(512M) 0,884ms
[2020-11-04T20:38:13.866+0300][142,276s][info][gc] GC(2137) Pause Young (Normal) (G1 Evacuation Pause) 443M->309M(512M) 8,369ms
[2020-11-04T20:38:13.882+0300][142,292s][info][gc] GC(2135) Pause Cleanup 350M->350M(512M) 0,216ms
[2020-11-04T20:38:13.882+0300][142,292s][info][gc] GC(2135) Concurrent Cycle 176,907ms
[2020-11-04T20:38:13.924+0300][142,334s][info][gc] GC(2138) Pause Young (Normal) (G1 Evacuation Pause) 444M->313M(512M) 9,235ms
[2020-11-04T20:38:13.979+0300][142,389s][info][gc] GC(2139) Pause Young (Concurrent Start) (G1 Evacuation Pause) 445M->318M(512M) 9,692ms
[2020-11-04T20:38:13.979+0300][142,389s][info][gc] GC(2140) Concurrent Cycle
[2020-11-04T20:38:14.036+0300][142,446s][info][gc] GC(2141) Pause Young (Normal) (G1 Evacuation Pause) 445M->321M(512M) 7,589ms
[2020-11-04T20:38:14.082+0300][142,492s][info][gc] GC(2140) Pause Remark 439M->439M(512M) 0,815ms
[2020-11-04T20:38:14.092+0300][142,502s][info][gc] GC(2142) Pause Young (Normal) (G1 Evacuation Pause) 446M->326M(512M) 7,417ms
[2020-11-04T20:38:14.157+0300][142,567s][info][gc] GC(2143) Pause Young (Normal) (G1 Evacuation Pause) 445M->329M(512M) 7,103ms
[2020-11-04T20:38:14.162+0300][142,572s][info][gc] GC(2140) Pause Cleanup 343M->343M(512M) 0,231ms
[2020-11-04T20:38:14.163+0300][142,573s][info][gc] GC(2140) Concurrent Cycle 183,358ms
[2020-11-04T20:38:14.206+0300][142,616s][info][gc] GC(2144) Pause Young (Normal) (G1 Evacuation Pause) 446M->333M(512M) 7,584ms
[2020-11-04T20:38:14.255+0300][142,665s][info][gc] GC(2145) Pause Young (Concurrent Start) (G1 Evacuation Pause) 446M->337M(512M) 8,929ms
[2020-11-04T20:38:14.255+0300][142,665s][info][gc] GC(2146) Concurrent Cycle
[2020-11-04T20:38:14.304+0300][142,714s][info][gc] GC(2147) Pause Young (Normal) (G1 Evacuation Pause) 446M->340M(512M) 6,730ms
[2020-11-04T20:38:14.370+0300][142,780s][info][gc] GC(2148) Pause Young (Normal) (G1 Evacuation Pause) 447M->344M(512M) 6,580ms
[2020-11-04T20:38:14.380+0300][142,790s][info][gc] GC(2146) Pause Remark 369M->369M(512M) 0,661ms
[2020-11-04T20:38:14.415+0300][142,825s][info][gc] GC(2149) Pause Young (Normal) (G1 Evacuation Pause) 447M->347M(512M) 6,600ms
[2020-11-04T20:38:14.452+0300][142,862s][info][gc] GC(2146) Pause Cleanup 446M->446M(512M) 0,244ms
[2020-11-04T20:38:14.458+0300][142,868s][info][gc] GC(2150) Pause Young (Normal) (G1 Evacuation Pause) 446M->350M(512M) 6,448ms
[2020-11-04T20:38:14.459+0300][142,869s][info][gc] GC(2146) Concurrent Cycle 203,948ms
[2020-11-04T20:38:14.500+0300][142,910s][info][gc] GC(2151) Pause Young (Normal) (G1 Evacuation Pause) 446M->353M(512M) 8,751ms
[2020-11-04T20:38:14.543+0300][142,953s][info][gc] GC(2152) Pause Young (Concurrent Start) (G1 Evacuation Pause) 448M->356M(512M) 6,562ms
[2020-11-04T20:38:14.544+0300][142,954s][info][gc] GC(2153) Concurrent Cycle
[2020-11-04T20:38:14.585+0300][142,995s][info][gc] GC(2154) Pause Young (Normal) (G1 Evacuation Pause) 448M->358M(512M) 5,874ms
[2020-11-04T20:38:14.625+0300][143,035s][info][gc] GC(2155) Pause Young (Normal) (G1 Evacuation Pause) 448M->362M(512M) 5,809ms
[2020-11-04T20:38:14.663+0300][143,073s][info][gc] GC(2156) Pause Young (Normal) (G1 Evacuation Pause) 447M->364M(512M) 5,584ms
[2020-11-04T20:38:14.673+0300][143,083s][info][gc] GC(2153) Pause Remark 387M->387M(512M) 1,007ms
[2020-11-04T20:38:14.701+0300][143,111s][info][gc] GC(2157) Pause Young (Normal) (G1 Evacuation Pause) 448M->367M(512M) 5,589ms
[2020-11-04T20:38:14.746+0300][143,156s][info][gc] GC(2158) Pause Young (Normal) (G1 Evacuation Pause) 452M->373M(512M) 5,566ms
[2020-11-04T20:38:14.754+0300][143,164s][info][gc] GC(2153) Pause Cleanup 393M->393M(512M) 0,224ms
[2020-11-04T20:38:14.754+0300][143,164s][info][gc] GC(2153) Concurrent Cycle 210,924ms
[2020-11-04T20:38:14.781+0300][143,191s][info][gc] GC(2159) Pause Young (Normal) (G1 Evacuation Pause) 450M->376M(512M) 6,773ms
[2020-11-04T20:38:14.817+0300][143,227s][info][gc] GC(2160) Pause Young (Concurrent Start) (G1 Evacuation Pause) 450M->378M(512M) 6,663ms
[2020-11-04T20:38:14.817+0300][143,227s][info][gc] GC(2161) Concurrent Cycle
[2020-11-04T20:38:14.860+0300][143,270s][info][gc] GC(2162) Pause Young (Normal) (G1 Evacuation Pause) 449M->380M(512M) 5,233ms
[2020-11-04T20:38:14.913+0300][143,323s][info][gc] GC(2163) Pause Young (Normal) (G1 Evacuation Pause) 451M->382M(512M) 5,785ms
[2020-11-04T20:38:14.917+0300][143,327s][info][gc] GC(2161) Pause Remark 389M->325M(512M) 1,026ms
[2020-11-04T20:38:14.945+0300][143,355s][info][gc] GC(2164) Pause Young (Normal) (G1 Evacuation Pause) 386M->321M(512M) 5,016ms
[2020-11-04T20:38:14.971+0300][143,381s][info][gc] GC(2161) Pause Cleanup 391M->391M(512M) 0,245ms
[2020-11-04T20:38:14.972+0300][143,382s][info][gc] GC(2161) Concurrent Cycle 154,586ms
[2020-11-04T20:38:14.998+0300][143,408s][info][gc] GC(2165) Pause Young (Prepare Mixed) (G1 Evacuation Pause) 449M->324M(512M) 6,958ms
[2020-11-04T20:38:15.013+0300][143,423s][info][gc] GC(2166) Pause Young (Mixed) (G1 Evacuation Pause) 338M->285M(512M) 8,313ms
[2020-11-04T20:38:15.073+0300][143,483s][info][gc] GC(2167) Pause Young (Normal) (G1 Evacuation Pause) 446M->289M(512M) 4,326ms
[2020-11-04T20:38:15.134+0300][143,544s][info][gc] GC(2168) Pause Young (Normal) (G1 Evacuation Pause) 446M->294M(512M) 6,116ms
[2020-11-04T20:38:15.194+0300][143,604s][info][gc] GC(2169) Pause Young (Concurrent Start) (G1 Evacuation Pause) 446M->299M(512M) 7,951ms
[2020-11-04T20:38:15.194+0300][143,604s][info][gc] GC(2170) Concurrent Cycle
[2020-11-04T20:38:15.258+0300][143,668s][info][gc] GC(2171) Pause Young (Normal) (G1 Evacuation Pause) 443M->303M(512M) 8,555ms
[2020-11-04T20:38:15.292+0300][143,702s][info][gc] GC(2170) Pause Remark 352M->349M(512M) 0,804ms
[2020-11-04T20:38:15.334+0300][143,743s][info][gc] GC(2172) Pause Young (Normal) (G1 Evacuation Pause) 439M->305M(512M) 8,224ms
[2020-11-04T20:38:15.358+0300][143,768s][info][gc] GC(2170) Pause Cleanup 341M->341M(512M) 0,253ms
[2020-11-04T20:38:15.358+0300][143,768s][info][gc] GC(2170) Concurrent Cycle 163,818ms
[2020-11-04T20:38:15.402+0300][143,812s][info][gc] GC(2173) Pause Young (Normal) (G1 Evacuation Pause) 444M->309M(512M) 8,399ms
[2020-11-04T20:38:15.459+0300][143,869s][info][gc] GC(2174) Pause Young (Concurrent Start) (G1 Evacuation Pause) 443M->313M(512M) 10,028ms
[2020-11-04T20:38:15.459+0300][143,869s][info][gc] GC(2175) Concurrent Cycle
[2020-11-04T20:38:15.517+0300][143,927s][info][gc] GC(2176) Pause Young (Normal) (G1 Evacuation Pause) 443M->317M(512M) 7,699ms
[2020-11-04T20:38:15.557+0300][143,967s][info][gc] GC(2175) Pause Remark 417M->417M(512M) 1,402ms
[2020-11-04T20:38:15.574+0300][143,984s][info][gc] GC(2177) Pause Young (Normal) (G1 Evacuation Pause) 444M->321M(512M) 7,410ms
[2020-11-04T20:38:15.626+0300][144,036s][info][gc] GC(2178) Pause Young (Normal) (G1 Evacuation Pause) 444M->325M(512M) 7,201ms
[2020-11-04T20:38:15.628+0300][144,038s][info][gc] GC(2175) Pause Cleanup 329M->329M(512M) 0,212ms
[2020-11-04T20:38:15.629+0300][144,039s][info][gc] GC(2175) Concurrent Cycle 169,295ms
[2020-11-04T20:38:15.677+0300][144,087s][info][gc] GC(2179) Pause Young (Normal) (G1 Evacuation Pause) 444M->329M(512M) 7,531ms
[2020-11-04T20:38:15.725+0300][144,135s][info][gc] GC(2180) Pause Young (Concurrent Start) (G1 Evacuation Pause) 446M->332M(512M) 7,570ms
[2020-11-04T20:38:15.725+0300][144,135s][info][gc] GC(2181) Concurrent Cycle
[2020-11-04T20:38:15.786+0300][144,196s][info][gc] GC(2182) Pause Young (Normal) (G1 Evacuation Pause) 445M->336M(512M) 6,972ms
[2020-11-04T20:38:15.835+0300][144,245s][info][gc] GC(2183) Pause Young (Normal) (G1 Evacuation Pause) 445M->339M(512M) 6,738ms
[2020-11-04T20:38:15.842+0300][144,252s][info][gc] GC(2181) Pause Remark 355M->355M(512M) 0,818ms
[2020-11-04T20:38:15.882+0300][144,292s][info][gc] GC(2184) Pause Young (Normal) (G1 Evacuation Pause) 446M->343M(512M) 6,537ms
[2020-11-04T20:38:15.911+0300][144,321s][info][gc] GC(2181) Pause Cleanup 423M->423M(512M) 0,216ms
[2020-11-04T20:38:15.911+0300][144,321s][info][gc] GC(2181) Concurrent Cycle 186,311ms
[2020-11-04T20:38:15.927+0300][144,337s][info][gc] GC(2185) Pause Young (Normal) (G1 Evacuation Pause) 447M->346M(512M) 6,931ms
[2020-11-04T20:38:15.969+0300][144,379s][info][gc] GC(2186) Pause Young (Concurrent Start) (G1 Evacuation Pause) 446M->349M(512M) 6,846ms
[2020-11-04T20:38:15.969+0300][144,379s][info][gc] GC(2187) Concurrent Cycle
[2020-11-04T20:38:16.013+0300][144,423s][info][gc] GC(2188) Pause Young (Normal) (G1 Evacuation Pause) 448M->352M(512M) 6,270ms
[2020-11-04T20:38:16.055+0300][144,465s][info][gc] GC(2189) Pause Young (Normal) (G1 Evacuation Pause) 447M->355M(512M) 6,206ms
[2020-11-04T20:38:16.087+0300][144,497s][info][gc] GC(2187) Pause Remark 436M->436M(512M) 0,647ms
[2020-11-04T20:38:16.097+0300][144,507s][info][gc] GC(2190) Pause Young (Normal) (G1 Evacuation Pause) 447M->358M(512M) 5,994ms
[2020-11-04T20:38:16.136+0300][144,546s][info][gc] GC(2191) Pause Young (Normal) (G1 Evacuation Pause) 449M->361M(512M) 5,891ms
[2020-11-04T20:38:16.166+0300][144,576s][info][gc] GC(2187) Pause Cleanup 442M->442M(512M) 0,261ms
[2020-11-04T20:38:16.166+0300][144,576s][info][gc] GC(2187) Concurrent Cycle 197,217ms
[2020-11-04T20:38:16.174+0300][144,584s][info][gc] GC(2192) Pause Young (Normal) (G1 Evacuation Pause) 447M->364M(512M) 6,209ms
[2020-11-04T20:38:16.210+0300][144,620s][info][gc] GC(2193) Pause Young (Concurrent Start) (G1 Evacuation Pause) 449M->366M(512M) 5,909ms
[2020-11-04T20:38:16.210+0300][144,620s][info][gc] GC(2194) Concurrent Cycle
[2020-11-04T20:38:16.247+0300][144,657s][info][gc] GC(2195) Pause Young (Normal) (G1 Evacuation Pause) 448M->369M(512M) 5,551ms
[2020-11-04T20:38:16.282+0300][144,692s][info][gc] GC(2196) Pause Young (Normal) (G1 Evacuation Pause) 448M->371M(512M) 5,601ms
[2020-11-04T20:38:16.316+0300][144,726s][info][gc] GC(2197) Pause Young (Normal) (G1 Evacuation Pause) 449M->374M(512M) 5,109ms
[2020-11-04T20:38:16.361+0300][144,771s][info][gc] GC(2198) Pause Young (Normal) (G1 Evacuation Pause) 454M->380M(512M) 5,179ms
[2020-11-04T20:38:16.369+0300][144,779s][info][gc] GC(2194) Pause Remark 399M->399M(512M) 0,836ms
[2020-11-04T20:38:16.393+0300][144,803s][info][gc] GC(2199) Pause Young (Normal) (G1 Evacuation Pause) 449M->382M(512M) 4,588ms
[2020-11-04T20:38:16.437+0300][144,847s][info][gc] GC(2200) Pause Young (Normal) (G1 Evacuation Pause) 449M->384M(512M) 4,563ms
[2020-11-04T20:38:16.460+0300][144,870s][info][gc] GC(2194) Pause Cleanup 445M->445M(512M) 0,245ms
[2020-11-04T20:38:16.460+0300][144,870s][info][gc] GC(2194) Concurrent Cycle 250,691ms
[2020-11-04T20:38:16.467+0300][144,877s][info][gc] GC(2201) Pause Young (Normal) (G1 Evacuation Pause) 450M->387M(512M) 5,132ms
[2020-11-04T20:38:16.496+0300][144,906s][info][gc] GC(2202) Pause Young (Concurrent Start) (G1 Evacuation Pause) 451M->389M(512M) 5,069ms
[2020-11-04T20:38:16.496+0300][144,906s][info][gc] GC(2203) Concurrent Cycle
[2020-11-04T20:38:16.525+0300][144,935s][info][gc] GC(2204) Pause Young (Normal) (G1 Evacuation Pause) 451M->390M(512M) 4,336ms
[2020-11-04T20:38:16.552+0300][144,962s][info][gc] GC(2205) Pause Young (Normal) (G1 Evacuation Pause) 450M->392M(512M) 4,562ms
[2020-11-04T20:38:16.589+0300][144,999s][info][gc] GC(2203) Pause Remark 452M->381M(512M) 0,729ms
[2020-11-04T20:38:16.594+0300][145,004s][info][gc] GC(2206) Pause Young (Normal) (G1 Evacuation Pause) 381M->323M(512M) 4,089ms
[2020-11-04T20:38:16.645+0300][145,055s][info][gc] GC(2207) Pause Young (Normal) (G1 Evacuation Pause) 448M->327M(512M) 5,543ms
[2020-11-04T20:38:16.649+0300][145,059s][info][gc] GC(2203) Pause Cleanup 335M->335M(512M) 0,205ms
[2020-11-04T20:38:16.649+0300][145,059s][info][gc] GC(2203) Concurrent Cycle 152,973ms
[2020-11-04T20:38:16.695+0300][145,105s][info][gc] GC(2208) Pause Young (Prepare Mixed) (G1 Evacuation Pause) 447M->331M(512M) 7,357ms
[2020-11-04T20:38:16.709+0300][145,119s][info][gc] GC(2209) Pause Young (Mixed) (G1 Evacuation Pause) 344M->292M(512M) 8,977ms
[2020-11-04T20:38:16.768+0300][145,178s][info][gc] GC(2210) Pause Young (Normal) (G1 Evacuation Pause) 447M->296M(512M) 4,546ms
[2020-11-04T20:38:16.827+0300][145,237s][info][gc] GC(2211) Pause Young (Normal) (G1 Evacuation Pause) 447M->301M(512M) 6,077ms
[2020-11-04T20:38:16.886+0300][145,296s][info][gc] GC(2212) Pause Young (Concurrent Start) (G1 Evacuation Pause) 448M->306M(512M) 7,769ms
[2020-11-04T20:38:16.886+0300][145,296s][info][gc] GC(2213) Concurrent Cycle
[2020-11-04T20:38:16.947+0300][145,357s][info][gc] GC(2214) Pause Young (Normal) (G1 Evacuation Pause) 443M->310M(512M) 8,153ms
[2020-11-04T20:38:16.983+0300][145,393s][info][gc] GC(2213) Pause Remark 403M->403M(512M) 0,784ms
[2020-11-04T20:38:17.007+0300][145,417s][info][gc] GC(2215) Pause Young (Normal) (G1 Evacuation Pause) 444M->314M(512M) 8,133ms
[2020-11-04T20:38:17.047+0300][145,457s][info][gc] GC(2213) Pause Cleanup 423M->423M(512M) 0,225ms
[2020-11-04T20:38:17.048+0300][145,458s][info][gc] GC(2213) Concurrent Cycle 161,468ms
[2020-11-04T20:38:17.063+0300][145,473s][info][gc] GC(2216) Pause Young (Normal) (G1 Evacuation Pause) 443M->318M(512M) 7,824ms
[2020-11-04T20:38:17.114+0300][145,524s][info][gc] GC(2217) Pause Young (Concurrent Start) (G1 Evacuation Pause) 444M->322M(512M) 7,905ms
[2020-11-04T20:38:17.114+0300][145,524s][info][gc] GC(2218) Concurrent Cycle
[2020-11-04T20:38:17.169+0300][145,579s][info][gc] GC(2219) Pause Young (Normal) (G1 Evacuation Pause) 444M->326M(512M) 7,600ms
[2020-11-04T20:38:17.221+0300][145,631s][info][gc] GC(2220) Pause Young (Normal) (G1 Evacuation Pause) 444M->330M(512M) 7,082ms
[2020-11-04T20:38:17.224+0300][145,634s][info][gc] GC(2218) Pause Remark 334M->334M(512M) 0,611ms
[2020-11-04T20:38:17.271+0300][145,681s][info][gc] GC(2221) Pause Young (Normal) (G1 Evacuation Pause) 446M->333M(512M) 6,857ms
[2020-11-04T20:38:17.291+0300][145,701s][info][gc] GC(2218) Pause Cleanup 386M->386M(512M) 0,269ms
[2020-11-04T20:38:17.291+0300][145,701s][info][gc] GC(2218) Concurrent Cycle 176,955ms
[2020-11-04T20:38:17.319+0300][145,729s][info][gc] GC(2222) Pause Young (Normal) (G1 Evacuation Pause) 445M->337M(512M) 7,255ms
[2020-11-04T20:38:17.365+0300][145,775s][info][gc] GC(2223) Pause Young (Concurrent Start) (G1 Evacuation Pause) 447M->340M(512M) 7,212ms
[2020-11-04T20:38:17.365+0300][145,775s][info][gc] GC(2224) Concurrent Cycle
[2020-11-04T20:38:17.413+0300][145,823s][info][gc] GC(2225) Pause Young (Normal) (G1 Evacuation Pause) 447M->344M(512M) 6,543ms
[2020-11-04T20:38:17.460+0300][145,870s][info][gc] GC(2226) Pause Young (Normal) (G1 Evacuation Pause) 447M->347M(512M) 6,282ms
[2020-11-04T20:38:17.482+0300][145,892s][info][gc] GC(2224) Pause Remark 401M->401M(512M) 0,771ms
[2020-11-04T20:38:17.505+0300][145,915s][info][gc] GC(2227) Pause Young (Normal) (G1 Evacuation Pause) 447M->350M(512M) 6,517ms
[2020-11-04T20:38:17.567+0300][145,977s][info][gc] GC(2228) Pause Young (Normal) (G1 Evacuation Pause) 448M->353M(512M) 6,169ms
[2020-11-04T20:38:17.570+0300][145,980s][info][gc] GC(2224) Pause Cleanup 356M->356M(512M) 0,268ms
[2020-11-04T20:38:17.570+0300][145,980s][info][gc] GC(2224) Concurrent Cycle 205,162ms
[2020-11-04T20:38:17.609+0300][146,019s][info][gc] GC(2229) Pause Young (Normal) (G1 Evacuation Pause) 448M->356M(512M) 6,495ms
[2020-11-04T20:38:17.647+0300][146,057s][info][gc] GC(2230) Pause Young (Concurrent Start) (G1 Evacuation Pause) 447M->358M(512M) 6,458ms
[2020-11-04T20:38:17.647+0300][146,057s][info][gc] GC(2231) Concurrent Cycle
[2020-11-04T20:38:17.688+0300][146,098s][info][gc] GC(2232) Pause Young (Normal) (G1 Evacuation Pause) 448M->362M(512M) 5,596ms
[2020-11-04T20:38:17.743+0300][146,153s][info][gc] GC(2233) Pause Young (Normal) (G1 Evacuation Pause) 449M->364M(512M) 5,514ms
[2020-11-04T20:38:17.781+0300][146,191s][info][gc] GC(2234) Pause Young (Normal) (G1 Evacuation Pause) 448M->367M(512M) 5,754ms
[2020-11-04T20:38:17.783+0300][146,193s][info][gc] GC(2231) Pause Remark 371M->371M(512M) 0,618ms
[2020-11-04T20:38:17.817+0300][146,226s][info][gc] GC(2235) Pause Young (Normal) (G1 Evacuation Pause) 448M->370M(512M) 5,415ms
[2020-11-04T20:38:17.851+0300][146,261s][info][gc] GC(2236) Pause Young (Normal) (G1 Evacuation Pause) 450M->372M(512M) 5,207ms
[2020-11-04T20:38:17.875+0300][146,285s][info][gc] GC(2231) Pause Cleanup 437M->437M(512M) 0,256ms
[2020-11-04T20:38:17.875+0300][146,285s][info][gc] GC(2231) Concurrent Cycle 228,489ms
[2020-11-04T20:38:17.887+0300][146,297s][info][gc] GC(2237) Pause Young (Normal) (G1 Evacuation Pause) 449M->375M(512M) 5,706ms
[2020-11-04T20:38:17.921+0300][146,331s][info][gc] GC(2238) Pause Young (Concurrent Start) (G1 Humongous Allocation) 420M->376M(512M) 5,890ms
[2020-11-04T20:38:17.922+0300][146,331s][info][gc] GC(2239) Concurrent Cycle
[2020-11-04T20:38:17.957+0300][146,366s][info][gc] GC(2240) Pause Young (Normal) (G1 Evacuation Pause) 454M->383M(512M) 4,879ms
[2020-11-04T20:38:18.002+0300][146,412s][info][gc] GC(2241) Pause Young (Normal) (G1 Evacuation Pause) 451M->385M(512M) 4,377ms
[2020-11-04T20:38:18.015+0300][146,425s][info][gc] GC(2239) Pause Remark 416M->351M(512M) 0,780ms
[2020-11-04T20:38:18.033+0300][146,443s][info][gc] GC(2242) Pause Young (Normal) (G1 Evacuation Pause) 387M->320M(512M) 4,201ms
[2020-11-04T20:38:18.069+0300][146,479s][info][gc] GC(2239) Pause Cleanup 418M->418M(512M) 0,237ms
[2020-11-04T20:38:18.070+0300][146,479s][info][gc] GC(2239) Concurrent Cycle 147,983ms
[2020-11-04T20:38:18.086+0300][146,496s][info][gc] GC(2243) Pause Young (Prepare Mixed) (G1 Evacuation Pause) 448M->324M(512M) 6,026ms
[2020-11-04T20:38:18.101+0300][146,511s][info][gc] GC(2244) Pause Young (Mixed) (G1 Evacuation Pause) 338M->287M(512M) 9,137ms
[2020-11-04T20:38:18.161+0300][146,571s][info][gc] GC(2245) Pause Young (Normal) (G1 Evacuation Pause) 446M->292M(512M) 4,212ms
[2020-11-04T20:38:18.223+0300][146,633s][info][gc] GC(2246) Pause Young (Normal) (G1 Evacuation Pause) 446M->296M(512M) 8,079ms
[2020-11-04T20:38:18.285+0300][146,695s][info][gc] GC(2247) Pause Young (Concurrent Start) (G1 Evacuation Pause) 445M->301M(512M) 9,774ms
[2020-11-04T20:38:18.285+0300][146,695s][info][gc] GC(2248) Concurrent Cycle
[2020-11-04T20:38:18.348+0300][146,758s][info][gc] GC(2249) Pause Young (Normal) (G1 Evacuation Pause) 442M->306M(512M) 8,771ms
[2020-11-04T20:38:18.377+0300][146,787s][info][gc] GC(2248) Pause Remark 379M->374M(512M) 0,813ms
[2020-11-04T20:38:18.408+0300][146,818s][info][gc] GC(2250) Pause Young (Normal) (G1 Evacuation Pause) 437M->305M(512M) 7,977ms
[2020-11-04T20:38:18.437+0300][146,847s][info][gc] GC(2248) Pause Cleanup 383M->383M(512M) 0,233ms
[2020-11-04T20:38:18.437+0300][146,847s][info][gc] GC(2248) Concurrent Cycle 151,987ms
[2020-11-04T20:38:18.467+0300][146,877s][info][gc] GC(2251) Pause Young (Normal) (G1 Evacuation Pause) 444M->309M(512M) 8,395ms
[2020-11-04T20:38:18.521+0300][146,931s][info][gc] GC(2252) Pause Young (Concurrent Start) (G1 Evacuation Pause) 443M->313M(512M) 8,156ms
[2020-11-04T20:38:18.522+0300][146,931s][info][gc] GC(2253) Concurrent Cycle
[2020-11-04T20:38:18.579+0300][146,989s][info][gc] GC(2254) Pause Young (Normal) (G1 Evacuation Pause) 443M->318M(512M) 7,591ms
[2020-11-04T20:38:18.619+0300][147,029s][info][gc] GC(2253) Pause Remark 418M->418M(512M) 0,737ms
[2020-11-04T20:38:18.636+0300][147,046s][info][gc] GC(2255) Pause Young (Normal) (G1 Evacuation Pause) 444M->321M(512M) 7,409ms
[2020-11-04T20:38:18.689+0300][147,099s][info][gc] GC(2256) Pause Young (Normal) (G1 Evacuation Pause) 444M->325M(512M) 7,447ms
[2020-11-04T20:38:18.691+0300][147,101s][info][gc] GC(2253) Pause Cleanup 330M->330M(512M) 0,251ms
[2020-11-04T20:38:18.691+0300][147,101s][info][gc] GC(2253) Concurrent Cycle 169,750ms
[2020-11-04T20:38:18.740+0300][147,150s][info][gc] GC(2257) Pause Young (Normal) (G1 Evacuation Pause) 444M->329M(512M) 7,521ms
[2020-11-04T20:38:18.788+0300][147,198s][info][gc] GC(2258) Pause Young (Concurrent Start) (G1 Evacuation Pause) 446M->332M(512M) 7,518ms
[2020-11-04T20:38:18.788+0300][147,198s][info][gc] GC(2259) Concurrent Cycle
[2020-11-04T20:38:18.853+0300][147,263s][info][gc] GC(2260) Pause Young (Normal) (G1 Evacuation Pause) 445M->336M(512M) 6,927ms
[2020-11-04T20:38:18.901+0300][147,311s][info][gc] GC(2261) Pause Young (Normal) (G1 Evacuation Pause) 445M->340M(512M) 6,494ms
[2020-11-04T20:38:18.907+0300][147,317s][info][gc] GC(2259) Pause Remark 348M->348M(512M) 0,717ms
[2020-11-04T20:38:18.969+0300][147,379s][info][gc] GC(2262) Pause Young (Normal) (G1 Evacuation Pause) 447M->343M(512M) 6,609ms
[2020-11-04T20:38:18.991+0300][147,401s][info][gc] GC(2259) Pause Cleanup 374M->374M(512M) 0,217ms
[2020-11-04T20:38:18.991+0300][147,401s][info][gc] GC(2259) Concurrent Cycle 203,077ms
[2020-11-04T20:38:19.023+0300][147,433s][info][gc] GC(2263) Pause Young (Normal) (G1 Evacuation Pause) 447M->346M(512M) 6,710ms
[2020-11-04T20:38:19.065+0300][147,475s][info][gc] GC(2264) Pause Young (Concurrent Start) (G1 Evacuation Pause) 446M->349M(512M) 6,638ms
[2020-11-04T20:38:19.065+0300][147,475s][info][gc] GC(2265) Concurrent Cycle
[2020-11-04T20:38:19.127+0300][147,537s][info][gc] GC(2266) Pause Young (Normal) (G1 Evacuation Pause) 448M->353M(512M) 6,135ms
[2020-11-04T20:38:19.169+0300][147,579s][info][gc] GC(2267) Pause Young (Normal) (G1 Evacuation Pause) 448M->355M(512M) 6,082ms
[2020-11-04T20:38:19.191+0300][147,601s][info][gc] GC(2265) Pause Remark 409M->409M(512M) 0,803ms
[2020-11-04T20:38:19.211+0300][147,621s][info][gc] GC(2268) Pause Young (Normal) (G1 Evacuation Pause) 447M->358M(512M) 5,813ms
[2020-11-04T20:38:19.250+0300][147,660s][info][gc] GC(2269) Pause Young (Normal) (G1 Evacuation Pause) 449M->361M(512M) 5,748ms
[2020-11-04T20:38:19.270+0300][147,680s][info][gc] GC(2265) Pause Cleanup 414M->414M(512M) 0,214ms
[2020-11-04T20:38:19.271+0300][147,681s][info][gc] GC(2265) Concurrent Cycle 205,699ms
[2020-11-04T20:38:19.289+0300][147,699s][info][gc] GC(2270) Pause Young (Normal) (G1 Evacuation Pause) 449M->364M(512M) 6,257ms
[2020-11-04T20:38:19.325+0300][147,735s][info][gc] GC(2271) Pause Young (Concurrent Start) (G1 Evacuation Pause) 449M->366M(512M) 6,193ms
[2020-11-04T20:38:19.325+0300][147,735s][info][gc] GC(2272) Concurrent Cycle
[2020-11-04T20:38:19.363+0300][147,773s][info][gc] GC(2273) Pause Young (Normal) (G1 Evacuation Pause) 448M->369M(512M) 5,843ms
[2020-11-04T20:38:19.417+0300][147,827s][info][gc] GC(2274) Pause Young (Normal) (G1 Evacuation Pause) 448M->372M(512M) 5,155ms
[2020-11-04T20:38:19.452+0300][147,862s][info][gc] GC(2275) Pause Young (Normal) (G1 Evacuation Pause) 450M->374M(512M) 5,225ms
[2020-11-04T20:38:19.480+0300][147,890s][info][gc] GC(2272) Pause Remark 445M->445M(512M) 0,840ms
[2020-11-04T20:38:19.487+0300][147,897s][info][gc] GC(2276) Pause Young (Normal) (G1 Evacuation Pause) 449M->377M(512M) 5,039ms
[2020-11-04T20:38:19.537+0300][147,947s][info][gc] GC(2277) Pause Young (Normal) (G1 Evacuation Pause) 450M->379M(512M) 5,049ms
[2020-11-04T20:38:19.571+0300][147,981s][info][gc] GC(2272) Pause Cleanup 446M->446M(512M) 0,300ms
[2020-11-04T20:38:19.572+0300][147,982s][info][gc] GC(2272) Concurrent Cycle 246,679ms
[2020-11-04T20:38:19.579+0300][147,989s][info][gc] GC(2278) Pause Young (Normal) (G1 Evacuation Pause) 453M->385M(512M) 5,326ms
[2020-11-04T20:38:19.608+0300][148,018s][info][gc] GC(2279) Pause Young (Concurrent Start) (G1 Evacuation Pause) 451M->387M(512M) 5,290ms
[2020-11-04T20:38:19.608+0300][148,018s][info][gc] GC(2280) Concurrent Cycle
[2020-11-04T20:38:19.638+0300][148,048s][info][gc] GC(2281) Pause Young (Normal) (G1 Evacuation Pause) 450M->389M(512M) 4,201ms
[2020-11-04T20:38:19.684+0300][148,094s][info][gc] GC(2282) Pause Young (Normal) (G1 Evacuation Pause) 450M->391M(512M) 4,655ms
[2020-11-04T20:38:19.704+0300][148,114s][info][gc] GC(2280) Pause Remark 440M->369M(512M) 0,650ms
[2020-11-04T20:38:19.713+0300][148,123s][info][gc] GC(2283) Pause Young (Normal) (G1 Evacuation Pause) 381M->322M(512M) 4,295ms
[2020-11-04T20:38:19.764+0300][148,174s][info][gc] GC(2284) Pause Young (Normal) (G1 Evacuation Pause) 448M->326M(512M) 5,595ms
[2020-11-04T20:38:19.776+0300][148,186s][info][gc] GC(2280) Pause Cleanup 359M->359M(512M) 0,198ms
[2020-11-04T20:38:19.777+0300][148,187s][info][gc] GC(2280) Concurrent Cycle 168,623ms
[2020-11-04T20:38:19.814+0300][148,224s][info][gc] GC(2285) Pause Young (Prepare Mixed) (G1 Evacuation Pause) 448M->329M(512M) 7,289ms
[2020-11-04T20:38:19.830+0300][148,240s][info][gc] GC(2286) Pause Young (Mixed) (G1 Evacuation Pause) 342M->294M(512M) 9,531ms
[2020-11-04T20:38:19.889+0300][148,299s][info][gc] GC(2287) Pause Young (Normal) (G1 Evacuation Pause) 448M->298M(512M) 4,596ms
[2020-11-04T20:38:19.947+0300][148,357s][info][gc] GC(2288) Pause Young (Normal) (G1 Evacuation Pause) 447M->302M(512M) 6,038ms
[2020-11-04T20:38:20.005+0300][148,415s][info][gc] GC(2289) Pause Young (Concurrent Start) (G1 Evacuation Pause) 447M->307M(512M) 7,681ms
[2020-11-04T20:38:20.005+0300][148,415s][info][gc] GC(2290) Concurrent Cycle
[2020-11-04T20:38:20.066+0300][148,476s][info][gc] GC(2291) Pause Young (Normal) (G1 Evacuation Pause) 442M->311M(512M) 8,943ms
[2020-11-04T20:38:20.107+0300][148,517s][info][gc] GC(2290) Pause Remark 369M->366M(512M) 0,650ms
[2020-11-04T20:38:20.142+0300][148,552s][info][gc] GC(2292) Pause Young (Normal) (G1 Evacuation Pause) 440M->312M(512M) 7,860ms
[2020-11-04T20:38:20.170+0300][148,580s][info][gc] GC(2290) Pause Cleanup 386M->386M(512M) 0,250ms
[2020-11-04T20:38:20.170+0300][148,580s][info][gc] GC(2290) Concurrent Cycle 164,689ms
[2020-11-04T20:38:20.199+0300][148,609s][info][gc] GC(2293) Pause Young (Normal) (G1 Evacuation Pause) 445M->316M(512M) 7,927ms
[2020-11-04T20:38:20.252+0300][148,662s][info][gc] GC(2294) Pause Young (Concurrent Start) (G1 Evacuation Pause) 444M->321M(512M) 8,185ms
[2020-11-04T20:38:20.252+0300][148,662s][info][gc] GC(2295) Concurrent Cycle
[2020-11-04T20:38:20.307+0300][148,717s][info][gc] GC(2296) Pause Young (Normal) (G1 Evacuation Pause) 445M->325M(512M) 7,381ms
[2020-11-04T20:38:20.351+0300][148,761s][info][gc] GC(2295) Pause Remark 439M->439M(512M) 0,785ms
[2020-11-04T20:38:20.361+0300][148,771s][info][gc] GC(2297) Pause Young (Normal) (G1 Evacuation Pause) 445M->328M(512M) 7,183ms
[2020-11-04T20:38:20.411+0300][148,821s][info][gc] GC(2298) Pause Young (Normal) (G1 Evacuation Pause) 446M->332M(512M) 7,286ms
[2020-11-04T20:38:20.428+0300][148,838s][info][gc] GC(2295) Pause Cleanup 356M->356M(512M) 0,276ms
[2020-11-04T20:38:20.428+0300][148,838s][info][gc] GC(2295) Concurrent Cycle 176,345ms
[2020-11-04T20:38:20.467+0300][148,877s][info][gc] GC(2299) Pause Young (Normal) (G1 Evacuation Pause) 446M->335M(512M) 7,323ms
[2020-11-04T20:38:20.514+0300][148,924s][info][gc] GC(2300) Pause Young (Concurrent Start) (G1 Evacuation Pause) 447M->339M(512M) 7,444ms
[2020-11-04T20:38:20.515+0300][148,924s][info][gc] GC(2301) Concurrent Cycle
[2020-11-04T20:38:20.563+0300][148,973s][info][gc] GC(2302) Pause Young (Normal) (G1 Evacuation Pause) 447M->342M(512M) 6,639ms
[2020-11-04T20:38:20.609+0300][149,019s][info][gc] GC(2303) Pause Young (Normal) (G1 Evacuation Pause) 446M->346M(512M) 6,336ms
[2020-11-04T20:38:20.629+0300][149,039s][info][gc] GC(2301) Pause Remark 391M->391M(512M) 1,982ms
[2020-11-04T20:38:20.655+0300][149,065s][info][gc] GC(2304) Pause Young (Normal) (G1 Evacuation Pause) 447M->349M(512M) 6,208ms
[2020-11-04T20:38:20.698+0300][149,108s][info][gc] GC(2305) Pause Young (Normal) (G1 Evacuation Pause) 448M->352M(512M) 6,742ms
[2020-11-04T20:38:20.706+0300][149,116s][info][gc] GC(2301) Pause Cleanup 372M->372M(512M) 0,237ms
[2020-11-04T20:38:20.707+0300][149,117s][info][gc] GC(2301) Concurrent Cycle 192,070ms
[2020-11-04T20:38:20.741+0300][149,151s][info][gc] GC(2306) Pause Young (Normal) (G1 Evacuation Pause) 448M->355M(512M) 8,277ms
[2020-11-04T20:38:20.782+0300][149,192s][info][gc] GC(2307) Pause Young (Concurrent Start) (G1 Evacuation Pause) 447M->358M(512M) 6,617ms
[2020-11-04T20:38:20.782+0300][149,192s][info][gc] GC(2308) Concurrent Cycle
[2020-11-04T20:38:20.833+0300][149,243s][info][gc] GC(2309) Pause Young (Normal) (G1 Evacuation Pause) 447M->361M(512M) 5,931ms
[2020-11-04T20:38:20.873+0300][149,283s][info][gc] GC(2310) Pause Young (Normal) (G1 Evacuation Pause) 449M->363M(512M) 5,742ms
[2020-11-04T20:38:20.911+0300][149,321s][info][gc] GC(2311) Pause Young (Normal) (G1 Evacuation Pause) 448M->366M(512M) 5,376ms
[2020-11-04T20:38:20.912+0300][149,322s][info][gc] GC(2308) Pause Remark 369M->369M(512M) 0,646ms
[2020-11-04T20:38:20.947+0300][149,357s][info][gc] GC(2312) Pause Young (Normal) (G1 Evacuation Pause) 448M->369M(512M) 5,364ms
[2020-11-04T20:38:20.982+0300][149,392s][info][gc] GC(2313) Pause Young (Normal) (G1 Evacuation Pause) 450M->371M(512M) 5,271ms
[2020-11-04T20:38:20.992+0300][149,402s][info][gc] GC(2308) Pause Cleanup 399M->399M(512M) 0,303ms
[2020-11-04T20:38:20.993+0300][149,403s][info][gc] GC(2308) Concurrent Cycle 210,779ms
[2020-11-04T20:38:21.016+0300][149,426s][info][gc] GC(2314) Pause Young (Normal) (G1 Evacuation Pause) 450M->374M(512M) 5,628ms
[2020-11-04T20:38:21.048+0300][149,458s][info][gc] GC(2315) Pause Young (Concurrent Start) (G1 Evacuation Pause) 450M->376M(512M) 5,615ms
[2020-11-04T20:38:21.048+0300][149,458s][info][gc] GC(2316) Concurrent Cycle
[2020-11-04T20:38:21.081+0300][149,491s][info][gc] GC(2317) Pause Young (Normal) (G1 Evacuation Pause) 449M->378M(512M) 5,224ms
[2020-11-04T20:38:21.113+0300][149,523s][info][gc] GC(2318) Pause Young (Normal) (G1 Evacuation Pause) 449M->381M(512M) 4,841ms
[2020-11-04T20:38:21.180+0300][149,590s][info][gc] GC(2316) Pause Remark 410M->410M(512M) 2,201ms
[2020-11-04T20:38:21.252+0300][149,662s][info][gc] GC(2316) Pause Cleanup 410M->410M(512M) 0,277ms
[2020-11-04T20:38:21.252+0300][149,662s][info][gc] GC(2316) Concurrent Cycle 203,761ms
