[2020-11-04T20:38:46.080+0300][0.004s][info][gc] Using Parallel
[2020-11-04T20:38:46.304+0300][0,228s][info][gc] GC(0) Pause Young (System.gc()) 10M->2M(491M) 1,752ms
[2020-11-04T20:38:46.310+0300][0,234s][info][gc] GC(1) Pause Full (System.gc()) 2M->1M(491M) 5,924ms
[2020-11-04T20:38:46.311+0300][0,234s][info][gc] GC(2) Pause Young (System.gc()) 1M->1M(491M) 0,221ms
[2020-11-04T20:38:46.315+0300][0,239s][info][gc] GC(3) Pause Full (System.gc()) 1M->1M(491M) 4,380ms
[2020-11-04T20:38:46.517+0300][0,441s][info][gc] GC(4) Pause Young (Allocation Failure) 130M->9M(491M) 5,275ms
[2020-11-04T20:38:46.572+0300][0,496s][info][gc] GC(5) Pause Young (Allocation Failure) 138M->13M(491M) 6,579ms
[2020-11-04T20:38:46.627+0300][0,551s][info][gc] GC(6) Pause Young (Allocation Failure) 141M->17M(491M) 6,880ms
[2020-11-04T20:38:46.679+0300][0,602s][info][gc] GC(7) Pause Young (Allocation Failure) 145M->20M(491M) 7,710ms
[2020-11-04T20:38:46.731+0300][0,655s][info][gc] GC(8) Pause Young (Allocation Failure) 149M->24M(491M) 8,423ms
[2020-11-04T20:38:46.785+0300][0,708s][info][gc] GC(9) Pause Young (Allocation Failure) 152M->28M(468M) 9,325ms
[2020-11-04T20:38:46.831+0300][0,754s][info][gc] GC(10) Pause Young (Allocation Failure) 133M->31M(479M) 10,363ms
[2020-11-04T20:38:46.884+0300][0,808s][info][gc] GC(11) Pause Young (Allocation Failure) 136M->34M(481M) 17,383ms
[2020-11-04T20:38:46.934+0300][0,858s][info][gc] GC(12) Pause Young (Allocation Failure) 141M->37M(479M) 13,268ms
[2020-11-04T20:38:46.981+0300][0,904s][info][gc] GC(13) Pause Young (Allocation Failure) 144M->41M(483M) 9,970ms
[2020-11-04T20:38:47.027+0300][0,950s][info][gc] GC(14) Pause Young (Allocation Failure) 153M->44M(482M) 7,876ms
[2020-11-04T20:38:47.070+0300][0,994s][info][gc] GC(15) Pause Young (Allocation Failure) 156M->47M(483M) 5,875ms
[2020-11-04T20:38:47.114+0300][1,038s][info][gc] GC(16) Pause Young (Allocation Failure) 160M->51M(483M) 5,712ms
[2020-11-04T20:38:47.158+0300][1,082s][info][gc] GC(17) Pause Young (Allocation Failure) 164M->54M(484M) 5,907ms
[2020-11-04T20:38:47.203+0300][1,127s][info][gc] GC(18) Pause Young (Allocation Failure) 169M->57M(484M) 5,878ms
[2020-11-04T20:38:47.248+0300][1,172s][info][gc] GC(19) Pause Young (Allocation Failure) 172M->61M(486M) 5,995ms
[2020-11-04T20:38:47.294+0300][1,218s][info][gc] GC(20) Pause Young (Allocation Failure) 179M->64M(485M) 5,989ms
[2020-11-04T20:38:47.341+0300][1,264s][info][gc] GC(21) Pause Young (Allocation Failure) 183M->68M(488M) 6,246ms
[2020-11-04T20:38:47.389+0300][1,312s][info][gc] GC(22) Pause Young (Allocation Failure) 190M->71M(487M) 6,349ms
[2020-11-04T20:38:47.436+0300][1,360s][info][gc] GC(23) Pause Young (Allocation Failure) 194M->75M(490M) 6,485ms
[2020-11-04T20:38:47.488+0300][1,411s][info][gc] GC(24) Pause Young (Allocation Failure) 201M->79M(489M) 6,474ms
[2020-11-04T20:38:47.538+0300][1,462s][info][gc] GC(25) Pause Young (Allocation Failure) 205M->83M(492M) 6,691ms
[2020-11-04T20:38:47.589+0300][1,512s][info][gc] GC(26) Pause Young (Allocation Failure) 213M->86M(491M) 6,705ms
[2020-11-04T20:38:47.640+0300][1,563s][info][gc] GC(27) Pause Young (Allocation Failure) 217M->90M(494M) 6,884ms
[2020-11-04T20:38:47.692+0300][1,616s][info][gc] GC(28) Pause Young (Allocation Failure) 224M->94M(493M) 6,971ms
[2020-11-04T20:38:47.745+0300][1,668s][info][gc] GC(29) Pause Young (Allocation Failure) 228M->98M(496M) 6,979ms
[2020-11-04T20:38:47.798+0300][1,722s][info][gc] GC(30) Pause Young (Allocation Failure) 236M->102M(495M) 7,196ms
[2020-11-04T20:38:47.853+0300][1,777s][info][gc] GC(31) Pause Young (Allocation Failure) 240M->106M(497M) 7,290ms
[2020-11-04T20:38:47.923+0300][1,846s][info][gc] GC(32) Pause Young (Allocation Failure) 247M->114M(497M) 7,002ms
[2020-11-04T20:38:47.979+0300][1,902s][info][gc] GC(33) Pause Young (Allocation Failure) 255M->119M(498M) 6,661ms
[2020-11-04T20:38:48.035+0300][1,958s][info][gc] GC(34) Pause Young (Allocation Failure) 261M->123M(497M) 7,249ms
[2020-11-04T20:38:48.090+0300][2,013s][info][gc] GC(35) Pause Young (Allocation Failure) 265M->127M(499M) 7,331ms
[2020-11-04T20:38:48.148+0300][2,072s][info][gc] GC(36) Pause Young (Allocation Failure) 272M->131M(499M) 7,482ms
[2020-11-04T20:38:48.205+0300][2,129s][info][gc] GC(37) Pause Young (Allocation Failure) 276M->135M(500M) 7,567ms
[2020-11-04T20:38:48.263+0300][2,186s][info][gc] GC(38) Pause Young (Allocation Failure) 282M->140M(500M) 7,616ms
[2020-11-04T20:38:48.321+0300][2,244s][info][gc] GC(39) Pause Young (Allocation Failure) 287M->144M(501M) 7,686ms
[2020-11-04T20:38:48.379+0300][2,303s][info][gc] GC(40) Pause Young (Allocation Failure) 293M->149M(501M) 7,734ms
[2020-11-04T20:38:48.438+0300][2,361s][info][gc] GC(41) Pause Young (Allocation Failure) 298M->153M(502M) 7,819ms
[2020-11-04T20:38:48.503+0300][2,427s][info][gc] GC(42) Pause Young (Allocation Failure) 304M->158M(502M) 9,979ms
[2020-11-04T20:38:48.572+0300][2,496s][info][gc] GC(43) Pause Young (Allocation Failure) 309M->162M(503M) 9,495ms
[2020-11-04T20:38:48.641+0300][2,565s][info][gc] GC(44) Pause Young (Allocation Failure) 315M->167M(503M) 10,016ms
[2020-11-04T20:38:48.711+0300][2,635s][info][gc] GC(45) Pause Young (Allocation Failure) 320M->171M(504M) 9,609ms
[2020-11-04T20:38:48.791+0300][2,715s][info][gc] GC(46) Pause Young (Allocation Failure) 325M->176M(503M) 9,229ms
[2020-11-04T20:38:48.860+0300][2,784s][info][gc] GC(47) Pause Young (Allocation Failure) 330M->180M(504M) 10,236ms
[2020-11-04T20:38:48.931+0300][2,854s][info][gc] GC(48) Pause Young (Allocation Failure) 335M->185M(504M) 9,510ms
[2020-11-04T20:38:48.998+0300][2,922s][info][gc] GC(49) Pause Young (Allocation Failure) 340M->189M(505M) 8,485ms
[2020-11-04T20:38:49.060+0300][2,984s][info][gc] GC(50) Pause Young (Allocation Failure) 345M->194M(504M) 8,681ms
[2020-11-04T20:38:49.122+0300][3,045s][info][gc] GC(51) Pause Young (Allocation Failure) 350M->199M(505M) 8,852ms
[2020-11-04T20:38:49.184+0300][3,107s][info][gc] GC(52) Pause Young (Allocation Failure) 356M->203M(505M) 8,898ms
[2020-11-04T20:38:49.246+0300][3,170s][info][gc] GC(53) Pause Young (Allocation Failure) 360M->208M(505M) 9,159ms
[2020-11-04T20:38:49.308+0300][3,232s][info][gc] GC(54) Pause Young (Allocation Failure) 366M->213M(505M) 9,046ms
[2020-11-04T20:38:49.382+0300][3,305s][info][gc] GC(55) Pause Young (Allocation Failure) 370M->221M(500M) 8,069ms
[2020-11-04T20:38:49.441+0300][3,365s][info][gc] GC(56) Pause Young (Allocation Failure) 373M->226M(503M) 7,932ms
[2020-11-04T20:38:49.502+0300][3,426s][info][gc] GC(57) Pause Young (Allocation Failure) 378M->230M(503M) 8,145ms
[2020-11-04T20:38:49.561+0300][3,485s][info][gc] GC(58) Pause Young (Allocation Failure) 383M->235M(503M) 8,162ms
[2020-11-04T20:38:49.621+0300][3,545s][info][gc] GC(59) Pause Young (Allocation Failure) 387M->239M(503M) 8,283ms
[2020-11-04T20:38:49.681+0300][3,605s][info][gc] GC(60) Pause Young (Allocation Failure) 393M->244M(503M) 8,260ms
[2020-11-04T20:38:49.741+0300][3,665s][info][gc] GC(61) Pause Young (Allocation Failure) 397M->248M(504M) 8,249ms
[2020-11-04T20:38:49.802+0300][3,725s][info][gc] GC(62) Pause Young (Allocation Failure) 403M->253M(504M) 8,343ms
[2020-11-04T20:38:49.862+0300][3,786s][info][gc] GC(63) Pause Young (Allocation Failure) 407M->257M(504M) 8,376ms
[2020-11-04T20:38:49.923+0300][3,847s][info][gc] GC(64) Pause Young (Allocation Failure) 412M->262M(504M) 8,444ms
[2020-11-04T20:38:49.984+0300][3,907s][info][gc] GC(65) Pause Young (Allocation Failure) 417M->267M(504M) 8,366ms
[2020-11-04T20:38:50.049+0300][3,973s][info][gc] GC(66) Pause Young (Allocation Failure) 422M->271M(504M) 8,652ms
[2020-11-04T20:38:50.110+0300][4,034s][info][gc] GC(67) Pause Young (Allocation Failure) 427M->276M(505M) 8,509ms
[2020-11-04T20:38:50.171+0300][4,095s][info][gc] GC(68) Pause Young (Allocation Failure) 432M->281M(505M) 8,557ms
[2020-11-04T20:38:50.233+0300][4,156s][info][gc] GC(69) Pause Young (Allocation Failure) 437M->285M(505M) 8,562ms
[2020-11-04T20:38:50.295+0300][4,218s][info][gc] GC(70) Pause Young (Allocation Failure) 442M->290M(505M) 8,711ms
[2020-11-04T20:38:50.357+0300][4,281s][info][gc] GC(71) Pause Young (Allocation Failure) 447M->295M(505M) 8,736ms
[2020-11-04T20:38:50.419+0300][4,343s][info][gc] GC(72) Pause Young (Allocation Failure) 452M->299M(505M) 8,853ms
[2020-11-04T20:38:50.481+0300][4,405s][info][gc] GC(73) Pause Young (Allocation Failure) 457M->304M(506M) 8,832ms
[2020-11-04T20:38:50.543+0300][4,467s][info][gc] GC(74) Pause Young (Allocation Failure) 462M->309M(505M) 8,946ms
[2020-11-04T20:38:50.606+0300][4,529s][info][gc] GC(75) Pause Young (Allocation Failure) 467M->313M(506M) 9,021ms
[2020-11-04T20:38:50.668+0300][4,592s][info][gc] GC(76) Pause Young (Allocation Failure) 472M->318M(506M) 8,853ms
[2020-11-04T20:38:50.742+0300][4,666s][info][gc] GC(77) Pause Young (Allocation Failure) 476M->326M(500M) 8,743ms
[2020-11-04T20:38:50.801+0300][4,725s][info][gc] GC(78) Pause Young (Allocation Failure) 479M->331M(503M) 7,511ms
[2020-11-04T20:38:50.864+0300][4,787s][info][gc] GC(79) Pause Young (Allocation Failure) 483M->335M(503M) 9,052ms
[2020-11-04T20:38:50.924+0300][4,848s][info][gc] GC(80) Pause Young (Allocation Failure) 488M->340M(503M) 9,035ms
[2020-11-04T20:38:50.971+0300][4,894s][info][gc] GC(81) Pause Full (Ergonomics) 340M->28M(332M) 46,429ms
[2020-11-04T20:38:51.030+0300][4,954s][info][gc] GC(82) Pause Young (Allocation Failure) 181M->32M(332M) 4,352ms
[2020-11-04T20:38:51.090+0300][5,013s][info][gc] GC(83) Pause Young (Allocation Failure) 186M->37M(333M) 7,699ms
[2020-11-04T20:38:51.150+0300][5,073s][info][gc] GC(84) Pause Young (Allocation Failure) 191M->41M(332M) 7,457ms
[2020-11-04T20:38:51.211+0300][5,134s][info][gc] GC(85) Pause Young (Allocation Failure) 195M->46M(333M) 7,728ms
[2020-11-04T20:38:51.271+0300][5,194s][info][gc] GC(86) Pause Young (Allocation Failure) 200M->50M(333M) 7,519ms
[2020-11-04T20:38:51.331+0300][5,254s][info][gc] GC(87) Pause Young (Allocation Failure) 205M->55M(333M) 7,588ms
[2020-11-04T20:38:51.391+0300][5,315s][info][gc] GC(88) Pause Young (Allocation Failure) 210M->60M(333M) 7,698ms
[2020-11-04T20:38:51.452+0300][5,375s][info][gc] GC(89) Pause Young (Allocation Failure) 215M->64M(334M) 7,909ms
[2020-11-04T20:38:51.512+0300][5,436s][info][gc] GC(90) Pause Young (Allocation Failure) 220M->69M(333M) 7,753ms
[2020-11-04T20:38:51.573+0300][5,497s][info][gc] GC(91) Pause Young (Allocation Failure) 225M->73M(334M) 7,822ms
[2020-11-04T20:38:51.634+0300][5,558s][info][gc] GC(92) Pause Young (Allocation Failure) 230M->78M(334M) 7,732ms
[2020-11-04T20:38:51.695+0300][5,618s][info][gc] GC(93) Pause Young (Allocation Failure) 235M->83M(334M) 7,908ms
[2020-11-04T20:38:51.756+0300][5,680s][info][gc] GC(94) Pause Young (Allocation Failure) 240M->87M(334M) 7,906ms
[2020-11-04T20:38:51.817+0300][5,741s][info][gc] GC(95) Pause Young (Allocation Failure) 245M->92M(334M) 7,930ms
[2020-11-04T20:38:51.879+0300][5,802s][info][gc] GC(96) Pause Young (Allocation Failure) 250M->97M(334M) 8,026ms
[2020-11-04T20:38:51.940+0300][5,864s][info][gc] GC(97) Pause Young (Allocation Failure) 254M->101M(335M) 8,018ms
[2020-11-04T20:38:52.002+0300][5,926s][info][gc] GC(98) Pause Young (Allocation Failure) 259M->106M(334M) 8,059ms
[2020-11-04T20:38:52.064+0300][5,988s][info][gc] GC(99) Pause Young (Allocation Failure) 264M->111M(335M) 8,043ms
[2020-11-04T20:38:52.138+0300][6,062s][info][gc] GC(100) Pause Young (Allocation Failure) 266M->115M(335M) 10,876ms
[2020-11-04T20:38:52.197+0300][6,121s][info][gc] GC(101) Pause Young (Allocation Failure) 274M->124M(329M) 6,266ms
[2020-11-04T20:38:52.255+0300][6,179s][info][gc] GC(102) Pause Young (Allocation Failure) 276M->128M(332M) 6,201ms
[2020-11-04T20:38:52.315+0300][6,239s][info][gc] GC(103) Pause Young (Allocation Failure) 281M->133M(332M) 7,811ms
[2020-11-04T20:38:52.375+0300][6,299s][info][gc] GC(104) Pause Young (Allocation Failure) 286M->137M(332M) 7,826ms
[2020-11-04T20:38:52.435+0300][6,359s][info][gc] GC(105) Pause Young (Allocation Failure) 291M->142M(332M) 7,941ms
[2020-11-04T20:38:52.495+0300][6,419s][info][gc] GC(106) Pause Young (Allocation Failure) 295M->147M(332M) 7,943ms
[2020-11-04T20:38:52.555+0300][6,478s][info][gc] GC(107) Pause Young (Allocation Failure) 300M->151M(333M) 7,684ms
[2020-11-04T20:38:52.615+0300][6,538s][info][gc] GC(108) Pause Young (Allocation Failure) 306M->156M(333M) 7,872ms
[2020-11-04T20:38:52.675+0300][6,599s][info][gc] GC(109) Pause Young (Allocation Failure) 310M->160M(333M) 7,863ms
[2020-11-04T20:38:52.735+0300][6,659s][info][gc] GC(110) Pause Young (Allocation Failure) 315M->165M(333M) 7,978ms
[2020-11-04T20:38:52.796+0300][6,719s][info][gc] GC(111) Pause Young (Allocation Failure) 320M->169M(333M) 7,963ms
[2020-11-04T20:38:52.889+0300][6,813s][info][gc] GC(112) Pause Full (Ergonomics) 169M->65M(395M) 93,565ms
[2020-11-04T20:38:52.949+0300][6,873s][info][gc] GC(113) Pause Young (Allocation Failure) 221M->70M(395M) 4,382ms
[2020-11-04T20:38:53.010+0300][6,933s][info][gc] GC(114) Pause Young (Allocation Failure) 226M->74M(395M) 7,908ms
[2020-11-04T20:38:53.070+0300][6,994s][info][gc] GC(115) Pause Young (Allocation Failure) 230M->79M(395M) 7,891ms
[2020-11-04T20:38:53.131+0300][7,055s][info][gc] GC(116) Pause Young (Allocation Failure) 236M->84M(395M) 7,842ms
[2020-11-04T20:38:53.192+0300][7,116s][info][gc] GC(117) Pause Young (Allocation Failure) 240M->88M(396M) 7,872ms
[2020-11-04T20:38:53.253+0300][7,177s][info][gc] GC(118) Pause Young (Allocation Failure) 246M->93M(396M) 8,066ms
[2020-11-04T20:38:53.315+0300][7,239s][info][gc] GC(119) Pause Young (Allocation Failure) 250M->98M(396M) 8,067ms
[2020-11-04T20:38:53.377+0300][7,300s][info][gc] GC(120) Pause Young (Allocation Failure) 255M->102M(396M) 8,075ms
[2020-11-04T20:38:53.439+0300][7,362s][info][gc] GC(121) Pause Young (Allocation Failure) 260M->107M(396M) 8,233ms
[2020-11-04T20:38:53.501+0300][7,425s][info][gc] GC(122) Pause Young (Allocation Failure) 266M->112M(396M) 8,137ms
[2020-11-04T20:38:53.564+0300][7,487s][info][gc] GC(123) Pause Young (Allocation Failure) 270M->116M(396M) 8,495ms
[2020-11-04T20:38:53.637+0300][7,561s][info][gc] GC(124) Pause Young (Allocation Failure) 275M->125M(396M) 7,135ms
[2020-11-04T20:38:53.698+0300][7,621s][info][gc] GC(125) Pause Young (Allocation Failure) 283M->130M(390M) 6,519ms
[2020-11-04T20:38:53.760+0300][7,684s][info][gc] GC(126) Pause Young (Allocation Failure) 282M->134M(393M) 7,978ms
[2020-11-04T20:38:53.820+0300][7,744s][info][gc] GC(127) Pause Young (Allocation Failure) 287M->139M(394M) 7,791ms
[2020-11-04T20:38:53.880+0300][7,804s][info][gc] GC(128) Pause Young (Allocation Failure) 292M->143M(394M) 7,662ms
[2020-11-04T20:38:53.940+0300][7,864s][info][gc] GC(129) Pause Young (Allocation Failure) 297M->148M(394M) 7,892ms
[2020-11-04T20:38:54.001+0300][7,924s][info][gc] GC(130) Pause Young (Allocation Failure) 302M->152M(394M) 7,884ms
[2020-11-04T20:38:54.060+0300][7,984s][info][gc] GC(131) Pause Young (Allocation Failure) 306M->157M(394M) 7,921ms
[2020-11-04T20:38:54.121+0300][8,044s][info][gc] GC(132) Pause Young (Allocation Failure) 311M->161M(394M) 7,907ms
[2020-11-04T20:38:54.194+0300][8,118s][info][gc] GC(133) Pause Young (Allocation Failure) 316M->166M(395M) 7,886ms
[2020-11-04T20:38:54.255+0300][8,178s][info][gc] GC(134) Pause Young (Allocation Failure) 322M->171M(395M) 7,922ms
[2020-11-04T20:38:54.315+0300][8,239s][info][gc] GC(135) Pause Young (Allocation Failure) 326M->175M(395M) 7,982ms
[2020-11-04T20:38:54.377+0300][8,301s][info][gc] GC(136) Pause Young (Allocation Failure) 331M->180M(395M) 8,077ms
[2020-11-04T20:38:54.439+0300][8,363s][info][gc] GC(137) Pause Young (Allocation Failure) 336M->185M(395M) 8,175ms
[2020-11-04T20:38:54.501+0300][8,425s][info][gc] GC(138) Pause Young (Allocation Failure) 341M->189M(395M) 8,207ms
[2020-11-04T20:38:54.563+0300][8,487s][info][gc] GC(139) Pause Young (Allocation Failure) 346M->194M(396M) 8,333ms
[2020-11-04T20:38:54.625+0300][8,548s][info][gc] GC(140) Pause Young (Allocation Failure) 351M->198M(395M) 8,394ms
[2020-11-04T20:38:54.687+0300][8,610s][info][gc] GC(141) Pause Young (Allocation Failure) 355M->203M(396M) 8,358ms
[2020-11-04T20:38:54.748+0300][8,672s][info][gc] GC(142) Pause Young (Allocation Failure) 361M->208M(396M) 8,316ms
[2020-11-04T20:38:54.810+0300][8,734s][info][gc] GC(143) Pause Young (Allocation Failure) 365M->213M(396M) 8,733ms
[2020-11-04T20:38:54.873+0300][8,796s][info][gc] GC(144) Pause Young (Allocation Failure) 371M->217M(396M) 8,595ms
[2020-11-04T20:38:54.936+0300][8,859s][info][gc] GC(145) Pause Young (Allocation Failure) 375M->222M(396M) 8,492ms
[2020-11-04T20:38:55.010+0300][8,933s][info][gc] GC(146) Pause Young (Allocation Failure) 380M->230M(396M) 8,001ms
[2020-11-04T20:38:55.070+0300][8,994s][info][gc] GC(147) Pause Young (Allocation Failure) 389M->235M(390M) 6,811ms
[2020-11-04T20:38:55.096+0300][9,020s][info][gc] GC(148) Pause Full (Ergonomics) 235M->27M(371M) 26,150ms
[2020-11-04T20:38:55.154+0300][9,078s][info][gc] GC(149) Pause Young (Allocation Failure) 180M->32M(372M) 4,227ms
[2020-11-04T20:38:55.214+0300][9,137s][info][gc] GC(150) Pause Young (Allocation Failure) 185M->36M(371M) 7,447ms
[2020-11-04T20:38:55.274+0300][9,198s][info][gc] GC(151) Pause Young (Allocation Failure) 189M->41M(372M) 7,530ms
[2020-11-04T20:38:55.334+0300][9,258s][info][gc] GC(152) Pause Young (Allocation Failure) 194M->45M(372M) 7,475ms
[2020-11-04T20:38:55.393+0300][9,317s][info][gc] GC(153) Pause Young (Allocation Failure) 199M->50M(372M) 7,574ms
[2020-11-04T20:38:55.453+0300][9,377s][info][gc] GC(154) Pause Young (Allocation Failure) 205M->55M(372M) 7,626ms
[2020-11-04T20:38:55.513+0300][9,437s][info][gc] GC(155) Pause Young (Allocation Failure) 209M->59M(373M) 7,560ms
[2020-11-04T20:38:55.573+0300][9,497s][info][gc] GC(156) Pause Young (Allocation Failure) 214M->64M(372M) 7,793ms
[2020-11-04T20:38:55.634+0300][9,558s][info][gc] GC(157) Pause Young (Allocation Failure) 219M->68M(373M) 7,702ms
[2020-11-04T20:38:55.694+0300][9,618s][info][gc] GC(158) Pause Young (Allocation Failure) 224M->73M(373M) 7,750ms
[2020-11-04T20:38:55.755+0300][9,678s][info][gc] GC(159) Pause Young (Allocation Failure) 228M->78M(373M) 7,800ms
[2020-11-04T20:38:55.816+0300][9,739s][info][gc] GC(160) Pause Young (Allocation Failure) 234M->82M(373M) 7,846ms
[2020-11-04T20:38:55.877+0300][9,800s][info][gc] GC(161) Pause Young (Allocation Failure) 239M->87M(373M) 7,973ms
[2020-11-04T20:38:55.938+0300][9,862s][info][gc] GC(162) Pause Young (Allocation Failure) 243M->92M(373M) 7,987ms
[2020-11-04T20:38:55.999+0300][9,923s][info][gc] GC(163) Pause Young (Allocation Failure) 248M->96M(374M) 8,004ms
[2020-11-04T20:38:56.061+0300][9,984s][info][gc] GC(164) Pause Young (Allocation Failure) 254M->101M(374M) 8,162ms
[2020-11-04T20:38:56.122+0300][10,046s][info][gc] GC(165) Pause Young (Allocation Failure) 258M->106M(374M) 8,124ms
[2020-11-04T20:38:56.183+0300][10,107s][info][gc] GC(166) Pause Young (Allocation Failure) 263M->110M(374M) 8,169ms
[2020-11-04T20:38:56.245+0300][10,169s][info][gc] GC(167) Pause Young (Allocation Failure) 268M->115M(374M) 8,211ms
[2020-11-04T20:38:56.307+0300][10,230s][info][gc] GC(168) Pause Young (Allocation Failure) 273M->120M(374M) 8,346ms
[2020-11-04T20:38:56.381+0300][10,305s][info][gc] GC(169) Pause Young (Allocation Failure) 278M->128M(368M) 8,036ms
[2020-11-04T20:38:56.438+0300][10,362s][info][gc] GC(170) Pause Young (Allocation Failure) 280M->133M(371M) 5,447ms
[2020-11-04T20:38:56.498+0300][10,421s][info][gc] GC(171) Pause Young (Allocation Failure) 285M->137M(372M) 7,690ms
[2020-11-04T20:38:56.558+0300][10,481s][info][gc] GC(172) Pause Young (Allocation Failure) 290M->142M(371M) 7,832ms
[2020-11-04T20:38:56.617+0300][10,541s][info][gc] GC(173) Pause Young (Allocation Failure) 295M->146M(372M) 7,805ms
[2020-11-04T20:38:56.677+0300][10,601s][info][gc] GC(174) Pause Young (Allocation Failure) 300M->151M(372M) 7,738ms
[2020-11-04T20:38:56.738+0300][10,661s][info][gc] GC(175) Pause Young (Allocation Failure) 304M->155M(372M) 7,808ms
[2020-11-04T20:38:56.798+0300][10,721s][info][gc] GC(176) Pause Young (Allocation Failure) 310M->160M(372M) 7,861ms
[2020-11-04T20:38:56.858+0300][10,781s][info][gc] GC(177) Pause Young (Allocation Failure) 314M->164M(373M) 7,879ms
[2020-11-04T20:38:56.918+0300][10,841s][info][gc] GC(178) Pause Young (Allocation Failure) 319M->169M(372M) 7,922ms
[2020-11-04T20:38:56.978+0300][10,901s][info][gc] GC(179) Pause Young (Allocation Failure) 324M->174M(373M) 7,928ms
[2020-11-04T20:38:57.039+0300][10,963s][info][gc] GC(180) Pause Young (Allocation Failure) 329M->178M(373M) 7,962ms
[2020-11-04T20:38:57.100+0300][11,024s][info][gc] GC(181) Pause Young (Allocation Failure) 334M->183M(373M) 8,060ms
[2020-11-04T20:38:57.161+0300][11,085s][info][gc] GC(182) Pause Young (Allocation Failure) 339M->187M(373M) 8,126ms
[2020-11-04T20:38:57.222+0300][11,146s][info][gc] GC(183) Pause Young (Allocation Failure) 344M->192M(373M) 8,175ms
[2020-11-04T20:38:57.284+0300][11,208s][info][gc] GC(184) Pause Young (Allocation Failure) 349M->197M(373M) 8,208ms
[2020-11-04T20:38:57.345+0300][11,269s][info][gc] GC(185) Pause Young (Allocation Failure) 353M->201M(374M) 8,310ms
[2020-11-04T20:38:57.407+0300][11,331s][info][gc] GC(186) Pause Young (Allocation Failure) 359M->206M(374M) 8,274ms
[2020-11-04T20:38:57.469+0300][11,393s][info][gc] GC(187) Pause Young (Allocation Failure) 364M->211M(374M) 8,387ms
[2020-11-04T20:38:57.634+0300][11,558s][info][gc] GC(188) Pause Full (Ergonomics) 211M->106M(473M) 165,029ms
[2020-11-04T20:38:57.696+0300][11,620s][info][gc] GC(189) Pause Young (Allocation Failure) 263M->111M(474M) 4,637ms
[2020-11-04T20:38:57.758+0300][11,681s][info][gc] GC(190) Pause Young (Allocation Failure) 269M->115M(473M) 8,173ms
[2020-11-04T20:38:57.820+0300][11,743s][info][gc] GC(191) Pause Young (Allocation Failure) 273M->120M(474M) 8,302ms
[2020-11-04T20:38:57.893+0300][11,816s][info][gc] GC(192) Pause Young (Allocation Failure) 279M->125M(474M) 9,675ms
[2020-11-04T20:38:57.951+0300][11,875s][info][gc] GC(193) Pause Young (Allocation Failure) 283M->133M(468M) 6,302ms
[2020-11-04T20:38:58.011+0300][11,934s][info][gc] GC(194) Pause Young (Allocation Failure) 286M->138M(471M) 5,908ms
[2020-11-04T20:38:58.071+0300][11,995s][info][gc] GC(195) Pause Young (Allocation Failure) 290M->142M(471M) 7,642ms
[2020-11-04T20:38:58.131+0300][12,055s][info][gc] GC(196) Pause Young (Allocation Failure) 296M->147M(471M) 7,658ms
[2020-11-04T20:38:58.191+0300][12,114s][info][gc] GC(197) Pause Young (Allocation Failure) 300M->151M(471M) 7,724ms
[2020-11-04T20:38:58.250+0300][12,174s][info][gc] GC(198) Pause Young (Allocation Failure) 305M->156M(471M) 7,760ms
[2020-11-04T20:38:58.310+0300][12,234s][info][gc] GC(199) Pause Young (Allocation Failure) 309M->160M(472M) 7,728ms
[2020-11-04T20:38:58.370+0300][12,294s][info][gc] GC(200) Pause Young (Allocation Failure) 315M->165M(472M) 7,813ms
[2020-11-04T20:38:58.430+0300][12,354s][info][gc] GC(201) Pause Young (Allocation Failure) 320M->170M(472M) 7,943ms
[2020-11-04T20:38:58.491+0300][12,414s][info][gc] GC(202) Pause Young (Allocation Failure) 325M->174M(472M) 7,947ms
[2020-11-04T20:38:58.552+0300][12,476s][info][gc] GC(203) Pause Young (Allocation Failure) 329M->179M(472M) 7,951ms
[2020-11-04T20:38:58.613+0300][12,537s][info][gc] GC(204) Pause Young (Allocation Failure) 334M->183M(472M) 7,993ms
[2020-11-04T20:38:58.673+0300][12,597s][info][gc] GC(205) Pause Young (Allocation Failure) 339M->188M(473M) 8,025ms
[2020-11-04T20:38:58.736+0300][12,660s][info][gc] GC(206) Pause Young (Allocation Failure) 345M->193M(473M) 8,166ms
[2020-11-04T20:38:58.798+0300][12,721s][info][gc] GC(207) Pause Young (Allocation Failure) 349M->197M(473M) 8,168ms
[2020-11-04T20:38:58.859+0300][12,783s][info][gc] GC(208) Pause Young (Allocation Failure) 354M->202M(473M) 8,259ms
[2020-11-04T20:38:58.921+0300][12,845s][info][gc] GC(209) Pause Young (Allocation Failure) 359M->207M(473M) 8,292ms
[2020-11-04T20:38:58.983+0300][12,906s][info][gc] GC(210) Pause Young (Allocation Failure) 364M->211M(473M) 8,206ms
[2020-11-04T20:38:59.044+0300][12,968s][info][gc] GC(211) Pause Young (Allocation Failure) 369M->216M(474M) 8,330ms
[2020-11-04T20:38:59.106+0300][13,030s][info][gc] GC(212) Pause Young (Allocation Failure) 374M->221M(473M) 8,421ms
[2020-11-04T20:38:59.168+0300][13,092s][info][gc] GC(213) Pause Young (Allocation Failure) 379M->225M(474M) 8,441ms
[2020-11-04T20:38:59.231+0300][13,154s][info][gc] GC(214) Pause Young (Allocation Failure) 384M->230M(474M) 8,480ms
[2020-11-04T20:38:59.304+0300][13,228s][info][gc] GC(215) Pause Young (Allocation Failure) 389M->238M(468M) 7,469ms
[2020-11-04T20:38:59.364+0300][13,287s][info][gc] GC(216) Pause Young (Allocation Failure) 391M->243M(471M) 7,896ms
[2020-11-04T20:38:59.424+0300][13,348s][info][gc] GC(217) Pause Young (Allocation Failure) 396M->248M(471M) 8,001ms
[2020-11-04T20:38:59.484+0300][13,408s][info][gc] GC(218) Pause Young (Allocation Failure) 401M->252M(471M) 7,940ms
[2020-11-04T20:38:59.544+0300][13,468s][info][gc] GC(219) Pause Young (Allocation Failure) 405M->257M(471M) 7,948ms
[2020-11-04T20:38:59.604+0300][13,528s][info][gc] GC(220) Pause Young (Allocation Failure) 410M->261M(471M) 8,041ms
[2020-11-04T20:38:59.665+0300][13,589s][info][gc] GC(221) Pause Young (Allocation Failure) 415M->266M(472M) 8,133ms
[2020-11-04T20:38:59.726+0300][13,649s][info][gc] GC(222) Pause Young (Allocation Failure) 420M->270M(472M) 8,175ms
[2020-11-04T20:38:59.786+0300][13,709s][info][gc] GC(223) Pause Young (Allocation Failure) 425M->275M(472M) 8,209ms
[2020-11-04T20:38:59.847+0300][13,771s][info][gc] GC(224) Pause Young (Allocation Failure) 430M->279M(472M) 8,137ms
[2020-11-04T20:38:59.909+0300][13,832s][info][gc] GC(225) Pause Young (Allocation Failure) 434M->284M(472M) 8,255ms
[2020-11-04T20:38:59.969+0300][13,893s][info][gc] GC(226) Pause Young (Allocation Failure) 440M->289M(472M) 8,393ms
[2020-11-04T20:39:00.030+0300][13,954s][info][gc] GC(227) Pause Young (Allocation Failure) 444M->293M(473M) 8,484ms
[2020-11-04T20:39:00.091+0300][14,015s][info][gc] GC(228) Pause Young (Allocation Failure) 450M->298M(473M) 8,424ms
[2020-11-04T20:39:00.152+0300][14,076s][info][gc] GC(229) Pause Young (Allocation Failure) 454M->303M(473M) 8,565ms
[2020-11-04T20:39:00.214+0300][14,137s][info][gc] GC(230) Pause Young (Allocation Failure) 459M->307M(473M) 8,578ms
[2020-11-04T20:39:00.275+0300][14,199s][info][gc] GC(231) Pause Young (Allocation Failure) 464M->312M(473M) 8,720ms
[2020-11-04T20:39:00.423+0300][14,346s][info][gc] GC(232) Pause Full (Ergonomics) 312M->104M(489M) 147,152ms
[2020-11-04T20:39:00.486+0300][14,409s][info][gc] GC(233) Pause Young (Allocation Failure) 261M->109M(489M) 4,906ms
[2020-11-04T20:39:00.549+0300][14,473s][info][gc] GC(234) Pause Young (Allocation Failure) 266M->113M(489M) 8,216ms
[2020-11-04T20:39:00.611+0300][14,534s][info][gc] GC(235) Pause Young (Allocation Failure) 271M->118M(489M) 8,302ms
[2020-11-04T20:39:00.672+0300][14,596s][info][gc] GC(236) Pause Young (Allocation Failure) 276M->123M(489M) 8,224ms
[2020-11-04T20:39:00.734+0300][14,658s][info][gc] GC(237) Pause Young (Allocation Failure) 281M->127M(489M) 8,322ms
[2020-11-04T20:39:00.807+0300][14,731s][info][gc] GC(238) Pause Young (Allocation Failure) 286M->136M(489M) 7,788ms
[2020-11-04T20:39:00.866+0300][14,790s][info][gc] GC(239) Pause Young (Allocation Failure) 294M->141M(483M) 5,542ms
[2020-11-04T20:39:00.926+0300][14,849s][info][gc] GC(240) Pause Young (Allocation Failure) 293M->145M(486M) 8,099ms
[2020-11-04T20:39:00.985+0300][14,908s][info][gc] GC(241) Pause Young (Allocation Failure) 297M->150M(487M) 7,663ms
[2020-11-04T20:39:01.044+0300][14,968s][info][gc] GC(242) Pause Young (Allocation Failure) 303M->154M(487M) 7,676ms
[2020-11-04T20:39:01.104+0300][15,027s][info][gc] GC(243) Pause Young (Allocation Failure) 308M->159M(487M) 7,783ms
[2020-11-04T20:39:01.163+0300][15,087s][info][gc] GC(244) Pause Young (Allocation Failure) 313M->163M(487M) 7,803ms
[2020-11-04T20:39:01.223+0300][15,147s][info][gc] GC(245) Pause Young (Allocation Failure) 317M->168M(487M) 8,139ms
[2020-11-04T20:39:01.285+0300][15,208s][info][gc] GC(246) Pause Young (Allocation Failure) 322M->172M(487M) 7,884ms
[2020-11-04T20:39:01.345+0300][15,269s][info][gc] GC(247) Pause Young (Allocation Failure) 327M->177M(488M) 8,060ms
[2020-11-04T20:39:01.405+0300][15,329s][info][gc] GC(248) Pause Young (Allocation Failure) 332M->182M(488M) 7,961ms
[2020-11-04T20:39:01.466+0300][15,390s][info][gc] GC(249) Pause Young (Allocation Failure) 337M->186M(488M) 7,990ms
[2020-11-04T20:39:01.527+0300][15,450s][info][gc] GC(250) Pause Young (Allocation Failure) 342M->191M(488M) 8,140ms
[2020-11-04T20:39:01.587+0300][15,511s][info][gc] GC(251) Pause Young (Allocation Failure) 347M->195M(488M) 8,040ms
[2020-11-04T20:39:01.649+0300][15,573s][info][gc] GC(252) Pause Young (Allocation Failure) 352M->200M(488M) 9,214ms
[2020-11-04T20:39:01.712+0300][15,635s][info][gc] GC(253) Pause Young (Allocation Failure) 357M->205M(489M) 8,204ms
[2020-11-04T20:39:01.773+0300][15,697s][info][gc] GC(254) Pause Young (Allocation Failure) 362M->209M(489M) 8,271ms
[2020-11-04T20:39:01.834+0300][15,758s][info][gc] GC(255) Pause Young (Allocation Failure) 367M->214M(489M) 8,209ms
[2020-11-04T20:39:01.896+0300][15,820s][info][gc] GC(256) Pause Young (Allocation Failure) 372M->219M(489M) 8,365ms
[2020-11-04T20:39:01.957+0300][15,881s][info][gc] GC(257) Pause Young (Allocation Failure) 376M->223M(489M) 8,335ms
[2020-11-04T20:39:02.019+0300][15,943s][info][gc] GC(258) Pause Young (Allocation Failure) 381M->228M(489M) 8,417ms
[2020-11-04T20:39:02.081+0300][16,005s][info][gc] GC(259) Pause Young (Allocation Failure) 386M->233M(489M) 8,401ms
[2020-11-04T20:39:02.156+0300][16,079s][info][gc] GC(260) Pause Young (Allocation Failure) 391M->241M(489M) 8,563ms
[2020-11-04T20:39:02.216+0300][16,139s][info][gc] GC(261) Pause Young (Allocation Failure) 400M->246M(483M) 6,354ms
[2020-11-04T20:39:02.278+0300][16,202s][info][gc] GC(262) Pause Young (Allocation Failure) 398M->250M(486M) 8,015ms
[2020-11-04T20:39:02.337+0300][16,261s][info][gc] GC(263) Pause Young (Allocation Failure) 403M->255M(487M) 7,919ms
[2020-11-04T20:39:02.397+0300][16,321s][info][gc] GC(264) Pause Young (Allocation Failure) 408M->260M(487M) 7,998ms
[2020-11-04T20:39:02.457+0300][16,380s][info][gc] GC(265) Pause Young (Allocation Failure) 413M->264M(487M) 8,008ms
[2020-11-04T20:39:02.517+0300][16,441s][info][gc] GC(266) Pause Young (Allocation Failure) 418M->269M(487M) 8,066ms
[2020-11-04T20:39:02.578+0300][16,502s][info][gc] GC(267) Pause Young (Allocation Failure) 423M->273M(487M) 8,105ms
[2020-11-04T20:39:02.638+0300][16,562s][info][gc] GC(268) Pause Young (Allocation Failure) 428M->278M(487M) 8,159ms
[2020-11-04T20:39:02.699+0300][16,623s][info][gc] GC(269) Pause Young (Allocation Failure) 432M->282M(488M) 8,173ms
[2020-11-04T20:39:02.760+0300][16,684s][info][gc] GC(270) Pause Young (Allocation Failure) 438M->287M(488M) 8,178ms
[2020-11-04T20:39:02.821+0300][16,744s][info][gc] GC(271) Pause Young (Allocation Failure) 443M->292M(488M) 8,261ms
[2020-11-04T20:39:02.882+0300][16,805s][info][gc] GC(272) Pause Young (Allocation Failure) 448M->296M(488M) 8,304ms
[2020-11-04T20:39:02.943+0300][16,867s][info][gc] GC(273) Pause Young (Allocation Failure) 452M->301M(488M) 8,406ms
[2020-11-04T20:39:03.004+0300][16,928s][info][gc] GC(274) Pause Young (Allocation Failure) 457M->306M(488M) 8,484ms
[2020-11-04T20:39:03.066+0300][16,989s][info][gc] GC(275) Pause Young (Allocation Failure) 462M->310M(489M) 8,566ms
[2020-11-04T20:39:03.128+0300][17,051s][info][gc] GC(276) Pause Young (Allocation Failure) 468M->315M(489M) 8,622ms
[2020-11-04T20:39:03.190+0300][17,114s][info][gc] GC(277) Pause Young (Allocation Failure) 472M->320M(489M) 8,761ms
[2020-11-04T20:39:03.252+0300][17,176s][info][gc] GC(278) Pause Young (Allocation Failure) 477M->324M(489M) 8,729ms
[2020-11-04T20:39:03.417+0300][17,341s][info][gc] GC(279) Pause Full (Ergonomics) 324M->116M(505M) 165,013ms
[2020-11-04T20:39:03.478+0300][17,402s][info][gc] GC(280) Pause Young (Allocation Failure) 273M->121M(505M) 4,678ms
[2020-11-04T20:39:03.540+0300][17,463s][info][gc] GC(281) Pause Young (Allocation Failure) 278M->125M(506M) 8,228ms
[2020-11-04T20:39:03.601+0300][17,524s][info][gc] GC(282) Pause Young (Allocation Failure) 284M->130M(506M) 8,080ms
[2020-11-04T20:39:03.674+0300][17,597s][info][gc] GC(283) Pause Young (Allocation Failure) 289M->135M(506M) 10,282ms
[2020-11-04T20:39:03.733+0300][17,656s][info][gc] GC(284) Pause Young (Allocation Failure) 293M->143M(506M) 6,212ms
[2020-11-04T20:39:03.792+0300][17,716s][info][gc] GC(285) Pause Young (Allocation Failure) 302M->148M(501M) 6,052ms
[2020-11-04T20:39:03.853+0300][17,777s][info][gc] GC(286) Pause Young (Allocation Failure) 301M->152M(503M) 7,835ms
[2020-11-04T20:39:03.913+0300][17,836s][info][gc] GC(287) Pause Young (Allocation Failure) 306M->157M(503M) 7,658ms
[2020-11-04T20:39:03.972+0300][17,896s][info][gc] GC(288) Pause Young (Allocation Failure) 310M->162M(503M) 7,716ms
[2020-11-04T20:39:04.032+0300][17,956s][info][gc] GC(289) Pause Young (Allocation Failure) 315M->166M(504M) 7,879ms
[2020-11-04T20:39:04.092+0300][18,016s][info][gc] GC(290) Pause Young (Allocation Failure) 320M->171M(503M) 7,738ms
[2020-11-04T20:39:04.152+0300][18,076s][info][gc] GC(291) Pause Young (Allocation Failure) 325M->175M(504M) 7,936ms
[2020-11-04T20:39:04.212+0300][18,136s][info][gc] GC(292) Pause Young (Allocation Failure) 330M->180M(504M) 7,919ms
[2020-11-04T20:39:04.273+0300][18,197s][info][gc] GC(293) Pause Young (Allocation Failure) 334M->184M(504M) 8,138ms
[2020-11-04T20:39:04.334+0300][18,257s][info][gc] GC(294) Pause Young (Allocation Failure) 340M->189M(504M) 8,056ms
[2020-11-04T20:39:04.394+0300][18,318s][info][gc] GC(295) Pause Young (Allocation Failure) 345M->194M(505M) 8,102ms
[2020-11-04T20:39:04.456+0300][18,379s][info][gc] GC(296) Pause Young (Allocation Failure) 350M->198M(504M) 8,357ms
[2020-11-04T20:39:04.517+0300][18,441s][info][gc] GC(297) Pause Young (Allocation Failure) 354M->203M(505M) 8,245ms
[2020-11-04T20:39:04.578+0300][18,502s][info][gc] GC(298) Pause Young (Allocation Failure) 359M->207M(505M) 8,251ms
[2020-11-04T20:39:04.640+0300][18,563s][info][gc] GC(299) Pause Young (Allocation Failure) 364M->212M(505M) 8,296ms
[2020-11-04T20:39:04.701+0300][18,625s][info][gc] GC(300) Pause Young (Allocation Failure) 370M->217M(505M) 8,443ms
[2020-11-04T20:39:04.763+0300][18,687s][info][gc] GC(301) Pause Young (Allocation Failure) 374M->221M(505M) 8,474ms
[2020-11-04T20:39:04.825+0300][18,749s][info][gc] GC(302) Pause Young (Allocation Failure) 379M->226M(505M) 8,510ms
[2020-11-04T20:39:04.887+0300][18,811s][info][gc] GC(303) Pause Young (Allocation Failure) 384M->231M(506M) 8,520ms
[2020-11-04T20:39:04.950+0300][18,873s][info][gc] GC(304) Pause Young (Allocation Failure) 389M->235M(505M) 8,667ms
[2020-11-04T20:39:05.012+0300][18,935s][info][gc] GC(305) Pause Young (Allocation Failure) 393M->240M(506M) 8,668ms
[2020-11-04T20:39:05.085+0300][19,009s][info][gc] GC(306) Pause Young (Allocation Failure) 399M->248M(506M) 7,478ms
[2020-11-04T20:39:05.145+0300][19,069s][info][gc] GC(307) Pause Young (Allocation Failure) 407M->253M(500M) 5,984ms
[2020-11-04T20:39:05.205+0300][19,128s][info][gc] GC(308) Pause Young (Allocation Failure) 406M->258M(503M) 8,198ms
[2020-11-04T20:39:05.264+0300][19,188s][info][gc] GC(309) Pause Young (Allocation Failure) 410M->262M(503M) 8,161ms
[2020-11-04T20:39:05.324+0300][19,248s][info][gc] GC(310) Pause Young (Allocation Failure) 416M->267M(503M) 8,257ms
[2020-11-04T20:39:05.385+0300][19,308s][info][gc] GC(311) Pause Young (Allocation Failure) 420M->271M(504M) 8,206ms
[2020-11-04T20:39:05.445+0300][19,369s][info][gc] GC(312) Pause Young (Allocation Failure) 425M->276M(503M) 8,314ms
[2020-11-04T20:39:05.506+0300][19,430s][info][gc] GC(313) Pause Young (Allocation Failure) 430M->281M(504M) 8,486ms
[2020-11-04T20:39:05.567+0300][19,490s][info][gc] GC(314) Pause Young (Allocation Failure) 435M->285M(504M) 8,413ms
[2020-11-04T20:39:05.627+0300][19,551s][info][gc] GC(315) Pause Young (Allocation Failure) 440M->290M(504M) 8,451ms
[2020-11-04T20:39:05.688+0300][19,612s][info][gc] GC(316) Pause Young (Allocation Failure) 445M->294M(504M) 8,516ms
[2020-11-04T20:39:05.749+0300][19,673s][info][gc] GC(317) Pause Young (Allocation Failure) 450M->299M(505M) 8,491ms
[2020-11-04T20:39:05.811+0300][19,734s][info][gc] GC(318) Pause Young (Allocation Failure) 455M->304M(504M) 8,855ms
[2020-11-04T20:39:05.873+0300][19,796s][info][gc] GC(319) Pause Young (Allocation Failure) 460M->308M(505M) 9,019ms
[2020-11-04T20:39:05.935+0300][19,858s][info][gc] GC(320) Pause Young (Allocation Failure) 465M->313M(505M) 8,908ms
[2020-11-04T20:39:05.997+0300][19,920s][info][gc] GC(321) Pause Young (Allocation Failure) 469M->318M(505M) 8,972ms
[2020-11-04T20:39:06.059+0300][19,983s][info][gc] GC(322) Pause Young (Allocation Failure) 475M->322M(505M) 9,318ms
[2020-11-04T20:39:06.121+0300][20,045s][info][gc] GC(323) Pause Young (Allocation Failure) 479M->327M(505M) 8,836ms
[2020-11-04T20:39:06.184+0300][20,107s][info][gc] GC(324) Pause Young (Allocation Failure) 484M->332M(505M) 9,077ms
[2020-11-04T20:39:06.246+0300][20,170s][info][gc] GC(325) Pause Young (Allocation Failure) 489M->336M(506M) 9,117ms
[2020-11-04T20:39:06.309+0300][20,232s][info][gc] GC(326) Pause Young (Allocation Failure) 494M->341M(505M) 9,211ms
[2020-11-04T20:39:06.489+0300][20,413s][info][gc] GC(327) Pause Full (Ergonomics) 341M->133M(506M) 180,309ms
[2020-11-04T20:39:06.552+0300][20,475s][info][gc] GC(328) Pause Young (Allocation Failure) 291M->138M(506M) 4,946ms
[2020-11-04T20:39:06.625+0300][20,549s][info][gc] GC(329) Pause Young (Allocation Failure) 296M->146M(500M) 7,467ms
[2020-11-04T20:39:06.683+0300][20,607s][info][gc] GC(330) Pause Young (Allocation Failure) 298M->150M(503M) 5,418ms
[2020-11-04T20:39:06.744+0300][20,667s][info][gc] GC(331) Pause Young (Allocation Failure) 303M->155M(503M) 8,586ms
[2020-11-04T20:39:06.804+0300][20,728s][info][gc] GC(332) Pause Young (Allocation Failure) 308M->160M(503M) 7,586ms
[2020-11-04T20:39:06.865+0300][20,789s][info][gc] GC(333) Pause Young (Allocation Failure) 313M->164M(503M) 7,847ms
[2020-11-04T20:39:06.925+0300][20,848s][info][gc] GC(334) Pause Young (Allocation Failure) 318M->169M(503M) 7,736ms
[2020-11-04T20:39:06.984+0300][20,908s][info][gc] GC(335) Pause Young (Allocation Failure) 322M->173M(504M) 7,768ms
[2020-11-04T20:39:07.045+0300][20,968s][info][gc] GC(336) Pause Young (Allocation Failure) 328M->178M(504M) 7,801ms
[2020-11-04T20:39:07.105+0300][21,028s][info][gc] GC(337) Pause Young (Allocation Failure) 332M->182M(504M) 7,805ms
[2020-11-04T20:39:07.165+0300][21,089s][info][gc] GC(338) Pause Young (Allocation Failure) 337M->187M(504M) 7,825ms
[2020-11-04T20:39:07.225+0300][21,149s][info][gc] GC(339) Pause Young (Allocation Failure) 342M->192M(504M) 7,974ms
[2020-11-04T20:39:07.286+0300][21,210s][info][gc] GC(340) Pause Young (Allocation Failure) 347M->196M(504M) 7,960ms
[2020-11-04T20:39:07.347+0300][21,271s][info][gc] GC(341) Pause Young (Allocation Failure) 352M->201M(505M) 8,052ms
[2020-11-04T20:39:07.408+0300][21,332s][info][gc] GC(342) Pause Young (Allocation Failure) 357M->205M(505M) 8,091ms
[2020-11-04T20:39:07.470+0300][21,394s][info][gc] GC(343) Pause Young (Allocation Failure) 362M->210M(505M) 8,328ms
[2020-11-04T20:39:07.531+0300][21,455s][info][gc] GC(344) Pause Young (Allocation Failure) 367M->215M(505M) 8,322ms
[2020-11-04T20:39:07.593+0300][21,516s][info][gc] GC(345) Pause Young (Allocation Failure) 371M->219M(505M) 8,259ms
[2020-11-04T20:39:07.655+0300][21,578s][info][gc] GC(346) Pause Young (Allocation Failure) 377M->224M(505M) 8,369ms
[2020-11-04T20:39:07.716+0300][21,640s][info][gc] GC(347) Pause Young (Allocation Failure) 382M->229M(505M) 8,442ms
[2020-11-04T20:39:07.779+0300][21,702s][info][gc] GC(348) Pause Young (Allocation Failure) 386M->233M(505M) 8,511ms
[2020-11-04T20:39:07.841+0300][21,764s][info][gc] GC(349) Pause Young (Allocation Failure) 391M->238M(506M) 8,708ms
[2020-11-04T20:39:07.903+0300][21,827s][info][gc] GC(350) Pause Young (Allocation Failure) 397M->243M(506M) 8,648ms
[2020-11-04T20:39:07.977+0300][21,901s][info][gc] GC(351) Pause Young (Allocation Failure) 401M->251M(500M) 8,422ms
[2020-11-04T20:39:08.035+0300][21,958s][info][gc] GC(352) Pause Young (Allocation Failure) 404M->256M(503M) 5,691ms
[2020-11-04T20:39:08.094+0300][22,018s][info][gc] GC(353) Pause Young (Allocation Failure) 408M->260M(503M) 7,985ms
[2020-11-04T20:39:08.154+0300][22,077s][info][gc] GC(354) Pause Young (Allocation Failure) 413M->265M(503M) 7,899ms
[2020-11-04T20:39:08.213+0300][22,137s][info][gc] GC(355) Pause Young (Allocation Failure) 418M->269M(503M) 7,998ms
[2020-11-04T20:39:08.273+0300][22,197s][info][gc] GC(356) Pause Young (Allocation Failure) 423M->274M(503M) 7,938ms
[2020-11-04T20:39:08.333+0300][22,257s][info][gc] GC(357) Pause Young (Allocation Failure) 427M->278M(504M) 7,943ms
[2020-11-04T20:39:08.394+0300][22,317s][info][gc] GC(358) Pause Young (Allocation Failure) 433M->283M(504M) 7,985ms
[2020-11-04T20:39:08.454+0300][22,377s][info][gc] GC(359) Pause Young (Allocation Failure) 437M->288M(504M) 8,063ms
[2020-11-04T20:39:08.514+0300][22,438s][info][gc] GC(360) Pause Young (Allocation Failure) 443M->292M(504M) 8,139ms
[2020-11-04T20:39:08.575+0300][22,499s][info][gc] GC(361) Pause Young (Allocation Failure) 447M->297M(504M) 8,335ms
[2020-11-04T20:39:08.636+0300][22,560s][info][gc] GC(362) Pause Young (Allocation Failure) 452M->301M(504M) 8,252ms
[2020-11-04T20:39:08.697+0300][22,621s][info][gc] GC(363) Pause Young (Allocation Failure) 457M->306M(505M) 8,253ms
[2020-11-04T20:39:08.758+0300][22,682s][info][gc] GC(364) Pause Young (Allocation Failure) 462M->311M(505M) 8,253ms
[2020-11-04T20:39:08.819+0300][22,743s][info][gc] GC(365) Pause Young (Allocation Failure) 467M->315M(505M) 8,317ms
[2020-11-04T20:39:08.881+0300][22,804s][info][gc] GC(366) Pause Young (Allocation Failure) 472M->320M(505M) 8,430ms
[2020-11-04T20:39:08.942+0300][22,865s][info][gc] GC(367) Pause Young (Allocation Failure) 476M->325M(505M) 8,340ms
[2020-11-04T20:39:09.004+0300][22,927s][info][gc] GC(368) Pause Young (Allocation Failure) 482M->329M(505M) 8,445ms
[2020-11-04T20:39:09.066+0300][22,989s][info][gc] GC(369) Pause Young (Allocation Failure) 487M->334M(505M) 8,512ms
[2020-11-04T20:39:09.128+0300][23,051s][info][gc] GC(370) Pause Young (Allocation Failure) 491M->339M(505M) 8,565ms
[2020-11-04T20:39:09.190+0300][23,113s][info][gc] GC(371) Pause Young (Allocation Failure) 496M->343M(506M) 8,631ms
[2020-11-04T20:39:09.373+0300][23,297s][info][gc] GC(372) Pause Full (Ergonomics) 343M->135M(506M) 183,262ms
[2020-11-04T20:39:09.434+0300][23,358s][info][gc] GC(373) Pause Young (Allocation Failure) 294M->140M(506M) 4,862ms
[2020-11-04T20:39:09.507+0300][23,431s][info][gc] GC(374) Pause Young (Allocation Failure) 298M->145M(506M) 9,099ms
[2020-11-04T20:39:09.604+0300][23,528s][info][gc] GC(375) Pause Young (Allocation Failure) 303M->153M(500M) 6,993ms
[2020-11-04T20:39:09.670+0300][23,594s][info][gc] GC(376) Pause Young (Allocation Failure) 305M->157M(503M) 6,705ms
[2020-11-04T20:39:09.738+0300][23,661s][info][gc] GC(377) Pause Young (Allocation Failure) 310M->162M(503M) 9,300ms
[2020-11-04T20:39:09.825+0300][23,749s][info][gc] GC(378) Pause Young (Allocation Failure) 315M->167M(503M) 9,670ms
[2020-11-04T20:39:09.897+0300][23,820s][info][gc] GC(379) Pause Young (Allocation Failure) 320M->171M(504M) 9,170ms
[2020-11-04T20:39:09.964+0300][23,888s][info][gc] GC(380) Pause Young (Allocation Failure) 325M->176M(503M) 9,210ms
[2020-11-04T20:39:10.034+0300][23,957s][info][gc] GC(381) Pause Young (Allocation Failure) 330M->180M(504M) 9,739ms
[2020-11-04T20:39:10.096+0300][24,019s][info][gc] GC(382) Pause Young (Allocation Failure) 335M->185M(504M) 8,304ms
[2020-11-04T20:39:10.156+0300][24,080s][info][gc] GC(383) Pause Young (Allocation Failure) 339M->189M(504M) 8,482ms
[2020-11-04T20:39:10.217+0300][24,140s][info][gc] GC(384) Pause Young (Allocation Failure) 344M->194M(504M) 8,339ms
[2020-11-04T20:39:10.278+0300][24,202s][info][gc] GC(385) Pause Young (Allocation Failure) 349M->199M(504M) 8,469ms
[2020-11-04T20:39:10.340+0300][24,263s][info][gc] GC(386) Pause Young (Allocation Failure) 354M->203M(504M) 8,487ms
[2020-11-04T20:39:10.401+0300][24,325s][info][gc] GC(387) Pause Young (Allocation Failure) 359M->208M(505M) 8,476ms
[2020-11-04T20:39:10.463+0300][24,387s][info][gc] GC(388) Pause Young (Allocation Failure) 364M->212M(505M) 8,842ms
[2020-11-04T20:39:10.525+0300][24,448s][info][gc] GC(389) Pause Young (Allocation Failure) 369M->217M(505M) 8,549ms
[2020-11-04T20:39:10.586+0300][24,510s][info][gc] GC(390) Pause Young (Allocation Failure) 374M->222M(505M) 8,655ms
[2020-11-04T20:39:10.648+0300][24,572s][info][gc] GC(391) Pause Young (Allocation Failure) 379M->226M(505M) 8,670ms
[2020-11-04T20:39:10.710+0300][24,634s][info][gc] GC(392) Pause Young (Allocation Failure) 384M->231M(505M) 9,394ms
[2020-11-04T20:39:10.773+0300][24,696s][info][gc] GC(393) Pause Young (Allocation Failure) 389M->236M(506M) 8,703ms
[2020-11-04T20:39:10.835+0300][24,759s][info][gc] GC(394) Pause Young (Allocation Failure) 394M->240M(505M) 9,036ms
[2020-11-04T20:39:10.898+0300][24,822s][info][gc] GC(395) Pause Young (Allocation Failure) 398M->245M(506M) 9,928ms
[2020-11-04T20:39:10.962+0300][24,886s][info][gc] GC(396) Pause Young (Allocation Failure) 404M->250M(506M) 9,822ms
[2020-11-04T20:39:11.037+0300][24,960s][info][gc] GC(397) Pause Young (Allocation Failure) 408M->258M(500M) 8,149ms
[2020-11-04T20:39:11.094+0300][25,018s][info][gc] GC(398) Pause Young (Allocation Failure) 411M->263M(503M) 6,375ms
[2020-11-04T20:39:11.155+0300][25,078s][info][gc] GC(399) Pause Young (Allocation Failure) 415M->267M(503M) 7,905ms
[2020-11-04T20:39:11.214+0300][25,138s][info][gc] GC(400) Pause Young (Allocation Failure) 420M->272M(503M) 7,962ms
[2020-11-04T20:39:11.276+0300][25,199s][info][gc] GC(401) Pause Young (Allocation Failure) 425M->276M(503M) 9,904ms
[2020-11-04T20:39:11.336+0300][25,260s][info][gc] GC(402) Pause Young (Allocation Failure) 430M->281M(503M) 7,937ms
[2020-11-04T20:39:11.396+0300][25,320s][info][gc] GC(403) Pause Young (Allocation Failure) 434M->286M(504M) 7,958ms
[2020-11-04T20:39:11.456+0300][25,380s][info][gc] GC(404) Pause Young (Allocation Failure) 440M->290M(504M) 8,121ms
[2020-11-04T20:39:11.517+0300][25,440s][info][gc] GC(405) Pause Young (Allocation Failure) 445M->295M(504M) 8,027ms
[2020-11-04T20:39:11.578+0300][25,501s][info][gc] GC(406) Pause Young (Allocation Failure) 450M->299M(504M) 8,158ms
[2020-11-04T20:39:11.638+0300][25,562s][info][gc] GC(407) Pause Young (Allocation Failure) 454M->304M(504M) 8,024ms
[2020-11-04T20:39:11.699+0300][25,622s][info][gc] GC(408) Pause Young (Allocation Failure) 459M->309M(504M) 8,102ms
[2020-11-04T20:39:11.759+0300][25,683s][info][gc] GC(409) Pause Young (Allocation Failure) 464M->313M(505M) 8,167ms
[2020-11-04T20:39:11.820+0300][25,744s][info][gc] GC(410) Pause Young (Allocation Failure) 470M->318M(505M) 8,146ms
[2020-11-04T20:39:11.881+0300][25,805s][info][gc] GC(411) Pause Young (Allocation Failure) 474M->322M(505M) 8,344ms
[2020-11-04T20:39:11.943+0300][25,866s][info][gc] GC(412) Pause Young (Allocation Failure) 479M->327M(505M) 8,344ms
[2020-11-04T20:39:12.004+0300][25,928s][info][gc] GC(413) Pause Young (Allocation Failure) 484M->332M(505M) 8,428ms
[2020-11-04T20:39:12.066+0300][25,990s][info][gc] GC(414) Pause Young (Allocation Failure) 489M->336M(505M) 8,515ms
[2020-11-04T20:39:12.128+0300][26,052s][info][gc] GC(415) Pause Young (Allocation Failure) 494M->341M(505M) 8,696ms
[2020-11-04T20:39:12.306+0300][26,230s][info][gc] GC(416) Pause Full (Ergonomics) 341M->133M(505M) 178,411ms
[2020-11-04T20:39:12.369+0300][26,293s][info][gc] GC(417) Pause Young (Allocation Failure) 291M->138M(506M) 4,653ms
[2020-11-04T20:39:12.431+0300][26,355s][info][gc] GC(418) Pause Young (Allocation Failure) 296M->143M(505M) 8,215ms
[2020-11-04T20:39:12.493+0300][26,417s][info][gc] GC(419) Pause Young (Allocation Failure) 301M->147M(506M) 8,068ms
[2020-11-04T20:39:12.567+0300][26,491s][info][gc] GC(420) Pause Young (Allocation Failure) 306M->156M(506M) 7,539ms
[2020-11-04T20:39:12.628+0300][26,552s][info][gc] GC(421) Pause Young (Allocation Failure) 314M->160M(500M) 5,874ms
[2020-11-04T20:39:12.690+0300][26,613s][info][gc] GC(422) Pause Young (Allocation Failure) 313M->165M(503M) 8,341ms
[2020-11-04T20:39:12.749+0300][26,673s][info][gc] GC(423) Pause Young (Allocation Failure) 317M->169M(503M) 7,984ms
[2020-11-04T20:39:12.809+0300][26,733s][info][gc] GC(424) Pause Young (Allocation Failure) 323M->174M(503M) 8,125ms
[2020-11-04T20:39:12.869+0300][26,793s][info][gc] GC(425) Pause Young (Allocation Failure) 327M->178M(504M) 8,103ms
[2020-11-04T20:39:12.930+0300][26,853s][info][gc] GC(426) Pause Young (Allocation Failure) 332M->183M(503M) 8,347ms
[2020-11-04T20:39:12.990+0300][26,913s][info][gc] GC(427) Pause Young (Allocation Failure) 337M->188M(504M) 8,370ms
[2020-11-04T20:39:13.050+0300][26,974s][info][gc] GC(428) Pause Young (Allocation Failure) 342M->192M(504M) 8,356ms
[2020-11-04T20:39:13.111+0300][27,034s][info][gc] GC(429) Pause Young (Allocation Failure) 347M->197M(504M) 8,519ms
[2020-11-04T20:39:13.172+0300][27,095s][info][gc] GC(430) Pause Young (Allocation Failure) 352M->201M(504M) 8,381ms
[2020-11-04T20:39:13.233+0300][27,157s][info][gc] GC(431) Pause Young (Allocation Failure) 357M->206M(505M) 8,751ms
[2020-11-04T20:39:13.294+0300][27,218s][info][gc] GC(432) Pause Young (Allocation Failure) 362M->211M(504M) 8,731ms
[2020-11-04T20:39:13.356+0300][27,279s][info][gc] GC(433) Pause Young (Allocation Failure) 367M->215M(505M) 8,463ms
[2020-11-04T20:39:13.417+0300][27,341s][info][gc] GC(434) Pause Young (Allocation Failure) 372M->220M(505M) 8,562ms
[2020-11-04T20:39:13.479+0300][27,403s][info][gc] GC(435) Pause Young (Allocation Failure) 376M->225M(505M) 8,564ms
[2020-11-04T20:39:13.541+0300][27,464s][info][gc] GC(436) Pause Young (Allocation Failure) 382M->229M(505M) 8,822ms
[2020-11-04T20:39:13.602+0300][27,526s][info][gc] GC(437) Pause Young (Allocation Failure) 386M->234M(505M) 8,920ms
[2020-11-04T20:39:13.664+0300][27,588s][info][gc] GC(438) Pause Young (Allocation Failure) 391M->239M(505M) 8,822ms
[2020-11-04T20:39:13.727+0300][27,650s][info][gc] GC(439) Pause Young (Allocation Failure) 396M->243M(506M) 9,176ms
[2020-11-04T20:39:13.789+0300][27,713s][info][gc] GC(440) Pause Young (Allocation Failure) 401M->248M(505M) 8,766ms
[2020-11-04T20:39:13.851+0300][27,775s][info][gc] GC(441) Pause Young (Allocation Failure) 406M->253M(506M) 8,824ms
[2020-11-04T20:39:13.925+0300][27,849s][info][gc] GC(442) Pause Young (Allocation Failure) 411M->261M(506M) 8,588ms
[2020-11-04T20:39:13.985+0300][27,909s][info][gc] GC(443) Pause Young (Allocation Failure) 419M->266M(500M) 6,245ms
[2020-11-04T20:39:14.046+0300][27,969s][info][gc] GC(444) Pause Young (Allocation Failure) 418M->270M(503M) 8,029ms
[2020-11-04T20:39:14.105+0300][28,029s][info][gc] GC(445) Pause Young (Allocation Failure) 423M->275M(503M) 7,836ms
[2020-11-04T20:39:14.165+0300][28,089s][info][gc] GC(446) Pause Young (Allocation Failure) 428M->279M(503M) 7,859ms
[2020-11-04T20:39:14.225+0300][28,149s][info][gc] GC(447) Pause Young (Allocation Failure) 433M->284M(504M) 7,922ms
[2020-11-04T20:39:14.286+0300][28,209s][info][gc] GC(448) Pause Young (Allocation Failure) 438M->288M(503M) 7,962ms
[2020-11-04T20:39:14.346+0300][28,270s][info][gc] GC(449) Pause Young (Allocation Failure) 442M->293M(504M) 7,976ms
[2020-11-04T20:39:14.406+0300][28,330s][info][gc] GC(450) Pause Young (Allocation Failure) 448M->298M(504M) 8,035ms
[2020-11-04T20:39:14.471+0300][28,394s][info][gc] GC(451) Pause Young (Allocation Failure) 452M->302M(504M) 8,941ms
[2020-11-04T20:39:14.532+0300][28,456s][info][gc] GC(452) Pause Young (Allocation Failure) 458M->307M(504M) 8,058ms
[2020-11-04T20:39:14.593+0300][28,516s][info][gc] GC(453) Pause Young (Allocation Failure) 462M->311M(505M) 8,115ms
[2020-11-04T20:39:14.654+0300][28,577s][info][gc] GC(454) Pause Young (Allocation Failure) 467M->316M(504M) 8,251ms
[2020-11-04T20:39:14.715+0300][28,639s][info][gc] GC(455) Pause Young (Allocation Failure) 472M->321M(505M) 8,347ms
[2020-11-04T20:39:14.777+0300][28,700s][info][gc] GC(456) Pause Young (Allocation Failure) 477M->325M(505M) 8,430ms
[2020-11-04T20:39:14.838+0300][28,762s][info][gc] GC(457) Pause Young (Allocation Failure) 482M->330M(505M) 8,369ms
[2020-11-04T20:39:14.903+0300][28,826s][info][gc] GC(458) Pause Young (Allocation Failure) 488M->335M(505M) 8,372ms
[2020-11-04T20:39:14.965+0300][28,888s][info][gc] GC(459) Pause Young (Allocation Failure) 492M->339M(505M) 8,571ms
[2020-11-04T20:39:15.026+0300][28,950s][info][gc] GC(460) Pause Young (Allocation Failure) 497M->344M(505M) 8,464ms
[2020-11-04T20:39:15.188+0300][29,111s][info][gc] GC(461) Pause Full (Ergonomics) 344M->136M(505M) 161,339ms
[2020-11-04T20:39:15.251+0300][29,174s][info][gc] GC(462) Pause Young (Allocation Failure) 293M->141M(505M) 4,658ms
[2020-11-04T20:39:15.312+0300][29,236s][info][gc] GC(463) Pause Young (Allocation Failure) 298M->145M(506M) 8,205ms
[2020-11-04T20:39:15.374+0300][29,298s][info][gc] GC(464) Pause Young (Allocation Failure) 304M->150M(506M) 8,483ms
[2020-11-04T20:39:15.447+0300][29,371s][info][gc] GC(465) Pause Young (Allocation Failure) 309M->155M(506M) 9,710ms
[2020-11-04T20:39:15.507+0300][29,430s][info][gc] GC(466) Pause Young (Allocation Failure) 313M->163M(506M) 6,360ms
[2020-11-04T20:39:15.567+0300][29,490s][info][gc] GC(467) Pause Young (Allocation Failure) 322M->168M(501M) 6,108ms
[2020-11-04T20:39:15.627+0300][29,551s][info][gc] GC(468) Pause Young (Allocation Failure) 321M->172M(503M) 7,781ms
[2020-11-04T20:39:15.687+0300][29,611s][info][gc] GC(469) Pause Young (Allocation Failure) 326M->177M(503M) 7,686ms
[2020-11-04T20:39:15.748+0300][29,671s][info][gc] GC(470) Pause Young (Allocation Failure) 331M->182M(503M) 7,728ms
[2020-11-04T20:39:15.807+0300][29,731s][info][gc] GC(471) Pause Young (Allocation Failure) 335M->186M(504M) 7,857ms
[2020-11-04T20:39:15.869+0300][29,792s][info][gc] GC(472) Pause Young (Allocation Failure) 340M->191M(503M) 7,787ms
[2020-11-04T20:39:15.928+0300][29,852s][info][gc] GC(473) Pause Young (Allocation Failure) 345M->195M(504M) 7,810ms
[2020-11-04T20:39:15.989+0300][29,913s][info][gc] GC(474) Pause Young (Allocation Failure) 350M->200M(504M) 7,871ms
[2020-11-04T20:39:16.049+0300][29,973s][info][gc] GC(475) Pause Young (Allocation Failure) 354M->204M(504M) 7,887ms
[2020-11-04T20:39:16.110+0300][30,033s][info][gc] GC(476) Pause Young (Allocation Failure) 360M->209M(504M) 7,913ms
[2020-11-04T20:39:16.172+0300][30,095s][info][gc] GC(477) Pause Young (Allocation Failure) 364M->214M(505M) 8,015ms
[2020-11-04T20:39:16.232+0300][30,156s][info][gc] GC(478) Pause Young (Allocation Failure) 370M->218M(504M) 7,994ms
[2020-11-04T20:39:16.294+0300][30,217s][info][gc] GC(479) Pause Young (Allocation Failure) 374M->223M(505M) 8,144ms
[2020-11-04T20:39:16.355+0300][30,278s][info][gc] GC(480) Pause Young (Allocation Failure) 379M->228M(505M) 8,136ms
[2020-11-04T20:39:16.417+0300][30,341s][info][gc] GC(481) Pause Young (Allocation Failure) 384M->232M(505M) 8,201ms
[2020-11-04T20:39:16.479+0300][30,402s][info][gc] GC(482) Pause Young (Allocation Failure) 389M->237M(505M) 8,193ms
[2020-11-04T20:39:16.540+0300][30,464s][info][gc] GC(483) Pause Young (Allocation Failure) 394M->242M(505M) 7,966ms
[2020-11-04T20:39:16.601+0300][30,525s][info][gc] GC(484) Pause Young (Allocation Failure) 399M->246M(505M) 8,203ms
[2020-11-04T20:39:16.663+0300][30,587s][info][gc] GC(485) Pause Young (Allocation Failure) 404M->251M(506M) 8,459ms
[2020-11-04T20:39:16.726+0300][30,649s][info][gc] GC(486) Pause Young (Allocation Failure) 409M->256M(506M) 8,631ms
[2020-11-04T20:39:16.787+0300][30,711s][info][gc] GC(487) Pause Young (Allocation Failure) 414M->260M(506M) 8,322ms
[2020-11-04T20:39:16.861+0300][30,784s][info][gc] GC(488) Pause Young (Allocation Failure) 419M->269M(506M) 7,704ms
[2020-11-04T20:39:16.920+0300][30,844s][info][gc] GC(489) Pause Young (Allocation Failure) 427M->273M(500M) 6,035ms
[2020-11-04T20:39:16.980+0300][30,904s][info][gc] GC(490) Pause Young (Allocation Failure) 426M->278M(503M) 8,443ms
[2020-11-04T20:39:17.040+0300][30,964s][info][gc] GC(491) Pause Young (Allocation Failure) 430M->282M(503M) 8,598ms
[2020-11-04T20:39:17.101+0300][31,025s][info][gc] GC(492) Pause Young (Allocation Failure) 436M->287M(503M) 8,643ms
[2020-11-04T20:39:17.162+0300][31,085s][info][gc] GC(493) Pause Young (Allocation Failure) 440M->292M(504M) 8,624ms
[2020-11-04T20:39:17.222+0300][31,146s][info][gc] GC(494) Pause Young (Allocation Failure) 446M->296M(503M) 8,766ms
[2020-11-04T20:39:17.283+0300][31,207s][info][gc] GC(495) Pause Young (Allocation Failure) 450M->301M(504M) 8,568ms
[2020-11-04T20:39:17.344+0300][31,268s][info][gc] GC(496) Pause Young (Allocation Failure) 455M->305M(504M) 8,710ms
[2020-11-04T20:39:17.405+0300][31,328s][info][gc] GC(497) Pause Young (Allocation Failure) 460M->310M(504M) 8,508ms
[2020-11-04T20:39:17.467+0300][31,391s][info][gc] GC(498) Pause Young (Allocation Failure) 465M->314M(504M) 8,922ms
[2020-11-04T20:39:17.529+0300][31,453s][info][gc] GC(499) Pause Young (Allocation Failure) 470M->319M(505M) 8,901ms
[2020-11-04T20:39:17.591+0300][31,515s][info][gc] GC(500) Pause Young (Allocation Failure) 475M->324M(504M) 9,251ms
[2020-11-04T20:39:17.654+0300][31,578s][info][gc] GC(501) Pause Young (Allocation Failure) 480M->328M(505M) 8,786ms
[2020-11-04T20:39:17.716+0300][31,639s][info][gc] GC(502) Pause Young (Allocation Failure) 485M->333M(505M) 8,781ms
[2020-11-04T20:39:17.778+0300][31,701s][info][gc] GC(503) Pause Young (Allocation Failure) 489M->338M(505M) 8,942ms
[2020-11-04T20:39:17.840+0300][31,764s][info][gc] GC(504) Pause Young (Allocation Failure) 495M->342M(505M) 9,390ms
[2020-11-04T20:39:18.002+0300][31,926s][info][gc] GC(505) Pause Full (Ergonomics) 342M->134M(505M) 162,085ms
[2020-11-04T20:39:18.064+0300][31,987s][info][gc] GC(506) Pause Young (Allocation Failure) 292M->139M(505M) 4,897ms
[2020-11-04T20:39:18.125+0300][32,049s][info][gc] GC(507) Pause Young (Allocation Failure) 296M->144M(505M) 8,182ms
[2020-11-04T20:39:18.186+0300][32,110s][info][gc] GC(508) Pause Young (Allocation Failure) 301M->148M(505M) 8,146ms
[2020-11-04T20:39:18.248+0300][32,171s][info][gc] GC(509) Pause Young (Allocation Failure) 306M->153M(506M) 8,195ms
[2020-11-04T20:39:18.311+0300][32,234s][info][gc] GC(510) Pause Young (Allocation Failure) 312M->158M(506M) 8,335ms
[2020-11-04T20:39:18.383+0300][32,307s][info][gc] GC(511) Pause Young (Allocation Failure) 316M->166M(500M) 7,387ms
[2020-11-04T20:39:18.440+0300][32,364s][info][gc] GC(512) Pause Young (Allocation Failure) 319M->171M(503M) 5,639ms
[2020-11-04T20:39:18.500+0300][32,424s][info][gc] GC(513) Pause Young (Allocation Failure) 323M->175M(503M) 7,646ms
[2020-11-04T20:39:18.559+0300][32,483s][info][gc] GC(514) Pause Young (Allocation Failure) 328M->180M(503M) 7,685ms
[2020-11-04T20:39:18.619+0300][32,542s][info][gc] GC(515) Pause Young (Allocation Failure) 333M->184M(503M) 7,721ms
[2020-11-04T20:39:18.679+0300][32,603s][info][gc] GC(516) Pause Young (Allocation Failure) 338M->189M(503M) 7,897ms
[2020-11-04T20:39:18.740+0300][32,663s][info][gc] GC(517) Pause Young (Allocation Failure) 342M->193M(504M) 7,909ms
[2020-11-04T20:39:18.799+0300][32,723s][info][gc] GC(518) Pause Young (Allocation Failure) 348M->198M(504M) 7,860ms
[2020-11-04T20:39:18.859+0300][32,783s][info][gc] GC(519) Pause Young (Allocation Failure) 352M->202M(504M) 7,905ms
[2020-11-04T20:39:18.920+0300][32,843s][info][gc] GC(520) Pause Young (Allocation Failure) 357M->207M(504M) 7,965ms
[2020-11-04T20:39:18.980+0300][32,903s][info][gc] GC(521) Pause Young (Allocation Failure) 362M->212M(504M) 8,006ms
[2020-11-04T20:39:19.040+0300][32,964s][info][gc] GC(522) Pause Young (Allocation Failure) 367M->216M(504M) 8,185ms
[2020-11-04T20:39:19.101+0300][33,024s][info][gc] GC(523) Pause Young (Allocation Failure) 372M->221M(505M) 8,115ms
[2020-11-04T20:39:19.162+0300][33,085s][info][gc] GC(524) Pause Young (Allocation Failure) 377M->226M(505M) 8,138ms
[2020-11-04T20:39:19.222+0300][33,146s][info][gc] GC(525) Pause Young (Allocation Failure) 382M->230M(505M) 8,276ms
[2020-11-04T20:39:19.284+0300][33,207s][info][gc] GC(526) Pause Young (Allocation Failure) 387M->235M(505M) 8,413ms
[2020-11-04T20:39:19.345+0300][33,268s][info][gc] GC(527) Pause Young (Allocation Failure) 391M->240M(505M) 8,288ms
[2020-11-04T20:39:19.406+0300][33,330s][info][gc] GC(528) Pause Young (Allocation Failure) 397M->244M(505M) 8,353ms
[2020-11-04T20:39:19.468+0300][33,391s][info][gc] GC(529) Pause Young (Allocation Failure) 402M->249M(505M) 8,515ms
[2020-11-04T20:39:19.529+0300][33,453s][info][gc] GC(530) Pause Young (Allocation Failure) 406M->254M(505M) 8,518ms
[2020-11-04T20:39:19.591+0300][33,515s][info][gc] GC(531) Pause Young (Allocation Failure) 411M->258M(506M) 8,557ms
[2020-11-04T20:39:19.653+0300][33,577s][info][gc] GC(532) Pause Young (Allocation Failure) 417M->263M(506M) 8,616ms
[2020-11-04T20:39:19.729+0300][33,652s][info][gc] GC(533) Pause Young (Allocation Failure) 421M->271M(500M) 8,946ms
[2020-11-04T20:39:19.786+0300][33,710s][info][gc] GC(534) Pause Young (Allocation Failure) 424M->276M(503M) 6,167ms
[2020-11-04T20:39:19.848+0300][33,772s][info][gc] GC(535) Pause Young (Allocation Failure) 428M->280M(503M) 8,231ms
[2020-11-04T20:39:19.908+0300][33,832s][info][gc] GC(536) Pause Young (Allocation Failure) 433M->285M(503M) 8,225ms
[2020-11-04T20:39:19.968+0300][33,892s][info][gc] GC(537) Pause Young (Allocation Failure) 438M->289M(503M) 8,236ms
[2020-11-04T20:39:20.028+0300][33,952s][info][gc] GC(538) Pause Young (Allocation Failure) 443M->294M(503M) 8,232ms
[2020-11-04T20:39:20.088+0300][34,012s][info][gc] GC(539) Pause Young (Allocation Failure) 448M->299M(504M) 8,248ms
[2020-11-04T20:39:20.149+0300][34,073s][info][gc] GC(540) Pause Young (Allocation Failure) 453M->303M(504M) 8,349ms
[2020-11-04T20:39:20.210+0300][34,133s][info][gc] GC(541) Pause Young (Allocation Failure) 458M->308M(504M) 8,362ms
[2020-11-04T20:39:20.270+0300][34,194s][info][gc] GC(542) Pause Young (Allocation Failure) 463M->312M(504M) 8,229ms
[2020-11-04T20:39:20.331+0300][34,255s][info][gc] GC(543) Pause Young (Allocation Failure) 467M->317M(504M) 8,536ms
[2020-11-04T20:39:20.392+0300][34,316s][info][gc] GC(544) Pause Young (Allocation Failure) 472M->322M(504M) 8,475ms
[2020-11-04T20:39:20.453+0300][34,377s][info][gc] GC(545) Pause Young (Allocation Failure) 477M->326M(505M) 8,400ms
[2020-11-04T20:39:20.515+0300][34,439s][info][gc] GC(546) Pause Young (Allocation Failure) 483M->331M(505M) 8,543ms
[2020-11-04T20:39:20.577+0300][34,501s][info][gc] GC(547) Pause Young (Allocation Failure) 487M->335M(505M) 8,615ms
[2020-11-04T20:39:20.639+0300][34,563s][info][gc] GC(548) Pause Young (Allocation Failure) 492M->340M(505M) 8,688ms
[2020-11-04T20:39:20.701+0300][34,624s][info][gc] GC(549) Pause Young (Allocation Failure) 497M->345M(505M) 8,735ms
[2020-11-04T20:39:20.859+0300][34,782s][info][gc] GC(550) Pause Full (Ergonomics) 345M->137M(505M) 157,991ms
[2020-11-04T20:39:20.918+0300][34,841s][info][gc] GC(551) Pause Young (Allocation Failure) 294M->141M(505M) 4,619ms
[2020-11-04T20:39:20.979+0300][34,903s][info][gc] GC(552) Pause Young (Allocation Failure) 299M->146M(505M) 8,289ms
[2020-11-04T20:39:21.041+0300][34,964s][info][gc] GC(553) Pause Young (Allocation Failure) 304M->151M(506M) 8,219ms
[2020-11-04T20:39:21.103+0300][35,026s][info][gc] GC(554) Pause Young (Allocation Failure) 309M->155M(505M) 8,148ms
[2020-11-04T20:39:21.164+0300][35,088s][info][gc] GC(555) Pause Young (Allocation Failure) 313M->160M(506M) 8,232ms
[2020-11-04T20:39:21.238+0300][35,161s][info][gc] GC(556) Pause Young (Allocation Failure) 319M->165M(506M) 10,636ms
[2020-11-04T20:39:21.296+0300][35,220s][info][gc] GC(557) Pause Young (Allocation Failure) 323M->173M(500M) 6,357ms
[2020-11-04T20:39:21.354+0300][35,277s][info][gc] GC(558) Pause Young (Allocation Failure) 326M->178M(503M) 5,961ms
[2020-11-04T20:39:21.414+0300][35,337s][info][gc] GC(559) Pause Young (Allocation Failure) 330M->182M(503M) 7,748ms
[2020-11-04T20:39:21.473+0300][35,397s][info][gc] GC(560) Pause Young (Allocation Failure) 336M->187M(503M) 7,658ms
[2020-11-04T20:39:21.533+0300][35,457s][info][gc] GC(561) Pause Young (Allocation Failure) 340M->191M(503M) 7,784ms
[2020-11-04T20:39:21.593+0300][35,517s][info][gc] GC(562) Pause Young (Allocation Failure) 345M->196M(503M) 7,952ms
[2020-11-04T20:39:21.653+0300][35,576s][info][gc] GC(563) Pause Young (Allocation Failure) 349M->200M(504M) 7,915ms
[2020-11-04T20:39:21.714+0300][35,637s][info][gc] GC(564) Pause Young (Allocation Failure) 355M->205M(504M) 7,895ms
[2020-11-04T20:39:21.774+0300][35,697s][info][gc] GC(565) Pause Young (Allocation Failure) 360M->210M(504M) 8,007ms
[2020-11-04T20:39:21.834+0300][35,758s][info][gc] GC(566) Pause Young (Allocation Failure) 365M->214M(504M) 7,960ms
[2020-11-04T20:39:21.894+0300][35,818s][info][gc] GC(567) Pause Young (Allocation Failure) 369M->219M(504M) 7,969ms
[2020-11-04T20:39:21.955+0300][35,879s][info][gc] GC(568) Pause Young (Allocation Failure) 374M->224M(504M) 8,007ms
[2020-11-04T20:39:22.016+0300][35,939s][info][gc] GC(569) Pause Young (Allocation Failure) 379M->228M(505M) 8,047ms
[2020-11-04T20:39:22.077+0300][36,000s][info][gc] GC(570) Pause Young (Allocation Failure) 385M->233M(505M) 8,130ms
[2020-11-04T20:39:22.138+0300][36,061s][info][gc] GC(571) Pause Young (Allocation Failure) 389M->237M(505M) 8,302ms
[2020-11-04T20:39:22.199+0300][36,123s][info][gc] GC(572) Pause Young (Allocation Failure) 394M->242M(505M) 8,171ms
[2020-11-04T20:39:22.260+0300][36,184s][info][gc] GC(573) Pause Young (Allocation Failure) 399M->247M(505M) 8,324ms
[2020-11-04T20:39:22.322+0300][36,245s][info][gc] GC(574) Pause Young (Allocation Failure) 404M->251M(505M) 8,254ms
[2020-11-04T20:39:22.383+0300][36,307s][info][gc] GC(575) Pause Young (Allocation Failure) 409M->256M(506M) 8,363ms
[2020-11-04T20:39:22.445+0300][36,369s][info][gc] GC(576) Pause Young (Allocation Failure) 414M->261M(505M) 8,479ms
[2020-11-04T20:39:22.507+0300][36,431s][info][gc] GC(577) Pause Young (Allocation Failure) 419M->265M(506M) 8,437ms
[2020-11-04T20:39:22.569+0300][36,493s][info][gc] GC(578) Pause Young (Allocation Failure) 424M->270M(506M) 8,601ms
[2020-11-04T20:39:22.641+0300][36,565s][info][gc] GC(579) Pause Young (Allocation Failure) 429M->278M(500M) 7,372ms
[2020-11-04T20:39:22.699+0300][36,622s][info][gc] GC(580) Pause Young (Allocation Failure) 431M->283M(503M) 6,026ms
[2020-11-04T20:39:22.761+0300][36,685s][info][gc] GC(581) Pause Young (Allocation Failure) 436M->288M(503M) 7,985ms
[2020-11-04T20:39:22.821+0300][36,745s][info][gc] GC(582) Pause Young (Allocation Failure) 441M->292M(503M) 7,951ms
[2020-11-04T20:39:22.881+0300][36,804s][info][gc] GC(583) Pause Young (Allocation Failure) 445M->297M(503M) 8,014ms
[2020-11-04T20:39:22.941+0300][36,865s][info][gc] GC(584) Pause Young (Allocation Failure) 450M->301M(503M) 8,254ms
[2020-11-04T20:39:23.001+0300][36,925s][info][gc] GC(585) Pause Young (Allocation Failure) 455M->306M(504M) 8,073ms
[2020-11-04T20:39:23.062+0300][36,985s][info][gc] GC(586) Pause Young (Allocation Failure) 460M->310M(504M) 8,138ms
[2020-11-04T20:39:23.122+0300][37,046s][info][gc] GC(587) Pause Young (Allocation Failure) 465M->315M(504M) 8,169ms
[2020-11-04T20:39:23.183+0300][37,106s][info][gc] GC(588) Pause Young (Allocation Failure) 470M->320M(504M) 8,263ms
[2020-11-04T20:39:23.244+0300][37,168s][info][gc] GC(589) Pause Young (Allocation Failure) 475M->324M(504M) 8,307ms
[2020-11-04T20:39:23.305+0300][37,229s][info][gc] GC(590) Pause Young (Allocation Failure) 480M->329M(504M) 8,534ms
[2020-11-04T20:39:23.366+0300][37,290s][info][gc] GC(591) Pause Young (Allocation Failure) 484M->333M(505M) 8,423ms
[2020-11-04T20:39:23.427+0300][37,351s][info][gc] GC(592) Pause Young (Allocation Failure) 490M->338M(505M) 8,534ms
[2020-11-04T20:39:23.489+0300][37,412s][info][gc] GC(593) Pause Young (Allocation Failure) 495M->343M(505M) 8,593ms
[2020-11-04T20:39:23.631+0300][37,554s][info][gc] GC(594) Pause Full (Ergonomics) 343M->135M(505M) 141,725ms
[2020-11-04T20:39:23.693+0300][37,617s][info][gc] GC(595) Pause Young (Allocation Failure) 291M->139M(505M) 4,967ms
[2020-11-04T20:39:23.755+0300][37,678s][info][gc] GC(596) Pause Young (Allocation Failure) 296M->144M(505M) 8,217ms
[2020-11-04T20:39:23.816+0300][37,740s][info][gc] GC(597) Pause Young (Allocation Failure) 301M->149M(505M) 8,267ms
[2020-11-04T20:39:23.878+0300][37,801s][info][gc] GC(598) Pause Young (Allocation Failure) 306M->153M(505M) 8,250ms
[2020-11-04T20:39:23.939+0300][37,863s][info][gc] GC(599) Pause Young (Allocation Failure) 311M->158M(506M) 8,172ms
[2020-11-04T20:39:24.001+0300][37,924s][info][gc] GC(600) Pause Young (Allocation Failure) 316M->163M(505M) 8,230ms
[2020-11-04T20:39:24.063+0300][37,986s][info][gc] GC(601) Pause Young (Allocation Failure) 321M->167M(506M) 8,394ms
[2020-11-04T20:39:24.136+0300][38,060s][info][gc] GC(602) Pause Young (Allocation Failure) 326M->176M(506M) 7,849ms
[2020-11-04T20:39:24.196+0300][38,119s][info][gc] GC(603) Pause Young (Allocation Failure) 334M->181M(500M) 5,782ms
[2020-11-04T20:39:24.255+0300][38,179s][info][gc] GC(604) Pause Young (Allocation Failure) 333M->185M(503M) 8,360ms
[2020-11-04T20:39:24.315+0300][38,239s][info][gc] GC(605) Pause Young (Allocation Failure) 338M->190M(503M) 8,302ms
[2020-11-04T20:39:24.375+0300][38,299s][info][gc] GC(606) Pause Young (Allocation Failure) 343M->194M(503M) 8,199ms
[2020-11-04T20:39:24.436+0300][38,359s][info][gc] GC(607) Pause Young (Allocation Failure) 348M->199M(504M) 8,352ms
[2020-11-04T20:39:24.498+0300][38,421s][info][gc] GC(608) Pause Young (Allocation Failure) 353M->203M(503M) 8,357ms
[2020-11-04T20:39:24.558+0300][38,482s][info][gc] GC(609) Pause Young (Allocation Failure) 357M->208M(504M) 8,391ms
[2020-11-04T20:39:24.618+0300][38,542s][info][gc] GC(610) Pause Young (Allocation Failure) 362M->213M(504M) 8,457ms
[2020-11-04T20:39:24.679+0300][38,602s][info][gc] GC(611) Pause Young (Allocation Failure) 367M->217M(504M) 8,570ms
[2020-11-04T20:39:24.740+0300][38,664s][info][gc] GC(612) Pause Young (Allocation Failure) 373M->222M(504M) 8,721ms
[2020-11-04T20:39:24.801+0300][38,725s][info][gc] GC(613) Pause Young (Allocation Failure) 377M->226M(505M) 8,812ms
[2020-11-04T20:39:24.863+0300][38,786s][info][gc] GC(614) Pause Young (Allocation Failure) 382M->231M(504M) 8,620ms
[2020-11-04T20:39:24.925+0300][38,848s][info][gc] GC(615) Pause Young (Allocation Failure) 387M->236M(505M) 9,297ms
[2020-11-04T20:39:24.986+0300][38,910s][info][gc] GC(616) Pause Young (Allocation Failure) 392M->240M(505M) 8,676ms
[2020-11-04T20:39:25.048+0300][38,971s][info][gc] GC(617) Pause Young (Allocation Failure) 397M->245M(505M) 8,791ms
[2020-11-04T20:39:25.110+0300][39,033s][info][gc] GC(618) Pause Young (Allocation Failure) 402M->250M(505M) 8,744ms
[2020-11-04T20:39:25.172+0300][39,096s][info][gc] GC(619) Pause Young (Allocation Failure) 407M->254M(505M) 9,306ms
[2020-11-04T20:39:25.235+0300][39,158s][info][gc] GC(620) Pause Young (Allocation Failure) 412M->259M(505M) 8,873ms
[2020-11-04T20:39:25.297+0300][39,220s][info][gc] GC(621) Pause Young (Allocation Failure) 416M->264M(506M) 8,949ms
[2020-11-04T20:39:25.359+0300][39,283s][info][gc] GC(622) Pause Young (Allocation Failure) 422M->268M(505M) 9,135ms
[2020-11-04T20:39:25.422+0300][39,346s][info][gc] GC(623) Pause Young (Allocation Failure) 426M->273M(506M) 9,565ms
[2020-11-04T20:39:25.498+0300][39,421s][info][gc] GC(624) Pause Young (Allocation Failure) 431M->281M(506M) 9,378ms
[2020-11-04T20:39:25.557+0300][39,481s][info][gc] GC(625) Pause Young (Allocation Failure) 440M->286M(500M) 5,995ms
[2020-11-04T20:39:25.618+0300][39,541s][info][gc] GC(626) Pause Young (Allocation Failure) 439M->291M(503M) 7,947ms
[2020-11-04T20:39:25.678+0300][39,601s][info][gc] GC(627) Pause Young (Allocation Failure) 443M->295M(503M) 7,734ms
[2020-11-04T20:39:25.737+0300][39,661s][info][gc] GC(628) Pause Young (Allocation Failure) 449M->300M(503M) 7,854ms
[2020-11-04T20:39:25.797+0300][39,721s][info][gc] GC(629) Pause Young (Allocation Failure) 453M->304M(504M) 7,872ms
[2020-11-04T20:39:25.857+0300][39,781s][info][gc] GC(630) Pause Young (Allocation Failure) 458M->309M(503M) 7,921ms
[2020-11-04T20:39:25.919+0300][39,842s][info][gc] GC(631) Pause Young (Allocation Failure) 463M->313M(504M) 7,996ms
[2020-11-04T20:39:25.979+0300][39,903s][info][gc] GC(632) Pause Young (Allocation Failure) 468M->318M(504M) 8,110ms
[2020-11-04T20:39:26.040+0300][39,963s][info][gc] GC(633) Pause Young (Allocation Failure) 472M->322M(504M) 8,204ms
[2020-11-04T20:39:26.101+0300][40,024s][info][gc] GC(634) Pause Young (Allocation Failure) 478M->327M(504M) 8,143ms
[2020-11-04T20:39:26.161+0300][40,085s][info][gc] GC(635) Pause Young (Allocation Failure) 483M->332M(505M) 8,265ms
[2020-11-04T20:39:26.222+0300][40,146s][info][gc] GC(636) Pause Young (Allocation Failure) 488M->336M(504M) 8,245ms
[2020-11-04T20:39:26.284+0300][40,207s][info][gc] GC(637) Pause Young (Allocation Failure) 492M->341M(505M) 8,405ms
[2020-11-04T20:39:26.425+0300][40,348s][info][gc] GC(638) Pause Full (Ergonomics) 341M->133M(505M) 141,260ms
[2020-11-04T20:39:26.488+0300][40,411s][info][gc] GC(639) Pause Young (Allocation Failure) 289M->138M(505M) 4,668ms
[2020-11-04T20:39:26.549+0300][40,472s][info][gc] GC(640) Pause Young (Allocation Failure) 294M->142M(505M) 8,101ms
[2020-11-04T20:39:26.609+0300][40,533s][info][gc] GC(641) Pause Young (Allocation Failure) 299M->147M(505M) 7,956ms
[2020-11-04T20:39:26.671+0300][40,594s][info][gc] GC(642) Pause Young (Allocation Failure) 304M->152M(505M) 8,210ms
[2020-11-04T20:39:26.733+0300][40,656s][info][gc] GC(643) Pause Young (Allocation Failure) 309M->156M(505M) 8,230ms
[2020-11-04T20:39:26.794+0300][40,718s][info][gc] GC(644) Pause Young (Allocation Failure) 314M->161M(505M) 8,163ms
[2020-11-04T20:39:26.856+0300][40,779s][info][gc] GC(645) Pause Young (Allocation Failure) 318M->166M(506M) 8,172ms
[2020-11-04T20:39:26.918+0300][40,841s][info][gc] GC(646) Pause Young (Allocation Failure) 324M->170M(506M) 8,198ms
[2020-11-04T20:39:26.992+0300][40,915s][info][gc] GC(647) Pause Young (Allocation Failure) 329M->175M(506M) 10,190ms
[2020-11-04T20:39:27.051+0300][40,975s][info][gc] GC(648) Pause Young (Allocation Failure) 333M->183M(506M) 6,468ms
[2020-11-04T20:39:27.112+0300][41,036s][info][gc] GC(649) Pause Young (Allocation Failure) 342M->188M(501M) 5,487ms
[2020-11-04T20:39:27.172+0300][41,096s][info][gc] GC(650) Pause Young (Allocation Failure) 342M->193M(503M) 7,830ms
[2020-11-04T20:39:27.232+0300][41,156s][info][gc] GC(651) Pause Young (Allocation Failure) 346M->197M(503M) 7,662ms
[2020-11-04T20:39:27.292+0300][41,215s][info][gc] GC(652) Pause Young (Allocation Failure) 351M->202M(503M) 7,717ms
[2020-11-04T20:39:27.351+0300][41,275s][info][gc] GC(653) Pause Young (Allocation Failure) 355M->206M(504M) 7,712ms
[2020-11-04T20:39:27.411+0300][41,335s][info][gc] GC(654) Pause Young (Allocation Failure) 360M->211M(503M) 7,744ms
[2020-11-04T20:39:27.471+0300][41,395s][info][gc] GC(655) Pause Young (Allocation Failure) 365M->215M(504M) 7,786ms
[2020-11-04T20:39:27.532+0300][41,455s][info][gc] GC(656) Pause Young (Allocation Failure) 370M->220M(504M) 7,849ms
[2020-11-04T20:39:27.592+0300][41,515s][info][gc] GC(657) Pause Young (Allocation Failure) 374M->225M(504M) 7,818ms
[2020-11-04T20:39:27.652+0300][41,576s][info][gc] GC(658) Pause Young (Allocation Failure) 380M->229M(504M) 7,925ms
[2020-11-04T20:39:27.712+0300][41,636s][info][gc] GC(659) Pause Young (Allocation Failure) 385M->234M(505M) 7,978ms
[2020-11-04T20:39:27.773+0300][41,697s][info][gc] GC(660) Pause Young (Allocation Failure) 390M->239M(504M) 8,031ms
[2020-11-04T20:39:27.834+0300][41,758s][info][gc] GC(661) Pause Young (Allocation Failure) 395M->243M(505M) 8,319ms
[2020-11-04T20:39:27.897+0300][41,820s][info][gc] GC(662) Pause Young (Allocation Failure) 400M->248M(505M) 8,248ms
[2020-11-04T20:39:27.958+0300][41,882s][info][gc] GC(663) Pause Young (Allocation Failure) 404M->252M(505M) 8,235ms
[2020-11-04T20:39:28.019+0300][41,943s][info][gc] GC(664) Pause Young (Allocation Failure) 410M->257M(505M) 8,216ms
[2020-11-04T20:39:28.080+0300][42,004s][info][gc] GC(665) Pause Young (Allocation Failure) 415M->262M(505M) 8,286ms
[2020-11-04T20:39:28.142+0300][42,065s][info][gc] GC(666) Pause Young (Allocation Failure) 419M->266M(505M) 8,268ms
[2020-11-04T20:39:28.203+0300][42,127s][info][gc] GC(667) Pause Young (Allocation Failure) 424M->271M(506M) 8,300ms
[2020-11-04T20:39:28.265+0300][42,188s][info][gc] GC(668) Pause Young (Allocation Failure) 429M->276M(505M) 8,395ms
[2020-11-04T20:39:28.327+0300][42,251s][info][gc] GC(669) Pause Young (Allocation Failure) 434M->280M(506M) 8,595ms
[2020-11-04T20:39:28.401+0300][42,324s][info][gc] GC(670) Pause Young (Allocation Failure) 439M->289M(506M) 7,027ms
[2020-11-04T20:39:28.460+0300][42,384s][info][gc] GC(671) Pause Young (Allocation Failure) 447M->294M(500M) 5,781ms
[2020-11-04T20:39:28.519+0300][42,443s][info][gc] GC(672) Pause Young (Allocation Failure) 446M->298M(503M) 7,907ms
[2020-11-04T20:39:28.579+0300][42,502s][info][gc] GC(673) Pause Young (Allocation Failure) 451M->303M(503M) 7,841ms
[2020-11-04T20:39:28.638+0300][42,562s][info][gc] GC(674) Pause Young (Allocation Failure) 456M->307M(503M) 7,790ms
[2020-11-04T20:39:28.698+0300][42,621s][info][gc] GC(675) Pause Young (Allocation Failure) 461M->312M(504M) 7,882ms
[2020-11-04T20:39:28.758+0300][42,681s][info][gc] GC(676) Pause Young (Allocation Failure) 466M->316M(503M) 7,900ms
[2020-11-04T20:39:28.817+0300][42,741s][info][gc] GC(677) Pause Young (Allocation Failure) 470M->321M(504M) 7,930ms
[2020-11-04T20:39:28.877+0300][42,801s][info][gc] GC(678) Pause Young (Allocation Failure) 475M->325M(504M) 7,995ms
[2020-11-04T20:39:28.938+0300][42,862s][info][gc] GC(679) Pause Young (Allocation Failure) 480M->330M(504M) 8,044ms
[2020-11-04T20:39:28.999+0300][42,922s][info][gc] GC(680) Pause Young (Allocation Failure) 486M->335M(504M) 8,153ms
[2020-11-04T20:39:29.061+0300][42,985s][info][gc] GC(681) Pause Young (Allocation Failure) 490M->339M(505M) 8,233ms
[2020-11-04T20:39:29.123+0300][43,046s][info][gc] GC(682) Pause Young (Allocation Failure) 495M->344M(504M) 8,524ms
[2020-11-04T20:39:29.265+0300][43,188s][info][gc] GC(683) Pause Full (Ergonomics) 344M->136M(505M) 141,942ms
[2020-11-04T20:39:29.326+0300][43,250s][info][gc] GC(684) Pause Young (Allocation Failure) 292M->141M(505M) 4,553ms
[2020-11-04T20:39:29.387+0300][43,311s][info][gc] GC(685) Pause Young (Allocation Failure) 297M->145M(505M) 7,966ms
[2020-11-04T20:39:29.448+0300][43,372s][info][gc] GC(686) Pause Young (Allocation Failure) 302M->150M(505M) 8,116ms
[2020-11-04T20:39:29.510+0300][43,433s][info][gc] GC(687) Pause Young (Allocation Failure) 306M->155M(505M) 8,096ms
[2020-11-04T20:39:29.571+0300][43,495s][info][gc] GC(688) Pause Young (Allocation Failure) 312M->159M(505M) 8,114ms
[2020-11-04T20:39:29.633+0300][43,557s][info][gc] GC(689) Pause Young (Allocation Failure) 317M->164M(505M) 8,365ms
[2020-11-04T20:39:29.695+0300][43,619s][info][gc] GC(690) Pause Young (Allocation Failure) 321M->169M(505M) 8,183ms
[2020-11-04T20:39:29.757+0300][43,681s][info][gc] GC(691) Pause Young (Allocation Failure) 326M->173M(506M) 8,474ms
[2020-11-04T20:39:29.820+0300][43,744s][info][gc] GC(692) Pause Young (Allocation Failure) 332M->178M(506M) 8,198ms
[2020-11-04T20:39:29.893+0300][43,816s][info][gc] GC(693) Pause Young (Allocation Failure) 336M->186M(500M) 7,458ms
[2020-11-04T20:39:29.951+0300][43,875s][info][gc] GC(694) Pause Young (Allocation Failure) 339M->191M(503M) 6,490ms
[2020-11-04T20:39:30.011+0300][43,935s][info][gc] GC(695) Pause Young (Allocation Failure) 343M->195M(503M) 7,747ms
[2020-11-04T20:39:30.071+0300][43,995s][info][gc] GC(696) Pause Young (Allocation Failure) 348M->200M(503M) 7,789ms
[2020-11-04T20:39:30.132+0300][44,056s][info][gc] GC(697) Pause Young (Allocation Failure) 353M->204M(503M) 7,810ms
[2020-11-04T20:39:30.192+0300][44,116s][info][gc] GC(698) Pause Young (Allocation Failure) 358M->209M(503M) 7,873ms
[2020-11-04T20:39:30.253+0300][44,177s][info][gc] GC(699) Pause Young (Allocation Failure) 363M->214M(504M) 7,825ms
[2020-11-04T20:39:30.313+0300][44,237s][info][gc] GC(700) Pause Young (Allocation Failure) 368M->218M(504M) 7,811ms
[2020-11-04T20:39:30.373+0300][44,297s][info][gc] GC(701) Pause Young (Allocation Failure) 373M->223M(504M) 7,897ms
[2020-11-04T20:39:30.434+0300][44,358s][info][gc] GC(702) Pause Young (Allocation Failure) 378M->227M(504M) 8,008ms
[2020-11-04T20:39:30.496+0300][44,420s][info][gc] GC(703) Pause Young (Allocation Failure) 382M->232M(504M) 9,087ms
[2020-11-04T20:39:30.564+0300][44,487s][info][gc] GC(704) Pause Young (Allocation Failure) 387M->237M(504M) 8,361ms
[2020-11-04T20:39:30.632+0300][44,556s][info][gc] GC(705) Pause Young (Allocation Failure) 392M->241M(505M) 9,040ms
[2020-11-04T20:39:30.704+0300][44,627s][info][gc] GC(706) Pause Young (Allocation Failure) 398M->246M(505M) 9,038ms
[2020-11-04T20:39:30.776+0300][44,700s][info][gc] GC(707) Pause Young (Allocation Failure) 402M->250M(505M) 8,859ms
[2020-11-04T20:39:30.845+0300][44,769s][info][gc] GC(708) Pause Young (Allocation Failure) 407M->255M(505M) 10,271ms
[2020-11-04T20:39:30.941+0300][44,865s][info][gc] GC(709) Pause Young (Allocation Failure) 412M->260M(505M) 9,015ms
[2020-11-04T20:39:31.014+0300][44,938s][info][gc] GC(710) Pause Young (Allocation Failure) 417M->264M(505M) 10,764ms
[2020-11-04T20:39:31.082+0300][45,006s][info][gc] GC(711) Pause Young (Allocation Failure) 422M->269M(505M) 8,420ms
[2020-11-04T20:39:31.144+0300][45,067s][info][gc] GC(712) Pause Young (Allocation Failure) 426M->274M(505M) 8,455ms
[2020-11-04T20:39:31.205+0300][45,129s][info][gc] GC(713) Pause Young (Allocation Failure) 431M->278M(506M) 8,347ms
[2020-11-04T20:39:31.269+0300][45,193s][info][gc] GC(714) Pause Young (Allocation Failure) 437M->283M(506M) 8,510ms
[2020-11-04T20:39:31.344+0300][45,268s][info][gc] GC(715) Pause Young (Allocation Failure) 442M->291M(500M) 8,506ms
[2020-11-04T20:39:31.402+0300][45,326s][info][gc] GC(716) Pause Young (Allocation Failure) 444M->296M(503M) 6,024ms
[2020-11-04T20:39:31.462+0300][45,386s][info][gc] GC(717) Pause Young (Allocation Failure) 449M->301M(503M) 8,436ms
[2020-11-04T20:39:31.523+0300][45,446s][info][gc] GC(718) Pause Young (Allocation Failure) 454M->305M(503M) 8,517ms
[2020-11-04T20:39:31.583+0300][45,507s][info][gc] GC(719) Pause Young (Allocation Failure) 458M->310M(503M) 8,562ms
[2020-11-04T20:39:31.644+0300][45,567s][info][gc] GC(720) Pause Young (Allocation Failure) 463M->314M(503M) 8,555ms
[2020-11-04T20:39:31.704+0300][45,628s][info][gc] GC(721) Pause Young (Allocation Failure) 468M->319M(504M) 8,769ms
[2020-11-04T20:39:31.765+0300][45,689s][info][gc] GC(722) Pause Young (Allocation Failure) 473M->323M(504M) 8,762ms
[2020-11-04T20:39:31.826+0300][45,750s][info][gc] GC(723) Pause Young (Allocation Failure) 478M->328M(504M) 8,807ms
[2020-11-04T20:39:31.887+0300][45,811s][info][gc] GC(724) Pause Young (Allocation Failure) 483M->332M(504M) 8,756ms
[2020-11-04T20:39:31.950+0300][45,874s][info][gc] GC(725) Pause Young (Allocation Failure) 487M->337M(504M) 8,921ms
[2020-11-04T20:39:32.011+0300][45,935s][info][gc] GC(726) Pause Young (Allocation Failure) 493M->342M(504M) 9,142ms
[2020-11-04T20:39:32.153+0300][46,076s][info][gc] GC(727) Pause Full (Ergonomics) 342M->134M(505M) 141,288ms
[2020-11-04T20:39:32.215+0300][46,139s][info][gc] GC(728) Pause Young (Allocation Failure) 290M->138M(505M) 4,810ms
[2020-11-04T20:39:32.276+0300][46,200s][info][gc] GC(729) Pause Young (Allocation Failure) 295M->143M(505M) 7,910ms
[2020-11-04T20:39:32.337+0300][46,261s][info][gc] GC(730) Pause Young (Allocation Failure) 300M->148M(505M) 7,966ms
[2020-11-04T20:39:32.398+0300][46,321s][info][gc] GC(731) Pause Young (Allocation Failure) 304M->152M(505M) 7,995ms
[2020-11-04T20:39:32.459+0300][46,383s][info][gc] GC(732) Pause Young (Allocation Failure) 309M->157M(505M) 8,045ms
[2020-11-04T20:39:32.521+0300][46,444s][info][gc] GC(733) Pause Young (Allocation Failure) 314M->162M(505M) 8,454ms
[2020-11-04T20:39:32.583+0300][46,506s][info][gc] GC(734) Pause Young (Allocation Failure) 319M->166M(505M) 8,500ms
[2020-11-04T20:39:32.645+0300][46,568s][info][gc] GC(735) Pause Young (Allocation Failure) 324M->171M(506M) 8,267ms
[2020-11-04T20:39:32.706+0300][46,630s][info][gc] GC(736) Pause Young (Allocation Failure) 329M->176M(505M) 8,185ms
[2020-11-04T20:39:32.768+0300][46,691s][info][gc] GC(737) Pause Young (Allocation Failure) 334M->180M(506M) 8,302ms
[2020-11-04T20:39:32.842+0300][46,765s][info][gc] GC(738) Pause Young (Allocation Failure) 339M->185M(506M) 11,076ms
[2020-11-04T20:39:32.901+0300][46,824s][info][gc] GC(739) Pause Young (Allocation Failure) 344M->193M(500M) 6,106ms
[2020-11-04T20:39:32.958+0300][46,881s][info][gc] GC(740) Pause Young (Allocation Failure) 346M->198M(503M) 6,002ms
[2020-11-04T20:39:33.018+0300][46,942s][info][gc] GC(741) Pause Young (Allocation Failure) 351M->203M(503M) 7,749ms
[2020-11-04T20:39:33.078+0300][47,002s][info][gc] GC(742) Pause Young (Allocation Failure) 356M->207M(503M) 7,983ms
[2020-11-04T20:39:33.138+0300][47,061s][info][gc] GC(743) Pause Young (Allocation Failure) 361M->212M(503M) 7,696ms
[2020-11-04T20:39:33.197+0300][47,121s][info][gc] GC(744) Pause Young (Allocation Failure) 365M->216M(503M) 7,675ms
[2020-11-04T20:39:33.257+0300][47,181s][info][gc] GC(745) Pause Young (Allocation Failure) 370M->221M(504M) 7,967ms
[2020-11-04T20:39:33.317+0300][47,241s][info][gc] GC(746) Pause Young (Allocation Failure) 375M->225M(504M) 7,869ms
[2020-11-04T20:39:33.377+0300][47,301s][info][gc] GC(747) Pause Young (Allocation Failure) 380M->230M(504M) 7,912ms
[2020-11-04T20:39:33.437+0300][47,361s][info][gc] GC(748) Pause Young (Allocation Failure) 385M->234M(504M) 7,918ms
[2020-11-04T20:39:33.498+0300][47,421s][info][gc] GC(749) Pause Young (Allocation Failure) 389M->239M(504M) 8,052ms
[2020-11-04T20:39:33.558+0300][47,482s][info][gc] GC(750) Pause Young (Allocation Failure) 395M->244M(504M) 8,108ms
[2020-11-04T20:39:33.619+0300][47,543s][info][gc] GC(751) Pause Young (Allocation Failure) 399M->248M(505M) 8,068ms
[2020-11-04T20:39:33.680+0300][47,604s][info][gc] GC(752) Pause Young (Allocation Failure) 405M->253M(505M) 8,277ms
[2020-11-04T20:39:33.742+0300][47,665s][info][gc] GC(753) Pause Young (Allocation Failure) 409M->258M(505M) 8,351ms
[2020-11-04T20:39:33.803+0300][47,727s][info][gc] GC(754) Pause Young (Allocation Failure) 415M->262M(505M) 8,326ms
[2020-11-04T20:39:33.865+0300][47,789s][info][gc] GC(755) Pause Young (Allocation Failure) 419M->267M(505M) 8,561ms
[2020-11-04T20:39:33.927+0300][47,850s][info][gc] GC(756) Pause Young (Allocation Failure) 424M->272M(505M) 8,525ms
[2020-11-04T20:39:33.989+0300][47,912s][info][gc] GC(757) Pause Young (Allocation Failure) 429M->276M(506M) 8,696ms
[2020-11-04T20:39:34.050+0300][47,974s][info][gc] GC(758) Pause Young (Allocation Failure) 434M->281M(505M) 8,305ms
[2020-11-04T20:39:34.112+0300][48,036s][info][gc] GC(759) Pause Young (Allocation Failure) 439M->286M(506M) 8,633ms
[2020-11-04T20:39:34.175+0300][48,098s][info][gc] GC(760) Pause Young (Allocation Failure) 444M->290M(506M) 8,632ms
[2020-11-04T20:39:34.249+0300][48,172s][info][gc] GC(761) Pause Young (Allocation Failure) 449M->299M(500M) 7,827ms
[2020-11-04T20:39:34.306+0300][48,230s][info][gc] GC(762) Pause Young (Allocation Failure) 451M->303M(503M) 6,133ms
[2020-11-04T20:39:34.368+0300][48,291s][info][gc] GC(763) Pause Young (Allocation Failure) 456M->308M(503M) 8,095ms
[2020-11-04T20:39:34.428+0300][48,351s][info][gc] GC(764) Pause Young (Allocation Failure) 461M->312M(503M) 7,983ms
[2020-11-04T20:39:34.489+0300][48,412s][info][gc] GC(765) Pause Young (Allocation Failure) 465M->317M(503M) 8,188ms
[2020-11-04T20:39:34.549+0300][48,472s][info][gc] GC(766) Pause Young (Allocation Failure) 470M->321M(503M) 8,089ms
[2020-11-04T20:39:34.609+0300][48,533s][info][gc] GC(767) Pause Young (Allocation Failure) 475M->326M(504M) 8,095ms
[2020-11-04T20:39:34.670+0300][48,593s][info][gc] GC(768) Pause Young (Allocation Failure) 480M->331M(504M) 8,128ms
[2020-11-04T20:39:34.730+0300][48,654s][info][gc] GC(769) Pause Young (Allocation Failure) 485M->335M(504M) 8,103ms
[2020-11-04T20:39:34.791+0300][48,714s][info][gc] GC(770) Pause Young (Allocation Failure) 490M->340M(504M) 8,216ms
[2020-11-04T20:39:34.852+0300][48,775s][info][gc] GC(771) Pause Young (Allocation Failure) 495M->344M(504M) 8,248ms
[2020-11-04T20:39:34.988+0300][48,912s][info][gc] GC(772) Pause Full (Ergonomics) 344M->136M(504M) 136,608ms
[2020-11-04T20:39:35.050+0300][48,974s][info][gc] GC(773) Pause Young (Allocation Failure) 292M->141M(505M) 4,488ms
[2020-11-04T20:39:35.111+0300][49,034s][info][gc] GC(774) Pause Young (Allocation Failure) 297M->146M(504M) 7,954ms
[2020-11-04T20:39:35.173+0300][49,096s][info][gc] GC(775) Pause Young (Allocation Failure) 302M->150M(505M) 8,221ms
[2020-11-04T20:39:35.234+0300][49,157s][info][gc] GC(776) Pause Young (Allocation Failure) 307M->155M(505M) 8,040ms
[2020-11-04T20:39:35.295+0300][49,219s][info][gc] GC(777) Pause Young (Allocation Failure) 311M->160M(505M) 7,921ms
[2020-11-04T20:39:35.356+0300][49,280s][info][gc] GC(778) Pause Young (Allocation Failure) 317M->164M(505M) 7,977ms
[2020-11-04T20:39:35.418+0300][49,342s][info][gc] GC(779) Pause Young (Allocation Failure) 322M->169M(505M) 8,148ms
[2020-11-04T20:39:35.480+0300][49,403s][info][gc] GC(780) Pause Young (Allocation Failure) 326M->174M(505M) 8,181ms
[2020-11-04T20:39:35.543+0300][49,466s][info][gc] GC(781) Pause Young (Allocation Failure) 331M->178M(506M) 8,226ms
[2020-11-04T20:39:35.604+0300][49,528s][info][gc] GC(782) Pause Young (Allocation Failure) 337M->183M(506M) 8,136ms
[2020-11-04T20:39:35.666+0300][49,590s][info][gc] GC(783) Pause Young (Allocation Failure) 341M->188M(506M) 8,127ms
[2020-11-04T20:39:35.741+0300][49,664s][info][gc] GC(784) Pause Young (Allocation Failure) 346M->196M(506M) 7,594ms
[2020-11-04T20:39:35.800+0300][49,724s][info][gc] GC(785) Pause Young (Allocation Failure) 354M->201M(500M) 5,836ms
[2020-11-04T20:39:35.862+0300][49,785s][info][gc] GC(786) Pause Young (Allocation Failure) 353M->205M(503M) 7,854ms
[2020-11-04T20:39:35.921+0300][49,844s][info][gc] GC(787) Pause Young (Allocation Failure) 358M->210M(503M) 7,708ms
[2020-11-04T20:39:35.981+0300][49,904s][info][gc] GC(788) Pause Young (Allocation Failure) 363M->214M(503M) 7,997ms
[2020-11-04T20:39:36.042+0300][49,965s][info][gc] GC(789) Pause Young (Allocation Failure) 368M->219M(504M) 7,744ms
[2020-11-04T20:39:36.102+0300][50,025s][info][gc] GC(790) Pause Young (Allocation Failure) 373M->224M(503M) 7,726ms
[2020-11-04T20:39:36.162+0300][50,085s][info][gc] GC(791) Pause Young (Allocation Failure) 378M->228M(504M) 7,949ms
[2020-11-04T20:39:36.222+0300][50,146s][info][gc] GC(792) Pause Young (Allocation Failure) 383M->233M(504M) 7,928ms
[2020-11-04T20:39:36.284+0300][50,207s][info][gc] GC(793) Pause Young (Allocation Failure) 387M->237M(504M) 7,953ms
[2020-11-04T20:39:36.345+0300][50,269s][info][gc] GC(794) Pause Young (Allocation Failure) 393M->242M(504M) 7,950ms
[2020-11-04T20:39:36.406+0300][50,329s][info][gc] GC(795) Pause Young (Allocation Failure) 397M->246M(505M) 7,998ms
[2020-11-04T20:39:36.467+0300][50,390s][info][gc] GC(796) Pause Young (Allocation Failure) 402M->251M(504M) 8,005ms
[2020-11-04T20:39:36.529+0300][50,452s][info][gc] GC(797) Pause Young (Allocation Failure) 407M->256M(505M) 8,046ms
[2020-11-04T20:39:36.589+0300][50,513s][info][gc] GC(798) Pause Young (Allocation Failure) 412M->260M(505M) 8,089ms
[2020-11-04T20:39:36.651+0300][50,574s][info][gc] GC(799) Pause Young (Allocation Failure) 417M->265M(505M) 8,207ms
[2020-11-04T20:39:36.712+0300][50,635s][info][gc] GC(800) Pause Young (Allocation Failure) 422M->270M(505M) 8,242ms
[2020-11-04T20:39:36.773+0300][50,697s][info][gc] GC(801) Pause Young (Allocation Failure) 427M->274M(505M) 8,366ms
[2020-11-04T20:39:36.836+0300][50,760s][info][gc] GC(802) Pause Young (Allocation Failure) 432M->279M(505M) 8,346ms
[2020-11-04T20:39:36.898+0300][50,822s][info][gc] GC(803) Pause Young (Allocation Failure) 437M->284M(506M) 8,316ms
[2020-11-04T20:39:36.960+0300][50,883s][info][gc] GC(804) Pause Young (Allocation Failure) 442M->288M(505M) 8,295ms
[2020-11-04T20:39:37.022+0300][50,945s][info][gc] GC(805) Pause Young (Allocation Failure) 446M->293M(506M) 8,401ms
[2020-11-04T20:39:37.097+0300][51,020s][info][gc] GC(806) Pause Young (Allocation Failure) 452M->301M(506M) 9,002ms
[2020-11-04T20:39:37.157+0300][51,081s][info][gc] GC(807) Pause Young (Allocation Failure) 460M->306M(500M) 6,779ms
[2020-11-04T20:39:37.219+0300][51,143s][info][gc] GC(808) Pause Young (Allocation Failure) 459M->311M(503M) 8,347ms
[2020-11-04T20:39:37.280+0300][51,204s][info][gc] GC(809) Pause Young (Allocation Failure) 463M->315M(503M) 9,223ms
[2020-11-04T20:39:37.342+0300][51,266s][info][gc] GC(810) Pause Young (Allocation Failure) 469M->320M(503M) 8,233ms
[2020-11-04T20:39:37.402+0300][51,326s][info][gc] GC(811) Pause Young (Allocation Failure) 473M->324M(504M) 8,205ms
[2020-11-04T20:39:37.462+0300][51,386s][info][gc] GC(812) Pause Young (Allocation Failure) 478M->329M(503M) 8,267ms
[2020-11-04T20:39:37.525+0300][51,449s][info][gc] GC(813) Pause Young (Allocation Failure) 483M->333M(504M) 10,839ms
[2020-11-04T20:39:37.585+0300][51,509s][info][gc] GC(814) Pause Young (Allocation Failure) 488M->338M(504M) 8,149ms
[2020-11-04T20:39:37.646+0300][51,570s][info][gc] GC(815) Pause Young (Allocation Failure) 493M->343M(504M) 8,197ms
[2020-11-04T20:39:37.787+0300][51,711s][info][gc] GC(816) Pause Full (Ergonomics) 343M->135M(504M) 141,048ms
[2020-11-04T20:39:37.847+0300][51,771s][info][gc] GC(817) Pause Young (Allocation Failure) 290M->139M(504M) 4,536ms
[2020-11-04T20:39:37.908+0300][51,831s][info][gc] GC(818) Pause Young (Allocation Failure) 295M->144M(504M) 7,814ms
[2020-11-04T20:39:37.968+0300][51,891s][info][gc] GC(819) Pause Young (Allocation Failure) 299M->149M(505M) 7,784ms
[2020-11-04T20:39:38.028+0300][51,952s][info][gc] GC(820) Pause Young (Allocation Failure) 305M->153M(505M) 7,770ms
[2020-11-04T20:39:38.089+0300][52,013s][info][gc] GC(821) Pause Young (Allocation Failure) 310M->158M(505M) 7,927ms
[2020-11-04T20:39:38.150+0300][52,073s][info][gc] GC(822) Pause Young (Allocation Failure) 314M->162M(505M) 7,885ms
[2020-11-04T20:39:38.211+0300][52,134s][info][gc] GC(823) Pause Young (Allocation Failure) 319M->167M(505M) 8,064ms
[2020-11-04T20:39:38.272+0300][52,195s][info][gc] GC(824) Pause Young (Allocation Failure) 325M->172M(505M) 8,028ms
[2020-11-04T20:39:38.335+0300][52,259s][info][gc] GC(825) Pause Young (Allocation Failure) 329M->176M(505M) 8,143ms
[2020-11-04T20:39:38.397+0300][52,321s][info][gc] GC(826) Pause Young (Allocation Failure) 334M->181M(505M) 8,198ms
[2020-11-04T20:39:38.458+0300][52,382s][info][gc] GC(827) Pause Young (Allocation Failure) 339M->186M(506M) 8,160ms
[2020-11-04T20:39:38.520+0300][52,444s][info][gc] GC(828) Pause Young (Allocation Failure) 344M->191M(506M) 8,305ms
[2020-11-04T20:39:38.593+0300][52,517s][info][gc] GC(829) Pause Young (Allocation Failure) 349M->195M(506M) 10,059ms
[2020-11-04T20:39:38.652+0300][52,576s][info][gc] GC(830) Pause Young (Allocation Failure) 354M->203M(506M) 6,391ms
[2020-11-04T20:39:38.712+0300][52,635s][info][gc] GC(831) Pause Young (Allocation Failure) 362M->208M(501M) 5,842ms
[2020-11-04T20:39:38.773+0300][52,696s][info][gc] GC(832) Pause Young (Allocation Failure) 362M->213M(503M) 7,861ms
[2020-11-04T20:39:38.833+0300][52,756s][info][gc] GC(833) Pause Young (Allocation Failure) 366M->217M(503M) 7,805ms
[2020-11-04T20:39:38.892+0300][52,816s][info][gc] GC(834) Pause Young (Allocation Failure) 371M->222M(503M) 7,808ms
[2020-11-04T20:39:38.952+0300][52,876s][info][gc] GC(835) Pause Young (Allocation Failure) 375M->226M(504M) 7,759ms
[2020-11-04T20:39:39.013+0300][52,936s][info][gc] GC(836) Pause Young (Allocation Failure) 380M->231M(503M) 7,910ms
[2020-11-04T20:39:39.073+0300][52,996s][info][gc] GC(837) Pause Young (Allocation Failure) 385M->236M(504M) 7,873ms
[2020-11-04T20:39:39.133+0300][53,057s][info][gc] GC(838) Pause Young (Allocation Failure) 390M->240M(504M) 7,975ms
[2020-11-04T20:39:39.193+0300][53,117s][info][gc] GC(839) Pause Young (Allocation Failure) 395M->245M(504M) 7,994ms
[2020-11-04T20:39:39.254+0300][53,178s][info][gc] GC(840) Pause Young (Allocation Failure) 400M->249M(504M) 8,022ms
[2020-11-04T20:39:39.315+0300][53,239s][info][gc] GC(841) Pause Young (Allocation Failure) 405M->254M(505M) 8,169ms
[2020-11-04T20:39:39.376+0300][53,300s][info][gc] GC(842) Pause Young (Allocation Failure) 410M->259M(504M) 8,396ms
[2020-11-04T20:39:39.437+0300][53,361s][info][gc] GC(843) Pause Young (Allocation Failure) 415M->263M(505M) 8,295ms
[2020-11-04T20:39:39.499+0300][53,423s][info][gc] GC(844) Pause Young (Allocation Failure) 420M->268M(505M) 8,246ms
[2020-11-04T20:39:39.560+0300][53,484s][info][gc] GC(845) Pause Young (Allocation Failure) 424M->273M(505M) 8,415ms
[2020-11-04T20:39:39.622+0300][53,546s][info][gc] GC(846) Pause Young (Allocation Failure) 430M->277M(505M) 8,428ms
[2020-11-04T20:39:39.684+0300][53,608s][info][gc] GC(847) Pause Young (Allocation Failure) 435M->282M(505M) 8,463ms
[2020-11-04T20:39:39.746+0300][53,670s][info][gc] GC(848) Pause Young (Allocation Failure) 439M->287M(505M) 8,587ms
[2020-11-04T20:39:39.808+0300][53,732s][info][gc] GC(849) Pause Young (Allocation Failure) 444M->291M(506M) 8,587ms
[2020-11-04T20:39:39.870+0300][53,794s][info][gc] GC(850) Pause Young (Allocation Failure) 450M->296M(506M) 8,702ms
[2020-11-04T20:39:39.933+0300][53,856s][info][gc] GC(851) Pause Young (Allocation Failure) 454M->301M(506M) 8,583ms
[2020-11-04T20:39:40.009+0300][53,932s][info][gc] GC(852) Pause Young (Allocation Failure) 459M->309M(506M) 7,431ms
[2020-11-04T20:39:40.068+0300][53,992s][info][gc] GC(853) Pause Young (Allocation Failure) 467M->314M(500M) 6,123ms
[2020-11-04T20:39:40.129+0300][54,052s][info][gc] GC(854) Pause Young (Allocation Failure) 466M->318M(503M) 8,935ms
[2020-11-04T20:39:40.189+0300][54,113s][info][gc] GC(855) Pause Young (Allocation Failure) 471M->323M(503M) 8,817ms
[2020-11-04T20:39:40.250+0300][54,173s][info][gc] GC(856) Pause Young (Allocation Failure) 476M->327M(503M) 8,575ms
[2020-11-04T20:39:40.311+0300][54,235s][info][gc] GC(857) Pause Young (Allocation Failure) 481M->332M(504M) 9,341ms
[2020-11-04T20:39:40.372+0300][54,296s][info][gc] GC(858) Pause Young (Allocation Failure) 486M->337M(503M) 9,130ms
[2020-11-04T20:39:40.434+0300][54,358s][info][gc] GC(859) Pause Young (Allocation Failure) 491M->341M(504M) 8,994ms
[2020-11-04T20:39:40.563+0300][54,487s][info][gc] GC(860) Pause Full (Ergonomics) 341M->133M(504M) 128,748ms
[2020-11-04T20:39:40.624+0300][54,548s][info][gc] GC(861) Pause Young (Allocation Failure) 288M->138M(504M) 4,398ms
[2020-11-04T20:39:40.684+0300][54,608s][info][gc] GC(862) Pause Young (Allocation Failure) 293M->142M(504M) 7,667ms
[2020-11-04T20:39:40.744+0300][54,668s][info][gc] GC(863) Pause Young (Allocation Failure) 297M->147M(504M) 7,751ms
[2020-11-04T20:39:40.805+0300][54,728s][info][gc] GC(864) Pause Young (Allocation Failure) 302M->152M(504M) 7,897ms
[2020-11-04T20:39:40.865+0300][54,789s][info][gc] GC(865) Pause Young (Allocation Failure) 307M->156M(505M) 7,871ms
[2020-11-04T20:39:40.926+0300][54,849s][info][gc] GC(866) Pause Young (Allocation Failure) 313M->161M(505M) 7,838ms
[2020-11-04T20:39:40.987+0300][54,910s][info][gc] GC(867) Pause Young (Allocation Failure) 317M->165M(505M) 7,956ms
[2020-11-04T20:39:41.048+0300][54,971s][info][gc] GC(868) Pause Young (Allocation Failure) 322M->170M(505M) 7,980ms
[2020-11-04T20:39:41.108+0300][55,032s][info][gc] GC(869) Pause Young (Allocation Failure) 327M->175M(505M) 8,027ms
[2020-11-04T20:39:41.170+0300][55,093s][info][gc] GC(870) Pause Young (Allocation Failure) 332M->180M(505M) 7,934ms
[2020-11-04T20:39:41.231+0300][55,155s][info][gc] GC(871) Pause Young (Allocation Failure) 337M->184M(505M) 7,977ms
[2020-11-04T20:39:41.292+0300][55,216s][info][gc] GC(872) Pause Young (Allocation Failure) 342M->189M(505M) 8,206ms
[2020-11-04T20:39:41.354+0300][55,277s][info][gc] GC(873) Pause Young (Allocation Failure) 346M->194M(506M) 8,136ms
[2020-11-04T20:39:41.416+0300][55,339s][info][gc] GC(874) Pause Young (Allocation Failure) 352M->198M(506M) 8,222ms
[2020-11-04T20:39:41.490+0300][55,413s][info][gc] GC(875) Pause Young (Allocation Failure) 357M->206M(500M) 7,389ms
[2020-11-04T20:39:41.547+0300][55,471s][info][gc] GC(876) Pause Young (Allocation Failure) 359M->211M(503M) 5,887ms
[2020-11-04T20:39:41.607+0300][55,530s][info][gc] GC(877) Pause Young (Allocation Failure) 364M->216M(503M) 7,761ms
[2020-11-04T20:39:41.667+0300][55,590s][info][gc] GC(878) Pause Young (Allocation Failure) 369M->220M(503M) 7,833ms
[2020-11-04T20:39:41.726+0300][55,650s][info][gc] GC(879) Pause Young (Allocation Failure) 373M->225M(503M) 8,030ms
[2020-11-04T20:39:41.786+0300][55,710s][info][gc] GC(880) Pause Young (Allocation Failure) 378M->229M(503M) 7,803ms
[2020-11-04T20:39:41.845+0300][55,769s][info][gc] GC(881) Pause Young (Allocation Failure) 383M->234M(504M) 7,893ms
[2020-11-04T20:39:41.908+0300][55,831s][info][gc] GC(882) Pause Young (Allocation Failure) 388M->238M(504M) 7,946ms
[2020-11-04T20:39:41.968+0300][55,891s][info][gc] GC(883) Pause Young (Allocation Failure) 393M->243M(504M) 8,028ms
[2020-11-04T20:39:42.030+0300][55,953s][info][gc] GC(884) Pause Young (Allocation Failure) 398M->248M(504M) 7,996ms
[2020-11-04T20:39:42.090+0300][56,014s][info][gc] GC(885) Pause Young (Allocation Failure) 403M->252M(504M) 8,079ms
[2020-11-04T20:39:42.151+0300][56,074s][info][gc] GC(886) Pause Young (Allocation Failure) 408M->257M(504M) 8,029ms
[2020-11-04T20:39:42.212+0300][56,135s][info][gc] GC(887) Pause Young (Allocation Failure) 412M->261M(505M) 8,109ms
[2020-11-04T20:39:42.273+0300][56,196s][info][gc] GC(888) Pause Young (Allocation Failure) 418M->266M(505M) 8,134ms
[2020-11-04T20:39:42.336+0300][56,259s][info][gc] GC(889) Pause Young (Allocation Failure) 423M->271M(505M) 8,255ms
[2020-11-04T20:39:42.398+0300][56,321s][info][gc] GC(890) Pause Young (Allocation Failure) 427M->275M(505M) 8,283ms
[2020-11-04T20:39:42.459+0300][56,382s][info][gc] GC(891) Pause Young (Allocation Failure) 432M->280M(505M) 8,315ms
[2020-11-04T20:39:42.520+0300][56,444s][info][gc] GC(892) Pause Young (Allocation Failure) 438M->285M(505M) 8,327ms
[2020-11-04T20:39:42.582+0300][56,506s][info][gc] GC(893) Pause Young (Allocation Failure) 442M->289M(505M) 8,618ms
[2020-11-04T20:39:42.644+0300][56,568s][info][gc] GC(894) Pause Young (Allocation Failure) 447M->294M(505M) 8,412ms
[2020-11-04T20:39:42.706+0300][56,629s][info][gc] GC(895) Pause Young (Allocation Failure) 451M->299M(506M) 8,406ms
[2020-11-04T20:39:42.768+0300][56,692s][info][gc] GC(896) Pause Young (Allocation Failure) 457M->303M(506M) 8,442ms
[2020-11-04T20:39:42.842+0300][56,766s][info][gc] GC(897) Pause Young (Allocation Failure) 462M->312M(500M) 8,657ms
[2020-11-04T20:39:42.900+0300][56,824s][info][gc] GC(898) Pause Young (Allocation Failure) 464M->316M(503M) 6,900ms
[2020-11-04T20:39:42.960+0300][56,884s][info][gc] GC(899) Pause Young (Allocation Failure) 469M->321M(503M) 8,145ms
[2020-11-04T20:39:43.020+0300][56,944s][info][gc] GC(900) Pause Young (Allocation Failure) 474M->325M(503M) 8,141ms
[2020-11-04T20:39:43.080+0300][57,004s][info][gc] GC(901) Pause Young (Allocation Failure) 478M->330M(503M) 8,066ms
[2020-11-04T20:39:43.140+0300][57,064s][info][gc] GC(902) Pause Young (Allocation Failure) 483M->334M(503M) 8,433ms
[2020-11-04T20:39:43.200+0300][57,124s][info][gc] GC(903) Pause Young (Allocation Failure) 488M->339M(504M) 8,172ms
[2020-11-04T20:39:43.260+0300][57,184s][info][gc] GC(904) Pause Young (Allocation Failure) 494M->344M(504M) 8,225ms
[2020-11-04T20:39:43.394+0300][57,317s][info][gc] GC(905) Pause Full (Ergonomics) 344M->136M(504M) 133,626ms
[2020-11-04T20:39:43.454+0300][57,377s][info][gc] GC(906) Pause Young (Allocation Failure) 290M->140M(504M) 4,448ms
[2020-11-04T20:39:43.513+0300][57,437s][info][gc] GC(907) Pause Young (Allocation Failure) 295M->145M(504M) 7,705ms
[2020-11-04T20:39:43.574+0300][57,497s][info][gc] GC(908) Pause Young (Allocation Failure) 300M->149M(504M) 7,971ms
[2020-11-04T20:39:43.634+0300][57,558s][info][gc] GC(909) Pause Young (Allocation Failure) 305M->154M(505M) 7,958ms
[2020-11-04T20:39:43.695+0300][57,618s][info][gc] GC(910) Pause Young (Allocation Failure) 310M->159M(504M) 7,848ms
[2020-11-04T20:39:43.755+0300][57,679s][info][gc] GC(911) Pause Young (Allocation Failure) 315M->163M(505M) 7,863ms
[2020-11-04T20:39:43.816+0300][57,739s][info][gc] GC(912) Pause Young (Allocation Failure) 320M->168M(505M) 7,968ms
[2020-11-04T20:39:43.878+0300][57,801s][info][gc] GC(913) Pause Young (Allocation Failure) 324M->173M(505M) 8,068ms
[2020-11-04T20:39:43.939+0300][57,862s][info][gc] GC(914) Pause Young (Allocation Failure) 330M->177M(505M) 8,221ms
[2020-11-04T20:39:44.001+0300][57,924s][info][gc] GC(915) Pause Young (Allocation Failure) 334M->182M(505M) 8,220ms
[2020-11-04T20:39:44.062+0300][57,986s][info][gc] GC(916) Pause Young (Allocation Failure) 339M->187M(505M) 8,130ms
[2020-11-04T20:39:44.123+0300][58,047s][info][gc] GC(917) Pause Young (Allocation Failure) 344M->191M(506M) 8,109ms
[2020-11-04T20:39:44.185+0300][58,108s][info][gc] GC(918) Pause Young (Allocation Failure) 349M->196M(505M) 8,261ms
[2020-11-04T20:39:44.247+0300][58,170s][info][gc] GC(919) Pause Young (Allocation Failure) 354M->201M(506M) 8,482ms
[2020-11-04T20:39:44.320+0300][58,244s][info][gc] GC(920) Pause Young (Allocation Failure) 359M->205M(506M) 10,552ms
[2020-11-04T20:39:44.379+0300][58,303s][info][gc] GC(921) Pause Young (Allocation Failure) 364M->214M(500M) 6,403ms
[2020-11-04T20:39:44.437+0300][58,361s][info][gc] GC(922) Pause Young (Allocation Failure) 366M->218M(503M) 6,052ms
[2020-11-04T20:39:44.498+0300][58,422s][info][gc] GC(923) Pause Young (Allocation Failure) 371M->223M(503M) 7,755ms
[2020-11-04T20:39:44.558+0300][58,482s][info][gc] GC(924) Pause Young (Allocation Failure) 376M->227M(503M) 7,731ms
[2020-11-04T20:39:44.618+0300][58,542s][info][gc] GC(925) Pause Young (Allocation Failure) 381M->232M(503M) 7,782ms
[2020-11-04T20:39:44.678+0300][58,602s][info][gc] GC(926) Pause Young (Allocation Failure) 385M->236M(503M) 7,824ms
[2020-11-04T20:39:44.738+0300][58,662s][info][gc] GC(927) Pause Young (Allocation Failure) 390M->241M(504M) 7,792ms
[2020-11-04T20:39:44.799+0300][58,723s][info][gc] GC(928) Pause Young (Allocation Failure) 395M->246M(504M) 7,917ms
[2020-11-04T20:39:44.860+0300][58,783s][info][gc] GC(929) Pause Young (Allocation Failure) 400M->250M(504M) 7,910ms
[2020-11-04T20:39:44.921+0300][58,844s][info][gc] GC(930) Pause Young (Allocation Failure) 405M->255M(504M) 7,964ms
[2020-11-04T20:39:44.981+0300][58,905s][info][gc] GC(931) Pause Young (Allocation Failure) 410M->259M(504M) 7,965ms
[2020-11-04T20:39:45.042+0300][58,966s][info][gc] GC(932) Pause Young (Allocation Failure) 415M->264M(504M) 8,184ms
[2020-11-04T20:39:45.103+0300][59,026s][info][gc] GC(933) Pause Young (Allocation Failure) 419M->269M(505M) 8,083ms
[2020-11-04T20:39:45.164+0300][59,087s][info][gc] GC(934) Pause Young (Allocation Failure) 425M->273M(505M) 8,174ms
[2020-11-04T20:39:45.225+0300][59,149s][info][gc] GC(935) Pause Young (Allocation Failure) 430M->278M(505M) 8,231ms
[2020-11-04T20:39:45.287+0300][59,210s][info][gc] GC(936) Pause Young (Allocation Failure) 435M->282M(505M) 8,190ms
[2020-11-04T20:39:45.348+0300][59,272s][info][gc] GC(937) Pause Young (Allocation Failure) 439M->287M(505M) 8,269ms
[2020-11-04T20:39:45.410+0300][59,333s][info][gc] GC(938) Pause Young (Allocation Failure) 445M->292M(505M) 8,335ms
[2020-11-04T20:39:45.472+0300][59,396s][info][gc] GC(939) Pause Young (Allocation Failure) 449M->296M(505M) 8,516ms
[2020-11-04T20:39:45.534+0300][59,457s][info][gc] GC(940) Pause Young (Allocation Failure) 454M->301M(505M) 8,528ms
[2020-11-04T20:39:45.596+0300][59,519s][info][gc] GC(941) Pause Young (Allocation Failure) 459M->306M(506M) 8,458ms
[2020-11-04T20:39:45.658+0300][59,581s][info][gc] GC(942) Pause Young (Allocation Failure) 464M->311M(506M) 8,480ms
[2020-11-04T20:39:45.731+0300][59,655s][info][gc] GC(943) Pause Young (Allocation Failure) 469M->319M(500M) 7,307ms
[2020-11-04T20:39:45.788+0300][59,712s][info][gc] GC(944) Pause Young (Allocation Failure) 471M->324M(503M) 5,900ms
[2020-11-04T20:39:45.848+0300][59,772s][info][gc] GC(945) Pause Young (Allocation Failure) 476M->328M(503M) 8,045ms
[2020-11-04T20:39:45.908+0300][59,831s][info][gc] GC(946) Pause Young (Allocation Failure) 481M->333M(503M) 7,957ms
[2020-11-04T20:39:45.968+0300][59,891s][info][gc] GC(947) Pause Young (Allocation Failure) 486M->337M(503M) 7,993ms
[2020-11-04T20:39:46.027+0300][59,951s][info][gc] GC(948) Pause Young (Allocation Failure) 491M->342M(503M) 7,990ms
[2020-11-04T20:39:46.161+0300][60,085s][info][gc] GC(949) Pause Full (Ergonomics) 342M->134M(504M) 133,708ms
[2020-11-04T20:39:46.222+0300][60,145s][info][gc] GC(950) Pause Young (Allocation Failure) 288M->138M(504M) 4,342ms
[2020-11-04T20:39:46.282+0300][60,205s][info][gc] GC(951) Pause Young (Allocation Failure) 293M->143M(504M) 7,651ms
[2020-11-04T20:39:46.342+0300][60,265s][info][gc] GC(952) Pause Young (Allocation Failure) 297M->147M(504M) 7,753ms
[2020-11-04T20:39:46.403+0300][60,327s][info][gc] GC(953) Pause Young (Allocation Failure) 302M->152M(504M) 7,763ms
[2020-11-04T20:39:46.464+0300][60,388s][info][gc] GC(954) Pause Young (Allocation Failure) 308M->157M(504M) 7,899ms
[2020-11-04T20:39:46.524+0300][60,448s][info][gc] GC(955) Pause Young (Allocation Failure) 312M->161M(505M) 7,862ms
[2020-11-04T20:39:46.585+0300][60,509s][info][gc] GC(956) Pause Young (Allocation Failure) 317M->166M(504M) 7,910ms
[2020-11-04T20:39:46.646+0300][60,570s][info][gc] GC(957) Pause Young (Allocation Failure) 322M->171M(505M) 7,890ms
[2020-11-04T20:39:46.707+0300][60,630s][info][gc] GC(958) Pause Young (Allocation Failure) 327M->175M(505M) 7,910ms
[2020-11-04T20:39:46.768+0300][60,691s][info][gc] GC(959) Pause Young (Allocation Failure) 332M->180M(505M) 8,096ms
[2020-11-04T20:39:46.829+0300][60,753s][info][gc] GC(960) Pause Young (Allocation Failure) 337M->184M(505M) 8,037ms
[2020-11-04T20:39:46.892+0300][60,815s][info][gc] GC(961) Pause Young (Allocation Failure) 342M->189M(505M) 8,131ms
[2020-11-04T20:39:46.953+0300][60,877s][info][gc] GC(962) Pause Young (Allocation Failure) 347M->194M(505M) 8,114ms
[2020-11-04T20:39:47.014+0300][60,938s][info][gc] GC(963) Pause Young (Allocation Failure) 351M->199M(506M) 8,079ms
[2020-11-04T20:39:47.076+0300][61,000s][info][gc] GC(964) Pause Young (Allocation Failure) 357M->203M(505M) 8,294ms
[2020-11-04T20:39:47.138+0300][61,061s][info][gc] GC(965) Pause Young (Allocation Failure) 361M->208M(506M) 8,234ms
[2020-11-04T20:39:47.211+0300][61,134s][info][gc] GC(966) Pause Young (Allocation Failure) 366M->216M(506M) 7,659ms
[2020-11-04T20:39:47.270+0300][61,194s][info][gc] GC(967) Pause Young (Allocation Failure) 375M->221M(500M) 6,414ms
[2020-11-04T20:39:47.331+0300][61,255s][info][gc] GC(968) Pause Young (Allocation Failure) 374M->226M(503M) 8,360ms
[2020-11-04T20:39:47.391+0300][61,315s][info][gc] GC(969) Pause Young (Allocation Failure) 378M->230M(503M) 8,169ms
[2020-11-04T20:39:47.451+0300][61,375s][info][gc] GC(970) Pause Young (Allocation Failure) 384M->235M(503M) 8,189ms
[2020-11-04T20:39:47.512+0300][61,435s][info][gc] GC(971) Pause Young (Allocation Failure) 388M->239M(504M) 8,388ms
[2020-11-04T20:39:47.573+0300][61,496s][info][gc] GC(972) Pause Young (Allocation Failure) 393M->244M(503M) 8,537ms
[2020-11-04T20:39:47.634+0300][61,558s][info][gc] GC(973) Pause Young (Allocation Failure) 398M->248M(504M) 8,600ms
[2020-11-04T20:39:47.695+0300][61,618s][info][gc] GC(974) Pause Young (Allocation Failure) 403M->253M(504M) 8,553ms
[2020-11-04T20:39:47.755+0300][61,679s][info][gc] GC(975) Pause Young (Allocation Failure) 407M->257M(504M) 8,532ms
[2020-11-04T20:39:47.817+0300][61,740s][info][gc] GC(976) Pause Young (Allocation Failure) 413M->262M(504M) 8,723ms
[2020-11-04T20:39:47.877+0300][61,801s][info][gc] GC(977) Pause Young (Allocation Failure) 418M->267M(505M) 8,513ms
[2020-11-04T20:39:47.938+0300][61,862s][info][gc] GC(978) Pause Young (Allocation Failure) 423M->271M(504M) 8,477ms
[2020-11-04T20:39:48.000+0300][61,923s][info][gc] GC(979) Pause Young (Allocation Failure) 427M->276M(505M) 8,559ms
[2020-11-04T20:39:48.061+0300][61,985s][info][gc] GC(980) Pause Young (Allocation Failure) 433M->281M(505M) 8,760ms
[2020-11-04T20:39:48.122+0300][62,046s][info][gc] GC(981) Pause Young (Allocation Failure) 437M->285M(505M) 8,689ms
[2020-11-04T20:39:48.184+0300][62,108s][info][gc] GC(982) Pause Young (Allocation Failure) 442M->290M(505M) 8,727ms
[2020-11-04T20:39:48.246+0300][62,170s][info][gc] GC(983) Pause Young (Allocation Failure) 447M->295M(505M) 8,913ms
[2020-11-04T20:39:48.308+0300][62,232s][info][gc] GC(984) Pause Young (Allocation Failure) 452M->299M(505M) 8,816ms
[2020-11-04T20:39:48.370+0300][62,293s][info][gc] GC(985) Pause Young (Allocation Failure) 457M->304M(506M) 8,770ms
[2020-11-04T20:39:48.432+0300][62,356s][info][gc] GC(986) Pause Young (Allocation Failure) 462M->309M(505M) 9,200ms
[2020-11-04T20:39:48.495+0300][62,419s][info][gc] GC(987) Pause Young (Allocation Failure) 467M->313M(506M) 9,344ms
[2020-11-04T20:39:48.570+0300][62,493s][info][gc] GC(988) Pause Young (Allocation Failure) 472M->322M(506M) 8,652ms
[2020-11-04T20:39:48.630+0300][62,553s][info][gc] GC(989) Pause Young (Allocation Failure) 480M->326M(500M) 6,433ms
[2020-11-04T20:39:48.691+0300][62,614s][info][gc] GC(990) Pause Young (Allocation Failure) 479M->331M(503M) 8,064ms
[2020-11-04T20:39:48.750+0300][62,674s][info][gc] GC(991) Pause Young (Allocation Failure) 483M->335M(503M) 7,837ms
[2020-11-04T20:39:48.810+0300][62,733s][info][gc] GC(992) Pause Young (Allocation Failure) 489M->340M(503M) 7,927ms
[2020-11-04T20:39:48.954+0300][62,878s][info][gc] GC(993) Pause Full (Ergonomics) 340M->131M(503M) 144,413ms
[2020-11-04T20:39:49.014+0300][62,937s][info][gc] GC(994) Pause Young (Allocation Failure) 285M->136M(503M) 4,322ms
[2020-11-04T20:39:49.073+0300][62,997s][info][gc] GC(995) Pause Young (Allocation Failure) 289M->140M(504M) 7,716ms
[2020-11-04T20:39:49.135+0300][63,059s][info][gc] GC(996) Pause Young (Allocation Failure) 295M->145M(504M) 7,646ms
[2020-11-04T20:39:49.195+0300][63,119s][info][gc] GC(997) Pause Young (Allocation Failure) 299M->150M(504M) 7,737ms
[2020-11-04T20:39:49.255+0300][63,179s][info][gc] GC(998) Pause Young (Allocation Failure) 305M->154M(504M) 7,699ms
[2020-11-04T20:39:49.315+0300][63,239s][info][gc] GC(999) Pause Young (Allocation Failure) 309M->159M(504M) 7,739ms
[2020-11-04T20:39:49.375+0300][63,299s][info][gc] GC(1000) Pause Young (Allocation Failure) 314M->163M(504M) 7,779ms
[2020-11-04T20:39:49.435+0300][63,359s][info][gc] GC(1001) Pause Young (Allocation Failure) 319M->168M(505M) 7,821ms
[2020-11-04T20:39:49.496+0300][63,420s][info][gc] GC(1002) Pause Young (Allocation Failure) 324M->173M(505M) 7,886ms
[2020-11-04T20:39:49.557+0300][63,481s][info][gc] GC(1003) Pause Young (Allocation Failure) 329M->177M(505M) 7,968ms
[2020-11-04T20:39:49.618+0300][63,541s][info][gc] GC(1004) Pause Young (Allocation Failure) 334M->182M(505M) 7,955ms
[2020-11-04T20:39:49.678+0300][63,602s][info][gc] GC(1005) Pause Young (Allocation Failure) 338M->187M(505M) 7,964ms
[2020-11-04T20:39:49.739+0300][63,663s][info][gc] GC(1006) Pause Young (Allocation Failure) 344M->191M(505M) 7,955ms
[2020-11-04T20:39:49.801+0300][63,725s][info][gc] GC(1007) Pause Young (Allocation Failure) 349M->196M(505M) 8,507ms
[2020-11-04T20:39:49.862+0300][63,786s][info][gc] GC(1008) Pause Young (Allocation Failure) 353M->201M(505M) 8,152ms
[2020-11-04T20:39:49.924+0300][63,847s][info][gc] GC(1009) Pause Young (Allocation Failure) 358M->205M(506M) 8,277ms
[2020-11-04T20:39:49.985+0300][63,909s][info][gc] GC(1010) Pause Young (Allocation Failure) 364M->210M(506M) 8,360ms
[2020-11-04T20:39:50.060+0300][63,983s][info][gc] GC(1011) Pause Young (Allocation Failure) 368M->215M(506M) 10,987ms
[2020-11-04T20:39:50.118+0300][64,042s][info][gc] GC(1012) Pause Young (Allocation Failure) 373M->223M(506M) 6,470ms
[2020-11-04T20:39:50.178+0300][64,101s][info][gc] GC(1013) Pause Young (Allocation Failure) 381M->228M(501M) 6,078ms
[2020-11-04T20:39:50.238+0300][64,161s][info][gc] GC(1014) Pause Young (Allocation Failure) 381M->232M(503M) 7,998ms
[2020-11-04T20:39:50.297+0300][64,221s][info][gc] GC(1015) Pause Young (Allocation Failure) 386M->237M(503M) 7,789ms
[2020-11-04T20:39:50.357+0300][64,280s][info][gc] GC(1016) Pause Young (Allocation Failure) 390M->241M(503M) 7,977ms
[2020-11-04T20:39:50.418+0300][64,341s][info][gc] GC(1017) Pause Young (Allocation Failure) 395M->246M(504M) 7,857ms
[2020-11-04T20:39:50.478+0300][64,401s][info][gc] GC(1018) Pause Young (Allocation Failure) 400M->251M(503M) 8,119ms
[2020-11-04T20:39:50.537+0300][64,461s][info][gc] GC(1019) Pause Young (Allocation Failure) 405M->255M(504M) 7,971ms
[2020-11-04T20:39:50.597+0300][64,521s][info][gc] GC(1020) Pause Young (Allocation Failure) 410M->260M(504M) 7,998ms
[2020-11-04T20:39:50.658+0300][64,581s][info][gc] GC(1021) Pause Young (Allocation Failure) 414M->264M(504M) 8,152ms
[2020-11-04T20:39:50.718+0300][64,641s][info][gc] GC(1022) Pause Young (Allocation Failure) 420M->269M(504M) 8,093ms
[2020-11-04T20:39:50.778+0300][64,702s][info][gc] GC(1023) Pause Young (Allocation Failure) 424M->274M(505M) 8,139ms
[2020-11-04T20:39:50.839+0300][64,763s][info][gc] GC(1024) Pause Young (Allocation Failure) 430M->278M(504M) 8,137ms
[2020-11-04T20:39:50.900+0300][64,823s][info][gc] GC(1025) Pause Young (Allocation Failure) 434M->283M(505M) 8,253ms
[2020-11-04T20:39:50.961+0300][64,885s][info][gc] GC(1026) Pause Young (Allocation Failure) 439M->287M(505M) 8,214ms
[2020-11-04T20:39:51.023+0300][64,946s][info][gc] GC(1027) Pause Young (Allocation Failure) 444M->292M(505M) 8,262ms
[2020-11-04T20:39:51.084+0300][65,008s][info][gc] GC(1028) Pause Young (Allocation Failure) 450M->297M(505M) 8,324ms
[2020-11-04T20:39:51.146+0300][65,069s][info][gc] GC(1029) Pause Young (Allocation Failure) 454M->301M(505M) 8,427ms
[2020-11-04T20:39:51.207+0300][65,131s][info][gc] GC(1030) Pause Young (Allocation Failure) 459M->306M(505M) 8,389ms
[2020-11-04T20:39:51.269+0300][65,192s][info][gc] GC(1031) Pause Young (Allocation Failure) 464M->311M(506M) 8,967ms
[2020-11-04T20:39:51.331+0300][65,254s][info][gc] GC(1032) Pause Young (Allocation Failure) 469M->315M(505M) 8,479ms
[2020-11-04T20:39:51.392+0300][65,316s][info][gc] GC(1033) Pause Young (Allocation Failure) 473M->320M(506M) 8,405ms
[2020-11-04T20:39:51.465+0300][65,388s][info][gc] GC(1034) Pause Young (Allocation Failure) 479M->328M(506M) 7,308ms
[2020-11-04T20:39:51.527+0300][65,450s][info][gc] GC(1035) Pause Young (Allocation Failure) 487M->333M(500M) 7,379ms
[2020-11-04T20:39:51.601+0300][65,525s][info][gc] GC(1036) Pause Young (Allocation Failure) 486M->338M(503M) 12,698ms
[2020-11-04T20:39:51.688+0300][65,612s][info][gc] GC(1037) Pause Young (Allocation Failure) 490M->342M(503M) 8,952ms
[2020-11-04T20:39:51.822+0300][65,746s][info][gc] GC(1038) Pause Full (Ergonomics) 342M->134M(503M) 133,840ms
[2020-11-04T20:39:51.889+0300][65,813s][info][gc] GC(1039) Pause Young (Allocation Failure) 288M->139M(503M) 4,756ms
[2020-11-04T20:39:51.958+0300][65,882s][info][gc] GC(1040) Pause Young (Allocation Failure) 292M->143M(503M) 8,535ms
[2020-11-04T20:39:52.031+0300][65,955s][info][gc] GC(1041) Pause Young (Allocation Failure) 297M->148M(504M) 9,206ms
[2020-11-04T20:39:52.094+0300][66,018s][info][gc] GC(1042) Pause Young (Allocation Failure) 302M->152M(504M) 7,685ms
[2020-11-04T20:39:52.155+0300][66,078s][info][gc] GC(1043) Pause Young (Allocation Failure) 307M->157M(504M) 7,736ms
[2020-11-04T20:39:52.215+0300][66,138s][info][gc] GC(1044) Pause Young (Allocation Failure) 312M->162M(504M) 7,718ms
[2020-11-04T20:39:52.275+0300][66,199s][info][gc] GC(1045) Pause Young (Allocation Failure) 317M->166M(504M) 7,721ms
[2020-11-04T20:39:52.336+0300][66,260s][info][gc] GC(1046) Pause Young (Allocation Failure) 322M->171M(504M) 7,958ms
[2020-11-04T20:39:52.397+0300][66,320s][info][gc] GC(1047) Pause Young (Allocation Failure) 326M->175M(505M) 7,878ms
[2020-11-04T20:39:52.457+0300][66,381s][info][gc] GC(1048) Pause Young (Allocation Failure) 332M->180M(505M) 7,890ms
[2020-11-04T20:39:52.518+0300][66,441s][info][gc] GC(1049) Pause Young (Allocation Failure) 337M->185M(505M) 8,022ms
[2020-11-04T20:39:52.579+0300][66,503s][info][gc] GC(1050) Pause Young (Allocation Failure) 341M->189M(505M) 8,114ms
[2020-11-04T20:39:52.640+0300][66,564s][info][gc] GC(1051) Pause Young (Allocation Failure) 346M->194M(505M) 8,143ms
[2020-11-04T20:39:52.702+0300][66,625s][info][gc] GC(1052) Pause Young (Allocation Failure) 352M->199M(505M) 8,289ms
[2020-11-04T20:39:52.763+0300][66,687s][info][gc] GC(1053) Pause Young (Allocation Failure) 356M->203M(505M) 8,140ms
[2020-11-04T20:39:52.824+0300][66,748s][info][gc] GC(1054) Pause Young (Allocation Failure) 361M->208M(505M) 8,261ms
[2020-11-04T20:39:52.886+0300][66,809s][info][gc] GC(1055) Pause Young (Allocation Failure) 366M->213M(506M) 8,139ms
[2020-11-04T20:39:52.947+0300][66,871s][info][gc] GC(1056) Pause Young (Allocation Failure) 371M->217M(506M) 8,417ms
[2020-11-04T20:39:53.021+0300][66,944s][info][gc] GC(1057) Pause Young (Allocation Failure) 376M->226M(500M) 7,520ms
[2020-11-04T20:39:53.077+0300][67,001s][info][gc] GC(1058) Pause Young (Allocation Failure) 378M->230M(503M) 5,695ms
[2020-11-04T20:39:53.137+0300][67,060s][info][gc] GC(1059) Pause Young (Allocation Failure) 383M->235M(503M) 7,789ms
[2020-11-04T20:39:53.196+0300][67,120s][info][gc] GC(1060) Pause Young (Allocation Failure) 388M->239M(503M) 7,832ms
[2020-11-04T20:39:53.255+0300][67,179s][info][gc] GC(1061) Pause Young (Allocation Failure) 392M->244M(503M) 7,803ms
[2020-11-04T20:39:53.315+0300][67,238s][info][gc] GC(1062) Pause Young (Allocation Failure) 397M->249M(503M) 7,843ms
[2020-11-04T20:39:53.375+0300][67,298s][info][gc] GC(1063) Pause Young (Allocation Failure) 402M->253M(504M) 7,997ms
[2020-11-04T20:39:53.435+0300][67,358s][info][gc] GC(1064) Pause Young (Allocation Failure) 408M->258M(504M) 7,985ms
[2020-11-04T20:39:53.495+0300][67,418s][info][gc] GC(1065) Pause Young (Allocation Failure) 412M->262M(504M) 8,085ms
[2020-11-04T20:39:53.555+0300][67,479s][info][gc] GC(1066) Pause Young (Allocation Failure) 417M->267M(504M) 8,135ms
[2020-11-04T20:39:53.616+0300][67,539s][info][gc] GC(1067) Pause Young (Allocation Failure) 422M->271M(504M) 8,228ms
[2020-11-04T20:39:53.676+0300][67,600s][info][gc] GC(1068) Pause Young (Allocation Failure) 427M->276M(504M) 8,210ms
[2020-11-04T20:39:53.737+0300][67,660s][info][gc] GC(1069) Pause Young (Allocation Failure) 432M->281M(505M) 8,155ms
[2020-11-04T20:39:53.798+0300][67,721s][info][gc] GC(1070) Pause Young (Allocation Failure) 437M->285M(505M) 8,319ms
[2020-11-04T20:39:53.859+0300][67,782s][info][gc] GC(1071) Pause Young (Allocation Failure) 442M->290M(505M) 8,370ms
[2020-11-04T20:39:53.921+0300][67,845s][info][gc] GC(1072) Pause Young (Allocation Failure) 447M->295M(505M) 8,496ms
[2020-11-04T20:39:53.982+0300][67,906s][info][gc] GC(1073) Pause Young (Allocation Failure) 452M->299M(505M) 8,528ms
[2020-11-04T20:39:54.044+0300][67,968s][info][gc] GC(1074) Pause Young (Allocation Failure) 457M->304M(505M) 8,660ms
[2020-11-04T20:39:54.106+0300][68,029s][info][gc] GC(1075) Pause Young (Allocation Failure) 461M->309M(505M) 8,578ms
[2020-11-04T20:39:54.167+0300][68,091s][info][gc] GC(1076) Pause Young (Allocation Failure) 466M->313M(505M) 8,683ms
[2020-11-04T20:39:54.229+0300][68,152s][info][gc] GC(1077) Pause Young (Allocation Failure) 471M->318M(506M) 8,738ms
[2020-11-04T20:39:54.291+0300][68,215s][info][gc] GC(1078) Pause Young (Allocation Failure) 476M->323M(506M) 8,673ms
[2020-11-04T20:39:54.365+0300][68,289s][info][gc] GC(1079) Pause Young (Allocation Failure) 481M->331M(500M) 8,511ms
[2020-11-04T20:39:54.423+0300][68,347s][info][gc] GC(1080) Pause Young (Allocation Failure) 483M->336M(503M) 6,640ms
[2020-11-04T20:39:54.484+0300][68,408s][info][gc] GC(1081) Pause Young (Allocation Failure) 488M->340M(503M) 8,217ms
[2020-11-04T20:39:54.617+0300][68,540s][info][gc] GC(1082) Pause Full (Ergonomics) 340M->132M(503M) 132,044ms
[2020-11-04T20:39:54.676+0300][68,599s][info][gc] GC(1083) Pause Young (Allocation Failure) 285M->137M(503M) 4,216ms
[2020-11-04T20:39:54.735+0300][68,659s][info][gc] GC(1084) Pause Young (Allocation Failure) 290M->141M(503M) 7,497ms
[2020-11-04T20:39:54.794+0300][68,718s][info][gc] GC(1085) Pause Young (Allocation Failure) 295M->146M(504M) 7,497ms
[2020-11-04T20:39:54.854+0300][68,777s][info][gc] GC(1086) Pause Young (Allocation Failure) 300M->150M(503M) 7,510ms
[2020-11-04T20:39:54.913+0300][68,837s][info][gc] GC(1087) Pause Young (Allocation Failure) 304M->155M(504M) 7,540ms
[2020-11-04T20:39:54.973+0300][68,897s][info][gc] GC(1088) Pause Young (Allocation Failure) 310M->160M(504M) 7,610ms
[2020-11-04T20:39:55.033+0300][68,956s][info][gc] GC(1089) Pause Young (Allocation Failure) 314M->164M(504M) 7,620ms
[2020-11-04T20:39:55.093+0300][69,017s][info][gc] GC(1090) Pause Young (Allocation Failure) 320M->169M(504M) 7,692ms
[2020-11-04T20:39:55.154+0300][69,077s][info][gc] GC(1091) Pause Young (Allocation Failure) 324M->173M(505M) 7,848ms
[2020-11-04T20:39:55.214+0300][69,138s][info][gc] GC(1092) Pause Young (Allocation Failure) 329M->178M(504M) 7,847ms
[2020-11-04T20:39:55.275+0300][69,199s][info][gc] GC(1093) Pause Young (Allocation Failure) 334M->183M(505M) 7,866ms
[2020-11-04T20:39:55.336+0300][69,259s][info][gc] GC(1094) Pause Young (Allocation Failure) 339M->187M(505M) 7,807ms
[2020-11-04T20:39:55.397+0300][69,320s][info][gc] GC(1095) Pause Young (Allocation Failure) 344M->192M(505M) 8,092ms
[2020-11-04T20:39:55.458+0300][69,382s][info][gc] GC(1096) Pause Young (Allocation Failure) 349M->197M(505M) 7,983ms
[2020-11-04T20:39:55.519+0300][69,443s][info][gc] GC(1097) Pause Young (Allocation Failure) 354M->201M(505M) 8,082ms
[2020-11-04T20:39:55.581+0300][69,505s][info][gc] GC(1098) Pause Young (Allocation Failure) 359M->206M(505M) 8,170ms
[2020-11-04T20:39:55.643+0300][69,567s][info][gc] GC(1099) Pause Young (Allocation Failure) 363M->211M(506M) 8,139ms
[2020-11-04T20:39:55.705+0300][69,628s][info][gc] GC(1100) Pause Young (Allocation Failure) 369M->215M(505M) 8,241ms
[2020-11-04T20:39:55.766+0300][69,690s][info][gc] GC(1101) Pause Young (Allocation Failure) 373M->220M(506M) 8,120ms
[2020-11-04T20:39:55.838+0300][69,762s][info][gc] GC(1102) Pause Young (Allocation Failure) 375M->225M(506M) 9,759ms
[2020-11-04T20:39:55.897+0300][69,821s][info][gc] GC(1103) Pause Young (Allocation Failure) 383M->233M(500M) 6,495ms
[2020-11-04T20:39:55.955+0300][69,878s][info][gc] GC(1104) Pause Young (Allocation Failure) 385M->238M(503M) 5,647ms
[2020-11-04T20:39:56.014+0300][69,938s][info][gc] GC(1105) Pause Young (Allocation Failure) 390M->242M(503M) 7,744ms
[2020-11-04T20:39:56.073+0300][69,997s][info][gc] GC(1106) Pause Young (Allocation Failure) 396M->247M(503M) 7,730ms
[2020-11-04T20:39:56.133+0300][70,057s][info][gc] GC(1107) Pause Young (Allocation Failure) 400M->251M(503M) 7,782ms
[2020-11-04T20:39:56.193+0300][70,116s][info][gc] GC(1108) Pause Young (Allocation Failure) 405M->256M(503M) 7,824ms
[2020-11-04T20:39:56.253+0300][70,176s][info][gc] GC(1109) Pause Young (Allocation Failure) 409M->260M(504M) 7,891ms
[2020-11-04T20:39:56.313+0300][70,236s][info][gc] GC(1110) Pause Young (Allocation Failure) 415M->265M(504M) 7,970ms
[2020-11-04T20:39:56.374+0300][70,297s][info][gc] GC(1111) Pause Young (Allocation Failure) 419M->269M(504M) 8,366ms
[2020-11-04T20:39:56.434+0300][70,358s][info][gc] GC(1112) Pause Young (Allocation Failure) 424M->274M(504M) 8,095ms
[2020-11-04T20:39:56.495+0300][70,419s][info][gc] GC(1113) Pause Young (Allocation Failure) 429M->279M(504M) 8,036ms
[2020-11-04T20:39:56.556+0300][70,480s][info][gc] GC(1114) Pause Young (Allocation Failure) 434M->283M(504M) 8,495ms
[2020-11-04T20:39:56.617+0300][70,541s][info][gc] GC(1115) Pause Young (Allocation Failure) 439M->288M(505M) 8,172ms
[2020-11-04T20:39:56.678+0300][70,602s][info][gc] GC(1116) Pause Young (Allocation Failure) 444M->293M(505M) 8,215ms
[2020-11-04T20:39:56.740+0300][70,663s][info][gc] GC(1117) Pause Young (Allocation Failure) 449M->297M(505M) 8,373ms
[2020-11-04T20:39:56.801+0300][70,724s][info][gc] GC(1118) Pause Young (Allocation Failure) 454M->302M(505M) 8,373ms
[2020-11-04T20:39:56.862+0300][70,786s][info][gc] GC(1119) Pause Young (Allocation Failure) 459M->307M(505M) 8,394ms
[2020-11-04T20:39:56.924+0300][70,847s][info][gc] GC(1120) Pause Young (Allocation Failure) 464M->311M(505M) 8,458ms
[2020-11-04T20:39:56.986+0300][70,909s][info][gc] GC(1121) Pause Young (Allocation Failure) 469M->316M(506M) 8,380ms
[2020-11-04T20:39:57.048+0300][70,971s][info][gc] GC(1122) Pause Young (Allocation Failure) 474M->321M(505M) 8,496ms
[2020-11-04T20:39:57.110+0300][71,033s][info][gc] GC(1123) Pause Young (Allocation Failure) 479M->325M(506M) 8,586ms
[2020-11-04T20:39:57.172+0300][71,095s][info][gc] GC(1124) Pause Young (Allocation Failure) 484M->330M(506M) 8,537ms
[2020-11-04T20:39:57.245+0300][71,169s][info][gc] GC(1125) Pause Young (Allocation Failure) 488M->338M(500M) 7,400ms
[2020-11-04T20:39:57.304+0300][71,227s][info][gc] GC(1126) Pause Young (Allocation Failure) 491M->343M(503M) 6,897ms
[2020-11-04T20:39:57.432+0300][71,356s][info][gc] GC(1127) Pause Full (Ergonomics) 343M->135M(503M) 128,218ms
[2020-11-04T20:39:57.489+0300][71,412s][info][gc] GC(1128) Pause Young (Allocation Failure) 287M->139M(503M) 4,220ms
[2020-11-04T20:39:57.548+0300][71,471s][info][gc] GC(1129) Pause Young (Allocation Failure) 292M->144M(503M) 7,524ms
[2020-11-04T20:39:57.608+0300][71,531s][info][gc] GC(1130) Pause Young (Allocation Failure) 297M->148M(503M) 7,756ms
[2020-11-04T20:39:57.667+0300][71,590s][info][gc] GC(1131) Pause Young (Allocation Failure) 302M->153M(504M) 7,553ms
[2020-11-04T20:39:57.727+0300][71,650s][info][gc] GC(1132) Pause Young (Allocation Failure) 307M->158M(503M) 7,533ms
[2020-11-04T20:39:57.786+0300][71,710s][info][gc] GC(1133) Pause Young (Allocation Failure) 312M->162M(504M) 7,667ms
[2020-11-04T20:39:57.846+0300][71,770s][info][gc] GC(1134) Pause Young (Allocation Failure) 317M->167M(504M) 7,663ms
[2020-11-04T20:39:57.905+0300][71,829s][info][gc] GC(1135) Pause Young (Allocation Failure) 321M->171M(504M) 7,679ms
[2020-11-04T20:39:57.966+0300][71,889s][info][gc] GC(1136) Pause Young (Allocation Failure) 327M->176M(504M) 7,768ms
[2020-11-04T20:39:58.026+0300][71,949s][info][gc] GC(1137) Pause Young (Allocation Failure) 331M->181M(505M) 7,800ms
[2020-11-04T20:39:58.086+0300][72,010s][info][gc] GC(1138) Pause Young (Allocation Failure) 337M->185M(504M) 7,913ms
[2020-11-04T20:39:58.147+0300][72,071s][info][gc] GC(1139) Pause Young (Allocation Failure) 341M->190M(505M) 7,827ms
[2020-11-04T20:39:58.207+0300][72,131s][info][gc] GC(1140) Pause Young (Allocation Failure) 346M->194M(505M) 7,920ms
[2020-11-04T20:39:58.268+0300][72,192s][info][gc] GC(1141) Pause Young (Allocation Failure) 351M->199M(505M) 8,050ms
[2020-11-04T20:39:58.329+0300][72,253s][info][gc] GC(1142) Pause Young (Allocation Failure) 357M->204M(505M) 8,147ms
[2020-11-04T20:39:58.392+0300][72,315s][info][gc] GC(1143) Pause Young (Allocation Failure) 361M->208M(505M) 8,187ms
[2020-11-04T20:39:58.453+0300][72,377s][info][gc] GC(1144) Pause Young (Allocation Failure) 366M->213M(505M) 8,207ms
[2020-11-04T20:39:58.514+0300][72,438s][info][gc] GC(1145) Pause Young (Allocation Failure) 371M->218M(506M) 8,178ms
[2020-11-04T20:39:58.576+0300][72,499s][info][gc] GC(1146) Pause Young (Allocation Failure) 376M->222M(505M) 8,292ms
[2020-11-04T20:39:58.638+0300][72,562s][info][gc] GC(1147) Pause Young (Allocation Failure) 380M->227M(506M) 8,346ms
[2020-11-04T20:39:58.712+0300][72,635s][info][gc] GC(1148) Pause Young (Allocation Failure) 386M->235M(506M) 7,637ms
[2020-11-04T20:39:58.771+0300][72,695s][info][gc] GC(1149) Pause Young (Allocation Failure) 394M->240M(500M) 5,825ms
[2020-11-04T20:39:58.833+0300][72,757s][info][gc] GC(1150) Pause Young (Allocation Failure) 393M->245M(503M) 8,003ms
[2020-11-04T20:39:58.892+0300][72,816s][info][gc] GC(1151) Pause Young (Allocation Failure) 397M->249M(503M) 7,775ms
[2020-11-04T20:39:58.952+0300][72,875s][info][gc] GC(1152) Pause Young (Allocation Failure) 403M->254M(503M) 7,773ms
[2020-11-04T20:39:59.012+0300][72,935s][info][gc] GC(1153) Pause Young (Allocation Failure) 407M->258M(504M) 7,856ms
[2020-11-04T20:39:59.071+0300][72,995s][info][gc] GC(1154) Pause Young (Allocation Failure) 412M->263M(503M) 7,915ms
[2020-11-04T20:39:59.131+0300][73,055s][info][gc] GC(1155) Pause Young (Allocation Failure) 417M->268M(504M) 7,943ms
[2020-11-04T20:39:59.191+0300][73,115s][info][gc] GC(1156) Pause Young (Allocation Failure) 422M->272M(504M) 7,968ms
[2020-11-04T20:39:59.251+0300][73,175s][info][gc] GC(1157) Pause Young (Allocation Failure) 427M->277M(504M) 7,915ms
[2020-11-04T20:39:59.311+0300][73,235s][info][gc] GC(1158) Pause Young (Allocation Failure) 432M->281M(504M) 8,012ms
[2020-11-04T20:39:59.372+0300][73,295s][info][gc] GC(1159) Pause Young (Allocation Failure) 437M->286M(505M) 8,104ms
[2020-11-04T20:39:59.433+0300][73,356s][info][gc] GC(1160) Pause Young (Allocation Failure) 442M->291M(504M) 8,196ms
[2020-11-04T20:39:59.493+0300][73,417s][info][gc] GC(1161) Pause Young (Allocation Failure) 447M->295M(505M) 8,168ms
[2020-11-04T20:39:59.555+0300][73,478s][info][gc] GC(1162) Pause Young (Allocation Failure) 452M->300M(505M) 8,180ms
[2020-11-04T20:39:59.616+0300][73,539s][info][gc] GC(1163) Pause Young (Allocation Failure) 456M->305M(505M) 8,310ms
[2020-11-04T20:39:59.677+0300][73,601s][info][gc] GC(1164) Pause Young (Allocation Failure) 462M->309M(505M) 8,293ms
[2020-11-04T20:39:59.738+0300][73,662s][info][gc] GC(1165) Pause Young (Allocation Failure) 467M->314M(505M) 8,475ms
[2020-11-04T20:39:59.800+0300][73,723s][info][gc] GC(1166) Pause Young (Allocation Failure) 471M->319M(505M) 8,411ms
[2020-11-04T20:39:59.862+0300][73,786s][info][gc] GC(1167) Pause Young (Allocation Failure) 476M->323M(506M) 8,418ms
[2020-11-04T20:39:59.924+0300][73,848s][info][gc] GC(1168) Pause Young (Allocation Failure) 481M->328M(505M) 8,504ms
[2020-11-04T20:39:59.986+0300][73,909s][info][gc] GC(1169) Pause Young (Allocation Failure) 486M->333M(506M) 8,550ms
[2020-11-04T20:40:00.059+0300][73,983s][info][gc] GC(1170) Pause Young (Allocation Failure) 491M->341M(506M) 8,438ms
[2020-11-04T20:40:00.119+0300][74,042s][info][gc] GC(1171) Pause Young (Allocation Failure) 499M->346M(500M) 6,152ms
[2020-11-04T20:40:00.252+0300][74,175s][info][gc] GC(1172) Pause Full (Ergonomics) 346M->138M(503M) 133,218ms
[2020-11-04T20:40:00.310+0300][74,233s][info][gc] GC(1173) Pause Young (Allocation Failure) 290M->142M(503M) 4,289ms
[2020-11-04T20:40:00.369+0300][74,292s][info][gc] GC(1174) Pause Young (Allocation Failure) 295M->147M(503M) 7,465ms
[2020-11-04T20:40:00.433+0300][74,356s][info][gc] GC(1175) Pause Young (Allocation Failure) 300M->151M(503M) 7,576ms
[2020-11-04T20:40:00.492+0300][74,416s][info][gc] GC(1176) Pause Young (Allocation Failure) 305M->156M(503M) 7,612ms
[2020-11-04T20:40:00.552+0300][74,475s][info][gc] GC(1177) Pause Young (Allocation Failure) 309M->160M(504M) 7,703ms
[2020-11-04T20:40:00.611+0300][74,535s][info][gc] GC(1178) Pause Young (Allocation Failure) 315M->165M(504M) 7,701ms
[2020-11-04T20:40:00.671+0300][74,594s][info][gc] GC(1179) Pause Young (Allocation Failure) 319M->170M(504M) 7,723ms
[2020-11-04T20:40:00.731+0300][74,655s][info][gc] GC(1180) Pause Young (Allocation Failure) 325M->174M(504M) 7,800ms
[2020-11-04T20:40:00.791+0300][74,715s][info][gc] GC(1181) Pause Young (Allocation Failure) 329M->179M(504M) 7,971ms
[2020-11-04T20:40:00.851+0300][74,775s][info][gc] GC(1182) Pause Young (Allocation Failure) 334M->183M(504M) 7,879ms
[2020-11-04T20:40:00.911+0300][74,835s][info][gc] GC(1183) Pause Young (Allocation Failure) 339M->188M(505M) 7,862ms
[2020-11-04T20:40:00.972+0300][74,895s][info][gc] GC(1184) Pause Young (Allocation Failure) 344M->193M(505M) 7,907ms
[2020-11-04T20:40:01.033+0300][74,956s][info][gc] GC(1185) Pause Young (Allocation Failure) 349M->197M(505M) 7,992ms
[2020-11-04T20:40:01.093+0300][75,017s][info][gc] GC(1186) Pause Young (Allocation Failure) 354M->202M(505M) 8,009ms
[2020-11-04T20:40:01.154+0300][75,078s][info][gc] GC(1187) Pause Young (Allocation Failure) 358M->207M(505M) 8,115ms
[2020-11-04T20:40:01.216+0300][75,139s][info][gc] GC(1188) Pause Young (Allocation Failure) 364M->211M(505M) 8,046ms
[2020-11-04T20:40:01.277+0300][75,201s][info][gc] GC(1189) Pause Young (Allocation Failure) 369M->216M(505M) 8,253ms
[2020-11-04T20:40:01.338+0300][75,262s][info][gc] GC(1190) Pause Young (Allocation Failure) 373M->221M(505M) 8,153ms
[2020-11-04T20:40:01.399+0300][75,323s][info][gc] GC(1191) Pause Young (Allocation Failure) 378M->225M(506M) 8,205ms
[2020-11-04T20:40:01.462+0300][75,385s][info][gc] GC(1192) Pause Young (Allocation Failure) 384M->230M(506M) 8,525ms
[2020-11-04T20:40:01.534+0300][75,458s][info][gc] GC(1193) Pause Young (Allocation Failure) 385M->235M(506M) 9,996ms
[2020-11-04T20:40:01.593+0300][75,516s][info][gc] GC(1194) Pause Young (Allocation Failure) 393M->243M(506M) 6,168ms
[2020-11-04T20:40:01.652+0300][75,576s][info][gc] GC(1195) Pause Young (Allocation Failure) 401M->248M(501M) 5,876ms
[2020-11-04T20:40:01.713+0300][75,637s][info][gc] GC(1196) Pause Young (Allocation Failure) 401M->252M(503M) 8,044ms
[2020-11-04T20:40:01.773+0300][75,696s][info][gc] GC(1197) Pause Young (Allocation Failure) 406M->257M(503M) 7,938ms
[2020-11-04T20:40:01.832+0300][75,756s][info][gc] GC(1198) Pause Young (Allocation Failure) 410M->261M(503M) 7,842ms
[2020-11-04T20:40:01.892+0300][75,815s][info][gc] GC(1199) Pause Young (Allocation Failure) 415M->266M(504M) 7,826ms
[2020-11-04T20:40:01.952+0300][75,876s][info][gc] GC(1200) Pause Young (Allocation Failure) 420M->270M(503M) 7,824ms
[2020-11-04T20:40:02.012+0300][75,936s][info][gc] GC(1201) Pause Young (Allocation Failure) 424M->275M(504M) 7,836ms
[2020-11-04T20:40:02.072+0300][75,996s][info][gc] GC(1202) Pause Young (Allocation Failure) 430M->280M(504M) 7,831ms
[2020-11-04T20:40:02.132+0300][76,056s][info][gc] GC(1203) Pause Young (Allocation Failure) 434M->284M(504M) 7,928ms
[2020-11-04T20:40:02.193+0300][76,116s][info][gc] GC(1204) Pause Young (Allocation Failure) 440M->289M(504M) 8,035ms
[2020-11-04T20:40:02.253+0300][76,177s][info][gc] GC(1205) Pause Young (Allocation Failure) 444M->293M(505M) 8,026ms
[2020-11-04T20:40:02.314+0300][76,238s][info][gc] GC(1206) Pause Young (Allocation Failure) 449M->298M(504M) 8,142ms
[2020-11-04T20:40:02.375+0300][76,299s][info][gc] GC(1207) Pause Young (Allocation Failure) 454M->303M(505M) 8,165ms
[2020-11-04T20:40:02.436+0300][76,360s][info][gc] GC(1208) Pause Young (Allocation Failure) 459M->307M(505M) 8,370ms
[2020-11-04T20:40:02.500+0300][76,424s][info][gc] GC(1209) Pause Young (Allocation Failure) 464M->312M(505M) 8,914ms
[2020-11-04T20:40:02.562+0300][76,485s][info][gc] GC(1210) Pause Young (Allocation Failure) 470M->317M(505M) 8,562ms
[2020-11-04T20:40:02.623+0300][76,547s][info][gc] GC(1211) Pause Young (Allocation Failure) 474M->321M(505M) 8,348ms
[2020-11-04T20:40:02.685+0300][76,608s][info][gc] GC(1212) Pause Young (Allocation Failure) 479M->326M(505M) 8,482ms
[2020-11-04T20:40:02.746+0300][76,670s][info][gc] GC(1213) Pause Young (Allocation Failure) 484M->331M(506M) 8,364ms
[2020-11-04T20:40:02.808+0300][76,731s][info][gc] GC(1214) Pause Young (Allocation Failure) 489M->335M(506M) 8,441ms
[2020-11-04T20:40:02.870+0300][76,793s][info][gc] GC(1215) Pause Young (Allocation Failure) 494M->340M(506M) 8,506ms
[2020-11-04T20:40:02.965+0300][76,889s][info][gc] GC(1216) Pause Young (Allocation Failure) 499M->504M(506M) 28,801ms
[2020-11-04T20:40:03.102+0300][77,026s][info][gc] GC(1217) Pause Full (Ergonomics) 504M->140M(506M) 136,836ms
[2020-11-04T20:40:03.161+0300][77,085s][info][gc] GC(1218) Pause Young (Allocation Failure) 299M->145M(506M) 4,398ms
[2020-11-04T20:40:03.223+0300][77,146s][info][gc] GC(1219) Pause Young (Allocation Failure) 304M->150M(506M) 7,782ms
[2020-11-04T20:40:03.285+0300][77,208s][info][gc] GC(1220) Pause Young (Allocation Failure) 308M->155M(506M) 7,798ms
[2020-11-04T20:40:03.346+0300][77,270s][info][gc] GC(1221) Pause Young (Allocation Failure) 314M->159M(506M) 7,869ms
[2020-11-04T20:40:03.408+0300][77,332s][info][gc] GC(1222) Pause Young (Allocation Failure) 318M->164M(506M) 7,824ms
[2020-11-04T20:40:03.470+0300][77,394s][info][gc] GC(1223) Pause Young (Allocation Failure) 324M->169M(506M) 7,933ms
[2020-11-04T20:40:03.532+0300][77,455s][info][gc] GC(1224) Pause Young (Allocation Failure) 328M->174M(506M) 7,903ms
[2020-11-04T20:40:03.593+0300][77,517s][info][gc] GC(1225) Pause Young (Allocation Failure) 333M->178M(506M) 7,937ms
[2020-11-04T20:40:03.655+0300][77,579s][info][gc] GC(1226) Pause Young (Allocation Failure) 338M->183M(506M) 7,914ms
[2020-11-04T20:40:03.717+0300][77,640s][info][gc] GC(1227) Pause Young (Allocation Failure) 342M->188M(506M) 8,103ms
[2020-11-04T20:40:03.779+0300][77,703s][info][gc] GC(1228) Pause Young (Allocation Failure) 347M->192M(506M) 8,377ms
[2020-11-04T20:40:03.841+0300][77,765s][info][gc] GC(1229) Pause Young (Allocation Failure) 352M->197M(506M) 8,096ms
[2020-11-04T20:40:03.903+0300][77,826s][info][gc] GC(1230) Pause Young (Allocation Failure) 357M->202M(506M) 8,099ms
[2020-11-04T20:40:03.965+0300][77,888s][info][gc] GC(1231) Pause Young (Allocation Failure) 361M->207M(506M) 8,156ms
[2020-11-04T20:40:04.028+0300][77,952s][info][gc] GC(1232) Pause Young (Allocation Failure) 366M->211M(506M) 8,160ms
[2020-11-04T20:40:04.090+0300][78,014s][info][gc] GC(1233) Pause Young (Allocation Failure) 371M->216M(506M) 8,164ms
[2020-11-04T20:40:04.152+0300][78,076s][info][gc] GC(1234) Pause Young (Allocation Failure) 376M->221M(507M) 8,310ms
[2020-11-04T20:40:04.214+0300][78,138s][info][gc] GC(1235) Pause Young (Allocation Failure) 381M->226M(506M) 8,260ms
[2020-11-04T20:40:04.277+0300][78,200s][info][gc] GC(1236) Pause Young (Allocation Failure) 386M->230M(507M) 8,453ms
[2020-11-04T20:40:04.340+0300][78,263s][info][gc] GC(1237) Pause Young (Allocation Failure) 391M->235M(507M) 8,488ms
[2020-11-04T20:40:04.414+0300][78,338s][info][gc] GC(1238) Pause Young (Allocation Failure) 396M->243M(500M) 10,059ms
[2020-11-04T20:40:04.472+0300][78,396s][info][gc] GC(1239) Pause Young (Allocation Failure) 397M->248M(503M) 5,431ms
[2020-11-04T20:40:04.535+0300][78,459s][info][gc] GC(1240) Pause Young (Allocation Failure) 402M->253M(504M) 7,754ms
[2020-11-04T20:40:04.595+0300][78,519s][info][gc] GC(1241) Pause Young (Allocation Failure) 407M->257M(504M) 7,789ms
[2020-11-04T20:40:04.655+0300][78,578s][info][gc] GC(1242) Pause Young (Allocation Failure) 412M->262M(504M) 7,859ms
[2020-11-04T20:40:04.717+0300][78,641s][info][gc] GC(1243) Pause Young (Allocation Failure) 416M->267M(504M) 10,056ms
[2020-11-04T20:40:04.778+0300][78,701s][info][gc] GC(1244) Pause Young (Allocation Failure) 421M->271M(504M) 7,835ms
[2020-11-04T20:40:04.838+0300][78,761s][info][gc] GC(1245) Pause Young (Allocation Failure) 426M->276M(504M) 7,864ms
[2020-11-04T20:40:04.898+0300][78,822s][info][gc] GC(1246) Pause Young (Allocation Failure) 431M->280M(504M) 7,889ms
[2020-11-04T20:40:04.959+0300][78,882s][info][gc] GC(1247) Pause Young (Allocation Failure) 436M->285M(504M) 7,974ms
[2020-11-04T20:40:05.020+0300][78,944s][info][gc] GC(1248) Pause Young (Allocation Failure) 440M->289M(505M) 8,025ms
[2020-11-04T20:40:05.081+0300][79,004s][info][gc] GC(1249) Pause Young (Allocation Failure) 446M->294M(505M) 8,059ms
[2020-11-04T20:40:05.142+0300][79,066s][info][gc] GC(1250) Pause Young (Allocation Failure) 451M->299M(505M) 8,039ms
[2020-11-04T20:40:05.203+0300][79,127s][info][gc] GC(1251) Pause Young (Allocation Failure) 455M->303M(505M) 8,110ms
[2020-11-04T20:40:05.265+0300][79,189s][info][gc] GC(1252) Pause Young (Allocation Failure) 460M->308M(505M) 8,135ms
[2020-11-04T20:40:05.327+0300][79,250s][info][gc] GC(1253) Pause Young (Allocation Failure) 466M->313M(505M) 8,211ms
[2020-11-04T20:40:05.389+0300][79,313s][info][gc] GC(1254) Pause Young (Allocation Failure) 470M->317M(505M) 8,376ms
[2020-11-04T20:40:05.451+0300][79,375s][info][gc] GC(1255) Pause Young (Allocation Failure) 475M->322M(505M) 8,418ms
[2020-11-04T20:40:05.513+0300][79,437s][info][gc] GC(1256) Pause Young (Allocation Failure) 480M->327M(506M) 8,295ms
[2020-11-04T20:40:05.575+0300][79,499s][info][gc] GC(1257) Pause Young (Allocation Failure) 485M->331M(505M) 8,370ms
[2020-11-04T20:40:05.639+0300][79,563s][info][gc] GC(1258) Pause Young (Allocation Failure) 489M->336M(506M) 8,467ms
[2020-11-04T20:40:05.703+0300][79,627s][info][gc] GC(1259) Pause Young (Allocation Failure) 495M->341M(506M) 8,464ms
[2020-11-04T20:40:05.937+0300][79,861s][info][gc] GC(1260) Pause Full (Ergonomics) 341M->236M(506M) 233,902ms
[2020-11-04T20:40:06.001+0300][79,924s][info][gc] GC(1261) Pause Young (Allocation Failure) 394M->241M(506M) 4,796ms
[2020-11-04T20:40:06.073+0300][79,997s][info][gc] GC(1262) Pause Young (Allocation Failure) 399M->249M(500M) 6,989ms
[2020-11-04T20:40:06.131+0300][80,054s][info][gc] GC(1263) Pause Young (Allocation Failure) 401M->253M(503M) 5,843ms
[2020-11-04T20:40:06.189+0300][80,113s][info][gc] GC(1264) Pause Young (Allocation Failure) 406M->258M(503M) 7,608ms
[2020-11-04T20:40:06.249+0300][80,172s][info][gc] GC(1265) Pause Young (Allocation Failure) 411M->263M(503M) 7,626ms
[2020-11-04T20:40:06.308+0300][80,232s][info][gc] GC(1266) Pause Young (Allocation Failure) 416M->267M(503M) 7,678ms
[2020-11-04T20:40:06.368+0300][80,291s][info][gc] GC(1267) Pause Young (Allocation Failure) 421M->272M(503M) 7,689ms
[2020-11-04T20:40:06.427+0300][80,350s][info][gc] GC(1268) Pause Young (Allocation Failure) 425M->276M(504M) 7,674ms
[2020-11-04T20:40:06.487+0300][80,410s][info][gc] GC(1269) Pause Young (Allocation Failure) 431M->281M(504M) 7,746ms
[2020-11-04T20:40:06.546+0300][80,470s][info][gc] GC(1270) Pause Young (Allocation Failure) 435M->285M(504M) 7,764ms
[2020-11-04T20:40:06.606+0300][80,530s][info][gc] GC(1271) Pause Young (Allocation Failure) 440M->290M(504M) 7,822ms
[2020-11-04T20:40:06.666+0300][80,590s][info][gc] GC(1272) Pause Young (Allocation Failure) 445M->295M(504M) 7,862ms
[2020-11-04T20:40:06.727+0300][80,651s][info][gc] GC(1273) Pause Young (Allocation Failure) 450M->299M(504M) 7,948ms
[2020-11-04T20:40:06.788+0300][80,712s][info][gc] GC(1274) Pause Young (Allocation Failure) 455M->304M(505M) 8,107ms
[2020-11-04T20:40:06.849+0300][80,772s][info][gc] GC(1275) Pause Young (Allocation Failure) 460M->308M(505M) 8,129ms
[2020-11-04T20:40:06.910+0300][80,833s][info][gc] GC(1276) Pause Young (Allocation Failure) 465M->313M(505M) 8,148ms
[2020-11-04T20:40:06.971+0300][80,894s][info][gc] GC(1277) Pause Young (Allocation Failure) 470M->318M(505M) 8,422ms
[2020-11-04T20:40:07.033+0300][80,956s][info][gc] GC(1278) Pause Young (Allocation Failure) 475M->322M(505M) 8,190ms
[2020-11-04T20:40:07.094+0300][81,017s][info][gc] GC(1279) Pause Young (Allocation Failure) 480M->327M(505M) 8,296ms
[2020-11-04T20:40:07.155+0300][81,079s][info][gc] GC(1280) Pause Young (Allocation Failure) 485M->332M(505M) 8,237ms
[2020-11-04T20:40:07.216+0300][81,140s][info][gc] GC(1281) Pause Young (Allocation Failure) 489M->336M(505M) 8,181ms
[2020-11-04T20:40:07.277+0300][81,201s][info][gc] GC(1282) Pause Young (Allocation Failure) 494M->341M(506M) 8,180ms
[2020-11-04T20:40:07.532+0300][81,455s][info][gc] GC(1283) Pause Full (Ergonomics) 341M->237M(506M) 254,536ms
[2020-11-04T20:40:07.594+0300][81,517s][info][gc] GC(1284) Pause Young (Allocation Failure) 396M->242M(506M) 4,958ms
[2020-11-04T20:40:07.667+0300][81,590s][info][gc] GC(1285) Pause Young (Allocation Failure) 400M->250M(506M) 7,558ms
[2020-11-04T20:40:07.726+0300][81,650s][info][gc] GC(1286) Pause Young (Allocation Failure) 409M->255M(500M) 5,663ms
[2020-11-04T20:40:07.785+0300][81,709s][info][gc] GC(1287) Pause Young (Allocation Failure) 407M->259M(503M) 7,883ms
[2020-11-04T20:40:07.845+0300][81,768s][info][gc] GC(1288) Pause Young (Allocation Failure) 412M->264M(503M) 7,803ms
[2020-11-04T20:40:07.905+0300][81,829s][info][gc] GC(1289) Pause Young (Allocation Failure) 417M->269M(503M) 7,844ms
[2020-11-04T20:40:07.965+0300][81,889s][info][gc] GC(1290) Pause Young (Allocation Failure) 422M->273M(504M) 7,877ms
[2020-11-04T20:40:08.025+0300][81,948s][info][gc] GC(1291) Pause Young (Allocation Failure) 427M->278M(503M) 7,917ms
[2020-11-04T20:40:08.085+0300][82,008s][info][gc] GC(1292) Pause Young (Allocation Failure) 432M->282M(504M) 7,904ms
[2020-11-04T20:40:08.145+0300][82,069s][info][gc] GC(1293) Pause Young (Allocation Failure) 437M->287M(504M) 7,978ms
[2020-11-04T20:40:08.205+0300][82,129s][info][gc] GC(1294) Pause Young (Allocation Failure) 441M->291M(504M) 7,953ms
[2020-11-04T20:40:08.266+0300][82,189s][info][gc] GC(1295) Pause Young (Allocation Failure) 447M->296M(504M) 8,085ms
[2020-11-04T20:40:08.326+0300][82,250s][info][gc] GC(1296) Pause Young (Allocation Failure) 452M->301M(505M) 8,167ms
[2020-11-04T20:40:08.387+0300][82,311s][info][gc] GC(1297) Pause Young (Allocation Failure) 457M->305M(504M) 8,200ms
[2020-11-04T20:40:08.449+0300][82,372s][info][gc] GC(1298) Pause Young (Allocation Failure) 461M->310M(505M) 8,216ms
[2020-11-04T20:40:08.509+0300][82,433s][info][gc] GC(1299) Pause Young (Allocation Failure) 466M->315M(505M) 8,268ms
[2020-11-04T20:40:08.570+0300][82,494s][info][gc] GC(1300) Pause Young (Allocation Failure) 471M->319M(505M) 8,217ms
[2020-11-04T20:40:08.631+0300][82,555s][info][gc] GC(1301) Pause Young (Allocation Failure) 476M->324M(505M) 8,245ms
[2020-11-04T20:40:08.693+0300][82,616s][info][gc] GC(1302) Pause Young (Allocation Failure) 481M->328M(505M) 8,328ms
[2020-11-04T20:40:08.754+0300][82,678s][info][gc] GC(1303) Pause Young (Allocation Failure) 486M->333M(505M) 8,338ms
[2020-11-04T20:40:08.816+0300][82,739s][info][gc] GC(1304) Pause Young (Allocation Failure) 491M->338M(506M) 8,442ms
[2020-11-04T20:40:08.877+0300][82,801s][info][gc] GC(1305) Pause Young (Allocation Failure) 496M->343M(505M) 8,501ms
[2020-11-04T20:40:09.121+0300][83,045s][info][gc] GC(1306) Pause Full (Ergonomics) 343M->238M(506M) 244,288ms
[2020-11-04T20:40:09.183+0300][83,107s][info][gc] GC(1307) Pause Young (Allocation Failure) 397M->243M(506M) 5,074ms
[2020-11-04T20:40:09.258+0300][83,182s][info][gc] GC(1308) Pause Young (Allocation Failure) 402M->252M(500M) 7,923ms
[2020-11-04T20:40:09.315+0300][83,239s][info][gc] GC(1309) Pause Young (Allocation Failure) 404M->256M(503M) 5,639ms
[2020-11-04T20:40:09.375+0300][83,298s][info][gc] GC(1310) Pause Young (Allocation Failure) 409M->261M(503M) 7,764ms
[2020-11-04T20:40:09.434+0300][83,358s][info][gc] GC(1311) Pause Young (Allocation Failure) 414M->265M(503M) 7,712ms
[2020-11-04T20:40:09.494+0300][83,418s][info][gc] GC(1312) Pause Young (Allocation Failure) 418M->270M(503M) 7,958ms
[2020-11-04T20:40:09.554+0300][83,478s][info][gc] GC(1313) Pause Young (Allocation Failure) 423M->274M(503M) 7,842ms
[2020-11-04T20:40:09.616+0300][83,540s][info][gc] GC(1314) Pause Young (Allocation Failure) 428M->279M(504M) 7,924ms
[2020-11-04T20:40:09.676+0300][83,600s][info][gc] GC(1315) Pause Young (Allocation Failure) 433M->283M(504M) 7,806ms
[2020-11-04T20:40:09.737+0300][83,660s][info][gc] GC(1316) Pause Young (Allocation Failure) 438M->288M(504M) 8,070ms
[2020-11-04T20:40:09.799+0300][83,723s][info][gc] GC(1317) Pause Young (Allocation Failure) 443M->293M(504M) 7,958ms
[2020-11-04T20:40:09.859+0300][83,783s][info][gc] GC(1318) Pause Young (Allocation Failure) 448M->297M(504M) 7,937ms
[2020-11-04T20:40:09.920+0300][83,843s][info][gc] GC(1319) Pause Young (Allocation Failure) 453M->302M(504M) 8,008ms
[2020-11-04T20:40:09.980+0300][83,904s][info][gc] GC(1320) Pause Young (Allocation Failure) 457M->306M(505M) 8,164ms
[2020-11-04T20:40:10.041+0300][83,965s][info][gc] GC(1321) Pause Young (Allocation Failure) 463M->311M(505M) 8,144ms
[2020-11-04T20:40:10.102+0300][84,026s][info][gc] GC(1322) Pause Young (Allocation Failure) 468M->316M(505M) 8,293ms
[2020-11-04T20:40:10.163+0300][84,087s][info][gc] GC(1323) Pause Young (Allocation Failure) 472M->320M(505M) 8,194ms
[2020-11-04T20:40:10.224+0300][84,148s][info][gc] GC(1324) Pause Young (Allocation Failure) 477M->325M(505M) 8,182ms
[2020-11-04T20:40:10.286+0300][84,209s][info][gc] GC(1325) Pause Young (Allocation Failure) 483M->330M(505M) 8,294ms
[2020-11-04T20:40:10.347+0300][84,271s][info][gc] GC(1326) Pause Young (Allocation Failure) 487M->334M(505M) 8,342ms
[2020-11-04T20:40:10.409+0300][84,332s][info][gc] GC(1327) Pause Young (Allocation Failure) 492M->339M(505M) 8,388ms
[2020-11-04T20:40:10.471+0300][84,395s][info][gc] GC(1328) Pause Young (Allocation Failure) 497M->344M(506M) 8,373ms
[2020-11-04T20:40:10.718+0300][84,642s][info][gc] GC(1329) Pause Full (Ergonomics) 344M->240M(506M) 247,175ms
[2020-11-04T20:40:10.780+0300][84,704s][info][gc] GC(1330) Pause Young (Allocation Failure) 398M->244M(506M) 5,176ms
[2020-11-04T20:40:10.853+0300][84,777s][info][gc] GC(1331) Pause Young (Allocation Failure) 403M->253M(506M) 9,036ms
[2020-11-04T20:40:10.912+0300][84,836s][info][gc] GC(1332) Pause Young (Allocation Failure) 411M->258M(500M) 6,268ms
[2020-11-04T20:40:10.972+0300][84,896s][info][gc] GC(1333) Pause Young (Allocation Failure) 410M->262M(503M) 8,007ms
[2020-11-04T20:40:11.033+0300][84,956s][info][gc] GC(1334) Pause Young (Allocation Failure) 415M->267M(503M) 7,839ms
[2020-11-04T20:40:11.092+0300][85,016s][info][gc] GC(1335) Pause Young (Allocation Failure) 420M->271M(503M) 7,968ms
[2020-11-04T20:40:11.152+0300][85,076s][info][gc] GC(1336) Pause Young (Allocation Failure) 425M->276M(504M) 7,968ms
[2020-11-04T20:40:11.212+0300][85,135s][info][gc] GC(1337) Pause Young (Allocation Failure) 430M->280M(503M) 8,014ms
[2020-11-04T20:40:11.272+0300][85,195s][info][gc] GC(1338) Pause Young (Allocation Failure) 434M->285M(504M) 7,985ms
[2020-11-04T20:40:11.332+0300][85,256s][info][gc] GC(1339) Pause Young (Allocation Failure) 439M->289M(504M) 8,456ms
[2020-11-04T20:40:11.393+0300][85,316s][info][gc] GC(1340) Pause Young (Allocation Failure) 444M->294M(504M) 8,219ms
[2020-11-04T20:40:11.453+0300][85,377s][info][gc] GC(1341) Pause Young (Allocation Failure) 450M->299M(504M) 8,215ms
[2020-11-04T20:40:11.514+0300][85,438s][info][gc] GC(1342) Pause Young (Allocation Failure) 454M->303M(505M) 8,180ms
[2020-11-04T20:40:11.575+0300][85,499s][info][gc] GC(1343) Pause Young (Allocation Failure) 459M->308M(504M) 8,197ms
[2020-11-04T20:40:11.636+0300][85,560s][info][gc] GC(1344) Pause Young (Allocation Failure) 464M->313M(505M) 8,287ms
[2020-11-04T20:40:11.697+0300][85,621s][info][gc] GC(1345) Pause Young (Allocation Failure) 469M->317M(505M) 8,473ms
[2020-11-04T20:40:11.759+0300][85,683s][info][gc] GC(1346) Pause Young (Allocation Failure) 474M->322M(505M) 8,801ms
[2020-11-04T20:40:11.821+0300][85,744s][info][gc] GC(1347) Pause Young (Allocation Failure) 479M->326M(505M) 8,486ms
[2020-11-04T20:40:11.885+0300][85,809s][info][gc] GC(1348) Pause Young (Allocation Failure) 483M->331M(505M) 8,565ms
[2020-11-04T20:40:11.947+0300][85,870s][info][gc] GC(1349) Pause Young (Allocation Failure) 489M->336M(505M) 8,463ms
[2020-11-04T20:40:12.008+0300][85,932s][info][gc] GC(1350) Pause Young (Allocation Failure) 493M->341M(506M) 8,669ms
[2020-11-04T20:40:12.070+0300][85,994s][info][gc] GC(1351) Pause Young (Allocation Failure) 499M->345M(505M) 8,581ms
[2020-11-04T20:40:12.323+0300][86,246s][info][gc] GC(1352) Pause Full (Ergonomics) 345M->241M(506M) 252,606ms
[2020-11-04T20:40:12.384+0300][86,308s][info][gc] GC(1353) Pause Young (Allocation Failure) 400M->246M(506M) 5,000ms
[2020-11-04T20:40:12.446+0300][86,370s][info][gc] GC(1354) Pause Young (Allocation Failure) 404M->250M(503M) 8,486ms
[2020-11-04T20:40:12.531+0300][86,455s][info][gc] GC(1355) Pause Young (Allocation Failure) 406M->259M(504M) 10,463ms
[2020-11-04T20:40:12.606+0300][86,530s][info][gc] GC(1356) Pause Young (Allocation Failure) 414M->264M(498M) 7,303ms
[2020-11-04T20:40:12.673+0300][86,597s][info][gc] GC(1357) Pause Young (Allocation Failure) 413M->268M(500M) 9,623ms
[2020-11-04T20:40:12.764+0300][86,688s][info][gc] GC(1358) Pause Young (Allocation Failure) 417M->272M(500M) 12,638ms
[2020-11-04T20:40:12.833+0300][86,757s][info][gc] GC(1359) Pause Young (Allocation Failure) 420M->277M(498M) 11,875ms
[2020-11-04T20:40:12.903+0300][86,827s][info][gc] GC(1360) Pause Young (Allocation Failure) 424M->281M(499M) 13,417ms
[2020-11-04T20:40:12.971+0300][86,895s][info][gc] GC(1361) Pause Young (Allocation Failure) 427M->285M(499M) 12,434ms
[2020-11-04T20:40:13.033+0300][86,957s][info][gc] GC(1362) Pause Young (Allocation Failure) 431M->290M(500M) 7,673ms
[2020-11-04T20:40:13.090+0300][87,014s][info][gc] GC(1363) Pause Young (Allocation Failure) 436M->294M(500M) 7,662ms
[2020-11-04T20:40:13.148+0300][87,071s][info][gc] GC(1364) Pause Young (Allocation Failure) 441M->298M(500M) 7,845ms
[2020-11-04T20:40:13.206+0300][87,129s][info][gc] GC(1365) Pause Young (Allocation Failure) 445M->303M(500M) 7,768ms
[2020-11-04T20:40:13.263+0300][87,187s][info][gc] GC(1366) Pause Young (Allocation Failure) 450M->307M(501M) 7,814ms
[2020-11-04T20:40:13.321+0300][87,244s][info][gc] GC(1367) Pause Young (Allocation Failure) 455M->312M(500M) 7,836ms
[2020-11-04T20:40:13.379+0300][87,303s][info][gc] GC(1368) Pause Young (Allocation Failure) 460M->316M(501M) 7,907ms
[2020-11-04T20:40:13.438+0300][87,361s][info][gc] GC(1369) Pause Young (Allocation Failure) 465M->320M(501M) 8,114ms
[2020-11-04T20:40:13.496+0300][87,420s][info][gc] GC(1370) Pause Young (Allocation Failure) 469M->325M(502M) 7,997ms
[2020-11-04T20:40:13.555+0300][87,478s][info][gc] GC(1371) Pause Young (Allocation Failure) 475M->329M(501M) 8,111ms
[2020-11-04T20:40:13.614+0300][87,537s][info][gc] GC(1372) Pause Young (Allocation Failure) 479M->334M(502M) 8,262ms
[2020-11-04T20:40:13.673+0300][87,597s][info][gc] GC(1373) Pause Young (Allocation Failure) 485M->338M(502M) 8,131ms
[2020-11-04T20:40:13.732+0300][87,656s][info][gc] GC(1374) Pause Young (Allocation Failure) 490M->343M(503M) 8,364ms
[2020-11-04T20:40:13.979+0300][87,903s][info][gc] GC(1375) Pause Full (Ergonomics) 343M->239M(503M) 246,895ms
[2020-11-04T20:40:14.039+0300][87,962s][info][gc] GC(1376) Pause Young (Allocation Failure) 391M->243M(503M) 4,667ms
[2020-11-04T20:40:14.098+0300][88,022s][info][gc] GC(1377) Pause Young (Allocation Failure) 396M->248M(503M) 8,053ms
[2020-11-04T20:40:14.161+0300][88,085s][info][gc] GC(1378) Pause Young (Allocation Failure) 401M->252M(502M) 11,013ms
[2020-11-04T20:40:14.231+0300][88,155s][info][gc] GC(1379) Pause Young (Allocation Failure) 404M->261M(501M) 6,975ms
[2020-11-04T20:40:14.289+0300][88,213s][info][gc] GC(1380) Pause Young (Allocation Failure) 412M->265M(502M) 6,997ms
[2020-11-04T20:40:14.351+0300][88,275s][info][gc] GC(1381) Pause Young (Allocation Failure) 416M->270M(502M) 8,105ms
[2020-11-04T20:40:14.410+0300][88,334s][info][gc] GC(1382) Pause Young (Allocation Failure) 420M->274M(502M) 8,295ms
[2020-11-04T20:40:14.470+0300][88,394s][info][gc] GC(1383) Pause Young (Allocation Failure) 426M->278M(502M) 8,121ms
[2020-11-04T20:40:14.529+0300][88,453s][info][gc] GC(1384) Pause Young (Allocation Failure) 430M->283M(503M) 8,271ms
[2020-11-04T20:40:14.589+0300][88,513s][info][gc] GC(1385) Pause Young (Allocation Failure) 435M->287M(503M) 8,463ms
[2020-11-04T20:40:14.650+0300][88,574s][info][gc] GC(1386) Pause Young (Allocation Failure) 440M->292M(503M) 8,712ms
[2020-11-04T20:40:14.711+0300][88,635s][info][gc] GC(1387) Pause Young (Allocation Failure) 446M->297M(503M) 8,896ms
[2020-11-04T20:40:14.771+0300][88,695s][info][gc] GC(1388) Pause Young (Allocation Failure) 450M->301M(504M) 8,388ms
[2020-11-04T20:40:14.832+0300][88,755s][info][gc] GC(1389) Pause Young (Allocation Failure) 456M->306M(504M) 8,516ms
[2020-11-04T20:40:14.893+0300][88,816s][info][gc] GC(1390) Pause Young (Allocation Failure) 460M->310M(504M) 9,033ms
[2020-11-04T20:40:14.954+0300][88,877s][info][gc] GC(1391) Pause Young (Allocation Failure) 465M->315M(504M) 8,857ms
[2020-11-04T20:40:15.015+0300][88,938s][info][gc] GC(1392) Pause Young (Allocation Failure) 470M->319M(505M) 8,876ms
[2020-11-04T20:40:15.076+0300][89,000s][info][gc] GC(1393) Pause Young (Allocation Failure) 475M->324M(504M) 8,664ms
[2020-11-04T20:40:15.137+0300][89,061s][info][gc] GC(1394) Pause Young (Allocation Failure) 480M->329M(505M) 8,729ms
[2020-11-04T20:40:15.199+0300][89,122s][info][gc] GC(1395) Pause Young (Allocation Failure) 485M->333M(505M) 8,751ms
[2020-11-04T20:40:15.260+0300][89,184s][info][gc] GC(1396) Pause Young (Allocation Failure) 490M->338M(505M) 8,951ms
[2020-11-04T20:40:15.322+0300][89,245s][info][gc] GC(1397) Pause Young (Allocation Failure) 496M->343M(505M) 8,832ms
[2020-11-04T20:40:15.560+0300][89,484s][info][gc] GC(1398) Pause Full (Ergonomics) 343M->239M(505M) 238,329ms
[2020-11-04T20:40:15.621+0300][89,545s][info][gc] GC(1399) Pause Young (Allocation Failure) 396M->243M(505M) 4,781ms
[2020-11-04T20:40:15.683+0300][89,606s][info][gc] GC(1400) Pause Young (Allocation Failure) 401M->248M(502M) 8,342ms
[2020-11-04T20:40:15.744+0300][89,668s][info][gc] GC(1401) Pause Young (Allocation Failure) 402M->253M(504M) 9,480ms
[2020-11-04T20:40:15.816+0300][89,740s][info][gc] GC(1402) Pause Young (Allocation Failure) 407M->261M(498M) 8,125ms
[2020-11-04T20:40:15.873+0300][89,796s][info][gc] GC(1403) Pause Young (Allocation Failure) 410M->265M(501M) 6,095ms
[2020-11-04T20:40:15.931+0300][89,855s][info][gc] GC(1404) Pause Young (Allocation Failure) 415M->270M(500M) 7,814ms
[2020-11-04T20:40:15.992+0300][89,916s][info][gc] GC(1405) Pause Young (Allocation Failure) 418M->274M(501M) 10,899ms
[2020-11-04T20:40:16.055+0300][89,979s][info][gc] GC(1406) Pause Young (Allocation Failure) 423M->279M(498M) 12,610ms
[2020-11-04T20:40:16.114+0300][90,037s][info][gc] GC(1407) Pause Young (Allocation Failure) 424M->283M(499M) 9,299ms
[2020-11-04T20:40:16.171+0300][90,094s][info][gc] GC(1408) Pause Young (Allocation Failure) 428M->287M(500M) 7,663ms
[2020-11-04T20:40:16.228+0300][90,151s][info][gc] GC(1409) Pause Young (Allocation Failure) 433M->292M(499M) 7,612ms
[2020-11-04T20:40:16.285+0300][90,209s][info][gc] GC(1410) Pause Young (Allocation Failure) 438M->296M(500M) 7,672ms
[2020-11-04T20:40:16.343+0300][90,266s][info][gc] GC(1411) Pause Young (Allocation Failure) 443M->300M(500M) 7,693ms
[2020-11-04T20:40:16.400+0300][90,324s][info][gc] GC(1412) Pause Young (Allocation Failure) 447M->305M(501M) 7,818ms
[2020-11-04T20:40:16.459+0300][90,383s][info][gc] GC(1413) Pause Young (Allocation Failure) 453M->309M(500M) 7,784ms
[2020-11-04T20:40:16.519+0300][90,443s][info][gc] GC(1414) Pause Young (Allocation Failure) 457M->313M(501M) 7,865ms
[2020-11-04T20:40:16.578+0300][90,501s][info][gc] GC(1415) Pause Young (Allocation Failure) 462M->318M(501M) 8,043ms
[2020-11-04T20:40:16.637+0300][90,560s][info][gc] GC(1416) Pause Young (Allocation Failure) 467M->322M(502M) 8,048ms
[2020-11-04T20:40:16.697+0300][90,620s][info][gc] GC(1417) Pause Young (Allocation Failure) 473M->327M(502M) 8,102ms
[2020-11-04T20:40:16.756+0300][90,679s][info][gc] GC(1418) Pause Young (Allocation Failure) 477M->331M(502M) 8,055ms
[2020-11-04T20:40:16.815+0300][90,739s][info][gc] GC(1419) Pause Young (Allocation Failure) 483M->336M(502M) 8,171ms
[2020-11-04T20:40:16.875+0300][90,798s][info][gc] GC(1420) Pause Young (Allocation Failure) 487M->340M(503M) 8,384ms
[2020-11-04T20:40:17.124+0300][91,047s][info][gc] GC(1421) Pause Full (Ergonomics) 340M->236M(503M) 248,638ms
[2020-11-04T20:40:17.184+0300][91,107s][info][gc] GC(1422) Pause Young (Allocation Failure) 389M->241M(503M) 4,796ms
[2020-11-04T20:40:17.243+0300][91,167s][info][gc] GC(1423) Pause Young (Allocation Failure) 394M->245M(503M) 8,118ms
[2020-11-04T20:40:17.306+0300][91,230s][info][gc] GC(1424) Pause Young (Allocation Failure) 399M->250M(501M) 11,095ms
[2020-11-04T20:40:17.366+0300][91,289s][info][gc] GC(1425) Pause Young (Allocation Failure) 401M->254M(502M) 8,258ms
[2020-11-04T20:40:17.435+0300][91,359s][info][gc] GC(1426) Pause Young (Allocation Failure) 403M->259M(503M) 9,808ms
[2020-11-04T20:40:17.492+0300][91,416s][info][gc] GC(1427) Pause Young (Allocation Failure) 411M->267M(502M) 6,359ms
[2020-11-04T20:40:17.551+0300][91,474s][info][gc] GC(1428) Pause Young (Allocation Failure) 419M->271M(497M) 6,614ms
[2020-11-04T20:40:17.609+0300][91,532s][info][gc] GC(1429) Pause Young (Allocation Failure) 418M->276M(500M) 7,336ms
[2020-11-04T20:40:17.669+0300][91,592s][info][gc] GC(1430) Pause Young (Allocation Failure) 422M->280M(499M) 8,085ms
[2020-11-04T20:40:17.729+0300][91,653s][info][gc] GC(1431) Pause Young (Allocation Failure) 427M->284M(500M) 11,213ms
[2020-11-04T20:40:17.792+0300][91,716s][info][gc] GC(1432) Pause Young (Allocation Failure) 431M->289M(497M) 13,892ms
[2020-11-04T20:40:17.852+0300][91,775s][info][gc] GC(1433) Pause Young (Allocation Failure) 432M->293M(498M) 10,549ms
[2020-11-04T20:40:17.908+0300][91,831s][info][gc] GC(1434) Pause Young (Allocation Failure) 437M->297M(498M) 7,961ms
[2020-11-04T20:40:17.965+0300][91,888s][info][gc] GC(1435) Pause Young (Allocation Failure) 441M->302M(498M) 8,114ms
[2020-11-04T20:40:18.022+0300][91,946s][info][gc] GC(1436) Pause Young (Allocation Failure) 445M->306M(499M) 8,160ms
[2020-11-04T20:40:18.079+0300][92,003s][info][gc] GC(1437) Pause Young (Allocation Failure) 451M->310M(499M) 8,141ms
[2020-11-04T20:40:18.136+0300][92,060s][info][gc] GC(1438) Pause Young (Allocation Failure) 455M->314M(500M) 8,183ms
[2020-11-04T20:40:18.194+0300][92,118s][info][gc] GC(1439) Pause Young (Allocation Failure) 460M->319M(499M) 8,697ms
[2020-11-04T20:40:18.252+0300][92,176s][info][gc] GC(1440) Pause Young (Allocation Failure) 465M->323M(500M) 8,732ms
[2020-11-04T20:40:18.311+0300][92,235s][info][gc] GC(1441) Pause Young (Allocation Failure) 471M->327M(500M) 9,260ms
[2020-11-04T20:40:18.370+0300][92,293s][info][gc] GC(1442) Pause Young (Allocation Failure) 475M->332M(501M) 8,678ms
[2020-11-04T20:40:18.428+0300][92,352s][info][gc] GC(1443) Pause Young (Allocation Failure) 481M->336M(501M) 8,506ms
[2020-11-04T20:40:18.487+0300][92,410s][info][gc] GC(1444) Pause Young (Allocation Failure) 485M->341M(502M) 8,537ms
[2020-11-04T20:40:18.719+0300][92,642s][info][gc] GC(1445) Pause Full (Ergonomics) 341M->237M(502M) 231,819ms
[2020-11-04T20:40:18.778+0300][92,701s][info][gc] GC(1446) Pause Young (Allocation Failure) 387M->241M(502M) 4,636ms
[2020-11-04T20:40:18.836+0300][92,760s][info][gc] GC(1447) Pause Young (Allocation Failure) 392M->246M(501M) 7,888ms
[2020-11-04T20:40:18.898+0300][92,822s][info][gc] GC(1448) Pause Young (Allocation Failure) 397M->250M(496M) 11,123ms
[2020-11-04T20:40:18.959+0300][92,882s][info][gc] GC(1449) Pause Young (Allocation Failure) 394M->254M(499M) 12,090ms
[2020-11-04T20:40:19.018+0300][92,941s][info][gc] GC(1450) Pause Young (Allocation Failure) 399M->259M(499M) 10,122ms
[2020-11-04T20:40:19.092+0300][93,016s][info][gc] GC(1451) Pause Young (Allocation Failure) 404M->267M(499M) 10,232ms
[2020-11-04T20:40:19.150+0300][93,073s][info][gc] GC(1452) Pause Young (Allocation Failure) 412M->271M(493M) 7,997ms
[2020-11-04T20:40:19.205+0300][93,128s][info][gc] GC(1453) Pause Young (Allocation Failure) 410M->275M(496M) 7,207ms
[2020-11-04T20:40:19.262+0300][93,186s][info][gc] GC(1454) Pause Young (Allocation Failure) 415M->279M(497M) 10,322ms
[2020-11-04T20:40:19.320+0300][93,243s][info][gc] GC(1455) Pause Young (Allocation Failure) 420M->283M(497M) 10,227ms
[2020-11-04T20:40:19.377+0300][93,301s][info][gc] GC(1456) Pause Young (Allocation Failure) 424M->288M(498M) 10,223ms
[2020-11-04T20:40:19.434+0300][93,358s][info][gc] GC(1457) Pause Young (Allocation Failure) 430M->292M(498M) 7,309ms
[2020-11-04T20:40:19.490+0300][93,413s][info][gc] GC(1458) Pause Young (Allocation Failure) 434M->296M(498M) 7,374ms
[2020-11-04T20:40:19.546+0300][93,469s][info][gc] GC(1459) Pause Young (Allocation Failure) 439M->300M(498M) 7,439ms
[2020-11-04T20:40:19.601+0300][93,525s][info][gc] GC(1460) Pause Young (Allocation Failure) 443M->305M(498M) 7,419ms
[2020-11-04T20:40:19.657+0300][93,580s][info][gc] GC(1461) Pause Young (Allocation Failure) 448M->309M(498M) 7,543ms
[2020-11-04T20:40:19.713+0300][93,636s][info][gc] GC(1462) Pause Young (Allocation Failure) 452M->313M(499M) 7,520ms
[2020-11-04T20:40:19.769+0300][93,693s][info][gc] GC(1463) Pause Young (Allocation Failure) 458M->317M(499M) 7,684ms
[2020-11-04T20:40:19.826+0300][93,749s][info][gc] GC(1464) Pause Young (Allocation Failure) 462M->322M(500M) 7,600ms
[2020-11-04T20:40:19.883+0300][93,806s][info][gc] GC(1465) Pause Young (Allocation Failure) 468M->326M(499M) 7,813ms
[2020-11-04T20:40:19.940+0300][93,863s][info][gc] GC(1466) Pause Young (Allocation Failure) 472M->330M(501M) 7,731ms
[2020-11-04T20:40:19.997+0300][93,921s][info][gc] GC(1467) Pause Young (Allocation Failure) 478M->335M(500M) 7,754ms
[2020-11-04T20:40:20.055+0300][93,979s][info][gc] GC(1468) Pause Young (Allocation Failure) 483M->339M(501M) 7,889ms
[2020-11-04T20:40:20.113+0300][94,037s][info][gc] GC(1469) Pause Young (Allocation Failure) 488M->344M(501M) 7,954ms
[2020-11-04T20:40:20.359+0300][94,282s][info][gc] GC(1470) Pause Full (Ergonomics) 344M->239M(502M) 245,708ms
[2020-11-04T20:40:20.418+0300][94,341s][info][gc] GC(1471) Pause Young (Allocation Failure) 390M->244M(502M) 4,643ms
[2020-11-04T20:40:20.476+0300][94,400s][info][gc] GC(1472) Pause Young (Allocation Failure) 395M->248M(500M) 7,990ms
[2020-11-04T20:40:20.538+0300][94,461s][info][gc] GC(1473) Pause Young (Allocation Failure) 398M->253M(501M) 11,101ms
[2020-11-04T20:40:20.600+0300][94,524s][info][gc] GC(1474) Pause Young (Allocation Failure) 402M->257M(497M) 12,418ms
[2020-11-04T20:40:20.659+0300][94,582s][info][gc] GC(1475) Pause Young (Allocation Failure) 403M->262M(496M) 9,169ms
[2020-11-04T20:40:20.730+0300][94,654s][info][gc] GC(1476) Pause Young (Allocation Failure) 407M->270M(496M) 10,298ms
[2020-11-04T20:40:20.785+0300][94,709s][info][gc] GC(1477) Pause Young (Allocation Failure) 411M->274M(495M) 7,752ms
[2020-11-04T20:40:20.840+0300][94,764s][info][gc] GC(1478) Pause Young (Allocation Failure) 415M->278M(497M) 7,291ms
[2020-11-04T20:40:20.900+0300][94,823s][info][gc] GC(1479) Pause Young (Allocation Failure) 418M->282M(496M) 10,145ms
[2020-11-04T20:40:20.957+0300][94,881s][info][gc] GC(1480) Pause Young (Allocation Failure) 422M->286M(498M) 10,100ms
[2020-11-04T20:40:21.015+0300][94,939s][info][gc] GC(1481) Pause Young (Allocation Failure) 428M->291M(497M) 10,174ms
[2020-11-04T20:40:21.073+0300][94,997s][info][gc] GC(1482) Pause Young (Allocation Failure) 433M->295M(498M) 10,230ms
[2020-11-04T20:40:21.128+0300][95,052s][info][gc] GC(1483) Pause Young (Allocation Failure) 437M->299M(498M) 7,355ms
[2020-11-04T20:40:21.184+0300][95,108s][info][gc] GC(1484) Pause Young (Allocation Failure) 442M->303M(498M) 7,393ms
[2020-11-04T20:40:21.240+0300][95,164s][info][gc] GC(1485) Pause Young (Allocation Failure) 446M->308M(498M) 7,390ms
[2020-11-04T20:40:21.296+0300][95,219s][info][gc] GC(1486) Pause Young (Allocation Failure) 451M->312M(499M) 7,463ms
[2020-11-04T20:40:21.352+0300][95,276s][info][gc] GC(1487) Pause Young (Allocation Failure) 456M->316M(498M) 7,481ms
[2020-11-04T20:40:21.408+0300][95,332s][info][gc] GC(1488) Pause Young (Allocation Failure) 460M->320M(499M) 7,580ms
[2020-11-04T20:40:21.465+0300][95,388s][info][gc] GC(1489) Pause Young (Allocation Failure) 465M->325M(499M) 7,554ms
[2020-11-04T20:40:21.521+0300][95,445s][info][gc] GC(1490) Pause Young (Allocation Failure) 470M->329M(500M) 7,751ms
[2020-11-04T20:40:21.579+0300][95,502s][info][gc] GC(1491) Pause Young (Allocation Failure) 476M->333M(500M) 7,725ms
[2020-11-04T20:40:21.636+0300][95,560s][info][gc] GC(1492) Pause Young (Allocation Failure) 480M->338M(501M) 7,917ms
[2020-11-04T20:40:21.695+0300][95,619s][info][gc] GC(1493) Pause Young (Allocation Failure) 486M->342M(500M) 7,756ms
[2020-11-04T20:40:21.941+0300][95,864s][info][gc] GC(1494) Pause Full (Ergonomics) 342M->238M(501M) 245,480ms
[2020-11-04T20:40:21.999+0300][95,922s][info][gc] GC(1495) Pause Young (Allocation Failure) 386M->242M(501M) 4,690ms
[2020-11-04T20:40:22.057+0300][95,980s][info][gc] GC(1496) Pause Young (Allocation Failure) 391M->247M(500M) 7,849ms
[2020-11-04T20:40:22.118+0300][96,042s][info][gc] GC(1497) Pause Young (Allocation Failure) 395M->251M(501M) 10,978ms
[2020-11-04T20:40:22.181+0300][96,104s][info][gc] GC(1498) Pause Young (Allocation Failure) 400M->256M(497M) 12,573ms
[2020-11-04T20:40:22.239+0300][96,163s][info][gc] GC(1499) Pause Young (Allocation Failure) 400M->260M(499M) 9,335ms
[2020-11-04T20:40:22.299+0300][96,222s][info][gc] GC(1500) Pause Young (Allocation Failure) 404M->264M(499M) 10,787ms
[2020-11-04T20:40:22.370+0300][96,293s][info][gc] GC(1501) Pause Young (Allocation Failure) 409M->272M(498M) 10,123ms
[2020-11-04T20:40:22.426+0300][96,349s][info][gc] GC(1502) Pause Young (Allocation Failure) 417M->276M(493M) 7,333ms
[2020-11-04T20:40:22.479+0300][96,403s][info][gc] GC(1503) Pause Young (Allocation Failure) 415M->281M(496M) 6,970ms
[2020-11-04T20:40:22.536+0300][96,460s][info][gc] GC(1504) Pause Young (Allocation Failure) 419M->285M(497M) 10,349ms
[2020-11-04T20:40:22.594+0300][96,518s][info][gc] GC(1505) Pause Young (Allocation Failure) 426M->289M(497M) 10,307ms
[2020-11-04T20:40:22.652+0300][96,576s][info][gc] GC(1506) Pause Young (Allocation Failure) 430M->293M(498M) 10,314ms
[2020-11-04T20:40:22.711+0300][96,634s][info][gc] GC(1507) Pause Young (Allocation Failure) 436M->297M(498M) 10,360ms
[2020-11-04T20:40:22.767+0300][96,691s][info][gc] GC(1508) Pause Young (Allocation Failure) 440M->302M(498M) 7,576ms
[2020-11-04T20:40:22.822+0300][96,746s][info][gc] GC(1509) Pause Young (Allocation Failure) 444M->306M(498M) 7,490ms
[2020-11-04T20:40:22.878+0300][96,802s][info][gc] GC(1510) Pause Young (Allocation Failure) 448M->310M(498M) 7,482ms
[2020-11-04T20:40:22.934+0300][96,857s][info][gc] GC(1511) Pause Young (Allocation Failure) 454M->314M(498M) 7,466ms
[2020-11-04T20:40:22.990+0300][96,913s][info][gc] GC(1512) Pause Young (Allocation Failure) 458M->319M(499M) 7,516ms
[2020-11-04T20:40:23.046+0300][96,969s][info][gc] GC(1513) Pause Young (Allocation Failure) 463M->323M(498M) 7,559ms
[2020-11-04T20:40:23.102+0300][97,025s][info][gc] GC(1514) Pause Young (Allocation Failure) 467M->327M(499M) 7,647ms
[2020-11-04T20:40:23.158+0300][97,082s][info][gc] GC(1515) Pause Young (Allocation Failure) 473M->331M(499M) 7,779ms
[2020-11-04T20:40:23.215+0300][97,139s][info][gc] GC(1516) Pause Young (Allocation Failure) 477M->336M(500M) 7,823ms
[2020-11-04T20:40:23.272+0300][97,196s][info][gc] GC(1517) Pause Young (Allocation Failure) 483M->340M(500M) 7,850ms
[2020-11-04T20:40:23.518+0300][97,442s][info][gc] GC(1518) Pause Full (Ergonomics) 340M->236M(500M) 245,794ms
[2020-11-04T20:40:23.578+0300][97,502s][info][gc] GC(1519) Pause Young (Allocation Failure) 384M->241M(500M) 4,703ms
[2020-11-04T20:40:23.636+0300][97,559s][info][gc] GC(1520) Pause Young (Allocation Failure) 388M->245M(500M) 7,664ms
[2020-11-04T20:40:23.696+0300][97,620s][info][gc] GC(1521) Pause Young (Allocation Failure) 392M->249M(500M) 10,845ms
[2020-11-04T20:40:23.759+0300][97,682s][info][gc] GC(1522) Pause Young (Allocation Failure) 397M->254M(496M) 13,051ms
[2020-11-04T20:40:23.817+0300][97,740s][info][gc] GC(1523) Pause Young (Allocation Failure) 397M->258M(498M) 9,693ms
[2020-11-04T20:40:23.876+0300][97,799s][info][gc] GC(1524) Pause Young (Allocation Failure) 401M->262M(498M) 10,669ms
[2020-11-04T20:40:23.935+0300][97,858s][info][gc] GC(1525) Pause Young (Allocation Failure) 406M->266M(498M) 10,566ms
[2020-11-04T20:40:24.004+0300][97,928s][info][gc] GC(1526) Pause Young (Allocation Failure) 410M->274M(499M) 10,284ms
[2020-11-04T20:40:24.059+0300][97,982s][info][gc] GC(1527) Pause Young (Allocation Failure) 418M->279M(498M) 5,894ms
[2020-11-04T20:40:24.115+0300][98,039s][info][gc] GC(1528) Pause Young (Allocation Failure) 423M->283M(499M) 7,457ms
[2020-11-04T20:40:24.171+0300][98,095s][info][gc] GC(1529) Pause Young (Allocation Failure) 428M->287M(499M) 7,402ms
[2020-11-04T20:40:24.228+0300][98,152s][info][gc] GC(1530) Pause Young (Allocation Failure) 432M->292M(499M) 7,542ms
[2020-11-04T20:40:24.285+0300][98,208s][info][gc] GC(1531) Pause Young (Allocation Failure) 437M->296M(499M) 7,546ms
[2020-11-04T20:40:24.341+0300][98,265s][info][gc] GC(1532) Pause Young (Allocation Failure) 441M->300M(500M) 7,613ms
[2020-11-04T20:40:24.398+0300][98,322s][info][gc] GC(1533) Pause Young (Allocation Failure) 447M->305M(500M) 7,662ms
[2020-11-04T20:40:24.456+0300][98,379s][info][gc] GC(1534) Pause Young (Allocation Failure) 451M->309M(499M) 7,739ms
[2020-11-04T20:40:24.516+0300][98,440s][info][gc] GC(1535) Pause Young (Allocation Failure) 455M->313M(500M) 10,838ms
[2020-11-04T20:40:24.579+0300][98,503s][info][gc] GC(1536) Pause Young (Allocation Failure) 460M->318M(496M) 13,322ms
[2020-11-04T20:40:24.638+0300][98,561s][info][gc] GC(1537) Pause Young (Allocation Failure) 460M->322M(498M) 10,142ms
[2020-11-04T20:40:24.697+0300][98,620s][info][gc] GC(1538) Pause Young (Allocation Failure) 464M->326M(498M) 10,830ms
[2020-11-04T20:40:24.753+0300][98,677s][info][gc] GC(1539) Pause Young (Allocation Failure) 469M->330M(498M) 7,762ms
[2020-11-04T20:40:24.809+0300][98,733s][info][gc] GC(1540) Pause Young (Allocation Failure) 473M->335M(499M) 7,742ms
[2020-11-04T20:40:24.867+0300][98,791s][info][gc] GC(1541) Pause Young (Allocation Failure) 479M->339M(498M) 7,898ms
[2020-11-04T20:40:25.111+0300][99,034s][info][gc] GC(1542) Pause Full (Ergonomics) 339M->235M(499M) 243,338ms
[2020-11-04T20:40:25.169+0300][99,093s][info][gc] GC(1543) Pause Young (Allocation Failure) 380M->239M(499M) 4,412ms
[2020-11-04T20:40:25.226+0300][99,149s][info][gc] GC(1544) Pause Young (Allocation Failure) 385M->243M(498M) 7,648ms
[2020-11-04T20:40:25.285+0300][99,208s][info][gc] GC(1545) Pause Young (Allocation Failure) 388M->248M(499M) 10,621ms
[2020-11-04T20:40:25.347+0300][99,271s][info][gc] GC(1546) Pause Young (Allocation Failure) 392M->252M(490M) 13,758ms
[2020-11-04T20:40:25.406+0300][99,330s][info][gc] GC(1547) Pause Young (Allocation Failure) 387M->256M(494M) 13,605ms
[2020-11-04T20:40:25.463+0300][99,386s][info][gc] GC(1548) Pause Young (Allocation Failure) 391M->260M(496M) 10,418ms
[2020-11-04T20:40:25.519+0300][99,443s][info][gc] GC(1549) Pause Young (Allocation Failure) 397M->264M(495M) 10,185ms
[2020-11-04T20:40:25.574+0300][99,498s][info][gc] GC(1550) Pause Young (Allocation Failure) 401M->268M(496M) 7,556ms
[2020-11-04T20:40:25.640+0300][99,564s][info][gc] GC(1551) Pause Young (Allocation Failure) 407M->276M(496M) 7,451ms
[2020-11-04T20:40:25.693+0300][99,616s][info][gc] GC(1552) Pause Young (Allocation Failure) 414M->280M(497M) 6,051ms
[2020-11-04T20:40:25.747+0300][99,671s][info][gc] GC(1553) Pause Young (Allocation Failure) 421M->284M(497M) 7,223ms
[2020-11-04T20:40:25.802+0300][99,726s][info][gc] GC(1554) Pause Young (Allocation Failure) 425M->288M(497M) 7,320ms
[2020-11-04T20:40:25.857+0300][99,781s][info][gc] GC(1555) Pause Young (Allocation Failure) 430M->293M(497M) 7,230ms
[2020-11-04T20:40:25.912+0300][99,836s][info][gc] GC(1556) Pause Young (Allocation Failure) 434M->297M(498M) 7,317ms
[2020-11-04T20:40:25.968+0300][99,892s][info][gc] GC(1557) Pause Young (Allocation Failure) 440M->301M(498M) 7,403ms
[2020-11-04T20:40:26.027+0300][99,950s][info][gc] GC(1558) Pause Young (Allocation Failure) 444M->305M(494M) 10,468ms
[2020-11-04T20:40:26.087+0300][100,011s][info][gc] GC(1559) Pause Young (Allocation Failure) 445M->309M(494M) 13,504ms
[2020-11-04T20:40:26.148+0300][100,072s][info][gc] GC(1560) Pause Young (Allocation Failure) 449M->313M(493M) 13,435ms
[2020-11-04T20:40:26.207+0300][100,131s][info][gc] GC(1561) Pause Young (Allocation Failure) 449M->317M(494M) 13,284ms
[2020-11-04T20:40:26.264+0300][100,187s][info][gc] GC(1562) Pause Young (Allocation Failure) 453M->322M(495M) 10,282ms
[2020-11-04T20:40:26.317+0300][100,241s][info][gc] GC(1563) Pause Young (Allocation Failure) 459M->326M(495M) 7,460ms
[2020-11-04T20:40:26.372+0300][100,295s][info][gc] GC(1564) Pause Young (Allocation Failure) 463M->330M(496M) 7,404ms
[2020-11-04T20:40:26.426+0300][100,350s][info][gc] GC(1565) Pause Young (Allocation Failure) 468M->334M(495M) 7,403ms
[2020-11-04T20:40:26.481+0300][100,405s][info][gc] GC(1566) Pause Young (Allocation Failure) 472M->338M(497M) 7,697ms
[2020-11-04T20:40:26.712+0300][100,636s][info][gc] GC(1567) Pause Full (Ergonomics) 338M->234M(496M) 231,230ms
[2020-11-04T20:40:26.769+0300][100,692s][info][gc] GC(1568) Pause Young (Allocation Failure) 374M->238M(497M) 4,532ms
[2020-11-04T20:40:26.823+0300][100,747s][info][gc] GC(1569) Pause Young (Allocation Failure) 379M->242M(497M) 7,369ms
[2020-11-04T20:40:26.881+0300][100,805s][info][gc] GC(1570) Pause Young (Allocation Failure) 383M->246M(494M) 10,403ms
[2020-11-04T20:40:26.941+0300][100,865s][info][gc] GC(1571) Pause Young (Allocation Failure) 385M->251M(492M) 13,326ms
[2020-11-04T20:40:27.001+0300][100,925s][info][gc] GC(1572) Pause Young (Allocation Failure) 389M->255M(493M) 13,368ms
[2020-11-04T20:40:27.060+0300][100,983s][info][gc] GC(1573) Pause Young (Allocation Failure) 389M->259M(494M) 13,227ms
[2020-11-04T20:40:27.115+0300][101,039s][info][gc] GC(1574) Pause Young (Allocation Failure) 393M->263M(495M) 10,143ms
[2020-11-04T20:40:27.169+0300][101,092s][info][gc] GC(1575) Pause Young (Allocation Failure) 399M->267M(495M) 7,415ms
[2020-11-04T20:40:27.222+0300][101,146s][info][gc] GC(1576) Pause Young (Allocation Failure) 403M->271M(495M) 7,496ms
[2020-11-04T20:40:27.287+0300][101,211s][info][gc] GC(1577) Pause Young (Allocation Failure) 408M->279M(495M) 7,224ms
[2020-11-04T20:40:27.341+0300][101,264s][info][gc] GC(1578) Pause Young (Allocation Failure) 416M->283M(496M) 6,033ms
[2020-11-04T20:40:27.395+0300][101,318s][info][gc] GC(1579) Pause Young (Allocation Failure) 422M->287M(496M) 7,071ms
[2020-11-04T20:40:27.449+0300][101,372s][info][gc] GC(1580) Pause Young (Allocation Failure) 426M->291M(497M) 7,150ms
[2020-11-04T20:40:27.504+0300][101,428s][info][gc] GC(1581) Pause Young (Allocation Failure) 432M->295M(497M) 7,277ms
[2020-11-04T20:40:27.560+0300][101,483s][info][gc] GC(1582) Pause Young (Allocation Failure) 436M->299M(498M) 7,269ms
[2020-11-04T20:40:27.615+0300][101,539s][info][gc] GC(1583) Pause Young (Allocation Failure) 442M->303M(498M) 7,355ms
[2020-11-04T20:40:27.674+0300][101,597s][info][gc] GC(1584) Pause Young (Allocation Failure) 446M->308M(495M) 10,413ms
[2020-11-04T20:40:27.734+0300][101,657s][info][gc] GC(1585) Pause Young (Allocation Failure) 447M->312M(494M) 13,250ms
[2020-11-04T20:40:27.794+0300][101,718s][info][gc] GC(1586) Pause Young (Allocation Failure) 451M->316M(493M) 13,381ms
[2020-11-04T20:40:27.853+0300][101,776s][info][gc] GC(1587) Pause Young (Allocation Failure) 450M->320M(494M) 13,229ms
[2020-11-04T20:40:27.908+0300][101,832s][info][gc] GC(1588) Pause Young (Allocation Failure) 454M->324M(495M) 10,134ms
[2020-11-04T20:40:27.962+0300][101,885s][info][gc] GC(1589) Pause Young (Allocation Failure) 461M->328M(495M) 7,301ms
[2020-11-04T20:40:28.016+0300][101,940s][info][gc] GC(1590) Pause Young (Allocation Failure) 465M->332M(496M) 7,572ms
[2020-11-04T20:40:28.071+0300][101,995s][info][gc] GC(1591) Pause Young (Allocation Failure) 470M->336M(495M) 7,552ms
[2020-11-04T20:40:28.125+0300][102,049s][info][gc] GC(1592) Pause Young (Allocation Failure) 474M->340M(497M) 7,510ms
[2020-11-04T20:40:28.361+0300][102,285s][info][gc] GC(1593) Pause Full (Ergonomics) 340M->236M(496M) 235,987ms
[2020-11-04T20:40:28.416+0300][102,340s][info][gc] GC(1594) Pause Young (Allocation Failure) 376M->241M(497M) 4,406ms
[2020-11-04T20:40:28.471+0300][102,395s][info][gc] GC(1595) Pause Young (Allocation Failure) 382M->245M(497M) 7,454ms
[2020-11-04T20:40:28.529+0300][102,453s][info][gc] GC(1596) Pause Young (Allocation Failure) 386M->249M(494M) 10,448ms
[2020-11-04T20:40:28.589+0300][102,513s][info][gc] GC(1597) Pause Young (Allocation Failure) 387M->253M(492M) 13,199ms
[2020-11-04T20:40:28.649+0300][102,573s][info][gc] GC(1598) Pause Young (Allocation Failure) 391M->257M(493M) 13,213ms
[2020-11-04T20:40:28.707+0300][102,631s][info][gc] GC(1599) Pause Young (Allocation Failure) 392M->261M(494M) 13,309ms
[2020-11-04T20:40:28.763+0300][102,687s][info][gc] GC(1600) Pause Young (Allocation Failure) 396M->265M(495M) 10,113ms
[2020-11-04T20:40:28.816+0300][102,740s][info][gc] GC(1601) Pause Young (Allocation Failure) 402M->269M(495M) 7,614ms
[2020-11-04T20:40:28.871+0300][102,795s][info][gc] GC(1602) Pause Young (Allocation Failure) 406M->273M(495M) 7,303ms
[2020-11-04T20:40:28.936+0300][102,860s][info][gc] GC(1603) Pause Young (Allocation Failure) 411M->281M(495M) 7,534ms
[2020-11-04T20:40:28.989+0300][102,912s][info][gc] GC(1604) Pause Young (Allocation Failure) 419M->285M(496M) 6,032ms
[2020-11-04T20:40:29.043+0300][102,967s][info][gc] GC(1605) Pause Young (Allocation Failure) 424M->289M(496M) 7,123ms
[2020-11-04T20:40:29.098+0300][103,022s][info][gc] GC(1606) Pause Young (Allocation Failure) 429M->293M(497M) 7,317ms
[2020-11-04T20:40:29.154+0300][103,078s][info][gc] GC(1607) Pause Young (Allocation Failure) 434M->297M(497M) 7,329ms
[2020-11-04T20:40:29.211+0300][103,135s][info][gc] GC(1608) Pause Young (Allocation Failure) 438M->302M(498M) 7,325ms
[2020-11-04T20:40:29.267+0300][103,191s][info][gc] GC(1609) Pause Young (Allocation Failure) 445M->306M(498M) 7,387ms
[2020-11-04T20:40:29.325+0300][103,249s][info][gc] GC(1610) Pause Young (Allocation Failure) 449M->310M(495M) 10,476ms
[2020-11-04T20:40:29.386+0300][103,310s][info][gc] GC(1611) Pause Young (Allocation Failure) 450M->314M(494M) 13,473ms
[2020-11-04T20:40:29.446+0300][103,370s][info][gc] GC(1612) Pause Young (Allocation Failure) 454M->318M(495M) 13,334ms
[2020-11-04T20:40:29.503+0300][103,426s][info][gc] GC(1613) Pause Young (Allocation Failure) 455M->323M(495M) 10,280ms
[2020-11-04T20:40:29.557+0300][103,480s][info][gc] GC(1614) Pause Young (Allocation Failure) 460M->327M(496M) 7,552ms
[2020-11-04T20:40:29.611+0300][103,535s][info][gc] GC(1615) Pause Young (Allocation Failure) 466M->331M(496M) 7,588ms
[2020-11-04T20:40:29.665+0300][103,589s][info][gc] GC(1616) Pause Young (Allocation Failure) 470M->335M(497M) 7,554ms
[2020-11-04T20:40:29.720+0300][103,643s][info][gc] GC(1617) Pause Young (Allocation Failure) 475M->339M(497M) 7,503ms
[2020-11-04T20:40:29.965+0300][103,888s][info][gc] GC(1618) Pause Full (Ergonomics) 339M->235M(497M) 244,777ms
[2020-11-04T20:40:30.022+0300][103,945s][info][gc] GC(1619) Pause Young (Allocation Failure) 376M->239M(497M) 4,449ms
[2020-11-04T20:40:30.077+0300][104,001s][info][gc] GC(1620) Pause Young (Allocation Failure) 381M->243M(498M) 7,598ms
[2020-11-04T20:40:30.136+0300][104,059s][info][gc] GC(1621) Pause Young (Allocation Failure) 386M->248M(497M) 10,444ms
[2020-11-04T20:40:30.197+0300][104,121s][info][gc] GC(1622) Pause Young (Allocation Failure) 390M->252M(493M) 13,488ms
[2020-11-04T20:40:30.257+0300][104,180s][info][gc] GC(1623) Pause Young (Allocation Failure) 388M->256M(490M) 13,247ms
[2020-11-04T20:40:30.316+0300][104,240s][info][gc] GC(1624) Pause Young (Allocation Failure) 392M->260M(495M) 13,385ms
[2020-11-04T20:40:30.372+0300][104,296s][info][gc] GC(1625) Pause Young (Allocation Failure) 395M->264M(494M) 10,054ms
[2020-11-04T20:40:30.425+0300][104,348s][info][gc] GC(1626) Pause Young (Allocation Failure) 399M->268M(495M) 7,236ms
[2020-11-04T20:40:30.480+0300][104,404s][info][gc] GC(1627) Pause Young (Allocation Failure) 405M->272M(495M) 7,282ms
[2020-11-04T20:40:30.535+0300][104,459s][info][gc] GC(1628) Pause Young (Allocation Failure) 409M->276M(496M) 7,293ms
[2020-11-04T20:40:30.602+0300][104,525s][info][gc] GC(1629) Pause Young (Allocation Failure) 415M->284M(496M) 7,117ms
[2020-11-04T20:40:30.654+0300][104,578s][info][gc] GC(1630) Pause Young (Allocation Failure) 423M->288M(497M) 5,956ms
[2020-11-04T20:40:30.709+0300][104,632s][info][gc] GC(1631) Pause Young (Allocation Failure) 429M->292M(497M) 7,168ms
[2020-11-04T20:40:30.768+0300][104,691s][info][gc] GC(1632) Pause Young (Allocation Failure) 433M->296M(494M) 10,255ms
[2020-11-04T20:40:30.827+0300][104,751s][info][gc] GC(1633) Pause Young (Allocation Failure) 435M->300M(492M) 13,239ms
[2020-11-04T20:40:30.887+0300][104,811s][info][gc] GC(1634) Pause Young (Allocation Failure) 439M->304M(493M) 13,224ms
[2020-11-04T20:40:30.945+0300][104,869s][info][gc] GC(1635) Pause Young (Allocation Failure) 439M->308M(494M) 13,166ms
[2020-11-04T20:40:31.001+0300][104,924s][info][gc] GC(1636) Pause Young (Allocation Failure) 443M->313M(495M) 10,039ms
[2020-11-04T20:40:31.053+0300][104,977s][info][gc] GC(1637) Pause Young (Allocation Failure) 449M->317M(495M) 7,132ms
[2020-11-04T20:40:31.106+0300][105,030s][info][gc] GC(1638) Pause Young (Allocation Failure) 453M->321M(495M) 7,223ms
[2020-11-04T20:40:31.160+0300][105,084s][info][gc] GC(1639) Pause Young (Allocation Failure) 458M->325M(495M) 7,412ms
[2020-11-04T20:40:31.214+0300][105,137s][info][gc] GC(1640) Pause Young (Allocation Failure) 462M->329M(496M) 7,230ms
[2020-11-04T20:40:31.268+0300][105,192s][info][gc] GC(1641) Pause Young (Allocation Failure) 468M->333M(496M) 7,317ms
[2020-11-04T20:40:31.323+0300][105,247s][info][gc] GC(1642) Pause Young (Allocation Failure) 472M->337M(497M) 7,564ms
[2020-11-04T20:40:31.378+0300][105,302s][info][gc] GC(1643) Pause Young (Allocation Failure) 478M->341M(497M) 7,559ms
[2020-11-04T20:40:31.615+0300][105,539s][info][gc] GC(1644) Pause Full (Ergonomics) 341M->237M(498M) 237,215ms
[2020-11-04T20:40:31.671+0300][105,595s][info][gc] GC(1645) Pause Young (Allocation Failure) 380M->242M(498M) 4,423ms
[2020-11-04T20:40:31.729+0300][105,653s][info][gc] GC(1646) Pause Young (Allocation Failure) 384M->246M(497M) 7,392ms
[2020-11-04T20:40:31.787+0300][105,711s][info][gc] GC(1647) Pause Young (Allocation Failure) 388M->250M(497M) 10,415ms
[2020-11-04T20:40:31.849+0300][105,772s][info][gc] GC(1648) Pause Young (Allocation Failure) 392M->254M(490M) 13,494ms
[2020-11-04T20:40:31.909+0300][105,832s][info][gc] GC(1649) Pause Young (Allocation Failure) 388M->258M(493M) 15,249ms
[2020-11-04T20:40:31.965+0300][105,889s][info][gc] GC(1650) Pause Young (Allocation Failure) 392M->262M(494M) 11,845ms
[2020-11-04T20:40:32.021+0300][105,944s][info][gc] GC(1651) Pause Young (Allocation Failure) 397M->266M(493M) 9,947ms
[2020-11-04T20:40:32.073+0300][105,997s][info][gc] GC(1652) Pause Young (Allocation Failure) 401M->270M(495M) 7,234ms
[2020-11-04T20:40:32.127+0300][106,050s][info][gc] GC(1653) Pause Young (Allocation Failure) 407M->274M(495M) 7,416ms
[2020-11-04T20:40:32.180+0300][106,104s][info][gc] GC(1654) Pause Young (Allocation Failure) 411M->278M(496M) 7,442ms
[2020-11-04T20:40:32.247+0300][106,171s][info][gc] GC(1655) Pause Young (Allocation Failure) 416M->286M(495M) 7,537ms
[2020-11-04T20:40:32.300+0300][106,223s][info][gc] GC(1656) Pause Young (Allocation Failure) 424M->290M(497M) 5,910ms
[2020-11-04T20:40:32.354+0300][106,278s][info][gc] GC(1657) Pause Young (Allocation Failure) 430M->294M(496M) 7,119ms
[2020-11-04T20:40:32.410+0300][106,333s][info][gc] GC(1658) Pause Young (Allocation Failure) 434M->298M(498M) 7,110ms
[2020-11-04T20:40:32.465+0300][106,388s][info][gc] GC(1659) Pause Young (Allocation Failure) 440M->303M(497M) 7,197ms
[2020-11-04T20:40:32.526+0300][106,449s][info][gc] GC(1660) Pause Young (Allocation Failure) 445M->307M(494M) 13,011ms
[2020-11-04T20:40:32.590+0300][106,514s][info][gc] GC(1661) Pause Young (Allocation Failure) 445M->311M(493M) 13,135ms
[2020-11-04T20:40:32.650+0300][106,574s][info][gc] GC(1662) Pause Young (Allocation Failure) 449M->315M(495M) 13,122ms
[2020-11-04T20:40:32.706+0300][106,630s][info][gc] GC(1663) Pause Young (Allocation Failure) 452M->319M(495M) 10,014ms
[2020-11-04T20:40:32.760+0300][106,684s][info][gc] GC(1664) Pause Young (Allocation Failure) 456M->323M(496M) 7,304ms
[2020-11-04T20:40:32.814+0300][106,738s][info][gc] GC(1665) Pause Young (Allocation Failure) 462M->327M(496M) 7,159ms
[2020-11-04T20:40:32.868+0300][106,792s][info][gc] GC(1666) Pause Young (Allocation Failure) 466M->331M(497M) 7,249ms
[2020-11-04T20:40:32.923+0300][106,847s][info][gc] GC(1667) Pause Young (Allocation Failure) 471M->336M(496M) 7,355ms
[2020-11-04T20:40:32.978+0300][106,902s][info][gc] GC(1668) Pause Young (Allocation Failure) 476M->340M(498M) 7,314ms
[2020-11-04T20:40:33.212+0300][107,135s][info][gc] GC(1669) Pause Full (Ergonomics) 340M->236M(497M) 233,551ms
[2020-11-04T20:40:33.268+0300][107,192s][info][gc] GC(1670) Pause Young (Allocation Failure) 378M->240M(498M) 4,392ms
[2020-11-04T20:40:33.324+0300][107,248s][info][gc] GC(1671) Pause Young (Allocation Failure) 383M->244M(498M) 7,376ms
[2020-11-04T20:40:33.383+0300][107,306s][info][gc] GC(1672) Pause Young (Allocation Failure) 387M->248M(495M) 10,493ms
[2020-11-04T20:40:33.444+0300][107,368s][info][gc] GC(1673) Pause Young (Allocation Failure) 388M->252M(496M) 13,266ms
[2020-11-04T20:40:33.508+0300][107,432s][info][gc] GC(1674) Pause Young (Allocation Failure) 392M->257M(490M) 17,241ms
[2020-11-04T20:40:33.594+0300][107,518s][info][gc] GC(1675) Pause Young (Allocation Failure) 390M->261M(493M) 15,092ms
[2020-11-04T20:40:33.678+0300][107,602s][info][gc] GC(1676) Pause Young (Allocation Failure) 394M->265M(494M) 12,503ms
[2020-11-04T20:40:33.740+0300][107,664s][info][gc] GC(1677) Pause Young (Allocation Failure) 400M->269M(494M) 9,021ms
[2020-11-04T20:40:33.802+0300][107,725s][info][gc] GC(1678) Pause Young (Allocation Failure) 404M->273M(495M) 9,179ms
[2020-11-04T20:40:33.876+0300][107,799s][info][gc] GC(1679) Pause Young (Allocation Failure) 410M->277M(495M) 8,612ms
[2020-11-04T20:40:33.937+0300][107,861s][info][gc] GC(1680) Pause Young (Allocation Failure) 414M->281M(496M) 8,256ms
[2020-11-04T20:40:34.007+0300][107,931s][info][gc] GC(1681) Pause Young (Allocation Failure) 420M->289M(496M) 7,553ms
[2020-11-04T20:40:34.066+0300][107,990s][info][gc] GC(1682) Pause Young (Allocation Failure) 428M->293M(497M) 6,041ms
[2020-11-04T20:40:34.121+0300][108,045s][info][gc] GC(1683) Pause Young (Allocation Failure) 433M->297M(496M) 7,102ms
[2020-11-04T20:40:34.180+0300][108,103s][info][gc] GC(1684) Pause Young (Allocation Failure) 437M->301M(495M) 10,117ms
[2020-11-04T20:40:34.240+0300][108,163s][info][gc] GC(1685) Pause Young (Allocation Failure) 439M->305M(492M) 13,205ms
[2020-11-04T20:40:34.299+0300][108,223s][info][gc] GC(1686) Pause Young (Allocation Failure) 444M->309M(493M) 13,276ms
[2020-11-04T20:40:34.358+0300][108,281s][info][gc] GC(1687) Pause Young (Allocation Failure) 444M->313M(494M) 13,063ms
[2020-11-04T20:40:34.413+0300][108,337s][info][gc] GC(1688) Pause Young (Allocation Failure) 448M->317M(495M) 10,059ms
[2020-11-04T20:40:34.467+0300][108,391s][info][gc] GC(1689) Pause Young (Allocation Failure) 454M->321M(495M) 7,217ms
[2020-11-04T20:40:34.520+0300][108,444s][info][gc] GC(1690) Pause Young (Allocation Failure) 458M->325M(495M) 7,215ms
[2020-11-04T20:40:34.574+0300][108,498s][info][gc] GC(1691) Pause Young (Allocation Failure) 463M->329M(495M) 7,294ms
[2020-11-04T20:40:34.628+0300][108,551s][info][gc] GC(1692) Pause Young (Allocation Failure) 467M->333M(496M) 7,204ms
[2020-11-04T20:40:34.682+0300][108,606s][info][gc] GC(1693) Pause Young (Allocation Failure) 472M->338M(496M) 7,336ms
[2020-11-04T20:40:34.915+0300][108,839s][info][gc] GC(1694) Pause Full (Ergonomics) 338M->234M(497M) 233,177ms
[2020-11-04T20:40:34.971+0300][108,894s][info][gc] GC(1695) Pause Young (Allocation Failure) 374M->238M(497M) 4,266ms
[2020-11-04T20:40:35.026+0300][108,949s][info][gc] GC(1696) Pause Young (Allocation Failure) 378M->242M(497M) 7,320ms
[2020-11-04T20:40:35.085+0300][109,008s][info][gc] GC(1697) Pause Young (Allocation Failure) 383M->246M(496M) 10,228ms
[2020-11-04T20:40:35.146+0300][109,069s][info][gc] GC(1698) Pause Young (Allocation Failure) 388M->250M(494M) 13,160ms
[2020-11-04T20:40:35.205+0300][109,128s][info][gc] GC(1699) Pause Young (Allocation Failure) 387M->254M(490M) 13,225ms
[2020-11-04T20:40:35.264+0300][109,188s][info][gc] GC(1700) Pause Young (Allocation Failure) 391M->258M(495M) 13,185ms
[2020-11-04T20:40:35.320+0300][109,244s][info][gc] GC(1701) Pause Young (Allocation Failure) 394M->262M(494M) 10,111ms
[2020-11-04T20:40:35.373+0300][109,297s][info][gc] GC(1702) Pause Young (Allocation Failure) 398M->266M(495M) 7,182ms
[2020-11-04T20:40:35.426+0300][109,350s][info][gc] GC(1703) Pause Young (Allocation Failure) 403M->271M(495M) 7,312ms
[2020-11-04T20:40:35.481+0300][109,404s][info][gc] GC(1704) Pause Young (Allocation Failure) 408M->275M(496M) 7,416ms
[2020-11-04T20:40:35.534+0300][109,458s][info][gc] GC(1705) Pause Young (Allocation Failure) 413M->279M(495M) 7,389ms
[2020-11-04T20:40:35.589+0300][109,512s][info][gc] GC(1706) Pause Young (Allocation Failure) 417M->283M(497M) 7,402ms
[2020-11-04T20:40:35.656+0300][109,579s][info][gc] GC(1707) Pause Young (Allocation Failure) 423M->291M(496M) 8,203ms
[2020-11-04T20:40:35.711+0300][109,635s][info][gc] GC(1708) Pause Young (Allocation Failure) 431M->295M(498M) 6,210ms
[2020-11-04T20:40:35.766+0300][109,690s][info][gc] GC(1709) Pause Young (Allocation Failure) 437M->299M(497M) 7,252ms
[2020-11-04T20:40:35.822+0300][109,745s][info][gc] GC(1710) Pause Young (Allocation Failure) 441M->303M(498M) 7,373ms
[2020-11-04T20:40:35.877+0300][109,801s][info][gc] GC(1711) Pause Young (Allocation Failure) 446M->308M(498M) 7,331ms
[2020-11-04T20:40:35.933+0300][109,857s][info][gc] GC(1712) Pause Young (Allocation Failure) 451M->312M(499M) 7,397ms
[2020-11-04T20:40:35.991+0300][109,914s][info][gc] GC(1713) Pause Young (Allocation Failure) 457M->316M(499M) 7,495ms
[2020-11-04T20:40:36.047+0300][109,970s][info][gc] GC(1714) Pause Young (Allocation Failure) 461M->320M(500M) 7,502ms
[2020-11-04T20:40:36.104+0300][110,028s][info][gc] GC(1715) Pause Young (Allocation Failure) 467M->325M(500M) 7,618ms
[2020-11-04T20:40:36.161+0300][110,085s][info][gc] GC(1716) Pause Young (Allocation Failure) 472M->329M(501M) 7,686ms
[2020-11-04T20:40:36.219+0300][110,143s][info][gc] GC(1717) Pause Young (Allocation Failure) 478M->334M(501M) 7,745ms
[2020-11-04T20:40:36.278+0300][110,202s][info][gc] GC(1718) Pause Young (Allocation Failure) 483M->338M(502M) 7,779ms
[2020-11-04T20:40:36.337+0300][110,261s][info][gc] GC(1719) Pause Young (Allocation Failure) 488M->342M(502M) 7,921ms
[2020-11-04T20:40:36.577+0300][110,500s][info][gc] GC(1720) Pause Full (Ergonomics) 342M->238M(502M) 239,259ms
[2020-11-04T20:40:36.635+0300][110,559s][info][gc] GC(1721) Pause Young (Allocation Failure) 390M->243M(502M) 4,501ms
[2020-11-04T20:40:36.696+0300][110,620s][info][gc] GC(1722) Pause Young (Allocation Failure) 394M->247M(501M) 7,686ms
[2020-11-04T20:40:36.758+0300][110,682s][info][gc] GC(1723) Pause Young (Allocation Failure) 398M->252M(502M) 10,870ms
[2020-11-04T20:40:36.820+0300][110,744s][info][gc] GC(1724) Pause Young (Allocation Failure) 402M->256M(498M) 11,631ms
[2020-11-04T20:40:36.878+0300][110,802s][info][gc] GC(1725) Pause Young (Allocation Failure) 403M->261M(497M) 8,559ms
[2020-11-04T20:40:36.939+0300][110,863s][info][gc] GC(1726) Pause Young (Allocation Failure) 407M->265M(498M) 10,676ms
[2020-11-04T20:40:36.999+0300][110,922s][info][gc] GC(1727) Pause Young (Allocation Failure) 409M->269M(499M) 10,816ms
[2020-11-04T20:40:37.058+0300][110,982s][info][gc] GC(1728) Pause Young (Allocation Failure) 414M->274M(499M) 10,689ms
[2020-11-04T20:40:37.118+0300][111,041s][info][gc] GC(1729) Pause Young (Allocation Failure) 418M->278M(499M) 10,651ms
[2020-11-04T20:40:37.174+0300][111,098s][info][gc] GC(1730) Pause Young (Allocation Failure) 422M->282M(499M) 7,675ms
[2020-11-04T20:40:37.231+0300][111,155s][info][gc] GC(1731) Pause Young (Allocation Failure) 427M->286M(499M) 7,923ms
[2020-11-04T20:40:37.300+0300][111,223s][info][gc] GC(1732) Pause Young (Allocation Failure) 431M->294M(499M) 7,092ms
[2020-11-04T20:40:37.356+0300][111,280s][info][gc] GC(1733) Pause Young (Allocation Failure) 440M->299M(499M) 6,367ms
[2020-11-04T20:40:37.414+0300][111,338s][info][gc] GC(1734) Pause Young (Allocation Failure) 444M->303M(500M) 7,566ms
[2020-11-04T20:40:37.471+0300][111,395s][info][gc] GC(1735) Pause Young (Allocation Failure) 449M->307M(499M) 7,638ms
[2020-11-04T20:40:37.528+0300][111,452s][info][gc] GC(1736) Pause Young (Allocation Failure) 453M->312M(500M) 7,848ms
[2020-11-04T20:40:37.586+0300][111,509s][info][gc] GC(1737) Pause Young (Allocation Failure) 459M->316M(500M) 7,901ms
[2020-11-04T20:40:37.643+0300][111,566s][info][gc] GC(1738) Pause Young (Allocation Failure) 463M->320M(501M) 7,688ms
[2020-11-04T20:40:37.700+0300][111,624s][info][gc] GC(1739) Pause Young (Allocation Failure) 469M->325M(501M) 7,720ms
[2020-11-04T20:40:37.758+0300][111,682s][info][gc] GC(1740) Pause Young (Allocation Failure) 473M->329M(502M) 7,777ms
[2020-11-04T20:40:37.816+0300][111,740s][info][gc] GC(1741) Pause Young (Allocation Failure) 479M->334M(501M) 7,804ms
[2020-11-04T20:40:37.877+0300][111,800s][info][gc] GC(1742) Pause Young (Allocation Failure) 484M->338M(502M) 7,953ms
[2020-11-04T20:40:37.937+0300][111,861s][info][gc] GC(1743) Pause Young (Allocation Failure) 489M->343M(502M) 8,036ms
[2020-11-04T20:40:38.178+0300][112,101s][info][gc] GC(1744) Pause Full (Ergonomics) 343M->239M(503M) 240,703ms
[2020-11-04T20:40:38.238+0300][112,161s][info][gc] GC(1745) Pause Young (Allocation Failure) 391M->243M(503M) 4,650ms
[2020-11-04T20:40:38.297+0300][112,220s][info][gc] GC(1746) Pause Young (Allocation Failure) 396M->248M(501M) 7,726ms
[2020-11-04T20:40:38.358+0300][112,282s][info][gc] GC(1747) Pause Young (Allocation Failure) 398M->252M(502M) 10,905ms
[2020-11-04T20:40:38.417+0300][112,341s][info][gc] GC(1748) Pause Young (Allocation Failure) 403M->257M(501M) 7,926ms
[2020-11-04T20:40:38.478+0300][112,402s][info][gc] GC(1749) Pause Young (Allocation Failure) 406M->261M(501M) 10,918ms
[2020-11-04T20:40:38.541+0300][112,464s][info][gc] GC(1750) Pause Young (Allocation Failure) 410M->265M(497M) 12,145ms
[2020-11-04T20:40:38.598+0300][112,522s][info][gc] GC(1751) Pause Young (Allocation Failure) 411M->270M(499M) 8,836ms
[2020-11-04T20:40:38.658+0300][112,582s][info][gc] GC(1752) Pause Young (Allocation Failure) 415M->274M(498M) 10,780ms
[2020-11-04T20:40:38.717+0300][112,641s][info][gc] GC(1753) Pause Young (Allocation Failure) 419M->278M(499M) 10,701ms
[2020-11-04T20:40:38.776+0300][112,700s][info][gc] GC(1754) Pause Young (Allocation Failure) 423M->283M(499M) 10,715ms
[2020-11-04T20:40:38.832+0300][112,756s][info][gc] GC(1755) Pause Young (Allocation Failure) 427M->287M(499M) 7,637ms
[2020-11-04T20:40:38.900+0300][112,823s][info][gc] GC(1756) Pause Young (Allocation Failure) 429M->291M(499M) 9,884ms
[2020-11-04T20:40:38.954+0300][112,877s][info][gc] GC(1757) Pause Young (Allocation Failure) 437M->299M(499M) 5,979ms
[2020-11-04T20:40:39.009+0300][112,933s][info][gc] GC(1758) Pause Young (Allocation Failure) 445M->304M(499M) 6,381ms
[2020-11-04T20:40:39.067+0300][112,991s][info][gc] GC(1759) Pause Young (Allocation Failure) 449M->308M(499M) 7,849ms
[2020-11-04T20:40:39.124+0300][113,047s][info][gc] GC(1760) Pause Young (Allocation Failure) 453M->312M(500M) 7,840ms
[2020-11-04T20:40:39.181+0300][113,104s][info][gc] GC(1761) Pause Young (Allocation Failure) 459M->317M(500M) 7,817ms
[2020-11-04T20:40:39.239+0300][113,162s][info][gc] GC(1762) Pause Young (Allocation Failure) 463M->321M(501M) 8,182ms
[2020-11-04T20:40:39.297+0300][113,221s][info][gc] GC(1763) Pause Young (Allocation Failure) 469M->325M(500M) 8,140ms
[2020-11-04T20:40:39.355+0300][113,278s][info][gc] GC(1764) Pause Young (Allocation Failure) 473M->330M(501M) 8,232ms
[2020-11-04T20:40:39.413+0300][113,337s][info][gc] GC(1765) Pause Young (Allocation Failure) 479M->334M(501M) 8,107ms
[2020-11-04T20:40:39.471+0300][113,395s][info][gc] GC(1766) Pause Young (Allocation Failure) 483M->338M(502M) 8,413ms
[2020-11-04T20:40:39.530+0300][113,454s][info][gc] GC(1767) Pause Young (Allocation Failure) 489M->343M(502M) 8,282ms
[2020-11-04T20:40:39.764+0300][113,688s][info][gc] GC(1768) Pause Full (Ergonomics) 343M->239M(502M) 233,821ms
[2020-11-04T20:40:39.823+0300][113,747s][info][gc] GC(1769) Pause Young (Allocation Failure) 390M->243M(502M) 4,413ms
[2020-11-04T20:40:39.882+0300][113,806s][info][gc] GC(1770) Pause Young (Allocation Failure) 395M->248M(500M) 7,703ms
[2020-11-04T20:40:39.943+0300][113,867s][info][gc] GC(1771) Pause Young (Allocation Failure) 397M->252M(501M) 10,788ms
[2020-11-04T20:40:40.001+0300][113,925s][info][gc] GC(1772) Pause Young (Allocation Failure) 402M->257M(500M) 7,613ms
[2020-11-04T20:40:40.062+0300][113,986s][info][gc] GC(1773) Pause Young (Allocation Failure) 405M->261M(501M) 10,856ms
[2020-11-04T20:40:40.125+0300][114,048s][info][gc] GC(1774) Pause Young (Allocation Failure) 410M->266M(498M) 12,279ms
[2020-11-04T20:40:40.183+0300][114,107s][info][gc] GC(1775) Pause Young (Allocation Failure) 411M->270M(496M) 9,250ms
[2020-11-04T20:40:40.243+0300][114,166s][info][gc] GC(1776) Pause Young (Allocation Failure) 415M->274M(499M) 10,795ms
[2020-11-04T20:40:40.302+0300][114,226s][info][gc] GC(1777) Pause Young (Allocation Failure) 419M->278M(499M) 10,776ms
[2020-11-04T20:40:40.359+0300][114,282s][info][gc] GC(1778) Pause Young (Allocation Failure) 423M->283M(499M) 7,621ms
[2020-11-04T20:40:40.416+0300][114,340s][info][gc] GC(1779) Pause Young (Allocation Failure) 428M->287M(499M) 7,867ms
[2020-11-04T20:40:40.473+0300][114,397s][info][gc] GC(1780) Pause Young (Allocation Failure) 432M->291M(500M) 7,882ms
[2020-11-04T20:40:40.545+0300][114,468s][info][gc] GC(1781) Pause Young (Allocation Failure) 437M->299M(499M) 7,261ms
[2020-11-04T20:40:40.600+0300][114,524s][info][gc] GC(1782) Pause Young (Allocation Failure) 445M->304M(500M) 6,110ms
[2020-11-04T20:40:40.657+0300][114,581s][info][gc] GC(1783) Pause Young (Allocation Failure) 450M->308M(499M) 7,672ms
[2020-11-04T20:40:40.717+0300][114,641s][info][gc] GC(1784) Pause Young (Allocation Failure) 454M->312M(495M) 10,536ms
[2020-11-04T20:40:40.778+0300][114,702s][info][gc] GC(1785) Pause Young (Allocation Failure) 454M->317M(497M) 13,321ms
[2020-11-04T20:40:40.836+0300][114,760s][info][gc] GC(1786) Pause Young (Allocation Failure) 458M->321M(498M) 10,121ms
[2020-11-04T20:40:40.895+0300][114,819s][info][gc] GC(1787) Pause Young (Allocation Failure) 463M->325M(498M) 10,375ms
[2020-11-04T20:40:40.951+0300][114,875s][info][gc] GC(1788) Pause Young (Allocation Failure) 468M->329M(498M) 7,481ms
[2020-11-04T20:40:41.007+0300][114,930s][info][gc] GC(1789) Pause Young (Allocation Failure) 473M->334M(498M) 7,512ms
[2020-11-04T20:40:41.063+0300][114,986s][info][gc] GC(1790) Pause Young (Allocation Failure) 477M->338M(499M) 7,479ms
[2020-11-04T20:40:41.296+0300][115,220s][info][gc] GC(1791) Pause Full (Ergonomics) 338M->234M(498M) 233,659ms
[2020-11-04T20:40:41.352+0300][115,276s][info][gc] GC(1792) Pause Young (Allocation Failure) 378M->238M(499M) 4,263ms
[2020-11-04T20:40:41.409+0300][115,332s][info][gc] GC(1793) Pause Young (Allocation Failure) 383M->242M(499M) 7,423ms
[2020-11-04T20:40:41.470+0300][115,393s][info][gc] GC(1794) Pause Young (Allocation Failure) 387M->247M(495M) 10,529ms
[2020-11-04T20:40:41.532+0300][115,455s][info][gc] GC(1795) Pause Young (Allocation Failure) 387M->251M(497M) 13,941ms
[2020-11-04T20:40:41.595+0300][115,518s][info][gc] GC(1796) Pause Young (Allocation Failure) 391M->255M(491M) 15,657ms
[2020-11-04T20:40:41.652+0300][115,576s][info][gc] GC(1797) Pause Young (Allocation Failure) 389M->259M(494M) 11,928ms
[2020-11-04T20:40:41.708+0300][115,631s][info][gc] GC(1798) Pause Young (Allocation Failure) 394M->263M(495M) 10,234ms
[2020-11-04T20:40:41.761+0300][115,685s][info][gc] GC(1799) Pause Young (Allocation Failure) 400M->267M(495M) 7,144ms
[2020-11-04T20:40:41.814+0300][115,738s][info][gc] GC(1800) Pause Young (Allocation Failure) 404M->271M(496M) 7,249ms
[2020-11-04T20:40:41.868+0300][115,792s][info][gc] GC(1801) Pause Young (Allocation Failure) 409M->275M(495M) 7,279ms
[2020-11-04T20:40:41.922+0300][115,845s][info][gc] GC(1802) Pause Young (Allocation Failure) 413M->279M(496M) 7,357ms
[2020-11-04T20:40:41.977+0300][115,901s][info][gc] GC(1803) Pause Young (Allocation Failure) 418M->283M(496M) 7,401ms
[2020-11-04T20:40:42.032+0300][115,955s][info][gc] GC(1804) Pause Young (Allocation Failure) 422M->288M(497M) 7,635ms
[2020-11-04T20:40:42.087+0300][116,010s][info][gc] GC(1805) Pause Young (Allocation Failure) 429M->292M(497M) 7,505ms
[2020-11-04T20:40:42.141+0300][116,065s][info][gc] GC(1806) Pause Young (Allocation Failure) 433M->296M(498M) 7,563ms
[2020-11-04T20:40:42.208+0300][116,132s][info][gc] GC(1807) Pause Young (Allocation Failure) 439M->304M(498M) 5,800ms
[2020-11-04T20:40:42.262+0300][116,186s][info][gc] GC(1808) Pause Young (Allocation Failure) 447M->308M(495M) 5,988ms
[2020-11-04T20:40:42.317+0300][116,240s][info][gc] GC(1809) Pause Young (Allocation Failure) 449M->312M(497M) 7,281ms
[2020-11-04T20:40:42.374+0300][116,297s][info][gc] GC(1810) Pause Young (Allocation Failure) 453M->316M(493M) 8,786ms
[2020-11-04T20:40:42.431+0300][116,355s][info][gc] GC(1811) Pause Young (Allocation Failure) 453M->320M(490M) 10,282ms
[2020-11-04T20:40:42.490+0300][116,414s][info][gc] GC(1812) Pause Young (Allocation Failure) 457M->325M(493M) 12,961ms
[2020-11-04T20:40:42.548+0300][116,472s][info][gc] GC(1813) Pause Young (Allocation Failure) 458M->328M(487M) 12,972ms
[2020-11-04T20:40:42.606+0300][116,530s][info][gc] GC(1814) Pause Young (Allocation Failure) 462M->332M(494M) 12,849ms
[2020-11-04T20:40:42.662+0300][116,585s][info][gc] GC(1815) Pause Young (Allocation Failure) 466M->336M(493M) 9,939ms
[2020-11-04T20:40:42.886+0300][116,809s][info][gc] GC(1816) Pause Full (Ergonomics) 336M->232M(494M) 224,216ms
[2020-11-04T20:40:42.939+0300][116,862s][info][gc] GC(1817) Pause Young (Allocation Failure) 367M->237M(494M) 4,001ms
[2020-11-04T20:40:42.991+0300][116,915s][info][gc] GC(1818) Pause Young (Allocation Failure) 371M->241M(494M) 7,059ms
[2020-11-04T20:40:43.044+0300][116,967s][info][gc] GC(1819) Pause Young (Allocation Failure) 376M->245M(494M) 7,013ms
[2020-11-04T20:40:43.096+0300][117,020s][info][gc] GC(1820) Pause Young (Allocation Failure) 380M->249M(495M) 7,125ms
[2020-11-04T20:40:43.150+0300][117,073s][info][gc] GC(1821) Pause Young (Allocation Failure) 386M->253M(495M) 7,271ms
[2020-11-04T20:40:43.203+0300][117,126s][info][gc] GC(1822) Pause Young (Allocation Failure) 390M->257M(496M) 7,273ms
[2020-11-04T20:40:43.257+0300][117,181s][info][gc] GC(1823) Pause Young (Allocation Failure) 396M->261M(496M) 7,290ms
[2020-11-04T20:40:43.311+0300][117,235s][info][gc] GC(1824) Pause Young (Allocation Failure) 400M->265M(497M) 7,353ms
[2020-11-04T20:40:43.366+0300][117,290s][info][gc] GC(1825) Pause Young (Allocation Failure) 406M->269M(497M) 7,467ms
[2020-11-04T20:40:43.421+0300][117,345s][info][gc] GC(1826) Pause Young (Allocation Failure) 410M->273M(498M) 7,485ms
[2020-11-04T20:40:43.477+0300][117,400s][info][gc] GC(1827) Pause Young (Allocation Failure) 416M->278M(498M) 7,577ms
[2020-11-04T20:40:43.533+0300][117,456s][info][gc] GC(1828) Pause Young (Allocation Failure) 421M->282M(499M) 7,882ms
[2020-11-04T20:40:43.590+0300][117,513s][info][gc] GC(1829) Pause Young (Allocation Failure) 427M->286M(499M) 7,846ms
[2020-11-04T20:40:43.647+0300][117,570s][info][gc] GC(1830) Pause Young (Allocation Failure) 431M->290M(500M) 8,063ms
[2020-11-04T20:40:43.704+0300][117,628s][info][gc] GC(1831) Pause Young (Allocation Failure) 437M->295M(500M) 7,866ms
[2020-11-04T20:40:43.774+0300][117,697s][info][gc] GC(1832) Pause Young (Allocation Failure) 442M->303M(500M) 9,927ms
[2020-11-04T20:40:43.830+0300][117,754s][info][gc] GC(1833) Pause Young (Allocation Failure) 450M->307M(500M) 6,478ms
[2020-11-04T20:40:43.887+0300][117,811s][info][gc] GC(1834) Pause Young (Allocation Failure) 455M->312M(499M) 7,675ms
[2020-11-04T20:40:43.947+0300][117,871s][info][gc] GC(1835) Pause Young (Allocation Failure) 458M->316M(500M) 10,826ms
[2020-11-04T20:40:44.010+0300][117,934s][info][gc] GC(1836) Pause Young (Allocation Failure) 462M->320M(497M) 13,174ms
[2020-11-04T20:40:44.068+0300][117,992s][info][gc] GC(1837) Pause Young (Allocation Failure) 464M->325M(494M) 9,955ms
[2020-11-04T20:40:44.127+0300][118,051s][info][gc] GC(1838) Pause Young (Allocation Failure) 468M->329M(498M) 10,584ms
[2020-11-04T20:40:44.183+0300][118,107s][info][gc] GC(1839) Pause Young (Allocation Failure) 472M->333M(498M) 7,605ms
[2020-11-04T20:40:44.239+0300][118,162s][info][gc] GC(1840) Pause Young (Allocation Failure) 476M->337M(499M) 7,493ms
[2020-11-04T20:40:44.472+0300][118,396s][info][gc] GC(1841) Pause Full (Ergonomics) 337M->233M(499M) 233,640ms
[2020-11-04T20:40:44.528+0300][118,452s][info][gc] GC(1842) Pause Young (Allocation Failure) 378M->238M(499M) 4,285ms
[2020-11-04T20:40:44.585+0300][118,508s][info][gc] GC(1843) Pause Young (Allocation Failure) 383M->242M(499M) 7,466ms
[2020-11-04T20:40:44.644+0300][118,568s][info][gc] GC(1844) Pause Young (Allocation Failure) 387M->246M(496M) 10,489ms
[2020-11-04T20:40:44.705+0300][118,629s][info][gc] GC(1845) Pause Young (Allocation Failure) 388M->250M(496M) 13,608ms
[2020-11-04T20:40:44.767+0300][118,690s][info][gc] GC(1846) Pause Young (Allocation Failure) 392M->255M(493M) 13,532ms
[2020-11-04T20:40:44.826+0300][118,749s][info][gc] GC(1847) Pause Young (Allocation Failure) 390M->259M(494M) 13,328ms
[2020-11-04T20:40:44.882+0300][118,805s][info][gc] GC(1848) Pause Young (Allocation Failure) 394M->263M(495M) 10,311ms
[2020-11-04T20:40:44.935+0300][118,859s][info][gc] GC(1849) Pause Young (Allocation Failure) 400M->267M(495M) 7,338ms
[2020-11-04T20:40:44.990+0300][118,914s][info][gc] GC(1850) Pause Young (Allocation Failure) 404M->271M(496M) 7,301ms
[2020-11-04T20:40:45.044+0300][118,968s][info][gc] GC(1851) Pause Young (Allocation Failure) 410M->275M(496M) 7,298ms
[2020-11-04T20:40:45.099+0300][119,022s][info][gc] GC(1852) Pause Young (Allocation Failure) 414M->279M(497M) 7,446ms
[2020-11-04T20:40:45.154+0300][119,078s][info][gc] GC(1853) Pause Young (Allocation Failure) 419M->283M(496M) 7,385ms
[2020-11-04T20:40:45.209+0300][119,132s][info][gc] GC(1854) Pause Young (Allocation Failure) 423M->287M(498M) 7,422ms
[2020-11-04T20:40:45.264+0300][119,187s][info][gc] GC(1855) Pause Young (Allocation Failure) 429M->291M(497M) 7,605ms
[2020-11-04T20:40:45.321+0300][119,244s][info][gc] GC(1856) Pause Young (Allocation Failure) 433M->296M(499M) 7,722ms
[2020-11-04T20:40:45.377+0300][119,301s][info][gc] GC(1857) Pause Young (Allocation Failure) 440M->300M(498M) 7,831ms
[2020-11-04T20:40:45.446+0300][119,369s][info][gc] GC(1858) Pause Young (Allocation Failure) 444M->308M(498M) 6,679ms
[2020-11-04T20:40:45.501+0300][119,425s][info][gc] GC(1859) Pause Young (Allocation Failure) 452M->312M(498M) 6,219ms
[2020-11-04T20:40:45.557+0300][119,481s][info][gc] GC(1860) Pause Young (Allocation Failure) 457M->316M(490M) 7,338ms
[2020-11-04T20:40:45.611+0300][119,534s][info][gc] GC(1861) Pause Young (Allocation Failure) 452M->321M(494M) 7,812ms
[2020-11-04T20:40:45.668+0300][119,592s][info][gc] GC(1862) Pause Young (Allocation Failure) 456M->325M(494M) 11,017ms
[2020-11-04T20:40:45.727+0300][119,651s][info][gc] GC(1863) Pause Young (Allocation Failure) 460M->329M(489M) 13,507ms
[2020-11-04T20:40:45.787+0300][119,710s][info][gc] GC(1864) Pause Young (Allocation Failure) 464M->333M(494M) 13,539ms
[2020-11-04T20:40:45.843+0300][119,766s][info][gc] GC(1865) Pause Young (Allocation Failure) 467M->337M(493M) 10,546ms
[2020-11-04T20:40:46.070+0300][119,993s][info][gc] GC(1866) Pause Full (Ergonomics) 337M->233M(495M) 226,889ms
[2020-11-04T20:40:46.123+0300][120,047s][info][gc] GC(1867) Pause Young (Allocation Failure) 369M->237M(495M) 4,004ms
[2020-11-04T20:40:46.178+0300][120,102s][info][gc] GC(1868) Pause Young (Allocation Failure) 373M->241M(495M) 6,916ms
[2020-11-04T20:40:46.231+0300][120,155s][info][gc] GC(1869) Pause Young (Allocation Failure) 378M->245M(495M) 7,038ms
[2020-11-04T20:40:46.285+0300][120,208s][info][gc] GC(1870) Pause Young (Allocation Failure) 382M->249M(496M) 7,279ms
[2020-11-04T20:40:46.338+0300][120,262s][info][gc] GC(1871) Pause Young (Allocation Failure) 387M->253M(495M) 7,440ms
[2020-11-04T20:40:46.394+0300][120,318s][info][gc] GC(1872) Pause Young (Allocation Failure) 391M->257M(497M) 7,220ms
[2020-11-04T20:40:46.449+0300][120,372s][info][gc] GC(1873) Pause Young (Allocation Failure) 397M->261M(496M) 7,470ms
[2020-11-04T20:40:46.503+0300][120,427s][info][gc] GC(1874) Pause Young (Allocation Failure) 401M->265M(498M) 7,505ms
[2020-11-04T20:40:46.558+0300][120,482s][info][gc] GC(1875) Pause Young (Allocation Failure) 407M->270M(497M) 7,367ms
[2020-11-04T20:40:46.613+0300][120,537s][info][gc] GC(1876) Pause Young (Allocation Failure) 412M->274M(499M) 7,604ms
[2020-11-04T20:40:46.669+0300][120,593s][info][gc] GC(1877) Pause Young (Allocation Failure) 418M->278M(498M) 7,522ms
[2020-11-04T20:40:46.727+0300][120,651s][info][gc] GC(1878) Pause Young (Allocation Failure) 422M->282M(500M) 7,824ms
[2020-11-04T20:40:46.784+0300][120,708s][info][gc] GC(1879) Pause Young (Allocation Failure) 428M->287M(499M) 7,849ms
[2020-11-04T20:40:46.841+0300][120,765s][info][gc] GC(1880) Pause Young (Allocation Failure) 433M->291M(501M) 7,928ms
[2020-11-04T20:40:46.899+0300][120,823s][info][gc] GC(1881) Pause Young (Allocation Failure) 439M->295M(500M) 7,901ms
[2020-11-04T20:40:46.957+0300][120,880s][info][gc] GC(1882) Pause Young (Allocation Failure) 443M->300M(502M) 7,843ms
[2020-11-04T20:40:47.027+0300][120,951s][info][gc] GC(1883) Pause Young (Allocation Failure) 450M->308M(500M) 9,028ms
[2020-11-04T20:40:47.084+0300][121,008s][info][gc] GC(1884) Pause Young (Allocation Failure) 458M->312M(501M) 6,330ms
[2020-11-04T20:40:47.142+0300][121,065s][info][gc] GC(1885) Pause Young (Allocation Failure) 461M->317M(499M) 7,577ms
[2020-11-04T20:40:47.203+0300][121,127s][info][gc] GC(1886) Pause Young (Allocation Failure) 466M->321M(496M) 10,865ms
[2020-11-04T20:40:47.264+0300][121,188s][info][gc] GC(1887) Pause Young (Allocation Failure) 465M->325M(498M) 12,665ms
[2020-11-04T20:40:47.322+0300][121,246s][info][gc] GC(1888) Pause Young (Allocation Failure) 469M->330M(499M) 9,429ms
[2020-11-04T20:40:47.381+0300][121,305s][info][gc] GC(1889) Pause Young (Allocation Failure) 474M->334M(495M) 10,505ms
[2020-11-04T20:40:47.441+0300][121,364s][info][gc] GC(1890) Pause Young (Allocation Failure) 479M->338M(499M) 10,599ms
[2020-11-04T20:40:47.671+0300][121,595s][info][gc] GC(1891) Pause Full (Ergonomics) 338M->234M(498M) 230,243ms
[2020-11-04T20:40:47.727+0300][121,651s][info][gc] GC(1892) Pause Young (Allocation Failure) 378M->239M(499M) 4,212ms
[2020-11-04T20:40:47.783+0300][121,707s][info][gc] GC(1893) Pause Young (Allocation Failure) 383M->243M(499M) 7,254ms
[2020-11-04T20:40:47.842+0300][121,766s][info][gc] GC(1894) Pause Young (Allocation Failure) 387M->247M(496M) 10,346ms
[2020-11-04T20:40:47.904+0300][121,827s][info][gc] GC(1895) Pause Young (Allocation Failure) 389M->251M(496M) 13,457ms
[2020-11-04T20:40:47.965+0300][121,888s][info][gc] GC(1896) Pause Young (Allocation Failure) 393M->256M(496M) 13,295ms
[2020-11-04T20:40:48.022+0300][121,946s][info][gc] GC(1897) Pause Young (Allocation Failure) 395M->260M(496M) 10,270ms
[2020-11-04T20:40:48.076+0300][122,000s][info][gc] GC(1898) Pause Young (Allocation Failure) 399M->264M(497M) 7,163ms
[2020-11-04T20:40:48.131+0300][122,054s][info][gc] GC(1899) Pause Young (Allocation Failure) 404M->268M(496M) 7,229ms
[2020-11-04T20:40:48.185+0300][122,109s][info][gc] GC(1900) Pause Young (Allocation Failure) 408M->272M(497M) 7,336ms
[2020-11-04T20:40:48.240+0300][122,164s][info][gc] GC(1901) Pause Young (Allocation Failure) 413M->276M(497M) 7,329ms
[2020-11-04T20:40:48.295+0300][122,219s][info][gc] GC(1902) Pause Young (Allocation Failure) 417M->280M(498M) 7,381ms
[2020-11-04T20:40:48.351+0300][122,274s][info][gc] GC(1903) Pause Young (Allocation Failure) 423M->285M(498M) 7,638ms
[2020-11-04T20:40:48.407+0300][122,330s][info][gc] GC(1904) Pause Young (Allocation Failure) 427M->289M(499M) 7,493ms
[2020-11-04T20:40:48.464+0300][122,388s][info][gc] GC(1905) Pause Young (Allocation Failure) 433M->293M(498M) 7,581ms
[2020-11-04T20:40:48.521+0300][122,444s][info][gc] GC(1906) Pause Young (Allocation Failure) 437M->297M(500M) 7,803ms
[2020-11-04T20:40:48.578+0300][122,502s][info][gc] GC(1907) Pause Young (Allocation Failure) 443M->302M(499M) 7,801ms
[2020-11-04T20:40:48.635+0300][122,559s][info][gc] GC(1908) Pause Young (Allocation Failure) 448M->306M(501M) 7,861ms
[2020-11-04T20:40:48.705+0300][122,628s][info][gc] GC(1909) Pause Young (Allocation Failure) 454M->314M(500M) 6,195ms
[2020-11-04T20:40:48.761+0300][122,684s][info][gc] GC(1910) Pause Young (Allocation Failure) 462M->318M(496M) 6,038ms
[2020-11-04T20:40:48.817+0300][122,740s][info][gc] GC(1911) Pause Young (Allocation Failure) 462M->323M(498M) 7,896ms
[2020-11-04T20:40:48.874+0300][122,797s][info][gc] GC(1912) Pause Young (Allocation Failure) 466M->327M(498M) 7,587ms
[2020-11-04T20:40:48.933+0300][122,856s][info][gc] GC(1913) Pause Young (Allocation Failure) 471M->331M(498M) 10,652ms
[2020-11-04T20:40:48.995+0300][122,919s][info][gc] GC(1914) Pause Young (Allocation Failure) 475M->336M(493M) 13,790ms
[2020-11-04T20:40:49.055+0300][122,978s][info][gc] GC(1915) Pause Young (Allocation Failure) 473M->340M(495M) 13,475ms
[2020-11-04T20:40:49.111+0300][123,035s][info][gc] GC(1916) Pause Young (Allocation Failure) 477M->344M(496M) 10,310ms
[2020-11-04T20:40:49.344+0300][123,268s][info][gc] GC(1917) Pause Full (Ergonomics) 344M->240M(496M) 232,864ms
[2020-11-04T20:40:49.398+0300][123,322s][info][gc] GC(1918) Pause Young (Allocation Failure) 379M->244M(496M) 4,131ms
[2020-11-04T20:40:49.454+0300][123,378s][info][gc] GC(1919) Pause Young (Allocation Failure) 383M->248M(496M) 7,218ms
[2020-11-04T20:40:49.509+0300][123,432s][info][gc] GC(1920) Pause Young (Allocation Failure) 388M->252M(497M) 7,138ms
[2020-11-04T20:40:49.563+0300][123,487s][info][gc] GC(1921) Pause Young (Allocation Failure) 393M->256M(497M) 7,198ms
[2020-11-04T20:40:49.618+0300][123,542s][info][gc] GC(1922) Pause Young (Allocation Failure) 397M->261M(498M) 7,213ms
[2020-11-04T20:40:49.674+0300][123,597s][info][gc] GC(1923) Pause Young (Allocation Failure) 403M->265M(497M) 7,328ms
[2020-11-04T20:40:49.730+0300][123,654s][info][gc] GC(1924) Pause Young (Allocation Failure) 407M->269M(499M) 7,572ms
[2020-11-04T20:40:49.787+0300][123,711s][info][gc] GC(1925) Pause Young (Allocation Failure) 413M->273M(498M) 7,612ms
[2020-11-04T20:40:49.844+0300][123,768s][info][gc] GC(1926) Pause Young (Allocation Failure) 417M->278M(500M) 8,152ms
[2020-11-04T20:40:49.902+0300][123,826s][info][gc] GC(1927) Pause Young (Allocation Failure) 424M->282M(499M) 7,605ms
[2020-11-04T20:40:49.959+0300][123,883s][info][gc] GC(1928) Pause Young (Allocation Failure) 428M->286M(501M) 7,781ms
[2020-11-04T20:40:50.017+0300][123,941s][info][gc] GC(1929) Pause Young (Allocation Failure) 434M->291M(500M) 7,843ms
[2020-11-04T20:40:50.075+0300][123,998s][info][gc] GC(1930) Pause Young (Allocation Failure) 439M->295M(501M) 7,795ms
[2020-11-04T20:40:50.133+0300][124,057s][info][gc] GC(1931) Pause Young (Allocation Failure) 445M->299M(501M) 7,824ms
[2020-11-04T20:40:50.192+0300][124,115s][info][gc] GC(1932) Pause Young (Allocation Failure) 449M->304M(502M) 8,243ms
[2020-11-04T20:40:50.250+0300][124,174s][info][gc] GC(1933) Pause Young (Allocation Failure) 455M->308M(502M) 7,977ms
[2020-11-04T20:40:50.320+0300][124,243s][info][gc] GC(1934) Pause Young (Allocation Failure) 459M->317M(501M) 6,465ms
[2020-11-04T20:40:50.377+0300][124,300s][info][gc] GC(1935) Pause Young (Allocation Failure) 467M->321M(502M) 6,472ms
[2020-11-04T20:40:50.435+0300][124,359s][info][gc] GC(1936) Pause Young (Allocation Failure) 471M->326M(498M) 6,790ms
[2020-11-04T20:40:50.493+0300][124,416s][info][gc] GC(1937) Pause Young (Allocation Failure) 472M->330M(497M) 7,789ms
[2020-11-04T20:40:50.553+0300][124,477s][info][gc] GC(1938) Pause Young (Allocation Failure) 476M->334M(495M) 10,783ms
[2020-11-04T20:40:50.614+0300][124,538s][info][gc] GC(1939) Pause Young (Allocation Failure) 476M->338M(497M) 13,466ms
[2020-11-04T20:40:50.672+0300][124,596s][info][gc] GC(1940) Pause Young (Allocation Failure) 480M->343M(498M) 10,214ms
[2020-11-04T20:40:50.905+0300][124,828s][info][gc] GC(1941) Pause Full (Ergonomics) 343M->238M(498M) 232,139ms
[2020-11-04T20:40:50.961+0300][124,885s][info][gc] GC(1942) Pause Young (Allocation Failure) 381M->243M(498M) 4,172ms
[2020-11-04T20:40:51.016+0300][124,940s][info][gc] GC(1943) Pause Young (Allocation Failure) 385M->247M(498M) 7,112ms
[2020-11-04T20:40:51.075+0300][124,998s][info][gc] GC(1944) Pause Young (Allocation Failure) 390M->251M(495M) 10,210ms
[2020-11-04T20:40:51.137+0300][125,060s][info][gc] GC(1945) Pause Young (Allocation Failure) 392M->255M(495M) 14,640ms
[2020-11-04T20:40:51.197+0300][125,121s][info][gc] GC(1946) Pause Young (Allocation Failure) 396M->260M(496M) 13,180ms
[2020-11-04T20:40:51.254+0300][125,178s][info][gc] GC(1947) Pause Young (Allocation Failure) 398M->264M(495M) 10,123ms
[2020-11-04T20:40:51.308+0300][125,232s][info][gc] GC(1948) Pause Young (Allocation Failure) 402M->268M(496M) 7,124ms
[2020-11-04T20:40:51.362+0300][125,286s][info][gc] GC(1949) Pause Young (Allocation Failure) 407M->272M(496M) 7,200ms
[2020-11-04T20:40:51.419+0300][125,343s][info][gc] GC(1950) Pause Young (Allocation Failure) 411M->276M(497M) 7,525ms
[2020-11-04T20:40:51.474+0300][125,398s][info][gc] GC(1951) Pause Young (Allocation Failure) 417M->280M(497M) 7,298ms
[2020-11-04T20:40:51.529+0300][125,453s][info][gc] GC(1952) Pause Young (Allocation Failure) 421M->284M(498M) 7,396ms
[2020-11-04T20:40:51.585+0300][125,509s][info][gc] GC(1953) Pause Young (Allocation Failure) 426M->289M(497M) 7,588ms
[2020-11-04T20:40:51.641+0300][125,565s][info][gc] GC(1954) Pause Young (Allocation Failure) 431M->293M(498M) 7,856ms
[2020-11-04T20:40:51.698+0300][125,622s][info][gc] GC(1955) Pause Young (Allocation Failure) 436M->297M(498M) 7,499ms
[2020-11-04T20:40:51.754+0300][125,678s][info][gc] GC(1956) Pause Young (Allocation Failure) 441M->301M(499M) 7,609ms
[2020-11-04T20:40:51.812+0300][125,735s][info][gc] GC(1957) Pause Young (Allocation Failure) 446M->306M(499M) 7,933ms
[2020-11-04T20:40:51.868+0300][125,792s][info][gc] GC(1958) Pause Young (Allocation Failure) 451M->310M(500M) 7,779ms
[2020-11-04T20:40:51.938+0300][125,862s][info][gc] GC(1959) Pause Young (Allocation Failure) 457M->318M(500M) 6,806ms
[2020-11-04T20:40:51.994+0300][125,918s][info][gc] GC(1960) Pause Young (Allocation Failure) 465M->322M(496M) 6,400ms
[2020-11-04T20:40:52.050+0300][125,973s][info][gc] GC(1961) Pause Young (Allocation Failure) 465M->327M(498M) 7,847ms
[2020-11-04T20:40:52.105+0300][126,029s][info][gc] GC(1962) Pause Young (Allocation Failure) 469M->331M(498M) 7,380ms
[2020-11-04T20:40:52.164+0300][126,088s][info][gc] GC(1963) Pause Young (Allocation Failure) 474M->335M(498M) 10,455ms
[2020-11-04T20:40:52.226+0300][126,150s][info][gc] GC(1964) Pause Young (Allocation Failure) 478M->339M(493M) 13,398ms
[2020-11-04T20:40:52.286+0300][126,209s][info][gc] GC(1965) Pause Young (Allocation Failure) 477M->343M(495M) 13,367ms
[2020-11-04T20:40:52.518+0300][126,441s][info][gc] GC(1966) Pause Full (Ergonomics) 343M->239M(496M) 232,282ms
[2020-11-04T20:40:52.573+0300][126,497s][info][gc] GC(1967) Pause Young (Allocation Failure) 378M->244M(496M) 4,105ms
[2020-11-04T20:40:52.627+0300][126,551s][info][gc] GC(1968) Pause Young (Allocation Failure) 382M->248M(496M) 7,149ms
[2020-11-04T20:40:52.681+0300][126,605s][info][gc] GC(1969) Pause Young (Allocation Failure) 387M->252M(496M) 7,318ms
[2020-11-04T20:40:52.736+0300][126,659s][info][gc] GC(1970) Pause Young (Allocation Failure) 391M->256M(497M) 7,193ms
[2020-11-04T20:40:52.790+0300][126,714s][info][gc] GC(1971) Pause Young (Allocation Failure) 397M->260M(497M) 7,432ms
[2020-11-04T20:40:52.845+0300][126,769s][info][gc] GC(1972) Pause Young (Allocation Failure) 401M->264M(498M) 7,338ms
[2020-11-04T20:40:52.901+0300][126,824s][info][gc] GC(1973) Pause Young (Allocation Failure) 406M->269M(497M) 7,495ms
[2020-11-04T20:40:52.956+0300][126,880s][info][gc] GC(1974) Pause Young (Allocation Failure) 411M->273M(499M) 7,543ms
[2020-11-04T20:40:53.012+0300][126,936s][info][gc] GC(1975) Pause Young (Allocation Failure) 417M->277M(498M) 7,540ms
[2020-11-04T20:40:53.069+0300][126,993s][info][gc] GC(1976) Pause Young (Allocation Failure) 421M->281M(500M) 7,664ms
[2020-11-04T20:40:53.126+0300][127,050s][info][gc] GC(1977) Pause Young (Allocation Failure) 427M->286M(499M) 7,917ms
[2020-11-04T20:40:53.184+0300][127,107s][info][gc] GC(1978) Pause Young (Allocation Failure) 432M->290M(501M) 7,937ms
[2020-11-04T20:40:53.241+0300][127,165s][info][gc] GC(1979) Pause Young (Allocation Failure) 438M->294M(500M) 7,808ms
[2020-11-04T20:40:53.299+0300][127,223s][info][gc] GC(1980) Pause Young (Allocation Failure) 442M->299M(501M) 7,859ms
[2020-11-04T20:40:53.357+0300][127,281s][info][gc] GC(1981) Pause Young (Allocation Failure) 448M->303M(501M) 7,946ms
[2020-11-04T20:40:53.416+0300][127,340s][info][gc] GC(1982) Pause Young (Allocation Failure) 453M->308M(502M) 8,155ms
[2020-11-04T20:40:53.475+0300][127,399s][info][gc] GC(1983) Pause Young (Allocation Failure) 459M->312M(502M) 8,071ms
[2020-11-04T20:40:53.547+0300][127,470s][info][gc] GC(1984) Pause Young (Allocation Failure) 463M->320M(501M) 7,119ms
[2020-11-04T20:40:53.604+0300][127,527s][info][gc] GC(1985) Pause Young (Allocation Failure) 471M->325M(502M) 6,324ms
[2020-11-04T20:40:53.661+0300][127,585s][info][gc] GC(1986) Pause Young (Allocation Failure) 475M->329M(498M) 6,862ms
[2020-11-04T20:40:53.718+0300][127,642s][info][gc] GC(1987) Pause Young (Allocation Failure) 476M->334M(497M) 7,697ms
[2020-11-04T20:40:53.778+0300][127,702s][info][gc] GC(1988) Pause Young (Allocation Failure) 480M->338M(495M) 10,789ms
[2020-11-04T20:40:53.839+0300][127,763s][info][gc] GC(1989) Pause Young (Allocation Failure) 479M->342M(497M) 13,421ms
[2020-11-04T20:40:54.067+0300][127,990s][info][gc] GC(1990) Pause Full (Ergonomics) 342M->238M(498M) 227,263ms
[2020-11-04T20:40:54.122+0300][128,045s][info][gc] GC(1991) Pause Young (Allocation Failure) 381M->242M(498M) 4,084ms
[2020-11-04T20:40:54.177+0300][128,100s][info][gc] GC(1992) Pause Young (Allocation Failure) 385M->247M(498M) 7,106ms
[2020-11-04T20:40:54.235+0300][128,159s][info][gc] GC(1993) Pause Young (Allocation Failure) 389M->251M(497M) 10,301ms
[2020-11-04T20:40:54.296+0300][128,220s][info][gc] GC(1994) Pause Young (Allocation Failure) 393M->255M(491M) 13,157ms
[2020-11-04T20:40:54.357+0300][128,281s][info][gc] GC(1995) Pause Young (Allocation Failure) 389M->259M(494M) 15,701ms
[2020-11-04T20:40:54.414+0300][128,338s][info][gc] GC(1996) Pause Young (Allocation Failure) 393M->263M(495M) 11,687ms
[2020-11-04T20:40:54.470+0300][128,394s][info][gc] GC(1997) Pause Young (Allocation Failure) 399M->267M(494M) 9,810ms
[2020-11-04T20:40:54.528+0300][128,452s][info][gc] GC(1998) Pause Young (Allocation Failure) 403M->271M(495M) 9,288ms
[2020-11-04T20:40:54.590+0300][128,514s][info][gc] GC(1999) Pause Young (Allocation Failure) 408M->275M(495M) 9,008ms
[2020-11-04T20:40:54.651+0300][128,575s][info][gc] GC(2000) Pause Young (Allocation Failure) 412M->279M(496M) 8,200ms
[2020-11-04T20:40:54.711+0300][128,635s][info][gc] GC(2001) Pause Young (Allocation Failure) 417M->283M(495M) 8,495ms
[2020-11-04T20:40:54.773+0300][128,697s][info][gc] GC(2002) Pause Young (Allocation Failure) 421M->287M(496M) 8,655ms
[2020-11-04T20:40:54.841+0300][128,765s][info][gc] GC(2003) Pause Young (Allocation Failure) 426M->291M(496M) 8,425ms
[2020-11-04T20:40:54.901+0300][128,825s][info][gc] GC(2004) Pause Young (Allocation Failure) 430M->296M(497M) 8,125ms
[2020-11-04T20:40:54.965+0300][128,889s][info][gc] GC(2005) Pause Young (Allocation Failure) 437M->300M(497M) 8,305ms
[2020-11-04T20:40:55.026+0300][128,949s][info][gc] GC(2006) Pause Young (Allocation Failure) 441M->304M(498M) 7,411ms
[2020-11-04T20:40:55.082+0300][129,006s][info][gc] GC(2007) Pause Young (Allocation Failure) 447M->308M(498M) 7,678ms
[2020-11-04T20:40:55.138+0300][129,062s][info][gc] GC(2008) Pause Young (Allocation Failure) 451M->313M(499M) 7,750ms
[2020-11-04T20:40:55.208+0300][129,131s][info][gc] GC(2009) Pause Young (Allocation Failure) 458M->320M(499M) 9,632ms
[2020-11-04T20:40:55.263+0300][129,186s][info][gc] GC(2010) Pause Young (Allocation Failure) 465M->325M(499M) 6,224ms
[2020-11-04T20:40:55.319+0300][129,242s][info][gc] GC(2011) Pause Young (Allocation Failure) 470M->329M(496M) 7,397ms
[2020-11-04T20:40:55.378+0300][129,302s][info][gc] GC(2012) Pause Young (Allocation Failure) 475M->333M(496M) 10,533ms
[2020-11-04T20:40:55.440+0300][129,363s][info][gc] GC(2013) Pause Young (Allocation Failure) 475M->338M(496M) 13,592ms
[2020-11-04T20:40:55.501+0300][129,425s][info][gc] GC(2014) Pause Young (Allocation Failure) 479M->342M(496M) 13,470ms
[2020-11-04T20:40:55.733+0300][129,656s][info][gc] GC(2015) Pause Full (Ergonomics) 342M->238M(496M) 231,632ms
[2020-11-04T20:40:55.787+0300][129,710s][info][gc] GC(2016) Pause Young (Allocation Failure) 376M->242M(496M) 4,319ms
[2020-11-04T20:40:55.840+0300][129,764s][info][gc] GC(2017) Pause Young (Allocation Failure) 381M->246M(496M) 7,106ms
[2020-11-04T20:40:55.894+0300][129,818s][info][gc] GC(2018) Pause Young (Allocation Failure) 385M->250M(497M) 7,199ms
[2020-11-04T20:40:55.948+0300][129,872s][info][gc] GC(2019) Pause Young (Allocation Failure) 391M->254M(497M) 7,063ms
[2020-11-04T20:40:56.003+0300][129,927s][info][gc] GC(2020) Pause Young (Allocation Failure) 395M->259M(498M) 7,347ms
[2020-11-04T20:40:56.058+0300][129,982s][info][gc] GC(2021) Pause Young (Allocation Failure) 401M->263M(497M) 7,228ms
[2020-11-04T20:40:56.113+0300][130,037s][info][gc] GC(2022) Pause Young (Allocation Failure) 405M->267M(499M) 7,370ms
[2020-11-04T20:40:56.171+0300][130,094s][info][gc] GC(2023) Pause Young (Allocation Failure) 411M->271M(498M) 7,453ms
[2020-11-04T20:40:56.227+0300][130,150s][info][gc] GC(2024) Pause Young (Allocation Failure) 415M->276M(500M) 7,563ms
[2020-11-04T20:40:56.284+0300][130,207s][info][gc] GC(2025) Pause Young (Allocation Failure) 422M->280M(499M) 7,679ms
[2020-11-04T20:40:56.341+0300][130,264s][info][gc] GC(2026) Pause Young (Allocation Failure) 426M->284M(501M) 7,606ms
[2020-11-04T20:40:56.398+0300][130,322s][info][gc] GC(2027) Pause Young (Allocation Failure) 432M->289M(500M) 7,748ms
[2020-11-04T20:40:56.456+0300][130,380s][info][gc] GC(2028) Pause Young (Allocation Failure) 437M->293M(501M) 7,865ms
[2020-11-04T20:40:56.515+0300][130,438s][info][gc] GC(2029) Pause Young (Allocation Failure) 442M->297M(501M) 8,164ms
[2020-11-04T20:40:56.573+0300][130,496s][info][gc] GC(2030) Pause Young (Allocation Failure) 446M->302M(502M) 7,869ms
[2020-11-04T20:40:56.632+0300][130,555s][info][gc] GC(2031) Pause Young (Allocation Failure) 453M->306M(502M) 8,021ms
[2020-11-04T20:40:56.692+0300][130,615s][info][gc] GC(2032) Pause Young (Allocation Failure) 457M->311M(503M) 7,998ms
[2020-11-04T20:40:56.752+0300][130,675s][info][gc] GC(2033) Pause Young (Allocation Failure) 463M->315M(503M) 8,231ms
[2020-11-04T20:40:56.824+0300][130,748s][info][gc] GC(2034) Pause Young (Allocation Failure) 468M->324M(501M) 8,283ms
[2020-11-04T20:40:56.881+0300][130,805s][info][gc] GC(2035) Pause Young (Allocation Failure) 475M->328M(502M) 6,301ms
[2020-11-04T20:40:56.939+0300][130,863s][info][gc] GC(2036) Pause Young (Allocation Failure) 479M->333M(498M) 6,712ms
[2020-11-04T20:40:56.997+0300][130,920s][info][gc] GC(2037) Pause Young (Allocation Failure) 480M->337M(498M) 8,355ms
[2020-11-04T20:40:57.059+0300][130,982s][info][gc] GC(2038) Pause Young (Allocation Failure) 484M->341M(496M) 11,352ms
[2020-11-04T20:40:57.120+0300][131,044s][info][gc] GC(2039) Pause Young (Allocation Failure) 484M->345M(498M) 13,628ms
[2020-11-04T20:40:57.352+0300][131,276s][info][gc] GC(2040) Pause Full (Ergonomics) 345M->241M(498M) 231,353ms
[2020-11-04T20:40:57.410+0300][131,333s][info][gc] GC(2041) Pause Young (Allocation Failure) 385M->246M(498M) 4,174ms
[2020-11-04T20:40:57.465+0300][131,389s][info][gc] GC(2042) Pause Young (Allocation Failure) 389M->250M(498M) 7,279ms
[2020-11-04T20:40:57.524+0300][131,447s][info][gc] GC(2043) Pause Young (Allocation Failure) 394M->254M(498M) 10,251ms
[2020-11-04T20:40:57.585+0300][131,509s][info][gc] GC(2044) Pause Young (Allocation Failure) 398M->258M(493M) 13,337ms
[2020-11-04T20:40:57.645+0300][131,569s][info][gc] GC(2045) Pause Young (Allocation Failure) 396M->263M(492M) 13,278ms
[2020-11-04T20:40:57.704+0300][131,628s][info][gc] GC(2046) Pause Young (Allocation Failure) 400M->267M(495M) 13,031ms
[2020-11-04T20:40:57.761+0300][131,684s][info][gc] GC(2047) Pause Young (Allocation Failure) 404M->271M(495M) 10,036ms
[2020-11-04T20:40:57.814+0300][131,738s][info][gc] GC(2048) Pause Young (Allocation Failure) 408M->275M(496M) 7,312ms
[2020-11-04T20:40:57.868+0300][131,791s][info][gc] GC(2049) Pause Young (Allocation Failure) 413M->279M(495M) 7,345ms
[2020-11-04T20:40:57.921+0300][131,845s][info][gc] GC(2050) Pause Young (Allocation Failure) 417M->283M(496M) 7,198ms
[2020-11-04T20:40:57.975+0300][131,899s][info][gc] GC(2051) Pause Young (Allocation Failure) 422M->287M(496M) 7,239ms
[2020-11-04T20:40:58.030+0300][131,953s][info][gc] GC(2052) Pause Young (Allocation Failure) 426M->291M(497M) 7,380ms
[2020-11-04T20:40:58.085+0300][132,009s][info][gc] GC(2053) Pause Young (Allocation Failure) 431M->295M(496M) 7,683ms
[2020-11-04T20:40:58.140+0300][132,063s][info][gc] GC(2054) Pause Young (Allocation Failure) 435M->300M(498M) 7,538ms
[2020-11-04T20:40:58.195+0300][132,118s][info][gc] GC(2055) Pause Young (Allocation Failure) 442M->304M(497M) 7,444ms
[2020-11-04T20:40:58.250+0300][132,174s][info][gc] GC(2056) Pause Young (Allocation Failure) 446M->308M(499M) 7,724ms
[2020-11-04T20:40:58.306+0300][132,230s][info][gc] GC(2057) Pause Young (Allocation Failure) 452M->312M(498M) 7,624ms
[2020-11-04T20:40:58.362+0300][132,286s][info][gc] GC(2058) Pause Young (Allocation Failure) 456M->317M(500M) 7,703ms
[2020-11-04T20:40:58.420+0300][132,343s][info][gc] GC(2059) Pause Young (Allocation Failure) 463M->321M(499M) 7,924ms
[2020-11-04T20:40:58.489+0300][132,412s][info][gc] GC(2060) Pause Young (Allocation Failure) 467M->329M(499M) 7,512ms
[2020-11-04T20:40:58.547+0300][132,471s][info][gc] GC(2061) Pause Young (Allocation Failure) 475M->333M(500M) 6,090ms
[2020-11-04T20:40:58.604+0300][132,527s][info][gc] GC(2062) Pause Young (Allocation Failure) 480M->338M(499M) 7,637ms
[2020-11-04T20:40:58.664+0300][132,587s][info][gc] GC(2063) Pause Young (Allocation Failure) 484M->342M(500M) 10,770ms
[2020-11-04T20:40:58.726+0300][132,650s][info][gc] GC(2064) Pause Young (Allocation Failure) 488M->346M(496M) 13,655ms
[2020-11-04T20:40:58.961+0300][132,885s][info][gc] GC(2065) Pause Full (Ergonomics) 346M->242M(498M) 234,988ms
[2020-11-04T20:40:59.017+0300][132,941s][info][gc] GC(2066) Pause Young (Allocation Failure) 385M->247M(498M) 4,128ms
[2020-11-04T20:40:59.072+0300][132,996s][info][gc] GC(2067) Pause Young (Allocation Failure) 390M->251M(498M) 7,265ms
[2020-11-04T20:40:59.131+0300][133,054s][info][gc] GC(2068) Pause Young (Allocation Failure) 394M->255M(494M) 10,254ms
[2020-11-04T20:40:59.191+0300][133,114s][info][gc] GC(2069) Pause Young (Allocation Failure) 395M->259M(494M) 13,121ms
[2020-11-04T20:40:59.251+0300][133,174s][info][gc] GC(2070) Pause Young (Allocation Failure) 399M->263M(493M) 13,068ms
[2020-11-04T20:40:59.309+0300][133,233s][info][gc] GC(2071) Pause Young (Allocation Failure) 399M->267M(494M) 12,986ms
[2020-11-04T20:40:59.365+0300][133,288s][info][gc] GC(2072) Pause Young (Allocation Failure) 403M->271M(495M) 9,849ms
[2020-11-04T20:40:59.418+0300][133,341s][info][gc] GC(2073) Pause Young (Allocation Failure) 409M->275M(495M) 7,065ms
[2020-11-04T20:40:59.471+0300][133,395s][info][gc] GC(2074) Pause Young (Allocation Failure) 413M->279M(496M) 7,100ms
[2020-11-04T20:40:59.525+0300][133,449s][info][gc] GC(2075) Pause Young (Allocation Failure) 418M->284M(496M) 7,181ms
[2020-11-04T20:40:59.581+0300][133,505s][info][gc] GC(2076) Pause Young (Allocation Failure) 422M->288M(497M) 7,335ms
[2020-11-04T20:40:59.636+0300][133,559s][info][gc] GC(2077) Pause Young (Allocation Failure) 428M->292M(496M) 7,424ms
[2020-11-04T20:40:59.690+0300][133,614s][info][gc] GC(2078) Pause Young (Allocation Failure) 432M->296M(497M) 7,392ms
[2020-11-04T20:40:59.745+0300][133,668s][info][gc] GC(2079) Pause Young (Allocation Failure) 437M->300M(497M) 7,348ms
[2020-11-04T20:40:59.800+0300][133,723s][info][gc] GC(2080) Pause Young (Allocation Failure) 441M->304M(498M) 7,467ms
[2020-11-04T20:40:59.855+0300][133,779s][info][gc] GC(2081) Pause Young (Allocation Failure) 447M->309M(498M) 7,500ms
[2020-11-04T20:40:59.911+0300][133,835s][info][gc] GC(2082) Pause Young (Allocation Failure) 452M->313M(499M) 7,675ms
[2020-11-04T20:40:59.968+0300][133,891s][info][gc] GC(2083) Pause Young (Allocation Failure) 458M->317M(499M) 7,751ms
[2020-11-04T20:41:00.024+0300][133,948s][info][gc] GC(2084) Pause Young (Allocation Failure) 462M->322M(500M) 7,794ms
[2020-11-04T20:41:00.094+0300][134,017s][info][gc] GC(2085) Pause Young (Allocation Failure) 469M->330M(500M) 7,451ms
[2020-11-04T20:41:00.150+0300][134,073s][info][gc] GC(2086) Pause Young (Allocation Failure) 477M->334M(496M) 6,216ms
[2020-11-04T20:41:00.206+0300][134,130s][info][gc] GC(2087) Pause Young (Allocation Failure) 476M->338M(498M) 7,564ms
[2020-11-04T20:41:00.430+0300][134,354s][info][gc] GC(2088) Pause Full (Ergonomics) 338M->234M(498M) 223,567ms
[2020-11-04T20:41:00.484+0300][134,408s][info][gc] GC(2089) Pause Young (Allocation Failure) 378M->239M(498M) 4,147ms
[2020-11-04T20:41:00.540+0300][134,463s][info][gc] GC(2090) Pause Young (Allocation Failure) 382M->243M(498M) 7,428ms
[2020-11-04T20:41:00.600+0300][134,523s][info][gc] GC(2091) Pause Young (Allocation Failure) 386M->247M(498M) 10,324ms
[2020-11-04T20:41:00.662+0300][134,585s][info][gc] GC(2092) Pause Young (Allocation Failure) 391M->251M(490M) 13,436ms
[2020-11-04T20:41:00.721+0300][134,645s][info][gc] GC(2093) Pause Young (Allocation Failure) 386M->255M(490M) 14,267ms
[2020-11-04T20:41:00.780+0300][134,704s][info][gc] GC(2094) Pause Young (Allocation Failure) 390M->259M(493M) 14,217ms
[2020-11-04T20:41:00.836+0300][134,760s][info][gc] GC(2095) Pause Young (Allocation Failure) 392M->263M(492M) 10,937ms
[2020-11-04T20:41:00.893+0300][134,817s][info][gc] GC(2096) Pause Young (Allocation Failure) 396M->267M(494M) 10,135ms
[2020-11-04T20:41:00.946+0300][134,869s][info][gc] GC(2097) Pause Young (Allocation Failure) 402M->271M(494M) 7,013ms
[2020-11-04T20:41:00.999+0300][134,922s][info][gc] GC(2098) Pause Young (Allocation Failure) 406M->275M(495M) 7,132ms
[2020-11-04T20:41:01.051+0300][134,975s][info][gc] GC(2099) Pause Young (Allocation Failure) 411M->279M(494M) 7,155ms
[2020-11-04T20:41:01.106+0300][135,030s][info][gc] GC(2100) Pause Young (Allocation Failure) 415M->283M(496M) 7,265ms
[2020-11-04T20:41:01.161+0300][135,085s][info][gc] GC(2101) Pause Young (Allocation Failure) 421M->287M(495M) 7,284ms
[2020-11-04T20:41:01.215+0300][135,139s][info][gc] GC(2102) Pause Young (Allocation Failure) 425M->291M(497M) 7,488ms
[2020-11-04T20:41:01.269+0300][135,193s][info][gc] GC(2103) Pause Young (Allocation Failure) 431M->296M(496M) 7,415ms
[2020-11-04T20:41:01.324+0300][135,248s][info][gc] GC(2104) Pause Young (Allocation Failure) 436M->300M(498M) 7,548ms
[2020-11-04T20:41:01.379+0300][135,303s][info][gc] GC(2105) Pause Young (Allocation Failure) 442M->304M(497M) 7,693ms
[2020-11-04T20:41:01.435+0300][135,358s][info][gc] GC(2106) Pause Young (Allocation Failure) 446M->308M(499M) 7,598ms
[2020-11-04T20:41:01.492+0300][135,415s][info][gc] GC(2107) Pause Young (Allocation Failure) 452M->312M(498M) 8,000ms
[2020-11-04T20:41:01.550+0300][135,474s][info][gc] GC(2108) Pause Young (Allocation Failure) 456M->317M(500M) 7,898ms
[2020-11-04T20:41:01.607+0300][135,531s][info][gc] GC(2109) Pause Young (Allocation Failure) 463M->321M(499M) 7,841ms
[2020-11-04T20:41:01.664+0300][135,588s][info][gc] GC(2110) Pause Young (Allocation Failure) 467M->325M(501M) 7,971ms
[2020-11-04T20:41:01.733+0300][135,657s][info][gc] GC(2111) Pause Young (Allocation Failure) 473M->333M(500M) 6,871ms
[2020-11-04T20:41:01.789+0300][135,713s][info][gc] GC(2112) Pause Young (Allocation Failure) 481M->338M(496M) 6,399ms
[2020-11-04T20:41:01.845+0300][135,769s][info][gc] GC(2113) Pause Young (Allocation Failure) 481M->342M(498M) 7,390ms
[2020-11-04T20:41:02.071+0300][135,995s][info][gc] GC(2114) Pause Full (Ergonomics) 342M->238M(499M) 225,674ms
[2020-11-04T20:41:02.126+0300][136,050s][info][gc] GC(2115) Pause Young (Allocation Failure) 383M->242M(499M) 4,066ms
[2020-11-04T20:41:02.182+0300][136,106s][info][gc] GC(2116) Pause Young (Allocation Failure) 387M->247M(499M) 7,391ms
[2020-11-04T20:41:02.242+0300][136,165s][info][gc] GC(2117) Pause Young (Allocation Failure) 391M->251M(499M) 10,540ms
[2020-11-04T20:41:02.304+0300][136,228s][info][gc] GC(2118) Pause Young (Allocation Failure) 395M->255M(489M) 13,567ms
[2020-11-04T20:41:02.363+0300][136,287s][info][gc] GC(2119) Pause Young (Allocation Failure) 390M->259M(489M) 13,319ms
[2020-11-04T20:41:02.422+0300][136,346s][info][gc] GC(2120) Pause Young (Allocation Failure) 394M->263M(493M) 13,139ms
[2020-11-04T20:41:02.478+0300][136,401s][info][gc] GC(2121) Pause Young (Allocation Failure) 396M->267M(493M) 10,738ms
[2020-11-04T20:41:02.532+0300][136,456s][info][gc] GC(2122) Pause Young (Allocation Failure) 400M->271M(494M) 9,698ms
[2020-11-04T20:41:02.585+0300][136,509s][info][gc] GC(2123) Pause Young (Allocation Failure) 407M->275M(494M) 7,336ms
[2020-11-04T20:41:02.638+0300][136,562s][info][gc] GC(2124) Pause Young (Allocation Failure) 411M->279M(495M) 7,157ms
[2020-11-04T20:41:02.692+0300][136,615s][info][gc] GC(2125) Pause Young (Allocation Failure) 416M->283M(495M) 7,220ms
[2020-11-04T20:41:02.745+0300][136,669s][info][gc] GC(2126) Pause Young (Allocation Failure) 420M->287M(496M) 7,161ms
[2020-11-04T20:41:02.799+0300][136,723s][info][gc] GC(2127) Pause Young (Allocation Failure) 425M->291M(495M) 7,417ms
[2020-11-04T20:41:02.854+0300][136,778s][info][gc] GC(2128) Pause Young (Allocation Failure) 429M->295M(497M) 7,441ms
[2020-11-04T20:41:02.909+0300][136,832s][info][gc] GC(2129) Pause Young (Allocation Failure) 435M->300M(496M) 7,350ms
[2020-11-04T20:41:02.963+0300][136,887s][info][gc] GC(2130) Pause Young (Allocation Failure) 440M->304M(498M) 7,436ms
[2020-11-04T20:41:03.020+0300][136,943s][info][gc] GC(2131) Pause Young (Allocation Failure) 446M->308M(497M) 7,534ms
[2020-11-04T20:41:03.075+0300][136,999s][info][gc] GC(2132) Pause Young (Allocation Failure) 450M->312M(499M) 7,546ms
[2020-11-04T20:41:03.132+0300][137,055s][info][gc] GC(2133) Pause Young (Allocation Failure) 456M->317M(498M) 7,761ms
[2020-11-04T20:41:03.188+0300][137,112s][info][gc] GC(2134) Pause Young (Allocation Failure) 461M->321M(500M) 7,721ms
[2020-11-04T20:41:03.245+0300][137,169s][info][gc] GC(2135) Pause Young (Allocation Failure) 467M->325M(499M) 7,873ms
[2020-11-04T20:41:03.314+0300][137,238s][info][gc] GC(2136) Pause Young (Allocation Failure) 471M->333M(499M) 9,066ms
[2020-11-04T20:41:03.370+0300][137,293s][info][gc] GC(2137) Pause Young (Allocation Failure) 480M->337M(500M) 6,282ms
[2020-11-04T20:41:03.429+0300][137,353s][info][gc] GC(2138) Pause Young (Allocation Failure) 484M->342M(499M) 7,517ms
[2020-11-04T20:41:03.489+0300][137,413s][info][gc] GC(2139) Pause Young (Allocation Failure) 488M->346M(500M) 10,778ms
[2020-11-04T20:41:03.575+0300][137,498s][info][gc] GC(2140) Pause Young (Allocation Failure) 492M->499M(500M) 36,228ms
[2020-11-04T20:41:03.829+0300][137,753s][info][gc] GC(2141) Pause Full (Ergonomics) 499M->246M(496M) 254,310ms
[2020-11-04T20:41:03.885+0300][137,808s][info][gc] GC(2142) Pause Young (Allocation Failure) 389M->250M(498M) 4,176ms
[2020-11-04T20:41:03.940+0300][137,864s][info][gc] GC(2143) Pause Young (Allocation Failure) 393M->255M(498M) 7,218ms
[2020-11-04T20:41:03.996+0300][137,919s][info][gc] GC(2144) Pause Young (Allocation Failure) 398M->259M(498M) 7,232ms
[2020-11-04T20:41:04.051+0300][137,975s][info][gc] GC(2145) Pause Young (Allocation Failure) 402M->263M(499M) 7,312ms
[2020-11-04T20:41:04.107+0300][138,031s][info][gc] GC(2146) Pause Young (Allocation Failure) 408M->267M(499M) 7,316ms
[2020-11-04T20:41:04.163+0300][138,087s][info][gc] GC(2147) Pause Young (Allocation Failure) 412M->272M(500M) 7,318ms
[2020-11-04T20:41:04.220+0300][138,144s][info][gc] GC(2148) Pause Young (Allocation Failure) 419M->276M(500M) 7,403ms
[2020-11-04T20:41:04.277+0300][138,200s][info][gc] GC(2149) Pause Young (Allocation Failure) 423M->280M(501M) 7,478ms
[2020-11-04T20:41:04.335+0300][138,259s][info][gc] GC(2150) Pause Young (Allocation Failure) 429M->285M(501M) 7,653ms
[2020-11-04T20:41:04.393+0300][138,316s][info][gc] GC(2151) Pause Young (Allocation Failure) 433M->289M(502M) 7,655ms
[2020-11-04T20:41:04.451+0300][138,375s][info][gc] GC(2152) Pause Young (Allocation Failure) 439M->294M(501M) 8,067ms
[2020-11-04T20:41:04.510+0300][138,434s][info][gc] GC(2153) Pause Young (Allocation Failure) 444M->298M(502M) 7,846ms
[2020-11-04T20:41:04.569+0300][138,492s][info][gc] GC(2154) Pause Young (Allocation Failure) 450M->303M(502M) 7,844ms
[2020-11-04T20:41:04.628+0300][138,551s][info][gc] GC(2155) Pause Young (Allocation Failure) 454M->307M(503M) 7,912ms
[2020-11-04T20:41:04.687+0300][138,611s][info][gc] GC(2156) Pause Young (Allocation Failure) 460M->312M(503M) 8,060ms
[2020-11-04T20:41:04.747+0300][138,671s][info][gc] GC(2157) Pause Young (Allocation Failure) 465M->316M(504M) 8,194ms
[2020-11-04T20:41:04.807+0300][138,731s][info][gc] GC(2158) Pause Young (Allocation Failure) 470M->321M(503M) 8,093ms
[2020-11-04T20:41:04.867+0300][138,791s][info][gc] GC(2159) Pause Young (Allocation Failure) 475M->325M(504M) 8,165ms
[2020-11-04T20:41:04.927+0300][138,851s][info][gc] GC(2160) Pause Young (Allocation Failure) 480M->330M(504M) 8,126ms
[2020-11-04T20:41:04.998+0300][138,922s][info][gc] GC(2161) Pause Young (Allocation Failure) 485M->338M(499M) 6,975ms
[2020-11-04T20:41:05.055+0300][138,979s][info][gc] GC(2162) Pause Young (Allocation Failure) 489M->343M(502M) 6,244ms
[2020-11-04T20:41:05.285+0300][139,208s][info][gc] GC(2163) Pause Full (Ergonomics) 343M->239M(502M) 229,427ms
[2020-11-04T20:41:05.341+0300][139,265s][info][gc] GC(2164) Pause Young (Allocation Failure) 389M->243M(502M) 4,280ms
[2020-11-04T20:41:05.401+0300][139,324s][info][gc] GC(2165) Pause Young (Allocation Failure) 394M->248M(500M) 7,498ms
[2020-11-04T20:41:05.462+0300][139,385s][info][gc] GC(2166) Pause Young (Allocation Failure) 397M->252M(501M) 10,741ms
[2020-11-04T20:41:05.524+0300][139,448s][info][gc] GC(2167) Pause Young (Allocation Failure) 402M->257M(491M) 11,972ms
[2020-11-04T20:41:05.583+0300][139,506s][info][gc] GC(2168) Pause Young (Allocation Failure) 396M->261M(496M) 11,653ms
[2020-11-04T20:41:05.640+0300][139,564s][info][gc] GC(2169) Pause Young (Allocation Failure) 400M->265M(497M) 10,293ms
[2020-11-04T20:41:05.698+0300][139,621s][info][gc] GC(2170) Pause Young (Allocation Failure) 406M->269M(497M) 10,076ms
[2020-11-04T20:41:05.756+0300][139,679s][info][gc] GC(2171) Pause Young (Allocation Failure) 410M->273M(498M) 10,196ms
[2020-11-04T20:41:05.812+0300][139,736s][info][gc] GC(2172) Pause Young (Allocation Failure) 415M->278M(497M) 7,339ms
[2020-11-04T20:41:05.868+0300][139,791s][info][gc] GC(2173) Pause Young (Allocation Failure) 420M->282M(498M) 7,403ms
[2020-11-04T20:41:05.924+0300][139,847s][info][gc] GC(2174) Pause Young (Allocation Failure) 424M->286M(498M) 7,353ms
[2020-11-04T20:41:05.981+0300][139,904s][info][gc] GC(2175) Pause Young (Allocation Failure) 428M->290M(498M) 7,371ms
[2020-11-04T20:41:06.037+0300][139,960s][info][gc] GC(2176) Pause Young (Allocation Failure) 434M->294M(498M) 7,445ms
[2020-11-04T20:41:06.092+0300][140,016s][info][gc] GC(2177) Pause Young (Allocation Failure) 438M->299M(499M) 7,487ms
[2020-11-04T20:41:06.149+0300][140,072s][info][gc] GC(2178) Pause Young (Allocation Failure) 444M->303M(499M) 7,632ms
[2020-11-04T20:41:06.206+0300][140,129s][info][gc] GC(2179) Pause Young (Allocation Failure) 448M->307M(500M) 7,529ms
[2020-11-04T20:41:06.263+0300][140,187s][info][gc] GC(2180) Pause Young (Allocation Failure) 454M->312M(500M) 7,724ms
[2020-11-04T20:41:06.320+0300][140,244s][info][gc] GC(2181) Pause Young (Allocation Failure) 458M->316M(501M) 7,897ms
[2020-11-04T20:41:06.378+0300][140,302s][info][gc] GC(2182) Pause Young (Allocation Failure) 464M->320M(500M) 7,988ms
[2020-11-04T20:41:06.437+0300][140,360s][info][gc] GC(2183) Pause Young (Allocation Failure) 468M->325M(501M) 8,092ms
[2020-11-04T20:41:06.496+0300][140,419s][info][gc] GC(2184) Pause Young (Allocation Failure) 474M->329M(501M) 8,090ms
[2020-11-04T20:41:06.554+0300][140,478s][info][gc] GC(2185) Pause Young (Allocation Failure) 479M->334M(502M) 8,076ms
[2020-11-04T20:41:06.624+0300][140,548s][info][gc] GC(2186) Pause Young (Allocation Failure) 485M->342M(501M) 6,392ms
[2020-11-04T20:41:06.682+0300][140,605s][info][gc] GC(2187) Pause Young (Allocation Failure) 493M->346M(497M) 6,898ms
[2020-11-04T20:41:06.911+0300][140,835s][info][gc] GC(2188) Pause Full (Ergonomics) 346M->242M(499M) 229,474ms
[2020-11-04T20:41:06.966+0300][140,890s][info][gc] GC(2189) Pause Young (Allocation Failure) 388M->247M(500M) 4,179ms
[2020-11-04T20:41:07.025+0300][140,949s][info][gc] GC(2190) Pause Young (Allocation Failure) 393M->251M(499M) 10,025ms
[2020-11-04T20:41:07.085+0300][141,009s][info][gc] GC(2191) Pause Young (Allocation Failure) 397M->255M(495M) 10,541ms
[2020-11-04T20:41:07.146+0300][141,070s][info][gc] GC(2192) Pause Young (Allocation Failure) 397M->259M(497M) 13,349ms
[2020-11-04T20:41:07.204+0300][141,127s][info][gc] GC(2193) Pause Young (Allocation Failure) 401M->264M(498M) 10,040ms
[2020-11-04T20:41:07.262+0300][141,185s][info][gc] GC(2194) Pause Young (Allocation Failure) 406M->268M(498M) 10,210ms
[2020-11-04T20:41:07.320+0300][141,244s][info][gc] GC(2195) Pause Young (Allocation Failure) 410M->272M(498M) 10,431ms
[2020-11-04T20:41:07.375+0300][141,299s][info][gc] GC(2196) Pause Young (Allocation Failure) 415M->276M(498M) 7,479ms
[2020-11-04T20:41:07.431+0300][141,354s][info][gc] GC(2197) Pause Young (Allocation Failure) 419M->281M(498M) 7,468ms
[2020-11-04T20:41:07.487+0300][141,411s][info][gc] GC(2198) Pause Young (Allocation Failure) 424M->285M(498M) 7,457ms
[2020-11-04T20:41:07.543+0300][141,466s][info][gc] GC(2199) Pause Young (Allocation Failure) 428M->289M(499M) 7,486ms
[2020-11-04T20:41:07.599+0300][141,523s][info][gc] GC(2200) Pause Young (Allocation Failure) 434M->293M(499M) 7,485ms
[2020-11-04T20:41:07.656+0300][141,579s][info][gc] GC(2201) Pause Young (Allocation Failure) 438M->298M(500M) 7,863ms
[2020-11-04T20:41:07.712+0300][141,636s][info][gc] GC(2202) Pause Young (Allocation Failure) 444M->302M(499M) 7,626ms
[2020-11-04T20:41:07.769+0300][141,692s][info][gc] GC(2203) Pause Young (Allocation Failure) 448M->306M(501M) 7,644ms
[2020-11-04T20:41:07.826+0300][141,750s][info][gc] GC(2204) Pause Young (Allocation Failure) 454M->311M(500M) 7,748ms
[2020-11-04T20:41:07.884+0300][141,808s][info][gc] GC(2205) Pause Young (Allocation Failure) 459M->315M(501M) 7,906ms
[2020-11-04T20:41:07.942+0300][141,866s][info][gc] GC(2206) Pause Young (Allocation Failure) 464M->320M(501M) 7,849ms
[2020-11-04T20:41:08.000+0300][141,924s][info][gc] GC(2207) Pause Young (Allocation Failure) 469M->324M(502M) 7,914ms
[2020-11-04T20:41:08.059+0300][141,982s][info][gc] GC(2208) Pause Young (Allocation Failure) 474M->328M(502M) 7,985ms
[2020-11-04T20:41:08.118+0300][142,042s][info][gc] GC(2209) Pause Young (Allocation Failure) 479M->333M(503M) 8,738ms
[2020-11-04T20:41:08.189+0300][142,113s][info][gc] GC(2210) Pause Young (Allocation Failure) 485M->341M(502M) 7,725ms
[2020-11-04T20:41:08.246+0300][142,170s][info][gc] GC(2211) Pause Young (Allocation Failure) 493M->346M(497M) 5,825ms
[2020-11-04T20:41:08.479+0300][142,403s][info][gc] GC(2212) Pause Full (Ergonomics) 346M->242M(499M) 232,686ms
[2020-11-04T20:41:08.534+0300][142,457s][info][gc] GC(2213) Pause Young (Allocation Failure) 387M->246M(500M) 4,247ms
[2020-11-04T20:41:08.590+0300][142,514s][info][gc] GC(2214) Pause Young (Allocation Failure) 392M->250M(499M) 7,288ms
[2020-11-04T20:41:08.651+0300][142,574s][info][gc] GC(2215) Pause Young (Allocation Failure) 396M->254M(495M) 10,589ms
[2020-11-04T20:41:08.712+0300][142,635s][info][gc] GC(2216) Pause Young (Allocation Failure) 396M->259M(497M) 13,101ms
[2020-11-04T20:41:08.769+0300][142,693s][info][gc] GC(2217) Pause Young (Allocation Failure) 400M->263M(498M) 9,931ms
[2020-11-04T20:41:08.828+0300][142,751s][info][gc] GC(2218) Pause Young (Allocation Failure) 406M->267M(498M) 10,214ms
[2020-11-04T20:41:08.886+0300][142,810s][info][gc] GC(2219) Pause Young (Allocation Failure) 410M->272M(498M) 10,232ms
[2020-11-04T20:41:08.945+0300][142,868s][info][gc] GC(2220) Pause Young (Allocation Failure) 415M->276M(498M) 10,293ms
[2020-11-04T20:41:09.000+0300][142,924s][info][gc] GC(2221) Pause Young (Allocation Failure) 419M->280M(498M) 7,352ms
[2020-11-04T20:41:09.056+0300][142,980s][info][gc] GC(2222) Pause Young (Allocation Failure) 423M->284M(498M) 7,354ms
[2020-11-04T20:41:09.112+0300][143,036s][info][gc] GC(2223) Pause Young (Allocation Failure) 428M->289M(499M) 7,390ms
[2020-11-04T20:41:09.169+0300][143,092s][info][gc] GC(2224) Pause Young (Allocation Failure) 433M->293M(499M) 7,412ms
[2020-11-04T20:41:09.226+0300][143,150s][info][gc] GC(2225) Pause Young (Allocation Failure) 437M->297M(499M) 7,530ms
[2020-11-04T20:41:09.283+0300][143,206s][info][gc] GC(2226) Pause Young (Allocation Failure) 443M->301M(499M) 7,560ms
[2020-11-04T20:41:09.339+0300][143,263s][info][gc] GC(2227) Pause Young (Allocation Failure) 447M->306M(500M) 7,596ms
[2020-11-04T20:41:09.397+0300][143,320s][info][gc] GC(2228) Pause Young (Allocation Failure) 453M->310M(500M) 7,767ms
[2020-11-04T20:41:09.454+0300][143,378s][info][gc] GC(2229) Pause Young (Allocation Failure) 457M->314M(501M) 7,729ms
[2020-11-04T20:41:09.512+0300][143,436s][info][gc] GC(2230) Pause Young (Allocation Failure) 463M->319M(501M) 7,788ms
[2020-11-04T20:41:09.570+0300][143,494s][info][gc] GC(2231) Pause Young (Allocation Failure) 467M->323M(502M) 7,800ms
[2020-11-04T20:41:09.628+0300][143,552s][info][gc] GC(2232) Pause Young (Allocation Failure) 473M->328M(501M) 7,916ms
[2020-11-04T20:41:09.687+0300][143,611s][info][gc] GC(2233) Pause Young (Allocation Failure) 478M->332M(502M) 8,099ms
[2020-11-04T20:41:09.746+0300][143,670s][info][gc] GC(2234) Pause Young (Allocation Failure) 483M->337M(502M) 8,033ms
[2020-11-04T20:41:09.817+0300][143,741s][info][gc] GC(2235) Pause Young (Allocation Failure) 488M->345M(501M) 7,963ms
[2020-11-04T20:41:10.052+0300][143,976s][info][gc] GC(2236) Pause Full (Ergonomics) 345M->241M(502M) 234,776ms
[2020-11-04T20:41:10.108+0300][144,031s][info][gc] GC(2237) Pause Young (Allocation Failure) 391M->245M(502M) 4,245ms
[2020-11-04T20:41:10.166+0300][144,089s][info][gc] GC(2238) Pause Young (Allocation Failure) 396M->250M(502M) 7,484ms
[2020-11-04T20:41:10.227+0300][144,151s][info][gc] GC(2239) Pause Young (Allocation Failure) 401M->254M(496M) 10,769ms
[2020-11-04T20:41:10.287+0300][144,211s][info][gc] GC(2240) Pause Young (Allocation Failure) 399M->259M(496M) 11,362ms
[2020-11-04T20:41:10.347+0300][144,271s][info][gc] GC(2241) Pause Young (Allocation Failure) 403M->263M(497M) 11,234ms
[2020-11-04T20:41:10.406+0300][144,330s][info][gc] GC(2242) Pause Young (Allocation Failure) 405M->267M(497M) 10,998ms
[2020-11-04T20:41:10.468+0300][144,392s][info][gc] GC(2243) Pause Young (Allocation Failure) 409M->271M(494M) 13,434ms
[2020-11-04T20:41:10.528+0300][144,451s][info][gc] GC(2244) Pause Young (Allocation Failure) 409M->275M(495M) 13,195ms
[2020-11-04T20:41:10.584+0300][144,508s][info][gc] GC(2245) Pause Young (Allocation Failure) 413M->279M(496M) 10,011ms
[2020-11-04T20:41:10.638+0300][144,561s][info][gc] GC(2246) Pause Young (Allocation Failure) 418M->284M(496M) 7,059ms
[2020-11-04T20:41:10.692+0300][144,616s][info][gc] GC(2247) Pause Young (Allocation Failure) 422M->288M(496M) 7,147ms
[2020-11-04T20:41:10.747+0300][144,670s][info][gc] GC(2248) Pause Young (Allocation Failure) 427M->292M(496M) 7,450ms
[2020-11-04T20:41:10.801+0300][144,725s][info][gc] GC(2249) Pause Young (Allocation Failure) 431M->296M(497M) 7,214ms
[2020-11-04T20:41:10.856+0300][144,779s][info][gc] GC(2250) Pause Young (Allocation Failure) 437M->300M(497M) 7,308ms
[2020-11-04T20:41:10.910+0300][144,834s][info][gc] GC(2251) Pause Young (Allocation Failure) 441M->304M(498M) 7,232ms
[2020-11-04T20:41:10.967+0300][144,891s][info][gc] GC(2252) Pause Young (Allocation Failure) 446M->309M(497M) 7,444ms
[2020-11-04T20:41:11.022+0300][144,946s][info][gc] GC(2253) Pause Young (Allocation Failure) 451M->313M(499M) 7,536ms
[2020-11-04T20:41:11.079+0300][145,002s][info][gc] GC(2254) Pause Young (Allocation Failure) 457M->317M(498M) 7,676ms
[2020-11-04T20:41:11.134+0300][145,058s][info][gc] GC(2255) Pause Young (Allocation Failure) 461M->321M(500M) 7,569ms
[2020-11-04T20:41:11.192+0300][145,115s][info][gc] GC(2256) Pause Young (Allocation Failure) 467M->326M(499M) 7,755ms
[2020-11-04T20:41:11.248+0300][145,172s][info][gc] GC(2257) Pause Young (Allocation Failure) 472M->330M(501M) 7,777ms
[2020-11-04T20:41:11.307+0300][145,230s][info][gc] GC(2258) Pause Young (Allocation Failure) 478M->334M(500M) 7,804ms
[2020-11-04T20:41:11.364+0300][145,288s][info][gc] GC(2259) Pause Young (Allocation Failure) 482M->339M(501M) 7,992ms
[2020-11-04T20:41:11.434+0300][145,357s][info][gc] GC(2260) Pause Young (Allocation Failure) 488M->347M(501M) 7,465ms
[2020-11-04T20:41:11.670+0300][145,594s][info][gc] GC(2261) Pause Full (Ergonomics) 347M->243M(501M) 236,348ms
[2020-11-04T20:41:11.726+0300][145,650s][info][gc] GC(2262) Pause Young (Allocation Failure) 391M->247M(501M) 4,207ms
[2020-11-04T20:41:11.784+0300][145,707s][info][gc] GC(2263) Pause Young (Allocation Failure) 396M->252M(499M) 7,470ms
[2020-11-04T20:41:11.844+0300][145,767s][info][gc] GC(2264) Pause Young (Allocation Failure) 399M->256M(500M) 10,680ms
[2020-11-04T20:41:11.909+0300][145,833s][info][gc] GC(2265) Pause Young (Allocation Failure) 403M->260M(490M) 15,596ms
[2020-11-04T20:41:11.968+0300][145,891s][info][gc] GC(2266) Pause Young (Allocation Failure) 398M->265M(495M) 12,491ms
[2020-11-04T20:41:12.024+0300][145,948s][info][gc] GC(2267) Pause Young (Allocation Failure) 402M->269M(496M) 10,238ms
[2020-11-04T20:41:12.078+0300][146,002s][info][gc] GC(2268) Pause Young (Allocation Failure) 408M->273M(496M) 7,164ms
[2020-11-04T20:41:12.132+0300][146,055s][info][gc] GC(2269) Pause Young (Allocation Failure) 412M->277M(497M) 7,193ms
[2020-11-04T20:41:12.186+0300][146,110s][info][gc] GC(2270) Pause Young (Allocation Failure) 417M->281M(496M) 7,208ms
[2020-11-04T20:41:12.241+0300][146,165s][info][gc] GC(2271) Pause Young (Allocation Failure) 421M->285M(498M) 7,269ms
[2020-11-04T20:41:12.296+0300][146,220s][info][gc] GC(2272) Pause Young (Allocation Failure) 427M->289M(497M) 7,407ms
[2020-11-04T20:41:12.352+0300][146,275s][info][gc] GC(2273) Pause Young (Allocation Failure) 431M->294M(498M) 7,595ms
[2020-11-04T20:41:12.408+0300][146,331s][info][gc] GC(2274) Pause Young (Allocation Failure) 437M->298M(498M) 7,528ms
[2020-11-04T20:41:12.463+0300][146,387s][info][gc] GC(2275) Pause Young (Allocation Failure) 441M->302M(499M) 7,647ms
[2020-11-04T20:41:12.520+0300][146,443s][info][gc] GC(2276) Pause Young (Allocation Failure) 447M->306M(499M) 7,603ms
[2020-11-04T20:41:12.576+0300][146,500s][info][gc] GC(2277) Pause Young (Allocation Failure) 451M->311M(500M) 7,641ms
[2020-11-04T20:41:12.634+0300][146,557s][info][gc] GC(2278) Pause Young (Allocation Failure) 458M->315M(500M) 7,817ms
[2020-11-04T20:41:12.691+0300][146,615s][info][gc] GC(2279) Pause Young (Allocation Failure) 462M->319M(501M) 7,896ms
[2020-11-04T20:41:12.749+0300][146,673s][info][gc] GC(2280) Pause Young (Allocation Failure) 468M->324M(501M) 7,917ms
[2020-11-04T20:41:12.807+0300][146,731s][info][gc] GC(2281) Pause Young (Allocation Failure) 473M->328M(502M) 8,008ms
[2020-11-04T20:41:12.866+0300][146,789s][info][gc] GC(2282) Pause Young (Allocation Failure) 479M->333M(502M) 8,011ms
[2020-11-04T20:41:12.925+0300][146,848s][info][gc] GC(2283) Pause Young (Allocation Failure) 483M->337M(503M) 8,295ms
[2020-11-04T20:41:12.984+0300][146,908s][info][gc] GC(2284) Pause Young (Allocation Failure) 489M->342M(502M) 8,140ms
[2020-11-04T20:41:13.301+0300][147,225s][info][gc] GC(2285) Pause Full (Ergonomics) 342M->341M(503M) 317,059ms
[2020-11-04T20:41:13.610+0300][147,534s][info][gc] GC(2286) Pause Full (Ergonomics) 494M->246M(503M) 239,510ms
[2020-11-04T20:41:13.668+0300][147,591s][info][gc] GC(2287) Pause Young (Allocation Failure) 399M->251M(503M) 4,376ms
[2020-11-04T20:41:13.727+0300][147,651s][info][gc] GC(2288) Pause Young (Allocation Failure) 404M->255M(503M) 7,653ms
[2020-11-04T20:41:13.789+0300][147,713s][info][gc] GC(2289) Pause Young (Allocation Failure) 408M->260M(501M) 10,527ms
[2020-11-04T20:41:13.848+0300][147,772s][info][gc] GC(2290) Pause Young (Allocation Failure) 411M->264M(502M) 7,736ms
[2020-11-04T20:41:13.910+0300][147,833s][info][gc] GC(2291) Pause Young (Allocation Failure) 416M->268M(495M) 10,867ms
[2020-11-04T20:41:13.970+0300][147,893s][info][gc] GC(2292) Pause Young (Allocation Failure) 413M->273M(499M) 11,141ms
[2020-11-04T20:41:14.026+0300][147,950s][info][gc] GC(2293) Pause Young (Allocation Failure) 417M->277M(498M) 8,133ms
[2020-11-04T20:41:14.087+0300][148,011s][info][gc] GC(2294) Pause Young (Allocation Failure) 422M->281M(499M) 11,205ms
[2020-11-04T20:41:14.149+0300][148,073s][info][gc] GC(2295) Pause Young (Allocation Failure) 426M->286M(493M) 13,767ms
[2020-11-04T20:41:14.209+0300][148,133s][info][gc] GC(2296) Pause Young (Allocation Failure) 424M->290M(496M) 12,958ms
[2020-11-04T20:41:14.272+0300][148,196s][info][gc] GC(2297) Pause Young (Allocation Failure) 428M->294M(490M) 16,841ms
[2020-11-04T20:41:14.330+0300][148,254s][info][gc] GC(2298) Pause Young (Allocation Failure) 426M->298M(490M) 13,211ms
[2020-11-04T20:41:14.392+0300][148,315s][info][gc] GC(2299) Pause Young (Allocation Failure) 430M->302M(485M) 17,027ms
[2020-11-04T20:41:14.454+0300][148,378s][info][gc] GC(2300) Pause Young (Allocation Failure) 425M->305M(488M) 20,839ms
[2020-11-04T20:41:14.521+0300][148,445s][info][gc] GC(2301) Pause Young (Allocation Failure) 429M->309M(479M) 24,858ms
[2020-11-04T20:41:14.580+0300][148,503s][info][gc] GC(2302) Pause Young (Allocation Failure) 424M->312M(478M) 20,069ms
[2020-11-04T20:41:14.642+0300][148,565s][info][gc] GC(2303) Pause Young (Allocation Failure) 427M->316M(479M) 23,524ms
[2020-11-04T20:41:14.701+0300][148,624s][info][gc] GC(2304) Pause Young (Allocation Failure) 423M->319M(470M) 22,724ms
[2020-11-04T20:41:14.759+0300][148,682s][info][gc] GC(2305) Pause Young (Allocation Failure) 426M->322M(479M) 21,617ms
[2020-11-04T20:41:14.815+0300][148,739s][info][gc] GC(2306) Pause Young (Allocation Failure) 428M->325M(479M) 21,188ms
[2020-11-04T20:41:14.871+0300][148,795s][info][gc] GC(2307) Pause Young (Allocation Failure) 431M->329M(481M) 20,713ms
[2020-11-04T20:41:14.924+0300][148,847s][info][gc] GC(2308) Pause Young (Allocation Failure) 436M->332M(479M) 15,787ms
[2020-11-04T20:41:14.973+0300][148,896s][info][gc] GC(2309) Pause Young (Allocation Failure) 439M->335M(483M) 12,894ms
[2020-11-04T20:41:15.024+0300][148,947s][info][gc] GC(2310) Pause Young (Allocation Failure) 446M->338M(482M) 13,105ms
[2020-11-04T20:41:15.074+0300][148,998s][info][gc] GC(2311) Pause Young (Allocation Failure) 450M->342M(485M) 13,096ms
[2020-11-04T20:41:15.127+0300][149,050s][info][gc] GC(2312) Pause Young (Allocation Failure) 457M->345M(484M) 13,562ms
[2020-11-04T20:41:15.190+0300][149,114s][info][gc] GC(2313) Pause Young (Allocation Failure) 460M->352M(486M) 12,656ms
[2020-11-04T20:41:15.428+0300][149,352s][info][gc] GC(2314) Pause Full (Ergonomics) 352M->248M(485M) 237,804ms
[2020-11-04T20:41:15.472+0300][149,396s][info][gc] GC(2315) Pause Young (Allocation Failure) 366M->252M(484M) 3,463ms
[2020-11-04T20:41:15.520+0300][149,443s][info][gc] GC(2316) Pause Young (Allocation Failure) 368M->255M(485M) 7,150ms
[2020-11-04T20:41:15.574+0300][149,498s][info][gc] GC(2317) Pause Young (Allocation Failure) 371M->258M(486M) 9,399ms
[2020-11-04T20:41:15.631+0300][149,555s][info][gc] GC(2318) Pause Young (Allocation Failure) 376M->262M(485M) 12,440ms
[2020-11-04T20:41:15.698+0300][149,622s][info][gc] GC(2319) Pause Young (Allocation Failure) 379M->265M(486M) 15,549ms
[2020-11-04T20:41:15.763+0300][149,687s][info][gc] GC(2320) Pause Young (Allocation Failure) 385M->269M(482M) 19,118ms
[2020-11-04T20:41:15.833+0300][149,756s][info][gc] GC(2321) Pause Young (Allocation Failure) 388M->272M(480M) 23,650ms
[2020-11-04T20:41:15.903+0300][149,827s][info][gc] GC(2322) Pause Young (Allocation Failure) 384M->276M(481M) 25,885ms
[2020-11-04T20:41:15.976+0300][149,899s][info][gc] GC(2323) Pause Young (Allocation Failure) 387M->279M(470M) 29,633ms
[2020-11-04T20:41:16.050+0300][149,974s][info][gc] GC(2324) Pause Young (Allocation Failure) 376M->282M(473M) 34,075ms
[2020-11-04T20:41:16.120+0300][150,044s][info][gc] GC(2325) Pause Young (Allocation Failure) 379M->285M(466M) 37,161ms
[2020-11-04T20:41:16.181+0300][150,105s][info][gc] GC(2326) Pause Young (Allocation Failure) 370M->287M(469M) 31,875ms
[2020-11-04T20:41:16.236+0300][150,160s][info][gc] GC(2327) Pause Young (Allocation Failure) 373M->290M(472M) 26,609ms
[2020-11-04T20:41:16.287+0300][150,211s][info][gc] GC(2328) Pause Young (Allocation Failure) 378M->293M(470M) 20,932ms
[2020-11-04T20:41:16.333+0300][150,256s][info][gc] GC(2329) Pause Young (Allocation Failure) 381M->295M(474M) 15,509ms
[2020-11-04T20:41:16.377+0300][150,301s][info][gc] GC(2330) Pause Young (Allocation Failure) 389M->298M(473M) 12,684ms
[2020-11-04T20:41:16.420+0300][150,344s][info][gc] GC(2331) Pause Young (Allocation Failure) 392M->301M(474M) 10,921ms
[2020-11-04T20:41:16.461+0300][150,385s][info][gc] GC(2332) Pause Young (Allocation Failure) 395M->304M(474M) 9,189ms
[2020-11-04T20:41:16.501+0300][150,424s][info][gc] GC(2333) Pause Young (Allocation Failure) 398M->306M(474M) 7,361ms
[2020-11-04T20:41:16.538+0300][150,462s][info][gc] GC(2334) Pause Young (Allocation Failure) 401M->309M(474M) 5,380ms
[2020-11-04T20:41:16.577+0300][150,500s][info][gc] GC(2335) Pause Young (Allocation Failure) 404M->312M(474M) 5,273ms
[2020-11-04T20:41:16.614+0300][150,538s][info][gc] GC(2336) Pause Young (Allocation Failure) 407M->315M(474M) 5,315ms
[2020-11-04T20:41:16.654+0300][150,578s][info][gc] GC(2337) Pause Young (Allocation Failure) 410M->318M(477M) 7,501ms
[2020-11-04T20:41:16.698+0300][150,622s][info][gc] GC(2338) Pause Young (Allocation Failure) 417M->321M(475M) 9,659ms
[2020-11-04T20:41:16.744+0300][150,667s][info][gc] GC(2339) Pause Young (Allocation Failure) 420M->323M(480M) 11,693ms
[2020-11-04T20:41:16.794+0300][150,717s][info][gc] GC(2340) Pause Young (Allocation Failure) 430M->327M(479M) 14,176ms
[2020-11-04T20:41:16.847+0300][150,771s][info][gc] GC(2341) Pause Young (Allocation Failure) 433M->330M(478M) 17,115ms
[2020-11-04T20:41:16.903+0300][150,827s][info][gc] GC(2342) Pause Young (Allocation Failure) 435M->333M(468M) 20,839ms
[2020-11-04T20:41:16.961+0300][150,884s][info][gc] GC(2343) Pause Young (Allocation Failure) 438M->336M(477M) 21,808ms
[2020-11-04T20:41:17.017+0300][150,941s][info][gc] GC(2344) Pause Young (Allocation Failure) 439M->339M(478M) 21,991ms
[2020-11-04T20:41:17.071+0300][150,994s][info][gc] GC(2345) Pause Young (Allocation Failure) 442M->342M(480M) 18,686ms
[2020-11-04T20:41:17.121+0300][151,045s][info][gc] GC(2346) Pause Young (Allocation Failure) 447M->345M(478M) 15,271ms
[2020-11-04T20:41:17.476+0300][151,400s][info][gc] GC(2347) Pause Full (Ergonomics) 345M->344M(478M) 355,048ms
[2020-11-04T20:41:17.768+0300][151,692s][info][gc] GC(2348) Pause Full (Ergonomics) 449M->347M(477M) 251,702ms
[2020-11-04T20:41:18.057+0300][151,981s][info][gc] GC(2349) Pause Full (Ergonomics) 446M->251M(478M) 242,696ms
[2020-11-04T20:41:18.096+0300][152,020s][info][gc] GC(2350) Pause Young (Allocation Failure) 356M->254M(481M) 3,170ms
[2020-11-04T20:41:18.138+0300][152,062s][info][gc] GC(2351) Pause Young (Allocation Failure) 363M->257M(481M) 5,564ms
[2020-11-04T20:41:18.183+0300][152,107s][info][gc] GC(2352) Pause Young (Allocation Failure) 366M->261M(482M) 7,829ms
[2020-11-04T20:41:18.230+0300][152,154s][info][gc] GC(2353) Pause Young (Allocation Failure) 371M->264M(481M) 10,182ms
[2020-11-04T20:41:18.280+0300][152,204s][info][gc] GC(2354) Pause Young (Allocation Failure) 374M->267M(484M) 12,535ms
[2020-11-04T20:41:18.335+0300][152,258s][info][gc] GC(2355) Pause Young (Allocation Failure) 382M->270M(476M) 15,722ms
[2020-11-04T20:41:18.393+0300][152,317s][info][gc] GC(2356) Pause Young (Allocation Failure) 385M->274M(479M) 19,739ms
[2020-11-04T20:41:18.454+0300][152,378s][info][gc] GC(2357) Pause Young (Allocation Failure) 383M->277M(477M) 23,599ms
[2020-11-04T20:41:18.518+0300][152,442s][info][gc] GC(2358) Pause Young (Allocation Failure) 387M->280M(472M) 27,244ms
[2020-11-04T20:41:18.582+0300][152,506s][info][gc] GC(2359) Pause Young (Allocation Failure) 378M->283M(471M) 30,825ms
[2020-11-04T20:41:18.649+0300][152,573s][info][gc] GC(2360) Pause Young (Allocation Failure) 381M->286M(464M) 34,389ms
[2020-11-04T20:41:18.714+0300][152,638s][info][gc] GC(2361) Pause Young (Allocation Failure) 369M->288M(461M) 37,207ms
[2020-11-04T20:41:18.782+0300][152,706s][info][gc] GC(2362) Pause Young (Allocation Failure) 371M->291M(456M) 40,324ms
[2020-11-04T20:41:18.848+0300][152,771s][info][gc] GC(2363) Pause Young (Allocation Failure) 357M->293M(450M) 42,920ms
[2020-11-04T20:41:18.916+0300][152,839s][info][gc] GC(2364) Pause Young (Allocation Failure) 359M->295M(455M) 45,270ms
[2020-11-04T20:41:18.982+0300][152,906s][info][gc] GC(2365) Pause Young (Allocation Failure) 352M->297M(455M) 46,817ms
[2020-11-04T20:41:19.043+0300][152,967s][info][gc] GC(2366) Pause Young (Allocation Failure) 354M->298M(455M) 41,697ms
[2020-11-04T20:41:19.099+0300][153,022s][info][gc] GC(2367) Pause Young (Allocation Failure) 356M->300M(455M) 35,809ms
[2020-11-04T20:41:19.148+0300][153,072s][info][gc] GC(2368) Pause Young (Allocation Failure) 358M->302M(457M) 29,671ms
[2020-11-04T20:41:19.192+0300][153,115s][info][gc] GC(2369) Pause Young (Allocation Failure) 361M->304M(455M) 23,771ms
[2020-11-04T20:41:19.230+0300][153,154s][info][gc] GC(2370) Pause Young (Allocation Failure) 363M->305M(459M) 18,417ms
[2020-11-04T20:41:19.266+0300][153,190s][info][gc] GC(2371) Pause Young (Allocation Failure) 369M->307M(458M) 14,515ms
[2020-11-04T20:41:19.300+0300][153,224s][info][gc] GC(2372) Pause Young (Allocation Failure) 371M->309M(460M) 12,670ms
[2020-11-04T20:41:19.336+0300][153,259s][info][gc] GC(2373) Pause Young (Allocation Failure) 375M->311M(459M) 12,747ms
[2020-11-04T20:41:19.371+0300][153,294s][info][gc] GC(2374) Pause Young (Allocation Failure) 377M->313M(462M) 12,768ms
[2020-11-04T20:41:19.409+0300][153,333s][info][gc] GC(2375) Pause Young (Allocation Failure) 383M->315M(461M) 14,355ms
[2020-11-04T20:41:19.449+0300][153,373s][info][gc] GC(2376) Pause Young (Allocation Failure) 385M->317M(466M) 16,491ms
[2020-11-04T20:41:19.494+0300][153,418s][info][gc] GC(2377) Pause Young (Allocation Failure) 395M->319M(464M) 19,133ms
[2020-11-04T20:41:19.542+0300][153,466s][info][gc] GC(2378) Pause Young (Allocation Failure) 397M->322M(470M) 21,764ms
[2020-11-04T20:41:19.597+0300][153,520s][info][gc] GC(2379) Pause Young (Allocation Failure) 407M->324M(469M) 25,250ms
[2020-11-04T20:41:19.654+0300][153,578s][info][gc] GC(2380) Pause Young (Allocation Failure) 410M->327M(468M) 28,261ms
[2020-11-04T20:41:19.714+0300][153,638s][info][gc] GC(2381) Pause Young (Allocation Failure) 411M->329M(457M) 31,394ms
[2020-11-04T20:41:19.775+0300][153,699s][info][gc] GC(2382) Pause Young (Allocation Failure) 414M->332M(466M) 32,446ms
[2020-11-04T20:41:19.836+0300][153,760s][info][gc] GC(2383) Pause Young (Allocation Failure) 413M->334M(455M) 33,708ms
[2020-11-04T20:41:19.898+0300][153,821s][info][gc] GC(2384) Pause Young (Allocation Failure) 416M->337M(465M) 34,230ms
[2020-11-04T20:41:19.959+0300][153,883s][info][gc] GC(2385) Pause Young (Allocation Failure) 415M->339M(454M) 34,797ms
[2020-11-04T20:41:20.022+0300][153,945s][info][gc] GC(2386) Pause Young (Allocation Failure) 418M->341M(464M) 35,909ms
[2020-11-04T20:41:20.084+0300][154,008s][info][gc] GC(2387) Pause Young (Allocation Failure) 418M->344M(452M) 36,411ms
[2020-11-04T20:41:20.146+0300][154,070s][info][gc] GC(2388) Pause Young (Allocation Failure) 420M->346M(463M) 36,336ms
[2020-11-04T20:41:20.208+0300][154,132s][info][gc] GC(2389) Pause Young (Allocation Failure) 420M->348M(451M) 36,623ms
[2020-11-04T20:41:20.270+0300][154,194s][info][gc] GC(2390) Pause Young (Allocation Failure) 423M->350M(464M) 37,032ms
[2020-11-04T20:41:20.342+0300][154,266s][info][gc] GC(2391) Pause Young (Allocation Failure) 425M->356M(463M) 34,319ms
[2020-11-04T20:41:20.395+0300][154,319s][info][gc] GC(2392) Pause Young (Allocation Failure) 431M->358M(465M) 27,880ms
[2020-11-04T20:41:20.446+0300][154,369s][info][gc] GC(2393) Pause Young (Allocation Failure) 434M->361M(464M) 24,725ms
[2020-11-04T20:41:20.493+0300][154,417s][info][gc] GC(2394) Pause Young (Allocation Failure) 437M->363M(466M) 21,499ms
[2020-11-04T20:41:20.538+0300][154,461s][info][gc] GC(2395) Pause Young (Allocation Failure) 441M->365M(465M) 18,307ms
[2020-11-04T20:41:20.581+0300][154,505s][info][gc] GC(2396) Pause Young (Allocation Failure) 443M->368M(467M) 16,865ms
[2020-11-04T20:41:20.624+0300][154,548s][info][gc] GC(2397) Pause Young (Allocation Failure) 449M->370M(467M) 15,767ms
[2020-11-04T20:41:20.667+0300][154,591s][info][gc] GC(2398) Pause Young (Allocation Failure) 451M->372M(465M) 15,861ms
[2020-11-04T20:41:20.711+0300][154,634s][info][gc] GC(2399) Pause Young (Allocation Failure) 452M->375M(459M) 16,232ms
[2020-11-04T20:41:20.962+0300][154,886s][info][gc] GC(2400) Pause Full (Ergonomics) 375M->271M(466M) 251,717ms
[2020-11-04T20:41:20.994+0300][154,917s][info][gc] GC(2401) Pause Young (Allocation Failure) 349M->273M(422M) 2,586ms
[2020-11-04T20:41:21.024+0300][154,948s][info][gc] GC(2402) Pause Young (Allocation Failure) 352M->275M(457M) 4,237ms
[2020-11-04T20:41:21.052+0300][154,976s][info][gc] GC(2403) Pause Young (Allocation Failure) 341M->277M(414M) 5,685ms
[2020-11-04T20:41:21.082+0300][155,005s][info][gc] GC(2404) Pause Young (Allocation Failure) 343M->279M(458M) 7,036ms
[2020-11-04T20:41:21.111+0300][155,035s][info][gc] GC(2405) Pause Young (Allocation Failure) 343M->281M(458M) 8,324ms
[2020-11-04T20:41:21.143+0300][155,066s][info][gc] GC(2406) Pause Young (Allocation Failure) 345M->283M(460M) 9,702ms
[2020-11-04T20:41:21.176+0300][155,100s][info][gc] GC(2407) Pause Young (Allocation Failure) 349M->285M(459M) 11,085ms
[2020-11-04T20:41:21.211+0300][155,134s][info][gc] GC(2408) Pause Young (Allocation Failure) 351M->287M(464M) 12,464ms
[2020-11-04T20:41:21.249+0300][155,173s][info][gc] GC(2409) Pause Young (Allocation Failure) 360M->289M(462M) 14,087ms
[2020-11-04T20:41:21.291+0300][155,214s][info][gc] GC(2410) Pause Young (Allocation Failure) 362M->291M(469M) 16,335ms
[2020-11-04T20:41:21.337+0300][155,261s][info][gc] GC(2411) Pause Young (Allocation Failure) 373M->293M(466M) 19,224ms
[2020-11-04T20:41:21.388+0300][155,311s][info][gc] GC(2412) Pause Young (Allocation Failure) 375M->296M(470M) 22,204ms
[2020-11-04T20:41:21.443+0300][155,366s][info][gc] GC(2413) Pause Young (Allocation Failure) 383M->299M(457M) 25,524ms
[2020-11-04T20:41:21.501+0300][155,425s][info][gc] GC(2414) Pause Young (Allocation Failure) 386M->301M(467M) 28,758ms
[2020-11-04T20:41:21.561+0300][155,485s][info][gc] GC(2415) Pause Young (Allocation Failure) 385M->304M(458M) 31,837ms
[2020-11-04T20:41:21.624+0300][155,548s][info][gc] GC(2416) Pause Young (Allocation Failure) 387M->306M(466M) 34,719ms
[2020-11-04T20:41:21.683+0300][155,607s][info][gc] GC(2417) Pause Young (Allocation Failure) 386M->308M(466M) 32,110ms
[2020-11-04T20:41:21.740+0300][155,664s][info][gc] GC(2418) Pause Young (Allocation Failure) 388M->311M(467M) 30,135ms
[2020-11-04T20:41:21.797+0300][155,720s][info][gc] GC(2419) Pause Young (Allocation Failure) 391M->313M(466M) 28,722ms
[2020-11-04T20:41:21.851+0300][155,774s][info][gc] GC(2420) Pause Young (Allocation Failure) 394M->316M(470M) 26,823ms
[2020-11-04T20:41:21.904+0300][155,828s][info][gc] GC(2421) Pause Young (Allocation Failure) 402M->318M(469M) 24,672ms
[2020-11-04T20:41:21.955+0300][155,879s][info][gc] GC(2422) Pause Young (Allocation Failure) 404M->321M(472M) 21,923ms
[2020-11-04T20:41:22.005+0300][155,928s][info][gc] GC(2423) Pause Young (Allocation Failure) 411M->323M(471M) 18,908ms
[2020-11-04T20:41:22.052+0300][155,975s][info][gc] GC(2424) Pause Young (Allocation Failure) 414M->326M(473M) 16,366ms
[2020-11-04T20:41:22.097+0300][156,020s][info][gc] GC(2425) Pause Young (Allocation Failure) 418M->329M(472M) 14,257ms
[2020-11-04T20:41:22.142+0300][156,066s][info][gc] GC(2426) Pause Young (Allocation Failure) 421M->332M(474M) 14,392ms
[2020-11-04T20:41:22.189+0300][156,112s][info][gc] GC(2427) Pause Young (Allocation Failure) 425M->334M(473M) 14,911ms
[2020-11-04T20:41:22.236+0300][156,159s][info][gc] GC(2428) Pause Young (Allocation Failure) 428M->337M(476M) 15,247ms
[2020-11-04T20:41:22.286+0300][156,210s][info][gc] GC(2429) Pause Young (Allocation Failure) 434M->340M(474M) 18,145ms
[2020-11-04T20:41:22.341+0300][156,265s][info][gc] GC(2430) Pause Young (Allocation Failure) 437M->343M(477M) 21,778ms
[2020-11-04T20:41:22.400+0300][156,324s][info][gc] GC(2431) Pause Young (Allocation Failure) 443M->346M(470M) 25,302ms
[2020-11-04T20:41:22.463+0300][156,387s][info][gc] GC(2432) Pause Young (Allocation Failure) 446M->349M(474M) 29,072ms
[2020-11-04T20:41:22.525+0300][156,449s][info][gc] GC(2433) Pause Young (Allocation Failure) 445M->352M(466M) 29,709ms
