[2020-11-04T21:11:31.525+0300][0.004s][info][gc] Using Parallel
[2020-11-04T21:11:31.765+0300][0,244s][info][gc] GC(0) Pause Young (System.gc()) 122M->2M(11776M) 1,874ms
[2020-11-04T21:11:31.773+0300][0,251s][info][gc] GC(1) Pause Full (System.gc()) 2M->1M(11776M) 7,317ms
[2020-11-04T21:11:31.773+0300][0,252s][info][gc] GC(2) Pause Young (System.gc()) 1M->1M(11776M) 0,309ms
[2020-11-04T21:11:31.784+0300][0,263s][info][gc] GC(3) Pause Full (System.gc()) 1M->1M(11776M) 10,772ms
[2020-11-04T21:11:33.952+0300][2,431s][info][gc] GC(4) Pause Young (Allocation Failure) 3073M->123M(11776M) 47,609ms
[2020-11-04T21:11:35.057+0300][3,536s][info][gc] GC(5) Pause Young (Allocation Failure) 3195M->140M(11776M) 44,509ms
[2020-11-04T21:11:36.158+0300][4,637s][info][gc] GC(6) Pause Young (Allocation Failure) 3212M->159M(11776M) 46,962ms
[2020-11-04T21:11:37.250+0300][5,729s][info][gc] GC(7) Pause Young (Allocation Failure) 3231M->179M(11776M) 46,377ms
[2020-11-04T21:11:38.350+0300][6,829s][info][gc] GC(8) Pause Young (Allocation Failure) 3251M->199M(11776M) 45,921ms
[2020-11-04T21:11:39.447+0300][7,926s][info][gc] GC(9) Pause Young (Allocation Failure) 3271M->219M(11957M) 40,814ms
[2020-11-04T21:11:40.836+0300][9,315s][info][gc] GC(10) Pause Young (Allocation Failure) 3704M->258M(11867M) 55,988ms
[2020-11-04T21:11:42.089+0300][10,567s][info][gc] GC(11) Pause Young (Allocation Failure) 3743M->298M(11983M) 45,835ms
[2020-11-04T21:11:43.326+0300][11,805s][info][gc] GC(12) Pause Young (Allocation Failure) 3778M->338M(11976M) 41,774ms
[2020-11-04T21:11:44.561+0300][13,039s][info][gc] GC(13) Pause Young (Allocation Failure) 3817M->378M(12008M) 35,707ms
[2020-11-04T21:11:45.808+0300][14,287s][info][gc] GC(14) Pause Young (Allocation Failure) 3906M->420M(12000M) 29,660ms
[2020-11-04T21:11:47.051+0300][15,529s][info][gc] GC(15) Pause Young (Allocation Failure) 3949M->461M(12015M) 24,399ms
[2020-11-04T21:11:48.290+0300][16,769s][info][gc] GC(16) Pause Young (Allocation Failure) 4007M->501M(12011M) 25,085ms
[2020-11-04T21:11:49.512+0300][17,991s][info][gc] GC(17) Pause Young (Allocation Failure) 4048M->539M(12028M) 24,756ms
[2020-11-04T21:11:50.763+0300][19,242s][info][gc] GC(18) Pause Young (Allocation Failure) 4109M->581M(12021M) 25,701ms
[2020-11-04T21:11:52.020+0300][20,498s][info][gc] GC(19) Pause Young (Allocation Failure) 4151M->623M(12045M) 26,995ms
[2020-11-04T21:11:53.287+0300][21,766s][info][gc] GC(20) Pause Young (Allocation Failure) 4225M->666M(12036M) 28,334ms
[2020-11-04T21:11:54.561+0300][23,039s][info][gc] GC(21) Pause Young (Allocation Failure) 4268M->710M(12064M) 30,111ms
[2020-11-04T21:11:55.851+0300][24,330s][info][gc] GC(22) Pause Young (Allocation Failure) 4348M->754M(12054M) 31,864ms
[2020-11-04T21:11:57.135+0300][25,614s][info][gc] GC(23) Pause Young (Allocation Failure) 4393M->799M(12084M) 34,285ms
[2020-11-04T21:11:58.445+0300][26,923s][info][gc] GC(24) Pause Young (Allocation Failure) 4478M->845M(12074M) 36,764ms
[2020-11-04T21:11:59.749+0300][28,228s][info][gc] GC(25) Pause Young (Allocation Failure) 4524M->892M(12104M) 39,763ms
[2020-11-04T21:12:01.067+0300][29,546s][info][gc] GC(26) Pause Young (Allocation Failure) 4611M->940M(12095M) 42,056ms
[2020-11-04T21:12:02.453+0300][30,932s][info][gc] GC(27) Pause Young (Allocation Failure) 4659M->988M(12114M) 46,100ms
[2020-11-04T21:12:03.791+0300][32,269s][info][gc] GC(28) Pause Young (Allocation Failure) 4733M->1037M(12111M) 50,059ms
[2020-11-04T21:12:05.129+0300][33,608s][info][gc] GC(29) Pause Young (Allocation Failure) 4782M->1085M(12113M) 53,228ms
[2020-11-04T21:12:06.477+0300][34,956s][info][gc] GC(30) Pause Young (Allocation Failure) 4834M->1135M(12067M) 56,940ms
[2020-11-04T21:12:07.824+0300][36,303s][info][gc] GC(31) Pause Young (Allocation Failure) 4884M->1184M(12102M) 60,265ms
[2020-11-04T21:12:09.171+0300][37,650s][info][gc] GC(32) Pause Young (Allocation Failure) 4917M->1232M(12065M) 64,300ms
[2020-11-04T21:12:10.484+0300][38,963s][info][gc] GC(33) Pause Young (Allocation Failure) 4965M->1181M(12096M) 17,927ms
[2020-11-04T21:12:11.786+0300][40,265s][info][gc] GC(34) Pause Young (Allocation Failure) 4898M->1229M(12098M) 20,966ms
[2020-11-04T21:12:13.085+0300][41,564s][info][gc] GC(35) Pause Young (Allocation Failure) 4946M->1277M(12102M) 23,976ms
[2020-11-04T21:12:14.387+0300][42,866s][info][gc] GC(36) Pause Young (Allocation Failure) 4999M->1325M(12099M) 27,195ms
[2020-11-04T21:12:15.699+0300][44,178s][info][gc] GC(37) Pause Young (Allocation Failure) 5047M->1373M(12113M) 30,358ms
[2020-11-04T21:12:17.020+0300][45,498s][info][gc] GC(38) Pause Young (Allocation Failure) 5113M->1422M(12107M) 33,988ms
[2020-11-04T21:12:18.344+0300][46,823s][info][gc] GC(39) Pause Young (Allocation Failure) 5162M->1470M(12128M) 37,491ms
[2020-11-04T21:12:19.683+0300][48,162s][info][gc] GC(40) Pause Young (Allocation Failure) 5239M->1520M(12120M) 41,525ms
[2020-11-04T21:12:21.025+0300][49,504s][info][gc] GC(41) Pause Young (Allocation Failure) 5289M->1570M(12134M) 45,264ms
[2020-11-04T21:12:22.376+0300][50,855s][info][gc] GC(42) Pause Young (Allocation Failure) 5357M->1621M(12090M) 49,430ms
[2020-11-04T21:12:23.776+0300][52,255s][info][gc] GC(43) Pause Young (Allocation Failure) 5408M->1671M(12125M) 53,553ms
[2020-11-04T21:12:25.137+0300][53,616s][info][gc] GC(44) Pause Young (Allocation Failure) 5449M->1722M(12097M) 58,027ms
[2020-11-04T21:12:26.505+0300][54,984s][info][gc] GC(45) Pause Young (Allocation Failure) 5500M->1772M(12109M) 61,631ms
[2020-11-04T21:12:27.861+0300][56,340s][info][gc] GC(46) Pause Young (Allocation Failure) 5524M->1821M(12086M) 65,725ms
[2020-11-04T21:12:29.179+0300][57,658s][info][gc] GC(47) Pause Young (Allocation Failure) 5573M->1771M(12104M) 19,703ms
[2020-11-04T21:12:30.485+0300][58,964s][info][gc] GC(48) Pause Young (Allocation Failure) 5503M->1819M(12106M) 22,894ms
[2020-11-04T21:12:31.791+0300][60,270s][info][gc] GC(49) Pause Young (Allocation Failure) 5551M->1868M(12110M) 26,354ms
[2020-11-04T21:12:33.110+0300][61,589s][info][gc] GC(50) Pause Young (Allocation Failure) 5605M->1916M(12107M) 29,602ms
[2020-11-04T21:12:34.427+0300][62,906s][info][gc] GC(51) Pause Young (Allocation Failure) 5653M->1965M(12121M) 32,925ms
[2020-11-04T21:12:35.754+0300][64,232s][info][gc] GC(52) Pause Young (Allocation Failure) 5721M->2014M(12114M) 36,510ms
[2020-11-04T21:12:37.085+0300][65,564s][info][gc] GC(53) Pause Young (Allocation Failure) 5770M->2064M(12134M) 40,353ms
[2020-11-04T21:12:38.428+0300][66,907s][info][gc] GC(54) Pause Young (Allocation Failure) 5846M->2114M(12128M) 44,494ms
[2020-11-04T21:12:39.775+0300][68,254s][info][gc] GC(55) Pause Young (Allocation Failure) 5896M->2165M(12135M) 48,889ms
[2020-11-04T21:12:41.127+0300][69,606s][info][gc] GC(56) Pause Young (Allocation Failure) 5956M->2215M(12100M) 53,247ms
[2020-11-04T21:12:42.483+0300][70,962s][info][gc] GC(57) Pause Young (Allocation Failure) 6006M->2266M(12122M) 57,445ms
[2020-11-04T21:12:43.890+0300][72,369s][info][gc] GC(58) Pause Young (Allocation Failure) 6040M->2316M(12099M) 61,449ms
[2020-11-04T21:12:45.250+0300][73,729s][info][gc] GC(59) Pause Young (Allocation Failure) 6090M->2366M(12104M) 65,058ms
[2020-11-04T21:12:46.567+0300][75,046s][info][gc] GC(60) Pause Young (Allocation Failure) 6110M->2316M(11984M) 19,102ms
[2020-11-04T21:12:47.875+0300][76,354s][info][gc] GC(61) Pause Young (Allocation Failure) 6060M->2365M(12110M) 22,598ms
[2020-11-04T21:12:49.184+0300][77,663s][info][gc] GC(62) Pause Young (Allocation Failure) 6104M->2414M(12109M) 26,053ms
[2020-11-04T21:12:50.497+0300][78,976s][info][gc] GC(63) Pause Young (Allocation Failure) 6153M->2462M(12117M) 29,504ms
[2020-11-04T21:12:51.817+0300][80,296s][info][gc] GC(64) Pause Young (Allocation Failure) 6212M->2511M(12112M) 33,209ms
[2020-11-04T21:12:53.139+0300][81,618s][info][gc] GC(65) Pause Young (Allocation Failure) 6261M->2561M(12130M) 37,118ms
[2020-11-04T21:12:54.474+0300][82,952s][info][gc] GC(66) Pause Young (Allocation Failure) 6334M->2611M(12123M) 41,096ms
[2020-11-04T21:12:55.814+0300][84,293s][info][gc] GC(67) Pause Young (Allocation Failure) 6384M->2661M(12137M) 44,933ms
[2020-11-04T21:12:57.168+0300][85,647s][info][gc] GC(68) Pause Young (Allocation Failure) 6454M->2712M(12135M) 49,300ms
[2020-11-04T21:12:58.527+0300][87,006s][info][gc] GC(69) Pause Young (Allocation Failure) 6505M->2762M(12130M) 53,720ms
[2020-11-04T21:12:59.887+0300][88,366s][info][gc] GC(70) Pause Young (Allocation Failure) 6549M->2813M(12104M) 58,119ms
[2020-11-04T21:13:01.253+0300][89,732s][info][gc] GC(71) Pause Young (Allocation Failure) 6600M->2864M(12113M) 62,064ms
[2020-11-04T21:13:02.613+0300][91,092s][info][gc] GC(72) Pause Young (Allocation Failure) 6625M->2913M(12093M) 66,408ms
[2020-11-04T21:13:04.000+0300][92,479s][info][gc] GC(73) Pause Young (Allocation Failure) 6674M->2863M(12107M) 19,853ms
[2020-11-04T21:13:05.307+0300][93,785s][info][gc] GC(74) Pause Young (Allocation Failure) 6603M->2912M(12110M) 23,027ms
[2020-11-04T21:13:06.618+0300][95,097s][info][gc] GC(75) Pause Young (Allocation Failure) 6652M->2961M(12113M) 26,814ms
[2020-11-04T21:13:07.932+0300][96,411s][info][gc] GC(76) Pause Young (Allocation Failure) 6705M->3010M(12110M) 30,308ms
[2020-11-04T21:13:09.252+0300][97,731s][info][gc] GC(77) Pause Young (Allocation Failure) 6754M->3059M(12124M) 33,565ms
[2020-11-04T21:13:10.579+0300][99,058s][info][gc] GC(78) Pause Young (Allocation Failure) 6821M->3108M(12118M) 37,631ms
[2020-11-04T21:13:11.909+0300][100,388s][info][gc] GC(79) Pause Young (Allocation Failure) 6870M->3158M(12136M) 41,142ms
[2020-11-04T21:13:13.255+0300][101,734s][info][gc] GC(80) Pause Young (Allocation Failure) 6946M->3209M(12131M) 45,306ms
[2020-11-04T21:13:14.611+0300][103,090s][info][gc] GC(81) Pause Young (Allocation Failure) 6996M->3259M(12136M) 49,736ms
[2020-11-04T21:13:15.967+0300][104,446s][info][gc] GC(82) Pause Young (Allocation Failure) 7053M->3310M(12103M) 54,822ms
[2020-11-04T21:13:17.326+0300][105,805s][info][gc] GC(83) Pause Young (Allocation Failure) 7104M->3361M(12121M) 58,861ms
[2020-11-04T21:13:18.685+0300][107,164s][info][gc] GC(84) Pause Young (Allocation Failure) 7136M->3411M(12100M) 62,411ms
[2020-11-04T21:13:20.045+0300][108,524s][info][gc] GC(85) Pause Young (Allocation Failure) 7186M->3461M(12103M) 66,227ms
[2020-11-04T21:13:21.362+0300][109,841s][info][gc] GC(86) Pause Young (Allocation Failure) 7205M->3411M(11984M) 20,047ms
[2020-11-04T21:13:22.675+0300][111,154s][info][gc] GC(87) Pause Young (Allocation Failure) 7155M->3460M(12110M) 23,870ms
[2020-11-04T21:13:23.998+0300][112,477s][info][gc] GC(88) Pause Young (Allocation Failure) 7200M->3509M(12110M) 27,587ms
[2020-11-04T21:13:25.317+0300][113,795s][info][gc] GC(89) Pause Young (Allocation Failure) 7249M->3557M(12118M) 30,590ms
[2020-11-04T21:13:26.639+0300][115,118s][info][gc] GC(90) Pause Young (Allocation Failure) 7308M->3607M(12113M) 34,123ms
[2020-11-04T21:13:27.965+0300][116,444s][info][gc] GC(91) Pause Young (Allocation Failure) 7358M->3656M(12131M) 37,865ms
[2020-11-04T21:13:29.302+0300][117,781s][info][gc] GC(92) Pause Young (Allocation Failure) 7431M->3706M(12124M) 41,935ms
[2020-11-04T21:13:30.644+0300][119,122s][info][gc] GC(93) Pause Young (Allocation Failure) 7481M->3756M(12138M) 46,612ms
[2020-11-04T21:13:31.996+0300][120,475s][info][gc] GC(94) Pause Young (Allocation Failure) 7550M->3807M(12136M) 50,238ms
[2020-11-04T21:13:33.358+0300][121,837s][info][gc] GC(95) Pause Young (Allocation Failure) 7601M->3858M(12129M) 55,206ms
[2020-11-04T21:13:34.716+0300][123,195s][info][gc] GC(96) Pause Young (Allocation Failure) 7644M->3908M(12103M) 58,964ms
[2020-11-04T21:13:36.079+0300][124,558s][info][gc] GC(97) Pause Young (Allocation Failure) 7694M->3959M(12113M) 63,533ms
[2020-11-04T21:13:37.440+0300][125,919s][info][gc] GC(98) Pause Young (Allocation Failure) 7720M->4009M(12094M) 67,362ms
