[2020-11-04T20:43:28.249+0300][0.004s][info][gc] Using Serial
[2020-11-04T20:43:28.469+0300][0,224s][info][gc] GC(0) Pause Full (System.gc()) 10M->1M(494M) 5,399ms
[2020-11-04T20:43:28.474+0300][0,229s][info][gc] GC(1) Pause Full (System.gc()) 1M->1M(494M) 4,367ms
[2020-11-04T20:43:28.692+0300][0,446s][info][gc] GC(2) Pause Young (Allocation Failure) 138M->9M(494M) 14,752ms
[2020-11-04T20:43:28.767+0300][0,522s][info][gc] GC(3) Pause Young (Allocation Failure) 146M->13M(494M) 20,307ms
[2020-11-04T20:43:28.847+0300][0,602s][info][gc] GC(4) Pause Young (Allocation Failure) 150M->17M(494M) 22,998ms
[2020-11-04T20:43:28.921+0300][0,676s][info][gc] GC(5) Pause Young (Allocation Failure) 154M->21M(494M) 17,656ms
[2020-11-04T20:43:29.001+0300][0,755s][info][gc] GC(6) Pause Young (Allocation Failure) 158M->25M(494M) 22,763ms
[2020-11-04T20:43:29.075+0300][0,830s][info][gc] GC(7) Pause Young (Allocation Failure) 161M->29M(494M) 22,024ms
[2020-11-04T20:43:29.148+0300][0,903s][info][gc] GC(8) Pause Young (Allocation Failure) 165M->33M(494M) 21,878ms
[2020-11-04T20:43:29.226+0300][0,981s][info][gc] GC(9) Pause Young (Allocation Failure) 169M->37M(494M) 24,171ms
[2020-11-04T20:43:29.300+0300][1,054s][info][gc] GC(10) Pause Young (Allocation Failure) 173M->41M(494M) 21,689ms
[2020-11-04T20:43:29.374+0300][1,128s][info][gc] GC(11) Pause Young (Allocation Failure) 177M->45M(494M) 22,028ms
[2020-11-04T20:43:29.448+0300][1,203s][info][gc] GC(12) Pause Young (Allocation Failure) 181M->49M(494M) 23,343ms
[2020-11-04T20:43:29.521+0300][1,276s][info][gc] GC(13) Pause Young (Allocation Failure) 186M->53M(494M) 21,803ms
[2020-11-04T20:43:29.596+0300][1,351s][info][gc] GC(14) Pause Young (Allocation Failure) 190M->57M(494M) 23,906ms
[2020-11-04T20:43:29.670+0300][1,425s][info][gc] GC(15) Pause Young (Allocation Failure) 194M->61M(494M) 23,284ms
[2020-11-04T20:43:29.745+0300][1,500s][info][gc] GC(16) Pause Young (Allocation Failure) 198M->65M(494M) 23,518ms
[2020-11-04T20:43:29.818+0300][1,573s][info][gc] GC(17) Pause Young (Allocation Failure) 202M->69M(494M) 21,646ms
[2020-11-04T20:43:29.892+0300][1,647s][info][gc] GC(18) Pause Young (Allocation Failure) 206M->73M(494M) 22,055ms
[2020-11-04T20:43:29.966+0300][1,720s][info][gc] GC(19) Pause Young (Allocation Failure) 210M->77M(494M) 21,806ms
[2020-11-04T20:43:30.038+0300][1,793s][info][gc] GC(20) Pause Young (Allocation Failure) 214M->81M(494M) 21,939ms
[2020-11-04T20:43:30.111+0300][1,866s][info][gc] GC(21) Pause Young (Allocation Failure) 218M->85M(494M) 22,103ms
[2020-11-04T20:43:30.186+0300][1,941s][info][gc] GC(22) Pause Young (Allocation Failure) 222M->89M(494M) 23,668ms
[2020-11-04T20:43:30.260+0300][2,015s][info][gc] GC(23) Pause Young (Allocation Failure) 226M->93M(494M) 22,139ms
[2020-11-04T20:43:30.333+0300][2,087s][info][gc] GC(24) Pause Young (Allocation Failure) 230M->97M(494M) 21,957ms
[2020-11-04T20:43:30.409+0300][2,164s][info][gc] GC(25) Pause Young (Allocation Failure) 234M->101M(494M) 23,679ms
[2020-11-04T20:43:30.482+0300][2,237s][info][gc] GC(26) Pause Young (Allocation Failure) 238M->105M(494M) 21,718ms
[2020-11-04T20:43:30.573+0300][2,327s][info][gc] GC(27) Pause Young (Allocation Failure) 242M->113M(494M) 24,611ms
[2020-11-04T20:43:30.651+0300][2,406s][info][gc] GC(28) Pause Young (Allocation Failure) 249M->117M(494M) 24,802ms
[2020-11-04T20:43:30.724+0300][2,478s][info][gc] GC(29) Pause Young (Allocation Failure) 253M->121M(494M) 21,297ms
[2020-11-04T20:43:30.793+0300][2,548s][info][gc] GC(30) Pause Young (Allocation Failure) 257M->125M(494M) 17,488ms
[2020-11-04T20:43:30.865+0300][2,620s][info][gc] GC(31) Pause Young (Allocation Failure) 261M->129M(494M) 22,097ms
[2020-11-04T20:43:30.939+0300][2,694s][info][gc] GC(32) Pause Young (Allocation Failure) 265M->133M(494M) 21,885ms
[2020-11-04T20:43:31.013+0300][2,767s][info][gc] GC(33) Pause Young (Allocation Failure) 269M->137M(494M) 21,744ms
[2020-11-04T20:43:31.085+0300][2,839s][info][gc] GC(34) Pause Young (Allocation Failure) 273M->141M(494M) 21,736ms
[2020-11-04T20:43:31.159+0300][2,913s][info][gc] GC(35) Pause Young (Allocation Failure) 277M->145M(494M) 22,019ms
[2020-11-04T20:43:31.232+0300][2,987s][info][gc] GC(36) Pause Young (Allocation Failure) 281M->149M(494M) 21,941ms
[2020-11-04T20:43:31.307+0300][3,062s][info][gc] GC(37) Pause Young (Allocation Failure) 285M->153M(494M) 23,756ms
[2020-11-04T20:43:31.380+0300][3,135s][info][gc] GC(38) Pause Young (Allocation Failure) 289M->157M(494M) 21,744ms
[2020-11-04T20:43:31.455+0300][3,209s][info][gc] GC(39) Pause Young (Allocation Failure) 293M->161M(494M) 23,896ms
[2020-11-04T20:43:31.528+0300][3,282s][info][gc] GC(40) Pause Young (Allocation Failure) 297M->165M(494M) 21,727ms
[2020-11-04T20:43:31.600+0300][3,355s][info][gc] GC(41) Pause Young (Allocation Failure) 301M->169M(494M) 22,064ms
[2020-11-04T20:43:31.673+0300][3,427s][info][gc] GC(42) Pause Young (Allocation Failure) 305M->173M(494M) 21,747ms
[2020-11-04T20:43:31.746+0300][3,501s][info][gc] GC(43) Pause Young (Allocation Failure) 309M->177M(494M) 22,079ms
[2020-11-04T20:43:31.819+0300][3,573s][info][gc] GC(44) Pause Young (Allocation Failure) 313M->181M(494M) 21,806ms
[2020-11-04T20:43:31.893+0300][3,647s][info][gc] GC(45) Pause Young (Allocation Failure) 317M->185M(494M) 22,084ms
[2020-11-04T20:43:31.967+0300][3,722s][info][gc] GC(46) Pause Young (Allocation Failure) 322M->189M(494M) 23,202ms
[2020-11-04T20:43:32.041+0300][3,795s][info][gc] GC(47) Pause Young (Allocation Failure) 326M->193M(494M) 22,004ms
[2020-11-04T20:43:32.114+0300][3,869s][info][gc] GC(48) Pause Young (Allocation Failure) 330M->197M(494M) 21,921ms
[2020-11-04T20:43:32.190+0300][3,945s][info][gc] GC(49) Pause Young (Allocation Failure) 334M->201M(494M) 23,660ms
[2020-11-04T20:43:32.263+0300][4,018s][info][gc] GC(50) Pause Young (Allocation Failure) 338M->205M(494M) 22,061ms
[2020-11-04T20:43:32.336+0300][4,091s][info][gc] GC(51) Pause Young (Allocation Failure) 342M->209M(494M) 21,712ms
[2020-11-04T20:43:32.423+0300][4,177s][info][gc] GC(52) Pause Young (Allocation Failure) 346M->217M(494M) 23,838ms
[2020-11-04T20:43:32.500+0300][4,255s][info][gc] GC(53) Pause Young (Allocation Failure) 353M->221M(494M) 25,054ms
[2020-11-04T20:43:32.573+0300][4,327s][info][gc] GC(54) Pause Young (Allocation Failure) 357M->225M(494M) 20,863ms
[2020-11-04T20:43:32.642+0300][4,396s][info][gc] GC(55) Pause Young (Allocation Failure) 361M->229M(494M) 17,516ms
[2020-11-04T20:43:32.714+0300][4,468s][info][gc] GC(56) Pause Young (Allocation Failure) 365M->233M(494M) 21,744ms
[2020-11-04T20:43:32.785+0300][4,540s][info][gc] GC(57) Pause Young (Allocation Failure) 369M->237M(494M) 22,067ms
[2020-11-04T20:43:32.858+0300][4,613s][info][gc] GC(58) Pause Young (Allocation Failure) 373M->241M(494M) 21,910ms
[2020-11-04T20:43:32.931+0300][4,686s][info][gc] GC(59) Pause Young (Allocation Failure) 377M->245M(494M) 22,004ms
[2020-11-04T20:43:33.005+0300][4,759s][info][gc] GC(60) Pause Young (Allocation Failure) 381M->249M(494M) 22,542ms
[2020-11-04T20:43:33.078+0300][4,832s][info][gc] GC(61) Pause Young (Allocation Failure) 385M->253M(494M) 21,706ms
[2020-11-04T20:43:33.150+0300][4,904s][info][gc] GC(62) Pause Young (Allocation Failure) 389M->257M(494M) 22,038ms
[2020-11-04T20:43:33.223+0300][4,978s][info][gc] GC(63) Pause Young (Allocation Failure) 393M->261M(494M) 21,934ms
[2020-11-04T20:43:33.299+0300][5,053s][info][gc] GC(64) Pause Young (Allocation Failure) 397M->265M(494M) 23,759ms
[2020-11-04T20:43:33.371+0300][5,126s][info][gc] GC(65) Pause Young (Allocation Failure) 401M->269M(494M) 21,895ms
[2020-11-04T20:43:33.445+0300][5,199s][info][gc] GC(66) Pause Young (Allocation Failure) 405M->273M(494M) 21,965ms
[2020-11-04T20:43:33.516+0300][5,271s][info][gc] GC(67) Pause Young (Allocation Failure) 409M->277M(494M) 22,170ms
[2020-11-04T20:43:33.588+0300][5,342s][info][gc] GC(68) Pause Young (Allocation Failure) 413M->281M(494M) 21,725ms
[2020-11-04T20:43:33.659+0300][5,414s][info][gc] GC(69) Pause Young (Allocation Failure) 417M->285M(494M) 21,954ms
[2020-11-04T20:43:33.731+0300][5,485s][info][gc] GC(70) Pause Young (Allocation Failure) 421M->289M(494M) 22,055ms
[2020-11-04T20:43:33.802+0300][5,557s][info][gc] GC(71) Pause Young (Allocation Failure) 425M->293M(494M) 22,101ms
[2020-11-04T20:43:33.873+0300][5,628s][info][gc] GC(72) Pause Young (Allocation Failure) 429M->297M(494M) 22,025ms
[2020-11-04T20:43:33.945+0300][5,699s][info][gc] GC(73) Pause Young (Allocation Failure) 433M->301M(494M) 22,003ms
[2020-11-04T20:43:34.016+0300][5,771s][info][gc] GC(74) Pause Young (Allocation Failure) 437M->305M(494M) 22,064ms
[2020-11-04T20:43:34.088+0300][5,842s][info][gc] GC(75) Pause Young (Allocation Failure) 441M->309M(494M) 21,909ms
[2020-11-04T20:43:34.159+0300][5,914s][info][gc] GC(76) Pause Young (Allocation Failure) 445M->313M(494M) 22,031ms
[2020-11-04T20:43:34.231+0300][5,985s][info][gc] GC(77) Pause Young (Allocation Failure) 449M->317M(494M) 22,084ms
[2020-11-04T20:43:34.315+0300][6,070s][info][gc] GC(78) Pause Young (Allocation Failure) 454M->325M(494M) 23,070ms
[2020-11-04T20:43:34.391+0300][6,145s][info][gc] GC(79) Pause Young (Allocation Failure) 461M->329M(494M) 25,710ms
[2020-11-04T20:43:34.462+0300][6,216s][info][gc] GC(80) Pause Young (Allocation Failure) 465M->333M(494M) 21,281ms
[2020-11-04T20:43:34.530+0300][6,285s][info][gc] GC(81) Pause Young (Allocation Failure) 469M->337M(494M) 18,979ms
[2020-11-04T20:43:34.604+0300][6,358s][info][gc] GC(82) Pause Young (Allocation Failure) 473M->341M(494M) 23,288ms
[2020-11-04T20:43:34.676+0300][6,430s][info][gc] GC(83) Pause Young (Allocation Failure) 477M->345M(494M) 22,517ms
[2020-11-04T20:43:34.748+0300][6,502s][info][gc] GC(84) Pause Young (Allocation Failure) 481M->349M(494M) 21,960ms
[2020-11-04T20:43:34.798+0300][6,553s][info][gc] GC(85) Pause Young (Allocation Failure) 485M->485M(494M) 0,088ms
[2020-11-04T20:43:34.930+0300][6,685s][info][gc] GC(86) Pause Full (Allocation Failure) 485M->61M(494M) 131,935ms
[2020-11-04T20:43:34.994+0300][6,749s][info][gc] GC(87) Pause Young (Allocation Failure) 197M->65M(494M) 12,476ms
[2020-11-04T20:43:35.058+0300][6,813s][info][gc] GC(88) Pause Young (Allocation Failure) 201M->69M(494M) 14,324ms
[2020-11-04T20:43:35.125+0300][6,880s][info][gc] GC(89) Pause Young (Allocation Failure) 205M->73M(494M) 17,587ms
[2020-11-04T20:43:35.196+0300][6,950s][info][gc] GC(90) Pause Young (Allocation Failure) 209M->77M(494M) 20,797ms
[2020-11-04T20:43:35.266+0300][7,020s][info][gc] GC(91) Pause Young (Allocation Failure) 213M->81M(494M) 20,391ms
[2020-11-04T20:43:35.336+0300][7,090s][info][gc] GC(92) Pause Young (Allocation Failure) 217M->85M(494M) 20,531ms
[2020-11-04T20:43:35.408+0300][7,162s][info][gc] GC(93) Pause Young (Allocation Failure) 221M->89M(494M) 22,710ms
[2020-11-04T20:43:35.480+0300][7,234s][info][gc] GC(94) Pause Young (Allocation Failure) 225M->93M(494M) 22,531ms
[2020-11-04T20:43:35.552+0300][7,307s][info][gc] GC(95) Pause Young (Allocation Failure) 229M->97M(494M) 22,741ms
[2020-11-04T20:43:35.625+0300][7,379s][info][gc] GC(96) Pause Young (Allocation Failure) 233M->101M(494M) 22,466ms
[2020-11-04T20:43:35.695+0300][7,450s][info][gc] GC(97) Pause Young (Allocation Failure) 237M->105M(494M) 20,695ms
[2020-11-04T20:43:35.765+0300][7,520s][info][gc] GC(98) Pause Young (Allocation Failure) 241M->109M(494M) 20,647ms
[2020-11-04T20:43:35.835+0300][7,590s][info][gc] GC(99) Pause Young (Allocation Failure) 245M->113M(494M) 20,779ms
[2020-11-04T20:43:35.908+0300][7,662s][info][gc] GC(100) Pause Young (Allocation Failure) 249M->117M(494M) 20,898ms
[2020-11-04T20:43:35.978+0300][7,733s][info][gc] GC(101) Pause Young (Allocation Failure) 253M->121M(494M) 20,703ms
[2020-11-04T20:43:36.049+0300][7,803s][info][gc] GC(102) Pause Young (Allocation Failure) 257M->125M(494M) 20,673ms
[2020-11-04T20:43:36.119+0300][7,873s][info][gc] GC(103) Pause Young (Allocation Failure) 261M->129M(494M) 20,517ms
[2020-11-04T20:43:36.201+0300][7,956s][info][gc] GC(104) Pause Young (Allocation Failure) 265M->137M(494M) 21,987ms
[2020-11-04T20:43:36.273+0300][8,028s][info][gc] GC(105) Pause Young (Allocation Failure) 273M->141M(494M) 22,514ms
[2020-11-04T20:43:36.344+0300][8,098s][info][gc] GC(106) Pause Young (Allocation Failure) 277M->145M(494M) 19,426ms
[2020-11-04T20:43:36.413+0300][8,167s][info][gc] GC(107) Pause Young (Allocation Failure) 281M->149M(494M) 19,426ms
[2020-11-04T20:43:36.483+0300][8,237s][info][gc] GC(108) Pause Young (Allocation Failure) 285M->153M(494M) 20,904ms
[2020-11-04T20:43:36.553+0300][8,307s][info][gc] GC(109) Pause Young (Allocation Failure) 289M->157M(494M) 20,663ms
[2020-11-04T20:43:36.626+0300][8,380s][info][gc] GC(110) Pause Young (Allocation Failure) 293M->161M(494M) 22,645ms
[2020-11-04T20:43:36.696+0300][8,450s][info][gc] GC(111) Pause Young (Allocation Failure) 297M->165M(494M) 20,609ms
[2020-11-04T20:43:36.766+0300][8,520s][info][gc] GC(112) Pause Young (Allocation Failure) 301M->169M(494M) 20,826ms
[2020-11-04T20:43:36.836+0300][8,590s][info][gc] GC(113) Pause Young (Allocation Failure) 305M->173M(494M) 20,835ms
[2020-11-04T20:43:36.906+0300][8,660s][info][gc] GC(114) Pause Young (Allocation Failure) 309M->177M(494M) 20,856ms
[2020-11-04T20:43:36.976+0300][8,731s][info][gc] GC(115) Pause Young (Allocation Failure) 313M->181M(494M) 20,696ms
[2020-11-04T20:43:37.046+0300][8,801s][info][gc] GC(116) Pause Young (Allocation Failure) 317M->185M(494M) 20,881ms
[2020-11-04T20:43:37.116+0300][8,871s][info][gc] GC(117) Pause Young (Allocation Failure) 321M->189M(494M) 20,757ms
[2020-11-04T20:43:37.187+0300][8,941s][info][gc] GC(118) Pause Young (Allocation Failure) 325M->193M(494M) 20,863ms
[2020-11-04T20:43:37.257+0300][9,012s][info][gc] GC(119) Pause Young (Allocation Failure) 329M->197M(494M) 20,659ms
[2020-11-04T20:43:37.329+0300][9,084s][info][gc] GC(120) Pause Young (Allocation Failure) 333M->201M(494M) 22,497ms
[2020-11-04T20:43:37.400+0300][9,154s][info][gc] GC(121) Pause Young (Allocation Failure) 337M->205M(494M) 20,445ms
[2020-11-04T20:43:37.472+0300][9,226s][info][gc] GC(122) Pause Young (Allocation Failure) 341M->209M(494M) 22,573ms
[2020-11-04T20:43:37.542+0300][9,297s][info][gc] GC(123) Pause Young (Allocation Failure) 345M->213M(494M) 20,710ms
[2020-11-04T20:43:37.613+0300][9,368s][info][gc] GC(124) Pause Young (Allocation Failure) 349M->217M(494M) 21,727ms
[2020-11-04T20:43:37.684+0300][9,438s][info][gc] GC(125) Pause Young (Allocation Failure) 353M->221M(494M) 20,880ms
[2020-11-04T20:43:37.758+0300][9,512s][info][gc] GC(126) Pause Young (Allocation Failure) 357M->225M(494M) 22,306ms
[2020-11-04T20:43:37.829+0300][9,584s][info][gc] GC(127) Pause Young (Allocation Failure) 361M->229M(494M) 20,493ms
[2020-11-04T20:43:37.903+0300][9,658s][info][gc] GC(128) Pause Young (Allocation Failure) 365M->233M(494M) 22,822ms
[2020-11-04T20:43:37.975+0300][9,729s][info][gc] GC(129) Pause Young (Allocation Failure) 369M->237M(494M) 20,359ms
[2020-11-04T20:43:38.059+0300][9,813s][info][gc] GC(130) Pause Young (Allocation Failure) 373M->245M(494M) 22,423ms
[2020-11-04T20:43:38.132+0300][9,887s][info][gc] GC(131) Pause Young (Allocation Failure) 381M->249M(494M) 23,141ms
[2020-11-04T20:43:38.203+0300][9,958s][info][gc] GC(132) Pause Young (Allocation Failure) 385M->253M(494M) 20,664ms
[2020-11-04T20:43:38.274+0300][10,029s][info][gc] GC(133) Pause Young (Allocation Failure) 389M->257M(494M) 19,169ms
[2020-11-04T20:43:38.344+0300][10,098s][info][gc] GC(134) Pause Young (Allocation Failure) 393M->261M(494M) 20,609ms
[2020-11-04T20:43:38.417+0300][10,172s][info][gc] GC(135) Pause Young (Allocation Failure) 397M->265M(494M) 20,934ms
[2020-11-04T20:43:38.490+0300][10,245s][info][gc] GC(136) Pause Young (Allocation Failure) 401M->269M(494M) 21,208ms
[2020-11-04T20:43:38.561+0300][10,316s][info][gc] GC(137) Pause Young (Allocation Failure) 405M->273M(494M) 20,860ms
[2020-11-04T20:43:38.634+0300][10,388s][info][gc] GC(138) Pause Young (Allocation Failure) 409M->277M(494M) 21,512ms
[2020-11-04T20:43:38.707+0300][10,461s][info][gc] GC(139) Pause Young (Allocation Failure) 413M->281M(494M) 22,178ms
[2020-11-04T20:43:38.779+0300][10,534s][info][gc] GC(140) Pause Young (Allocation Failure) 417M->285M(494M) 21,859ms
[2020-11-04T20:43:38.851+0300][10,606s][info][gc] GC(141) Pause Young (Allocation Failure) 421M->289M(494M) 21,921ms
[2020-11-04T20:43:38.925+0300][10,679s][info][gc] GC(142) Pause Young (Allocation Failure) 425M->293M(494M) 22,036ms
[2020-11-04T20:43:38.998+0300][10,753s][info][gc] GC(143) Pause Young (Allocation Failure) 429M->297M(494M) 22,020ms
[2020-11-04T20:43:39.070+0300][10,825s][info][gc] GC(144) Pause Young (Allocation Failure) 433M->301M(494M) 20,595ms
[2020-11-04T20:43:39.144+0300][10,898s][info][gc] GC(145) Pause Young (Allocation Failure) 437M->305M(494M) 22,450ms
[2020-11-04T20:43:39.218+0300][10,972s][info][gc] GC(146) Pause Young (Allocation Failure) 441M->309M(494M) 21,679ms
[2020-11-04T20:43:39.291+0300][11,046s][info][gc] GC(147) Pause Young (Allocation Failure) 445M->313M(494M) 22,140ms
[2020-11-04T20:43:39.365+0300][11,120s][info][gc] GC(148) Pause Young (Allocation Failure) 449M->317M(494M) 22,596ms
[2020-11-04T20:43:39.439+0300][11,194s][info][gc] GC(149) Pause Young (Allocation Failure) 453M->321M(494M) 22,577ms
[2020-11-04T20:43:39.510+0300][11,264s][info][gc] GC(150) Pause Young (Allocation Failure) 457M->325M(494M) 20,205ms
[2020-11-04T20:43:39.581+0300][11,336s][info][gc] GC(151) Pause Young (Allocation Failure) 461M->329M(494M) 20,632ms
[2020-11-04T20:43:39.655+0300][11,409s][info][gc] GC(152) Pause Young (Allocation Failure) 465M->333M(494M) 22,484ms
[2020-11-04T20:43:39.729+0300][11,483s][info][gc] GC(153) Pause Young (Allocation Failure) 469M->337M(494M) 22,506ms
[2020-11-04T20:43:39.802+0300][11,557s][info][gc] GC(154) Pause Young (Allocation Failure) 473M->341M(494M) 22,550ms
[2020-11-04T20:43:39.890+0300][11,644s][info][gc] GC(155) Pause Young (Allocation Failure) 477M->349M(494M) 23,894ms
[2020-11-04T20:43:39.962+0300][11,716s][info][gc] GC(156) Pause Young (Allocation Failure) 485M->353M(494M) 23,391ms
[2020-11-04T20:43:40.011+0300][11,766s][info][gc] GC(157) Pause Young (Allocation Failure) 489M->489M(494M) 0,052ms
[2020-11-04T20:43:40.126+0300][11,881s][info][gc] GC(158) Pause Full (Allocation Failure) 489M->31M(494M) 114,877ms
[2020-11-04T20:43:40.189+0300][11,943s][info][gc] GC(159) Pause Young (Allocation Failure) 167M->35M(494M) 11,544ms
[2020-11-04T20:43:40.255+0300][12,009s][info][gc] GC(160) Pause Young (Allocation Failure) 171M->39M(494M) 16,111ms
[2020-11-04T20:43:40.323+0300][12,078s][info][gc] GC(161) Pause Young (Allocation Failure) 175M->43M(494M) 17,287ms
[2020-11-04T20:43:40.395+0300][12,150s][info][gc] GC(162) Pause Young (Allocation Failure) 179M->47M(494M) 22,347ms
[2020-11-04T20:43:40.465+0300][12,220s][info][gc] GC(163) Pause Young (Allocation Failure) 183M->51M(494M) 20,762ms
[2020-11-04T20:43:40.535+0300][12,290s][info][gc] GC(164) Pause Young (Allocation Failure) 187M->55M(494M) 20,419ms
[2020-11-04T20:43:40.607+0300][12,362s][info][gc] GC(165) Pause Young (Allocation Failure) 191M->59M(494M) 22,230ms
[2020-11-04T20:43:40.677+0300][12,431s][info][gc] GC(166) Pause Young (Allocation Failure) 195M->63M(494M) 20,578ms
[2020-11-04T20:43:40.747+0300][12,501s][info][gc] GC(167) Pause Young (Allocation Failure) 199M->67M(494M) 20,645ms
[2020-11-04T20:43:40.817+0300][12,572s][info][gc] GC(168) Pause Young (Allocation Failure) 203M->71M(494M) 20,694ms
[2020-11-04T20:43:40.887+0300][12,642s][info][gc] GC(169) Pause Young (Allocation Failure) 207M->75M(494M) 20,747ms
[2020-11-04T20:43:40.959+0300][12,713s][info][gc] GC(170) Pause Young (Allocation Failure) 211M->79M(494M) 20,811ms
[2020-11-04T20:43:41.029+0300][12,784s][info][gc] GC(171) Pause Young (Allocation Failure) 215M->83M(494M) 20,934ms
[2020-11-04T20:43:41.099+0300][12,854s][info][gc] GC(172) Pause Young (Allocation Failure) 219M->87M(494M) 20,485ms
[2020-11-04T20:43:41.170+0300][12,925s][info][gc] GC(173) Pause Young (Allocation Failure) 223M->91M(494M) 20,775ms
[2020-11-04T20:43:41.242+0300][12,996s][info][gc] GC(174) Pause Young (Allocation Failure) 227M->95M(494M) 20,751ms
[2020-11-04T20:43:41.314+0300][13,068s][info][gc] GC(175) Pause Young (Allocation Failure) 231M->99M(494M) 22,388ms
[2020-11-04T20:43:41.384+0300][13,138s][info][gc] GC(176) Pause Young (Allocation Failure) 235M->103M(494M) 20,852ms
[2020-11-04T20:43:41.454+0300][13,209s][info][gc] GC(177) Pause Young (Allocation Failure) 239M->107M(494M) 20,750ms
[2020-11-04T20:43:41.527+0300][13,281s][info][gc] GC(178) Pause Young (Allocation Failure) 243M->111M(494M) 22,499ms
[2020-11-04T20:43:41.599+0300][13,354s][info][gc] GC(179) Pause Young (Allocation Failure) 247M->115M(494M) 22,500ms
[2020-11-04T20:43:41.670+0300][13,425s][info][gc] GC(180) Pause Young (Allocation Failure) 251M->119M(494M) 21,861ms
[2020-11-04T20:43:41.756+0300][13,510s][info][gc] GC(181) Pause Young (Allocation Failure) 255M->127M(494M) 23,497ms
[2020-11-04T20:43:41.827+0300][13,582s][info][gc] GC(182) Pause Young (Allocation Failure) 263M->131M(494M) 22,303ms
[2020-11-04T20:43:41.896+0300][13,650s][info][gc] GC(183) Pause Young (Allocation Failure) 267M->135M(494M) 19,449ms
[2020-11-04T20:43:41.962+0300][13,717s][info][gc] GC(184) Pause Young (Allocation Failure) 271M->139M(494M) 17,337ms
[2020-11-04T20:43:42.035+0300][13,789s][info][gc] GC(185) Pause Young (Allocation Failure) 275M->143M(494M) 22,941ms
[2020-11-04T20:43:42.105+0300][13,860s][info][gc] GC(186) Pause Young (Allocation Failure) 279M->147M(494M) 20,877ms
[2020-11-04T20:43:42.175+0300][13,930s][info][gc] GC(187) Pause Young (Allocation Failure) 283M->151M(494M) 20,454ms
[2020-11-04T20:43:42.248+0300][14,003s][info][gc] GC(188) Pause Young (Allocation Failure) 287M->155M(494M) 22,219ms
[2020-11-04T20:43:42.318+0300][14,073s][info][gc] GC(189) Pause Young (Allocation Failure) 291M->159M(494M) 20,747ms
[2020-11-04T20:43:42.388+0300][14,143s][info][gc] GC(190) Pause Young (Allocation Failure) 295M->163M(494M) 20,429ms
[2020-11-04T20:43:42.460+0300][14,215s][info][gc] GC(191) Pause Young (Allocation Failure) 299M->167M(494M) 22,440ms
[2020-11-04T20:43:42.535+0300][14,290s][info][gc] GC(192) Pause Young (Allocation Failure) 303M->171M(494M) 23,767ms
[2020-11-04T20:43:42.608+0300][14,363s][info][gc] GC(193) Pause Young (Allocation Failure) 307M->175M(494M) 21,527ms
[2020-11-04T20:43:42.682+0300][14,436s][info][gc] GC(194) Pause Young (Allocation Failure) 311M->179M(494M) 20,733ms
[2020-11-04T20:43:42.757+0300][14,512s][info][gc] GC(195) Pause Young (Allocation Failure) 315M->183M(494M) 22,195ms
[2020-11-04T20:43:42.836+0300][14,591s][info][gc] GC(196) Pause Young (Allocation Failure) 319M->187M(494M) 21,498ms
[2020-11-04T20:43:42.910+0300][14,665s][info][gc] GC(197) Pause Young (Allocation Failure) 323M->191M(494M) 20,684ms
[2020-11-04T20:43:42.985+0300][14,739s][info][gc] GC(198) Pause Young (Allocation Failure) 327M->195M(494M) 20,542ms
[2020-11-04T20:43:43.056+0300][14,810s][info][gc] GC(199) Pause Young (Allocation Failure) 331M->199M(494M) 22,610ms
[2020-11-04T20:43:43.128+0300][14,882s][info][gc] GC(200) Pause Young (Allocation Failure) 335M->203M(494M) 20,547ms
[2020-11-04T20:43:43.200+0300][14,954s][info][gc] GC(201) Pause Young (Allocation Failure) 339M->207M(494M) 22,615ms
[2020-11-04T20:43:43.275+0300][15,029s][info][gc] GC(202) Pause Young (Allocation Failure) 343M->211M(494M) 22,705ms
[2020-11-04T20:43:43.346+0300][15,101s][info][gc] GC(203) Pause Young (Allocation Failure) 347M->215M(494M) 22,283ms
[2020-11-04T20:43:43.416+0300][15,171s][info][gc] GC(204) Pause Young (Allocation Failure) 351M->219M(494M) 20,738ms
[2020-11-04T20:43:43.486+0300][15,241s][info][gc] GC(205) Pause Young (Allocation Failure) 355M->223M(494M) 20,487ms
[2020-11-04T20:43:43.559+0300][15,313s][info][gc] GC(206) Pause Young (Allocation Failure) 359M->227M(494M) 22,626ms
[2020-11-04T20:43:43.643+0300][15,398s][info][gc] GC(207) Pause Young (Allocation Failure) 363M->234M(494M) 22,696ms
[2020-11-04T20:43:43.717+0300][15,472s][info][gc] GC(208) Pause Young (Allocation Failure) 371M->238M(494M) 23,904ms
[2020-11-04T20:43:43.787+0300][15,542s][info][gc] GC(209) Pause Young (Allocation Failure) 375M->242M(494M) 20,575ms
[2020-11-04T20:43:43.856+0300][15,611s][info][gc] GC(210) Pause Young (Allocation Failure) 379M->246M(494M) 19,210ms
[2020-11-04T20:43:43.928+0300][15,682s][info][gc] GC(211) Pause Young (Allocation Failure) 383M->250M(494M) 22,266ms
[2020-11-04T20:43:44.000+0300][15,755s][info][gc] GC(212) Pause Young (Allocation Failure) 387M->255M(494M) 22,887ms
[2020-11-04T20:43:44.072+0300][15,827s][info][gc] GC(213) Pause Young (Allocation Failure) 391M->259M(494M) 22,498ms
[2020-11-04T20:43:44.142+0300][15,897s][info][gc] GC(214) Pause Young (Allocation Failure) 395M->263M(494M) 20,697ms
[2020-11-04T20:43:44.214+0300][15,969s][info][gc] GC(215) Pause Young (Allocation Failure) 399M->267M(494M) 22,382ms
[2020-11-04T20:43:44.286+0300][16,041s][info][gc] GC(216) Pause Young (Allocation Failure) 403M->271M(494M) 22,487ms
[2020-11-04T20:43:44.359+0300][16,113s][info][gc] GC(217) Pause Young (Allocation Failure) 407M->275M(494M) 22,557ms
[2020-11-04T20:43:44.431+0300][16,185s][info][gc] GC(218) Pause Young (Allocation Failure) 411M->279M(494M) 22,734ms
[2020-11-04T20:43:44.503+0300][16,258s][info][gc] GC(219) Pause Young (Allocation Failure) 415M->283M(494M) 22,180ms
[2020-11-04T20:43:44.576+0300][16,330s][info][gc] GC(220) Pause Young (Allocation Failure) 419M->287M(494M) 22,725ms
[2020-11-04T20:43:44.646+0300][16,401s][info][gc] GC(221) Pause Young (Allocation Failure) 423M->291M(494M) 20,966ms
[2020-11-04T20:43:44.718+0300][16,473s][info][gc] GC(222) Pause Young (Allocation Failure) 427M->295M(494M) 22,345ms
[2020-11-04T20:43:44.791+0300][16,545s][info][gc] GC(223) Pause Young (Allocation Failure) 431M->299M(494M) 22,710ms
[2020-11-04T20:43:44.862+0300][16,617s][info][gc] GC(224) Pause Young (Allocation Failure) 435M->303M(494M) 22,442ms
[2020-11-04T20:43:44.936+0300][16,690s][info][gc] GC(225) Pause Young (Allocation Failure) 439M->307M(494M) 21,989ms
[2020-11-04T20:43:45.009+0300][16,763s][info][gc] GC(226) Pause Young (Allocation Failure) 443M->311M(494M) 22,211ms
[2020-11-04T20:43:45.079+0300][16,833s][info][gc] GC(227) Pause Young (Allocation Failure) 447M->315M(494M) 20,518ms
[2020-11-04T20:43:45.152+0300][16,907s][info][gc] GC(228) Pause Young (Allocation Failure) 451M->319M(494M) 22,436ms
[2020-11-04T20:43:45.224+0300][16,979s][info][gc] GC(229) Pause Young (Allocation Failure) 455M->323M(494M) 20,737ms
[2020-11-04T20:43:45.297+0300][17,051s][info][gc] GC(230) Pause Young (Allocation Failure) 459M->327M(494M) 21,812ms
[2020-11-04T20:43:45.370+0300][17,124s][info][gc] GC(231) Pause Young (Allocation Failure) 463M->331M(494M) 22,824ms
[2020-11-04T20:43:45.453+0300][17,207s][info][gc] GC(232) Pause Young (Allocation Failure) 467M->338M(494M) 21,403ms
[2020-11-04T20:43:45.526+0300][17,280s][info][gc] GC(233) Pause Young (Allocation Failure) 475M->342M(494M) 23,342ms
[2020-11-04T20:43:45.598+0300][17,353s][info][gc] GC(234) Pause Young (Allocation Failure) 479M->346M(494M) 20,791ms
[2020-11-04T20:43:45.649+0300][17,404s][info][gc] GC(235) Pause Young (Allocation Failure) 483M->483M(494M) 0,058ms
[2020-11-04T20:43:45.772+0300][17,526s][info][gc] GC(236) Pause Full (Allocation Failure) 483M->57M(494M) 122,456ms
[2020-11-04T20:43:45.835+0300][17,590s][info][gc] GC(237) Pause Young (Allocation Failure) 194M->61M(494M) 12,710ms
[2020-11-04T20:43:45.900+0300][17,655s][info][gc] GC(238) Pause Young (Allocation Failure) 198M->65M(494M) 15,754ms
[2020-11-04T20:43:45.970+0300][17,724s][info][gc] GC(239) Pause Young (Allocation Failure) 202M->69M(494M) 18,899ms
[2020-11-04T20:43:46.041+0300][17,796s][info][gc] GC(240) Pause Young (Allocation Failure) 206M->73M(494M) 21,148ms
[2020-11-04T20:43:46.114+0300][17,868s][info][gc] GC(241) Pause Young (Allocation Failure) 210M->77M(494M) 22,283ms
[2020-11-04T20:43:46.184+0300][17,939s][info][gc] GC(242) Pause Young (Allocation Failure) 214M->81M(494M) 20,809ms
[2020-11-04T20:43:46.257+0300][18,012s][info][gc] GC(243) Pause Young (Allocation Failure) 218M->85M(494M) 22,301ms
[2020-11-04T20:43:46.330+0300][18,084s][info][gc] GC(244) Pause Young (Allocation Failure) 222M->89M(494M) 22,032ms
[2020-11-04T20:43:46.401+0300][18,155s][info][gc] GC(245) Pause Young (Allocation Failure) 226M->93M(494M) 20,708ms
[2020-11-04T20:43:46.472+0300][18,227s][info][gc] GC(246) Pause Young (Allocation Failure) 230M->97M(494M) 22,548ms
[2020-11-04T20:43:46.546+0300][18,300s][info][gc] GC(247) Pause Young (Allocation Failure) 234M->101M(494M) 22,342ms
[2020-11-04T20:43:46.617+0300][18,371s][info][gc] GC(248) Pause Young (Allocation Failure) 238M->105M(494M) 21,796ms
[2020-11-04T20:43:46.689+0300][18,443s][info][gc] GC(249) Pause Young (Allocation Failure) 242M->109M(494M) 22,397ms
[2020-11-04T20:43:46.759+0300][18,513s][info][gc] GC(250) Pause Young (Allocation Failure) 246M->113M(494M) 20,423ms
[2020-11-04T20:43:46.832+0300][18,586s][info][gc] GC(251) Pause Young (Allocation Failure) 250M->117M(494M) 22,199ms
[2020-11-04T20:43:46.905+0300][18,659s][info][gc] GC(252) Pause Young (Allocation Failure) 254M->121M(494M) 21,195ms
[2020-11-04T20:43:46.978+0300][18,733s][info][gc] GC(253) Pause Young (Allocation Failure) 258M->125M(494M) 22,374ms
[2020-11-04T20:43:47.050+0300][18,804s][info][gc] GC(254) Pause Young (Allocation Failure) 262M->129M(494M) 20,708ms
[2020-11-04T20:43:47.122+0300][18,876s][info][gc] GC(255) Pause Young (Allocation Failure) 266M->133M(494M) 22,297ms
[2020-11-04T20:43:47.195+0300][18,949s][info][gc] GC(256) Pause Young (Allocation Failure) 270M->137M(494M) 21,630ms
[2020-11-04T20:43:47.268+0300][19,022s][info][gc] GC(257) Pause Young (Allocation Failure) 274M->141M(494M) 22,053ms
[2020-11-04T20:43:47.351+0300][19,106s][info][gc] GC(258) Pause Young (Allocation Failure) 278M->149M(494M) 22,605ms
[2020-11-04T20:43:47.424+0300][19,178s][info][gc] GC(259) Pause Young (Allocation Failure) 285M->153M(494M) 21,945ms
[2020-11-04T20:43:47.495+0300][19,249s][info][gc] GC(260) Pause Young (Allocation Failure) 289M->157M(494M) 21,208ms
[2020-11-04T20:43:47.564+0300][19,318s][info][gc] GC(261) Pause Young (Allocation Failure) 293M->161M(494M) 17,342ms
[2020-11-04T20:43:47.637+0300][19,391s][info][gc] GC(262) Pause Young (Allocation Failure) 297M->165M(494M) 22,315ms
[2020-11-04T20:43:47.711+0300][19,465s][info][gc] GC(263) Pause Young (Allocation Failure) 301M->169M(494M) 22,585ms
[2020-11-04T20:43:47.782+0300][19,536s][info][gc] GC(264) Pause Young (Allocation Failure) 306M->173M(494M) 20,277ms
[2020-11-04T20:43:47.855+0300][19,609s][info][gc] GC(265) Pause Young (Allocation Failure) 310M->177M(494M) 22,484ms
[2020-11-04T20:43:47.926+0300][19,680s][info][gc] GC(266) Pause Young (Allocation Failure) 314M->181M(494M) 20,550ms
[2020-11-04T20:43:47.999+0300][19,754s][info][gc] GC(267) Pause Young (Allocation Failure) 318M->185M(494M) 22,762ms
[2020-11-04T20:43:48.073+0300][19,827s][info][gc] GC(268) Pause Young (Allocation Failure) 322M->189M(494M) 22,123ms
[2020-11-04T20:43:48.143+0300][19,897s][info][gc] GC(269) Pause Young (Allocation Failure) 326M->193M(494M) 20,531ms
[2020-11-04T20:43:48.216+0300][19,971s][info][gc] GC(270) Pause Young (Allocation Failure) 330M->197M(494M) 22,428ms
[2020-11-04T20:43:48.288+0300][20,042s][info][gc] GC(271) Pause Young (Allocation Failure) 334M->201M(494M) 20,688ms
[2020-11-04T20:43:48.358+0300][20,113s][info][gc] GC(272) Pause Young (Allocation Failure) 338M->205M(494M) 20,345ms
[2020-11-04T20:43:48.430+0300][20,184s][info][gc] GC(273) Pause Young (Allocation Failure) 342M->209M(494M) 20,661ms
[2020-11-04T20:43:48.501+0300][20,256s][info][gc] GC(274) Pause Young (Allocation Failure) 346M->213M(494M) 20,817ms
[2020-11-04T20:43:48.575+0300][20,329s][info][gc] GC(275) Pause Young (Allocation Failure) 350M->217M(494M) 22,370ms
[2020-11-04T20:43:48.646+0300][20,401s][info][gc] GC(276) Pause Young (Allocation Failure) 354M->221M(494M) 20,531ms
[2020-11-04T20:43:48.719+0300][20,473s][info][gc] GC(277) Pause Young (Allocation Failure) 358M->225M(494M) 22,725ms
[2020-11-04T20:43:48.790+0300][20,544s][info][gc] GC(278) Pause Young (Allocation Failure) 362M->229M(494M) 20,629ms
[2020-11-04T20:43:48.861+0300][20,615s][info][gc] GC(279) Pause Young (Allocation Failure) 366M->233M(494M) 20,613ms
[2020-11-04T20:43:48.933+0300][20,687s][info][gc] GC(280) Pause Young (Allocation Failure) 370M->237M(494M) 20,720ms
[2020-11-04T20:43:49.007+0300][20,761s][info][gc] GC(281) Pause Young (Allocation Failure) 374M->241M(494M) 22,411ms
[2020-11-04T20:43:49.079+0300][20,834s][info][gc] GC(282) Pause Young (Allocation Failure) 378M->245M(494M) 20,464ms
[2020-11-04T20:43:49.152+0300][20,906s][info][gc] GC(283) Pause Young (Allocation Failure) 382M->249M(494M) 22,362ms
[2020-11-04T20:43:49.238+0300][20,992s][info][gc] GC(284) Pause Young (Allocation Failure) 386M->257M(494M) 23,553ms
[2020-11-04T20:43:49.314+0300][21,069s][info][gc] GC(285) Pause Young (Allocation Failure) 393M->261M(494M) 23,311ms
[2020-11-04T20:43:49.386+0300][21,141s][info][gc] GC(286) Pause Young (Allocation Failure) 397M->265M(494M) 20,445ms
[2020-11-04T20:43:49.456+0300][21,211s][info][gc] GC(287) Pause Young (Allocation Failure) 401M->269M(494M) 19,215ms
[2020-11-04T20:43:49.530+0300][21,284s][info][gc] GC(288) Pause Young (Allocation Failure) 405M->273M(494M) 21,980ms
[2020-11-04T20:43:49.602+0300][21,356s][info][gc] GC(289) Pause Young (Allocation Failure) 409M->277M(494M) 22,396ms
[2020-11-04T20:43:49.674+0300][21,428s][info][gc] GC(290) Pause Young (Allocation Failure) 413M->281M(494M) 22,622ms
[2020-11-04T20:43:49.746+0300][21,500s][info][gc] GC(291) Pause Young (Allocation Failure) 417M->285M(494M) 22,313ms
[2020-11-04T20:43:49.815+0300][21,570s][info][gc] GC(292) Pause Young (Allocation Failure) 421M->289M(494M) 20,564ms
[2020-11-04T20:43:49.888+0300][21,643s][info][gc] GC(293) Pause Young (Allocation Failure) 425M->293M(494M) 22,758ms
[2020-11-04T20:43:49.959+0300][21,713s][info][gc] GC(294) Pause Young (Allocation Failure) 429M->297M(494M) 20,320ms
[2020-11-04T20:43:50.032+0300][21,786s][info][gc] GC(295) Pause Young (Allocation Failure) 434M->301M(494M) 22,409ms
[2020-11-04T20:43:50.103+0300][21,858s][info][gc] GC(296) Pause Young (Allocation Failure) 438M->305M(494M) 20,423ms
[2020-11-04T20:43:50.176+0300][21,931s][info][gc] GC(297) Pause Young (Allocation Failure) 442M->309M(494M) 21,909ms
[2020-11-04T20:43:50.249+0300][22,004s][info][gc] GC(298) Pause Young (Allocation Failure) 446M->313M(494M) 22,485ms
[2020-11-04T20:43:50.320+0300][22,075s][info][gc] GC(299) Pause Young (Allocation Failure) 450M->317M(494M) 20,794ms
[2020-11-04T20:43:50.393+0300][22,147s][info][gc] GC(300) Pause Young (Allocation Failure) 454M->321M(494M) 22,368ms
[2020-11-04T20:43:50.465+0300][22,220s][info][gc] GC(301) Pause Young (Allocation Failure) 458M->325M(494M) 21,246ms
[2020-11-04T20:43:50.539+0300][22,293s][info][gc] GC(302) Pause Young (Allocation Failure) 462M->329M(494M) 22,231ms
[2020-11-04T20:43:50.611+0300][22,366s][info][gc] GC(303) Pause Young (Allocation Failure) 466M->333M(494M) 22,083ms
[2020-11-04T20:43:50.682+0300][22,437s][info][gc] GC(304) Pause Young (Allocation Failure) 470M->337M(494M) 21,594ms
[2020-11-04T20:43:50.755+0300][22,509s][info][gc] GC(305) Pause Young (Allocation Failure) 474M->341M(494M) 21,546ms
[2020-11-04T20:43:50.827+0300][22,582s][info][gc] GC(306) Pause Young (Allocation Failure) 478M->345M(494M) 21,696ms
[2020-11-04T20:43:50.901+0300][22,655s][info][gc] GC(307) Pause Young (Allocation Failure) 482M->349M(494M) 22,364ms
[2020-11-04T20:43:50.953+0300][22,708s][info][gc] GC(308) Pause Young (Allocation Failure) 486M->486M(494M) 0,082ms
[2020-11-04T20:43:51.151+0300][22,905s][info][gc] GC(309) Pause Full (Allocation Failure) 486M->147M(494M) 197,551ms
[2020-11-04T20:43:51.230+0300][22,985s][info][gc] GC(310) Pause Young (Allocation Failure) 284M->155M(494M) 14,869ms
[2020-11-04T20:43:51.298+0300][23,052s][info][gc] GC(311) Pause Young (Allocation Failure) 291M->159M(494M) 15,479ms
[2020-11-04T20:43:51.370+0300][23,124s][info][gc] GC(312) Pause Young (Allocation Failure) 295M->163M(494M) 20,580ms
[2020-11-04T20:43:51.438+0300][23,192s][info][gc] GC(313) Pause Young (Allocation Failure) 299M->167M(494M) 19,108ms
[2020-11-04T20:43:51.512+0300][23,267s][info][gc] GC(314) Pause Young (Allocation Failure) 303M->171M(494M) 22,493ms
[2020-11-04T20:43:51.584+0300][23,338s][info][gc] GC(315) Pause Young (Allocation Failure) 307M->175M(494M) 22,147ms
[2020-11-04T20:43:51.656+0300][23,411s][info][gc] GC(316) Pause Young (Allocation Failure) 311M->179M(494M) 22,415ms
[2020-11-04T20:43:51.729+0300][23,483s][info][gc] GC(317) Pause Young (Allocation Failure) 315M->183M(494M) 22,365ms
[2020-11-04T20:43:51.798+0300][23,552s][info][gc] GC(318) Pause Young (Allocation Failure) 319M->187M(494M) 20,111ms
[2020-11-04T20:43:51.871+0300][23,625s][info][gc] GC(319) Pause Young (Allocation Failure) 323M->191M(494M) 22,141ms
[2020-11-04T20:43:51.942+0300][23,696s][info][gc] GC(320) Pause Young (Allocation Failure) 327M->195M(494M) 20,233ms
[2020-11-04T20:43:52.015+0300][23,769s][info][gc] GC(321) Pause Young (Allocation Failure) 331M->199M(494M) 22,371ms
[2020-11-04T20:43:52.088+0300][23,842s][info][gc] GC(322) Pause Young (Allocation Failure) 335M->203M(494M) 22,215ms
[2020-11-04T20:43:52.162+0300][23,916s][info][gc] GC(323) Pause Young (Allocation Failure) 339M->207M(494M) 21,282ms
[2020-11-04T20:43:52.232+0300][23,986s][info][gc] GC(324) Pause Young (Allocation Failure) 343M->211M(494M) 20,872ms
[2020-11-04T20:43:52.304+0300][24,058s][info][gc] GC(325) Pause Young (Allocation Failure) 347M->215M(494M) 22,574ms
[2020-11-04T20:43:52.376+0300][24,130s][info][gc] GC(326) Pause Young (Allocation Failure) 351M->219M(494M) 22,481ms
[2020-11-04T20:43:52.446+0300][24,200s][info][gc] GC(327) Pause Young (Allocation Failure) 356M->223M(494M) 20,301ms
[2020-11-04T20:43:52.518+0300][24,272s][info][gc] GC(328) Pause Young (Allocation Failure) 360M->227M(494M) 22,658ms
[2020-11-04T20:43:52.589+0300][24,344s][info][gc] GC(329) Pause Young (Allocation Failure) 364M->231M(494M) 21,915ms
[2020-11-04T20:43:52.660+0300][24,415s][info][gc] GC(330) Pause Young (Allocation Failure) 368M->235M(494M) 22,423ms
[2020-11-04T20:43:52.734+0300][24,488s][info][gc] GC(331) Pause Young (Allocation Failure) 372M->239M(494M) 22,076ms
[2020-11-04T20:43:52.806+0300][24,560s][info][gc] GC(332) Pause Young (Allocation Failure) 376M->243M(494M) 22,607ms
[2020-11-04T20:43:52.878+0300][24,632s][info][gc] GC(333) Pause Young (Allocation Failure) 380M->247M(494M) 22,457ms
[2020-11-04T20:43:52.947+0300][24,702s][info][gc] GC(334) Pause Young (Allocation Failure) 384M->251M(494M) 20,740ms
[2020-11-04T20:43:53.019+0300][24,774s][info][gc] GC(335) Pause Young (Allocation Failure) 388M->255M(494M) 22,434ms
[2020-11-04T20:43:53.104+0300][24,859s][info][gc] GC(336) Pause Young (Allocation Failure) 392M->263M(494M) 23,143ms
[2020-11-04T20:43:53.178+0300][24,932s][info][gc] GC(337) Pause Young (Allocation Failure) 399M->267M(494M) 23,900ms
[2020-11-04T20:43:53.248+0300][25,003s][info][gc] GC(338) Pause Young (Allocation Failure) 403M->271M(494M) 18,834ms
[2020-11-04T20:43:53.320+0300][25,075s][info][gc] GC(339) Pause Young (Allocation Failure) 407M->275M(494M) 19,420ms
[2020-11-04T20:43:53.394+0300][25,149s][info][gc] GC(340) Pause Young (Allocation Failure) 411M->279M(494M) 22,391ms
[2020-11-04T20:43:53.468+0300][25,223s][info][gc] GC(341) Pause Young (Allocation Failure) 415M->283M(494M) 22,403ms
[2020-11-04T20:43:53.539+0300][25,294s][info][gc] GC(342) Pause Young (Allocation Failure) 419M->287M(494M) 20,687ms
[2020-11-04T20:43:53.613+0300][25,368s][info][gc] GC(343) Pause Young (Allocation Failure) 423M->291M(494M) 22,263ms
[2020-11-04T20:43:53.687+0300][25,441s][info][gc] GC(344) Pause Young (Allocation Failure) 427M->295M(494M) 22,569ms
[2020-11-04T20:43:53.762+0300][25,517s][info][gc] GC(345) Pause Young (Allocation Failure) 431M->299M(494M) 22,425ms
[2020-11-04T20:43:53.835+0300][25,590s][info][gc] GC(346) Pause Young (Allocation Failure) 435M->303M(494M) 20,804ms
[2020-11-04T20:43:53.909+0300][25,664s][info][gc] GC(347) Pause Young (Allocation Failure) 439M->307M(494M) 22,406ms
[2020-11-04T20:43:53.983+0300][25,738s][info][gc] GC(348) Pause Young (Allocation Failure) 443M->311M(494M) 22,282ms
[2020-11-04T20:43:54.055+0300][25,810s][info][gc] GC(349) Pause Young (Allocation Failure) 447M->315M(494M) 21,587ms
[2020-11-04T20:43:54.130+0300][25,884s][info][gc] GC(350) Pause Young (Allocation Failure) 451M->319M(494M) 22,718ms
[2020-11-04T20:43:54.200+0300][25,955s][info][gc] GC(351) Pause Young (Allocation Failure) 455M->323M(494M) 20,782ms
[2020-11-04T20:43:54.272+0300][26,027s][info][gc] GC(352) Pause Young (Allocation Failure) 459M->327M(494M) 22,411ms
[2020-11-04T20:43:54.344+0300][26,099s][info][gc] GC(353) Pause Young (Allocation Failure) 463M->331M(494M) 20,523ms
[2020-11-04T20:43:54.419+0300][26,173s][info][gc] GC(354) Pause Young (Allocation Failure) 467M->335M(494M) 23,330ms
[2020-11-04T20:43:54.493+0300][26,247s][info][gc] GC(355) Pause Young (Allocation Failure) 471M->339M(494M) 22,295ms
[2020-11-04T20:43:54.566+0300][26,321s][info][gc] GC(356) Pause Young (Allocation Failure) 475M->343M(494M) 22,246ms
[2020-11-04T20:43:54.639+0300][26,394s][info][gc] GC(357) Pause Young (Allocation Failure) 479M->347M(494M) 20,756ms
[2020-11-04T20:43:54.714+0300][26,469s][info][gc] GC(358) Pause Young (Allocation Failure) 484M->351M(494M) 23,336ms
[2020-11-04T20:43:54.765+0300][26,520s][info][gc] GC(359) Pause Young (Allocation Failure) 488M->488M(494M) 0,057ms
[2020-11-04T20:43:54.963+0300][26,717s][info][gc] GC(360) Pause Full (Allocation Failure) 488M->149M(494M) 197,681ms
[2020-11-04T20:43:55.025+0300][26,780s][info][gc] GC(361) Pause Young (Allocation Failure) 286M->153M(494M) 11,567ms
[2020-11-04T20:43:55.105+0300][26,860s][info][gc] GC(362) Pause Young (Allocation Failure) 290M->161M(494M) 18,287ms
[2020-11-04T20:43:55.177+0300][26,932s][info][gc] GC(363) Pause Young (Allocation Failure) 297M->165M(494M) 20,179ms
[2020-11-04T20:43:55.247+0300][27,002s][info][gc] GC(364) Pause Young (Allocation Failure) 301M->169M(494M) 19,094ms
[2020-11-04T20:43:55.317+0300][27,072s][info][gc] GC(365) Pause Young (Allocation Failure) 305M->173M(494M) 19,423ms
[2020-11-04T20:43:55.389+0300][27,143s][info][gc] GC(366) Pause Young (Allocation Failure) 309M->177M(494M) 22,255ms
[2020-11-04T20:43:55.463+0300][27,217s][info][gc] GC(367) Pause Young (Allocation Failure) 313M->181M(494M) 22,151ms
[2020-11-04T20:43:55.535+0300][27,290s][info][gc] GC(368) Pause Young (Allocation Failure) 317M->185M(494M) 21,213ms
[2020-11-04T20:43:55.608+0300][27,362s][info][gc] GC(369) Pause Young (Allocation Failure) 321M->189M(494M) 20,587ms
[2020-11-04T20:43:55.681+0300][27,435s][info][gc] GC(370) Pause Young (Allocation Failure) 325M->193M(494M) 21,649ms
[2020-11-04T20:43:55.752+0300][27,507s][info][gc] GC(371) Pause Young (Allocation Failure) 329M->197M(494M) 20,637ms
[2020-11-04T20:43:55.824+0300][27,578s][info][gc] GC(372) Pause Young (Allocation Failure) 333M->201M(494M) 20,599ms
[2020-11-04T20:43:55.899+0300][27,653s][info][gc] GC(373) Pause Young (Allocation Failure) 337M->205M(494M) 23,114ms
[2020-11-04T20:43:55.972+0300][27,726s][info][gc] GC(374) Pause Young (Allocation Failure) 341M->209M(494M) 22,459ms
[2020-11-04T20:43:56.044+0300][27,799s][info][gc] GC(375) Pause Young (Allocation Failure) 345M->213M(494M) 20,723ms
[2020-11-04T20:43:56.118+0300][27,872s][info][gc] GC(376) Pause Young (Allocation Failure) 349M->217M(494M) 22,462ms
[2020-11-04T20:43:56.193+0300][27,947s][info][gc] GC(377) Pause Young (Allocation Failure) 353M->221M(494M) 23,239ms
[2020-11-04T20:43:56.266+0300][28,021s][info][gc] GC(378) Pause Young (Allocation Failure) 357M->225M(494M) 22,198ms
[2020-11-04T20:43:56.340+0300][28,094s][info][gc] GC(379) Pause Young (Allocation Failure) 361M->229M(494M) 23,217ms
[2020-11-04T20:43:56.414+0300][28,168s][info][gc] GC(380) Pause Young (Allocation Failure) 365M->233M(494M) 22,733ms
[2020-11-04T20:43:56.489+0300][28,243s][info][gc] GC(381) Pause Young (Allocation Failure) 369M->237M(494M) 23,257ms
[2020-11-04T20:43:56.565+0300][28,319s][info][gc] GC(382) Pause Young (Allocation Failure) 373M->241M(494M) 22,536ms
[2020-11-04T20:43:56.637+0300][28,392s][info][gc] GC(383) Pause Young (Allocation Failure) 377M->245M(494M) 21,228ms
[2020-11-04T20:43:56.710+0300][28,464s][info][gc] GC(384) Pause Young (Allocation Failure) 381M->249M(494M) 22,604ms
[2020-11-04T20:43:56.782+0300][28,536s][info][gc] GC(385) Pause Young (Allocation Failure) 385M->253M(494M) 22,614ms
[2020-11-04T20:43:56.851+0300][28,606s][info][gc] GC(386) Pause Young (Allocation Failure) 389M->257M(494M) 20,067ms
[2020-11-04T20:43:56.934+0300][28,689s][info][gc] GC(387) Pause Young (Allocation Failure) 393M->265M(494M) 23,081ms
[2020-11-04T20:43:57.008+0300][28,762s][info][gc] GC(388) Pause Young (Allocation Failure) 401M->269M(494M) 22,655ms
[2020-11-04T20:43:57.078+0300][28,833s][info][gc] GC(389) Pause Young (Allocation Failure) 405M->273M(494M) 20,776ms
[2020-11-04T20:43:57.147+0300][28,902s][info][gc] GC(390) Pause Young (Allocation Failure) 409M->277M(494M) 17,388ms
[2020-11-04T20:43:57.217+0300][28,972s][info][gc] GC(391) Pause Young (Allocation Failure) 413M->281M(494M) 20,429ms
[2020-11-04T20:43:57.289+0300][29,044s][info][gc] GC(392) Pause Young (Allocation Failure) 417M->285M(494M) 22,655ms
[2020-11-04T20:43:57.361+0300][29,116s][info][gc] GC(393) Pause Young (Allocation Failure) 421M->289M(494M) 22,113ms
[2020-11-04T20:43:57.433+0300][29,188s][info][gc] GC(394) Pause Young (Allocation Failure) 425M->293M(494M) 22,812ms
[2020-11-04T20:43:57.506+0300][29,260s][info][gc] GC(395) Pause Young (Allocation Failure) 429M->297M(494M) 22,599ms
[2020-11-04T20:43:57.578+0300][29,332s][info][gc] GC(396) Pause Young (Allocation Failure) 433M->301M(494M) 22,536ms
[2020-11-04T20:43:57.648+0300][29,403s][info][gc] GC(397) Pause Young (Allocation Failure) 437M->305M(494M) 20,766ms
[2020-11-04T20:43:57.720+0300][29,475s][info][gc] GC(398) Pause Young (Allocation Failure) 441M->309M(494M) 22,279ms
[2020-11-04T20:43:57.794+0300][29,549s][info][gc] GC(399) Pause Young (Allocation Failure) 445M->313M(494M) 22,826ms
[2020-11-04T20:43:57.866+0300][29,621s][info][gc] GC(400) Pause Young (Allocation Failure) 449M->317M(494M) 22,366ms
[2020-11-04T20:43:57.936+0300][29,691s][info][gc] GC(401) Pause Young (Allocation Failure) 453M->321M(494M) 20,462ms
[2020-11-04T20:43:58.008+0300][29,763s][info][gc] GC(402) Pause Young (Allocation Failure) 457M->325M(494M) 22,131ms
[2020-11-04T20:43:58.080+0300][29,835s][info][gc] GC(403) Pause Young (Allocation Failure) 461M->329M(494M) 22,542ms
[2020-11-04T20:43:58.151+0300][29,905s][info][gc] GC(404) Pause Young (Allocation Failure) 465M->333M(494M) 21,200ms
[2020-11-04T20:43:58.221+0300][29,976s][info][gc] GC(405) Pause Young (Allocation Failure) 469M->337M(494M) 20,921ms
[2020-11-04T20:43:58.293+0300][30,047s][info][gc] GC(406) Pause Young (Allocation Failure) 473M->341M(494M) 22,239ms
[2020-11-04T20:43:58.365+0300][30,119s][info][gc] GC(407) Pause Young (Allocation Failure) 477M->345M(494M) 22,541ms
[2020-11-04T20:43:58.435+0300][30,190s][info][gc] GC(408) Pause Young (Allocation Failure) 481M->349M(494M) 20,904ms
[2020-11-04T20:43:58.485+0300][30,239s][info][gc] GC(409) Pause Young (Allocation Failure) 485M->485M(494M) 0,058ms
[2020-11-04T20:43:58.683+0300][30,437s][info][gc] GC(410) Pause Full (Allocation Failure) 485M->131M(494M) 197,983ms
[2020-11-04T20:43:58.747+0300][30,501s][info][gc] GC(411) Pause Young (Allocation Failure) 268M->135M(494M) 11,874ms
[2020-11-04T20:43:58.812+0300][30,567s][info][gc] GC(412) Pause Young (Allocation Failure) 272M->139M(494M) 16,112ms
[2020-11-04T20:43:58.881+0300][30,635s][info][gc] GC(413) Pause Young (Allocation Failure) 276M->143M(494M) 19,434ms
[2020-11-04T20:43:58.967+0300][30,722s][info][gc] GC(414) Pause Young (Allocation Failure) 280M->151M(494M) 23,404ms
[2020-11-04T20:43:59.039+0300][30,794s][info][gc] GC(415) Pause Young (Allocation Failure) 287M->155M(494M) 22,252ms
[2020-11-04T20:43:59.109+0300][30,864s][info][gc] GC(416) Pause Young (Allocation Failure) 291M->159M(494M) 20,568ms
[2020-11-04T20:43:59.178+0300][30,933s][info][gc] GC(417) Pause Young (Allocation Failure) 295M->163M(494M) 19,374ms
[2020-11-04T20:43:59.251+0300][31,005s][info][gc] GC(418) Pause Young (Allocation Failure) 299M->167M(494M) 23,032ms
[2020-11-04T20:43:59.322+0300][31,077s][info][gc] GC(419) Pause Young (Allocation Failure) 303M->171M(494M) 22,068ms
[2020-11-04T20:43:59.394+0300][31,149s][info][gc] GC(420) Pause Young (Allocation Failure) 308M->175M(494M) 20,458ms
[2020-11-04T20:43:59.466+0300][31,221s][info][gc] GC(421) Pause Young (Allocation Failure) 312M->179M(494M) 22,269ms
[2020-11-04T20:43:59.537+0300][31,291s][info][gc] GC(422) Pause Young (Allocation Failure) 316M->183M(494M) 21,041ms
[2020-11-04T20:43:59.609+0300][31,363s][info][gc] GC(423) Pause Young (Allocation Failure) 320M->187M(494M) 22,315ms
[2020-11-04T20:43:59.681+0300][31,435s][info][gc] GC(424) Pause Young (Allocation Failure) 324M->191M(494M) 22,583ms
[2020-11-04T20:43:59.752+0300][31,506s][info][gc] GC(425) Pause Young (Allocation Failure) 328M->195M(494M) 20,260ms
[2020-11-04T20:43:59.822+0300][31,577s][info][gc] GC(426) Pause Young (Allocation Failure) 332M->199M(494M) 20,861ms
[2020-11-04T20:43:59.894+0300][31,648s][info][gc] GC(427) Pause Young (Allocation Failure) 336M->203M(494M) 20,274ms
[2020-11-04T20:43:59.968+0300][31,722s][info][gc] GC(428) Pause Young (Allocation Failure) 340M->207M(494M) 22,536ms
[2020-11-04T20:44:00.040+0300][31,795s][info][gc] GC(429) Pause Young (Allocation Failure) 344M->211M(494M) 20,570ms
[2020-11-04T20:44:00.112+0300][31,867s][info][gc] GC(430) Pause Young (Allocation Failure) 348M->215M(494M) 22,411ms
[2020-11-04T20:44:00.184+0300][31,938s][info][gc] GC(431) Pause Young (Allocation Failure) 352M->219M(494M) 22,206ms
[2020-11-04T20:44:00.258+0300][32,012s][info][gc] GC(432) Pause Young (Allocation Failure) 356M->223M(494M) 22,643ms
[2020-11-04T20:44:00.331+0300][32,086s][info][gc] GC(433) Pause Young (Allocation Failure) 360M->227M(494M) 22,570ms
[2020-11-04T20:44:00.401+0300][32,156s][info][gc] GC(434) Pause Young (Allocation Failure) 364M->231M(494M) 20,779ms
[2020-11-04T20:44:00.473+0300][32,228s][info][gc] GC(435) Pause Young (Allocation Failure) 368M->235M(494M) 22,300ms
[2020-11-04T20:44:00.545+0300][32,299s][info][gc] GC(436) Pause Young (Allocation Failure) 372M->239M(494M) 20,837ms
[2020-11-04T20:44:00.616+0300][32,371s][info][gc] GC(437) Pause Young (Allocation Failure) 376M->243M(494M) 22,342ms
[2020-11-04T20:44:00.690+0300][32,444s][info][gc] GC(438) Pause Young (Allocation Failure) 380M->247M(494M) 22,338ms
[2020-11-04T20:44:00.775+0300][32,529s][info][gc] GC(439) Pause Young (Allocation Failure) 384M->255M(494M) 24,356ms
[2020-11-04T20:44:00.848+0300][32,602s][info][gc] GC(440) Pause Young (Allocation Failure) 391M->259M(494M) 23,925ms
[2020-11-04T20:44:00.917+0300][32,672s][info][gc] GC(441) Pause Young (Allocation Failure) 395M->263M(494M) 20,277ms
[2020-11-04T20:44:00.986+0300][32,740s][info][gc] GC(442) Pause Young (Allocation Failure) 399M->267M(494M) 19,018ms
[2020-11-04T20:44:01.057+0300][32,812s][info][gc] GC(443) Pause Young (Allocation Failure) 403M->271M(494M) 22,237ms
[2020-11-04T20:44:01.129+0300][32,884s][info][gc] GC(444) Pause Young (Allocation Failure) 407M->275M(494M) 22,396ms
[2020-11-04T20:44:01.200+0300][32,954s][info][gc] GC(445) Pause Young (Allocation Failure) 411M->279M(494M) 20,875ms
[2020-11-04T20:44:01.272+0300][33,027s][info][gc] GC(446) Pause Young (Allocation Failure) 415M->283M(494M) 22,848ms
[2020-11-04T20:44:01.344+0300][33,099s][info][gc] GC(447) Pause Young (Allocation Failure) 419M->287M(494M) 22,200ms
[2020-11-04T20:44:01.415+0300][33,170s][info][gc] GC(448) Pause Young (Allocation Failure) 423M->291M(494M) 20,882ms
[2020-11-04T20:44:01.487+0300][33,242s][info][gc] GC(449) Pause Young (Allocation Failure) 427M->295M(494M) 22,142ms
[2020-11-04T20:44:01.559+0300][33,314s][info][gc] GC(450) Pause Young (Allocation Failure) 431M->299M(494M) 22,517ms
[2020-11-04T20:44:01.630+0300][33,384s][info][gc] GC(451) Pause Young (Allocation Failure) 436M->303M(494M) 20,985ms
[2020-11-04T20:44:01.702+0300][33,456s][info][gc] GC(452) Pause Young (Allocation Failure) 440M->307M(494M) 22,410ms
[2020-11-04T20:44:01.774+0300][33,528s][info][gc] GC(453) Pause Young (Allocation Failure) 444M->311M(494M) 22,758ms
[2020-11-04T20:44:01.845+0300][33,600s][info][gc] GC(454) Pause Young (Allocation Failure) 448M->315M(494M) 22,197ms
[2020-11-04T20:44:01.917+0300][33,672s][info][gc] GC(455) Pause Young (Allocation Failure) 452M->319M(494M) 22,483ms
[2020-11-04T20:44:01.992+0300][33,746s][info][gc] GC(456) Pause Young (Allocation Failure) 456M->323M(494M) 23,241ms
[2020-11-04T20:44:02.066+0300][33,821s][info][gc] GC(457) Pause Young (Allocation Failure) 460M->327M(494M) 22,519ms
[2020-11-04T20:44:02.136+0300][33,890s][info][gc] GC(458) Pause Young (Allocation Failure) 464M->331M(494M) 20,342ms
[2020-11-04T20:44:02.206+0300][33,961s][info][gc] GC(459) Pause Young (Allocation Failure) 468M->335M(494M) 20,782ms
[2020-11-04T20:44:02.278+0300][34,033s][info][gc] GC(460) Pause Young (Allocation Failure) 472M->339M(494M) 22,376ms
[2020-11-04T20:44:02.350+0300][34,105s][info][gc] GC(461) Pause Young (Allocation Failure) 476M->343M(494M) 22,391ms
[2020-11-04T20:44:02.424+0300][34,179s][info][gc] GC(462) Pause Young (Allocation Failure) 480M->347M(494M) 22,883ms
[2020-11-04T20:44:02.495+0300][34,249s][info][gc] GC(463) Pause Young (Allocation Failure) 484M->351M(494M) 20,855ms
[2020-11-04T20:44:02.544+0300][34,299s][info][gc] GC(464) Pause Young (Allocation Failure) 488M->488M(494M) 0,060ms
[2020-11-04T20:44:02.754+0300][34,508s][info][gc] GC(465) Pause Full (Allocation Failure) 488M->165M(494M) 209,537ms
[2020-11-04T20:44:02.827+0300][34,582s][info][gc] GC(466) Pause Young (Allocation Failure) 302M->173M(494M) 12,510ms
[2020-11-04T20:44:02.893+0300][34,648s][info][gc] GC(467) Pause Young (Allocation Failure) 309M->177M(494M) 16,110ms
[2020-11-04T20:44:02.963+0300][34,718s][info][gc] GC(468) Pause Young (Allocation Failure) 313M->181M(494M) 20,735ms
[2020-11-04T20:44:03.033+0300][34,787s][info][gc] GC(469) Pause Young (Allocation Failure) 317M->185M(494M) 17,728ms
[2020-11-04T20:44:03.105+0300][34,859s][info][gc] GC(470) Pause Young (Allocation Failure) 321M->189M(494M) 22,313ms
[2020-11-04T20:44:03.176+0300][34,931s][info][gc] GC(471) Pause Young (Allocation Failure) 325M->193M(494M) 22,166ms
[2020-11-04T20:44:03.247+0300][35,001s][info][gc] GC(472) Pause Young (Allocation Failure) 329M->197M(494M) 20,764ms
[2020-11-04T20:44:03.318+0300][35,073s][info][gc] GC(473) Pause Young (Allocation Failure) 333M->201M(494M) 22,101ms
[2020-11-04T20:44:03.392+0300][35,147s][info][gc] GC(474) Pause Young (Allocation Failure) 337M->205M(494M) 22,770ms
[2020-11-04T20:44:03.466+0300][35,220s][info][gc] GC(475) Pause Young (Allocation Failure) 341M->209M(494M) 22,556ms
[2020-11-04T20:44:03.539+0300][35,294s][info][gc] GC(476) Pause Young (Allocation Failure) 345M->213M(494M) 21,112ms
[2020-11-04T20:44:03.617+0300][35,371s][info][gc] GC(477) Pause Young (Allocation Failure) 349M->217M(494M) 22,013ms
[2020-11-04T20:44:03.713+0300][35,467s][info][gc] GC(478) Pause Young (Allocation Failure) 353M->221M(494M) 21,296ms
[2020-11-04T20:44:03.784+0300][35,539s][info][gc] GC(479) Pause Young (Allocation Failure) 357M->225M(494M) 21,215ms
[2020-11-04T20:44:03.859+0300][35,614s][info][gc] GC(480) Pause Young (Allocation Failure) 361M->229M(494M) 22,040ms
[2020-11-04T20:44:03.932+0300][35,686s][info][gc] GC(481) Pause Young (Allocation Failure) 365M->233M(494M) 21,137ms
[2020-11-04T20:44:04.037+0300][35,792s][info][gc] GC(482) Pause Young (Allocation Failure) 369M->237M(494M) 21,453ms
[2020-11-04T20:44:04.114+0300][35,869s][info][gc] GC(483) Pause Young (Allocation Failure) 373M->241M(494M) 22,231ms
[2020-11-04T20:44:04.186+0300][35,940s][info][gc] GC(484) Pause Young (Allocation Failure) 377M->245M(494M) 22,355ms
[2020-11-04T20:44:04.257+0300][36,012s][info][gc] GC(485) Pause Young (Allocation Failure) 381M->249M(494M) 22,244ms
[2020-11-04T20:44:04.330+0300][36,084s][info][gc] GC(486) Pause Young (Allocation Failure) 386M->253M(494M) 22,600ms
[2020-11-04T20:44:04.401+0300][36,156s][info][gc] GC(487) Pause Young (Allocation Failure) 390M->257M(494M) 22,430ms
[2020-11-04T20:44:04.477+0300][36,232s][info][gc] GC(488) Pause Young (Allocation Failure) 394M->261M(494M) 22,343ms
[2020-11-04T20:44:04.550+0300][36,305s][info][gc] GC(489) Pause Young (Allocation Failure) 398M->265M(494M) 22,285ms
[2020-11-04T20:44:04.620+0300][36,375s][info][gc] GC(490) Pause Young (Allocation Failure) 402M->269M(494M) 20,521ms
[2020-11-04T20:44:04.705+0300][36,460s][info][gc] GC(491) Pause Young (Allocation Failure) 406M->277M(494M) 21,247ms
[2020-11-04T20:44:04.778+0300][36,532s][info][gc] GC(492) Pause Young (Allocation Failure) 413M->281M(494M) 23,193ms
[2020-11-04T20:44:04.847+0300][36,602s][info][gc] GC(493) Pause Young (Allocation Failure) 417M->285M(494M) 20,285ms
[2020-11-04T20:44:04.916+0300][36,670s][info][gc] GC(494) Pause Young (Allocation Failure) 421M->289M(494M) 19,431ms
[2020-11-04T20:44:04.987+0300][36,742s][info][gc] GC(495) Pause Young (Allocation Failure) 425M->293M(494M) 22,059ms
[2020-11-04T20:44:05.059+0300][36,814s][info][gc] GC(496) Pause Young (Allocation Failure) 429M->297M(494M) 22,606ms
[2020-11-04T20:44:05.131+0300][36,886s][info][gc] GC(497) Pause Young (Allocation Failure) 433M->301M(494M) 22,420ms
[2020-11-04T20:44:05.204+0300][36,958s][info][gc] GC(498) Pause Young (Allocation Failure) 437M->305M(494M) 20,776ms
[2020-11-04T20:44:05.274+0300][37,029s][info][gc] GC(499) Pause Young (Allocation Failure) 441M->309M(494M) 21,206ms
[2020-11-04T20:44:05.346+0300][37,101s][info][gc] GC(500) Pause Young (Allocation Failure) 445M->313M(494M) 22,809ms
[2020-11-04T20:44:05.418+0300][37,173s][info][gc] GC(501) Pause Young (Allocation Failure) 449M->317M(494M) 22,356ms
[2020-11-04T20:44:05.488+0300][37,243s][info][gc] GC(502) Pause Young (Allocation Failure) 453M->321M(494M) 20,318ms
[2020-11-04T20:44:05.561+0300][37,315s][info][gc] GC(503) Pause Young (Allocation Failure) 457M->325M(494M) 22,596ms
[2020-11-04T20:44:05.635+0300][37,389s][info][gc] GC(504) Pause Young (Allocation Failure) 461M->329M(494M) 22,467ms
[2020-11-04T20:44:05.705+0300][37,459s][info][gc] GC(505) Pause Young (Allocation Failure) 465M->333M(494M) 20,823ms
[2020-11-04T20:44:05.776+0300][37,531s][info][gc] GC(506) Pause Young (Allocation Failure) 469M->337M(494M) 21,986ms
[2020-11-04T20:44:05.848+0300][37,603s][info][gc] GC(507) Pause Young (Allocation Failure) 473M->341M(494M) 22,867ms
[2020-11-04T20:44:05.921+0300][37,675s][info][gc] GC(508) Pause Young (Allocation Failure) 477M->345M(494M) 22,757ms
[2020-11-04T20:44:05.992+0300][37,746s][info][gc] GC(509) Pause Young (Allocation Failure) 481M->349M(494M) 21,495ms
[2020-11-04T20:44:06.041+0300][37,796s][info][gc] GC(510) Pause Young (Allocation Failure) 485M->485M(494M) 0,064ms
[2020-11-04T20:44:06.230+0300][37,984s][info][gc] GC(511) Pause Full (Allocation Failure) 485M->147M(494M) 188,683ms
[2020-11-04T20:44:06.292+0300][38,046s][info][gc] GC(512) Pause Young (Allocation Failure) 283M->151M(494M) 12,668ms
[2020-11-04T20:44:06.357+0300][38,112s][info][gc] GC(513) Pause Young (Allocation Failure) 287M->155M(494M) 15,788ms
[2020-11-04T20:44:06.428+0300][38,183s][info][gc] GC(514) Pause Young (Allocation Failure) 291M->159M(494M) 18,960ms
[2020-11-04T20:44:06.500+0300][38,255s][info][gc] GC(515) Pause Young (Allocation Failure) 295M->163M(494M) 22,011ms
[2020-11-04T20:44:06.570+0300][38,325s][info][gc] GC(516) Pause Young (Allocation Failure) 299M->167M(494M) 20,557ms
[2020-11-04T20:44:06.656+0300][38,411s][info][gc] GC(517) Pause Young (Allocation Failure) 304M->175M(494M) 23,144ms
[2020-11-04T20:44:06.729+0300][38,484s][info][gc] GC(518) Pause Young (Allocation Failure) 311M->179M(494M) 23,609ms
[2020-11-04T20:44:06.800+0300][38,554s][info][gc] GC(519) Pause Young (Allocation Failure) 315M->183M(494M) 20,986ms
[2020-11-04T20:44:06.868+0300][38,622s][info][gc] GC(520) Pause Young (Allocation Failure) 319M->187M(494M) 18,773ms
[2020-11-04T20:44:06.937+0300][38,692s][info][gc] GC(521) Pause Young (Allocation Failure) 323M->191M(494M) 20,427ms
[2020-11-04T20:44:07.008+0300][38,763s][info][gc] GC(522) Pause Young (Allocation Failure) 327M->195M(494M) 21,516ms
[2020-11-04T20:44:07.081+0300][38,835s][info][gc] GC(523) Pause Young (Allocation Failure) 331M->199M(494M) 22,677ms
[2020-11-04T20:44:07.151+0300][38,905s][info][gc] GC(524) Pause Young (Allocation Failure) 335M->203M(494M) 20,621ms
[2020-11-04T20:44:07.221+0300][38,975s][info][gc] GC(525) Pause Young (Allocation Failure) 339M->207M(494M) 20,345ms
[2020-11-04T20:44:07.292+0300][39,046s][info][gc] GC(526) Pause Young (Allocation Failure) 343M->211M(494M) 21,361ms
[2020-11-04T20:44:07.363+0300][39,118s][info][gc] GC(527) Pause Young (Allocation Failure) 347M->215M(494M) 22,724ms
[2020-11-04T20:44:07.435+0300][39,190s][info][gc] GC(528) Pause Young (Allocation Failure) 351M->219M(494M) 22,211ms
[2020-11-04T20:44:07.505+0300][39,260s][info][gc] GC(529) Pause Young (Allocation Failure) 355M->223M(494M) 20,382ms
[2020-11-04T20:44:07.579+0300][39,334s][info][gc] GC(530) Pause Young (Allocation Failure) 359M->227M(494M) 22,637ms
[2020-11-04T20:44:07.651+0300][39,406s][info][gc] GC(531) Pause Young (Allocation Failure) 363M->231M(494M) 20,553ms
[2020-11-04T20:44:07.721+0300][39,476s][info][gc] GC(532) Pause Young (Allocation Failure) 367M->235M(494M) 20,426ms
[2020-11-04T20:44:07.793+0300][39,547s][info][gc] GC(533) Pause Young (Allocation Failure) 371M->239M(494M) 21,818ms
[2020-11-04T20:44:07.864+0300][39,619s][info][gc] GC(534) Pause Young (Allocation Failure) 375M->243M(494M) 21,860ms
[2020-11-04T20:44:07.936+0300][39,690s][info][gc] GC(535) Pause Young (Allocation Failure) 379M->247M(494M) 22,325ms
[2020-11-04T20:44:08.006+0300][39,761s][info][gc] GC(536) Pause Young (Allocation Failure) 383M->251M(494M) 20,608ms
[2020-11-04T20:44:08.078+0300][39,832s][info][gc] GC(537) Pause Young (Allocation Failure) 387M->255M(494M) 22,245ms
[2020-11-04T20:44:08.151+0300][39,906s][info][gc] GC(538) Pause Young (Allocation Failure) 391M->259M(494M) 21,947ms
[2020-11-04T20:44:08.221+0300][39,976s][info][gc] GC(539) Pause Young (Allocation Failure) 395M->263M(494M) 20,585ms
[2020-11-04T20:44:08.292+0300][40,047s][info][gc] GC(540) Pause Young (Allocation Failure) 399M->267M(494M) 21,718ms
[2020-11-04T20:44:08.365+0300][40,119s][info][gc] GC(541) Pause Young (Allocation Failure) 403M->271M(494M) 22,369ms
[2020-11-04T20:44:08.437+0300][40,191s][info][gc] GC(542) Pause Young (Allocation Failure) 407M->275M(494M) 22,395ms
[2020-11-04T20:44:08.522+0300][40,277s][info][gc] GC(543) Pause Young (Allocation Failure) 411M->283M(494M) 23,295ms
[2020-11-04T20:44:08.595+0300][40,350s][info][gc] GC(544) Pause Young (Allocation Failure) 419M->287M(494M) 23,358ms
[2020-11-04T20:44:08.666+0300][40,421s][info][gc] GC(545) Pause Young (Allocation Failure) 423M->291M(494M) 20,034ms
[2020-11-04T20:44:08.734+0300][40,489s][info][gc] GC(546) Pause Young (Allocation Failure) 427M->295M(494M) 19,222ms
[2020-11-04T20:44:08.804+0300][40,559s][info][gc] GC(547) Pause Young (Allocation Failure) 431M->299M(494M) 20,487ms
[2020-11-04T20:44:08.875+0300][40,630s][info][gc] GC(548) Pause Young (Allocation Failure) 435M->303M(494M) 21,393ms
[2020-11-04T20:44:08.948+0300][40,702s][info][gc] GC(549) Pause Young (Allocation Failure) 439M->307M(494M) 22,769ms
[2020-11-04T20:44:09.020+0300][40,774s][info][gc] GC(550) Pause Young (Allocation Failure) 443M->311M(494M) 22,722ms
[2020-11-04T20:44:09.089+0300][40,844s][info][gc] GC(551) Pause Young (Allocation Failure) 447M->315M(494M) 20,549ms
[2020-11-04T20:44:09.161+0300][40,916s][info][gc] GC(552) Pause Young (Allocation Failure) 451M->319M(494M) 22,244ms
[2020-11-04T20:44:09.233+0300][40,988s][info][gc] GC(553) Pause Young (Allocation Failure) 455M->323M(494M) 22,895ms
[2020-11-04T20:44:09.305+0300][41,059s][info][gc] GC(554) Pause Young (Allocation Failure) 459M->327M(494M) 22,226ms
[2020-11-04T20:44:09.376+0300][41,130s][info][gc] GC(555) Pause Young (Allocation Failure) 463M->331M(494M) 21,693ms
[2020-11-04T20:44:09.448+0300][41,202s][info][gc] GC(556) Pause Young (Allocation Failure) 467M->335M(494M) 22,218ms
[2020-11-04T20:44:09.521+0300][41,276s][info][gc] GC(557) Pause Young (Allocation Failure) 471M->339M(494M) 22,199ms
[2020-11-04T20:44:09.592+0300][41,347s][info][gc] GC(558) Pause Young (Allocation Failure) 475M->343M(494M) 21,574ms
[2020-11-04T20:44:09.664+0300][41,419s][info][gc] GC(559) Pause Young (Allocation Failure) 479M->347M(494M) 22,305ms
[2020-11-04T20:44:09.736+0300][41,491s][info][gc] GC(560) Pause Young (Allocation Failure) 483M->351M(494M) 22,627ms
[2020-11-04T20:44:09.786+0300][41,540s][info][gc] GC(561) Pause Young (Allocation Failure) 487M->487M(494M) 0,074ms
[2020-11-04T20:44:09.973+0300][41,728s][info][gc] GC(562) Pause Full (Allocation Failure) 487M->149M(494M) 187,355ms
[2020-11-04T20:44:10.035+0300][41,790s][info][gc] GC(563) Pause Young (Allocation Failure) 285M->153M(494M) 12,747ms
[2020-11-04T20:44:10.101+0300][41,855s][info][gc] GC(564) Pause Young (Allocation Failure) 289M->157M(494M) 15,940ms
[2020-11-04T20:44:10.168+0300][41,922s][info][gc] GC(565) Pause Young (Allocation Failure) 293M->161M(494M) 17,640ms
[2020-11-04T20:44:10.238+0300][41,992s][info][gc] GC(566) Pause Young (Allocation Failure) 297M->165M(494M) 20,256ms
[2020-11-04T20:44:10.310+0300][42,065s][info][gc] GC(567) Pause Young (Allocation Failure) 301M->169M(494M) 22,224ms
[2020-11-04T20:44:10.382+0300][42,136s][info][gc] GC(568) Pause Young (Allocation Failure) 305M->173M(494M) 22,315ms
[2020-11-04T20:44:10.467+0300][42,222s][info][gc] GC(569) Pause Young (Allocation Failure) 309M->181M(494M) 23,957ms
[2020-11-04T20:44:10.541+0300][42,295s][info][gc] GC(570) Pause Young (Allocation Failure) 317M->185M(494M) 21,970ms
[2020-11-04T20:44:10.610+0300][42,365s][info][gc] GC(571) Pause Young (Allocation Failure) 321M->189M(494M) 19,855ms
[2020-11-04T20:44:10.679+0300][42,434s][info][gc] GC(572) Pause Young (Allocation Failure) 325M->193M(494M) 19,460ms
[2020-11-04T20:44:10.751+0300][42,505s][info][gc] GC(573) Pause Young (Allocation Failure) 329M->197M(494M) 22,711ms
[2020-11-04T20:44:10.821+0300][42,575s][info][gc] GC(574) Pause Young (Allocation Failure) 333M->201M(494M) 20,682ms
[2020-11-04T20:44:10.892+0300][42,646s][info][gc] GC(575) Pause Young (Allocation Failure) 337M->205M(494M) 21,475ms
[2020-11-04T20:44:10.964+0300][42,718s][info][gc] GC(576) Pause Young (Allocation Failure) 341M->209M(494M) 22,322ms
[2020-11-04T20:44:11.035+0300][42,790s][info][gc] GC(577) Pause Young (Allocation Failure) 345M->213M(494M) 22,361ms
[2020-11-04T20:44:11.107+0300][42,862s][info][gc] GC(578) Pause Young (Allocation Failure) 349M->217M(494M) 22,522ms
[2020-11-04T20:44:11.180+0300][42,934s][info][gc] GC(579) Pause Young (Allocation Failure) 353M->221M(494M) 22,891ms
[2020-11-04T20:44:11.251+0300][43,006s][info][gc] GC(580) Pause Young (Allocation Failure) 357M->225M(494M) 22,211ms
[2020-11-04T20:44:11.321+0300][43,076s][info][gc] GC(581) Pause Young (Allocation Failure) 361M->229M(494M) 20,549ms
[2020-11-04T20:44:11.392+0300][43,147s][info][gc] GC(582) Pause Young (Allocation Failure) 365M->233M(494M) 21,569ms
[2020-11-04T20:44:11.465+0300][43,219s][info][gc] GC(583) Pause Young (Allocation Failure) 369M->237M(494M) 22,726ms
[2020-11-04T20:44:11.537+0300][43,291s][info][gc] GC(584) Pause Young (Allocation Failure) 373M->241M(494M) 22,379ms
[2020-11-04T20:44:11.608+0300][43,362s][info][gc] GC(585) Pause Young (Allocation Failure) 377M->245M(494M) 21,091ms
[2020-11-04T20:44:11.680+0300][43,435s][info][gc] GC(586) Pause Young (Allocation Failure) 381M->249M(494M) 22,747ms
[2020-11-04T20:44:11.751+0300][43,505s][info][gc] GC(587) Pause Young (Allocation Failure) 385M->253M(494M) 21,424ms
[2020-11-04T20:44:11.821+0300][43,576s][info][gc] GC(588) Pause Young (Allocation Failure) 389M->257M(494M) 20,576ms
[2020-11-04T20:44:11.892+0300][43,647s][info][gc] GC(589) Pause Young (Allocation Failure) 393M->261M(494M) 21,441ms
[2020-11-04T20:44:11.964+0300][43,718s][info][gc] GC(590) Pause Young (Allocation Failure) 397M->265M(494M) 22,225ms
[2020-11-04T20:44:12.035+0300][43,789s][info][gc] GC(591) Pause Young (Allocation Failure) 401M->269M(494M) 21,722ms
[2020-11-04T20:44:12.107+0300][43,862s][info][gc] GC(592) Pause Young (Allocation Failure) 405M->273M(494M) 22,432ms
[2020-11-04T20:44:12.179+0300][43,934s][info][gc] GC(593) Pause Young (Allocation Failure) 409M->277M(494M) 22,597ms
[2020-11-04T20:44:12.263+0300][44,017s][info][gc] GC(594) Pause Young (Allocation Failure) 413M->285M(494M) 23,709ms
[2020-11-04T20:44:12.338+0300][44,093s][info][gc] GC(595) Pause Young (Allocation Failure) 421M->289M(494M) 23,860ms
[2020-11-04T20:44:12.408+0300][44,162s][info][gc] GC(596) Pause Young (Allocation Failure) 425M->293M(494M) 20,403ms
[2020-11-04T20:44:12.479+0300][44,233s][info][gc] GC(597) Pause Young (Allocation Failure) 429M->297M(494M) 19,477ms
[2020-11-04T20:44:12.551+0300][44,306s][info][gc] GC(598) Pause Young (Allocation Failure) 433M->301M(494M) 22,551ms
[2020-11-04T20:44:12.621+0300][44,376s][info][gc] GC(599) Pause Young (Allocation Failure) 437M->305M(494M) 20,562ms
[2020-11-04T20:44:12.691+0300][44,446s][info][gc] GC(600) Pause Young (Allocation Failure) 441M->309M(494M) 21,202ms
[2020-11-04T20:44:12.763+0300][44,517s][info][gc] GC(601) Pause Young (Allocation Failure) 445M->313M(494M) 21,975ms
[2020-11-04T20:44:12.834+0300][44,589s][info][gc] GC(602) Pause Young (Allocation Failure) 449M->317M(494M) 21,743ms
[2020-11-04T20:44:12.906+0300][44,660s][info][gc] GC(603) Pause Young (Allocation Failure) 453M->321M(494M) 21,984ms
[2020-11-04T20:44:12.977+0300][44,731s][info][gc] GC(604) Pause Young (Allocation Failure) 457M->325M(494M) 21,789ms
[2020-11-04T20:44:13.049+0300][44,803s][info][gc] GC(605) Pause Young (Allocation Failure) 461M->329M(494M) 22,666ms
[2020-11-04T20:44:13.121+0300][44,875s][info][gc] GC(606) Pause Young (Allocation Failure) 465M->333M(494M) 22,367ms
[2020-11-04T20:44:13.191+0300][44,946s][info][gc] GC(607) Pause Young (Allocation Failure) 469M->337M(494M) 21,192ms
[2020-11-04T20:44:13.263+0300][45,018s][info][gc] GC(608) Pause Young (Allocation Failure) 473M->341M(494M) 21,933ms
[2020-11-04T20:44:13.335+0300][45,089s][info][gc] GC(609) Pause Young (Allocation Failure) 477M->345M(494M) 22,245ms
[2020-11-04T20:44:13.404+0300][45,159s][info][gc] GC(610) Pause Young (Allocation Failure) 481M->349M(494M) 20,479ms
[2020-11-04T20:44:13.454+0300][45,208s][info][gc] GC(611) Pause Young (Allocation Failure) 485M->485M(494M) 0,064ms
[2020-11-04T20:44:13.642+0300][45,396s][info][gc] GC(612) Pause Full (Allocation Failure) 485M->131M(494M) 187,589ms
[2020-11-04T20:44:13.703+0300][45,458s][info][gc] GC(613) Pause Young (Allocation Failure) 267M->135M(494M) 12,444ms
[2020-11-04T20:44:13.768+0300][45,522s][info][gc] GC(614) Pause Young (Allocation Failure) 271M->139M(494M) 14,662ms
[2020-11-04T20:44:13.835+0300][45,589s][info][gc] GC(615) Pause Young (Allocation Failure) 275M->143M(494M) 17,597ms
[2020-11-04T20:44:13.906+0300][45,660s][info][gc] GC(616) Pause Young (Allocation Failure) 279M->147M(494M) 21,843ms
[2020-11-04T20:44:13.977+0300][45,732s][info][gc] GC(617) Pause Young (Allocation Failure) 283M->151M(494M) 21,984ms
[2020-11-04T20:44:14.049+0300][45,804s][info][gc] GC(618) Pause Young (Allocation Failure) 287M->155M(494M) 22,228ms
[2020-11-04T20:44:14.121+0300][45,876s][info][gc] GC(619) Pause Young (Allocation Failure) 291M->159M(494M) 22,665ms
[2020-11-04T20:44:14.192+0300][45,947s][info][gc] GC(620) Pause Young (Allocation Failure) 295M->163M(494M) 21,336ms
[2020-11-04T20:44:14.276+0300][46,031s][info][gc] GC(621) Pause Young (Allocation Failure) 299M->171M(494M) 22,457ms
[2020-11-04T20:44:14.350+0300][46,104s][info][gc] GC(622) Pause Young (Allocation Failure) 307M->175M(494M) 23,927ms
[2020-11-04T20:44:14.419+0300][46,174s][info][gc] GC(623) Pause Young (Allocation Failure) 311M->179M(494M) 20,514ms
[2020-11-04T20:44:14.491+0300][46,245s][info][gc] GC(624) Pause Young (Allocation Failure) 315M->183M(494M) 18,681ms
[2020-11-04T20:44:14.563+0300][46,318s][info][gc] GC(625) Pause Young (Allocation Failure) 319M->187M(494M) 22,414ms
[2020-11-04T20:44:14.635+0300][46,390s][info][gc] GC(626) Pause Young (Allocation Failure) 323M->191M(494M) 22,310ms
[2020-11-04T20:44:14.707+0300][46,461s][info][gc] GC(627) Pause Young (Allocation Failure) 327M->195M(494M) 22,026ms
[2020-11-04T20:44:14.778+0300][46,533s][info][gc] GC(628) Pause Young (Allocation Failure) 331M->199M(494M) 22,378ms
[2020-11-04T20:44:14.851+0300][46,605s][info][gc] GC(629) Pause Young (Allocation Failure) 335M->203M(494M) 22,792ms
[2020-11-04T20:44:14.921+0300][46,675s][info][gc] GC(630) Pause Young (Allocation Failure) 339M->207M(494M) 20,661ms
[2020-11-04T20:44:14.991+0300][46,746s][info][gc] GC(631) Pause Young (Allocation Failure) 343M->211M(494M) 21,167ms
[2020-11-04T20:44:15.064+0300][46,818s][info][gc] GC(632) Pause Young (Allocation Failure) 347M->215M(494M) 22,708ms
[2020-11-04T20:44:15.135+0300][46,890s][info][gc] GC(633) Pause Young (Allocation Failure) 351M->219M(494M) 22,010ms
[2020-11-04T20:44:15.205+0300][46,959s][info][gc] GC(634) Pause Young (Allocation Failure) 355M->223M(494M) 20,605ms
[2020-11-04T20:44:15.276+0300][47,030s][info][gc] GC(635) Pause Young (Allocation Failure) 359M->227M(494M) 21,428ms
[2020-11-04T20:44:15.347+0300][47,102s][info][gc] GC(636) Pause Young (Allocation Failure) 363M->231M(494M) 22,532ms
[2020-11-04T20:44:15.421+0300][47,176s][info][gc] GC(637) Pause Young (Allocation Failure) 367M->235M(494M) 21,973ms
[2020-11-04T20:44:15.493+0300][47,248s][info][gc] GC(638) Pause Young (Allocation Failure) 371M->239M(494M) 21,992ms
[2020-11-04T20:44:15.565+0300][47,320s][info][gc] GC(639) Pause Young (Allocation Failure) 375M->243M(494M) 22,720ms
[2020-11-04T20:44:15.637+0300][47,392s][info][gc] GC(640) Pause Young (Allocation Failure) 379M->247M(494M) 22,215ms
[2020-11-04T20:44:15.709+0300][47,464s][info][gc] GC(641) Pause Young (Allocation Failure) 383M->251M(494M) 22,377ms
[2020-11-04T20:44:15.784+0300][47,538s][info][gc] GC(642) Pause Young (Allocation Failure) 387M->255M(494M) 22,377ms
[2020-11-04T20:44:15.854+0300][47,609s][info][gc] GC(643) Pause Young (Allocation Failure) 391M->259M(494M) 21,055ms
[2020-11-04T20:44:15.925+0300][47,679s][info][gc] GC(644) Pause Young (Allocation Failure) 395M->263M(494M) 21,209ms
[2020-11-04T20:44:15.997+0300][47,751s][info][gc] GC(645) Pause Young (Allocation Failure) 399M->267M(494M) 22,596ms
[2020-11-04T20:44:16.083+0300][47,837s][info][gc] GC(646) Pause Young (Allocation Failure) 403M->274M(494M) 24,053ms
[2020-11-04T20:44:16.157+0300][47,912s][info][gc] GC(647) Pause Young (Allocation Failure) 411M->278M(494M) 23,093ms
[2020-11-04T20:44:16.227+0300][47,982s][info][gc] GC(648) Pause Young (Allocation Failure) 415M->283M(494M) 21,129ms
[2020-11-04T20:44:16.296+0300][48,051s][info][gc] GC(649) Pause Young (Allocation Failure) 419M->287M(494M) 19,174ms
[2020-11-04T20:44:16.368+0300][48,122s][info][gc] GC(650) Pause Young (Allocation Failure) 423M->291M(494M) 22,290ms
[2020-11-04T20:44:16.438+0300][48,193s][info][gc] GC(651) Pause Young (Allocation Failure) 427M->295M(494M) 20,619ms
[2020-11-04T20:44:16.510+0300][48,265s][info][gc] GC(652) Pause Young (Allocation Failure) 431M->299M(494M) 22,552ms
[2020-11-04T20:44:16.582+0300][48,336s][info][gc] GC(653) Pause Young (Allocation Failure) 435M->303M(494M) 22,248ms
[2020-11-04T20:44:16.655+0300][48,409s][info][gc] GC(654) Pause Young (Allocation Failure) 439M->307M(494M) 21,159ms
[2020-11-04T20:44:16.725+0300][48,480s][info][gc] GC(655) Pause Young (Allocation Failure) 443M->311M(494M) 21,325ms
[2020-11-04T20:44:16.797+0300][48,552s][info][gc] GC(656) Pause Young (Allocation Failure) 447M->315M(494M) 22,504ms
[2020-11-04T20:44:16.869+0300][48,624s][info][gc] GC(657) Pause Young (Allocation Failure) 451M->319M(494M) 22,261ms
[2020-11-04T20:44:16.939+0300][48,693s][info][gc] GC(658) Pause Young (Allocation Failure) 455M->323M(494M) 20,283ms
[2020-11-04T20:44:17.010+0300][48,764s][info][gc] GC(659) Pause Young (Allocation Failure) 459M->327M(494M) 21,524ms
[2020-11-04T20:44:17.082+0300][48,836s][info][gc] GC(660) Pause Young (Allocation Failure) 463M->331M(494M) 22,622ms
[2020-11-04T20:44:17.152+0300][48,906s][info][gc] GC(661) Pause Young (Allocation Failure) 467M->335M(494M) 20,368ms
[2020-11-04T20:44:17.221+0300][48,976s][info][gc] GC(662) Pause Young (Allocation Failure) 471M->339M(494M) 20,435ms
[2020-11-04T20:44:17.292+0300][49,047s][info][gc] GC(663) Pause Young (Allocation Failure) 475M->343M(494M) 21,384ms
[2020-11-04T20:44:17.364+0300][49,118s][info][gc] GC(664) Pause Young (Allocation Failure) 479M->347M(494M) 22,150ms
[2020-11-04T20:44:17.436+0300][49,191s][info][gc] GC(665) Pause Young (Allocation Failure) 483M->351M(494M) 22,627ms
[2020-11-04T20:44:17.487+0300][49,242s][info][gc] GC(666) Pause Young (Allocation Failure) 487M->487M(494M) 0,063ms
[2020-11-04T20:44:17.689+0300][49,444s][info][gc] GC(667) Pause Full (Allocation Failure) 487M->164M(494M) 201,866ms
[2020-11-04T20:44:17.752+0300][49,506s][info][gc] GC(668) Pause Young (Allocation Failure) 301M->168M(494M) 13,046ms
[2020-11-04T20:44:17.816+0300][49,570s][info][gc] GC(669) Pause Young (Allocation Failure) 305M->172M(494M) 14,334ms
[2020-11-04T20:44:17.885+0300][49,639s][info][gc] GC(670) Pause Young (Allocation Failure) 309M->176M(494M) 19,477ms
[2020-11-04T20:44:17.955+0300][49,710s][info][gc] GC(671) Pause Young (Allocation Failure) 313M->180M(494M) 21,387ms
[2020-11-04T20:44:18.027+0300][49,781s][info][gc] GC(672) Pause Young (Allocation Failure) 317M->184M(494M) 21,765ms
[2020-11-04T20:44:18.104+0300][49,858s][info][gc] GC(673) Pause Young (Allocation Failure) 321M->192M(494M) 19,877ms
[2020-11-04T20:44:18.175+0300][49,930s][info][gc] GC(674) Pause Young (Allocation Failure) 329M->196M(494M) 22,043ms
[2020-11-04T20:44:18.246+0300][50,001s][info][gc] GC(675) Pause Young (Allocation Failure) 333M->200M(494M) 21,061ms
[2020-11-04T20:44:18.315+0300][50,069s][info][gc] GC(676) Pause Young (Allocation Failure) 337M->204M(494M) 19,386ms
[2020-11-04T20:44:18.386+0300][50,141s][info][gc] GC(677) Pause Young (Allocation Failure) 341M->208M(494M) 22,338ms
[2020-11-04T20:44:18.459+0300][50,214s][info][gc] GC(678) Pause Young (Allocation Failure) 345M->212M(494M) 22,565ms
[2020-11-04T20:44:18.533+0300][50,288s][info][gc] GC(679) Pause Young (Allocation Failure) 349M->216M(494M) 22,781ms
[2020-11-04T20:44:18.605+0300][50,360s][info][gc] GC(680) Pause Young (Allocation Failure) 353M->220M(494M) 22,454ms
[2020-11-04T20:44:18.680+0300][50,434s][info][gc] GC(681) Pause Young (Allocation Failure) 357M->224M(494M) 22,717ms
[2020-11-04T20:44:18.751+0300][50,506s][info][gc] GC(682) Pause Young (Allocation Failure) 361M->228M(494M) 22,147ms
[2020-11-04T20:44:18.823+0300][50,577s][info][gc] GC(683) Pause Young (Allocation Failure) 365M->232M(494M) 20,355ms
[2020-11-04T20:44:18.896+0300][50,651s][info][gc] GC(684) Pause Young (Allocation Failure) 369M->236M(494M) 22,251ms
[2020-11-04T20:44:18.968+0300][50,723s][info][gc] GC(685) Pause Young (Allocation Failure) 373M->240M(494M) 22,847ms
[2020-11-04T20:44:19.039+0300][50,794s][info][gc] GC(686) Pause Young (Allocation Failure) 377M->244M(494M) 20,233ms
[2020-11-04T20:44:19.111+0300][50,866s][info][gc] GC(687) Pause Young (Allocation Failure) 381M->248M(494M) 22,513ms
[2020-11-04T20:44:19.186+0300][50,940s][info][gc] GC(688) Pause Young (Allocation Failure) 385M->252M(494M) 22,726ms
[2020-11-04T20:44:19.257+0300][51,012s][info][gc] GC(689) Pause Young (Allocation Failure) 389M->256M(494M) 21,896ms
[2020-11-04T20:44:19.329+0300][51,083s][info][gc] GC(690) Pause Young (Allocation Failure) 393M->260M(494M) 22,019ms
[2020-11-04T20:44:19.401+0300][51,155s][info][gc] GC(691) Pause Young (Allocation Failure) 397M->264M(494M) 22,677ms
[2020-11-04T20:44:19.471+0300][51,226s][info][gc] GC(692) Pause Young (Allocation Failure) 401M->268M(494M) 20,834ms
[2020-11-04T20:44:19.542+0300][51,297s][info][gc] GC(693) Pause Young (Allocation Failure) 405M->272M(494M) 21,218ms
[2020-11-04T20:44:19.614+0300][51,369s][info][gc] GC(694) Pause Young (Allocation Failure) 409M->276M(494M) 22,544ms
[2020-11-04T20:44:19.686+0300][51,440s][info][gc] GC(695) Pause Young (Allocation Failure) 413M->280M(494M) 22,722ms
[2020-11-04T20:44:19.760+0300][51,515s][info][gc] GC(696) Pause Young (Allocation Failure) 417M->284M(494M) 22,652ms
[2020-11-04T20:44:19.832+0300][51,587s][info][gc] GC(697) Pause Young (Allocation Failure) 421M->288M(494M) 22,386ms
[2020-11-04T20:44:19.921+0300][51,676s][info][gc] GC(698) Pause Young (Allocation Failure) 425M->296M(494M) 24,368ms
[2020-11-04T20:44:19.996+0300][51,751s][info][gc] GC(699) Pause Young (Allocation Failure) 433M->300M(494M) 23,384ms
[2020-11-04T20:44:20.067+0300][51,821s][info][gc] GC(700) Pause Young (Allocation Failure) 437M->304M(494M) 20,865ms
[2020-11-04T20:44:20.135+0300][51,890s][info][gc] GC(701) Pause Young (Allocation Failure) 441M->308M(494M) 19,069ms
[2020-11-04T20:44:20.205+0300][51,960s][info][gc] GC(702) Pause Young (Allocation Failure) 445M->312M(494M) 20,533ms
[2020-11-04T20:44:20.276+0300][52,030s][info][gc] GC(703) Pause Young (Allocation Failure) 449M->316M(494M) 21,206ms
[2020-11-04T20:44:20.348+0300][52,102s][info][gc] GC(704) Pause Young (Allocation Failure) 453M->320M(494M) 22,399ms
[2020-11-04T20:44:20.419+0300][52,174s][info][gc] GC(705) Pause Young (Allocation Failure) 457M->324M(494M) 22,149ms
[2020-11-04T20:44:20.489+0300][52,244s][info][gc] GC(706) Pause Young (Allocation Failure) 461M->328M(494M) 20,102ms
[2020-11-04T20:44:20.561+0300][52,316s][info][gc] GC(707) Pause Young (Allocation Failure) 465M->332M(494M) 22,382ms
[2020-11-04T20:44:20.633+0300][52,387s][info][gc] GC(708) Pause Young (Allocation Failure) 469M->336M(494M) 22,366ms
[2020-11-04T20:44:20.704+0300][52,458s][info][gc] GC(709) Pause Young (Allocation Failure) 473M->340M(494M) 20,328ms
[2020-11-04T20:44:20.775+0300][52,530s][info][gc] GC(710) Pause Young (Allocation Failure) 477M->344M(494M) 22,084ms
[2020-11-04T20:44:20.848+0300][52,602s][info][gc] GC(711) Pause Young (Allocation Failure) 481M->348M(494M) 22,563ms
[2020-11-04T20:44:20.897+0300][52,652s][info][gc] GC(712) Pause Young (Allocation Failure) 485M->485M(494M) 0,064ms
[2020-11-04T20:44:21.078+0300][52,832s][info][gc] GC(713) Pause Full (Allocation Failure) 485M->146M(494M) 180,601ms
[2020-11-04T20:44:21.142+0300][52,896s][info][gc] GC(714) Pause Young (Allocation Failure) 283M->150M(494M) 12,361ms
[2020-11-04T20:44:21.208+0300][52,962s][info][gc] GC(715) Pause Young (Allocation Failure) 287M->154M(494M) 16,100ms
[2020-11-04T20:44:21.276+0300][53,030s][info][gc] GC(716) Pause Young (Allocation Failure) 291M->158M(494M) 18,997ms
[2020-11-04T20:44:21.348+0300][53,103s][info][gc] GC(717) Pause Young (Allocation Failure) 295M->162M(494M) 22,824ms
[2020-11-04T20:44:21.420+0300][53,174s][info][gc] GC(718) Pause Young (Allocation Failure) 299M->166M(494M) 22,256ms
[2020-11-04T20:44:21.490+0300][53,244s][info][gc] GC(719) Pause Young (Allocation Failure) 303M->170M(494M) 20,358ms
[2020-11-04T20:44:21.561+0300][53,316s][info][gc] GC(720) Pause Young (Allocation Failure) 307M->174M(494M) 22,014ms
[2020-11-04T20:44:21.633+0300][53,388s][info][gc] GC(721) Pause Young (Allocation Failure) 311M->178M(494M) 22,215ms
[2020-11-04T20:44:21.704+0300][53,459s][info][gc] GC(722) Pause Young (Allocation Failure) 315M->182M(494M) 20,373ms
[2020-11-04T20:44:21.775+0300][53,530s][info][gc] GC(723) Pause Young (Allocation Failure) 319M->186M(494M) 21,032ms
[2020-11-04T20:44:21.865+0300][53,620s][info][gc] GC(724) Pause Young (Allocation Failure) 323M->194M(494M) 23,734ms
[2020-11-04T20:44:21.939+0300][53,693s][info][gc] GC(725) Pause Young (Allocation Failure) 331M->198M(494M) 23,673ms
[2020-11-04T20:44:22.007+0300][53,762s][info][gc] GC(726) Pause Young (Allocation Failure) 335M->202M(494M) 19,528ms
[2020-11-04T20:44:22.078+0300][53,833s][info][gc] GC(727) Pause Young (Allocation Failure) 339M->206M(494M) 19,453ms
[2020-11-04T20:44:22.151+0300][53,905s][info][gc] GC(728) Pause Young (Allocation Failure) 343M->210M(494M) 20,764ms
[2020-11-04T20:44:22.222+0300][53,977s][info][gc] GC(729) Pause Young (Allocation Failure) 347M->214M(494M) 22,333ms
[2020-11-04T20:44:22.294+0300][54,049s][info][gc] GC(730) Pause Young (Allocation Failure) 351M->218M(494M) 22,534ms
[2020-11-04T20:44:22.368+0300][54,122s][info][gc] GC(731) Pause Young (Allocation Failure) 355M->222M(494M) 22,347ms
[2020-11-04T20:44:22.439+0300][54,193s][info][gc] GC(732) Pause Young (Allocation Failure) 359M->226M(494M) 21,526ms
[2020-11-04T20:44:22.510+0300][54,264s][info][gc] GC(733) Pause Young (Allocation Failure) 363M->230M(494M) 21,783ms
[2020-11-04T20:44:22.581+0300][54,336s][info][gc] GC(734) Pause Young (Allocation Failure) 367M->234M(494M) 22,587ms
[2020-11-04T20:44:22.654+0300][54,408s][info][gc] GC(735) Pause Young (Allocation Failure) 371M->238M(494M) 20,813ms
[2020-11-04T20:44:22.727+0300][54,481s][info][gc] GC(736) Pause Young (Allocation Failure) 375M->242M(494M) 21,603ms
[2020-11-04T20:44:22.800+0300][54,555s][info][gc] GC(737) Pause Young (Allocation Failure) 379M->246M(494M) 22,148ms
[2020-11-04T20:44:22.872+0300][54,626s][info][gc] GC(738) Pause Young (Allocation Failure) 383M->250M(494M) 22,236ms
[2020-11-04T20:44:22.943+0300][54,697s][info][gc] GC(739) Pause Young (Allocation Failure) 387M->254M(494M) 21,389ms
[2020-11-04T20:44:23.015+0300][54,769s][info][gc] GC(740) Pause Young (Allocation Failure) 391M->258M(494M) 22,707ms
[2020-11-04T20:44:23.087+0300][54,842s][info][gc] GC(741) Pause Young (Allocation Failure) 395M->262M(494M) 22,387ms
[2020-11-04T20:44:23.159+0300][54,914s][info][gc] GC(742) Pause Young (Allocation Failure) 399M->266M(494M) 22,350ms
[2020-11-04T20:44:23.233+0300][54,988s][info][gc] GC(743) Pause Young (Allocation Failure) 403M->270M(494M) 21,926ms
[2020-11-04T20:44:23.305+0300][55,060s][info][gc] GC(744) Pause Young (Allocation Failure) 407M->274M(494M) 22,438ms
[2020-11-04T20:44:23.376+0300][55,131s][info][gc] GC(745) Pause Young (Allocation Failure) 411M->278M(494M) 21,390ms
[2020-11-04T20:44:23.449+0300][55,203s][info][gc] GC(746) Pause Young (Allocation Failure) 415M->282M(494M) 22,762ms
[2020-11-04T20:44:23.520+0300][55,275s][info][gc] GC(747) Pause Young (Allocation Failure) 419M->286M(494M) 22,184ms
[2020-11-04T20:44:23.595+0300][55,349s][info][gc] GC(748) Pause Young (Allocation Failure) 423M->290M(494M) 22,415ms
[2020-11-04T20:44:23.667+0300][55,421s][info][gc] GC(749) Pause Young (Allocation Failure) 427M->294M(494M) 22,327ms
[2020-11-04T20:44:23.751+0300][55,505s][info][gc] GC(750) Pause Young (Allocation Failure) 431M->302M(494M) 22,609ms
[2020-11-04T20:44:23.824+0300][55,578s][info][gc] GC(751) Pause Young (Allocation Failure) 439M->306M(494M) 23,541ms
[2020-11-04T20:44:23.894+0300][55,648s][info][gc] GC(752) Pause Young (Allocation Failure) 443M->310M(494M) 20,631ms
[2020-11-04T20:44:23.963+0300][55,717s][info][gc] GC(753) Pause Young (Allocation Failure) 447M->314M(494M) 19,126ms
[2020-11-04T20:44:24.035+0300][55,789s][info][gc] GC(754) Pause Young (Allocation Failure) 451M->318M(494M) 22,475ms
[2020-11-04T20:44:24.106+0300][55,861s][info][gc] GC(755) Pause Young (Allocation Failure) 455M->322M(494M) 21,890ms
[2020-11-04T20:44:24.177+0300][55,931s][info][gc] GC(756) Pause Young (Allocation Failure) 459M->326M(494M) 20,801ms
[2020-11-04T20:44:24.248+0300][56,003s][info][gc] GC(757) Pause Young (Allocation Failure) 463M->330M(494M) 20,483ms
[2020-11-04T20:44:24.319+0300][56,073s][info][gc] GC(758) Pause Young (Allocation Failure) 467M->334M(494M) 20,487ms
[2020-11-04T20:44:24.391+0300][56,145s][info][gc] GC(759) Pause Young (Allocation Failure) 471M->338M(494M) 22,404ms
[2020-11-04T20:44:24.462+0300][56,217s][info][gc] GC(760) Pause Young (Allocation Failure) 475M->342M(494M) 21,902ms
[2020-11-04T20:44:24.534+0300][56,289s][info][gc] GC(761) Pause Young (Allocation Failure) 479M->346M(494M) 21,029ms
[2020-11-04T20:44:24.610+0300][56,365s][info][gc] GC(762) Pause Young (Allocation Failure) 483M->350M(494M) 21,636ms
[2020-11-04T20:44:24.664+0300][56,419s][info][gc] GC(763) Pause Young (Allocation Failure) 487M->487M(494M) 0,067ms
[2020-11-04T20:44:24.863+0300][56,617s][info][gc] GC(764) Pause Full (Allocation Failure) 487M->148M(494M) 198,316ms
[2020-11-04T20:44:24.930+0300][56,684s][info][gc] GC(765) Pause Young (Allocation Failure) 285M->152M(494M) 11,574ms
[2020-11-04T20:44:25.000+0300][56,755s][info][gc] GC(766) Pause Young (Allocation Failure) 289M->156M(494M) 18,743ms
[2020-11-04T20:44:25.072+0300][56,826s][info][gc] GC(767) Pause Young (Allocation Failure) 293M->160M(494M) 19,353ms
[2020-11-04T20:44:25.144+0300][56,899s][info][gc] GC(768) Pause Young (Allocation Failure) 297M->164M(494M) 20,433ms
[2020-11-04T20:44:25.219+0300][56,973s][info][gc] GC(769) Pause Young (Allocation Failure) 301M->168M(494M) 22,820ms
[2020-11-04T20:44:25.291+0300][57,045s][info][gc] GC(770) Pause Young (Allocation Failure) 305M->172M(494M) 22,842ms
[2020-11-04T20:44:25.361+0300][57,115s][info][gc] GC(771) Pause Young (Allocation Failure) 309M->176M(494M) 20,648ms
[2020-11-04T20:44:25.432+0300][57,186s][info][gc] GC(772) Pause Young (Allocation Failure) 313M->180M(494M) 21,696ms
[2020-11-04T20:44:25.504+0300][57,258s][info][gc] GC(773) Pause Young (Allocation Failure) 317M->184M(494M) 22,384ms
[2020-11-04T20:44:25.576+0300][57,331s][info][gc] GC(774) Pause Young (Allocation Failure) 321M->188M(494M) 20,578ms
[2020-11-04T20:44:25.647+0300][57,401s][info][gc] GC(775) Pause Young (Allocation Failure) 325M->192M(494M) 20,663ms
[2020-11-04T20:44:25.731+0300][57,486s][info][gc] GC(776) Pause Young (Allocation Failure) 329M->200M(494M) 23,663ms
[2020-11-04T20:44:25.803+0300][57,557s][info][gc] GC(777) Pause Young (Allocation Failure) 336M->204M(494M) 22,382ms
[2020-11-04T20:44:25.872+0300][57,626s][info][gc] GC(778) Pause Young (Allocation Failure) 340M->208M(494M) 19,365ms
[2020-11-04T20:44:25.938+0300][57,693s][info][gc] GC(779) Pause Young (Allocation Failure) 344M->212M(494M) 17,610ms
[2020-11-04T20:44:26.010+0300][57,764s][info][gc] GC(780) Pause Young (Allocation Failure) 348M->216M(494M) 20,478ms
[2020-11-04T20:44:26.080+0300][57,834s][info][gc] GC(781) Pause Young (Allocation Failure) 352M->220M(494M) 20,839ms
[2020-11-04T20:44:26.150+0300][57,904s][info][gc] GC(782) Pause Young (Allocation Failure) 356M->224M(494M) 20,511ms
[2020-11-04T20:44:26.223+0300][57,978s][info][gc] GC(783) Pause Young (Allocation Failure) 361M->228M(494M) 22,965ms
[2020-11-04T20:44:26.294+0300][58,049s][info][gc] GC(784) Pause Young (Allocation Failure) 365M->232M(494M) 20,920ms
[2020-11-04T20:44:26.366+0300][58,120s][info][gc] GC(785) Pause Young (Allocation Failure) 369M->236M(494M) 20,675ms
[2020-11-04T20:44:26.437+0300][58,192s][info][gc] GC(786) Pause Young (Allocation Failure) 373M->240M(494M) 22,001ms
[2020-11-04T20:44:26.509+0300][58,263s][info][gc] GC(787) Pause Young (Allocation Failure) 377M->244M(494M) 22,594ms
[2020-11-04T20:44:26.579+0300][58,334s][info][gc] GC(788) Pause Young (Allocation Failure) 381M->248M(494M) 20,913ms
[2020-11-04T20:44:26.650+0300][58,404s][info][gc] GC(789) Pause Young (Allocation Failure) 385M->252M(494M) 21,159ms
[2020-11-04T20:44:26.720+0300][58,474s][info][gc] GC(790) Pause Young (Allocation Failure) 389M->256M(494M) 20,668ms
[2020-11-04T20:44:26.790+0300][58,545s][info][gc] GC(791) Pause Young (Allocation Failure) 393M->260M(494M) 20,717ms
[2020-11-04T20:44:26.860+0300][58,614s][info][gc] GC(792) Pause Young (Allocation Failure) 397M->264M(494M) 20,515ms
[2020-11-04T20:44:26.930+0300][58,684s][info][gc] GC(793) Pause Young (Allocation Failure) 401M->268M(494M) 20,613ms
[2020-11-04T20:44:26.999+0300][58,754s][info][gc] GC(794) Pause Young (Allocation Failure) 405M->272M(494M) 20,851ms
[2020-11-04T20:44:27.070+0300][58,824s][info][gc] GC(795) Pause Young (Allocation Failure) 409M->276M(494M) 20,876ms
[2020-11-04T20:44:27.141+0300][58,896s][info][gc] GC(796) Pause Young (Allocation Failure) 413M->280M(494M) 22,107ms
[2020-11-04T20:44:27.213+0300][58,967s][info][gc] GC(797) Pause Young (Allocation Failure) 417M->284M(494M) 22,548ms
[2020-11-04T20:44:27.282+0300][59,037s][info][gc] GC(798) Pause Young (Allocation Failure) 421M->288M(494M) 20,453ms
[2020-11-04T20:44:27.353+0300][59,107s][info][gc] GC(799) Pause Young (Allocation Failure) 425M->292M(494M) 20,879ms
[2020-11-04T20:44:27.425+0300][59,179s][info][gc] GC(800) Pause Young (Allocation Failure) 429M->296M(494M) 22,519ms
[2020-11-04T20:44:27.505+0300][59,259s][info][gc] GC(801) Pause Young (Allocation Failure) 433M->300M(494M) 21,079ms
[2020-11-04T20:44:27.580+0300][59,334s][info][gc] GC(802) Pause Young (Allocation Failure) 437M->308M(494M) 24,594ms
[2020-11-04T20:44:27.652+0300][59,407s][info][gc] GC(803) Pause Young (Allocation Failure) 444M->312M(494M) 23,682ms
[2020-11-04T20:44:27.721+0300][59,476s][info][gc] GC(804) Pause Young (Allocation Failure) 448M->316M(494M) 19,389ms
[2020-11-04T20:44:27.788+0300][59,543s][info][gc] GC(805) Pause Young (Allocation Failure) 452M->320M(494M) 17,300ms
[2020-11-04T20:44:27.860+0300][59,614s][info][gc] GC(806) Pause Young (Allocation Failure) 456M->324M(494M) 22,115ms
[2020-11-04T20:44:27.930+0300][59,684s][info][gc] GC(807) Pause Young (Allocation Failure) 460M->328M(494M) 20,578ms
[2020-11-04T20:44:28.001+0300][59,756s][info][gc] GC(808) Pause Young (Allocation Failure) 464M->332M(494M) 22,103ms
[2020-11-04T20:44:28.073+0300][59,827s][info][gc] GC(809) Pause Young (Allocation Failure) 468M->336M(494M) 22,561ms
[2020-11-04T20:44:28.143+0300][59,897s][info][gc] GC(810) Pause Young (Allocation Failure) 472M->340M(494M) 20,682ms
[2020-11-04T20:44:28.213+0300][59,967s][info][gc] GC(811) Pause Young (Allocation Failure) 476M->344M(494M) 20,861ms
[2020-11-04T20:44:28.284+0300][60,038s][info][gc] GC(812) Pause Young (Allocation Failure) 480M->348M(494M) 21,398ms
[2020-11-04T20:44:28.333+0300][60,088s][info][gc] GC(813) Pause Young (Allocation Failure) 484M->484M(494M) 0,057ms
[2020-11-04T20:44:28.520+0300][60,275s][info][gc] GC(814) Pause Full (Allocation Failure) 484M->130M(494M) 187,254ms
[2020-11-04T20:44:28.584+0300][60,338s][info][gc] GC(815) Pause Young (Allocation Failure) 267M->134M(494M) 11,574ms
[2020-11-04T20:44:28.648+0300][60,402s][info][gc] GC(816) Pause Young (Allocation Failure) 271M->138M(494M) 14,642ms
[2020-11-04T20:44:28.716+0300][60,471s][info][gc] GC(817) Pause Young (Allocation Failure) 275M->142M(494M) 19,422ms
[2020-11-04T20:44:28.786+0300][60,541s][info][gc] GC(818) Pause Young (Allocation Failure) 279M->146M(494M) 20,846ms
[2020-11-04T20:44:28.857+0300][60,611s][info][gc] GC(819) Pause Young (Allocation Failure) 283M->150M(494M) 21,064ms
[2020-11-04T20:44:28.927+0300][60,681s][info][gc] GC(820) Pause Young (Allocation Failure) 287M->154M(494M) 20,580ms
[2020-11-04T20:44:28.999+0300][60,753s][info][gc] GC(821) Pause Young (Allocation Failure) 291M->158M(494M) 22,318ms
[2020-11-04T20:44:29.074+0300][60,829s][info][gc] GC(822) Pause Young (Allocation Failure) 295M->162M(494M) 23,998ms
[2020-11-04T20:44:29.146+0300][60,900s][info][gc] GC(823) Pause Young (Allocation Failure) 299M->166M(494M) 20,414ms
[2020-11-04T20:44:29.216+0300][60,970s][info][gc] GC(824) Pause Young (Allocation Failure) 303M->170M(494M) 20,506ms
[2020-11-04T20:44:29.290+0300][61,044s][info][gc] GC(825) Pause Young (Allocation Failure) 307M->174M(494M) 22,734ms
[2020-11-04T20:44:29.362+0300][61,116s][info][gc] GC(826) Pause Young (Allocation Failure) 311M->178M(494M) 22,617ms
[2020-11-04T20:44:29.433+0300][61,188s][info][gc] GC(827) Pause Young (Allocation Failure) 315M->182M(494M) 22,235ms
[2020-11-04T20:44:29.517+0300][61,272s][info][gc] GC(828) Pause Young (Allocation Failure) 319M->190M(494M) 23,418ms
[2020-11-04T20:44:29.591+0300][61,346s][info][gc] GC(829) Pause Young (Allocation Failure) 327M->194M(494M) 23,330ms
[2020-11-04T20:44:29.662+0300][61,416s][info][gc] GC(830) Pause Young (Allocation Failure) 331M->198M(494M) 19,357ms
[2020-11-04T20:44:29.731+0300][61,485s][info][gc] GC(831) Pause Young (Allocation Failure) 335M->202M(494M) 17,436ms
[2020-11-04T20:44:29.801+0300][61,555s][info][gc] GC(832) Pause Young (Allocation Failure) 339M->206M(494M) 20,571ms
[2020-11-04T20:44:29.872+0300][61,627s][info][gc] GC(833) Pause Young (Allocation Failure) 343M->210M(494M) 22,147ms
[2020-11-04T20:44:29.943+0300][61,697s][info][gc] GC(834) Pause Young (Allocation Failure) 347M->214M(494M) 20,742ms
[2020-11-04T20:44:30.013+0300][61,767s][info][gc] GC(835) Pause Young (Allocation Failure) 351M->218M(494M) 20,488ms
[2020-11-04T20:44:30.082+0300][61,837s][info][gc] GC(836) Pause Young (Allocation Failure) 355M->222M(494M) 20,354ms
[2020-11-04T20:44:30.154+0300][61,908s][info][gc] GC(837) Pause Young (Allocation Failure) 359M->226M(494M) 22,650ms
[2020-11-04T20:44:30.224+0300][61,979s][info][gc] GC(838) Pause Young (Allocation Failure) 363M->230M(494M) 20,853ms
[2020-11-04T20:44:30.296+0300][62,050s][info][gc] GC(839) Pause Young (Allocation Failure) 367M->234M(494M) 22,294ms
[2020-11-04T20:44:30.370+0300][62,125s][info][gc] GC(840) Pause Young (Allocation Failure) 371M->238M(494M) 22,970ms
[2020-11-04T20:44:30.442+0300][62,197s][info][gc] GC(841) Pause Young (Allocation Failure) 375M->242M(494M) 22,485ms
[2020-11-04T20:44:30.514+0300][62,268s][info][gc] GC(842) Pause Young (Allocation Failure) 379M->246M(494M) 22,243ms
[2020-11-04T20:44:30.586+0300][62,340s][info][gc] GC(843) Pause Young (Allocation Failure) 383M->250M(494M) 22,674ms
[2020-11-04T20:44:30.657+0300][62,412s][info][gc] GC(844) Pause Young (Allocation Failure) 387M->254M(494M) 21,662ms
[2020-11-04T20:44:30.727+0300][62,482s][info][gc] GC(845) Pause Young (Allocation Failure) 391M->258M(494M) 20,382ms
[2020-11-04T20:44:30.798+0300][62,552s][info][gc] GC(846) Pause Young (Allocation Failure) 395M->262M(494M) 20,897ms
[2020-11-04T20:44:30.870+0300][62,624s][info][gc] GC(847) Pause Young (Allocation Failure) 399M->266M(494M) 22,519ms
[2020-11-04T20:44:30.940+0300][62,694s][info][gc] GC(848) Pause Young (Allocation Failure) 403M->270M(494M) 20,281ms
[2020-11-04T20:44:31.011+0300][62,766s][info][gc] GC(849) Pause Young (Allocation Failure) 407M->274M(494M) 22,315ms
[2020-11-04T20:44:31.081+0300][62,836s][info][gc] GC(850) Pause Young (Allocation Failure) 411M->278M(494M) 20,676ms
[2020-11-04T20:44:31.151+0300][62,906s][info][gc] GC(851) Pause Young (Allocation Failure) 415M->282M(494M) 20,727ms
[2020-11-04T20:44:31.221+0300][62,976s][info][gc] GC(852) Pause Young (Allocation Failure) 419M->286M(494M) 20,510ms
[2020-11-04T20:44:31.306+0300][63,060s][info][gc] GC(853) Pause Young (Allocation Failure) 423M->294M(494M) 22,879ms
[2020-11-04T20:44:31.379+0300][63,134s][info][gc] GC(854) Pause Young (Allocation Failure) 431M->298M(494M) 23,992ms
[2020-11-04T20:44:31.448+0300][63,203s][info][gc] GC(855) Pause Young (Allocation Failure) 435M->302M(494M) 19,324ms
[2020-11-04T20:44:31.515+0300][63,270s][info][gc] GC(856) Pause Young (Allocation Failure) 439M->306M(494M) 17,484ms
[2020-11-04T20:44:31.585+0300][63,340s][info][gc] GC(857) Pause Young (Allocation Failure) 443M->310M(494M) 20,460ms
[2020-11-04T20:44:31.655+0300][63,410s][info][gc] GC(858) Pause Young (Allocation Failure) 447M->314M(494M) 20,348ms
[2020-11-04T20:44:31.725+0300][63,479s][info][gc] GC(859) Pause Young (Allocation Failure) 451M->318M(494M) 20,536ms
[2020-11-04T20:44:31.795+0300][63,549s][info][gc] GC(860) Pause Young (Allocation Failure) 455M->322M(494M) 20,444ms
[2020-11-04T20:44:31.866+0300][63,620s][info][gc] GC(861) Pause Young (Allocation Failure) 459M->326M(494M) 21,401ms
[2020-11-04T20:44:31.936+0300][63,691s][info][gc] GC(862) Pause Young (Allocation Failure) 463M->330M(494M) 20,739ms
[2020-11-04T20:44:32.007+0300][63,761s][info][gc] GC(863) Pause Young (Allocation Failure) 467M->334M(494M) 20,805ms
[2020-11-04T20:44:32.078+0300][63,833s][info][gc] GC(864) Pause Young (Allocation Failure) 471M->338M(494M) 21,643ms
[2020-11-04T20:44:32.148+0300][63,903s][info][gc] GC(865) Pause Young (Allocation Failure) 475M->342M(494M) 20,436ms
[2020-11-04T20:44:32.218+0300][63,973s][info][gc] GC(866) Pause Young (Allocation Failure) 479M->346M(494M) 20,414ms
[2020-11-04T20:44:32.290+0300][64,045s][info][gc] GC(867) Pause Young (Allocation Failure) 483M->350M(494M) 22,256ms
[2020-11-04T20:44:32.340+0300][64,094s][info][gc] GC(868) Pause Young (Allocation Failure) 487M->487M(494M) 0,062ms
[2020-11-04T20:44:32.534+0300][64,288s][info][gc] GC(869) Pause Full (Allocation Failure) 487M->164M(494M) 193,569ms
[2020-11-04T20:44:32.598+0300][64,353s][info][gc] GC(870) Pause Young (Allocation Failure) 300M->168M(494M) 12,950ms
[2020-11-04T20:44:32.663+0300][64,417s][info][gc] GC(871) Pause Young (Allocation Failure) 304M->172M(494M) 15,093ms
[2020-11-04T20:44:32.731+0300][64,486s][info][gc] GC(872) Pause Young (Allocation Failure) 308M->176M(494M) 18,998ms
[2020-11-04T20:44:32.803+0300][64,558s][info][gc] GC(873) Pause Young (Allocation Failure) 312M->180M(494M) 22,429ms
[2020-11-04T20:44:32.873+0300][64,628s][info][gc] GC(874) Pause Young (Allocation Failure) 316M->184M(494M) 20,515ms
[2020-11-04T20:44:32.944+0300][64,698s][info][gc] GC(875) Pause Young (Allocation Failure) 320M->188M(494M) 20,752ms
[2020-11-04T20:44:33.014+0300][64,768s][info][gc] GC(876) Pause Young (Allocation Failure) 324M->192M(494M) 20,508ms
[2020-11-04T20:44:33.084+0300][64,838s][info][gc] GC(877) Pause Young (Allocation Failure) 328M->196M(494M) 20,735ms
[2020-11-04T20:44:33.157+0300][64,911s][info][gc] GC(878) Pause Young (Allocation Failure) 332M->200M(494M) 22,550ms
[2020-11-04T20:44:33.228+0300][64,983s][info][gc] GC(879) Pause Young (Allocation Failure) 336M->204M(494M) 21,992ms
[2020-11-04T20:44:33.313+0300][65,067s][info][gc] GC(880) Pause Young (Allocation Failure) 340M->211M(494M) 22,754ms
[2020-11-04T20:44:33.384+0300][65,138s][info][gc] GC(881) Pause Young (Allocation Failure) 348M->215M(494M) 21,969ms
[2020-11-04T20:44:33.454+0300][65,209s][info][gc] GC(882) Pause Young (Allocation Failure) 352M->219M(494M) 20,705ms
[2020-11-04T20:44:33.524+0300][65,278s][info][gc] GC(883) Pause Young (Allocation Failure) 356M->223M(494M) 19,071ms
[2020-11-04T20:44:33.596+0300][65,350s][info][gc] GC(884) Pause Young (Allocation Failure) 360M->227M(494M) 22,485ms
[2020-11-04T20:44:33.670+0300][65,424s][info][gc] GC(885) Pause Young (Allocation Failure) 364M->232M(494M) 22,625ms
[2020-11-04T20:44:33.741+0300][65,496s][info][gc] GC(886) Pause Young (Allocation Failure) 368M->236M(494M) 22,043ms
[2020-11-04T20:44:33.811+0300][65,565s][info][gc] GC(887) Pause Young (Allocation Failure) 372M->240M(494M) 20,294ms
[2020-11-04T20:44:33.882+0300][65,637s][info][gc] GC(888) Pause Young (Allocation Failure) 376M->244M(494M) 22,138ms
[2020-11-04T20:44:33.956+0300][65,710s][info][gc] GC(889) Pause Young (Allocation Failure) 380M->248M(494M) 22,551ms
[2020-11-04T20:44:34.026+0300][65,781s][info][gc] GC(890) Pause Young (Allocation Failure) 384M->252M(494M) 20,900ms
[2020-11-04T20:44:34.096+0300][65,851s][info][gc] GC(891) Pause Young (Allocation Failure) 388M->256M(494M) 20,699ms
[2020-11-04T20:44:34.168+0300][65,922s][info][gc] GC(892) Pause Young (Allocation Failure) 392M->260M(494M) 22,246ms
[2020-11-04T20:44:34.238+0300][65,993s][info][gc] GC(893) Pause Young (Allocation Failure) 396M->264M(494M) 20,935ms
[2020-11-04T20:44:34.310+0300][66,064s][info][gc] GC(894) Pause Young (Allocation Failure) 400M->268M(494M) 22,280ms
[2020-11-04T20:44:34.382+0300][66,136s][info][gc] GC(895) Pause Young (Allocation Failure) 404M->272M(494M) 22,858ms
[2020-11-04T20:44:34.454+0300][66,208s][info][gc] GC(896) Pause Young (Allocation Failure) 408M->276M(494M) 23,153ms
[2020-11-04T20:44:34.527+0300][66,282s][info][gc] GC(897) Pause Young (Allocation Failure) 412M->280M(494M) 22,525ms
[2020-11-04T20:44:34.599+0300][66,353s][info][gc] GC(898) Pause Young (Allocation Failure) 416M->284M(494M) 22,527ms
[2020-11-04T20:44:34.669+0300][66,424s][info][gc] GC(899) Pause Young (Allocation Failure) 420M->288M(494M) 20,746ms
[2020-11-04T20:44:34.741+0300][66,496s][info][gc] GC(900) Pause Young (Allocation Failure) 424M->292M(494M) 22,415ms
[2020-11-04T20:44:34.811+0300][66,566s][info][gc] GC(901) Pause Young (Allocation Failure) 428M->296M(494M) 20,696ms
[2020-11-04T20:44:34.883+0300][66,637s][info][gc] GC(902) Pause Young (Allocation Failure) 432M->300M(494M) 21,865ms
[2020-11-04T20:44:34.953+0300][66,707s][info][gc] GC(903) Pause Young (Allocation Failure) 436M->304M(494M) 20,488ms
[2020-11-04T20:44:35.024+0300][66,779s][info][gc] GC(904) Pause Young (Allocation Failure) 440M->308M(494M) 22,675ms
[2020-11-04T20:44:35.108+0300][66,863s][info][gc] GC(905) Pause Young (Allocation Failure) 444M->315M(494M) 21,987ms
[2020-11-04T20:44:35.180+0300][66,935s][info][gc] GC(906) Pause Young (Allocation Failure) 452M->319M(494M) 22,387ms
[2020-11-04T20:44:35.250+0300][67,005s][info][gc] GC(907) Pause Young (Allocation Failure) 456M->323M(494M) 19,204ms
[2020-11-04T20:44:35.320+0300][67,075s][info][gc] GC(908) Pause Young (Allocation Failure) 460M->327M(494M) 20,339ms
[2020-11-04T20:44:35.390+0300][67,145s][info][gc] GC(909) Pause Young (Allocation Failure) 464M->331M(494M) 20,404ms
[2020-11-04T20:44:35.462+0300][67,216s][info][gc] GC(910) Pause Young (Allocation Failure) 468M->335M(494M) 22,005ms
[2020-11-04T20:44:35.533+0300][67,288s][info][gc] GC(911) Pause Young (Allocation Failure) 472M->339M(494M) 20,443ms
[2020-11-04T20:44:35.605+0300][67,359s][info][gc] GC(912) Pause Young (Allocation Failure) 476M->343M(494M) 22,561ms
[2020-11-04T20:44:35.675+0300][67,430s][info][gc] GC(913) Pause Young (Allocation Failure) 480M->347M(494M) 21,250ms
[2020-11-04T20:44:35.726+0300][67,481s][info][gc] GC(914) Pause Young (Allocation Failure) 484M->484M(494M) 0,048ms
[2020-11-04T20:44:35.897+0300][67,652s][info][gc] GC(915) Pause Full (Allocation Failure) 484M->145M(494M) 170,648ms
[2020-11-04T20:44:35.959+0300][67,714s][info][gc] GC(916) Pause Young (Allocation Failure) 282M->150M(494M) 12,307ms
[2020-11-04T20:44:36.023+0300][67,778s][info][gc] GC(917) Pause Young (Allocation Failure) 286M->154M(494M) 14,464ms
[2020-11-04T20:44:36.092+0300][67,847s][info][gc] GC(918) Pause Young (Allocation Failure) 290M->158M(494M) 19,398ms
[2020-11-04T20:44:36.162+0300][67,917s][info][gc] GC(919) Pause Young (Allocation Failure) 294M->162M(494M) 20,345ms
[2020-11-04T20:44:36.232+0300][67,987s][info][gc] GC(920) Pause Young (Allocation Failure) 298M->166M(494M) 20,652ms
[2020-11-04T20:44:36.304+0300][68,059s][info][gc] GC(921) Pause Young (Allocation Failure) 302M->170M(494M) 22,180ms
[2020-11-04T20:44:36.374+0300][68,129s][info][gc] GC(922) Pause Young (Allocation Failure) 306M->174M(494M) 20,644ms
[2020-11-04T20:44:36.449+0300][68,203s][info][gc] GC(923) Pause Young (Allocation Failure) 310M->178M(494M) 22,701ms
[2020-11-04T20:44:36.521+0300][68,276s][info][gc] GC(924) Pause Young (Allocation Failure) 314M->182M(494M) 23,105ms
[2020-11-04T20:44:36.592+0300][68,346s][info][gc] GC(925) Pause Young (Allocation Failure) 318M->186M(494M) 20,765ms
[2020-11-04T20:44:36.662+0300][68,416s][info][gc] GC(926) Pause Young (Allocation Failure) 322M->190M(494M) 20,430ms
[2020-11-04T20:44:36.732+0300][68,486s][info][gc] GC(927) Pause Young (Allocation Failure) 326M->194M(494M) 20,768ms
[2020-11-04T20:44:36.802+0300][68,557s][info][gc] GC(928) Pause Young (Allocation Failure) 330M->198M(494M) 20,639ms
[2020-11-04T20:44:36.872+0300][68,627s][info][gc] GC(929) Pause Young (Allocation Failure) 334M->202M(494M) 20,464ms
[2020-11-04T20:44:36.942+0300][68,697s][info][gc] GC(930) Pause Young (Allocation Failure) 338M->206M(494M) 20,446ms
[2020-11-04T20:44:37.026+0300][68,780s][info][gc] GC(931) Pause Young (Allocation Failure) 342M->213M(494M) 23,671ms
[2020-11-04T20:44:37.098+0300][68,852s][info][gc] GC(932) Pause Young (Allocation Failure) 350M->217M(494M) 22,221ms
[2020-11-04T20:44:37.170+0300][68,924s][info][gc] GC(933) Pause Young (Allocation Failure) 354M->221M(494M) 20,524ms
[2020-11-04T20:44:37.240+0300][68,994s][info][gc] GC(934) Pause Young (Allocation Failure) 358M->225M(494M) 19,071ms
[2020-11-04T20:44:37.313+0300][69,067s][info][gc] GC(935) Pause Young (Allocation Failure) 362M->229M(494M) 22,229ms
[2020-11-04T20:44:37.382+0300][69,137s][info][gc] GC(936) Pause Young (Allocation Failure) 366M->233M(494M) 20,360ms
[2020-11-04T20:44:37.457+0300][69,212s][info][gc] GC(937) Pause Young (Allocation Failure) 370M->237M(494M) 22,788ms
[2020-11-04T20:44:37.527+0300][69,281s][info][gc] GC(938) Pause Young (Allocation Failure) 374M->241M(494M) 20,234ms
[2020-11-04T20:44:37.598+0300][69,352s][info][gc] GC(939) Pause Young (Allocation Failure) 378M->245M(494M) 20,570ms
[2020-11-04T20:44:37.671+0300][69,425s][info][gc] GC(940) Pause Young (Allocation Failure) 382M->249M(494M) 22,551ms
[2020-11-04T20:44:37.742+0300][69,496s][info][gc] GC(941) Pause Young (Allocation Failure) 386M->253M(494M) 20,336ms
[2020-11-04T20:44:37.815+0300][69,569s][info][gc] GC(942) Pause Young (Allocation Failure) 390M->257M(494M) 22,709ms
[2020-11-04T20:44:37.886+0300][69,640s][info][gc] GC(943) Pause Young (Allocation Failure) 394M->261M(494M) 20,199ms
[2020-11-04T20:44:37.959+0300][69,714s][info][gc] GC(944) Pause Young (Allocation Failure) 398M->265M(494M) 22,381ms
[2020-11-04T20:44:38.030+0300][69,785s][info][gc] GC(945) Pause Young (Allocation Failure) 402M->269M(494M) 20,185ms
[2020-11-04T20:44:38.104+0300][69,858s][info][gc] GC(946) Pause Young (Allocation Failure) 406M->273M(494M) 22,617ms
[2020-11-04T20:44:38.178+0300][69,933s][info][gc] GC(947) Pause Young (Allocation Failure) 410M->278M(494M) 22,312ms
[2020-11-04T20:44:38.251+0300][70,006s][info][gc] GC(948) Pause Young (Allocation Failure) 414M->282M(494M) 21,695ms
[2020-11-04T20:44:38.324+0300][70,079s][info][gc] GC(949) Pause Young (Allocation Failure) 418M->286M(494M) 22,433ms
[2020-11-04T20:44:38.398+0300][70,152s][info][gc] GC(950) Pause Young (Allocation Failure) 422M->290M(494M) 22,241ms
[2020-11-04T20:44:38.472+0300][70,226s][info][gc] GC(951) Pause Young (Allocation Failure) 426M->294M(494M) 22,470ms
[2020-11-04T20:44:38.545+0300][70,300s][info][gc] GC(952) Pause Young (Allocation Failure) 430M->298M(494M) 22,634ms
[2020-11-04T20:44:38.617+0300][70,371s][info][gc] GC(953) Pause Young (Allocation Failure) 434M->302M(494M) 22,441ms
[2020-11-04T20:44:38.690+0300][70,444s][info][gc] GC(954) Pause Young (Allocation Failure) 438M->306M(494M) 22,306ms
[2020-11-04T20:44:38.760+0300][70,514s][info][gc] GC(955) Pause Young (Allocation Failure) 442M->310M(494M) 20,706ms
[2020-11-04T20:44:38.833+0300][70,587s][info][gc] GC(956) Pause Young (Allocation Failure) 446M->314M(494M) 22,367ms
[2020-11-04T20:44:38.917+0300][70,672s][info][gc] GC(957) Pause Young (Allocation Failure) 450M->321M(494M) 23,388ms
[2020-11-04T20:44:38.992+0300][70,747s][info][gc] GC(958) Pause Young (Allocation Failure) 458M->325M(494M) 23,631ms
[2020-11-04T20:44:39.064+0300][70,818s][info][gc] GC(959) Pause Young (Allocation Failure) 462M->329M(494M) 20,514ms
[2020-11-04T20:44:39.134+0300][70,889s][info][gc] GC(960) Pause Young (Allocation Failure) 466M->333M(494M) 19,096ms
[2020-11-04T20:44:39.206+0300][70,961s][info][gc] GC(961) Pause Young (Allocation Failure) 470M->337M(494M) 20,529ms
[2020-11-04T20:44:39.280+0300][71,034s][info][gc] GC(962) Pause Young (Allocation Failure) 474M->341M(494M) 22,032ms
[2020-11-04T20:44:39.351+0300][71,105s][info][gc] GC(963) Pause Young (Allocation Failure) 478M->345M(494M) 20,229ms
[2020-11-04T20:44:39.422+0300][71,177s][info][gc] GC(964) Pause Young (Allocation Failure) 482M->349M(494M) 20,397ms
[2020-11-04T20:44:39.472+0300][71,226s][info][gc] GC(965) Pause Young (Allocation Failure) 486M->486M(494M) 0,047ms
[2020-11-04T20:44:39.643+0300][71,397s][info][gc] GC(966) Pause Full (Allocation Failure) 486M->147M(494M) 170,956ms
[2020-11-04T20:44:39.704+0300][71,458s][info][gc] GC(967) Pause Young (Allocation Failure) 284M->151M(494M) 11,682ms
[2020-11-04T20:44:39.767+0300][71,522s][info][gc] GC(968) Pause Young (Allocation Failure) 288M->155M(494M) 14,788ms
[2020-11-04T20:44:39.834+0300][71,589s][info][gc] GC(969) Pause Young (Allocation Failure) 292M->159M(494M) 17,527ms
[2020-11-04T20:44:39.904+0300][71,659s][info][gc] GC(970) Pause Young (Allocation Failure) 296M->163M(494M) 20,656ms
[2020-11-04T20:44:39.974+0300][71,729s][info][gc] GC(971) Pause Young (Allocation Failure) 300M->167M(494M) 20,685ms
[2020-11-04T20:44:40.044+0300][71,799s][info][gc] GC(972) Pause Young (Allocation Failure) 304M->171M(494M) 20,439ms
[2020-11-04T20:44:40.114+0300][71,869s][info][gc] GC(973) Pause Young (Allocation Failure) 308M->175M(494M) 20,647ms
[2020-11-04T20:44:40.185+0300][71,939s][info][gc] GC(974) Pause Young (Allocation Failure) 312M->179M(494M) 20,729ms
[2020-11-04T20:44:40.255+0300][72,009s][info][gc] GC(975) Pause Young (Allocation Failure) 316M->183M(494M) 20,833ms
[2020-11-04T20:44:40.327+0300][72,081s][info][gc] GC(976) Pause Young (Allocation Failure) 320M->187M(494M) 22,214ms
[2020-11-04T20:44:40.397+0300][72,151s][info][gc] GC(977) Pause Young (Allocation Failure) 324M->191M(494M) 20,706ms
[2020-11-04T20:44:40.470+0300][72,225s][info][gc] GC(978) Pause Young (Allocation Failure) 328M->196M(494M) 20,619ms
[2020-11-04T20:44:40.540+0300][72,294s][info][gc] GC(979) Pause Young (Allocation Failure) 332M->200M(494M) 20,312ms
[2020-11-04T20:44:40.612+0300][72,366s][info][gc] GC(980) Pause Young (Allocation Failure) 336M->204M(494M) 22,288ms
[2020-11-04T20:44:40.682+0300][72,436s][info][gc] GC(981) Pause Young (Allocation Failure) 340M->208M(494M) 20,577ms
[2020-11-04T20:44:40.752+0300][72,506s][info][gc] GC(982) Pause Young (Allocation Failure) 344M->212M(494M) 20,816ms
[2020-11-04T20:44:40.837+0300][72,591s][info][gc] GC(983) Pause Young (Allocation Failure) 348M->219M(494M) 23,051ms
[2020-11-04T20:44:40.908+0300][72,663s][info][gc] GC(984) Pause Young (Allocation Failure) 356M->223M(494M) 22,237ms
[2020-11-04T20:44:40.976+0300][72,731s][info][gc] GC(985) Pause Young (Allocation Failure) 360M->227M(494M) 18,696ms
[2020-11-04T20:44:41.044+0300][72,798s][info][gc] GC(986) Pause Young (Allocation Failure) 364M->231M(494M) 17,941ms
[2020-11-04T20:44:41.114+0300][72,868s][info][gc] GC(987) Pause Young (Allocation Failure) 368M->235M(494M) 20,626ms
[2020-11-04T20:44:41.184+0300][72,939s][info][gc] GC(988) Pause Young (Allocation Failure) 372M->239M(494M) 20,869ms
[2020-11-04T20:44:41.254+0300][73,009s][info][gc] GC(989) Pause Young (Allocation Failure) 376M->243M(494M) 20,551ms
[2020-11-04T20:44:41.327+0300][73,081s][info][gc] GC(990) Pause Young (Allocation Failure) 380M->247M(494M) 22,619ms
[2020-11-04T20:44:41.398+0300][73,153s][info][gc] GC(991) Pause Young (Allocation Failure) 384M->251M(494M) 22,017ms
[2020-11-04T20:44:41.468+0300][73,223s][info][gc] GC(992) Pause Young (Allocation Failure) 388M->255M(494M) 20,495ms
[2020-11-04T20:44:41.541+0300][73,295s][info][gc] GC(993) Pause Young (Allocation Failure) 392M->259M(494M) 22,651ms
[2020-11-04T20:44:41.613+0300][73,367s][info][gc] GC(994) Pause Young (Allocation Failure) 396M->263M(494M) 22,578ms
[2020-11-04T20:44:41.683+0300][73,437s][info][gc] GC(995) Pause Young (Allocation Failure) 400M->267M(494M) 20,441ms
[2020-11-04T20:44:41.757+0300][73,511s][info][gc] GC(996) Pause Young (Allocation Failure) 404M->271M(494M) 21,622ms
[2020-11-04T20:44:41.827+0300][73,582s][info][gc] GC(997) Pause Young (Allocation Failure) 408M->275M(494M) 20,849ms
[2020-11-04T20:44:41.897+0300][73,652s][info][gc] GC(998) Pause Young (Allocation Failure) 412M->279M(494M) 20,704ms
[2020-11-04T20:44:41.968+0300][73,722s][info][gc] GC(999) Pause Young (Allocation Failure) 416M->283M(494M) 20,601ms
[2020-11-04T20:44:42.038+0300][73,792s][info][gc] GC(1000) Pause Young (Allocation Failure) 420M->287M(494M) 20,555ms
[2020-11-04T20:44:42.108+0300][73,862s][info][gc] GC(1001) Pause Young (Allocation Failure) 424M->291M(494M) 20,612ms
[2020-11-04T20:44:42.178+0300][73,933s][info][gc] GC(1002) Pause Young (Allocation Failure) 428M->295M(494M) 20,643ms
[2020-11-04T20:44:42.250+0300][74,004s][info][gc] GC(1003) Pause Young (Allocation Failure) 432M->299M(494M) 20,653ms
[2020-11-04T20:44:42.320+0300][74,074s][info][gc] GC(1004) Pause Young (Allocation Failure) 436M->303M(494M) 20,621ms
[2020-11-04T20:44:42.390+0300][74,144s][info][gc] GC(1005) Pause Young (Allocation Failure) 440M->307M(494M) 20,615ms
[2020-11-04T20:44:42.462+0300][74,216s][info][gc] GC(1006) Pause Young (Allocation Failure) 444M->311M(494M) 20,274ms
[2020-11-04T20:44:42.532+0300][74,286s][info][gc] GC(1007) Pause Young (Allocation Failure) 448M->315M(494M) 20,653ms
[2020-11-04T20:44:42.602+0300][74,356s][info][gc] GC(1008) Pause Young (Allocation Failure) 452M->319M(494M) 20,686ms
[2020-11-04T20:44:42.685+0300][74,440s][info][gc] GC(1009) Pause Young (Allocation Failure) 456M->327M(494M) 21,901ms
[2020-11-04T20:44:42.757+0300][74,511s][info][gc] GC(1010) Pause Young (Allocation Failure) 464M->331M(494M) 22,219ms
[2020-11-04T20:44:42.826+0300][74,580s][info][gc] GC(1011) Pause Young (Allocation Failure) 468M->335M(494M) 19,375ms
[2020-11-04T20:44:42.892+0300][74,647s][info][gc] GC(1012) Pause Young (Allocation Failure) 472M->339M(494M) 17,158ms
[2020-11-04T20:44:42.962+0300][74,717s][info][gc] GC(1013) Pause Young (Allocation Failure) 476M->343M(494M) 20,715ms
[2020-11-04T20:44:43.035+0300][74,789s][info][gc] GC(1014) Pause Young (Allocation Failure) 480M->347M(494M) 20,797ms
[2020-11-04T20:44:43.084+0300][74,839s][info][gc] GC(1015) Pause Young (Allocation Failure) 484M->484M(494M) 0,058ms
[2020-11-04T20:44:43.268+0300][75,023s][info][gc] GC(1016) Pause Full (Allocation Failure) 484M->130M(494M) 183,802ms
[2020-11-04T20:44:43.331+0300][75,085s][info][gc] GC(1017) Pause Young (Allocation Failure) 266M->134M(494M) 11,570ms
[2020-11-04T20:44:43.394+0300][75,149s][info][gc] GC(1018) Pause Young (Allocation Failure) 270M->138M(494M) 14,320ms
[2020-11-04T20:44:43.461+0300][75,216s][info][gc] GC(1019) Pause Young (Allocation Failure) 274M->142M(494M) 17,528ms
[2020-11-04T20:44:43.533+0300][75,288s][info][gc] GC(1020) Pause Young (Allocation Failure) 278M->146M(494M) 22,115ms
[2020-11-04T20:44:43.603+0300][75,358s][info][gc] GC(1021) Pause Young (Allocation Failure) 282M->150M(494M) 20,368ms
[2020-11-04T20:44:43.673+0300][75,428s][info][gc] GC(1022) Pause Young (Allocation Failure) 286M->154M(494M) 20,427ms
[2020-11-04T20:44:43.744+0300][75,498s][info][gc] GC(1023) Pause Young (Allocation Failure) 290M->158M(494M) 20,896ms
[2020-11-04T20:44:43.814+0300][75,568s][info][gc] GC(1024) Pause Young (Allocation Failure) 294M->162M(494M) 20,777ms
[2020-11-04T20:44:43.886+0300][75,640s][info][gc] GC(1025) Pause Young (Allocation Failure) 298M->166M(494M) 22,565ms
[2020-11-04T20:44:43.959+0300][75,713s][info][gc] GC(1026) Pause Young (Allocation Failure) 302M->170M(494M) 20,721ms
[2020-11-04T20:44:44.031+0300][75,786s][info][gc] GC(1027) Pause Young (Allocation Failure) 306M->174M(494M) 22,828ms
[2020-11-04T20:44:44.104+0300][75,859s][info][gc] GC(1028) Pause Young (Allocation Failure) 310M->178M(494M) 23,491ms
[2020-11-04T20:44:44.179+0300][75,933s][info][gc] GC(1029) Pause Young (Allocation Failure) 314M->182M(494M) 22,246ms
[2020-11-04T20:44:44.251+0300][76,006s][info][gc] GC(1030) Pause Young (Allocation Failure) 318M->186M(494M) 21,125ms
[2020-11-04T20:44:44.325+0300][76,079s][info][gc] GC(1031) Pause Young (Allocation Failure) 322M->190M(494M) 21,872ms
[2020-11-04T20:44:44.398+0300][76,153s][info][gc] GC(1032) Pause Young (Allocation Failure) 326M->194M(494M) 22,475ms
[2020-11-04T20:44:44.473+0300][76,227s][info][gc] GC(1033) Pause Young (Allocation Failure) 330M->198M(494M) 21,976ms
[2020-11-04T20:44:44.545+0300][76,300s][info][gc] GC(1034) Pause Young (Allocation Failure) 334M->202M(494M) 21,502ms
[2020-11-04T20:44:44.632+0300][76,387s][info][gc] GC(1035) Pause Young (Allocation Failure) 338M->210M(494M) 24,241ms
[2020-11-04T20:44:44.707+0300][76,461s][info][gc] GC(1036) Pause Young (Allocation Failure) 346M->214M(494M) 22,654ms
[2020-11-04T20:44:44.778+0300][76,532s][info][gc] GC(1037) Pause Young (Allocation Failure) 350M->218M(494M) 20,422ms
[2020-11-04T20:44:44.848+0300][76,603s][info][gc] GC(1038) Pause Young (Allocation Failure) 354M->222M(494M) 18,714ms
[2020-11-04T20:44:44.923+0300][76,677s][info][gc] GC(1039) Pause Young (Allocation Failure) 358M->226M(494M) 22,412ms
[2020-11-04T20:44:44.997+0300][76,751s][info][gc] GC(1040) Pause Young (Allocation Failure) 362M->230M(494M) 22,330ms
[2020-11-04T20:44:45.069+0300][76,824s][info][gc] GC(1041) Pause Young (Allocation Failure) 366M->234M(494M) 20,512ms
[2020-11-04T20:44:45.143+0300][76,898s][info][gc] GC(1042) Pause Young (Allocation Failure) 370M->238M(494M) 22,490ms
[2020-11-04T20:44:45.213+0300][76,968s][info][gc] GC(1043) Pause Young (Allocation Failure) 374M->242M(494M) 20,355ms
[2020-11-04T20:44:45.287+0300][77,041s][info][gc] GC(1044) Pause Young (Allocation Failure) 378M->246M(494M) 21,329ms
[2020-11-04T20:44:45.359+0300][77,113s][info][gc] GC(1045) Pause Young (Allocation Failure) 382M->250M(494M) 22,421ms
[2020-11-04T20:44:45.431+0300][77,185s][info][gc] GC(1046) Pause Young (Allocation Failure) 386M->254M(494M) 22,308ms
[2020-11-04T20:44:45.510+0300][77,264s][info][gc] GC(1047) Pause Young (Allocation Failure) 390M->258M(494M) 27,616ms
[2020-11-04T20:44:45.585+0300][77,339s][info][gc] GC(1048) Pause Young (Allocation Failure) 394M->262M(494M) 21,167ms
[2020-11-04T20:44:45.661+0300][77,415s][info][gc] GC(1049) Pause Young (Allocation Failure) 398M->266M(494M) 22,365ms
[2020-11-04T20:44:45.743+0300][77,498s][info][gc] GC(1050) Pause Young (Allocation Failure) 402M->270M(494M) 24,980ms
[2020-11-04T20:44:45.820+0300][77,574s][info][gc] GC(1051) Pause Young (Allocation Failure) 406M->274M(494M) 24,608ms
[2020-11-04T20:44:45.899+0300][77,653s][info][gc] GC(1052) Pause Young (Allocation Failure) 410M->278M(494M) 27,156ms
[2020-11-04T20:44:45.996+0300][77,751s][info][gc] GC(1053) Pause Young (Allocation Failure) 414M->282M(494M) 20,678ms
[2020-11-04T20:44:46.073+0300][77,827s][info][gc] GC(1054) Pause Young (Allocation Failure) 418M->286M(494M) 22,587ms
[2020-11-04T20:44:46.143+0300][77,897s][info][gc] GC(1055) Pause Young (Allocation Failure) 422M->290M(494M) 20,366ms
[2020-11-04T20:44:46.214+0300][77,968s][info][gc] GC(1056) Pause Young (Allocation Failure) 426M->294M(494M) 21,670ms
[2020-11-04T20:44:46.286+0300][78,041s][info][gc] GC(1057) Pause Young (Allocation Failure) 430M->298M(494M) 22,422ms
[2020-11-04T20:44:46.360+0300][78,115s][info][gc] GC(1058) Pause Young (Allocation Failure) 434M->302M(494M) 23,085ms
[2020-11-04T20:44:46.430+0300][78,185s][info][gc] GC(1059) Pause Young (Allocation Failure) 438M->306M(494M) 20,279ms
[2020-11-04T20:44:46.517+0300][78,271s][info][gc] GC(1060) Pause Young (Allocation Failure) 442M->314M(494M) 23,112ms
[2020-11-04T20:44:46.591+0300][78,345s][info][gc] GC(1061) Pause Young (Allocation Failure) 450M->318M(494M) 23,177ms
[2020-11-04T20:44:46.663+0300][78,418s][info][gc] GC(1062) Pause Young (Allocation Failure) 454M->322M(494M) 20,449ms
[2020-11-04T20:44:46.732+0300][78,487s][info][gc] GC(1063) Pause Young (Allocation Failure) 458M->326M(494M) 17,301ms
[2020-11-04T20:44:46.804+0300][78,558s][info][gc] GC(1064) Pause Young (Allocation Failure) 462M->330M(494M) 22,232ms
[2020-11-04T20:44:46.878+0300][78,632s][info][gc] GC(1065) Pause Young (Allocation Failure) 466M->334M(494M) 22,316ms
[2020-11-04T20:44:46.952+0300][78,706s][info][gc] GC(1066) Pause Young (Allocation Failure) 470M->338M(494M) 22,342ms
[2020-11-04T20:44:47.022+0300][78,777s][info][gc] GC(1067) Pause Young (Allocation Failure) 474M->342M(494M) 20,623ms
[2020-11-04T20:44:47.096+0300][78,850s][info][gc] GC(1068) Pause Young (Allocation Failure) 478M->346M(494M) 22,427ms
[2020-11-04T20:44:47.166+0300][78,921s][info][gc] GC(1069) Pause Young (Allocation Failure) 482M->350M(494M) 20,654ms
[2020-11-04T20:44:47.216+0300][78,970s][info][gc] GC(1070) Pause Young (Allocation Failure) 486M->486M(494M) 0,058ms
[2020-11-04T20:44:47.401+0300][79,155s][info][gc] GC(1071) Pause Full (Allocation Failure) 486M->165M(494M) 185,330ms
[2020-11-04T20:44:47.462+0300][79,217s][info][gc] GC(1072) Pause Young (Allocation Failure) 301M->169M(494M) 11,713ms
[2020-11-04T20:44:47.526+0300][79,281s][info][gc] GC(1073) Pause Young (Allocation Failure) 305M->173M(494M) 14,411ms
[2020-11-04T20:44:47.595+0300][79,350s][info][gc] GC(1074) Pause Young (Allocation Failure) 309M->177M(494M) 18,854ms
[2020-11-04T20:44:47.665+0300][79,420s][info][gc] GC(1075) Pause Young (Allocation Failure) 313M->181M(494M) 20,562ms
[2020-11-04T20:44:47.736+0300][79,490s][info][gc] GC(1076) Pause Young (Allocation Failure) 317M->185M(494M) 20,699ms
[2020-11-04T20:44:47.809+0300][79,564s][info][gc] GC(1077) Pause Young (Allocation Failure) 321M->189M(494M) 21,885ms
[2020-11-04T20:44:47.879+0300][79,634s][info][gc] GC(1078) Pause Young (Allocation Failure) 325M->193M(494M) 20,397ms
[2020-11-04T20:44:47.951+0300][79,706s][info][gc] GC(1079) Pause Young (Allocation Failure) 329M->197M(494M) 20,900ms
[2020-11-04T20:44:48.024+0300][79,779s][info][gc] GC(1080) Pause Young (Allocation Failure) 333M->201M(494M) 20,672ms
[2020-11-04T20:44:48.094+0300][79,849s][info][gc] GC(1081) Pause Young (Allocation Failure) 337M->205M(494M) 20,469ms
[2020-11-04T20:44:48.165+0300][79,919s][info][gc] GC(1082) Pause Young (Allocation Failure) 341M->209M(494M) 20,571ms
[2020-11-04T20:44:48.235+0300][79,989s][info][gc] GC(1083) Pause Young (Allocation Failure) 345M->213M(494M) 20,691ms
[2020-11-04T20:44:48.308+0300][80,063s][info][gc] GC(1084) Pause Young (Allocation Failure) 349M->217M(494M) 22,448ms
[2020-11-04T20:44:48.380+0300][80,134s][info][gc] GC(1085) Pause Young (Allocation Failure) 353M->221M(494M) 20,512ms
[2020-11-04T20:44:48.454+0300][80,208s][info][gc] GC(1086) Pause Young (Allocation Failure) 357M->225M(494M) 22,051ms
[2020-11-04T20:44:48.539+0300][80,294s][info][gc] GC(1087) Pause Young (Allocation Failure) 361M->233M(494M) 23,765ms
[2020-11-04T20:44:48.615+0300][80,369s][info][gc] GC(1088) Pause Young (Allocation Failure) 369M->237M(494M) 23,957ms
[2020-11-04T20:44:48.683+0300][80,438s][info][gc] GC(1089) Pause Young (Allocation Failure) 373M->241M(494M) 19,466ms
[2020-11-04T20:44:48.750+0300][80,505s][info][gc] GC(1090) Pause Young (Allocation Failure) 377M->245M(494M) 17,344ms
[2020-11-04T20:44:48.821+0300][80,575s][info][gc] GC(1091) Pause Young (Allocation Failure) 381M->249M(494M) 20,684ms
[2020-11-04T20:44:48.891+0300][80,645s][info][gc] GC(1092) Pause Young (Allocation Failure) 385M->253M(494M) 20,476ms
[2020-11-04T20:44:48.961+0300][80,716s][info][gc] GC(1093) Pause Young (Allocation Failure) 389M->257M(494M) 20,752ms
[2020-11-04T20:44:49.032+0300][80,786s][info][gc] GC(1094) Pause Young (Allocation Failure) 393M->261M(494M) 20,841ms
[2020-11-04T20:44:49.102+0300][80,856s][info][gc] GC(1095) Pause Young (Allocation Failure) 397M->265M(494M) 20,885ms
[2020-11-04T20:44:49.174+0300][80,928s][info][gc] GC(1096) Pause Young (Allocation Failure) 401M->269M(494M) 20,586ms
[2020-11-04T20:44:49.243+0300][80,998s][info][gc] GC(1097) Pause Young (Allocation Failure) 405M->273M(494M) 20,594ms
[2020-11-04T20:44:49.315+0300][81,070s][info][gc] GC(1098) Pause Young (Allocation Failure) 409M->277M(494M) 20,750ms
[2020-11-04T20:44:49.386+0300][81,140s][info][gc] GC(1099) Pause Young (Allocation Failure) 413M->281M(494M) 20,885ms
[2020-11-04T20:44:49.458+0300][81,212s][info][gc] GC(1100) Pause Young (Allocation Failure) 417M->285M(494M) 20,818ms
[2020-11-04T20:44:49.529+0300][81,284s][info][gc] GC(1101) Pause Young (Allocation Failure) 421M->289M(494M) 20,779ms
[2020-11-04T20:44:49.600+0300][81,354s][info][gc] GC(1102) Pause Young (Allocation Failure) 425M->293M(494M) 20,796ms
[2020-11-04T20:44:49.670+0300][81,424s][info][gc] GC(1103) Pause Young (Allocation Failure) 429M->297M(494M) 20,646ms
[2020-11-04T20:44:49.740+0300][81,494s][info][gc] GC(1104) Pause Young (Allocation Failure) 433M->301M(494M) 20,602ms
[2020-11-04T20:44:49.812+0300][81,566s][info][gc] GC(1105) Pause Young (Allocation Failure) 437M->305M(494M) 20,825ms
[2020-11-04T20:44:49.882+0300][81,637s][info][gc] GC(1106) Pause Young (Allocation Failure) 441M->309M(494M) 20,888ms
[2020-11-04T20:44:49.954+0300][81,709s][info][gc] GC(1107) Pause Young (Allocation Failure) 445M->313M(494M) 20,689ms
[2020-11-04T20:44:50.024+0300][81,778s][info][gc] GC(1108) Pause Young (Allocation Failure) 449M->317M(494M) 20,637ms
[2020-11-04T20:44:50.096+0300][81,851s][info][gc] GC(1109) Pause Young (Allocation Failure) 453M->321M(494M) 22,437ms
[2020-11-04T20:44:50.168+0300][81,923s][info][gc] GC(1110) Pause Young (Allocation Failure) 457M->325M(494M) 20,538ms
[2020-11-04T20:44:50.242+0300][81,996s][info][gc] GC(1111) Pause Young (Allocation Failure) 461M->329M(494M) 22,676ms
[2020-11-04T20:44:50.327+0300][82,082s][info][gc] GC(1112) Pause Young (Allocation Failure) 465M->337M(494M) 22,025ms
[2020-11-04T20:44:50.401+0300][82,156s][info][gc] GC(1113) Pause Young (Allocation Failure) 473M->341M(494M) 22,411ms
[2020-11-04T20:44:50.472+0300][82,227s][info][gc] GC(1114) Pause Young (Allocation Failure) 477M->345M(494M) 19,434ms
[2020-11-04T20:44:50.521+0300][82,276s][info][gc] GC(1115) Pause Young (Allocation Failure) 481M->481M(494M) 0,047ms
[2020-11-04T20:44:50.681+0300][82,436s][info][gc] GC(1116) Pause Full (Allocation Failure) 481M->143M(494M) 159,467ms
[2020-11-04T20:44:50.744+0300][82,498s][info][gc] GC(1117) Pause Young (Allocation Failure) 279M->147M(494M) 11,639ms
[2020-11-04T20:44:50.809+0300][82,564s][info][gc] GC(1118) Pause Young (Allocation Failure) 283M->151M(494M) 14,476ms
[2020-11-04T20:44:50.878+0300][82,633s][info][gc] GC(1119) Pause Young (Allocation Failure) 287M->155M(494M) 17,427ms
[2020-11-04T20:44:50.950+0300][82,705s][info][gc] GC(1120) Pause Young (Allocation Failure) 291M->159M(494M) 20,601ms
[2020-11-04T20:44:51.022+0300][82,777s][info][gc] GC(1121) Pause Young (Allocation Failure) 295M->163M(494M) 20,750ms
[2020-11-04T20:44:51.092+0300][82,847s][info][gc] GC(1122) Pause Young (Allocation Failure) 299M->167M(494M) 20,373ms
[2020-11-04T20:44:51.165+0300][82,919s][info][gc] GC(1123) Pause Young (Allocation Failure) 303M->171M(494M) 20,677ms
[2020-11-04T20:44:51.239+0300][82,994s][info][gc] GC(1124) Pause Young (Allocation Failure) 307M->175M(494M) 22,517ms
[2020-11-04T20:44:51.312+0300][83,066s][info][gc] GC(1125) Pause Young (Allocation Failure) 311M->179M(494M) 20,709ms
[2020-11-04T20:44:51.384+0300][83,138s][info][gc] GC(1126) Pause Young (Allocation Failure) 315M->183M(494M) 20,808ms
[2020-11-04T20:44:51.456+0300][83,210s][info][gc] GC(1127) Pause Young (Allocation Failure) 319M->187M(494M) 20,813ms
[2020-11-04T20:44:51.527+0300][83,281s][info][gc] GC(1128) Pause Young (Allocation Failure) 323M->191M(494M) 21,944ms
[2020-11-04T20:44:51.602+0300][83,356s][info][gc] GC(1129) Pause Young (Allocation Failure) 327M->195M(494M) 22,902ms
[2020-11-04T20:44:51.674+0300][83,428s][info][gc] GC(1130) Pause Young (Allocation Failure) 331M->199M(494M) 20,503ms
[2020-11-04T20:44:51.747+0300][83,501s][info][gc] GC(1131) Pause Young (Allocation Failure) 335M->203M(494M) 22,327ms
[2020-11-04T20:44:51.820+0300][83,574s][info][gc] GC(1132) Pause Young (Allocation Failure) 339M->207M(494M) 20,630ms
[2020-11-04T20:44:51.892+0300][83,647s][info][gc] GC(1133) Pause Young (Allocation Failure) 343M->211M(494M) 20,744ms
[2020-11-04T20:44:51.962+0300][83,717s][info][gc] GC(1134) Pause Young (Allocation Failure) 347M->215M(494M) 20,525ms
[2020-11-04T20:44:52.033+0300][83,787s][info][gc] GC(1135) Pause Young (Allocation Failure) 351M->219M(494M) 20,555ms
[2020-11-04T20:44:52.103+0300][83,857s][info][gc] GC(1136) Pause Young (Allocation Failure) 355M->223M(494M) 20,704ms
[2020-11-04T20:44:52.173+0300][83,928s][info][gc] GC(1137) Pause Young (Allocation Failure) 359M->227M(494M) 20,684ms
[2020-11-04T20:44:52.255+0300][84,010s][info][gc] GC(1138) Pause Young (Allocation Failure) 363M->231M(494M) 22,692ms
[2020-11-04T20:44:52.328+0300][84,082s][info][gc] GC(1139) Pause Young (Allocation Failure) 367M->238M(494M) 21,788ms
[2020-11-04T20:44:52.399+0300][84,154s][info][gc] GC(1140) Pause Young (Allocation Failure) 375M->242M(494M) 22,323ms
[2020-11-04T20:44:52.472+0300][84,226s][info][gc] GC(1141) Pause Young (Allocation Failure) 379M->247M(494M) 19,407ms
[2020-11-04T20:44:52.539+0300][84,294s][info][gc] GC(1142) Pause Young (Allocation Failure) 383M->251M(494M) 17,517ms
[2020-11-04T20:44:52.611+0300][84,366s][info][gc] GC(1143) Pause Young (Allocation Failure) 387M->255M(494M) 22,525ms
[2020-11-04T20:44:52.682+0300][84,437s][info][gc] GC(1144) Pause Young (Allocation Failure) 391M->259M(494M) 21,131ms
[2020-11-04T20:44:52.752+0300][84,507s][info][gc] GC(1145) Pause Young (Allocation Failure) 395M->263M(494M) 20,779ms
[2020-11-04T20:44:52.823+0300][84,577s][info][gc] GC(1146) Pause Young (Allocation Failure) 399M->267M(494M) 20,662ms
[2020-11-04T20:44:52.896+0300][84,650s][info][gc] GC(1147) Pause Young (Allocation Failure) 403M->271M(494M) 20,826ms
[2020-11-04T20:44:52.966+0300][84,721s][info][gc] GC(1148) Pause Young (Allocation Failure) 407M->275M(494M) 20,680ms
[2020-11-04T20:44:53.036+0300][84,791s][info][gc] GC(1149) Pause Young (Allocation Failure) 411M->279M(494M) 20,597ms
[2020-11-04T20:44:53.107+0300][84,861s][info][gc] GC(1150) Pause Young (Allocation Failure) 415M->283M(494M) 20,651ms
[2020-11-04T20:44:53.177+0300][84,931s][info][gc] GC(1151) Pause Young (Allocation Failure) 419M->287M(494M) 20,575ms
[2020-11-04T20:44:53.250+0300][85,004s][info][gc] GC(1152) Pause Young (Allocation Failure) 423M->291M(494M) 23,058ms
[2020-11-04T20:44:53.320+0300][85,074s][info][gc] GC(1153) Pause Young (Allocation Failure) 427M->295M(494M) 20,653ms
[2020-11-04T20:44:53.392+0300][85,146s][info][gc] GC(1154) Pause Young (Allocation Failure) 431M->299M(494M) 22,363ms
[2020-11-04T20:44:53.462+0300][85,217s][info][gc] GC(1155) Pause Young (Allocation Failure) 435M->303M(494M) 20,706ms
[2020-11-04T20:44:53.532+0300][85,287s][info][gc] GC(1156) Pause Young (Allocation Failure) 439M->307M(494M) 20,607ms
[2020-11-04T20:44:53.604+0300][85,359s][info][gc] GC(1157) Pause Young (Allocation Failure) 443M->311M(494M) 22,194ms
[2020-11-04T20:44:53.675+0300][85,430s][info][gc] GC(1158) Pause Young (Allocation Failure) 447M->315M(494M) 20,918ms
[2020-11-04T20:44:53.747+0300][85,501s][info][gc] GC(1159) Pause Young (Allocation Failure) 451M->319M(494M) 22,087ms
[2020-11-04T20:44:53.817+0300][85,571s][info][gc] GC(1160) Pause Young (Allocation Failure) 455M->323M(494M) 20,673ms
[2020-11-04T20:44:53.887+0300][85,642s][info][gc] GC(1161) Pause Young (Allocation Failure) 459M->327M(494M) 20,853ms
[2020-11-04T20:44:53.958+0300][85,713s][info][gc] GC(1162) Pause Young (Allocation Failure) 463M->331M(494M) 20,911ms
[2020-11-04T20:44:54.029+0300][85,783s][info][gc] GC(1163) Pause Young (Allocation Failure) 467M->335M(494M) 20,540ms
[2020-11-04T20:44:54.112+0300][85,866s][info][gc] GC(1164) Pause Young (Allocation Failure) 471M->342M(494M) 21,929ms
[2020-11-04T20:44:54.185+0300][85,940s][info][gc] GC(1165) Pause Young (Allocation Failure) 479M->346M(494M) 23,980ms
[2020-11-04T20:44:54.277+0300][86,031s][info][gc] GC(1166) Pause Young (Allocation Failure) 483M->485M(494M) 41,738ms
[2020-11-04T20:44:54.416+0300][86,171s][info][gc] GC(1167) Pause Full (Allocation Failure) 485M->144M(494M) 139,360ms
[2020-11-04T20:44:54.480+0300][86,234s][info][gc] GC(1168) Pause Young (Allocation Failure) 281M->148M(494M) 12,880ms
[2020-11-04T20:44:54.545+0300][86,300s][info][gc] GC(1169) Pause Young (Allocation Failure) 285M->152M(494M) 14,336ms
[2020-11-04T20:44:54.614+0300][86,369s][info][gc] GC(1170) Pause Young (Allocation Failure) 289M->156M(494M) 19,303ms
[2020-11-04T20:44:54.685+0300][86,439s][info][gc] GC(1171) Pause Young (Allocation Failure) 293M->160M(494M) 20,552ms
[2020-11-04T20:44:54.755+0300][86,509s][info][gc] GC(1172) Pause Young (Allocation Failure) 297M->165M(494M) 20,664ms
[2020-11-04T20:44:54.825+0300][86,580s][info][gc] GC(1173) Pause Young (Allocation Failure) 301M->169M(494M) 20,499ms
[2020-11-04T20:44:54.896+0300][86,650s][info][gc] GC(1174) Pause Young (Allocation Failure) 305M->173M(494M) 20,510ms
[2020-11-04T20:44:54.966+0300][86,720s][info][gc] GC(1175) Pause Young (Allocation Failure) 309M->177M(494M) 20,842ms
[2020-11-04T20:44:55.036+0300][86,791s][info][gc] GC(1176) Pause Young (Allocation Failure) 313M->181M(494M) 20,718ms
[2020-11-04T20:44:55.106+0300][86,861s][info][gc] GC(1177) Pause Young (Allocation Failure) 317M->185M(494M) 20,518ms
[2020-11-04T20:44:55.180+0300][86,935s][info][gc] GC(1178) Pause Young (Allocation Failure) 321M->189M(494M) 22,300ms
[2020-11-04T20:44:55.252+0300][87,007s][info][gc] GC(1179) Pause Young (Allocation Failure) 325M->193M(494M) 21,922ms
[2020-11-04T20:44:55.326+0300][87,080s][info][gc] GC(1180) Pause Young (Allocation Failure) 329M->197M(494M) 22,409ms
[2020-11-04T20:44:55.398+0300][87,152s][info][gc] GC(1181) Pause Young (Allocation Failure) 333M->201M(494M) 22,566ms
[2020-11-04T20:44:55.471+0300][87,226s][info][gc] GC(1182) Pause Young (Allocation Failure) 337M->205M(494M) 22,117ms
[2020-11-04T20:44:55.546+0300][87,300s][info][gc] GC(1183) Pause Young (Allocation Failure) 341M->209M(494M) 22,674ms
[2020-11-04T20:44:55.617+0300][87,372s][info][gc] GC(1184) Pause Young (Allocation Failure) 345M->213M(494M) 21,022ms
[2020-11-04T20:44:55.691+0300][87,446s][info][gc] GC(1185) Pause Young (Allocation Failure) 349M->217M(494M) 22,297ms
[2020-11-04T20:44:55.764+0300][87,519s][info][gc] GC(1186) Pause Young (Allocation Failure) 353M->221M(494M) 23,052ms
[2020-11-04T20:44:55.836+0300][87,591s][info][gc] GC(1187) Pause Young (Allocation Failure) 357M->225M(494M) 21,943ms
[2020-11-04T20:44:55.909+0300][87,663s][info][gc] GC(1188) Pause Young (Allocation Failure) 361M->229M(494M) 22,478ms
[2020-11-04T20:44:55.981+0300][87,735s][info][gc] GC(1189) Pause Young (Allocation Failure) 365M->233M(494M) 22,349ms
[2020-11-04T20:44:56.067+0300][87,822s][info][gc] GC(1190) Pause Young (Allocation Failure) 369M->240M(494M) 23,462ms
[2020-11-04T20:44:56.141+0300][87,895s][info][gc] GC(1191) Pause Young (Allocation Failure) 377M->244M(494M) 23,767ms
[2020-11-04T20:44:56.214+0300][87,969s][info][gc] GC(1192) Pause Young (Allocation Failure) 381M->248M(494M) 21,917ms
[2020-11-04T20:44:56.282+0300][88,036s][info][gc] GC(1193) Pause Young (Allocation Failure) 385M->252M(494M) 17,516ms
[2020-11-04T20:44:56.353+0300][88,108s][info][gc] GC(1194) Pause Young (Allocation Failure) 389M->256M(494M) 21,948ms
[2020-11-04T20:44:56.426+0300][88,180s][info][gc] GC(1195) Pause Young (Allocation Failure) 393M->260M(494M) 22,854ms
[2020-11-04T20:44:56.500+0300][88,254s][info][gc] GC(1196) Pause Young (Allocation Failure) 397M->264M(494M) 21,863ms
[2020-11-04T20:44:56.571+0300][88,326s][info][gc] GC(1197) Pause Young (Allocation Failure) 401M->268M(494M) 21,894ms
[2020-11-04T20:44:56.643+0300][88,398s][info][gc] GC(1198) Pause Young (Allocation Failure) 405M->272M(494M) 22,320ms
[2020-11-04T20:44:56.717+0300][88,471s][info][gc] GC(1199) Pause Young (Allocation Failure) 409M->276M(494M) 22,759ms
[2020-11-04T20:44:56.789+0300][88,543s][info][gc] GC(1200) Pause Young (Allocation Failure) 413M->280M(494M) 22,105ms
[2020-11-04T20:44:56.861+0300][88,615s][info][gc] GC(1201) Pause Young (Allocation Failure) 417M->284M(494M) 22,624ms
[2020-11-04T20:44:56.934+0300][88,689s][info][gc] GC(1202) Pause Young (Allocation Failure) 421M->288M(494M) 22,558ms
[2020-11-04T20:44:57.007+0300][88,761s][info][gc] GC(1203) Pause Young (Allocation Failure) 425M->293M(494M) 22,656ms
[2020-11-04T20:44:57.079+0300][88,834s][info][gc] GC(1204) Pause Young (Allocation Failure) 429M->297M(494M) 22,897ms
[2020-11-04T20:44:57.149+0300][88,904s][info][gc] GC(1205) Pause Young (Allocation Failure) 433M->301M(494M) 20,800ms
[2020-11-04T20:44:57.223+0300][88,978s][info][gc] GC(1206) Pause Young (Allocation Failure) 437M->305M(494M) 22,852ms
[2020-11-04T20:44:57.294+0300][89,048s][info][gc] GC(1207) Pause Young (Allocation Failure) 441M->309M(494M) 20,708ms
[2020-11-04T20:44:57.369+0300][89,123s][info][gc] GC(1208) Pause Young (Allocation Failure) 445M->313M(494M) 23,110ms
[2020-11-04T20:44:57.438+0300][89,193s][info][gc] GC(1209) Pause Young (Allocation Failure) 449M->317M(494M) 20,270ms
[2020-11-04T20:44:57.513+0300][89,267s][info][gc] GC(1210) Pause Young (Allocation Failure) 453M->321M(494M) 22,216ms
[2020-11-04T20:44:57.582+0300][89,337s][info][gc] GC(1211) Pause Young (Allocation Failure) 457M->325M(494M) 20,076ms
[2020-11-04T20:44:57.655+0300][89,410s][info][gc] GC(1212) Pause Young (Allocation Failure) 461M->329M(494M) 23,098ms
[2020-11-04T20:44:57.727+0300][89,482s][info][gc] GC(1213) Pause Young (Allocation Failure) 465M->333M(494M) 22,340ms
[2020-11-04T20:44:57.800+0300][89,554s][info][gc] GC(1214) Pause Young (Allocation Failure) 469M->337M(494M) 22,645ms
[2020-11-04T20:44:57.870+0300][89,625s][info][gc] GC(1215) Pause Young (Allocation Failure) 473M->341M(494M) 20,877ms
[2020-11-04T20:44:57.959+0300][89,714s][info][gc] GC(1216) Pause Young (Allocation Failure) 477M->348M(494M) 25,080ms
[2020-11-04T20:44:58.032+0300][89,787s][info][gc] GC(1217) Pause Young (Allocation Failure) 485M->352M(494M) 23,631ms
[2020-11-04T20:44:58.080+0300][89,834s][info][gc] GC(1218) Pause Young (Allocation Failure) 489M->489M(494M) 0,051ms
[2020-11-04T20:44:58.245+0300][90,000s][info][gc] GC(1219) Pause Full (Allocation Failure) 489M->133M(494M) 165,711ms
[2020-11-04T20:44:58.309+0300][90,063s][info][gc] GC(1220) Pause Young (Allocation Failure) 270M->137M(494M) 11,744ms
[2020-11-04T20:44:58.373+0300][90,127s][info][gc] GC(1221) Pause Young (Allocation Failure) 274M->141M(494M) 14,350ms
[2020-11-04T20:44:58.440+0300][90,194s][info][gc] GC(1222) Pause Young (Allocation Failure) 278M->145M(494M) 17,429ms
[2020-11-04T20:44:58.510+0300][90,265s][info][gc] GC(1223) Pause Young (Allocation Failure) 282M->149M(494M) 20,918ms
[2020-11-04T20:44:58.580+0300][90,335s][info][gc] GC(1224) Pause Young (Allocation Failure) 286M->153M(494M) 20,575ms
[2020-11-04T20:44:58.650+0300][90,405s][info][gc] GC(1225) Pause Young (Allocation Failure) 290M->157M(494M) 20,770ms
[2020-11-04T20:44:58.721+0300][90,475s][info][gc] GC(1226) Pause Young (Allocation Failure) 294M->161M(494M) 20,899ms
[2020-11-04T20:44:58.791+0300][90,546s][info][gc] GC(1227) Pause Young (Allocation Failure) 298M->165M(494M) 20,665ms
[2020-11-04T20:44:58.861+0300][90,616s][info][gc] GC(1228) Pause Young (Allocation Failure) 302M->169M(494M) 20,413ms
[2020-11-04T20:44:58.931+0300][90,685s][info][gc] GC(1229) Pause Young (Allocation Failure) 306M->173M(494M) 20,523ms
[2020-11-04T20:44:59.001+0300][90,755s][info][gc] GC(1230) Pause Young (Allocation Failure) 310M->177M(494M) 20,550ms
[2020-11-04T20:44:59.071+0300][90,826s][info][gc] GC(1231) Pause Young (Allocation Failure) 314M->181M(494M) 20,883ms
[2020-11-04T20:44:59.141+0300][90,896s][info][gc] GC(1232) Pause Young (Allocation Failure) 318M->185M(494M) 20,399ms
[2020-11-04T20:44:59.214+0300][90,968s][info][gc] GC(1233) Pause Young (Allocation Failure) 322M->189M(494M) 23,021ms
[2020-11-04T20:44:59.284+0300][91,038s][info][gc] GC(1234) Pause Young (Allocation Failure) 326M->193M(494M) 20,867ms
[2020-11-04T20:44:59.354+0300][91,109s][info][gc] GC(1235) Pause Young (Allocation Failure) 330M->197M(494M) 20,705ms
[2020-11-04T20:44:59.424+0300][91,179s][info][gc] GC(1236) Pause Young (Allocation Failure) 334M->201M(494M) 20,437ms
[2020-11-04T20:44:59.494+0300][91,249s][info][gc] GC(1237) Pause Young (Allocation Failure) 338M->205M(494M) 20,774ms
[2020-11-04T20:44:59.565+0300][91,319s][info][gc] GC(1238) Pause Young (Allocation Failure) 342M->209M(494M) 20,845ms
[2020-11-04T20:44:59.635+0300][91,389s][info][gc] GC(1239) Pause Young (Allocation Failure) 346M->213M(494M) 20,441ms
[2020-11-04T20:44:59.707+0300][91,462s][info][gc] GC(1240) Pause Young (Allocation Failure) 350M->217M(494M) 22,620ms
[2020-11-04T20:44:59.777+0300][91,531s][info][gc] GC(1241) Pause Young (Allocation Failure) 354M->221M(494M) 20,664ms
[2020-11-04T20:44:59.861+0300][91,615s][info][gc] GC(1242) Pause Young (Allocation Failure) 358M->229M(494M) 21,911ms
[2020-11-04T20:44:59.935+0300][91,690s][info][gc] GC(1243) Pause Young (Allocation Failure) 366M->233M(494M) 23,169ms
[2020-11-04T20:45:00.004+0300][91,759s][info][gc] GC(1244) Pause Young (Allocation Failure) 370M->237M(494M) 19,484ms
[2020-11-04T20:45:00.071+0300][91,826s][info][gc] GC(1245) Pause Young (Allocation Failure) 374M->241M(494M) 17,544ms
[2020-11-04T20:45:00.142+0300][91,896s][info][gc] GC(1246) Pause Young (Allocation Failure) 378M->245M(494M) 20,805ms
[2020-11-04T20:45:00.212+0300][91,966s][info][gc] GC(1247) Pause Young (Allocation Failure) 382M->249M(494M) 20,585ms
[2020-11-04T20:45:00.282+0300][92,036s][info][gc] GC(1248) Pause Young (Allocation Failure) 386M->253M(494M) 20,450ms
[2020-11-04T20:45:00.354+0300][92,108s][info][gc] GC(1249) Pause Young (Allocation Failure) 390M->257M(494M) 22,545ms
[2020-11-04T20:45:00.426+0300][92,180s][info][gc] GC(1250) Pause Young (Allocation Failure) 394M->261M(494M) 22,737ms
[2020-11-04T20:45:00.496+0300][92,251s][info][gc] GC(1251) Pause Young (Allocation Failure) 398M->265M(494M) 20,905ms
[2020-11-04T20:45:00.566+0300][92,321s][info][gc] GC(1252) Pause Young (Allocation Failure) 402M->269M(494M) 20,539ms
[2020-11-04T20:45:00.639+0300][92,394s][info][gc] GC(1253) Pause Young (Allocation Failure) 406M->273M(494M) 23,203ms
[2020-11-04T20:45:00.710+0300][92,464s][info][gc] GC(1254) Pause Young (Allocation Failure) 410M->277M(494M) 20,927ms
[2020-11-04T20:45:00.780+0300][92,534s][info][gc] GC(1255) Pause Young (Allocation Failure) 414M->281M(494M) 20,286ms
[2020-11-04T20:45:00.850+0300][92,604s][info][gc] GC(1256) Pause Young (Allocation Failure) 418M->285M(494M) 20,632ms
[2020-11-04T20:45:00.920+0300][92,674s][info][gc] GC(1257) Pause Young (Allocation Failure) 422M->289M(494M) 20,931ms
[2020-11-04T20:45:00.990+0300][92,745s][info][gc] GC(1258) Pause Young (Allocation Failure) 426M->293M(494M) 20,818ms
[2020-11-04T20:45:01.061+0300][92,815s][info][gc] GC(1259) Pause Young (Allocation Failure) 430M->297M(494M) 20,626ms
[2020-11-04T20:45:01.130+0300][92,885s][info][gc] GC(1260) Pause Young (Allocation Failure) 434M->301M(494M) 20,499ms
[2020-11-04T20:45:01.200+0300][92,955s][info][gc] GC(1261) Pause Young (Allocation Failure) 438M->305M(494M) 20,537ms
[2020-11-04T20:45:01.271+0300][93,026s][info][gc] GC(1262) Pause Young (Allocation Failure) 442M->309M(494M) 20,764ms
[2020-11-04T20:45:01.343+0300][93,097s][info][gc] GC(1263) Pause Young (Allocation Failure) 446M->313M(494M) 20,639ms
[2020-11-04T20:45:01.416+0300][93,170s][info][gc] GC(1264) Pause Young (Allocation Failure) 450M->317M(494M) 22,746ms
[2020-11-04T20:45:01.489+0300][93,243s][info][gc] GC(1265) Pause Young (Allocation Failure) 454M->321M(494M) 21,403ms
[2020-11-04T20:45:01.559+0300][93,314s][info][gc] GC(1266) Pause Young (Allocation Failure) 458M->325M(494M) 20,816ms
[2020-11-04T20:45:01.641+0300][93,395s][info][gc] GC(1267) Pause Young (Allocation Failure) 462M->333M(494M) 21,860ms
[2020-11-04T20:45:01.715+0300][93,469s][info][gc] GC(1268) Pause Young (Allocation Failure) 470M->337M(494M) 22,434ms
[2020-11-04T20:45:01.783+0300][93,538s][info][gc] GC(1269) Pause Young (Allocation Failure) 474M->341M(494M) 19,404ms
[2020-11-04T20:45:01.851+0300][93,605s][info][gc] GC(1270) Pause Young (Allocation Failure) 478M->345M(494M) 17,705ms
[2020-11-04T20:45:01.921+0300][93,676s][info][gc] GC(1271) Pause Young (Allocation Failure) 482M->349M(494M) 20,798ms
[2020-11-04T20:45:01.971+0300][93,725s][info][gc] GC(1272) Pause Young (Allocation Failure) 486M->486M(494M) 0,050ms
[2020-11-04T20:45:02.146+0300][93,900s][info][gc] GC(1273) Pause Full (Allocation Failure) 486M->164M(494M) 174,781ms
[2020-11-04T20:45:02.207+0300][93,961s][info][gc] GC(1274) Pause Young (Allocation Failure) 300M->168M(494M) 11,634ms
[2020-11-04T20:45:02.270+0300][94,025s][info][gc] GC(1275) Pause Young (Allocation Failure) 304M->172M(494M) 14,374ms
[2020-11-04T20:45:02.339+0300][94,094s][info][gc] GC(1276) Pause Young (Allocation Failure) 308M->176M(494M) 19,368ms
[2020-11-04T20:45:02.409+0300][94,164s][info][gc] GC(1277) Pause Young (Allocation Failure) 312M->180M(494M) 20,735ms
[2020-11-04T20:45:02.480+0300][94,234s][info][gc] GC(1278) Pause Young (Allocation Failure) 316M->184M(494M) 20,835ms
[2020-11-04T20:45:02.551+0300][94,306s][info][gc] GC(1279) Pause Young (Allocation Failure) 320M->188M(494M) 20,586ms
[2020-11-04T20:45:02.623+0300][94,377s][info][gc] GC(1280) Pause Young (Allocation Failure) 324M->192M(494M) 22,152ms
[2020-11-04T20:45:02.693+0300][94,448s][info][gc] GC(1281) Pause Young (Allocation Failure) 328M->196M(494M) 20,729ms
[2020-11-04T20:45:02.760+0300][94,515s][info][gc] GC(1282) Pause Young (Allocation Failure) 332M->200M(494M) 19,694ms
[2020-11-04T20:45:02.832+0300][94,587s][info][gc] GC(1283) Pause Young (Allocation Failure) 336M->204M(494M) 22,448ms
[2020-11-04T20:45:02.902+0300][94,657s][info][gc] GC(1284) Pause Young (Allocation Failure) 340M->208M(494M) 20,547ms
[2020-11-04T20:45:02.973+0300][94,727s][info][gc] GC(1285) Pause Young (Allocation Failure) 344M->212M(494M) 20,599ms
[2020-11-04T20:45:03.043+0300][94,798s][info][gc] GC(1286) Pause Young (Allocation Failure) 348M->216M(494M) 20,673ms
[2020-11-04T20:45:03.116+0300][94,870s][info][gc] GC(1287) Pause Young (Allocation Failure) 352M->220M(494M) 22,640ms
[2020-11-04T20:45:03.185+0300][94,940s][info][gc] GC(1288) Pause Young (Allocation Failure) 357M->224M(494M) 20,422ms
[2020-11-04T20:45:03.256+0300][95,011s][info][gc] GC(1289) Pause Young (Allocation Failure) 361M->228M(494M) 20,639ms
[2020-11-04T20:45:03.327+0300][95,082s][info][gc] GC(1290) Pause Young (Allocation Failure) 365M->232M(494M) 21,460ms
[2020-11-04T20:45:03.400+0300][95,154s][info][gc] GC(1291) Pause Young (Allocation Failure) 369M->236M(494M) 20,686ms
[2020-11-04T20:45:03.470+0300][95,225s][info][gc] GC(1292) Pause Young (Allocation Failure) 373M->240M(494M) 20,757ms
[2020-11-04T20:45:03.541+0300][95,296s][info][gc] GC(1293) Pause Young (Allocation Failure) 377M->244M(494M) 20,894ms
[2020-11-04T20:45:03.625+0300][95,379s][info][gc] GC(1294) Pause Young (Allocation Failure) 381M->252M(494M) 21,735ms
[2020-11-04T20:45:03.697+0300][95,451s][info][gc] GC(1295) Pause Young (Allocation Failure) 388M->256M(494M) 22,024ms
[2020-11-04T20:45:03.766+0300][95,520s][info][gc] GC(1296) Pause Young (Allocation Failure) 392M->260M(494M) 19,541ms
[2020-11-04T20:45:03.833+0300][95,587s][info][gc] GC(1297) Pause Young (Allocation Failure) 396M->264M(494M) 17,366ms
[2020-11-04T20:45:03.903+0300][95,658s][info][gc] GC(1298) Pause Young (Allocation Failure) 400M->268M(494M) 20,770ms
[2020-11-04T20:45:03.973+0300][95,728s][info][gc] GC(1299) Pause Young (Allocation Failure) 404M->272M(494M) 20,376ms
[2020-11-04T20:45:04.044+0300][95,798s][info][gc] GC(1300) Pause Young (Allocation Failure) 408M->276M(494M) 20,748ms
[2020-11-04T20:45:04.114+0300][95,868s][info][gc] GC(1301) Pause Young (Allocation Failure) 412M->280M(494M) 20,596ms
[2020-11-04T20:45:04.184+0300][95,939s][info][gc] GC(1302) Pause Young (Allocation Failure) 416M->284M(494M) 20,738ms
[2020-11-04T20:45:04.255+0300][96,009s][info][gc] GC(1303) Pause Young (Allocation Failure) 420M->288M(494M) 20,634ms
[2020-11-04T20:45:04.326+0300][96,081s][info][gc] GC(1304) Pause Young (Allocation Failure) 424M->292M(494M) 21,735ms
[2020-11-04T20:45:04.397+0300][96,151s][info][gc] GC(1305) Pause Young (Allocation Failure) 428M->296M(494M) 20,966ms
[2020-11-04T20:45:04.469+0300][96,224s][info][gc] GC(1306) Pause Young (Allocation Failure) 432M->300M(494M) 22,511ms
[2020-11-04T20:45:04.542+0300][96,296s][info][gc] GC(1307) Pause Young (Allocation Failure) 436M->304M(494M) 20,844ms
[2020-11-04T20:45:04.614+0300][96,368s][info][gc] GC(1308) Pause Young (Allocation Failure) 440M->308M(494M) 22,600ms
[2020-11-04T20:45:04.684+0300][96,439s][info][gc] GC(1309) Pause Young (Allocation Failure) 444M->312M(494M) 20,741ms
[2020-11-04T20:45:04.757+0300][96,511s][info][gc] GC(1310) Pause Young (Allocation Failure) 448M->316M(494M) 22,562ms
[2020-11-04T20:45:04.827+0300][96,582s][info][gc] GC(1311) Pause Young (Allocation Failure) 452M->320M(494M) 20,675ms
[2020-11-04T20:45:04.897+0300][96,652s][info][gc] GC(1312) Pause Young (Allocation Failure) 456M->324M(494M) 20,727ms
[2020-11-04T20:45:04.970+0300][96,725s][info][gc] GC(1313) Pause Young (Allocation Failure) 460M->328M(494M) 23,274ms
[2020-11-04T20:45:05.041+0300][96,795s][info][gc] GC(1314) Pause Young (Allocation Failure) 464M->332M(494M) 20,975ms
[2020-11-04T20:45:05.113+0300][96,868s][info][gc] GC(1315) Pause Young (Allocation Failure) 468M->336M(494M) 22,442ms
[2020-11-04T20:45:05.184+0300][96,938s][info][gc] GC(1316) Pause Young (Allocation Failure) 472M->340M(494M) 20,530ms
[2020-11-04T20:45:05.255+0300][97,010s][info][gc] GC(1317) Pause Young (Allocation Failure) 476M->344M(494M) 22,034ms
[2020-11-04T20:45:05.327+0300][97,082s][info][gc] GC(1318) Pause Young (Allocation Failure) 480M->348M(494M) 22,115ms
[2020-11-04T20:45:05.411+0300][97,165s][info][gc] GC(1319) Pause Young (Allocation Failure) 485M->356M(494M) 21,847ms
[2020-11-04T20:45:05.461+0300][97,216s][info][gc] GC(1320) Pause Young (Allocation Failure) 492M->492M(494M) 0,052ms
[2020-11-04T20:45:05.624+0300][97,378s][info][gc] GC(1321) Pause Full (Allocation Failure) 492M->154M(494M) 162,535ms
[2020-11-04T20:45:05.687+0300][97,442s][info][gc] GC(1322) Pause Young (Allocation Failure) 290M->158M(494M) 11,492ms
[2020-11-04T20:45:05.751+0300][97,506s][info][gc] GC(1323) Pause Young (Allocation Failure) 294M->162M(494M) 14,464ms
[2020-11-04T20:45:05.818+0300][97,573s][info][gc] GC(1324) Pause Young (Allocation Failure) 298M->166M(494M) 17,531ms
[2020-11-04T20:45:05.889+0300][97,644s][info][gc] GC(1325) Pause Young (Allocation Failure) 302M->170M(494M) 20,837ms
[2020-11-04T20:45:05.961+0300][97,715s][info][gc] GC(1326) Pause Young (Allocation Failure) 306M->174M(494M) 22,176ms
[2020-11-04T20:45:06.031+0300][97,786s][info][gc] GC(1327) Pause Young (Allocation Failure) 310M->178M(494M) 20,627ms
[2020-11-04T20:45:06.102+0300][97,856s][info][gc] GC(1328) Pause Young (Allocation Failure) 314M->182M(494M) 20,746ms
[2020-11-04T20:45:06.172+0300][97,926s][info][gc] GC(1329) Pause Young (Allocation Failure) 318M->186M(494M) 20,579ms
[2020-11-04T20:45:06.242+0300][97,997s][info][gc] GC(1330) Pause Young (Allocation Failure) 322M->190M(494M) 20,341ms
[2020-11-04T20:45:06.315+0300][98,069s][info][gc] GC(1331) Pause Young (Allocation Failure) 326M->194M(494M) 22,951ms
[2020-11-04T20:45:06.385+0300][98,140s][info][gc] GC(1332) Pause Young (Allocation Failure) 330M->198M(494M) 20,694ms
[2020-11-04T20:45:06.462+0300][98,216s][info][gc] GC(1333) Pause Young (Allocation Failure) 334M->202M(494M) 24,123ms
[2020-11-04T20:45:06.542+0300][98,296s][info][gc] GC(1334) Pause Young (Allocation Failure) 338M->206M(494M) 28,313ms
[2020-11-04T20:45:06.621+0300][98,376s][info][gc] GC(1335) Pause Young (Allocation Failure) 342M->210M(494M) 27,177ms
[2020-11-04T20:45:06.698+0300][98,452s][info][gc] GC(1336) Pause Young (Allocation Failure) 346M->214M(494M) 21,052ms
[2020-11-04T20:45:06.792+0300][98,547s][info][gc] GC(1337) Pause Young (Allocation Failure) 350M->218M(494M) 21,947ms
[2020-11-04T20:45:06.880+0300][98,634s][info][gc] GC(1338) Pause Young (Allocation Failure) 354M->222M(494M) 21,569ms
[2020-11-04T20:45:06.953+0300][98,708s][info][gc] GC(1339) Pause Young (Allocation Failure) 358M->226M(494M) 21,157ms
[2020-11-04T20:45:07.026+0300][98,781s][info][gc] GC(1340) Pause Young (Allocation Failure) 362M->230M(494M) 22,125ms
[2020-11-04T20:45:07.101+0300][98,856s][info][gc] GC(1341) Pause Young (Allocation Failure) 366M->234M(494M) 21,077ms
[2020-11-04T20:45:07.180+0300][98,934s][info][gc] GC(1342) Pause Young (Allocation Failure) 370M->238M(494M) 21,239ms
[2020-11-04T20:45:07.252+0300][99,007s][info][gc] GC(1343) Pause Young (Allocation Failure) 374M->242M(494M) 20,795ms
[2020-11-04T20:45:07.322+0300][99,077s][info][gc] GC(1344) Pause Young (Allocation Failure) 378M->246M(494M) 20,622ms
[2020-11-04T20:45:07.394+0300][99,148s][info][gc] GC(1345) Pause Young (Allocation Failure) 382M->250M(494M) 21,562ms
[2020-11-04T20:45:07.477+0300][99,232s][info][gc] GC(1346) Pause Young (Allocation Failure) 386M->258M(494M) 23,334ms
[2020-11-04T20:45:07.551+0300][99,306s][info][gc] GC(1347) Pause Young (Allocation Failure) 394M->262M(494M) 23,908ms
[2020-11-04T20:45:07.620+0300][99,374s][info][gc] GC(1348) Pause Young (Allocation Failure) 398M->266M(494M) 19,304ms
[2020-11-04T20:45:07.688+0300][99,443s][info][gc] GC(1349) Pause Young (Allocation Failure) 402M->270M(494M) 18,917ms
[2020-11-04T20:45:07.760+0300][99,515s][info][gc] GC(1350) Pause Young (Allocation Failure) 406M->274M(494M) 22,352ms
[2020-11-04T20:45:07.832+0300][99,587s][info][gc] GC(1351) Pause Young (Allocation Failure) 410M->278M(494M) 22,460ms
[2020-11-04T20:45:07.902+0300][99,657s][info][gc] GC(1352) Pause Young (Allocation Failure) 414M->282M(494M) 20,407ms
[2020-11-04T20:45:07.974+0300][99,729s][info][gc] GC(1353) Pause Young (Allocation Failure) 418M->286M(494M) 22,442ms
[2020-11-04T20:45:08.044+0300][99,799s][info][gc] GC(1354) Pause Young (Allocation Failure) 422M->290M(494M) 20,732ms
[2020-11-04T20:45:08.116+0300][99,871s][info][gc] GC(1355) Pause Young (Allocation Failure) 426M->294M(494M) 20,443ms
[2020-11-04T20:45:08.191+0300][99,945s][info][gc] GC(1356) Pause Young (Allocation Failure) 430M->298M(494M) 22,708ms
[2020-11-04T20:45:08.264+0300][100,019s][info][gc] GC(1357) Pause Young (Allocation Failure) 434M->302M(494M) 22,364ms
[2020-11-04T20:45:08.339+0300][100,093s][info][gc] GC(1358) Pause Young (Allocation Failure) 438M->306M(494M) 22,798ms
[2020-11-04T20:45:08.415+0300][100,169s][info][gc] GC(1359) Pause Young (Allocation Failure) 442M->310M(494M) 23,375ms
[2020-11-04T20:45:08.489+0300][100,243s][info][gc] GC(1360) Pause Young (Allocation Failure) 446M->314M(494M) 22,635ms
[2020-11-04T20:45:08.562+0300][100,316s][info][gc] GC(1361) Pause Young (Allocation Failure) 450M->318M(494M) 22,523ms
[2020-11-04T20:45:08.635+0300][100,389s][info][gc] GC(1362) Pause Young (Allocation Failure) 454M->322M(494M) 20,520ms
[2020-11-04T20:45:08.708+0300][100,462s][info][gc] GC(1363) Pause Young (Allocation Failure) 458M->326M(494M) 22,060ms
[2020-11-04T20:45:08.782+0300][100,536s][info][gc] GC(1364) Pause Young (Allocation Failure) 462M->330M(494M) 22,155ms
[2020-11-04T20:45:08.854+0300][100,608s][info][gc] GC(1365) Pause Young (Allocation Failure) 466M->334M(494M) 20,506ms
[2020-11-04T20:45:08.925+0300][100,680s][info][gc] GC(1366) Pause Young (Allocation Failure) 470M->338M(494M) 20,763ms
[2020-11-04T20:45:08.998+0300][100,752s][info][gc] GC(1367) Pause Young (Allocation Failure) 474M->342M(494M) 21,874ms
[2020-11-04T20:45:09.071+0300][100,826s][info][gc] GC(1368) Pause Young (Allocation Failure) 478M->346M(494M) 22,648ms
[2020-11-04T20:45:09.146+0300][100,900s][info][gc] GC(1369) Pause Young (Allocation Failure) 482M->350M(494M) 22,589ms
[2020-11-04T20:45:09.196+0300][100,950s][info][gc] GC(1370) Pause Young (Allocation Failure) 486M->486M(494M) 0,073ms
[2020-11-04T20:45:09.444+0300][101,199s][info][gc] GC(1371) Pause Full (Allocation Failure) 486M->251M(494M) 248,198ms
[2020-11-04T20:45:09.520+0300][101,275s][info][gc] GC(1372) Pause Young (Allocation Failure) 388M->259M(494M) 13,005ms
[2020-11-04T20:45:09.587+0300][101,341s][info][gc] GC(1373) Pause Young (Allocation Failure) 396M->263M(494M) 17,150ms
[2020-11-04T20:45:09.657+0300][101,411s][info][gc] GC(1374) Pause Young (Allocation Failure) 400M->267M(494M) 20,410ms
[2020-11-04T20:45:09.724+0300][101,479s][info][gc] GC(1375) Pause Young (Allocation Failure) 404M->271M(494M) 17,593ms
[2020-11-04T20:45:09.796+0300][101,551s][info][gc] GC(1376) Pause Young (Allocation Failure) 408M->275M(494M) 22,430ms
[2020-11-04T20:45:09.868+0300][101,623s][info][gc] GC(1377) Pause Young (Allocation Failure) 412M->279M(494M) 22,127ms
[2020-11-04T20:45:09.941+0300][101,695s][info][gc] GC(1378) Pause Young (Allocation Failure) 416M->283M(494M) 22,998ms
[2020-11-04T20:45:10.011+0300][101,765s][info][gc] GC(1379) Pause Young (Allocation Failure) 420M->287M(494M) 20,614ms
[2020-11-04T20:45:10.083+0300][101,837s][info][gc] GC(1380) Pause Young (Allocation Failure) 424M->291M(494M) 22,329ms
[2020-11-04T20:45:10.153+0300][101,907s][info][gc] GC(1381) Pause Young (Allocation Failure) 428M->295M(494M) 20,618ms
[2020-11-04T20:45:10.223+0300][101,978s][info][gc] GC(1382) Pause Young (Allocation Failure) 432M->299M(494M) 20,691ms
[2020-11-04T20:45:10.295+0300][102,049s][info][gc] GC(1383) Pause Young (Allocation Failure) 436M->303M(494M) 22,003ms
[2020-11-04T20:45:10.367+0300][102,121s][info][gc] GC(1384) Pause Young (Allocation Failure) 440M->307M(494M) 22,587ms
[2020-11-04T20:45:10.438+0300][102,193s][info][gc] GC(1385) Pause Young (Allocation Failure) 444M->311M(494M) 21,729ms
[2020-11-04T20:45:10.512+0300][102,267s][info][gc] GC(1386) Pause Young (Allocation Failure) 448M->315M(494M) 22,515ms
[2020-11-04T20:45:10.584+0300][102,338s][info][gc] GC(1387) Pause Young (Allocation Failure) 452M->319M(494M) 21,996ms
[2020-11-04T20:45:10.657+0300][102,411s][info][gc] GC(1388) Pause Young (Allocation Failure) 456M->323M(494M) 22,108ms
[2020-11-04T20:45:10.727+0300][102,481s][info][gc] GC(1389) Pause Young (Allocation Failure) 460M->327M(494M) 20,579ms
[2020-11-04T20:45:10.799+0300][102,553s][info][gc] GC(1390) Pause Young (Allocation Failure) 464M->331M(494M) 22,703ms
[2020-11-04T20:45:10.871+0300][102,625s][info][gc] GC(1391) Pause Young (Allocation Failure) 468M->335M(494M) 22,602ms
[2020-11-04T20:45:10.943+0300][102,697s][info][gc] GC(1392) Pause Young (Allocation Failure) 472M->339M(494M) 22,530ms
[2020-11-04T20:45:11.013+0300][102,768s][info][gc] GC(1393) Pause Young (Allocation Failure) 476M->343M(494M) 20,701ms
[2020-11-04T20:45:11.085+0300][102,840s][info][gc] GC(1394) Pause Young (Allocation Failure) 480M->347M(494M) 22,400ms
[2020-11-04T20:45:11.156+0300][102,910s][info][gc] GC(1395) Pause Young (Allocation Failure) 484M->351M(494M) 20,886ms
[2020-11-04T20:45:11.205+0300][102,960s][info][gc] GC(1396) Pause Young (Allocation Failure) 488M->488M(494M) 0,049ms
[2020-11-04T20:45:11.460+0300][103,215s][info][gc] GC(1397) Pause Full (Allocation Failure) 488M->235M(494M) 254,677ms
[2020-11-04T20:45:11.535+0300][103,290s][info][gc] GC(1398) Pause Young (Allocation Failure) 372M->243M(494M) 13,858ms
[2020-11-04T20:45:11.605+0300][103,359s][info][gc] GC(1399) Pause Young (Allocation Failure) 379M->247M(494M) 17,931ms
[2020-11-04T20:45:11.676+0300][103,430s][info][gc] GC(1400) Pause Young (Allocation Failure) 383M->251M(494M) 21,417ms
[2020-11-04T20:45:11.745+0300][103,499s][info][gc] GC(1401) Pause Young (Allocation Failure) 387M->255M(494M) 19,392ms
[2020-11-04T20:45:11.817+0300][103,572s][info][gc] GC(1402) Pause Young (Allocation Failure) 391M->259M(494M) 23,011ms
[2020-11-04T20:45:11.889+0300][103,644s][info][gc] GC(1403) Pause Young (Allocation Failure) 395M->263M(494M) 22,045ms
[2020-11-04T20:45:11.962+0300][103,716s][info][gc] GC(1404) Pause Young (Allocation Failure) 399M->267M(494M) 22,648ms
[2020-11-04T20:45:12.032+0300][103,786s][info][gc] GC(1405) Pause Young (Allocation Failure) 403M->271M(494M) 20,637ms
[2020-11-04T20:45:12.103+0300][103,857s][info][gc] GC(1406) Pause Young (Allocation Failure) 407M->275M(494M) 20,795ms
[2020-11-04T20:45:12.175+0300][103,929s][info][gc] GC(1407) Pause Young (Allocation Failure) 411M->279M(494M) 22,604ms
[2020-11-04T20:45:12.246+0300][104,000s][info][gc] GC(1408) Pause Young (Allocation Failure) 415M->283M(494M) 20,791ms
[2020-11-04T20:45:12.316+0300][104,070s][info][gc] GC(1409) Pause Young (Allocation Failure) 419M->287M(494M) 20,635ms
[2020-11-04T20:45:12.388+0300][104,142s][info][gc] GC(1410) Pause Young (Allocation Failure) 424M->291M(494M) 22,270ms
[2020-11-04T20:45:12.461+0300][104,216s][info][gc] GC(1411) Pause Young (Allocation Failure) 428M->295M(494M) 23,765ms
[2020-11-04T20:45:12.532+0300][104,287s][info][gc] GC(1412) Pause Young (Allocation Failure) 432M->299M(494M) 20,995ms
[2020-11-04T20:45:12.606+0300][104,361s][info][gc] GC(1413) Pause Young (Allocation Failure) 436M->303M(494M) 22,164ms
[2020-11-04T20:45:12.678+0300][104,433s][info][gc] GC(1414) Pause Young (Allocation Failure) 440M->307M(494M) 22,328ms
[2020-11-04T20:45:12.750+0300][104,505s][info][gc] GC(1415) Pause Young (Allocation Failure) 444M->311M(494M) 22,146ms
[2020-11-04T20:45:12.823+0300][104,577s][info][gc] GC(1416) Pause Young (Allocation Failure) 448M->315M(494M) 22,423ms
[2020-11-04T20:45:12.893+0300][104,647s][info][gc] GC(1417) Pause Young (Allocation Failure) 452M->319M(494M) 20,593ms
[2020-11-04T20:45:12.964+0300][104,719s][info][gc] GC(1418) Pause Young (Allocation Failure) 456M->323M(494M) 22,066ms
[2020-11-04T20:45:13.035+0300][104,789s][info][gc] GC(1419) Pause Young (Allocation Failure) 460M->327M(494M) 20,818ms
[2020-11-04T20:45:13.105+0300][104,860s][info][gc] GC(1420) Pause Young (Allocation Failure) 464M->331M(494M) 20,703ms
[2020-11-04T20:45:13.177+0300][104,931s][info][gc] GC(1421) Pause Young (Allocation Failure) 468M->335M(494M) 22,116ms
[2020-11-04T20:45:13.247+0300][105,002s][info][gc] GC(1422) Pause Young (Allocation Failure) 472M->339M(494M) 20,760ms
[2020-11-04T20:45:13.317+0300][105,072s][info][gc] GC(1423) Pause Young (Allocation Failure) 476M->343M(494M) 20,467ms
[2020-11-04T20:45:13.403+0300][105,157s][info][gc] GC(1424) Pause Young (Allocation Failure) 480M->351M(494M) 23,687ms
[2020-11-04T20:45:13.499+0300][105,253s][info][gc] GC(1425) Pause Young (Allocation Failure) 487M->489M(494M) 46,854ms
[2020-11-04T20:45:13.651+0300][105,406s][info][gc] GC(1426) Pause Full (Allocation Failure) 489M->164M(494M) 152,197ms
[2020-11-04T20:45:13.714+0300][105,469s][info][gc] GC(1427) Pause Young (Allocation Failure) 301M->168M(494M) 11,696ms
[2020-11-04T20:45:13.778+0300][105,533s][info][gc] GC(1428) Pause Young (Allocation Failure) 305M->172M(494M) 14,584ms
[2020-11-04T20:45:13.847+0300][105,601s][info][gc] GC(1429) Pause Young (Allocation Failure) 309M->176M(494M) 18,533ms
[2020-11-04T20:45:13.917+0300][105,672s][info][gc] GC(1430) Pause Young (Allocation Failure) 313M->180M(494M) 20,882ms
[2020-11-04T20:45:13.989+0300][105,744s][info][gc] GC(1431) Pause Young (Allocation Failure) 317M->184M(494M) 22,380ms
[2020-11-04T20:45:14.061+0300][105,815s][info][gc] GC(1432) Pause Young (Allocation Failure) 321M->188M(494M) 22,377ms
[2020-11-04T20:45:14.131+0300][105,886s][info][gc] GC(1433) Pause Young (Allocation Failure) 325M->192M(494M) 20,882ms
[2020-11-04T20:45:14.202+0300][105,956s][info][gc] GC(1434) Pause Young (Allocation Failure) 329M->196M(494M) 20,656ms
[2020-11-04T20:45:14.274+0300][106,028s][info][gc] GC(1435) Pause Young (Allocation Failure) 333M->200M(494M) 22,574ms
[2020-11-04T20:45:14.346+0300][106,101s][info][gc] GC(1436) Pause Young (Allocation Failure) 337M->204M(494M) 22,726ms
[2020-11-04T20:45:14.418+0300][106,173s][info][gc] GC(1437) Pause Young (Allocation Failure) 341M->208M(494M) 22,188ms
[2020-11-04T20:45:14.491+0300][106,246s][info][gc] GC(1438) Pause Young (Allocation Failure) 345M->212M(494M) 22,432ms
[2020-11-04T20:45:14.564+0300][106,318s][info][gc] GC(1439) Pause Young (Allocation Failure) 349M->216M(494M) 22,696ms
[2020-11-04T20:45:14.634+0300][106,388s][info][gc] GC(1440) Pause Young (Allocation Failure) 353M->220M(494M) 20,676ms
[2020-11-04T20:45:14.708+0300][106,462s][info][gc] GC(1441) Pause Young (Allocation Failure) 357M->225M(494M) 21,929ms
[2020-11-04T20:45:14.780+0300][106,535s][info][gc] GC(1442) Pause Young (Allocation Failure) 361M->229M(494M) 22,458ms
[2020-11-04T20:45:14.850+0300][106,605s][info][gc] GC(1443) Pause Young (Allocation Failure) 365M->233M(494M) 20,483ms
[2020-11-04T20:45:14.921+0300][106,675s][info][gc] GC(1444) Pause Young (Allocation Failure) 369M->237M(494M) 20,558ms
[2020-11-04T20:45:14.992+0300][106,747s][info][gc] GC(1445) Pause Young (Allocation Failure) 373M->241M(494M) 21,910ms
[2020-11-04T20:45:15.064+0300][106,819s][info][gc] GC(1446) Pause Young (Allocation Failure) 377M->245M(494M) 22,414ms
[2020-11-04T20:45:15.135+0300][106,890s][info][gc] GC(1447) Pause Young (Allocation Failure) 381M->249M(494M) 21,961ms
[2020-11-04T20:45:15.206+0300][106,961s][info][gc] GC(1448) Pause Young (Allocation Failure) 385M->253M(494M) 20,881ms
[2020-11-04T20:45:15.278+0300][107,033s][info][gc] GC(1449) Pause Young (Allocation Failure) 389M->257M(494M) 22,697ms
[2020-11-04T20:45:15.363+0300][107,117s][info][gc] GC(1450) Pause Young (Allocation Failure) 393M->264M(494M) 23,515ms
[2020-11-04T20:45:15.435+0300][107,189s][info][gc] GC(1451) Pause Young (Allocation Failure) 401M->268M(494M) 22,165ms
[2020-11-04T20:45:15.504+0300][107,259s][info][gc] GC(1452) Pause Young (Allocation Failure) 405M->272M(494M) 19,712ms
[2020-11-04T20:45:15.573+0300][107,328s][info][gc] GC(1453) Pause Young (Allocation Failure) 409M->276M(494M) 19,641ms
[2020-11-04T20:45:15.644+0300][107,399s][info][gc] GC(1454) Pause Young (Allocation Failure) 413M->280M(494M) 20,940ms
[2020-11-04T20:45:15.714+0300][107,469s][info][gc] GC(1455) Pause Young (Allocation Failure) 417M->284M(494M) 20,460ms
[2020-11-04T20:45:15.785+0300][107,539s][info][gc] GC(1456) Pause Young (Allocation Failure) 421M->288M(494M) 20,704ms
[2020-11-04T20:45:15.856+0300][107,611s][info][gc] GC(1457) Pause Young (Allocation Failure) 425M->292M(494M) 22,118ms
[2020-11-04T20:45:15.926+0300][107,681s][info][gc] GC(1458) Pause Young (Allocation Failure) 429M->296M(494M) 20,555ms
[2020-11-04T20:45:15.998+0300][107,752s][info][gc] GC(1459) Pause Young (Allocation Failure) 433M->300M(494M) 21,679ms
[2020-11-04T20:45:16.070+0300][107,824s][info][gc] GC(1460) Pause Young (Allocation Failure) 437M->304M(494M) 22,498ms
[2020-11-04T20:45:16.142+0300][107,896s][info][gc] GC(1461) Pause Young (Allocation Failure) 441M->308M(494M) 22,402ms
[2020-11-04T20:45:16.212+0300][107,967s][info][gc] GC(1462) Pause Young (Allocation Failure) 445M->312M(494M) 20,692ms
[2020-11-04T20:45:16.284+0300][108,038s][info][gc] GC(1463) Pause Young (Allocation Failure) 449M->316M(494M) 21,675ms
[2020-11-04T20:45:16.354+0300][108,108s][info][gc] GC(1464) Pause Young (Allocation Failure) 453M->320M(494M) 20,360ms
[2020-11-04T20:45:16.426+0300][108,180s][info][gc] GC(1465) Pause Young (Allocation Failure) 457M->324M(494M) 22,568ms
[2020-11-04T20:45:16.498+0300][108,253s][info][gc] GC(1466) Pause Young (Allocation Failure) 461M->328M(494M) 22,788ms
[2020-11-04T20:45:16.571+0300][108,326s][info][gc] GC(1467) Pause Young (Allocation Failure) 465M->332M(494M) 22,884ms
[2020-11-04T20:45:16.641+0300][108,396s][info][gc] GC(1468) Pause Young (Allocation Failure) 469M->336M(494M) 20,418ms
[2020-11-04T20:45:16.714+0300][108,468s][info][gc] GC(1469) Pause Young (Allocation Failure) 473M->340M(494M) 22,969ms
[2020-11-04T20:45:16.784+0300][108,538s][info][gc] GC(1470) Pause Young (Allocation Failure) 477M->344M(494M) 20,344ms
[2020-11-04T20:45:16.855+0300][108,609s][info][gc] GC(1471) Pause Young (Allocation Failure) 481M->348M(494M) 21,623ms
[2020-11-04T20:45:16.905+0300][108,659s][info][gc] GC(1472) Pause Young (Allocation Failure) 485M->485M(494M) 0,048ms
[2020-11-04T20:45:17.146+0300][108,900s][info][gc] GC(1473) Pause Full (Allocation Failure) 485M->250M(494M) 241,160ms
[2020-11-04T20:45:17.207+0300][108,962s][info][gc] GC(1474) Pause Young (Allocation Failure) 386M->254M(494M) 11,643ms
[2020-11-04T20:45:17.273+0300][109,027s][info][gc] GC(1475) Pause Young (Allocation Failure) 390M->258M(494M) 16,188ms
[2020-11-04T20:45:17.350+0300][109,104s][info][gc] GC(1476) Pause Young (Allocation Failure) 391M->261M(494M) 18,432ms
[2020-11-04T20:45:17.423+0300][109,177s][info][gc] GC(1477) Pause Young (Allocation Failure) 398M->269M(494M) 22,439ms
[2020-11-04T20:45:17.496+0300][109,251s][info][gc] GC(1478) Pause Young (Allocation Failure) 406M->273M(494M) 23,745ms
[2020-11-04T20:45:17.567+0300][109,321s][info][gc] GC(1479) Pause Young (Allocation Failure) 410M->277M(494M) 20,783ms
[2020-11-04T20:45:17.635+0300][109,389s][info][gc] GC(1480) Pause Young (Allocation Failure) 414M->281M(494M) 17,423ms
[2020-11-04T20:45:17.704+0300][109,459s][info][gc] GC(1481) Pause Young (Allocation Failure) 418M->285M(494M) 20,475ms
[2020-11-04T20:45:17.777+0300][109,531s][info][gc] GC(1482) Pause Young (Allocation Failure) 422M->289M(494M) 22,663ms
[2020-11-04T20:45:17.847+0300][109,602s][info][gc] GC(1483) Pause Young (Allocation Failure) 426M->293M(494M) 20,506ms
[2020-11-04T20:45:17.917+0300][109,672s][info][gc] GC(1484) Pause Young (Allocation Failure) 430M->297M(494M) 20,561ms
[2020-11-04T20:45:17.989+0300][109,744s][info][gc] GC(1485) Pause Young (Allocation Failure) 434M->301M(494M) 22,254ms
[2020-11-04T20:45:18.061+0300][109,816s][info][gc] GC(1486) Pause Young (Allocation Failure) 438M->305M(494M) 22,536ms
[2020-11-04T20:45:18.132+0300][109,887s][info][gc] GC(1487) Pause Young (Allocation Failure) 442M->309M(494M) 21,042ms
[2020-11-04T20:45:18.205+0300][109,959s][info][gc] GC(1488) Pause Young (Allocation Failure) 446M->313M(494M) 22,949ms
[2020-11-04T20:45:18.276+0300][110,031s][info][gc] GC(1489) Pause Young (Allocation Failure) 450M->317M(494M) 22,115ms
[2020-11-04T20:45:18.349+0300][110,103s][info][gc] GC(1490) Pause Young (Allocation Failure) 454M->321M(494M) 22,701ms
[2020-11-04T20:45:18.421+0300][110,175s][info][gc] GC(1491) Pause Young (Allocation Failure) 458M->325M(494M) 22,693ms
[2020-11-04T20:45:18.494+0300][110,249s][info][gc] GC(1492) Pause Young (Allocation Failure) 462M->329M(494M) 21,901ms
[2020-11-04T20:45:18.566+0300][110,321s][info][gc] GC(1493) Pause Young (Allocation Failure) 466M->333M(494M) 22,269ms
[2020-11-04T20:45:18.636+0300][110,391s][info][gc] GC(1494) Pause Young (Allocation Failure) 470M->337M(494M) 20,757ms
[2020-11-04T20:45:18.707+0300][110,461s][info][gc] GC(1495) Pause Young (Allocation Failure) 474M->341M(494M) 20,866ms
[2020-11-04T20:45:18.779+0300][110,534s][info][gc] GC(1496) Pause Young (Allocation Failure) 478M->345M(494M) 22,860ms
[2020-11-04T20:45:18.849+0300][110,604s][info][gc] GC(1497) Pause Young (Allocation Failure) 482M->349M(494M) 20,628ms
[2020-11-04T20:45:18.899+0300][110,654s][info][gc] GC(1498) Pause Young (Allocation Failure) 486M->486M(494M) 0,058ms
[2020-11-04T20:45:19.141+0300][110,895s][info][gc] GC(1499) Pause Full (Allocation Failure) 486M->250M(494M) 241,641ms
[2020-11-04T20:45:19.202+0300][110,957s][info][gc] GC(1500) Pause Young (Allocation Failure) 387M->254M(494M) 11,657ms
[2020-11-04T20:45:19.268+0300][111,022s][info][gc] GC(1501) Pause Young (Allocation Failure) 391M->258M(494M) 15,955ms
[2020-11-04T20:45:19.337+0300][111,091s][info][gc] GC(1502) Pause Young (Allocation Failure) 395M->262M(494M) 19,307ms
[2020-11-04T20:45:19.422+0300][111,177s][info][gc] GC(1503) Pause Young (Allocation Failure) 399M->270M(494M) 21,710ms
[2020-11-04T20:45:19.495+0300][111,249s][info][gc] GC(1504) Pause Young (Allocation Failure) 407M->274M(494M) 23,401ms
[2020-11-04T20:45:19.565+0300][111,320s][info][gc] GC(1505) Pause Young (Allocation Failure) 411M->278M(494M) 20,832ms
[2020-11-04T20:45:19.634+0300][111,388s][info][gc] GC(1506) Pause Young (Allocation Failure) 415M->282M(494M) 17,670ms
[2020-11-04T20:45:19.706+0300][111,461s][info][gc] GC(1507) Pause Young (Allocation Failure) 419M->286M(494M) 22,834ms
[2020-11-04T20:45:19.780+0300][111,535s][info][gc] GC(1508) Pause Young (Allocation Failure) 423M->290M(494M) 22,795ms
[2020-11-04T20:45:19.850+0300][111,605s][info][gc] GC(1509) Pause Young (Allocation Failure) 427M->294M(494M) 20,446ms
[2020-11-04T20:45:19.921+0300][111,675s][info][gc] GC(1510) Pause Young (Allocation Failure) 431M->298M(494M) 20,583ms
[2020-11-04T20:45:19.992+0300][111,746s][info][gc] GC(1511) Pause Young (Allocation Failure) 435M->302M(494M) 21,960ms
[2020-11-04T20:45:20.064+0300][111,818s][info][gc] GC(1512) Pause Young (Allocation Failure) 439M->306M(494M) 22,578ms
[2020-11-04T20:45:20.134+0300][111,889s][info][gc] GC(1513) Pause Young (Allocation Failure) 443M->310M(494M) 20,443ms
[2020-11-04T20:45:20.204+0300][111,959s][info][gc] GC(1514) Pause Young (Allocation Failure) 447M->314M(494M) 20,504ms
[2020-11-04T20:45:20.276+0300][112,031s][info][gc] GC(1515) Pause Young (Allocation Failure) 451M->318M(494M) 22,487ms
[2020-11-04T20:45:20.348+0300][112,103s][info][gc] GC(1516) Pause Young (Allocation Failure) 455M->322M(494M) 22,628ms
[2020-11-04T20:45:20.418+0300][112,172s][info][gc] GC(1517) Pause Young (Allocation Failure) 459M->326M(494M) 20,450ms
[2020-11-04T20:45:20.490+0300][112,245s][info][gc] GC(1518) Pause Young (Allocation Failure) 463M->330M(494M) 22,928ms
[2020-11-04T20:45:20.563+0300][112,317s][info][gc] GC(1519) Pause Young (Allocation Failure) 467M->334M(494M) 22,465ms
[2020-11-04T20:45:20.634+0300][112,389s][info][gc] GC(1520) Pause Young (Allocation Failure) 471M->338M(494M) 22,048ms
[2020-11-04T20:45:20.706+0300][112,461s][info][gc] GC(1521) Pause Young (Allocation Failure) 475M->342M(494M) 22,257ms
[2020-11-04T20:45:20.778+0300][112,533s][info][gc] GC(1522) Pause Young (Allocation Failure) 479M->346M(494M) 22,988ms
[2020-11-04T20:45:20.849+0300][112,603s][info][gc] GC(1523) Pause Young (Allocation Failure) 483M->350M(494M) 20,629ms
[2020-11-04T20:45:20.900+0300][112,655s][info][gc] GC(1524) Pause Young (Allocation Failure) 487M->487M(494M) 0,048ms
[2020-11-04T20:45:21.145+0300][112,899s][info][gc] GC(1525) Pause Full (Allocation Failure) 487M->236M(494M) 244,080ms
[2020-11-04T20:45:21.206+0300][112,960s][info][gc] GC(1526) Pause Young (Allocation Failure) 372M->240M(494M) 11,637ms
[2020-11-04T20:45:21.272+0300][113,026s][info][gc] GC(1527) Pause Young (Allocation Failure) 376M->244M(494M) 16,165ms
[2020-11-04T20:45:21.341+0300][113,095s][info][gc] GC(1528) Pause Young (Allocation Failure) 380M->248M(494M) 19,184ms
[2020-11-04T20:45:21.425+0300][113,180s][info][gc] GC(1529) Pause Young (Allocation Failure) 384M->256M(494M) 21,951ms
[2020-11-04T20:45:21.497+0300][113,252s][info][gc] GC(1530) Pause Young (Allocation Failure) 392M->260M(494M) 22,233ms
[2020-11-04T20:45:21.570+0300][113,325s][info][gc] GC(1531) Pause Young (Allocation Failure) 396M->264M(494M) 21,084ms
[2020-11-04T20:45:21.640+0300][113,394s][info][gc] GC(1532) Pause Young (Allocation Failure) 400M->268M(494M) 17,643ms
[2020-11-04T20:45:21.710+0300][113,464s][info][gc] GC(1533) Pause Young (Allocation Failure) 404M->272M(494M) 20,345ms
[2020-11-04T20:45:21.782+0300][113,537s][info][gc] GC(1534) Pause Young (Allocation Failure) 408M->276M(494M) 22,939ms
[2020-11-04T20:45:21.853+0300][113,607s][info][gc] GC(1535) Pause Young (Allocation Failure) 412M->280M(494M) 20,612ms
[2020-11-04T20:45:21.923+0300][113,677s][info][gc] GC(1536) Pause Young (Allocation Failure) 416M->284M(494M) 20,556ms
[2020-11-04T20:45:21.995+0300][113,749s][info][gc] GC(1537) Pause Young (Allocation Failure) 420M->288M(494M) 22,035ms
[2020-11-04T20:45:22.067+0300][113,821s][info][gc] GC(1538) Pause Young (Allocation Failure) 424M->292M(494M) 22,699ms
[2020-11-04T20:45:22.138+0300][113,893s][info][gc] GC(1539) Pause Young (Allocation Failure) 428M->296M(494M) 21,663ms
[2020-11-04T20:45:22.208+0300][113,963s][info][gc] GC(1540) Pause Young (Allocation Failure) 432M->300M(494M) 20,749ms
[2020-11-04T20:45:22.281+0300][114,035s][info][gc] GC(1541) Pause Young (Allocation Failure) 436M->304M(494M) 22,643ms
[2020-11-04T20:45:22.351+0300][114,105s][info][gc] GC(1542) Pause Young (Allocation Failure) 440M->308M(494M) 20,651ms
[2020-11-04T20:45:22.423+0300][114,178s][info][gc] GC(1543) Pause Young (Allocation Failure) 444M->312M(494M) 22,380ms
[2020-11-04T20:45:22.495+0300][114,250s][info][gc] GC(1544) Pause Young (Allocation Failure) 448M->316M(494M) 22,861ms
[2020-11-04T20:45:22.567+0300][114,322s][info][gc] GC(1545) Pause Young (Allocation Failure) 452M->320M(494M) 22,203ms
[2020-11-04T20:45:22.638+0300][114,392s][info][gc] GC(1546) Pause Young (Allocation Failure) 456M->324M(494M) 20,573ms
[2020-11-04T20:45:22.707+0300][114,462s][info][gc] GC(1547) Pause Young (Allocation Failure) 460M->328M(494M) 20,496ms
[2020-11-04T20:45:22.779+0300][114,534s][info][gc] GC(1548) Pause Young (Allocation Failure) 464M->332M(494M) 22,275ms
[2020-11-04T20:45:22.851+0300][114,606s][info][gc] GC(1549) Pause Young (Allocation Failure) 468M->336M(494M) 20,509ms
[2020-11-04T20:45:22.924+0300][114,679s][info][gc] GC(1550) Pause Young (Allocation Failure) 472M->340M(494M) 20,758ms
[2020-11-04T20:45:22.996+0300][114,750s][info][gc] GC(1551) Pause Young (Allocation Failure) 476M->344M(494M) 22,013ms
[2020-11-04T20:45:23.067+0300][114,822s][info][gc] GC(1552) Pause Young (Allocation Failure) 480M->348M(494M) 22,114ms
[2020-11-04T20:45:23.139+0300][114,894s][info][gc] GC(1553) Pause Young (Allocation Failure) 484M->352M(494M) 22,012ms
[2020-11-04T20:45:23.189+0300][114,943s][info][gc] GC(1554) Pause Young (Allocation Failure) 488M->488M(494M) 0,048ms
[2020-11-04T20:45:23.446+0300][115,201s][info][gc] GC(1555) Pause Full (Allocation Failure) 488M->269M(494M) 257,237ms
[2020-11-04T20:45:23.522+0300][115,277s][info][gc] GC(1556) Pause Young (Allocation Failure) 405M->276M(494M) 12,618ms
[2020-11-04T20:45:23.589+0300][115,343s][info][gc] GC(1557) Pause Young (Allocation Failure) 413M->280M(494M) 17,154ms
[2020-11-04T20:45:23.661+0300][115,416s][info][gc] GC(1558) Pause Young (Allocation Failure) 417M->284M(494M) 21,108ms
[2020-11-04T20:45:23.729+0300][115,483s][info][gc] GC(1559) Pause Young (Allocation Failure) 421M->288M(494M) 17,670ms
[2020-11-04T20:45:23.799+0300][115,554s][info][gc] GC(1560) Pause Young (Allocation Failure) 425M->292M(494M) 21,036ms
[2020-11-04T20:45:23.873+0300][115,628s][info][gc] GC(1561) Pause Young (Allocation Failure) 429M->296M(494M) 22,305ms
[2020-11-04T20:45:23.945+0300][115,700s][info][gc] GC(1562) Pause Young (Allocation Failure) 433M->300M(494M) 22,485ms
[2020-11-04T20:45:24.016+0300][115,770s][info][gc] GC(1563) Pause Young (Allocation Failure) 437M->304M(494M) 20,838ms
[2020-11-04T20:45:24.088+0300][115,842s][info][gc] GC(1564) Pause Young (Allocation Failure) 441M->308M(494M) 22,535ms
[2020-11-04T20:45:24.159+0300][115,914s][info][gc] GC(1565) Pause Young (Allocation Failure) 445M->312M(494M) 21,857ms
[2020-11-04T20:45:24.230+0300][115,984s][info][gc] GC(1566) Pause Young (Allocation Failure) 449M->316M(494M) 20,839ms
[2020-11-04T20:45:24.300+0300][116,054s][info][gc] GC(1567) Pause Young (Allocation Failure) 453M->320M(494M) 20,487ms
[2020-11-04T20:45:24.371+0300][116,126s][info][gc] GC(1568) Pause Young (Allocation Failure) 457M->324M(494M) 22,114ms
[2020-11-04T20:45:24.445+0300][116,200s][info][gc] GC(1569) Pause Young (Allocation Failure) 461M->328M(494M) 22,747ms
[2020-11-04T20:45:24.518+0300][116,273s][info][gc] GC(1570) Pause Young (Allocation Failure) 465M->332M(494M) 22,820ms
[2020-11-04T20:45:24.590+0300][116,345s][info][gc] GC(1571) Pause Young (Allocation Failure) 469M->336M(494M) 22,545ms
[2020-11-04T20:45:24.663+0300][116,417s][info][gc] GC(1572) Pause Young (Allocation Failure) 473M->340M(494M) 22,501ms
[2020-11-04T20:45:24.734+0300][116,489s][info][gc] GC(1573) Pause Young (Allocation Failure) 477M->344M(494M) 22,284ms
[2020-11-04T20:45:24.806+0300][116,561s][info][gc] GC(1574) Pause Young (Allocation Failure) 481M->348M(494M) 22,240ms
[2020-11-04T20:45:24.856+0300][116,611s][info][gc] GC(1575) Pause Young (Allocation Failure) 485M->485M(494M) 0,058ms
[2020-11-04T20:45:25.094+0300][116,849s][info][gc] GC(1576) Pause Full (Allocation Failure) 485M->249M(494M) 238,108ms
[2020-11-04T20:45:25.158+0300][116,913s][info][gc] GC(1577) Pause Young (Allocation Failure) 386M->253M(494M) 12,716ms
[2020-11-04T20:45:25.222+0300][116,977s][info][gc] GC(1578) Pause Young (Allocation Failure) 390M->257M(494M) 14,349ms
[2020-11-04T20:45:25.292+0300][117,046s][info][gc] GC(1579) Pause Young (Allocation Failure) 394M->261M(494M) 19,982ms
[2020-11-04T20:45:25.364+0300][117,118s][info][gc] GC(1580) Pause Young (Allocation Failure) 398M->265M(494M) 22,682ms
[2020-11-04T20:45:25.434+0300][117,188s][info][gc] GC(1581) Pause Young (Allocation Failure) 402M->269M(494M) 20,684ms
[2020-11-04T20:45:25.518+0300][117,273s][info][gc] GC(1582) Pause Young (Allocation Failure) 406M->277M(494M) 21,755ms
[2020-11-04T20:45:25.592+0300][117,346s][info][gc] GC(1583) Pause Young (Allocation Failure) 414M->281M(494M) 23,871ms
[2020-11-04T20:45:25.662+0300][117,417s][info][gc] GC(1584) Pause Young (Allocation Failure) 418M->285M(494M) 20,752ms
[2020-11-04T20:45:25.729+0300][117,484s][info][gc] GC(1585) Pause Young (Allocation Failure) 422M->289M(494M) 17,669ms
[2020-11-04T20:45:25.801+0300][117,556s][info][gc] GC(1586) Pause Young (Allocation Failure) 426M->293M(494M) 22,158ms
[2020-11-04T20:45:25.873+0300][117,627s][info][gc] GC(1587) Pause Young (Allocation Failure) 430M->297M(494M) 22,280ms
[2020-11-04T20:45:25.947+0300][117,701s][info][gc] GC(1588) Pause Young (Allocation Failure) 434M->301M(494M) 22,586ms
[2020-11-04T20:45:26.019+0300][117,773s][info][gc] GC(1589) Pause Young (Allocation Failure) 438M->305M(494M) 22,564ms
[2020-11-04T20:45:26.091+0300][117,846s][info][gc] GC(1590) Pause Young (Allocation Failure) 442M->309M(494M) 22,596ms
[2020-11-04T20:45:26.164+0300][117,918s][info][gc] GC(1591) Pause Young (Allocation Failure) 446M->313M(494M) 22,785ms
[2020-11-04T20:45:26.234+0300][117,989s][info][gc] GC(1592) Pause Young (Allocation Failure) 450M->317M(494M) 20,863ms
[2020-11-04T20:45:26.306+0300][118,060s][info][gc] GC(1593) Pause Young (Allocation Failure) 454M->321M(494M) 21,726ms
[2020-11-04T20:45:26.378+0300][118,133s][info][gc] GC(1594) Pause Young (Allocation Failure) 458M->325M(494M) 22,984ms
[2020-11-04T20:45:26.451+0300][118,205s][info][gc] GC(1595) Pause Young (Allocation Failure) 462M->329M(494M) 23,006ms
[2020-11-04T20:45:26.523+0300][118,278s][info][gc] GC(1596) Pause Young (Allocation Failure) 466M->333M(494M) 23,130ms
[2020-11-04T20:45:26.596+0300][118,350s][info][gc] GC(1597) Pause Young (Allocation Failure) 470M->337M(494M) 22,764ms
[2020-11-04T20:45:26.668+0300][118,423s][info][gc] GC(1598) Pause Young (Allocation Failure) 474M->341M(494M) 22,506ms
[2020-11-04T20:45:26.742+0300][118,497s][info][gc] GC(1599) Pause Young (Allocation Failure) 478M->345M(494M) 22,309ms
[2020-11-04T20:45:26.814+0300][118,569s][info][gc] GC(1600) Pause Young (Allocation Failure) 482M->349M(494M) 22,198ms
[2020-11-04T20:45:26.864+0300][118,618s][info][gc] GC(1601) Pause Young (Allocation Failure) 486M->486M(494M) 0,059ms
[2020-11-04T20:45:27.100+0300][118,855s][info][gc] GC(1602) Pause Full (Allocation Failure) 486M->250M(494M) 236,463ms
[2020-11-04T20:45:27.164+0300][118,919s][info][gc] GC(1603) Pause Young (Allocation Failure) 387M->254M(494M) 12,669ms
[2020-11-04T20:45:27.227+0300][118,982s][info][gc] GC(1604) Pause Young (Allocation Failure) 391M->258M(494M) 14,353ms
[2020-11-04T20:45:27.296+0300][119,051s][info][gc] GC(1605) Pause Young (Allocation Failure) 395M->262M(494M) 19,481ms
[2020-11-04T20:45:27.368+0300][119,123s][info][gc] GC(1606) Pause Young (Allocation Failure) 399M->266M(494M) 22,180ms
[2020-11-04T20:45:27.441+0300][119,195s][info][gc] GC(1607) Pause Young (Allocation Failure) 403M->270M(494M) 20,561ms
[2020-11-04T20:45:27.523+0300][119,278s][info][gc] GC(1608) Pause Young (Allocation Failure) 407M->278M(494M) 22,199ms
[2020-11-04T20:45:27.600+0300][119,355s][info][gc] GC(1609) Pause Young (Allocation Failure) 415M->282M(494M) 22,923ms
[2020-11-04T20:45:27.676+0300][119,431s][info][gc] GC(1610) Pause Young (Allocation Failure) 419M->286M(494M) 20,220ms
[2020-11-04T20:45:27.747+0300][119,502s][info][gc] GC(1611) Pause Young (Allocation Failure) 423M->290M(494M) 19,382ms
[2020-11-04T20:45:27.835+0300][119,590s][info][gc] GC(1612) Pause Young (Allocation Failure) 427M->294M(494M) 22,355ms
[2020-11-04T20:45:27.907+0300][119,661s][info][gc] GC(1613) Pause Young (Allocation Failure) 431M->298M(494M) 20,188ms
[2020-11-04T20:45:27.981+0300][119,736s][info][gc] GC(1614) Pause Young (Allocation Failure) 435M->302M(494M) 20,944ms
[2020-11-04T20:45:28.052+0300][119,807s][info][gc] GC(1615) Pause Young (Allocation Failure) 439M->306M(494M) 20,838ms
[2020-11-04T20:45:28.122+0300][119,877s][info][gc] GC(1616) Pause Young (Allocation Failure) 443M->310M(494M) 20,647ms
[2020-11-04T20:45:28.194+0300][119,949s][info][gc] GC(1617) Pause Young (Allocation Failure) 447M->314M(494M) 22,619ms
[2020-11-04T20:45:28.265+0300][120,019s][info][gc] GC(1618) Pause Young (Allocation Failure) 451M->318M(494M) 20,744ms
[2020-11-04T20:45:28.335+0300][120,089s][info][gc] GC(1619) Pause Young (Allocation Failure) 455M->322M(494M) 20,644ms
[2020-11-04T20:45:28.407+0300][120,162s][info][gc] GC(1620) Pause Young (Allocation Failure) 459M->326M(494M) 20,787ms
[2020-11-04T20:45:28.477+0300][120,232s][info][gc] GC(1621) Pause Young (Allocation Failure) 463M->330M(494M) 20,704ms
[2020-11-04T20:45:28.550+0300][120,304s][info][gc] GC(1622) Pause Young (Allocation Failure) 467M->334M(494M) 22,513ms
[2020-11-04T20:45:28.621+0300][120,376s][info][gc] GC(1623) Pause Young (Allocation Failure) 471M->338M(494M) 22,191ms
[2020-11-04T20:45:28.693+0300][120,447s][info][gc] GC(1624) Pause Young (Allocation Failure) 475M->342M(494M) 22,229ms
[2020-11-04T20:45:28.763+0300][120,518s][info][gc] GC(1625) Pause Young (Allocation Failure) 479M->346M(494M) 20,903ms
[2020-11-04T20:45:28.833+0300][120,588s][info][gc] GC(1626) Pause Young (Allocation Failure) 483M->350M(494M) 20,674ms
[2020-11-04T20:45:28.884+0300][120,639s][info][gc] GC(1627) Pause Young (Allocation Failure) 487M->487M(494M) 0,051ms
[2020-11-04T20:45:29.135+0300][120,890s][info][gc] GC(1628) Pause Full (Allocation Failure) 487M->236M(494M) 251,002ms
[2020-11-04T20:45:29.200+0300][120,954s][info][gc] GC(1629) Pause Young (Allocation Failure) 372M->240M(494M) 12,883ms
[2020-11-04T20:45:29.264+0300][121,019s][info][gc] GC(1630) Pause Young (Allocation Failure) 376M->244M(494M) 15,958ms
[2020-11-04T20:45:29.333+0300][121,087s][info][gc] GC(1631) Pause Young (Allocation Failure) 380M->248M(494M) 19,211ms
[2020-11-04T20:45:29.407+0300][121,162s][info][gc] GC(1632) Pause Young (Allocation Failure) 384M->252M(494M) 22,491ms
[2020-11-04T20:45:29.477+0300][121,232s][info][gc] GC(1633) Pause Young (Allocation Failure) 388M->256M(494M) 20,516ms
[2020-11-04T20:45:29.550+0300][121,304s][info][gc] GC(1634) Pause Young (Allocation Failure) 392M->260M(494M) 20,711ms
[2020-11-04T20:45:29.635+0300][121,390s][info][gc] GC(1635) Pause Young (Allocation Failure) 396M->267M(494M) 23,578ms
[2020-11-04T20:45:29.710+0300][121,465s][info][gc] GC(1636) Pause Young (Allocation Failure) 404M->271M(494M) 23,635ms
[2020-11-04T20:45:29.780+0300][121,535s][info][gc] GC(1637) Pause Young (Allocation Failure) 408M->275M(494M) 20,685ms
[2020-11-04T20:45:29.849+0300][121,604s][info][gc] GC(1638) Pause Young (Allocation Failure) 412M->279M(494M) 17,504ms
[2020-11-04T20:45:29.921+0300][121,676s][info][gc] GC(1639) Pause Young (Allocation Failure) 416M->283M(494M) 22,454ms
[2020-11-04T20:45:29.993+0300][121,748s][info][gc] GC(1640) Pause Young (Allocation Failure) 420M->287M(494M) 20,630ms
[2020-11-04T20:45:30.065+0300][121,820s][info][gc] GC(1641) Pause Young (Allocation Failure) 424M->291M(494M) 20,494ms
[2020-11-04T20:45:30.136+0300][121,890s][info][gc] GC(1642) Pause Young (Allocation Failure) 428M->295M(494M) 20,739ms
[2020-11-04T20:45:30.209+0300][121,964s][info][gc] GC(1643) Pause Young (Allocation Failure) 432M->299M(494M) 22,086ms
[2020-11-04T20:45:30.280+0300][122,034s][info][gc] GC(1644) Pause Young (Allocation Failure) 436M->303M(494M) 20,266ms
[2020-11-04T20:45:30.350+0300][122,105s][info][gc] GC(1645) Pause Young (Allocation Failure) 440M->307M(494M) 20,727ms
[2020-11-04T20:45:30.422+0300][122,176s][info][gc] GC(1646) Pause Young (Allocation Failure) 444M->311M(494M) 22,252ms
[2020-11-04T20:45:30.494+0300][122,248s][info][gc] GC(1647) Pause Young (Allocation Failure) 448M->315M(494M) 22,557ms
[2020-11-04T20:45:30.563+0300][122,318s][info][gc] GC(1648) Pause Young (Allocation Failure) 452M->319M(494M) 20,380ms
[2020-11-04T20:45:30.635+0300][122,389s][info][gc] GC(1649) Pause Young (Allocation Failure) 456M->323M(494M) 21,690ms
[2020-11-04T20:45:30.705+0300][122,460s][info][gc] GC(1650) Pause Young (Allocation Failure) 460M->327M(494M) 20,835ms
[2020-11-04T20:45:30.775+0300][122,530s][info][gc] GC(1651) Pause Young (Allocation Failure) 464M->331M(494M) 20,469ms
[2020-11-04T20:45:30.845+0300][122,600s][info][gc] GC(1652) Pause Young (Allocation Failure) 468M->336M(494M) 20,665ms
[2020-11-04T20:45:30.917+0300][122,671s][info][gc] GC(1653) Pause Young (Allocation Failure) 472M->340M(494M) 22,173ms
[2020-11-04T20:45:30.987+0300][122,741s][info][gc] GC(1654) Pause Young (Allocation Failure) 476M->344M(494M) 20,394ms
[2020-11-04T20:45:31.057+0300][122,812s][info][gc] GC(1655) Pause Young (Allocation Failure) 480M->348M(494M) 20,722ms
[2020-11-04T20:45:31.129+0300][122,883s][info][gc] GC(1656) Pause Young (Allocation Failure) 484M->352M(494M) 22,153ms
[2020-11-04T20:45:31.178+0300][122,933s][info][gc] GC(1657) Pause Young (Allocation Failure) 488M->488M(494M) 0,043ms
[2020-11-04T20:45:31.431+0300][123,185s][info][gc] GC(1658) Pause Full (Allocation Failure) 488M->268M(494M) 252,533ms
[2020-11-04T20:45:31.493+0300][123,248s][info][gc] GC(1659) Pause Young (Allocation Failure) 405M->272M(494M) 11,629ms
[2020-11-04T20:45:31.557+0300][123,312s][info][gc] GC(1660) Pause Young (Allocation Failure) 409M->276M(494M) 14,605ms
[2020-11-04T20:45:31.637+0300][123,392s][info][gc] GC(1661) Pause Young (Allocation Failure) 413M->284M(494M) 18,758ms
[2020-11-04T20:45:31.710+0300][123,465s][info][gc] GC(1662) Pause Young (Allocation Failure) 421M->288M(494M) 22,342ms
[2020-11-04T20:45:31.782+0300][123,537s][info][gc] GC(1663) Pause Young (Allocation Failure) 425M->292M(494M) 20,261ms
[2020-11-04T20:45:31.849+0300][123,604s][info][gc] GC(1664) Pause Young (Allocation Failure) 429M->296M(494M) 17,512ms
[2020-11-04T20:45:31.922+0300][123,676s][info][gc] GC(1665) Pause Young (Allocation Failure) 433M->300M(494M) 22,655ms
[2020-11-04T20:45:31.992+0300][123,746s][info][gc] GC(1666) Pause Young (Allocation Failure) 437M->304M(494M) 20,751ms
[2020-11-04T20:45:32.062+0300][123,817s][info][gc] GC(1667) Pause Young (Allocation Failure) 441M->308M(494M) 20,678ms
[2020-11-04T20:45:32.132+0300][123,887s][info][gc] GC(1668) Pause Young (Allocation Failure) 445M->312M(494M) 20,374ms
[2020-11-04T20:45:32.202+0300][123,957s][info][gc] GC(1669) Pause Young (Allocation Failure) 449M->316M(494M) 20,622ms
[2020-11-04T20:45:32.274+0300][124,028s][info][gc] GC(1670) Pause Young (Allocation Failure) 453M->320M(494M) 20,474ms
[2020-11-04T20:45:32.345+0300][124,099s][info][gc] GC(1671) Pause Young (Allocation Failure) 457M->324M(494M) 20,846ms
[2020-11-04T20:45:32.416+0300][124,171s][info][gc] GC(1672) Pause Young (Allocation Failure) 461M->328M(494M) 20,419ms
[2020-11-04T20:45:32.490+0300][124,244s][info][gc] GC(1673) Pause Young (Allocation Failure) 465M->332M(494M) 22,965ms
[2020-11-04T20:45:32.562+0300][124,316s][info][gc] GC(1674) Pause Young (Allocation Failure) 469M->336M(494M) 20,813ms
[2020-11-04T20:45:32.634+0300][124,388s][info][gc] GC(1675) Pause Young (Allocation Failure) 473M->340M(494M) 22,287ms
[2020-11-04T20:45:32.704+0300][124,459s][info][gc] GC(1676) Pause Young (Allocation Failure) 477M->344M(494M) 20,689ms
[2020-11-04T20:45:32.775+0300][124,529s][info][gc] GC(1677) Pause Young (Allocation Failure) 481M->348M(494M) 20,828ms
[2020-11-04T20:45:32.826+0300][124,581s][info][gc] GC(1678) Pause Young (Allocation Failure) 485M->485M(494M) 0,043ms
[2020-11-04T20:45:33.058+0300][124,813s][info][gc] GC(1679) Pause Full (Allocation Failure) 485M->249M(494M) 231,974ms
[2020-11-04T20:45:33.120+0300][124,875s][info][gc] GC(1680) Pause Young (Allocation Failure) 386M->253M(494M) 11,505ms
[2020-11-04T20:45:33.184+0300][124,938s][info][gc] GC(1681) Pause Young (Allocation Failure) 390M->257M(494M) 14,306ms
[2020-11-04T20:45:33.251+0300][125,005s][info][gc] GC(1682) Pause Young (Allocation Failure) 394M->261M(494M) 17,345ms
[2020-11-04T20:45:33.324+0300][125,079s][info][gc] GC(1683) Pause Young (Allocation Failure) 398M->265M(494M) 22,398ms
[2020-11-04T20:45:33.394+0300][125,149s][info][gc] GC(1684) Pause Young (Allocation Failure) 402M->269M(494M) 20,691ms
[2020-11-04T20:45:33.466+0300][125,220s][info][gc] GC(1685) Pause Young (Allocation Failure) 406M->273M(494M) 20,637ms
[2020-11-04T20:45:33.536+0300][125,291s][info][gc] GC(1686) Pause Young (Allocation Failure) 410M->277M(494M) 20,718ms
[2020-11-04T20:45:33.606+0300][125,361s][info][gc] GC(1687) Pause Young (Allocation Failure) 414M->281M(494M) 20,712ms
[2020-11-04T20:45:33.689+0300][125,444s][info][gc] GC(1688) Pause Young (Allocation Failure) 418M->289M(494M) 21,634ms
[2020-11-04T20:45:33.761+0300][125,515s][info][gc] GC(1689) Pause Young (Allocation Failure) 426M->293M(494M) 22,312ms
[2020-11-04T20:45:33.830+0300][125,584s][info][gc] GC(1690) Pause Young (Allocation Failure) 430M->297M(494M) 19,336ms
[2020-11-04T20:45:33.897+0300][125,651s][info][gc] GC(1691) Pause Young (Allocation Failure) 434M->301M(494M) 17,160ms
[2020-11-04T20:45:33.967+0300][125,722s][info][gc] GC(1692) Pause Young (Allocation Failure) 438M->305M(494M) 20,552ms
[2020-11-04T20:45:34.037+0300][125,792s][info][gc] GC(1693) Pause Young (Allocation Failure) 442M->309M(494M) 20,731ms
[2020-11-04T20:45:34.109+0300][125,864s][info][gc] GC(1694) Pause Young (Allocation Failure) 446M->313M(494M) 20,637ms
[2020-11-04T20:45:34.180+0300][125,934s][info][gc] GC(1695) Pause Young (Allocation Failure) 450M->317M(494M) 20,794ms
[2020-11-04T20:45:34.250+0300][126,004s][info][gc] GC(1696) Pause Young (Allocation Failure) 454M->321M(494M) 20,465ms
[2020-11-04T20:45:34.319+0300][126,074s][info][gc] GC(1697) Pause Young (Allocation Failure) 458M->325M(494M) 20,426ms
[2020-11-04T20:45:34.390+0300][126,144s][info][gc] GC(1698) Pause Young (Allocation Failure) 462M->329M(494M) 20,720ms
[2020-11-04T20:45:34.464+0300][126,218s][info][gc] GC(1699) Pause Young (Allocation Failure) 466M->333M(494M) 22,555ms
[2020-11-04T20:45:34.536+0300][126,290s][info][gc] GC(1700) Pause Young (Allocation Failure) 470M->337M(494M) 20,700ms
[2020-11-04T20:45:34.608+0300][126,362s][info][gc] GC(1701) Pause Young (Allocation Failure) 474M->341M(494M) 22,533ms
[2020-11-04T20:45:34.678+0300][126,432s][info][gc] GC(1702) Pause Young (Allocation Failure) 478M->345M(494M) 20,590ms
[2020-11-04T20:45:34.748+0300][126,502s][info][gc] GC(1703) Pause Young (Allocation Failure) 482M->349M(494M) 20,589ms
[2020-11-04T20:45:34.797+0300][126,551s][info][gc] GC(1704) Pause Young (Allocation Failure) 486M->486M(494M) 0,044ms
[2020-11-04T20:45:35.029+0300][126,784s][info][gc] GC(1705) Pause Full (Allocation Failure) 486M->250M(494M) 232,383ms
[2020-11-04T20:45:35.093+0300][126,848s][info][gc] GC(1706) Pause Young (Allocation Failure) 387M->254M(494M) 12,636ms
[2020-11-04T20:45:35.157+0300][126,912s][info][gc] GC(1707) Pause Young (Allocation Failure) 391M->258M(494M) 14,439ms
[2020-11-04T20:45:35.224+0300][126,978s][info][gc] GC(1708) Pause Young (Allocation Failure) 395M->262M(494M) 17,332ms
[2020-11-04T20:45:35.295+0300][127,050s][info][gc] GC(1709) Pause Young (Allocation Failure) 399M->266M(494M) 21,829ms
[2020-11-04T20:45:35.365+0300][127,120s][info][gc] GC(1710) Pause Young (Allocation Failure) 403M->270M(494M) 20,669ms
[2020-11-04T20:45:35.435+0300][127,190s][info][gc] GC(1711) Pause Young (Allocation Failure) 407M->274M(494M) 20,406ms
[2020-11-04T20:45:35.505+0300][127,260s][info][gc] GC(1712) Pause Young (Allocation Failure) 411M->278M(494M) 20,398ms
[2020-11-04T20:45:35.579+0300][127,334s][info][gc] GC(1713) Pause Young (Allocation Failure) 415M->282M(494M) 21,590ms
[2020-11-04T20:45:35.663+0300][127,417s][info][gc] GC(1714) Pause Young (Allocation Failure) 419M->290M(494M) 21,787ms
[2020-11-04T20:45:35.737+0300][127,492s][info][gc] GC(1715) Pause Young (Allocation Failure) 426M->294M(494M) 23,978ms
[2020-11-04T20:45:35.808+0300][127,563s][info][gc] GC(1716) Pause Young (Allocation Failure) 430M->298M(494M) 19,359ms
[2020-11-04T20:45:35.875+0300][127,630s][info][gc] GC(1717) Pause Young (Allocation Failure) 434M->302M(494M) 17,525ms
[2020-11-04T20:45:35.946+0300][127,700s][info][gc] GC(1718) Pause Young (Allocation Failure) 438M->306M(494M) 20,494ms
[2020-11-04T20:45:36.017+0300][127,772s][info][gc] GC(1719) Pause Young (Allocation Failure) 442M->310M(494M) 20,477ms
[2020-11-04T20:45:36.087+0300][127,841s][info][gc] GC(1720) Pause Young (Allocation Failure) 447M->314M(494M) 20,575ms
[2020-11-04T20:45:36.159+0300][127,913s][info][gc] GC(1721) Pause Young (Allocation Failure) 451M->318M(494M) 20,644ms
[2020-11-04T20:45:36.229+0300][127,983s][info][gc] GC(1722) Pause Young (Allocation Failure) 455M->322M(494M) 20,596ms
[2020-11-04T20:45:36.299+0300][128,054s][info][gc] GC(1723) Pause Young (Allocation Failure) 459M->326M(494M) 20,665ms
[2020-11-04T20:45:36.369+0300][128,124s][info][gc] GC(1724) Pause Young (Allocation Failure) 463M->330M(494M) 20,689ms
[2020-11-04T20:45:36.442+0300][128,196s][info][gc] GC(1725) Pause Young (Allocation Failure) 467M->334M(494M) 22,447ms
[2020-11-04T20:45:36.516+0300][128,271s][info][gc] GC(1726) Pause Young (Allocation Failure) 471M->338M(494M) 22,856ms
[2020-11-04T20:45:36.586+0300][128,340s][info][gc] GC(1727) Pause Young (Allocation Failure) 475M->342M(494M) 20,740ms
[2020-11-04T20:45:36.657+0300][128,412s][info][gc] GC(1728) Pause Young (Allocation Failure) 479M->346M(494M) 20,752ms
[2020-11-04T20:45:36.730+0300][128,485s][info][gc] GC(1729) Pause Young (Allocation Failure) 483M->350M(494M) 20,673ms
[2020-11-04T20:45:36.779+0300][128,534s][info][gc] GC(1730) Pause Young (Allocation Failure) 487M->487M(494M) 0,043ms
[2020-11-04T20:45:37.013+0300][128,768s][info][gc] GC(1731) Pause Full (Allocation Failure) 487M->235M(494M) 233,769ms
[2020-11-04T20:45:37.077+0300][128,831s][info][gc] GC(1732) Pause Young (Allocation Failure) 372M->239M(494M) 11,602ms
[2020-11-04T20:45:37.140+0300][128,895s][info][gc] GC(1733) Pause Young (Allocation Failure) 376M->243M(494M) 14,295ms
[2020-11-04T20:45:37.207+0300][128,961s][info][gc] GC(1734) Pause Young (Allocation Failure) 380M->247M(494M) 17,119ms
[2020-11-04T20:45:37.279+0300][129,033s][info][gc] GC(1735) Pause Young (Allocation Failure) 384M->251M(494M) 22,262ms
[2020-11-04T20:45:37.351+0300][129,106s][info][gc] GC(1736) Pause Young (Allocation Failure) 388M->255M(494M) 22,728ms
[2020-11-04T20:45:37.423+0300][129,178s][info][gc] GC(1737) Pause Young (Allocation Failure) 392M->259M(494M) 20,410ms
[2020-11-04T20:45:37.497+0300][129,252s][info][gc] GC(1738) Pause Young (Allocation Failure) 396M->263M(494M) 22,141ms
[2020-11-04T20:45:37.568+0300][129,323s][info][gc] GC(1739) Pause Young (Allocation Failure) 400M->267M(494M) 20,498ms
[2020-11-04T20:45:37.651+0300][129,406s][info][gc] GC(1740) Pause Young (Allocation Failure) 404M->275M(494M) 21,924ms
[2020-11-04T20:45:37.725+0300][129,480s][info][gc] GC(1741) Pause Young (Allocation Failure) 412M->279M(494M) 22,202ms
[2020-11-04T20:45:37.797+0300][129,552s][info][gc] GC(1742) Pause Young (Allocation Failure) 416M->283M(494M) 20,442ms
[2020-11-04T20:45:37.864+0300][129,618s][info][gc] GC(1743) Pause Young (Allocation Failure) 420M->287M(494M) 17,377ms
[2020-11-04T20:45:37.935+0300][129,690s][info][gc] GC(1744) Pause Young (Allocation Failure) 424M->291M(494M) 22,124ms
[2020-11-04T20:45:38.005+0300][129,759s][info][gc] GC(1745) Pause Young (Allocation Failure) 428M->295M(494M) 20,278ms
[2020-11-04T20:45:38.075+0300][129,829s][info][gc] GC(1746) Pause Young (Allocation Failure) 432M->299M(494M) 20,633ms
[2020-11-04T20:45:38.145+0300][129,899s][info][gc] GC(1747) Pause Young (Allocation Failure) 436M->303M(494M) 20,833ms
[2020-11-04T20:45:38.215+0300][129,969s][info][gc] GC(1748) Pause Young (Allocation Failure) 440M->307M(494M) 20,359ms
[2020-11-04T20:45:38.285+0300][130,039s][info][gc] GC(1749) Pause Young (Allocation Failure) 444M->311M(494M) 20,645ms
[2020-11-04T20:45:38.355+0300][130,109s][info][gc] GC(1750) Pause Young (Allocation Failure) 448M->315M(494M) 20,415ms
[2020-11-04T20:45:38.426+0300][130,181s][info][gc] GC(1751) Pause Young (Allocation Failure) 452M->319M(494M) 22,111ms
[2020-11-04T20:45:38.499+0300][130,253s][info][gc] GC(1752) Pause Young (Allocation Failure) 456M->323M(494M) 22,647ms
[2020-11-04T20:45:38.570+0300][130,325s][info][gc] GC(1753) Pause Young (Allocation Failure) 460M->327M(494M) 20,669ms
[2020-11-04T20:45:38.641+0300][130,395s][info][gc] GC(1754) Pause Young (Allocation Failure) 464M->331M(494M) 20,729ms
[2020-11-04T20:45:38.712+0300][130,467s][info][gc] GC(1755) Pause Young (Allocation Failure) 468M->335M(494M) 22,374ms
[2020-11-04T20:45:38.782+0300][130,537s][info][gc] GC(1756) Pause Young (Allocation Failure) 472M->339M(494M) 20,334ms
[2020-11-04T20:45:38.852+0300][130,607s][info][gc] GC(1757) Pause Young (Allocation Failure) 476M->343M(494M) 20,687ms
[2020-11-04T20:45:38.924+0300][130,678s][info][gc] GC(1758) Pause Young (Allocation Failure) 480M->347M(494M) 22,250ms
[2020-11-04T20:45:38.995+0300][130,749s][info][gc] GC(1759) Pause Young (Allocation Failure) 484M->351M(494M) 20,610ms
[2020-11-04T20:45:39.044+0300][130,799s][info][gc] GC(1760) Pause Young (Allocation Failure) 488M->488M(494M) 0,053ms
[2020-11-04T20:45:39.293+0300][131,047s][info][gc] GC(1761) Pause Full (Allocation Failure) 488M->268M(494M) 248,509ms
[2020-11-04T20:45:39.356+0300][131,111s][info][gc] GC(1762) Pause Young (Allocation Failure) 404M->272M(494M) 12,658ms
[2020-11-04T20:45:39.421+0300][131,176s][info][gc] GC(1763) Pause Young (Allocation Failure) 408M->276M(494M) 16,006ms
[2020-11-04T20:45:39.488+0300][131,242s][info][gc] GC(1764) Pause Young (Allocation Failure) 412M->280M(494M) 17,114ms
[2020-11-04T20:45:39.558+0300][131,312s][info][gc] GC(1765) Pause Young (Allocation Failure) 416M->284M(494M) 20,565ms
[2020-11-04T20:45:39.630+0300][131,384s][info][gc] GC(1766) Pause Young (Allocation Failure) 420M->288M(494M) 20,471ms
[2020-11-04T20:45:39.713+0300][131,468s][info][gc] GC(1767) Pause Young (Allocation Failure) 424M->296M(494M) 21,740ms
[2020-11-04T20:45:39.786+0300][131,541s][info][gc] GC(1768) Pause Young (Allocation Failure) 432M->300M(494M) 23,236ms
[2020-11-04T20:45:39.855+0300][131,610s][info][gc] GC(1769) Pause Young (Allocation Failure) 436M->304M(494M) 19,389ms
[2020-11-04T20:45:39.924+0300][131,679s][info][gc] GC(1770) Pause Young (Allocation Failure) 440M->308M(494M) 19,327ms
[2020-11-04T20:45:39.994+0300][131,749s][info][gc] GC(1771) Pause Young (Allocation Failure) 444M->312M(494M) 20,709ms
[2020-11-04T20:45:40.065+0300][131,819s][info][gc] GC(1772) Pause Young (Allocation Failure) 448M->316M(494M) 20,750ms
[2020-11-04T20:45:40.135+0300][131,890s][info][gc] GC(1773) Pause Young (Allocation Failure) 452M->320M(494M) 20,902ms
[2020-11-04T20:45:40.205+0300][131,960s][info][gc] GC(1774) Pause Young (Allocation Failure) 456M->324M(494M) 20,645ms
[2020-11-04T20:45:40.275+0300][132,030s][info][gc] GC(1775) Pause Young (Allocation Failure) 460M->328M(494M) 20,459ms
[2020-11-04T20:45:40.346+0300][132,100s][info][gc] GC(1776) Pause Young (Allocation Failure) 464M->332M(494M) 20,739ms
[2020-11-04T20:45:40.417+0300][132,172s][info][gc] GC(1777) Pause Young (Allocation Failure) 468M->336M(494M) 22,221ms
[2020-11-04T20:45:40.489+0300][132,244s][info][gc] GC(1778) Pause Young (Allocation Failure) 472M->340M(494M) 22,371ms
[2020-11-04T20:45:40.562+0300][132,316s][info][gc] GC(1779) Pause Young (Allocation Failure) 476M->344M(494M) 20,827ms
[2020-11-04T20:45:40.633+0300][132,387s][info][gc] GC(1780) Pause Young (Allocation Failure) 480M->348M(494M) 21,645ms
[2020-11-04T20:45:40.684+0300][132,439s][info][gc] GC(1781) Pause Young (Allocation Failure) 484M->484M(494M) 0,042ms
[2020-11-04T20:45:40.913+0300][132,667s][info][gc] GC(1782) Pause Full (Allocation Failure) 484M->249M(494M) 228,126ms
[2020-11-04T20:45:40.976+0300][132,731s][info][gc] GC(1783) Pause Young (Allocation Failure) 385M->253M(494M) 12,519ms
[2020-11-04T20:45:41.040+0300][132,794s][info][gc] GC(1784) Pause Young (Allocation Failure) 389M->257M(494M) 14,300ms
[2020-11-04T20:45:41.107+0300][132,861s][info][gc] GC(1785) Pause Young (Allocation Failure) 393M->261M(494M) 17,361ms
[2020-11-04T20:45:41.177+0300][132,931s][info][gc] GC(1786) Pause Young (Allocation Failure) 397M->265M(494M) 20,604ms
[2020-11-04T20:45:41.247+0300][133,001s][info][gc] GC(1787) Pause Young (Allocation Failure) 401M->269M(494M) 20,529ms
[2020-11-04T20:45:41.318+0300][133,073s][info][gc] GC(1788) Pause Young (Allocation Failure) 405M->273M(494M) 22,246ms
[2020-11-04T20:45:41.389+0300][133,143s][info][gc] GC(1789) Pause Young (Allocation Failure) 409M->277M(494M) 21,081ms
[2020-11-04T20:45:41.461+0300][133,215s][info][gc] GC(1790) Pause Young (Allocation Failure) 413M->281M(494M) 20,531ms
[2020-11-04T20:45:41.532+0300][133,286s][info][gc] GC(1791) Pause Young (Allocation Failure) 417M->285M(494M) 20,790ms
[2020-11-04T20:45:41.603+0300][133,358s][info][gc] GC(1792) Pause Young (Allocation Failure) 421M->289M(494M) 20,813ms
[2020-11-04T20:45:41.686+0300][133,440s][info][gc] GC(1793) Pause Young (Allocation Failure) 425M->297M(494M) 21,828ms
[2020-11-04T20:45:41.760+0300][133,514s][info][gc] GC(1794) Pause Young (Allocation Failure) 433M->301M(494M) 24,041ms
[2020-11-04T20:45:41.831+0300][133,586s][info][gc] GC(1795) Pause Young (Allocation Failure) 437M->305M(494M) 19,268ms
[2020-11-04T20:45:41.901+0300][133,656s][info][gc] GC(1796) Pause Young (Allocation Failure) 441M->309M(494M) 18,328ms
[2020-11-04T20:45:41.972+0300][133,726s][info][gc] GC(1797) Pause Young (Allocation Failure) 445M->313M(494M) 20,536ms
[2020-11-04T20:45:42.041+0300][133,796s][info][gc] GC(1798) Pause Young (Allocation Failure) 449M->317M(494M) 20,478ms
[2020-11-04T20:45:42.112+0300][133,866s][info][gc] GC(1799) Pause Young (Allocation Failure) 453M->321M(494M) 20,623ms
[2020-11-04T20:45:42.182+0300][133,937s][info][gc] GC(1800) Pause Young (Allocation Failure) 457M->325M(494M) 20,692ms
[2020-11-04T20:45:42.253+0300][134,008s][info][gc] GC(1801) Pause Young (Allocation Failure) 461M->329M(494M) 20,521ms
[2020-11-04T20:45:42.325+0300][134,080s][info][gc] GC(1802) Pause Young (Allocation Failure) 465M->333M(494M) 20,830ms
[2020-11-04T20:45:42.396+0300][134,150s][info][gc] GC(1803) Pause Young (Allocation Failure) 469M->337M(494M) 20,834ms
[2020-11-04T20:45:42.468+0300][134,222s][info][gc] GC(1804) Pause Young (Allocation Failure) 473M->341M(494M) 21,918ms
[2020-11-04T20:45:42.538+0300][134,292s][info][gc] GC(1805) Pause Young (Allocation Failure) 477M->345M(494M) 20,502ms
[2020-11-04T20:45:42.607+0300][134,362s][info][gc] GC(1806) Pause Young (Allocation Failure) 481M->349M(494M) 20,389ms
[2020-11-04T20:45:42.657+0300][134,412s][info][gc] GC(1807) Pause Young (Allocation Failure) 485M->485M(494M) 0,043ms
[2020-11-04T20:45:42.885+0300][134,640s][info][gc] GC(1808) Pause Full (Allocation Failure) 485M->250M(494M) 228,272ms
[2020-11-04T20:45:42.949+0300][134,703s][info][gc] GC(1809) Pause Young (Allocation Failure) 386M->254M(494M) 11,442ms
[2020-11-04T20:45:43.012+0300][134,767s][info][gc] GC(1810) Pause Young (Allocation Failure) 390M->258M(494M) 14,269ms
[2020-11-04T20:45:43.079+0300][134,834s][info][gc] GC(1811) Pause Young (Allocation Failure) 394M->262M(494M) 17,532ms
[2020-11-04T20:45:43.149+0300][134,904s][info][gc] GC(1812) Pause Young (Allocation Failure) 398M->266M(494M) 20,705ms
[2020-11-04T20:45:43.220+0300][134,974s][info][gc] GC(1813) Pause Young (Allocation Failure) 402M->270M(494M) 20,740ms
[2020-11-04T20:45:43.291+0300][135,046s][info][gc] GC(1814) Pause Young (Allocation Failure) 406M->274M(494M) 22,093ms
[2020-11-04T20:45:43.364+0300][135,118s][info][gc] GC(1815) Pause Young (Allocation Failure) 410M->278M(494M) 22,819ms
[2020-11-04T20:45:43.435+0300][135,190s][info][gc] GC(1816) Pause Young (Allocation Failure) 414M->282M(494M) 21,898ms
[2020-11-04T20:45:43.505+0300][135,259s][info][gc] GC(1817) Pause Young (Allocation Failure) 418M->286M(494M) 20,598ms
[2020-11-04T20:45:43.575+0300][135,329s][info][gc] GC(1818) Pause Young (Allocation Failure) 422M->290M(494M) 20,572ms
[2020-11-04T20:45:43.654+0300][135,408s][info][gc] GC(1819) Pause Young (Allocation Failure) 424M->294M(494M) 20,065ms
[2020-11-04T20:45:43.726+0300][135,480s][info][gc] GC(1820) Pause Young (Allocation Failure) 430M->301M(494M) 21,691ms
[2020-11-04T20:45:43.797+0300][135,552s][info][gc] GC(1821) Pause Young (Allocation Failure) 438M->305M(494M) 22,079ms
[2020-11-04T20:45:43.866+0300][135,620s][info][gc] GC(1822) Pause Young (Allocation Failure) 442M->309M(494M) 19,287ms
[2020-11-04T20:45:43.935+0300][135,689s][info][gc] GC(1823) Pause Young (Allocation Failure) 446M->313M(494M) 19,372ms
[2020-11-04T20:45:44.005+0300][135,759s][info][gc] GC(1824) Pause Young (Allocation Failure) 450M->317M(494M) 20,594ms
[2020-11-04T20:45:44.078+0300][135,832s][info][gc] GC(1825) Pause Young (Allocation Failure) 454M->321M(494M) 20,776ms
[2020-11-04T20:45:44.148+0300][135,902s][info][gc] GC(1826) Pause Young (Allocation Failure) 458M->325M(494M) 20,813ms
[2020-11-04T20:45:44.220+0300][135,975s][info][gc] GC(1827) Pause Young (Allocation Failure) 462M->329M(494M) 22,659ms
[2020-11-04T20:45:44.291+0300][136,046s][info][gc] GC(1828) Pause Young (Allocation Failure) 466M->333M(494M) 20,728ms
[2020-11-04T20:45:44.362+0300][136,117s][info][gc] GC(1829) Pause Young (Allocation Failure) 470M->337M(494M) 20,685ms
[2020-11-04T20:45:44.434+0300][136,189s][info][gc] GC(1830) Pause Young (Allocation Failure) 474M->341M(494M) 22,445ms
[2020-11-04T20:45:44.510+0300][136,264s][info][gc] GC(1831) Pause Young (Allocation Failure) 478M->346M(494M) 22,657ms
[2020-11-04T20:45:44.580+0300][136,335s][info][gc] GC(1832) Pause Young (Allocation Failure) 482M->350M(494M) 20,671ms
[2020-11-04T20:45:44.630+0300][136,385s][info][gc] GC(1833) Pause Young (Allocation Failure) 486M->486M(494M) 0,043ms
[2020-11-04T20:45:44.860+0300][136,615s][info][gc] GC(1834) Pause Full (Allocation Failure) 486M->235M(494M) 229,924ms
[2020-11-04T20:45:44.924+0300][136,679s][info][gc] GC(1835) Pause Young (Allocation Failure) 372M->239M(494M) 12,602ms
[2020-11-04T20:45:44.988+0300][136,742s][info][gc] GC(1836) Pause Young (Allocation Failure) 376M->243M(494M) 14,368ms
[2020-11-04T20:45:45.055+0300][136,809s][info][gc] GC(1837) Pause Young (Allocation Failure) 380M->247M(494M) 17,374ms
[2020-11-04T20:45:45.124+0300][136,879s][info][gc] GC(1838) Pause Young (Allocation Failure) 384M->251M(494M) 20,393ms
[2020-11-04T20:45:45.194+0300][136,949s][info][gc] GC(1839) Pause Young (Allocation Failure) 388M->255M(494M) 20,723ms
[2020-11-04T20:45:45.267+0300][137,021s][info][gc] GC(1840) Pause Young (Allocation Failure) 392M->259M(494M) 22,566ms
[2020-11-04T20:45:45.337+0300][137,091s][info][gc] GC(1841) Pause Young (Allocation Failure) 396M->263M(494M) 20,601ms
[2020-11-04T20:45:45.408+0300][137,163s][info][gc] GC(1842) Pause Young (Allocation Failure) 400M->267M(494M) 22,564ms
[2020-11-04T20:45:45.479+0300][137,234s][info][gc] GC(1843) Pause Young (Allocation Failure) 404M->271M(494M) 20,766ms
[2020-11-04T20:45:45.549+0300][137,304s][info][gc] GC(1844) Pause Young (Allocation Failure) 408M->275M(494M) 20,705ms
[2020-11-04T20:45:45.619+0300][137,374s][info][gc] GC(1845) Pause Young (Allocation Failure) 412M->279M(494M) 20,520ms
[2020-11-04T20:45:45.702+0300][137,456s][info][gc] GC(1846) Pause Young (Allocation Failure) 416M->287M(494M) 21,731ms
[2020-11-04T20:45:45.775+0300][137,530s][info][gc] GC(1847) Pause Young (Allocation Failure) 423M->291M(494M) 24,018ms
[2020-11-04T20:45:45.844+0300][137,599s][info][gc] GC(1848) Pause Young (Allocation Failure) 427M->295M(494M) 19,249ms
[2020-11-04T20:45:45.913+0300][137,667s][info][gc] GC(1849) Pause Young (Allocation Failure) 431M->299M(494M) 19,065ms
[2020-11-04T20:45:45.983+0300][137,737s][info][gc] GC(1850) Pause Young (Allocation Failure) 435M->303M(494M) 20,356ms
[2020-11-04T20:45:46.053+0300][137,808s][info][gc] GC(1851) Pause Young (Allocation Failure) 439M->307M(494M) 20,478ms
[2020-11-04T20:45:46.123+0300][137,878s][info][gc] GC(1852) Pause Young (Allocation Failure) 443M->311M(494M) 20,670ms
[2020-11-04T20:45:46.193+0300][137,948s][info][gc] GC(1853) Pause Young (Allocation Failure) 447M->315M(494M) 20,647ms
[2020-11-04T20:45:46.263+0300][138,018s][info][gc] GC(1854) Pause Young (Allocation Failure) 451M->319M(494M) 20,659ms
[2020-11-04T20:45:46.333+0300][138,088s][info][gc] GC(1855) Pause Young (Allocation Failure) 455M->323M(494M) 20,483ms
[2020-11-04T20:45:46.407+0300][138,161s][info][gc] GC(1856) Pause Young (Allocation Failure) 459M->327M(494M) 21,774ms
[2020-11-04T20:45:46.478+0300][138,232s][info][gc] GC(1857) Pause Young (Allocation Failure) 463M->331M(494M) 21,035ms
[2020-11-04T20:45:46.548+0300][138,302s][info][gc] GC(1858) Pause Young (Allocation Failure) 467M->335M(494M) 20,242ms
[2020-11-04T20:45:46.620+0300][138,374s][info][gc] GC(1859) Pause Young (Allocation Failure) 471M->339M(494M) 22,668ms
[2020-11-04T20:45:46.691+0300][138,446s][info][gc] GC(1860) Pause Young (Allocation Failure) 475M->343M(494M) 22,058ms
[2020-11-04T20:45:46.762+0300][138,516s][info][gc] GC(1861) Pause Young (Allocation Failure) 479M->347M(494M) 20,627ms
[2020-11-04T20:45:46.832+0300][138,586s][info][gc] GC(1862) Pause Young (Allocation Failure) 483M->351M(494M) 20,620ms
[2020-11-04T20:45:46.881+0300][138,636s][info][gc] GC(1863) Pause Young (Allocation Failure) 487M->487M(494M) 0,053ms
[2020-11-04T20:45:47.125+0300][138,880s][info][gc] GC(1864) Pause Full (Allocation Failure) 487M->267M(494M) 243,848ms
[2020-11-04T20:45:47.187+0300][138,942s][info][gc] GC(1865) Pause Young (Allocation Failure) 404M->271M(494M) 11,593ms
[2020-11-04T20:45:47.253+0300][139,007s][info][gc] GC(1866) Pause Young (Allocation Failure) 408M->275M(494M) 16,645ms
[2020-11-04T20:45:47.321+0300][139,075s][info][gc] GC(1867) Pause Young (Allocation Failure) 412M->279M(494M) 19,128ms
[2020-11-04T20:45:47.391+0300][139,146s][info][gc] GC(1868) Pause Young (Allocation Failure) 416M->283M(494M) 20,663ms
[2020-11-04T20:45:47.463+0300][139,217s][info][gc] GC(1869) Pause Young (Allocation Failure) 420M->287M(494M) 20,781ms
[2020-11-04T20:45:47.533+0300][139,288s][info][gc] GC(1870) Pause Young (Allocation Failure) 424M->292M(494M) 20,909ms
[2020-11-04T20:45:47.603+0300][139,357s][info][gc] GC(1871) Pause Young (Allocation Failure) 428M->296M(494M) 20,360ms
[2020-11-04T20:45:47.686+0300][139,440s][info][gc] GC(1872) Pause Young (Allocation Failure) 432M->303M(494M) 21,714ms
[2020-11-04T20:45:47.759+0300][139,514s][info][gc] GC(1873) Pause Young (Allocation Failure) 440M->307M(494M) 23,989ms
[2020-11-04T20:45:47.828+0300][139,583s][info][gc] GC(1874) Pause Young (Allocation Failure) 444M->311M(494M) 19,246ms
[2020-11-04T20:45:47.895+0300][139,649s][info][gc] GC(1875) Pause Young (Allocation Failure) 448M->315M(494M) 17,401ms
[2020-11-04T20:45:47.965+0300][139,719s][info][gc] GC(1876) Pause Young (Allocation Failure) 452M->319M(494M) 20,609ms
[2020-11-04T20:45:48.035+0300][139,789s][info][gc] GC(1877) Pause Young (Allocation Failure) 456M->323M(494M) 20,628ms
[2020-11-04T20:45:48.105+0300][139,859s][info][gc] GC(1878) Pause Young (Allocation Failure) 460M->327M(494M) 20,506ms
[2020-11-04T20:45:48.175+0300][139,929s][info][gc] GC(1879) Pause Young (Allocation Failure) 464M->331M(494M) 20,493ms
[2020-11-04T20:45:48.246+0300][140,000s][info][gc] GC(1880) Pause Young (Allocation Failure) 468M->335M(494M) 20,838ms
[2020-11-04T20:45:48.317+0300][140,072s][info][gc] GC(1881) Pause Young (Allocation Failure) 472M->339M(494M) 20,403ms
[2020-11-04T20:45:48.390+0300][140,144s][info][gc] GC(1882) Pause Young (Allocation Failure) 476M->343M(494M) 20,893ms
[2020-11-04T20:45:48.464+0300][140,218s][info][gc] GC(1883) Pause Young (Allocation Failure) 480M->347M(494M) 22,520ms
[2020-11-04T20:45:48.517+0300][140,271s][info][gc] GC(1884) Pause Young (Allocation Failure) 484M->484M(494M) 0,074ms
[2020-11-04T20:45:48.789+0300][140,543s][info][gc] GC(1885) Pause Full (Allocation Failure) 484M->248M(494M) 271,585ms
[2020-11-04T20:45:48.858+0300][140,613s][info][gc] GC(1886) Pause Young (Allocation Failure) 385M->252M(494M) 11,927ms
[2020-11-04T20:45:48.927+0300][140,682s][info][gc] GC(1887) Pause Young (Allocation Failure) 389M->256M(494M) 15,192ms
[2020-11-04T20:45:49.000+0300][140,754s][info][gc] GC(1888) Pause Young (Allocation Failure) 393M->260M(494M) 18,262ms
[2020-11-04T20:45:49.071+0300][140,826s][info][gc] GC(1889) Pause Young (Allocation Failure) 397M->264M(494M) 22,336ms
[2020-11-04T20:45:49.143+0300][140,898s][info][gc] GC(1890) Pause Young (Allocation Failure) 401M->268M(494M) 22,319ms
[2020-11-04T20:45:49.216+0300][140,970s][info][gc] GC(1891) Pause Young (Allocation Failure) 405M->272M(494M) 20,893ms
[2020-11-04T20:45:49.287+0300][141,041s][info][gc] GC(1892) Pause Young (Allocation Failure) 409M->276M(494M) 20,717ms
[2020-11-04T20:45:49.359+0300][141,113s][info][gc] GC(1893) Pause Young (Allocation Failure) 413M->280M(494M) 22,433ms
[2020-11-04T20:45:49.431+0300][141,185s][info][gc] GC(1894) Pause Young (Allocation Failure) 417M->284M(494M) 22,427ms
[2020-11-04T20:45:49.501+0300][141,256s][info][gc] GC(1895) Pause Young (Allocation Failure) 421M->288M(494M) 20,473ms
[2020-11-04T20:45:49.573+0300][141,328s][info][gc] GC(1896) Pause Young (Allocation Failure) 425M->292M(494M) 22,464ms
[2020-11-04T20:45:49.645+0300][141,400s][info][gc] GC(1897) Pause Young (Allocation Failure) 429M->296M(494M) 22,276ms
[2020-11-04T20:45:49.718+0300][141,472s][info][gc] GC(1898) Pause Young (Allocation Failure) 433M->300M(494M) 20,641ms
[2020-11-04T20:45:49.802+0300][141,556s][info][gc] GC(1899) Pause Young (Allocation Failure) 437M->308M(494M) 21,846ms
[2020-11-04T20:45:49.874+0300][141,628s][info][gc] GC(1900) Pause Young (Allocation Failure) 445M->312M(494M) 22,316ms
[2020-11-04T20:45:49.944+0300][141,699s][info][gc] GC(1901) Pause Young (Allocation Failure) 449M->316M(494M) 20,868ms
[2020-11-04T20:45:50.015+0300][141,769s][info][gc] GC(1902) Pause Young (Allocation Failure) 453M->320M(494M) 19,478ms
[2020-11-04T20:45:50.086+0300][141,841s][info][gc] GC(1903) Pause Young (Allocation Failure) 457M->324M(494M) 20,716ms
[2020-11-04T20:45:50.158+0300][141,912s][info][gc] GC(1904) Pause Young (Allocation Failure) 461M->328M(494M) 22,239ms
[2020-11-04T20:45:50.231+0300][141,985s][info][gc] GC(1905) Pause Young (Allocation Failure) 465M->332M(494M) 22,764ms
[2020-11-04T20:45:50.301+0300][142,055s][info][gc] GC(1906) Pause Young (Allocation Failure) 469M->336M(494M) 20,698ms
[2020-11-04T20:45:50.371+0300][142,126s][info][gc] GC(1907) Pause Young (Allocation Failure) 473M->340M(494M) 20,782ms
[2020-11-04T20:45:50.443+0300][142,198s][info][gc] GC(1908) Pause Young (Allocation Failure) 477M->344M(494M) 22,282ms
[2020-11-04T20:45:50.515+0300][142,270s][info][gc] GC(1909) Pause Young (Allocation Failure) 481M->348M(494M) 20,684ms
[2020-11-04T20:45:50.567+0300][142,321s][info][gc] GC(1910) Pause Young (Allocation Failure) 485M->485M(494M) 0,059ms
[2020-11-04T20:45:50.792+0300][142,546s][info][gc] GC(1911) Pause Full (Allocation Failure) 485M->249M(494M) 225,130ms
[2020-11-04T20:45:50.856+0300][142,611s][info][gc] GC(1912) Pause Young (Allocation Failure) 386M->253M(494M) 12,802ms
[2020-11-04T20:45:50.921+0300][142,675s][info][gc] GC(1913) Pause Young (Allocation Failure) 390M->257M(494M) 15,064ms
[2020-11-04T20:45:50.991+0300][142,746s][info][gc] GC(1914) Pause Young (Allocation Failure) 394M->261M(494M) 20,349ms
[2020-11-04T20:45:51.063+0300][142,817s][info][gc] GC(1915) Pause Young (Allocation Failure) 398M->265M(494M) 22,494ms
[2020-11-04T20:45:51.135+0300][142,889s][info][gc] GC(1916) Pause Young (Allocation Failure) 402M->269M(494M) 22,734ms
[2020-11-04T20:45:51.207+0300][142,962s][info][gc] GC(1917) Pause Young (Allocation Failure) 406M->273M(494M) 20,475ms
[2020-11-04T20:45:51.280+0300][143,034s][info][gc] GC(1918) Pause Young (Allocation Failure) 410M->277M(494M) 20,850ms
[2020-11-04T20:45:51.351+0300][143,106s][info][gc] GC(1919) Pause Young (Allocation Failure) 414M->281M(494M) 21,920ms
[2020-11-04T20:45:51.421+0300][143,176s][info][gc] GC(1920) Pause Young (Allocation Failure) 418M->285M(494M) 20,589ms
[2020-11-04T20:45:51.491+0300][143,246s][info][gc] GC(1921) Pause Young (Allocation Failure) 422M->289M(494M) 20,542ms
[2020-11-04T20:45:51.564+0300][143,318s][info][gc] GC(1922) Pause Young (Allocation Failure) 426M->293M(494M) 22,456ms
[2020-11-04T20:45:51.636+0300][143,390s][info][gc] GC(1923) Pause Young (Allocation Failure) 430M->297M(494M) 22,252ms
[2020-11-04T20:45:51.708+0300][143,463s][info][gc] GC(1924) Pause Young (Allocation Failure) 434M->301M(494M) 22,583ms
[2020-11-04T20:45:51.795+0300][143,550s][info][gc] GC(1925) Pause Young (Allocation Failure) 438M->309M(494M) 23,592ms
[2020-11-04T20:45:51.867+0300][143,622s][info][gc] GC(1926) Pause Young (Allocation Failure) 446M->313M(494M) 22,323ms
[2020-11-04T20:45:51.937+0300][143,692s][info][gc] GC(1927) Pause Young (Allocation Failure) 450M->317M(494M) 20,343ms
[2020-11-04T20:45:52.007+0300][143,761s][info][gc] GC(1928) Pause Young (Allocation Failure) 454M->321M(494M) 17,784ms
[2020-11-04T20:45:52.077+0300][143,831s][info][gc] GC(1929) Pause Young (Allocation Failure) 458M->325M(494M) 20,668ms
[2020-11-04T20:45:52.147+0300][143,901s][info][gc] GC(1930) Pause Young (Allocation Failure) 462M->329M(494M) 20,814ms
[2020-11-04T20:45:52.219+0300][143,973s][info][gc] GC(1931) Pause Young (Allocation Failure) 466M->333M(494M) 20,861ms
[2020-11-04T20:45:52.290+0300][144,045s][info][gc] GC(1932) Pause Young (Allocation Failure) 470M->337M(494M) 20,394ms
[2020-11-04T20:45:52.362+0300][144,117s][info][gc] GC(1933) Pause Young (Allocation Failure) 474M->341M(494M) 22,549ms
[2020-11-04T20:45:52.434+0300][144,189s][info][gc] GC(1934) Pause Young (Allocation Failure) 478M->345M(494M) 22,592ms
[2020-11-04T20:45:52.504+0300][144,259s][info][gc] GC(1935) Pause Young (Allocation Failure) 482M->349M(494M) 20,763ms
[2020-11-04T20:45:52.554+0300][144,309s][info][gc] GC(1936) Pause Young (Allocation Failure) 486M->486M(494M) 0,047ms
[2020-11-04T20:45:52.783+0300][144,537s][info][gc] GC(1937) Pause Full (Allocation Failure) 486M->235M(494M) 228,915ms
[2020-11-04T20:45:52.848+0300][144,602s][info][gc] GC(1938) Pause Young (Allocation Failure) 371M->239M(494M) 13,007ms
[2020-11-04T20:45:52.912+0300][144,667s][info][gc] GC(1939) Pause Young (Allocation Failure) 375M->243M(494M) 14,925ms
[2020-11-04T20:45:52.984+0300][144,738s][info][gc] GC(1940) Pause Young (Allocation Failure) 379M->247M(494M) 19,342ms
[2020-11-04T20:45:53.056+0300][144,810s][info][gc] GC(1941) Pause Young (Allocation Failure) 383M->251M(494M) 22,578ms
[2020-11-04T20:45:53.128+0300][144,883s][info][gc] GC(1942) Pause Young (Allocation Failure) 387M->255M(494M) 22,489ms
[2020-11-04T20:45:53.198+0300][144,953s][info][gc] GC(1943) Pause Young (Allocation Failure) 391M->259M(494M) 20,583ms
[2020-11-04T20:45:53.270+0300][145,024s][info][gc] GC(1944) Pause Young (Allocation Failure) 395M->263M(494M) 21,674ms
[2020-11-04T20:45:53.342+0300][145,096s][info][gc] GC(1945) Pause Young (Allocation Failure) 399M->267M(494M) 22,345ms
[2020-11-04T20:45:53.414+0300][145,168s][info][gc] GC(1946) Pause Young (Allocation Failure) 403M->271M(494M) 20,681ms
[2020-11-04T20:45:53.487+0300][145,241s][info][gc] GC(1947) Pause Young (Allocation Failure) 407M->275M(494M) 20,863ms
[2020-11-04T20:45:53.559+0300][145,314s][info][gc] GC(1948) Pause Young (Allocation Failure) 411M->279M(494M) 22,375ms
[2020-11-04T20:45:53.629+0300][145,384s][info][gc] GC(1949) Pause Young (Allocation Failure) 415M->283M(494M) 20,197ms
[2020-11-04T20:45:53.700+0300][145,454s][info][gc] GC(1950) Pause Young (Allocation Failure) 419M->287M(494M) 20,733ms
[2020-11-04T20:45:53.783+0300][145,537s][info][gc] GC(1951) Pause Young (Allocation Failure) 423M->295M(494M) 22,848ms
[2020-11-04T20:45:53.859+0300][145,613s][info][gc] GC(1952) Pause Young (Allocation Failure) 431M->299M(494M) 23,932ms
[2020-11-04T20:45:53.930+0300][145,685s][info][gc] GC(1953) Pause Young (Allocation Failure) 435M->303M(494M) 19,395ms
[2020-11-04T20:45:53.999+0300][145,753s][info][gc] GC(1954) Pause Young (Allocation Failure) 439M->307M(494M) 19,152ms
[2020-11-04T20:45:54.070+0300][145,825s][info][gc] GC(1955) Pause Young (Allocation Failure) 443M->311M(494M) 22,140ms
[2020-11-04T20:45:54.143+0300][145,897s][info][gc] GC(1956) Pause Young (Allocation Failure) 447M->315M(494M) 22,433ms
[2020-11-04T20:45:54.214+0300][145,968s][info][gc] GC(1957) Pause Young (Allocation Failure) 451M->319M(494M) 20,846ms
[2020-11-04T20:45:54.286+0300][146,041s][info][gc] GC(1958) Pause Young (Allocation Failure) 455M->323M(494M) 20,749ms
[2020-11-04T20:45:54.359+0300][146,113s][info][gc] GC(1959) Pause Young (Allocation Failure) 459M->327M(494M) 22,803ms
[2020-11-04T20:45:54.429+0300][146,183s][info][gc] GC(1960) Pause Young (Allocation Failure) 463M->331M(494M) 20,739ms
[2020-11-04T20:45:54.502+0300][146,257s][info][gc] GC(1961) Pause Young (Allocation Failure) 467M->335M(494M) 22,946ms
[2020-11-04T20:45:54.573+0300][146,327s][info][gc] GC(1962) Pause Young (Allocation Failure) 471M->339M(494M) 20,925ms
[2020-11-04T20:45:54.643+0300][146,397s][info][gc] GC(1963) Pause Young (Allocation Failure) 475M->343M(494M) 20,603ms
[2020-11-04T20:45:54.717+0300][146,472s][info][gc] GC(1964) Pause Young (Allocation Failure) 479M->347M(494M) 22,566ms
[2020-11-04T20:45:54.787+0300][146,542s][info][gc] GC(1965) Pause Young (Allocation Failure) 483M->351M(494M) 20,623ms
[2020-11-04T20:45:54.837+0300][146,592s][info][gc] GC(1966) Pause Young (Allocation Failure) 487M->487M(494M) 0,059ms
[2020-11-04T20:45:55.080+0300][146,835s][info][gc] GC(1967) Pause Full (Allocation Failure) 487M->267M(494M) 243,057ms
[2020-11-04T20:45:55.145+0300][146,899s][info][gc] GC(1968) Pause Young (Allocation Failure) 403M->271M(494M) 13,009ms
[2020-11-04T20:45:55.209+0300][146,964s][info][gc] GC(1969) Pause Young (Allocation Failure) 407M->275M(494M) 14,957ms
[2020-11-04T20:45:55.279+0300][147,033s][info][gc] GC(1970) Pause Young (Allocation Failure) 411M->279M(494M) 19,614ms
[2020-11-04T20:45:55.350+0300][147,105s][info][gc] GC(1971) Pause Young (Allocation Failure) 415M->283M(494M) 22,277ms
[2020-11-04T20:45:55.422+0300][147,177s][info][gc] GC(1972) Pause Young (Allocation Failure) 419M->287M(494M) 22,706ms
[2020-11-04T20:45:55.496+0300][147,251s][info][gc] GC(1973) Pause Young (Allocation Failure) 423M->291M(494M) 21,992ms
[2020-11-04T20:45:55.568+0300][147,322s][info][gc] GC(1974) Pause Young (Allocation Failure) 427M->295M(494M) 21,829ms
[2020-11-04T20:45:55.639+0300][147,394s][info][gc] GC(1975) Pause Young (Allocation Failure) 432M->299M(494M) 22,331ms
[2020-11-04T20:45:55.712+0300][147,466s][info][gc] GC(1976) Pause Young (Allocation Failure) 436M->303M(494M) 20,902ms
[2020-11-04T20:45:55.782+0300][147,536s][info][gc] GC(1977) Pause Young (Allocation Failure) 440M->307M(494M) 20,639ms
[2020-11-04T20:45:55.867+0300][147,622s][info][gc] GC(1978) Pause Young (Allocation Failure) 444M->315M(494M) 23,037ms
[2020-11-04T20:45:55.940+0300][147,695s][info][gc] GC(1979) Pause Young (Allocation Failure) 451M->319M(494M) 23,706ms
[2020-11-04T20:45:56.011+0300][147,766s][info][gc] GC(1980) Pause Young (Allocation Failure) 455M->323M(494M) 19,468ms
[2020-11-04T20:45:56.078+0300][147,832s][info][gc] GC(1981) Pause Young (Allocation Failure) 459M->327M(494M) 17,289ms
[2020-11-04T20:45:56.151+0300][147,906s][info][gc] GC(1982) Pause Young (Allocation Failure) 463M->331M(494M) 22,361ms
[2020-11-04T20:45:56.222+0300][147,976s][info][gc] GC(1983) Pause Young (Allocation Failure) 467M->335M(494M) 20,865ms
[2020-11-04T20:45:56.292+0300][148,046s][info][gc] GC(1984) Pause Young (Allocation Failure) 471M->339M(494M) 20,722ms
[2020-11-04T20:45:56.364+0300][148,118s][info][gc] GC(1985) Pause Young (Allocation Failure) 475M->343M(494M) 21,840ms
[2020-11-04T20:45:56.434+0300][148,188s][info][gc] GC(1986) Pause Young (Allocation Failure) 479M->347M(494M) 20,605ms
[2020-11-04T20:45:56.485+0300][148,240s][info][gc] GC(1987) Pause Young (Allocation Failure) 483M->483M(494M) 0,058ms
[2020-11-04T20:45:56.708+0300][148,462s][info][gc] GC(1988) Pause Full (Allocation Failure) 483M->248M(494M) 222,305ms
[2020-11-04T20:45:56.771+0300][148,526s][info][gc] GC(1989) Pause Young (Allocation Failure) 384M->252M(494M) 11,657ms
[2020-11-04T20:45:56.835+0300][148,590s][info][gc] GC(1990) Pause Young (Allocation Failure) 388M->256M(494M) 14,426ms
[2020-11-04T20:45:56.902+0300][148,657s][info][gc] GC(1991) Pause Young (Allocation Failure) 392M->260M(494M) 17,257ms
[2020-11-04T20:45:56.972+0300][148,727s][info][gc] GC(1992) Pause Young (Allocation Failure) 396M->264M(494M) 20,612ms
[2020-11-04T20:45:57.043+0300][148,797s][info][gc] GC(1993) Pause Young (Allocation Failure) 400M->268M(494M) 20,620ms
[2020-11-04T20:45:57.115+0300][148,870s][info][gc] GC(1994) Pause Young (Allocation Failure) 404M->272M(494M) 22,440ms
[2020-11-04T20:45:57.186+0300][148,940s][info][gc] GC(1995) Pause Young (Allocation Failure) 408M->276M(494M) 20,601ms
[2020-11-04T20:45:57.256+0300][149,011s][info][gc] GC(1996) Pause Young (Allocation Failure) 412M->280M(494M) 20,706ms
[2020-11-04T20:45:57.327+0300][149,081s][info][gc] GC(1997) Pause Young (Allocation Failure) 416M->284M(494M) 20,897ms
[2020-11-04T20:45:57.397+0300][149,152s][info][gc] GC(1998) Pause Young (Allocation Failure) 420M->288M(494M) 20,481ms
[2020-11-04T20:45:57.468+0300][149,222s][info][gc] GC(1999) Pause Young (Allocation Failure) 424M->292M(494M) 20,721ms
[2020-11-04T20:45:57.538+0300][149,292s][info][gc] GC(2000) Pause Young (Allocation Failure) 428M->296M(494M) 20,726ms
[2020-11-04T20:45:57.608+0300][149,362s][info][gc] GC(2001) Pause Young (Allocation Failure) 432M->300M(494M) 20,710ms
[2020-11-04T20:45:57.678+0300][149,433s][info][gc] GC(2002) Pause Young (Allocation Failure) 436M->304M(494M) 20,612ms
[2020-11-04T20:45:57.749+0300][149,503s][info][gc] GC(2003) Pause Young (Allocation Failure) 440M->308M(494M) 20,704ms
[2020-11-04T20:45:57.832+0300][149,587s][info][gc] GC(2004) Pause Young (Allocation Failure) 444M->316M(494M) 22,014ms
[2020-11-04T20:45:57.904+0300][149,659s][info][gc] GC(2005) Pause Young (Allocation Failure) 452M->320M(494M) 22,334ms
[2020-11-04T20:45:57.973+0300][149,728s][info][gc] GC(2006) Pause Young (Allocation Failure) 456M->324M(494M) 19,302ms
[2020-11-04T20:45:58.041+0300][149,795s][info][gc] GC(2007) Pause Young (Allocation Failure) 460M->328M(494M) 17,663ms
[2020-11-04T20:45:58.111+0300][149,865s][info][gc] GC(2008) Pause Young (Allocation Failure) 464M->332M(494M) 20,553ms
[2020-11-04T20:45:58.181+0300][149,936s][info][gc] GC(2009) Pause Young (Allocation Failure) 468M->336M(494M) 20,972ms
[2020-11-04T20:45:58.251+0300][150,006s][info][gc] GC(2010) Pause Young (Allocation Failure) 472M->340M(494M) 20,776ms
[2020-11-04T20:45:58.323+0300][150,078s][info][gc] GC(2011) Pause Young (Allocation Failure) 476M->344M(494M) 22,197ms
[2020-11-04T20:45:58.394+0300][150,148s][info][gc] GC(2012) Pause Young (Allocation Failure) 480M->348M(494M) 20,635ms
[2020-11-04T20:45:58.443+0300][150,198s][info][gc] GC(2013) Pause Young (Allocation Failure) 484M->484M(494M) 0,048ms
[2020-11-04T20:45:58.663+0300][150,418s][info][gc] GC(2014) Pause Full (Allocation Failure) 484M->249M(494M) 220,190ms
[2020-11-04T20:45:58.727+0300][150,482s][info][gc] GC(2015) Pause Young (Allocation Failure) 385M->253M(494M) 12,233ms
[2020-11-04T20:45:58.791+0300][150,546s][info][gc] GC(2016) Pause Young (Allocation Failure) 389M->257M(494M) 14,490ms
[2020-11-04T20:45:58.860+0300][150,615s][info][gc] GC(2017) Pause Young (Allocation Failure) 393M->261M(494M) 19,484ms
[2020-11-04T20:45:58.930+0300][150,685s][info][gc] GC(2018) Pause Young (Allocation Failure) 397M->265M(494M) 20,404ms
[2020-11-04T20:45:59.000+0300][150,755s][info][gc] GC(2019) Pause Young (Allocation Failure) 401M->269M(494M) 20,549ms
[2020-11-04T20:45:59.070+0300][150,825s][info][gc] GC(2020) Pause Young (Allocation Failure) 405M->273M(494M) 20,729ms
[2020-11-04T20:45:59.143+0300][150,897s][info][gc] GC(2021) Pause Young (Allocation Failure) 409M->277M(494M) 22,483ms
[2020-11-04T20:45:59.213+0300][150,967s][info][gc] GC(2022) Pause Young (Allocation Failure) 413M->281M(494M) 20,725ms
[2020-11-04T20:45:59.283+0300][151,037s][info][gc] GC(2023) Pause Young (Allocation Failure) 417M->285M(494M) 20,599ms
[2020-11-04T20:45:59.353+0300][151,107s][info][gc] GC(2024) Pause Young (Allocation Failure) 421M->289M(494M) 20,558ms
[2020-11-04T20:45:59.425+0300][151,180s][info][gc] GC(2025) Pause Young (Allocation Failure) 425M->293M(494M) 22,650ms
[2020-11-04T20:45:59.495+0300][151,250s][info][gc] GC(2026) Pause Young (Allocation Failure) 429M->297M(494M) 20,584ms
[2020-11-04T20:45:59.566+0300][151,320s][info][gc] GC(2027) Pause Young (Allocation Failure) 433M->301M(494M) 20,978ms
[2020-11-04T20:45:59.636+0300][151,391s][info][gc] GC(2028) Pause Young (Allocation Failure) 437M->305M(494M) 20,778ms
[2020-11-04T20:45:59.706+0300][151,461s][info][gc] GC(2029) Pause Young (Allocation Failure) 441M->309M(494M) 20,599ms
[2020-11-04T20:45:59.777+0300][151,531s][info][gc] GC(2030) Pause Young (Allocation Failure) 445M->313M(494M) 20,623ms
[2020-11-04T20:45:59.859+0300][151,614s][info][gc] GC(2031) Pause Young (Allocation Failure) 449M->321M(494M) 21,654ms
[2020-11-04T20:45:59.931+0300][151,685s][info][gc] GC(2032) Pause Young (Allocation Failure) 457M->325M(494M) 22,171ms
[2020-11-04T20:46:00.000+0300][151,754s][info][gc] GC(2033) Pause Young (Allocation Failure) 461M->329M(494M) 19,359ms
[2020-11-04T20:46:00.067+0300][151,821s][info][gc] GC(2034) Pause Young (Allocation Failure) 465M->333M(494M) 17,696ms
[2020-11-04T20:46:00.137+0300][151,892s][info][gc] GC(2035) Pause Young (Allocation Failure) 469M->337M(494M) 20,842ms
[2020-11-04T20:46:00.207+0300][151,962s][info][gc] GC(2036) Pause Young (Allocation Failure) 473M->341M(494M) 20,417ms
[2020-11-04T20:46:00.278+0300][152,032s][info][gc] GC(2037) Pause Young (Allocation Failure) 477M->345M(494M) 20,922ms
[2020-11-04T20:46:00.348+0300][152,102s][info][gc] GC(2038) Pause Young (Allocation Failure) 481M->349M(494M) 20,923ms
[2020-11-04T20:46:00.397+0300][152,152s][info][gc] GC(2039) Pause Young (Allocation Failure) 485M->485M(494M) 0,058ms
[2020-11-04T20:46:00.620+0300][152,374s][info][gc] GC(2040) Pause Full (Allocation Failure) 485M->235M(494M) 222,423ms
[2020-11-04T20:46:00.683+0300][152,438s][info][gc] GC(2041) Pause Young (Allocation Failure) 371M->239M(494M) 11,754ms
[2020-11-04T20:46:00.747+0300][152,501s][info][gc] GC(2042) Pause Young (Allocation Failure) 375M->243M(494M) 14,547ms
[2020-11-04T20:46:00.814+0300][152,568s][info][gc] GC(2043) Pause Young (Allocation Failure) 379M->247M(494M) 17,625ms
[2020-11-04T20:46:00.884+0300][152,639s][info][gc] GC(2044) Pause Young (Allocation Failure) 383M->251M(494M) 20,781ms
[2020-11-04T20:46:00.955+0300][152,710s][info][gc] GC(2045) Pause Young (Allocation Failure) 387M->255M(494M) 20,955ms
[2020-11-04T20:46:01.025+0300][152,780s][info][gc] GC(2046) Pause Young (Allocation Failure) 391M->259M(494M) 20,469ms
[2020-11-04T20:46:01.095+0300][152,850s][info][gc] GC(2047) Pause Young (Allocation Failure) 395M->263M(494M) 20,799ms
[2020-11-04T20:46:01.168+0300][152,922s][info][gc] GC(2048) Pause Young (Allocation Failure) 399M->267M(494M) 20,858ms
[2020-11-04T20:46:01.238+0300][152,993s][info][gc] GC(2049) Pause Young (Allocation Failure) 403M->271M(494M) 20,993ms
[2020-11-04T20:46:01.311+0300][153,065s][info][gc] GC(2050) Pause Young (Allocation Failure) 407M->275M(494M) 20,622ms
[2020-11-04T20:46:01.381+0300][153,136s][info][gc] GC(2051) Pause Young (Allocation Failure) 411M->279M(494M) 20,987ms
[2020-11-04T20:46:01.452+0300][153,207s][info][gc] GC(2052) Pause Young (Allocation Failure) 415M->283M(494M) 21,235ms
[2020-11-04T20:46:01.523+0300][153,277s][info][gc] GC(2053) Pause Young (Allocation Failure) 419M->287M(494M) 20,427ms
[2020-11-04T20:46:01.593+0300][153,348s][info][gc] GC(2054) Pause Young (Allocation Failure) 423M->291M(494M) 20,753ms
[2020-11-04T20:46:01.663+0300][153,418s][info][gc] GC(2055) Pause Young (Allocation Failure) 427M->295M(494M) 20,872ms
[2020-11-04T20:46:01.734+0300][153,489s][info][gc] GC(2056) Pause Young (Allocation Failure) 431M->299M(494M) 20,989ms
[2020-11-04T20:46:01.818+0300][153,572s][info][gc] GC(2057) Pause Young (Allocation Failure) 435M->306M(494M) 21,944ms
[2020-11-04T20:46:01.890+0300][153,644s][info][gc] GC(2058) Pause Young (Allocation Failure) 443M->310M(494M) 22,351ms
[2020-11-04T20:46:01.959+0300][153,713s][info][gc] GC(2059) Pause Young (Allocation Failure) 447M->314M(494M) 19,482ms
[2020-11-04T20:46:02.025+0300][153,780s][info][gc] GC(2060) Pause Young (Allocation Failure) 451M->318M(494M) 17,625ms
[2020-11-04T20:46:02.096+0300][153,850s][info][gc] GC(2061) Pause Young (Allocation Failure) 455M->322M(494M) 20,934ms
[2020-11-04T20:46:02.166+0300][153,920s][info][gc] GC(2062) Pause Young (Allocation Failure) 459M->326M(494M) 20,381ms
[2020-11-04T20:46:02.236+0300][153,991s][info][gc] GC(2063) Pause Young (Allocation Failure) 463M->330M(494M) 20,819ms
[2020-11-04T20:46:02.306+0300][154,061s][info][gc] GC(2064) Pause Young (Allocation Failure) 467M->334M(494M) 20,581ms
[2020-11-04T20:46:02.378+0300][154,132s][info][gc] GC(2065) Pause Young (Allocation Failure) 471M->338M(494M) 21,819ms
[2020-11-04T20:46:02.448+0300][154,203s][info][gc] GC(2066) Pause Young (Allocation Failure) 475M->343M(494M) 20,419ms
[2020-11-04T20:46:02.520+0300][154,275s][info][gc] GC(2067) Pause Young (Allocation Failure) 479M->347M(494M) 20,746ms
[2020-11-04T20:46:02.592+0300][154,347s][info][gc] GC(2068) Pause Young (Allocation Failure) 483M->351M(494M) 22,495ms
[2020-11-04T20:46:02.642+0300][154,397s][info][gc] GC(2069) Pause Young (Allocation Failure) 487M->487M(494M) 0,048ms
[2020-11-04T20:46:02.879+0300][154,633s][info][gc] GC(2070) Pause Full (Allocation Failure) 487M->269M(494M) 236,404ms
[2020-11-04T20:46:02.942+0300][154,696s][info][gc] GC(2071) Pause Young (Allocation Failure) 405M->273M(494M) 11,639ms
[2020-11-04T20:46:03.006+0300][154,760s][info][gc] GC(2072) Pause Young (Allocation Failure) 409M->277M(494M) 14,505ms
[2020-11-04T20:46:03.073+0300][154,827s][info][gc] GC(2073) Pause Young (Allocation Failure) 413M->281M(494M) 17,254ms
[2020-11-04T20:46:03.147+0300][154,901s][info][gc] GC(2074) Pause Young (Allocation Failure) 417M->285M(494M) 22,611ms
[2020-11-04T20:46:03.217+0300][154,972s][info][gc] GC(2075) Pause Young (Allocation Failure) 421M->289M(494M) 20,915ms
[2020-11-04T20:46:03.288+0300][155,042s][info][gc] GC(2076) Pause Young (Allocation Failure) 425M->293M(494M) 20,833ms
[2020-11-04T20:46:03.360+0300][155,114s][info][gc] GC(2077) Pause Young (Allocation Failure) 429M->297M(494M) 20,572ms
[2020-11-04T20:46:03.431+0300][155,186s][info][gc] GC(2078) Pause Young (Allocation Failure) 433M->301M(494M) 22,158ms
[2020-11-04T20:46:03.503+0300][155,258s][info][gc] GC(2079) Pause Young (Allocation Failure) 437M->305M(494M) 22,399ms
[2020-11-04T20:46:03.574+0300][155,328s][info][gc] GC(2080) Pause Young (Allocation Failure) 441M->309M(494M) 20,635ms
[2020-11-04T20:46:03.645+0300][155,399s][info][gc] GC(2081) Pause Young (Allocation Failure) 445M->313M(494M) 21,521ms
[2020-11-04T20:46:03.715+0300][155,470s][info][gc] GC(2082) Pause Young (Allocation Failure) 449M->317M(494M) 20,780ms
[2020-11-04T20:46:03.798+0300][155,553s][info][gc] GC(2083) Pause Young (Allocation Failure) 453M->324M(494M) 22,043ms
[2020-11-04T20:46:03.872+0300][155,627s][info][gc] GC(2084) Pause Young (Allocation Failure) 461M->328M(494M) 22,445ms
[2020-11-04T20:46:03.941+0300][155,696s][info][gc] GC(2085) Pause Young (Allocation Failure) 465M->332M(494M) 19,480ms
[2020-11-04T20:46:04.009+0300][155,763s][info][gc] GC(2086) Pause Young (Allocation Failure) 469M->336M(494M) 17,730ms
[2020-11-04T20:46:04.079+0300][155,833s][info][gc] GC(2087) Pause Young (Allocation Failure) 473M->340M(494M) 20,930ms
[2020-11-04T20:46:04.149+0300][155,904s][info][gc] GC(2088) Pause Young (Allocation Failure) 477M->344M(494M) 20,889ms
[2020-11-04T20:46:04.219+0300][155,974s][info][gc] GC(2089) Pause Young (Allocation Failure) 481M->348M(494M) 20,487ms
[2020-11-04T20:46:04.271+0300][156,026s][info][gc] GC(2090) Pause Young (Allocation Failure) 485M->485M(494M) 0,067ms
[2020-11-04T20:46:04.488+0300][156,243s][info][gc] GC(2091) Pause Full (Allocation Failure) 485M->249M(494M) 216,871ms
[2020-11-04T20:46:04.552+0300][156,307s][info][gc] GC(2092) Pause Young (Allocation Failure) 386M->253M(494M) 11,990ms
[2020-11-04T20:46:04.620+0300][156,374s][info][gc] GC(2093) Pause Young (Allocation Failure) 390M->257M(494M) 14,816ms
[2020-11-04T20:46:04.687+0300][156,441s][info][gc] GC(2094) Pause Young (Allocation Failure) 394M->261M(494M) 17,368ms
[2020-11-04T20:46:04.758+0300][156,512s][info][gc] GC(2095) Pause Young (Allocation Failure) 398M->265M(494M) 20,633ms
[2020-11-04T20:46:04.828+0300][156,583s][info][gc] GC(2096) Pause Young (Allocation Failure) 402M->269M(494M) 20,642ms
[2020-11-04T20:46:04.898+0300][156,653s][info][gc] GC(2097) Pause Young (Allocation Failure) 406M->273M(494M) 20,651ms
[2020-11-04T20:46:04.968+0300][156,723s][info][gc] GC(2098) Pause Young (Allocation Failure) 410M->278M(494M) 20,670ms
[2020-11-04T20:46:05.039+0300][156,793s][info][gc] GC(2099) Pause Young (Allocation Failure) 414M->282M(494M) 20,573ms
[2020-11-04T20:46:05.110+0300][156,864s][info][gc] GC(2100) Pause Young (Allocation Failure) 418M->286M(494M) 21,580ms
[2020-11-04T20:46:05.182+0300][156,936s][info][gc] GC(2101) Pause Young (Allocation Failure) 422M->290M(494M) 22,313ms
[2020-11-04T20:46:05.252+0300][157,006s][info][gc] GC(2102) Pause Young (Allocation Failure) 426M->294M(494M) 20,295ms
[2020-11-04T20:46:05.324+0300][157,078s][info][gc] GC(2103) Pause Young (Allocation Failure) 430M->298M(494M) 21,922ms
[2020-11-04T20:46:05.394+0300][157,149s][info][gc] GC(2104) Pause Young (Allocation Failure) 434M->302M(494M) 20,648ms
[2020-11-04T20:46:05.464+0300][157,219s][info][gc] GC(2105) Pause Young (Allocation Failure) 438M->306M(494M) 20,796ms
[2020-11-04T20:46:05.537+0300][157,291s][info][gc] GC(2106) Pause Young (Allocation Failure) 442M->310M(494M) 20,784ms
[2020-11-04T20:46:05.609+0300][157,363s][info][gc] GC(2107) Pause Young (Allocation Failure) 446M->314M(494M) 22,001ms
[2020-11-04T20:46:05.680+0300][157,434s][info][gc] GC(2108) Pause Young (Allocation Failure) 450M->318M(494M) 20,779ms
[2020-11-04T20:46:05.752+0300][157,507s][info][gc] GC(2109) Pause Young (Allocation Failure) 454M->322M(494M) 22,806ms
[2020-11-04T20:46:05.836+0300][157,591s][info][gc] GC(2110) Pause Young (Allocation Failure) 458M->329M(494M) 21,665ms
[2020-11-04T20:46:05.908+0300][157,662s][info][gc] GC(2111) Pause Young (Allocation Failure) 466M->333M(494M) 22,234ms
[2020-11-04T20:46:05.977+0300][157,731s][info][gc] GC(2112) Pause Young (Allocation Failure) 470M->337M(494M) 19,387ms
[2020-11-04T20:46:06.044+0300][157,798s][info][gc] GC(2113) Pause Young (Allocation Failure) 474M->341M(494M) 17,467ms
[2020-11-04T20:46:06.114+0300][157,869s][info][gc] GC(2114) Pause Young (Allocation Failure) 478M->345M(494M) 20,679ms
[2020-11-04T20:46:06.185+0300][157,939s][info][gc] GC(2115) Pause Young (Allocation Failure) 482M->349M(494M) 20,666ms
[2020-11-04T20:46:06.234+0300][157,989s][info][gc] GC(2116) Pause Young (Allocation Failure) 486M->486M(494M) 0,078ms
[2020-11-04T20:46:06.450+0300][158,204s][info][gc] GC(2117) Pause Full (Allocation Failure) 486M->250M(494M) 215,511ms
[2020-11-04T20:46:06.515+0300][158,269s][info][gc] GC(2118) Pause Young (Allocation Failure) 387M->254M(494M) 13,072ms
[2020-11-04T20:46:06.579+0300][158,334s][info][gc] GC(2119) Pause Young (Allocation Failure) 391M->258M(494M) 14,716ms
[2020-11-04T20:46:06.647+0300][158,401s][info][gc] GC(2120) Pause Young (Allocation Failure) 395M->262M(494M) 17,374ms
[2020-11-04T20:46:06.719+0300][158,473s][info][gc] GC(2121) Pause Young (Allocation Failure) 399M->266M(494M) 22,244ms
[2020-11-04T20:46:06.789+0300][158,544s][info][gc] GC(2122) Pause Young (Allocation Failure) 403M->270M(494M) 20,656ms
[2020-11-04T20:46:06.860+0300][158,614s][info][gc] GC(2123) Pause Young (Allocation Failure) 407M->274M(494M) 20,554ms
[2020-11-04T20:46:06.930+0300][158,685s][info][gc] GC(2124) Pause Young (Allocation Failure) 411M->278M(494M) 20,741ms
[2020-11-04T20:46:07.001+0300][158,755s][info][gc] GC(2125) Pause Young (Allocation Failure) 415M->282M(494M) 20,619ms
[2020-11-04T20:46:07.073+0300][158,827s][info][gc] GC(2126) Pause Young (Allocation Failure) 419M->286M(494M) 21,918ms
[2020-11-04T20:46:07.144+0300][158,899s][info][gc] GC(2127) Pause Young (Allocation Failure) 423M->290M(494M) 21,975ms
[2020-11-04T20:46:07.215+0300][158,969s][info][gc] GC(2128) Pause Young (Allocation Failure) 427M->294M(494M) 20,754ms
[2020-11-04T20:46:07.287+0300][159,041s][info][gc] GC(2129) Pause Young (Allocation Failure) 431M->298M(494M) 22,514ms
[2020-11-04T20:46:07.357+0300][159,112s][info][gc] GC(2130) Pause Young (Allocation Failure) 435M->303M(494M) 20,663ms
[2020-11-04T20:46:07.428+0300][159,182s][info][gc] GC(2131) Pause Young (Allocation Failure) 439M->307M(494M) 20,786ms
[2020-11-04T20:46:07.500+0300][159,254s][info][gc] GC(2132) Pause Young (Allocation Failure) 443M->311M(494M) 22,456ms
[2020-11-04T20:46:07.570+0300][159,325s][info][gc] GC(2133) Pause Young (Allocation Failure) 447M->315M(494M) 20,691ms
[2020-11-04T20:46:07.642+0300][159,396s][info][gc] GC(2134) Pause Young (Allocation Failure) 451M->319M(494M) 22,004ms
[2020-11-04T20:46:07.712+0300][159,467s][info][gc] GC(2135) Pause Young (Allocation Failure) 455M->323M(494M) 20,689ms
[2020-11-04T20:46:07.797+0300][159,551s][info][gc] GC(2136) Pause Young (Allocation Failure) 459M->330M(494M) 23,301ms
[2020-11-04T20:46:07.869+0300][159,623s][info][gc] GC(2137) Pause Young (Allocation Failure) 467M->334M(494M) 22,108ms
[2020-11-04T20:46:07.939+0300][159,693s][info][gc] GC(2138) Pause Young (Allocation Failure) 471M->338M(494M) 20,150ms
[2020-11-04T20:46:08.006+0300][159,761s][info][gc] GC(2139) Pause Young (Allocation Failure) 475M->342M(494M) 17,481ms
[2020-11-04T20:46:08.076+0300][159,831s][info][gc] GC(2140) Pause Young (Allocation Failure) 479M->346M(494M) 20,680ms
[2020-11-04T20:46:08.126+0300][159,880s][info][gc] GC(2141) Pause Young (Allocation Failure) 483M->483M(494M) 0,048ms
[2020-11-04T20:46:08.338+0300][160,093s][info][gc] GC(2142) Pause Full (Allocation Failure) 483M->230M(494M) 212,789ms
[2020-11-04T20:46:08.402+0300][160,157s][info][gc] GC(2143) Pause Young (Allocation Failure) 367M->234M(494M) 11,638ms
[2020-11-04T20:46:08.466+0300][160,221s][info][gc] GC(2144) Pause Young (Allocation Failure) 371M->238M(494M) 14,707ms
[2020-11-04T20:46:08.534+0300][160,288s][info][gc] GC(2145) Pause Young (Allocation Failure) 375M->242M(494M) 17,404ms
[2020-11-04T20:46:08.606+0300][160,360s][info][gc] GC(2146) Pause Young (Allocation Failure) 379M->246M(494M) 22,447ms
[2020-11-04T20:46:08.676+0300][160,430s][info][gc] GC(2147) Pause Young (Allocation Failure) 383M->250M(494M) 20,608ms
[2020-11-04T20:46:08.746+0300][160,501s][info][gc] GC(2148) Pause Young (Allocation Failure) 387M->254M(494M) 20,708ms
[2020-11-04T20:46:08.817+0300][160,571s][info][gc] GC(2149) Pause Young (Allocation Failure) 391M->258M(494M) 20,626ms
[2020-11-04T20:46:08.887+0300][160,641s][info][gc] GC(2150) Pause Young (Allocation Failure) 395M->262M(494M) 20,701ms
[2020-11-04T20:46:08.957+0300][160,712s][info][gc] GC(2151) Pause Young (Allocation Failure) 399M->266M(494M) 20,711ms
[2020-11-04T20:46:09.028+0300][160,782s][info][gc] GC(2152) Pause Young (Allocation Failure) 403M->270M(494M) 20,805ms
[2020-11-04T20:46:09.099+0300][160,853s][info][gc] GC(2153) Pause Young (Allocation Failure) 407M->274M(494M) 20,796ms
[2020-11-04T20:46:09.170+0300][160,925s][info][gc] GC(2154) Pause Young (Allocation Failure) 411M->278M(494M) 20,701ms
[2020-11-04T20:46:09.241+0300][160,995s][info][gc] GC(2155) Pause Young (Allocation Failure) 415M->282M(494M) 20,666ms
[2020-11-04T20:46:09.311+0300][161,066s][info][gc] GC(2156) Pause Young (Allocation Failure) 419M->286M(494M) 20,348ms
[2020-11-04T20:46:09.382+0300][161,136s][info][gc] GC(2157) Pause Young (Allocation Failure) 423M->290M(494M) 20,801ms
[2020-11-04T20:46:09.452+0300][161,206s][info][gc] GC(2158) Pause Young (Allocation Failure) 427M->294M(494M) 20,755ms
[2020-11-04T20:46:09.526+0300][161,281s][info][gc] GC(2159) Pause Young (Allocation Failure) 431M->298M(494M) 21,608ms
[2020-11-04T20:46:09.633+0300][161,387s][info][gc] GC(2160) Pause Young (Allocation Failure) 435M->302M(494M) 21,813ms
[2020-11-04T20:46:09.718+0300][161,473s][info][gc] GC(2161) Pause Young (Allocation Failure) 439M->306M(494M) 21,810ms
[2020-11-04T20:46:09.840+0300][161,594s][info][gc] GC(2162) Pause Young (Allocation Failure) 440M->310M(494M) 26,992ms
[2020-11-04T20:46:09.913+0300][161,667s][info][gc] GC(2163) Pause Young (Allocation Failure) 447M->318M(494M) 21,960ms
[2020-11-04T20:46:09.991+0300][161,745s][info][gc] GC(2164) Pause Young (Allocation Failure) 455M->322M(494M) 23,229ms
[2020-11-04T20:46:10.062+0300][161,817s][info][gc] GC(2165) Pause Young (Allocation Failure) 459M->326M(494M) 20,961ms
[2020-11-04T20:46:10.130+0300][161,884s][info][gc] GC(2166) Pause Young (Allocation Failure) 463M->330M(494M) 18,110ms
[2020-11-04T20:46:10.203+0300][161,958s][info][gc] GC(2167) Pause Young (Allocation Failure) 467M->334M(494M) 23,248ms
[2020-11-04T20:46:10.276+0300][162,030s][info][gc] GC(2168) Pause Young (Allocation Failure) 471M->338M(494M) 22,241ms
[2020-11-04T20:46:10.347+0300][162,102s][info][gc] GC(2169) Pause Young (Allocation Failure) 475M->342M(494M) 20,481ms
[2020-11-04T20:46:10.420+0300][162,174s][info][gc] GC(2170) Pause Young (Allocation Failure) 479M->346M(494M) 20,884ms
[2020-11-04T20:46:10.494+0300][162,248s][info][gc] GC(2171) Pause Young (Allocation Failure) 483M->350M(494M) 21,997ms
[2020-11-04T20:46:10.545+0300][162,300s][info][gc] GC(2172) Pause Young (Allocation Failure) 487M->487M(494M) 0,058ms
[2020-11-04T20:46:10.779+0300][162,533s][info][gc] GC(2173) Pause Full (Allocation Failure) 487M->264M(494M) 233,512ms
[2020-11-04T20:46:10.839+0300][162,594s][info][gc] GC(2174) Pause Young (Allocation Failure) 401M->268M(494M) 11,719ms
[2020-11-04T20:46:10.905+0300][162,659s][info][gc] GC(2175) Pause Young (Allocation Failure) 405M->272M(494M) 14,370ms
[2020-11-04T20:46:10.973+0300][162,728s][info][gc] GC(2176) Pause Young (Allocation Failure) 409M->276M(494M) 19,104ms
[2020-11-04T20:46:11.050+0300][162,805s][info][gc] GC(2177) Pause Young (Allocation Failure) 413M->280M(494M) 22,305ms
[2020-11-04T20:46:11.124+0300][162,879s][info][gc] GC(2178) Pause Young (Allocation Failure) 417M->284M(494M) 22,295ms
[2020-11-04T20:46:11.196+0300][162,951s][info][gc] GC(2179) Pause Young (Allocation Failure) 421M->288M(494M) 22,600ms
[2020-11-04T20:46:11.269+0300][163,023s][info][gc] GC(2180) Pause Young (Allocation Failure) 425M->292M(494M) 22,520ms
[2020-11-04T20:46:11.339+0300][163,093s][info][gc] GC(2181) Pause Young (Allocation Failure) 429M->296M(494M) 20,793ms
[2020-11-04T20:46:11.411+0300][163,166s][info][gc] GC(2182) Pause Young (Allocation Failure) 433M->300M(494M) 20,690ms
[2020-11-04T20:46:11.483+0300][163,238s][info][gc] GC(2183) Pause Young (Allocation Failure) 437M->304M(494M) 22,493ms
[2020-11-04T20:46:11.553+0300][163,308s][info][gc] GC(2184) Pause Young (Allocation Failure) 441M->308M(494M) 20,537ms
[2020-11-04T20:46:11.623+0300][163,378s][info][gc] GC(2185) Pause Young (Allocation Failure) 445M->312M(494M) 20,482ms
[2020-11-04T20:46:11.696+0300][163,450s][info][gc] GC(2186) Pause Young (Allocation Failure) 449M->316M(494M) 22,448ms
[2020-11-04T20:46:11.769+0300][163,523s][info][gc] GC(2187) Pause Young (Allocation Failure) 453M->320M(494M) 23,579ms
[2020-11-04T20:46:11.839+0300][163,594s][info][gc] GC(2188) Pause Young (Allocation Failure) 457M->324M(494M) 20,859ms
[2020-11-04T20:46:11.924+0300][163,679s][info][gc] GC(2189) Pause Young (Allocation Failure) 461M->332M(494M) 21,979ms
[2020-11-04T20:46:11.997+0300][163,752s][info][gc] GC(2190) Pause Young (Allocation Failure) 469M->336M(494M) 23,911ms
[2020-11-04T20:46:12.068+0300][163,823s][info][gc] GC(2191) Pause Young (Allocation Failure) 473M->340M(494M) 21,229ms
[2020-11-04T20:46:12.137+0300][163,892s][info][gc] GC(2192) Pause Young (Allocation Failure) 477M->344M(494M) 19,536ms
[2020-11-04T20:46:12.209+0300][163,963s][info][gc] GC(2193) Pause Young (Allocation Failure) 481M->348M(494M) 20,543ms
[2020-11-04T20:46:12.258+0300][164,013s][info][gc] GC(2194) Pause Young (Allocation Failure) 485M->485M(494M) 0,059ms
[2020-11-04T20:46:12.477+0300][164,231s][info][gc] GC(2195) Pause Full (Allocation Failure) 485M->253M(494M) 218,206ms
[2020-11-04T20:46:12.539+0300][164,294s][info][gc] GC(2196) Pause Young (Allocation Failure) 390M->257M(494M) 11,798ms
[2020-11-04T20:46:12.607+0300][164,362s][info][gc] GC(2197) Pause Young (Allocation Failure) 394M->261M(494M) 16,594ms
[2020-11-04T20:46:12.676+0300][164,430s][info][gc] GC(2198) Pause Young (Allocation Failure) 398M->265M(494M) 19,478ms
[2020-11-04T20:46:12.746+0300][164,501s][info][gc] GC(2199) Pause Young (Allocation Failure) 402M->269M(494M) 20,838ms
[2020-11-04T20:46:12.818+0300][164,573s][info][gc] GC(2200) Pause Young (Allocation Failure) 406M->273M(494M) 20,775ms
[2020-11-04T20:46:12.890+0300][164,645s][info][gc] GC(2201) Pause Young (Allocation Failure) 410M->277M(494M) 22,488ms
[2020-11-04T20:46:12.961+0300][164,715s][info][gc] GC(2202) Pause Young (Allocation Failure) 414M->281M(494M) 20,825ms
[2020-11-04T20:46:13.031+0300][164,785s][info][gc] GC(2203) Pause Young (Allocation Failure) 418M->285M(494M) 20,672ms
[2020-11-04T20:46:13.101+0300][164,856s][info][gc] GC(2204) Pause Young (Allocation Failure) 422M->289M(494M) 20,958ms
[2020-11-04T20:46:13.173+0300][164,928s][info][gc] GC(2205) Pause Young (Allocation Failure) 426M->293M(494M) 22,277ms
[2020-11-04T20:46:13.243+0300][164,998s][info][gc] GC(2206) Pause Young (Allocation Failure) 430M->297M(494M) 20,765ms
[2020-11-04T20:46:13.315+0300][165,070s][info][gc] GC(2207) Pause Young (Allocation Failure) 434M->301M(494M) 20,801ms
[2020-11-04T20:46:13.387+0300][165,142s][info][gc] GC(2208) Pause Young (Allocation Failure) 438M->305M(494M) 22,170ms
[2020-11-04T20:46:13.459+0300][165,214s][info][gc] GC(2209) Pause Young (Allocation Failure) 442M->309M(494M) 22,316ms
[2020-11-04T20:46:13.534+0300][165,289s][info][gc] GC(2210) Pause Young (Allocation Failure) 446M->313M(494M) 23,350ms
[2020-11-04T20:46:13.610+0300][165,364s][info][gc] GC(2211) Pause Young (Allocation Failure) 450M->317M(494M) 21,564ms
[2020-11-04T20:46:13.684+0300][165,438s][info][gc] GC(2212) Pause Young (Allocation Failure) 454M->321M(494M) 21,837ms
[2020-11-04T20:46:13.758+0300][165,512s][info][gc] GC(2213) Pause Young (Allocation Failure) 458M->325M(494M) 22,846ms
[2020-11-04T20:46:13.830+0300][165,584s][info][gc] GC(2214) Pause Young (Allocation Failure) 462M->329M(494M) 20,907ms
[2020-11-04T20:46:13.918+0300][165,672s][info][gc] GC(2215) Pause Young (Allocation Failure) 466M->337M(494M) 24,300ms
[2020-11-04T20:46:13.992+0300][165,747s][info][gc] GC(2216) Pause Young (Allocation Failure) 473M->341M(494M) 23,576ms
[2020-11-04T20:46:14.064+0300][165,818s][info][gc] GC(2217) Pause Young (Allocation Failure) 477M->345M(494M) 19,786ms
[2020-11-04T20:46:14.115+0300][165,870s][info][gc] GC(2218) Pause Young (Allocation Failure) 481M->481M(494M) 0,059ms
[2020-11-04T20:46:14.327+0300][166,082s][info][gc] GC(2219) Pause Full (Allocation Failure) 481M->246M(494M) 212,105ms
[2020-11-04T20:46:14.393+0300][166,148s][info][gc] GC(2220) Pause Young (Allocation Failure) 382M->250M(494M) 12,989ms
[2020-11-04T20:46:14.459+0300][166,214s][info][gc] GC(2221) Pause Young (Allocation Failure) 386M->254M(494M) 14,798ms
[2020-11-04T20:46:14.529+0300][166,284s][info][gc] GC(2222) Pause Young (Allocation Failure) 390M->258M(494M) 19,488ms
[2020-11-04T20:46:14.606+0300][166,360s][info][gc] GC(2223) Pause Young (Allocation Failure) 395M->262M(494M) 23,277ms
[2020-11-04T20:46:14.678+0300][166,432s][info][gc] GC(2224) Pause Young (Allocation Failure) 399M->266M(494M) 21,575ms
[2020-11-04T20:46:14.752+0300][166,506s][info][gc] GC(2225) Pause Young (Allocation Failure) 403M->270M(494M) 23,011ms
[2020-11-04T20:46:14.827+0300][166,582s][info][gc] GC(2226) Pause Young (Allocation Failure) 407M->274M(494M) 22,223ms
[2020-11-04T20:46:14.901+0300][166,655s][info][gc] GC(2227) Pause Young (Allocation Failure) 411M->278M(494M) 22,620ms
[2020-11-04T20:46:14.975+0300][166,729s][info][gc] GC(2228) Pause Young (Allocation Failure) 415M->282M(494M) 22,547ms
[2020-11-04T20:46:15.053+0300][166,808s][info][gc] GC(2229) Pause Young (Allocation Failure) 419M->286M(494M) 23,030ms
[2020-11-04T20:46:15.128+0300][166,882s][info][gc] GC(2230) Pause Young (Allocation Failure) 423M->290M(494M) 21,135ms
[2020-11-04T20:46:15.208+0300][166,962s][info][gc] GC(2231) Pause Young (Allocation Failure) 427M->294M(494M) 28,521ms
[2020-11-04T20:46:15.281+0300][167,036s][info][gc] GC(2232) Pause Young (Allocation Failure) 431M->298M(494M) 22,927ms
[2020-11-04T20:46:15.351+0300][167,106s][info][gc] GC(2233) Pause Young (Allocation Failure) 435M->302M(494M) 20,525ms
[2020-11-04T20:46:15.423+0300][167,178s][info][gc] GC(2234) Pause Young (Allocation Failure) 439M->306M(494M) 20,750ms
[2020-11-04T20:46:15.496+0300][167,250s][info][gc] GC(2235) Pause Young (Allocation Failure) 443M->310M(494M) 22,331ms
[2020-11-04T20:46:15.567+0300][167,321s][info][gc] GC(2236) Pause Young (Allocation Failure) 447M->314M(494M) 20,844ms
[2020-11-04T20:46:15.638+0300][167,392s][info][gc] GC(2237) Pause Young (Allocation Failure) 451M->318M(494M) 21,704ms
[2020-11-04T20:46:15.712+0300][167,466s][info][gc] GC(2238) Pause Young (Allocation Failure) 455M->322M(494M) 22,564ms
[2020-11-04T20:46:15.784+0300][167,539s][info][gc] GC(2239) Pause Young (Allocation Failure) 459M->326M(494M) 22,420ms
[2020-11-04T20:46:15.855+0300][167,610s][info][gc] GC(2240) Pause Young (Allocation Failure) 463M->330M(494M) 20,460ms
[2020-11-04T20:46:15.928+0300][167,682s][info][gc] GC(2241) Pause Young (Allocation Failure) 467M->334M(494M) 20,872ms
[2020-11-04T20:46:16.012+0300][167,767s][info][gc] GC(2242) Pause Young (Allocation Failure) 471M->342M(494M) 23,072ms
[2020-11-04T20:46:16.088+0300][167,842s][info][gc] GC(2243) Pause Young (Allocation Failure) 478M->346M(494M) 24,005ms
[2020-11-04T20:46:16.177+0300][167,931s][info][gc] GC(2244) Pause Young (Allocation Failure) 482M->485M(494M) 39,456ms
[2020-11-04T20:46:16.369+0300][168,124s][info][gc] GC(2245) Pause Full (Allocation Failure) 485M->230M(494M) 192,498ms
[2020-11-04T20:46:16.432+0300][168,187s][info][gc] GC(2246) Pause Young (Allocation Failure) 366M->234M(494M) 11,757ms
[2020-11-04T20:46:16.496+0300][168,251s][info][gc] GC(2247) Pause Young (Allocation Failure) 371M->238M(494M) 14,396ms
[2020-11-04T20:46:16.565+0300][168,320s][info][gc] GC(2248) Pause Young (Allocation Failure) 375M->242M(494M) 19,363ms
[2020-11-04T20:46:16.638+0300][168,393s][info][gc] GC(2249) Pause Young (Allocation Failure) 379M->246M(494M) 23,104ms
[2020-11-04T20:46:16.713+0300][168,467s][info][gc] GC(2250) Pause Young (Allocation Failure) 383M->250M(494M) 23,217ms
[2020-11-04T20:46:16.785+0300][168,539s][info][gc] GC(2251) Pause Young (Allocation Failure) 387M->254M(494M) 22,574ms
[2020-11-04T20:46:16.857+0300][168,612s][info][gc] GC(2252) Pause Young (Allocation Failure) 391M->258M(494M) 20,748ms
[2020-11-04T20:46:16.929+0300][168,684s][info][gc] GC(2253) Pause Young (Allocation Failure) 395M->262M(494M) 20,514ms
[2020-11-04T20:46:17.003+0300][168,757s][info][gc] GC(2254) Pause Young (Allocation Failure) 399M->266M(494M) 23,525ms
[2020-11-04T20:46:17.074+0300][168,828s][info][gc] GC(2255) Pause Young (Allocation Failure) 403M->270M(494M) 21,442ms
[2020-11-04T20:46:17.144+0300][168,899s][info][gc] GC(2256) Pause Young (Allocation Failure) 407M->274M(494M) 21,023ms
[2020-11-04T20:46:17.217+0300][168,972s][info][gc] GC(2257) Pause Young (Allocation Failure) 411M->278M(494M) 21,256ms
[2020-11-04T20:46:17.289+0300][169,044s][info][gc] GC(2258) Pause Young (Allocation Failure) 415M->282M(494M) 22,246ms
[2020-11-04T20:46:17.360+0300][169,115s][info][gc] GC(2259) Pause Young (Allocation Failure) 419M->286M(494M) 20,901ms
[2020-11-04T20:46:17.432+0300][169,187s][info][gc] GC(2260) Pause Young (Allocation Failure) 423M->290M(494M) 20,858ms
[2020-11-04T20:46:17.502+0300][169,256s][info][gc] GC(2261) Pause Young (Allocation Failure) 427M->294M(494M) 18,689ms
[2020-11-04T20:46:17.568+0300][169,323s][info][gc] GC(2262) Pause Young (Allocation Failure) 431M->298M(494M) 18,822ms
[2020-11-04T20:46:17.634+0300][169,389s][info][gc] GC(2263) Pause Young (Allocation Failure) 435M->302M(494M) 18,579ms
[2020-11-04T20:46:17.700+0300][169,454s][info][gc] GC(2264) Pause Young (Allocation Failure) 439M->306M(494M) 18,730ms
[2020-11-04T20:46:17.765+0300][169,520s][info][gc] GC(2265) Pause Young (Allocation Failure) 443M->310M(494M) 18,568ms
[2020-11-04T20:46:17.831+0300][169,586s][info][gc] GC(2266) Pause Young (Allocation Failure) 447M->314M(494M) 18,657ms
[2020-11-04T20:46:17.897+0300][169,651s][info][gc] GC(2267) Pause Young (Allocation Failure) 451M->318M(494M) 18,725ms
[2020-11-04T20:46:17.978+0300][169,733s][info][gc] GC(2268) Pause Young (Allocation Failure) 455M->326M(494M) 22,031ms
[2020-11-04T20:46:18.050+0300][169,805s][info][gc] GC(2269) Pause Young (Allocation Failure) 462M->330M(494M) 22,294ms
[2020-11-04T20:46:18.119+0300][169,874s][info][gc] GC(2270) Pause Young (Allocation Failure) 466M->334M(494M) 19,618ms
[2020-11-04T20:46:18.188+0300][169,943s][info][gc] GC(2271) Pause Young (Allocation Failure) 470M->338M(494M) 19,057ms
[2020-11-04T20:46:18.260+0300][170,014s][info][gc] GC(2272) Pause Young (Allocation Failure) 474M->342M(494M) 22,310ms
[2020-11-04T20:46:18.332+0300][170,086s][info][gc] GC(2273) Pause Young (Allocation Failure) 478M->346M(494M) 20,694ms
[2020-11-04T20:46:18.404+0300][170,159s][info][gc] GC(2274) Pause Young (Allocation Failure) 482M->350M(494M) 22,514ms
[2020-11-04T20:46:18.454+0300][170,209s][info][gc] GC(2275) Pause Young (Allocation Failure) 486M->486M(494M) 0,058ms
[2020-11-04T20:46:18.682+0300][170,437s][info][gc] GC(2276) Pause Full (Allocation Failure) 486M->268M(494M) 228,192ms
[2020-11-04T20:46:18.746+0300][170,501s][info][gc] GC(2277) Pause Young (Allocation Failure) 404M->272M(494M) 12,411ms
[2020-11-04T20:46:18.812+0300][170,567s][info][gc] GC(2278) Pause Young (Allocation Failure) 408M->276M(494M) 14,764ms
[2020-11-04T20:46:18.881+0300][170,636s][info][gc] GC(2279) Pause Young (Allocation Failure) 412M->280M(494M) 19,307ms
[2020-11-04T20:46:18.953+0300][170,708s][info][gc] GC(2280) Pause Young (Allocation Failure) 416M->284M(494M) 20,612ms
[2020-11-04T20:46:19.023+0300][170,778s][info][gc] GC(2281) Pause Young (Allocation Failure) 420M->288M(494M) 20,697ms
[2020-11-04T20:46:19.096+0300][170,850s][info][gc] GC(2282) Pause Young (Allocation Failure) 424M->292M(494M) 23,031ms
[2020-11-04T20:46:19.166+0300][170,921s][info][gc] GC(2283) Pause Young (Allocation Failure) 428M->296M(494M) 20,996ms
[2020-11-04T20:46:19.240+0300][170,994s][info][gc] GC(2284) Pause Young (Allocation Failure) 432M->300M(494M) 22,646ms
[2020-11-04T20:46:19.316+0300][171,070s][info][gc] GC(2285) Pause Young (Allocation Failure) 436M->304M(494M) 23,708ms
[2020-11-04T20:46:19.388+0300][171,143s][info][gc] GC(2286) Pause Young (Allocation Failure) 440M->308M(494M) 22,342ms
[2020-11-04T20:46:19.458+0300][171,213s][info][gc] GC(2287) Pause Young (Allocation Failure) 444M->312M(494M) 20,806ms
[2020-11-04T20:46:19.532+0300][171,286s][info][gc] GC(2288) Pause Young (Allocation Failure) 448M->316M(494M) 20,915ms
[2020-11-04T20:46:19.602+0300][171,356s][info][gc] GC(2289) Pause Young (Allocation Failure) 452M->320M(494M) 20,695ms
[2020-11-04T20:46:19.673+0300][171,428s][info][gc] GC(2290) Pause Young (Allocation Failure) 456M->324M(494M) 20,822ms
[2020-11-04T20:46:19.746+0300][171,500s][info][gc] GC(2291) Pause Young (Allocation Failure) 460M->328M(494M) 22,733ms
[2020-11-04T20:46:19.817+0300][171,572s][info][gc] GC(2292) Pause Young (Allocation Failure) 464M->332M(494M) 20,536ms
[2020-11-04T20:46:19.889+0300][171,644s][info][gc] GC(2293) Pause Young (Allocation Failure) 468M->336M(494M) 22,253ms
[2020-11-04T20:46:19.971+0300][171,726s][info][gc] GC(2294) Pause Young (Allocation Failure) 472M->344M(494M) 22,194ms
[2020-11-04T20:46:20.046+0300][171,800s][info][gc] GC(2295) Pause Young (Allocation Failure) 480M->348M(494M) 22,465ms
[2020-11-04T20:46:20.097+0300][171,852s][info][gc] GC(2296) Pause Young (Allocation Failure) 484M->484M(494M) 0,047ms
[2020-11-04T20:46:20.305+0300][172,060s][info][gc] GC(2297) Pause Full (Allocation Failure) 484M->249M(494M) 207,741ms
[2020-11-04T20:46:20.368+0300][172,123s][info][gc] GC(2298) Pause Young (Allocation Failure) 385M->253M(494M) 11,382ms
[2020-11-04T20:46:20.434+0300][172,189s][info][gc] GC(2299) Pause Young (Allocation Failure) 389M->257M(494M) 15,320ms
[2020-11-04T20:46:20.505+0300][172,260s][info][gc] GC(2300) Pause Young (Allocation Failure) 393M->261M(494M) 19,800ms
[2020-11-04T20:46:20.577+0300][172,332s][info][gc] GC(2301) Pause Young (Allocation Failure) 397M->265M(494M) 20,520ms
[2020-11-04T20:46:20.650+0300][172,405s][info][gc] GC(2302) Pause Young (Allocation Failure) 401M->269M(494M) 20,909ms
[2020-11-04T20:46:20.720+0300][172,474s][info][gc] GC(2303) Pause Young (Allocation Failure) 405M->273M(494M) 20,212ms
[2020-11-04T20:46:20.791+0300][172,546s][info][gc] GC(2304) Pause Young (Allocation Failure) 409M->277M(494M) 21,602ms
[2020-11-04T20:46:20.861+0300][172,616s][info][gc] GC(2305) Pause Young (Allocation Failure) 413M->281M(494M) 20,421ms
[2020-11-04T20:46:20.933+0300][172,688s][info][gc] GC(2306) Pause Young (Allocation Failure) 417M->285M(494M) 20,733ms
[2020-11-04T20:46:21.005+0300][172,760s][info][gc] GC(2307) Pause Young (Allocation Failure) 421M->289M(494M) 22,310ms
[2020-11-04T20:46:21.077+0300][172,832s][info][gc] GC(2308) Pause Young (Allocation Failure) 425M->293M(494M) 22,420ms
[2020-11-04T20:46:21.148+0300][172,902s][info][gc] GC(2309) Pause Young (Allocation Failure) 429M->297M(494M) 20,867ms
[2020-11-04T20:46:21.220+0300][172,975s][info][gc] GC(2310) Pause Young (Allocation Failure) 433M->301M(494M) 21,195ms
[2020-11-04T20:46:21.293+0300][173,047s][info][gc] GC(2311) Pause Young (Allocation Failure) 437M->305M(494M) 22,716ms
[2020-11-04T20:46:21.365+0300][173,120s][info][gc] GC(2312) Pause Young (Allocation Failure) 441M->309M(494M) 22,599ms
[2020-11-04T20:46:21.437+0300][173,192s][info][gc] GC(2313) Pause Young (Allocation Failure) 445M->313M(494M) 20,388ms
[2020-11-04T20:46:21.510+0300][173,265s][info][gc] GC(2314) Pause Young (Allocation Failure) 449M->317M(494M) 22,583ms
[2020-11-04T20:46:21.582+0300][173,336s][info][gc] GC(2315) Pause Young (Allocation Failure) 453M->321M(494M) 21,878ms
[2020-11-04T20:46:21.652+0300][173,407s][info][gc] GC(2316) Pause Young (Allocation Failure) 457M->325M(494M) 20,510ms
[2020-11-04T20:46:21.723+0300][173,477s][info][gc] GC(2317) Pause Young (Allocation Failure) 461M->329M(494M) 21,101ms
[2020-11-04T20:46:21.795+0300][173,549s][info][gc] GC(2318) Pause Young (Allocation Failure) 465M->333M(494M) 22,627ms
[2020-11-04T20:46:21.866+0300][173,620s][info][gc] GC(2319) Pause Young (Allocation Failure) 469M->337M(494M) 20,835ms
[2020-11-04T20:46:21.939+0300][173,694s][info][gc] GC(2320) Pause Young (Allocation Failure) 473M->341M(494M) 22,128ms
[2020-11-04T20:46:22.026+0300][173,781s][info][gc] GC(2321) Pause Young (Allocation Failure) 477M->348M(494M) 23,369ms
[2020-11-04T20:46:22.099+0300][173,854s][info][gc] GC(2322) Pause Young (Allocation Failure) 485M->352M(494M) 23,280ms
[2020-11-04T20:46:22.149+0300][173,904s][info][gc] GC(2323) Pause Young (Allocation Failure) 489M->489M(494M) 0,047ms
[2020-11-04T20:46:22.360+0300][174,115s][info][gc] GC(2324) Pause Full (Allocation Failure) 489M->254M(494M) 210,921ms
[2020-11-04T20:46:22.421+0300][174,176s][info][gc] GC(2325) Pause Young (Allocation Failure) 390M->258M(494M) 11,675ms
[2020-11-04T20:46:22.489+0300][174,243s][info][gc] GC(2326) Pause Young (Allocation Failure) 394M->262M(494M) 17,215ms
[2020-11-04T20:46:22.556+0300][174,310s][info][gc] GC(2327) Pause Young (Allocation Failure) 398M->266M(494M) 17,449ms
[2020-11-04T20:46:22.628+0300][174,382s][info][gc] GC(2328) Pause Young (Allocation Failure) 402M->270M(494M) 22,105ms
[2020-11-04T20:46:22.700+0300][174,454s][info][gc] GC(2329) Pause Young (Allocation Failure) 406M->274M(494M) 22,791ms
[2020-11-04T20:46:22.770+0300][174,524s][info][gc] GC(2330) Pause Young (Allocation Failure) 410M->278M(494M) 20,901ms
[2020-11-04T20:46:22.840+0300][174,594s][info][gc] GC(2331) Pause Young (Allocation Failure) 414M->282M(494M) 20,346ms
[2020-11-04T20:46:22.915+0300][174,669s][info][gc] GC(2332) Pause Young (Allocation Failure) 418M->286M(494M) 22,711ms
[2020-11-04T20:46:22.987+0300][174,741s][info][gc] GC(2333) Pause Young (Allocation Failure) 422M->290M(494M) 22,064ms
[2020-11-04T20:46:23.057+0300][174,812s][info][gc] GC(2334) Pause Young (Allocation Failure) 426M->294M(494M) 20,602ms
[2020-11-04T20:46:23.128+0300][174,882s][info][gc] GC(2335) Pause Young (Allocation Failure) 430M->298M(494M) 21,013ms
[2020-11-04T20:46:23.200+0300][174,954s][info][gc] GC(2336) Pause Young (Allocation Failure) 435M->302M(494M) 22,448ms
[2020-11-04T20:46:23.270+0300][175,024s][info][gc] GC(2337) Pause Young (Allocation Failure) 439M->306M(494M) 20,510ms
[2020-11-04T20:46:23.343+0300][175,098s][info][gc] GC(2338) Pause Young (Allocation Failure) 443M->310M(494M) 22,528ms
[2020-11-04T20:46:23.417+0300][175,172s][info][gc] GC(2339) Pause Young (Allocation Failure) 447M->314M(494M) 22,199ms
[2020-11-04T20:46:23.490+0300][175,244s][info][gc] GC(2340) Pause Young (Allocation Failure) 451M->318M(494M) 22,644ms
[2020-11-04T20:46:23.560+0300][175,314s][info][gc] GC(2341) Pause Young (Allocation Failure) 455M->322M(494M) 20,523ms
[2020-11-04T20:46:23.632+0300][175,387s][info][gc] GC(2342) Pause Young (Allocation Failure) 459M->326M(494M) 20,795ms
[2020-11-04T20:46:23.704+0300][175,459s][info][gc] GC(2343) Pause Young (Allocation Failure) 463M->330M(494M) 20,442ms
[2020-11-04T20:46:23.777+0300][175,532s][info][gc] GC(2344) Pause Young (Allocation Failure) 467M->334M(494M) 20,991ms
[2020-11-04T20:46:23.849+0300][175,603s][info][gc] GC(2345) Pause Young (Allocation Failure) 471M->338M(494M) 20,881ms
[2020-11-04T20:46:23.921+0300][175,676s][info][gc] GC(2346) Pause Young (Allocation Failure) 475M->342M(494M) 20,774ms
[2020-11-04T20:46:24.009+0300][175,763s][info][gc] GC(2347) Pause Young (Allocation Failure) 479M->350M(494M) 23,461ms
[2020-11-04T20:46:24.103+0300][175,858s][info][gc] GC(2348) Pause Young (Allocation Failure) 486M->489M(494M) 43,432ms
[2020-11-04T20:46:24.293+0300][176,048s][info][gc] GC(2349) Pause Full (Allocation Failure) 489M->234M(494M) 190,299ms
[2020-11-04T20:46:24.357+0300][176,112s][info][gc] GC(2350) Pause Young (Allocation Failure) 370M->238M(494M) 12,483ms
[2020-11-04T20:46:24.422+0300][176,177s][info][gc] GC(2351) Pause Young (Allocation Failure) 374M->242M(494M) 15,130ms
[2020-11-04T20:46:24.491+0300][176,245s][info][gc] GC(2352) Pause Young (Allocation Failure) 378M->246M(494M) 18,045ms
[2020-11-04T20:46:24.562+0300][176,317s][info][gc] GC(2353) Pause Young (Allocation Failure) 382M->250M(494M) 20,848ms
[2020-11-04T20:46:24.636+0300][176,390s][info][gc] GC(2354) Pause Young (Allocation Failure) 386M->254M(494M) 22,311ms
[2020-11-04T20:46:24.710+0300][176,465s][info][gc] GC(2355) Pause Young (Allocation Failure) 390M->258M(494M) 22,514ms
[2020-11-04T20:46:24.782+0300][176,536s][info][gc] GC(2356) Pause Young (Allocation Failure) 394M->262M(494M) 20,640ms
[2020-11-04T20:46:24.853+0300][176,608s][info][gc] GC(2357) Pause Young (Allocation Failure) 398M->266M(494M) 20,788ms
[2020-11-04T20:46:24.926+0300][176,681s][info][gc] GC(2358) Pause Young (Allocation Failure) 402M->270M(494M) 20,881ms
[2020-11-04T20:46:25.000+0300][176,754s][info][gc] GC(2359) Pause Young (Allocation Failure) 406M->274M(494M) 22,694ms
[2020-11-04T20:46:25.072+0300][176,827s][info][gc] GC(2360) Pause Young (Allocation Failure) 410M->278M(494M) 20,733ms
[2020-11-04T20:46:25.146+0300][176,900s][info][gc] GC(2361) Pause Young (Allocation Failure) 414M->282M(494M) 21,500ms
[2020-11-04T20:46:25.219+0300][176,973s][info][gc] GC(2362) Pause Young (Allocation Failure) 418M->286M(494M) 22,656ms
[2020-11-04T20:46:25.292+0300][177,046s][info][gc] GC(2363) Pause Young (Allocation Failure) 422M->290M(494M) 22,470ms
[2020-11-04T20:46:25.364+0300][177,118s][info][gc] GC(2364) Pause Young (Allocation Failure) 426M->294M(494M) 20,698ms
[2020-11-04T20:46:25.438+0300][177,192s][info][gc] GC(2365) Pause Young (Allocation Failure) 430M->298M(494M) 22,635ms
[2020-11-04T20:46:25.512+0300][177,266s][info][gc] GC(2366) Pause Young (Allocation Failure) 434M->302M(494M) 22,369ms
[2020-11-04T20:46:25.585+0300][177,340s][info][gc] GC(2367) Pause Young (Allocation Failure) 438M->306M(494M) 22,263ms
[2020-11-04T20:46:25.661+0300][177,415s][info][gc] GC(2368) Pause Young (Allocation Failure) 442M->310M(494M) 23,435ms
[2020-11-04T20:46:25.733+0300][177,487s][info][gc] GC(2369) Pause Young (Allocation Failure) 446M->314M(494M) 20,673ms
[2020-11-04T20:46:25.805+0300][177,560s][info][gc] GC(2370) Pause Young (Allocation Failure) 450M->318M(494M) 20,726ms
[2020-11-04T20:46:25.878+0300][177,632s][info][gc] GC(2371) Pause Young (Allocation Failure) 454M->322M(494M) 20,951ms
[2020-11-04T20:46:25.950+0300][177,705s][info][gc] GC(2372) Pause Young (Allocation Failure) 458M->326M(494M) 20,669ms
[2020-11-04T20:46:26.021+0300][177,775s][info][gc] GC(2373) Pause Young (Allocation Failure) 462M->330M(494M) 20,929ms
[2020-11-04T20:46:26.104+0300][177,858s][info][gc] GC(2374) Pause Young (Allocation Failure) 466M->338M(494M) 21,904ms
[2020-11-04T20:46:26.175+0300][177,930s][info][gc] GC(2375) Pause Young (Allocation Failure) 474M->342M(494M) 22,253ms
[2020-11-04T20:46:26.244+0300][177,999s][info][gc] GC(2376) Pause Young (Allocation Failure) 478M->346M(494M) 19,256ms
[2020-11-04T20:46:26.294+0300][178,048s][info][gc] GC(2377) Pause Young (Allocation Failure) 482M->482M(494M) 0,052ms
[2020-11-04T20:46:26.513+0300][178,268s][info][gc] GC(2378) Pause Full (Allocation Failure) 482M->263M(494M) 219,093ms
[2020-11-04T20:46:26.574+0300][178,329s][info][gc] GC(2379) Pause Young (Allocation Failure) 400M->267M(494M) 11,760ms
[2020-11-04T20:46:26.638+0300][178,393s][info][gc] GC(2380) Pause Young (Allocation Failure) 404M->271M(494M) 14,411ms
[2020-11-04T20:46:26.705+0300][178,460s][info][gc] GC(2381) Pause Young (Allocation Failure) 408M->275M(494M) 17,435ms
[2020-11-04T20:46:26.776+0300][178,530s][info][gc] GC(2382) Pause Young (Allocation Failure) 412M->279M(494M) 20,679ms
[2020-11-04T20:46:26.846+0300][178,601s][info][gc] GC(2383) Pause Young (Allocation Failure) 416M->283M(494M) 20,780ms
[2020-11-04T20:46:26.917+0300][178,671s][info][gc] GC(2384) Pause Young (Allocation Failure) 420M->287M(494M) 20,606ms
[2020-11-04T20:46:26.987+0300][178,741s][info][gc] GC(2385) Pause Young (Allocation Failure) 424M->292M(494M) 20,525ms
[2020-11-04T20:46:27.056+0300][178,811s][info][gc] GC(2386) Pause Young (Allocation Failure) 428M->296M(494M) 20,479ms
[2020-11-04T20:46:27.127+0300][178,882s][info][gc] GC(2387) Pause Young (Allocation Failure) 432M->300M(494M) 20,773ms
[2020-11-04T20:46:27.198+0300][178,952s][info][gc] GC(2388) Pause Young (Allocation Failure) 436M->304M(494M) 20,826ms
[2020-11-04T20:46:27.267+0300][179,022s][info][gc] GC(2389) Pause Young (Allocation Failure) 440M->308M(494M) 20,515ms
[2020-11-04T20:46:27.338+0300][179,092s][info][gc] GC(2390) Pause Young (Allocation Failure) 444M->312M(494M) 20,753ms
[2020-11-04T20:46:27.408+0300][179,162s][info][gc] GC(2391) Pause Young (Allocation Failure) 448M->316M(494M) 20,725ms
[2020-11-04T20:46:27.478+0300][179,233s][info][gc] GC(2392) Pause Young (Allocation Failure) 452M->320M(494M) 20,583ms
[2020-11-04T20:46:27.548+0300][179,303s][info][gc] GC(2393) Pause Young (Allocation Failure) 456M->324M(494M) 20,656ms
[2020-11-04T20:46:27.619+0300][179,373s][info][gc] GC(2394) Pause Young (Allocation Failure) 460M->328M(494M) 20,658ms
[2020-11-04T20:46:27.689+0300][179,444s][info][gc] GC(2395) Pause Young (Allocation Failure) 464M->332M(494M) 20,755ms
[2020-11-04T20:46:27.759+0300][179,514s][info][gc] GC(2396) Pause Young (Allocation Failure) 468M->336M(494M) 20,544ms
[2020-11-04T20:46:27.829+0300][179,584s][info][gc] GC(2397) Pause Young (Allocation Failure) 472M->340M(494M) 20,518ms
[2020-11-04T20:46:27.900+0300][179,654s][info][gc] GC(2398) Pause Young (Allocation Failure) 476M->344M(494M) 20,943ms
[2020-11-04T20:46:27.970+0300][179,725s][info][gc] GC(2399) Pause Young (Allocation Failure) 480M->348M(494M) 20,770ms
[2020-11-04T20:46:28.054+0300][179,808s][info][gc] GC(2400) Pause Young (Allocation Failure) 484M->355M(494M) 21,976ms
[2020-11-04T20:46:28.103+0300][179,858s][info][gc] GC(2401) Pause Young (Allocation Failure) 492M->492M(494M) 0,049ms
[2020-11-04T20:46:28.314+0300][180,069s][info][gc] GC(2402) Pause Full (Allocation Failure) 492M->256M(494M) 211,176ms
[2020-11-04T20:46:28.377+0300][180,132s][info][gc] GC(2403) Pause Young (Allocation Failure) 393M->260M(494M) 11,410ms
[2020-11-04T20:46:28.441+0300][180,196s][info][gc] GC(2404) Pause Young (Allocation Failure) 397M->264M(494M) 14,887ms
[2020-11-04T20:46:28.509+0300][180,263s][info][gc] GC(2405) Pause Young (Allocation Failure) 401M->268M(494M) 17,676ms
[2020-11-04T20:46:28.581+0300][180,335s][info][gc] GC(2406) Pause Young (Allocation Failure) 405M->272M(494M) 21,434ms
[2020-11-04T20:46:28.653+0300][180,407s][info][gc] GC(2407) Pause Young (Allocation Failure) 409M->276M(494M) 20,657ms
[2020-11-04T20:46:28.723+0300][180,478s][info][gc] GC(2408) Pause Young (Allocation Failure) 413M->280M(494M) 20,750ms
[2020-11-04T20:46:28.796+0300][180,550s][info][gc] GC(2409) Pause Young (Allocation Failure) 417M->284M(494M) 22,762ms
[2020-11-04T20:46:28.866+0300][180,620s][info][gc] GC(2410) Pause Young (Allocation Failure) 421M->288M(494M) 20,692ms
[2020-11-04T20:46:28.936+0300][180,690s][info][gc] GC(2411) Pause Young (Allocation Failure) 425M->292M(494M) 20,703ms
[2020-11-04T20:46:29.006+0300][180,761s][info][gc] GC(2412) Pause Young (Allocation Failure) 429M->296M(494M) 20,714ms
[2020-11-04T20:46:29.076+0300][180,830s][info][gc] GC(2413) Pause Young (Allocation Failure) 433M->300M(494M) 20,411ms
[2020-11-04T20:46:29.146+0300][180,900s][info][gc] GC(2414) Pause Young (Allocation Failure) 437M->304M(494M) 20,730ms
[2020-11-04T20:46:29.217+0300][180,971s][info][gc] GC(2415) Pause Young (Allocation Failure) 441M->308M(494M) 20,817ms
[2020-11-04T20:46:29.287+0300][181,042s][info][gc] GC(2416) Pause Young (Allocation Failure) 445M->312M(494M) 20,966ms
[2020-11-04T20:46:29.357+0300][181,112s][info][gc] GC(2417) Pause Young (Allocation Failure) 449M->317M(494M) 20,494ms
[2020-11-04T20:46:29.428+0300][181,182s][info][gc] GC(2418) Pause Young (Allocation Failure) 453M->321M(494M) 20,638ms
[2020-11-04T20:46:29.498+0300][181,253s][info][gc] GC(2419) Pause Young (Allocation Failure) 457M->325M(494M) 20,782ms
[2020-11-04T20:46:29.570+0300][181,325s][info][gc] GC(2420) Pause Young (Allocation Failure) 461M->329M(494M) 22,572ms
[2020-11-04T20:46:29.643+0300][181,397s][info][gc] GC(2421) Pause Young (Allocation Failure) 465M->333M(494M) 20,685ms
[2020-11-04T20:46:29.713+0300][181,467s][info][gc] GC(2422) Pause Young (Allocation Failure) 469M->337M(494M) 20,539ms
[2020-11-04T20:46:29.783+0300][181,538s][info][gc] GC(2423) Pause Young (Allocation Failure) 473M->341M(494M) 20,978ms
[2020-11-04T20:46:29.853+0300][181,608s][info][gc] GC(2424) Pause Young (Allocation Failure) 477M->345M(494M) 20,628ms
[2020-11-04T20:46:29.923+0300][181,678s][info][gc] GC(2425) Pause Young (Allocation Failure) 481M->349M(494M) 20,616ms
[2020-11-04T20:46:29.984+0300][181,739s][info][gc] GC(2426) Pause Young (Allocation Failure) 485M->485M(494M) 0,063ms
[2020-11-04T20:46:30.175+0300][181,930s][info][gc] GC(2427) Pause Full (Allocation Failure) 485M->254M(494M) 190,670ms
[2020-11-04T20:46:30.238+0300][181,993s][info][gc] GC(2428) Pause Young (Allocation Failure) 390M->258M(494M) 11,750ms
[2020-11-04T20:46:30.303+0300][182,058s][info][gc] GC(2429) Pause Young (Allocation Failure) 394M->262M(494M) 15,821ms
[2020-11-04T20:46:30.372+0300][182,126s][info][gc] GC(2430) Pause Young (Allocation Failure) 398M->266M(494M) 19,177ms
[2020-11-04T20:46:30.442+0300][182,196s][info][gc] GC(2431) Pause Young (Allocation Failure) 402M->270M(494M) 20,746ms
[2020-11-04T20:46:30.513+0300][182,268s][info][gc] GC(2432) Pause Young (Allocation Failure) 406M->274M(494M) 22,063ms
[2020-11-04T20:46:30.606+0300][182,360s][info][gc] GC(2433) Pause Young (Allocation Failure) 410M->278M(494M) 22,446ms
[2020-11-04T20:46:30.680+0300][182,435s][info][gc] GC(2434) Pause Young (Allocation Failure) 414M->282M(494M) 21,494ms
[2020-11-04T20:46:30.756+0300][182,510s][info][gc] GC(2435) Pause Young (Allocation Failure) 418M->286M(494M) 22,404ms
[2020-11-04T20:46:30.832+0300][182,586s][info][gc] GC(2436) Pause Young (Allocation Failure) 422M->290M(494M) 24,159ms
[2020-11-04T20:46:30.912+0300][182,667s][info][gc] GC(2437) Pause Young (Allocation Failure) 426M->294M(494M) 21,066ms
[2020-11-04T20:46:30.998+0300][182,752s][info][gc] GC(2438) Pause Young (Allocation Failure) 430M->298M(494M) 21,698ms
[2020-11-04T20:46:31.071+0300][182,825s][info][gc] GC(2439) Pause Young (Allocation Failure) 434M->302M(494M) 22,903ms
[2020-11-04T20:46:31.141+0300][182,895s][info][gc] GC(2440) Pause Young (Allocation Failure) 438M->306M(494M) 20,628ms
[2020-11-04T20:46:31.213+0300][182,968s][info][gc] GC(2441) Pause Young (Allocation Failure) 442M->310M(494M) 22,763ms
[2020-11-04T20:46:31.285+0300][183,040s][info][gc] GC(2442) Pause Young (Allocation Failure) 446M->314M(494M) 20,763ms
[2020-11-04T20:46:31.356+0300][183,111s][info][gc] GC(2443) Pause Young (Allocation Failure) 450M->318M(494M) 20,718ms
[2020-11-04T20:46:31.426+0300][183,181s][info][gc] GC(2444) Pause Young (Allocation Failure) 454M->322M(494M) 20,553ms
[2020-11-04T20:46:31.496+0300][183,251s][info][gc] GC(2445) Pause Young (Allocation Failure) 458M->326M(494M) 20,468ms
[2020-11-04T20:46:31.567+0300][183,322s][info][gc] GC(2446) Pause Young (Allocation Failure) 462M->330M(494M) 20,933ms
[2020-11-04T20:46:31.639+0300][183,394s][info][gc] GC(2447) Pause Young (Allocation Failure) 466M->334M(494M) 22,596ms
[2020-11-04T20:46:31.709+0300][183,464s][info][gc] GC(2448) Pause Young (Allocation Failure) 470M->338M(494M) 20,495ms
[2020-11-04T20:46:31.782+0300][183,537s][info][gc] GC(2449) Pause Young (Allocation Failure) 474M->342M(494M) 21,042ms
[2020-11-04T20:46:31.854+0300][183,609s][info][gc] GC(2450) Pause Young (Allocation Failure) 478M->346M(494M) 22,213ms
[2020-11-04T20:46:31.927+0300][183,681s][info][gc] GC(2451) Pause Young (Allocation Failure) 482M->350M(494M) 22,750ms
[2020-11-04T20:46:31.976+0300][183,730s][info][gc] GC(2452) Pause Young (Allocation Failure) 486M->486M(494M) 0,048ms
[2020-11-04T20:46:32.283+0300][184,038s][info][gc] GC(2453) Pause Full (Allocation Failure) 486M->337M(494M) 307,433ms
[2020-11-04T20:46:32.347+0300][184,102s][info][gc] GC(2454) Pause Young (Allocation Failure) 473M->473M(494M) 0,058ms
[2020-11-04T20:46:32.556+0300][184,311s][info][gc] GC(2455) Pause Full (Allocation Failure) 473M->258M(494M) 208,762ms
[2020-11-04T20:46:32.621+0300][184,375s][info][gc] GC(2456) Pause Young (Allocation Failure) 394M->262M(494M) 12,857ms
[2020-11-04T20:46:32.684+0300][184,439s][info][gc] GC(2457) Pause Young (Allocation Failure) 398M->266M(494M) 14,508ms
[2020-11-04T20:46:32.751+0300][184,506s][info][gc] GC(2458) Pause Young (Allocation Failure) 402M->270M(494M) 17,584ms
[2020-11-04T20:46:32.822+0300][184,576s][info][gc] GC(2459) Pause Young (Allocation Failure) 406M->274M(494M) 20,857ms
[2020-11-04T20:46:32.892+0300][184,646s][info][gc] GC(2460) Pause Young (Allocation Failure) 410M->278M(494M) 20,274ms
[2020-11-04T20:46:32.962+0300][184,717s][info][gc] GC(2461) Pause Young (Allocation Failure) 414M->282M(494M) 20,732ms
[2020-11-04T20:46:33.032+0300][184,787s][info][gc] GC(2462) Pause Young (Allocation Failure) 418M->286M(494M) 20,556ms
[2020-11-04T20:46:33.103+0300][184,857s][info][gc] GC(2463) Pause Young (Allocation Failure) 422M->290M(494M) 20,854ms
[2020-11-04T20:46:33.173+0300][184,927s][info][gc] GC(2464) Pause Young (Allocation Failure) 426M->294M(494M) 20,312ms
[2020-11-04T20:46:33.245+0300][184,999s][info][gc] GC(2465) Pause Young (Allocation Failure) 430M->298M(494M) 22,529ms
[2020-11-04T20:46:33.315+0300][185,069s][info][gc] GC(2466) Pause Young (Allocation Failure) 434M->302M(494M) 20,671ms
[2020-11-04T20:46:33.385+0300][185,140s][info][gc] GC(2467) Pause Young (Allocation Failure) 438M->306M(494M) 20,728ms
[2020-11-04T20:46:33.455+0300][185,210s][info][gc] GC(2468) Pause Young (Allocation Failure) 442M->310M(494M) 20,471ms
[2020-11-04T20:46:33.525+0300][185,280s][info][gc] GC(2469) Pause Young (Allocation Failure) 446M->314M(494M) 20,402ms
[2020-11-04T20:46:33.598+0300][185,353s][info][gc] GC(2470) Pause Young (Allocation Failure) 450M->318M(494M) 23,269ms
[2020-11-04T20:46:33.669+0300][185,423s][info][gc] GC(2471) Pause Young (Allocation Failure) 454M->322M(494M) 20,915ms
[2020-11-04T20:46:33.743+0300][185,498s][info][gc] GC(2472) Pause Young (Allocation Failure) 458M->326M(494M) 22,462ms
[2020-11-04T20:46:33.814+0300][185,569s][info][gc] GC(2473) Pause Young (Allocation Failure) 462M->330M(494M) 21,758ms
[2020-11-04T20:46:33.884+0300][185,639s][info][gc] GC(2474) Pause Young (Allocation Failure) 466M->334M(494M) 20,881ms
[2020-11-04T20:46:33.959+0300][185,713s][info][gc] GC(2475) Pause Young (Allocation Failure) 470M->338M(494M) 22,374ms
[2020-11-04T20:46:34.029+0300][185,783s][info][gc] GC(2476) Pause Young (Allocation Failure) 474M->342M(494M) 20,539ms
[2020-11-04T20:46:34.099+0300][185,854s][info][gc] GC(2477) Pause Young (Allocation Failure) 478M->346M(494M) 20,901ms
[2020-11-04T20:46:34.169+0300][185,924s][info][gc] GC(2478) Pause Young (Allocation Failure) 482M->350M(494M) 20,396ms
[2020-11-04T20:46:34.219+0300][185,973s][info][gc] GC(2479) Pause Young (Allocation Failure) 486M->486M(494M) 0,058ms
[2020-11-04T20:46:34.495+0300][186,250s][info][gc] GC(2480) Pause Full (Allocation Failure) 486M->354M(494M) 276,335ms
[2020-11-04T20:46:34.800+0300][186,554s][info][gc] GC(2481) Pause Full (Allocation Failure) 494M->259M(494M) 202,290ms
[2020-11-04T20:46:34.863+0300][186,618s][info][gc] GC(2482) Pause Young (Allocation Failure) 395M->263M(494M) 11,673ms
[2020-11-04T20:46:34.927+0300][186,681s][info][gc] GC(2483) Pause Young (Allocation Failure) 399M->267M(494M) 14,443ms
[2020-11-04T20:46:34.994+0300][186,748s][info][gc] GC(2484) Pause Young (Allocation Failure) 403M->271M(494M) 17,422ms
[2020-11-04T20:46:35.063+0300][186,818s][info][gc] GC(2485) Pause Young (Allocation Failure) 407M->275M(494M) 20,472ms
[2020-11-04T20:46:35.134+0300][186,889s][info][gc] GC(2486) Pause Young (Allocation Failure) 411M->279M(494M) 20,980ms
[2020-11-04T20:46:35.204+0300][186,959s][info][gc] GC(2487) Pause Young (Allocation Failure) 415M->283M(494M) 20,473ms
[2020-11-04T20:46:35.279+0300][187,033s][info][gc] GC(2488) Pause Young (Allocation Failure) 419M->287M(494M) 23,504ms
[2020-11-04T20:46:35.350+0300][187,105s][info][gc] GC(2489) Pause Young (Allocation Failure) 423M->291M(494M) 21,862ms
[2020-11-04T20:46:35.420+0300][187,175s][info][gc] GC(2490) Pause Young (Allocation Failure) 427M->295M(494M) 20,366ms
[2020-11-04T20:46:35.492+0300][187,246s][info][gc] GC(2491) Pause Young (Allocation Failure) 431M->299M(494M) 22,227ms
[2020-11-04T20:46:35.564+0300][187,319s][info][gc] GC(2492) Pause Young (Allocation Failure) 435M->303M(494M) 22,416ms
[2020-11-04T20:46:35.637+0300][187,391s][info][gc] GC(2493) Pause Young (Allocation Failure) 439M->307M(494M) 22,676ms
[2020-11-04T20:46:35.707+0300][187,461s][info][gc] GC(2494) Pause Young (Allocation Failure) 443M->311M(494M) 20,582ms
[2020-11-04T20:46:35.781+0300][187,535s][info][gc] GC(2495) Pause Young (Allocation Failure) 447M->315M(494M) 22,589ms
[2020-11-04T20:46:35.851+0300][187,606s][info][gc] GC(2496) Pause Young (Allocation Failure) 451M->319M(494M) 20,490ms
[2020-11-04T20:46:35.921+0300][187,676s][info][gc] GC(2497) Pause Young (Allocation Failure) 455M->323M(494M) 20,701ms
[2020-11-04T20:46:35.994+0300][187,748s][info][gc] GC(2498) Pause Young (Allocation Failure) 459M->327M(494M) 20,650ms
[2020-11-04T20:46:36.064+0300][187,818s][info][gc] GC(2499) Pause Young (Allocation Failure) 463M->331M(494M) 20,358ms
[2020-11-04T20:46:36.137+0300][187,892s][info][gc] GC(2500) Pause Young (Allocation Failure) 467M->335M(494M) 23,711ms
[2020-11-04T20:46:36.208+0300][187,962s][info][gc] GC(2501) Pause Young (Allocation Failure) 471M->339M(494M) 20,836ms
[2020-11-04T20:46:36.282+0300][188,037s][info][gc] GC(2502) Pause Young (Allocation Failure) 475M->343M(494M) 22,470ms
[2020-11-04T20:46:36.352+0300][188,107s][info][gc] GC(2503) Pause Young (Allocation Failure) 479M->347M(494M) 20,579ms
[2020-11-04T20:46:36.425+0300][188,179s][info][gc] GC(2504) Pause Young (Allocation Failure) 483M->351M(494M) 22,589ms
[2020-11-04T20:46:36.474+0300][188,229s][info][gc] GC(2505) Pause Young (Allocation Failure) 487M->487M(494M) 0,047ms
[2020-11-04T20:46:36.808+0300][188,562s][info][gc] GC(2506) Pause Full (Allocation Failure) 487M->339M(494M) 333,253ms
[2020-11-04T20:46:36.869+0300][188,624s][info][gc] GC(2507) Pause Young (Allocation Failure) 475M->475M(494M) 0,063ms
[2020-11-04T20:46:37.061+0300][188,816s][info][gc] GC(2508) Pause Full (Allocation Failure) 475M->258M(494M) 192,027ms
[2020-11-04T20:46:37.124+0300][188,878s][info][gc] GC(2509) Pause Young (Allocation Failure) 395M->262M(494M) 11,669ms
[2020-11-04T20:46:37.187+0300][188,942s][info][gc] GC(2510) Pause Young (Allocation Failure) 399M->266M(494M) 14,851ms
[2020-11-04T20:46:37.254+0300][189,009s][info][gc] GC(2511) Pause Young (Allocation Failure) 403M->270M(494M) 17,441ms
[2020-11-04T20:46:37.324+0300][189,078s][info][gc] GC(2512) Pause Young (Allocation Failure) 407M->274M(494M) 20,606ms
[2020-11-04T20:46:37.393+0300][189,148s][info][gc] GC(2513) Pause Young (Allocation Failure) 411M->278M(494M) 20,745ms
[2020-11-04T20:46:37.464+0300][189,219s][info][gc] GC(2514) Pause Young (Allocation Failure) 415M->283M(494M) 21,505ms
[2020-11-04T20:46:37.537+0300][189,291s][info][gc] GC(2515) Pause Young (Allocation Failure) 419M->287M(494M) 20,795ms
[2020-11-04T20:46:37.606+0300][189,361s][info][gc] GC(2516) Pause Young (Allocation Failure) 423M->291M(494M) 20,505ms
[2020-11-04T20:46:37.677+0300][189,431s][info][gc] GC(2517) Pause Young (Allocation Failure) 427M->295M(494M) 20,817ms
[2020-11-04T20:46:37.748+0300][189,503s][info][gc] GC(2518) Pause Young (Allocation Failure) 431M->299M(494M) 22,161ms
[2020-11-04T20:46:37.818+0300][189,573s][info][gc] GC(2519) Pause Young (Allocation Failure) 435M->303M(494M) 20,699ms
[2020-11-04T20:46:37.888+0300][189,643s][info][gc] GC(2520) Pause Young (Allocation Failure) 439M->307M(494M) 20,753ms
[2020-11-04T20:46:37.958+0300][189,713s][info][gc] GC(2521) Pause Young (Allocation Failure) 443M->311M(494M) 20,702ms
[2020-11-04T20:46:38.028+0300][189,782s][info][gc] GC(2522) Pause Young (Allocation Failure) 447M->315M(494M) 20,485ms
[2020-11-04T20:46:38.098+0300][189,852s][info][gc] GC(2523) Pause Young (Allocation Failure) 451M->319M(494M) 20,673ms
[2020-11-04T20:46:38.168+0300][189,922s][info][gc] GC(2524) Pause Young (Allocation Failure) 455M->323M(494M) 20,624ms
[2020-11-04T20:46:38.238+0300][189,992s][info][gc] GC(2525) Pause Young (Allocation Failure) 459M->327M(494M) 20,863ms
[2020-11-04T20:46:38.308+0300][190,063s][info][gc] GC(2526) Pause Young (Allocation Failure) 463M->331M(494M) 20,901ms
[2020-11-04T20:46:38.378+0300][190,133s][info][gc] GC(2527) Pause Young (Allocation Failure) 467M->335M(494M) 20,455ms
[2020-11-04T20:46:38.448+0300][190,203s][info][gc] GC(2528) Pause Young (Allocation Failure) 471M->339M(494M) 20,891ms
[2020-11-04T20:46:38.519+0300][190,273s][info][gc] GC(2529) Pause Young (Allocation Failure) 475M->343M(494M) 20,780ms
[2020-11-04T20:46:38.591+0300][190,345s][info][gc] GC(2530) Pause Young (Allocation Failure) 479M->347M(494M) 20,615ms
[2020-11-04T20:46:38.660+0300][190,415s][info][gc] GC(2531) Pause Young (Allocation Failure) 483M->351M(494M) 20,741ms
[2020-11-04T20:46:38.710+0300][190,464s][info][gc] GC(2532) Pause Young (Allocation Failure) 487M->487M(494M) 0,058ms
[2020-11-04T20:46:38.981+0300][190,736s][info][gc] GC(2533) Pause Full (Allocation Failure) 487M->355M(494M) 271,018ms
[2020-11-04T20:46:39.350+0300][191,104s][info][gc] GC(2534) Pause Full (Allocation Failure) 494M->359M(494M) 279,323ms
[2020-11-04T20:46:39.661+0300][191,416s][info][gc] GC(2535) Pause Full (Allocation Failure) 494M->248M(494M) 211,094ms
[2020-11-04T20:46:39.725+0300][191,479s][info][gc] GC(2536) Pause Young (Allocation Failure) 385M->252M(494M) 12,834ms
[2020-11-04T20:46:39.789+0300][191,544s][info][gc] GC(2537) Pause Young (Allocation Failure) 389M->256M(494M) 14,912ms
[2020-11-04T20:46:39.856+0300][191,611s][info][gc] GC(2538) Pause Young (Allocation Failure) 393M->260M(494M) 17,487ms
[2020-11-04T20:46:39.926+0300][191,680s][info][gc] GC(2539) Pause Young (Allocation Failure) 397M->264M(494M) 20,866ms
[2020-11-04T20:46:39.996+0300][191,751s][info][gc] GC(2540) Pause Young (Allocation Failure) 401M->268M(494M) 20,725ms
[2020-11-04T20:46:40.066+0300][191,821s][info][gc] GC(2541) Pause Young (Allocation Failure) 405M->273M(494M) 20,855ms
[2020-11-04T20:46:40.137+0300][191,891s][info][gc] GC(2542) Pause Young (Allocation Failure) 409M->277M(494M) 20,836ms
[2020-11-04T20:46:40.207+0300][191,962s][info][gc] GC(2543) Pause Young (Allocation Failure) 413M->281M(494M) 20,907ms
[2020-11-04T20:46:40.277+0300][192,031s][info][gc] GC(2544) Pause Young (Allocation Failure) 417M->285M(494M) 20,668ms
[2020-11-04T20:46:40.347+0300][192,101s][info][gc] GC(2545) Pause Young (Allocation Failure) 421M->289M(494M) 20,732ms
[2020-11-04T20:46:40.420+0300][192,174s][info][gc] GC(2546) Pause Young (Allocation Failure) 425M->293M(494M) 22,317ms
[2020-11-04T20:46:40.491+0300][192,246s][info][gc] GC(2547) Pause Young (Allocation Failure) 429M->297M(494M) 22,145ms
[2020-11-04T20:46:40.562+0300][192,316s][info][gc] GC(2548) Pause Young (Allocation Failure) 433M->301M(494M) 20,795ms
[2020-11-04T20:46:40.633+0300][192,388s][info][gc] GC(2549) Pause Young (Allocation Failure) 437M->305M(494M) 22,166ms
[2020-11-04T20:46:40.703+0300][192,458s][info][gc] GC(2550) Pause Young (Allocation Failure) 441M->309M(494M) 20,556ms
[2020-11-04T20:46:40.773+0300][192,528s][info][gc] GC(2551) Pause Young (Allocation Failure) 445M->313M(494M) 20,695ms
[2020-11-04T20:46:40.843+0300][192,598s][info][gc] GC(2552) Pause Young (Allocation Failure) 449M->317M(494M) 20,904ms
[2020-11-04T20:46:40.914+0300][192,668s][info][gc] GC(2553) Pause Young (Allocation Failure) 453M->321M(494M) 20,823ms
[2020-11-04T20:46:40.984+0300][192,739s][info][gc] GC(2554) Pause Young (Allocation Failure) 457M->325M(494M) 20,924ms
[2020-11-04T20:46:41.054+0300][192,809s][info][gc] GC(2555) Pause Young (Allocation Failure) 461M->329M(494M) 20,507ms
[2020-11-04T20:46:41.124+0300][192,878s][info][gc] GC(2556) Pause Young (Allocation Failure) 465M->333M(494M) 20,570ms
[2020-11-04T20:46:41.194+0300][192,948s][info][gc] GC(2557) Pause Young (Allocation Failure) 469M->337M(494M) 20,505ms
[2020-11-04T20:46:41.264+0300][193,018s][info][gc] GC(2558) Pause Young (Allocation Failure) 473M->341M(494M) 20,891ms
[2020-11-04T20:46:41.334+0300][193,089s][info][gc] GC(2559) Pause Young (Allocation Failure) 477M->345M(494M) 20,715ms
[2020-11-04T20:46:41.418+0300][193,172s][info][gc] GC(2560) Pause Young (Allocation Failure) 481M->352M(494M) 21,895ms
[2020-11-04T20:46:41.467+0300][193,221s][info][gc] GC(2561) Pause Young (Allocation Failure) 489M->489M(494M) 0,048ms
[2020-11-04T20:46:41.686+0300][193,440s][info][gc] GC(2562) Pause Full (Allocation Failure) 489M->269M(494M) 218,920ms
[2020-11-04T20:46:41.748+0300][193,503s][info][gc] GC(2563) Pause Young (Allocation Failure) 406M->273M(494M) 12,649ms
[2020-11-04T20:46:41.812+0300][193,566s][info][gc] GC(2564) Pause Young (Allocation Failure) 410M->277M(494M) 14,832ms
[2020-11-04T20:46:41.879+0300][193,633s][info][gc] GC(2565) Pause Young (Allocation Failure) 414M->281M(494M) 17,615ms
[2020-11-04T20:46:41.949+0300][193,703s][info][gc] GC(2566) Pause Young (Allocation Failure) 418M->285M(494M) 20,921ms
[2020-11-04T20:46:42.020+0300][193,775s][info][gc] GC(2567) Pause Young (Allocation Failure) 422M->289M(494M) 22,034ms
[2020-11-04T20:46:42.092+0300][193,846s][info][gc] GC(2568) Pause Young (Allocation Failure) 426M->293M(494M) 22,313ms
[2020-11-04T20:46:42.162+0300][193,917s][info][gc] GC(2569) Pause Young (Allocation Failure) 430M->297M(494M) 20,879ms
[2020-11-04T20:46:42.232+0300][193,987s][info][gc] GC(2570) Pause Young (Allocation Failure) 434M->301M(494M) 20,785ms
[2020-11-04T20:46:42.302+0300][194,057s][info][gc] GC(2571) Pause Young (Allocation Failure) 438M->306M(494M) 20,418ms
[2020-11-04T20:46:42.372+0300][194,127s][info][gc] GC(2572) Pause Young (Allocation Failure) 442M->310M(494M) 20,660ms
[2020-11-04T20:46:42.443+0300][194,198s][info][gc] GC(2573) Pause Young (Allocation Failure) 446M->314M(494M) 21,718ms
[2020-11-04T20:46:42.513+0300][194,268s][info][gc] GC(2574) Pause Young (Allocation Failure) 450M->318M(494M) 20,796ms
[2020-11-04T20:46:42.586+0300][194,341s][info][gc] GC(2575) Pause Young (Allocation Failure) 454M->322M(494M) 20,950ms
[2020-11-04T20:46:42.657+0300][194,411s][info][gc] GC(2576) Pause Young (Allocation Failure) 458M->326M(494M) 20,957ms
[2020-11-04T20:46:42.728+0300][194,482s][info][gc] GC(2577) Pause Young (Allocation Failure) 462M->330M(494M) 21,614ms
[2020-11-04T20:46:42.798+0300][194,553s][info][gc] GC(2578) Pause Young (Allocation Failure) 466M->334M(494M) 20,717ms
[2020-11-04T20:46:42.868+0300][194,623s][info][gc] GC(2579) Pause Young (Allocation Failure) 470M->338M(494M) 20,722ms
[2020-11-04T20:46:42.938+0300][194,693s][info][gc] GC(2580) Pause Young (Allocation Failure) 474M->342M(494M) 20,776ms
[2020-11-04T20:46:43.009+0300][194,763s][info][gc] GC(2581) Pause Young (Allocation Failure) 478M->346M(494M) 20,840ms
[2020-11-04T20:46:43.079+0300][194,833s][info][gc] GC(2582) Pause Young (Allocation Failure) 482M->350M(494M) 20,615ms
[2020-11-04T20:46:43.128+0300][194,882s][info][gc] GC(2583) Pause Young (Allocation Failure) 486M->486M(494M) 0,048ms
[2020-11-04T20:46:43.400+0300][195,155s][info][gc] GC(2584) Pause Full (Allocation Failure) 486M->354M(494M) 272,095ms
[2020-11-04T20:46:43.768+0300][195,523s][info][gc] GC(2585) Pause Full (Allocation Failure) 494M->358M(494M) 277,324ms
[2020-11-04T20:46:44.158+0300][195,912s][info][gc] GC(2586) Pause Full (Allocation Failure) 494M->346M(494M) 300,716ms
[2020-11-04T20:46:44.456+0300][196,210s][info][gc] GC(2587) Pause Full (Allocation Failure) 494M->267M(494M) 201,388ms
[2020-11-04T20:46:44.519+0300][196,273s][info][gc] GC(2588) Pause Young (Allocation Failure) 404M->271M(494M) 11,571ms
[2020-11-04T20:46:44.583+0300][196,338s][info][gc] GC(2589) Pause Young (Allocation Failure) 408M->275M(494M) 14,948ms
[2020-11-04T20:46:44.652+0300][196,406s][info][gc] GC(2590) Pause Young (Allocation Failure) 412M->279M(494M) 17,439ms
[2020-11-04T20:46:44.722+0300][196,476s][info][gc] GC(2591) Pause Young (Allocation Failure) 416M->283M(494M) 20,537ms
[2020-11-04T20:46:44.791+0300][196,546s][info][gc] GC(2592) Pause Young (Allocation Failure) 420M->287M(494M) 20,654ms
[2020-11-04T20:46:44.862+0300][196,616s][info][gc] GC(2593) Pause Young (Allocation Failure) 424M->292M(494M) 20,850ms
[2020-11-04T20:46:44.932+0300][196,686s][info][gc] GC(2594) Pause Young (Allocation Failure) 428M->296M(494M) 20,850ms
[2020-11-04T20:46:45.002+0300][196,757s][info][gc] GC(2595) Pause Young (Allocation Failure) 432M->300M(494M) 20,730ms
[2020-11-04T20:46:45.072+0300][196,826s][info][gc] GC(2596) Pause Young (Allocation Failure) 436M->304M(494M) 20,480ms
[2020-11-04T20:46:45.142+0300][196,896s][info][gc] GC(2597) Pause Young (Allocation Failure) 440M->308M(494M) 20,802ms
[2020-11-04T20:46:45.212+0300][196,966s][info][gc] GC(2598) Pause Young (Allocation Failure) 444M->312M(494M) 20,823ms
[2020-11-04T20:46:45.284+0300][197,038s][info][gc] GC(2599) Pause Young (Allocation Failure) 448M->316M(494M) 20,658ms
[2020-11-04T20:46:45.354+0300][197,108s][info][gc] GC(2600) Pause Young (Allocation Failure) 452M->320M(494M) 20,884ms
[2020-11-04T20:46:45.425+0300][197,180s][info][gc] GC(2601) Pause Young (Allocation Failure) 456M->324M(494M) 21,846ms
[2020-11-04T20:46:45.497+0300][197,252s][info][gc] GC(2602) Pause Young (Allocation Failure) 460M->328M(494M) 21,971ms
[2020-11-04T20:46:45.568+0300][197,323s][info][gc] GC(2603) Pause Young (Allocation Failure) 464M->332M(494M) 22,267ms
[2020-11-04T20:46:45.639+0300][197,393s][info][gc] GC(2604) Pause Young (Allocation Failure) 468M->336M(494M) 20,806ms
[2020-11-04T20:46:45.709+0300][197,463s][info][gc] GC(2605) Pause Young (Allocation Failure) 472M->340M(494M) 20,870ms
[2020-11-04T20:46:45.781+0300][197,536s][info][gc] GC(2606) Pause Young (Allocation Failure) 476M->344M(494M) 20,684ms
[2020-11-04T20:46:45.851+0300][197,606s][info][gc] GC(2607) Pause Young (Allocation Failure) 480M->348M(494M) 20,769ms
[2020-11-04T20:46:45.901+0300][197,655s][info][gc] GC(2608) Pause Young (Allocation Failure) 484M->484M(494M) 0,049ms
[2020-11-04T20:46:46.165+0300][197,919s][info][gc] GC(2609) Pause Full (Allocation Failure) 484M->352M(494M) 264,083ms
[2020-11-04T20:46:46.528+0300][198,283s][info][gc] GC(2610) Pause Full (Allocation Failure) 494M->356M(494M) 274,184ms
[2020-11-04T20:46:46.913+0300][198,668s][info][gc] GC(2611) Pause Full (Allocation Failure) 494M->343M(494M) 297,087ms
[2020-11-04T20:46:47.292+0300][199,046s][info][gc] GC(2612) Pause Full (Allocation Failure) 494M->348M(494M) 284,172ms
[2020-11-04T20:46:47.671+0300][199,425s][info][gc] GC(2613) Pause Full (Allocation Failure) 494M->352M(494M) 286,869ms
