[2020-11-04T21:07:29.938+0300][0.004s][info][gc] Using Serial
[2020-11-04T21:07:30.175+0300][0,241s][info][gc] GC(0) Pause Full (System.gc()) 131M->1M(11878M) 5,988ms
[2020-11-04T21:07:30.179+0300][0,245s][info][gc] GC(1) Pause Full (System.gc()) 1M->1M(11878M) 4,223ms
[2020-11-04T21:07:32.747+0300][2,813s][info][gc] GC(2) Pause Young (Allocation Failure) 3278M->130M(11878M) 260,576ms
[2020-11-04T21:07:34.113+0300][4,179s][info][gc] GC(3) Pause Young (Allocation Failure) 3407M->154M(11878M) 250,751ms
[2020-11-04T21:07:35.454+0300][5,521s][info][gc] GC(4) Pause Young (Allocation Failure) 3431M->181M(11878M) 221,127ms
[2020-11-04T21:07:36.781+0300][6,847s][info][gc] GC(5) Pause Young (Allocation Failure) 3457M->208M(11878M) 211,682ms
[2020-11-04T21:07:38.104+0300][8,170s][info][gc] GC(6) Pause Young (Allocation Failure) 3485M->234M(11878M) 205,571ms
[2020-11-04T21:07:39.396+0300][9,462s][info][gc] GC(7) Pause Young (Allocation Failure) 3511M->262M(11878M) 175,499ms
[2020-11-04T21:07:40.699+0300][10,765s][info][gc] GC(8) Pause Young (Allocation Failure) 3539M->289M(11878M) 184,276ms
[2020-11-04T21:07:41.985+0300][12,051s][info][gc] GC(9) Pause Young (Allocation Failure) 3566M->317M(11878M) 152,675ms
[2020-11-04T21:07:43.252+0300][13,318s][info][gc] GC(10) Pause Young (Allocation Failure) 3594M->344M(11878M) 138,701ms
[2020-11-04T21:07:44.505+0300][14,571s][info][gc] GC(11) Pause Young (Allocation Failure) 3621M->372M(11878M) 124,146ms
[2020-11-04T21:07:45.741+0300][15,807s][info][gc] GC(12) Pause Young (Allocation Failure) 3649M->400M(11878M) 108,047ms
[2020-11-04T21:07:46.988+0300][17,055s][info][gc] GC(13) Pause Young (Allocation Failure) 3677M->428M(11878M) 114,567ms
[2020-11-04T21:07:48.200+0300][18,266s][info][gc] GC(14) Pause Young (Allocation Failure) 3705M->456M(11878M) 88,838ms
[2020-11-04T21:07:49.399+0300][19,465s][info][gc] GC(15) Pause Young (Allocation Failure) 3732M->484M(11878M) 72,088ms
[2020-11-04T21:07:50.812+0300][20,878s][info][gc] GC(16) Pause Young (Allocation Failure) 3760M->611M(11878M) 298,234ms
[2020-11-04T21:07:52.293+0300][22,360s][info][gc] GC(17) Pause Young (Allocation Failure) 3888M->638M(11878M) 289,297ms
[2020-11-04T21:07:53.664+0300][23,730s][info][gc] GC(18) Pause Young (Allocation Failure) 3915M->666M(11878M) 247,274ms
[2020-11-04T21:07:54.991+0300][25,057s][info][gc] GC(19) Pause Young (Allocation Failure) 3943M->692M(11878M) 228,331ms
[2020-11-04T21:07:56.329+0300][26,396s][info][gc] GC(20) Pause Young (Allocation Failure) 3969M->720M(11878M) 213,373ms
[2020-11-04T21:07:57.655+0300][27,722s][info][gc] GC(21) Pause Young (Allocation Failure) 3996M->747M(11878M) 198,499ms
[2020-11-04T21:07:58.961+0300][29,028s][info][gc] GC(22) Pause Young (Allocation Failure) 4024M->775M(11878M) 179,853ms
[2020-11-04T21:08:00.277+0300][30,343s][info][gc] GC(23) Pause Young (Allocation Failure) 4052M->803M(11878M) 186,297ms
[2020-11-04T21:08:01.565+0300][31,632s][info][gc] GC(24) Pause Young (Allocation Failure) 4080M->831M(11878M) 162,767ms
[2020-11-04T21:08:02.838+0300][32,904s][info][gc] GC(25) Pause Young (Allocation Failure) 4108M->859M(11878M) 146,603ms
[2020-11-04T21:08:04.103+0300][34,169s][info][gc] GC(26) Pause Young (Allocation Failure) 4136M->887M(11878M) 133,577ms
[2020-11-04T21:08:05.342+0300][35,408s][info][gc] GC(27) Pause Young (Allocation Failure) 4164M->915M(11878M) 117,073ms
[2020-11-04T21:08:06.563+0300][36,629s][info][gc] GC(28) Pause Young (Allocation Failure) 4192M->943M(11878M) 99,323ms
[2020-11-04T21:08:07.793+0300][37,859s][info][gc] GC(29) Pause Young (Allocation Failure) 4220M->971M(11878M) 107,982ms
[2020-11-04T21:08:08.997+0300][39,063s][info][gc] GC(30) Pause Young (Allocation Failure) 4247M->998M(11878M) 82,194ms
[2020-11-04T21:08:10.187+0300][40,253s][info][gc] GC(31) Pause Young (Allocation Failure) 4275M->1026M(11878M) 66,413ms
[2020-11-04T21:08:11.581+0300][41,648s][info][gc] GC(32) Pause Young (Allocation Failure) 4303M->1154M(11878M) 284,375ms
[2020-11-04T21:08:13.023+0300][43,089s][info][gc] GC(33) Pause Young (Allocation Failure) 4430M->1182M(11878M) 286,111ms
[2020-11-04T21:08:14.388+0300][44,455s][info][gc] GC(34) Pause Young (Allocation Failure) 4458M->1209M(11878M) 241,032ms
[2020-11-04T21:08:15.742+0300][45,808s][info][gc] GC(35) Pause Young (Allocation Failure) 4486M->1237M(11878M) 225,885ms
[2020-11-04T21:08:17.079+0300][47,145s][info][gc] GC(36) Pause Young (Allocation Failure) 4514M->1265M(11878M) 211,762ms
[2020-11-04T21:08:18.399+0300][48,465s][info][gc] GC(37) Pause Young (Allocation Failure) 4542M->1293M(11878M) 195,940ms
[2020-11-04T21:08:19.704+0300][49,770s][info][gc] GC(38) Pause Young (Allocation Failure) 4570M->1321M(11878M) 178,407ms
[2020-11-04T21:08:21.014+0300][51,080s][info][gc] GC(39) Pause Young (Allocation Failure) 4598M->1349M(11878M) 184,541ms
[2020-11-04T21:08:22.299+0300][52,365s][info][gc] GC(40) Pause Young (Allocation Failure) 4626M->1377M(11878M) 159,663ms
[2020-11-04T21:08:23.574+0300][53,641s][info][gc] GC(41) Pause Young (Allocation Failure) 4654M->1405M(11878M) 144,219ms
[2020-11-04T21:08:24.828+0300][54,895s][info][gc] GC(42) Pause Young (Allocation Failure) 4681M->1433M(11878M) 131,159ms
[2020-11-04T21:08:26.064+0300][56,130s][info][gc] GC(43) Pause Young (Allocation Failure) 4709M->1460M(11878M) 116,346ms
[2020-11-04T21:08:27.282+0300][57,348s][info][gc] GC(44) Pause Young (Allocation Failure) 4737M->1488M(11878M) 98,091ms
[2020-11-04T21:08:28.510+0300][58,577s][info][gc] GC(45) Pause Young (Allocation Failure) 4765M->1516M(11878M) 106,693ms
[2020-11-04T21:08:29.715+0300][59,782s][info][gc] GC(46) Pause Young (Allocation Failure) 4793M->1544M(11878M) 83,259ms
[2020-11-04T21:08:30.897+0300][60,963s][info][gc] GC(47) Pause Young (Allocation Failure) 4821M->1572M(11878M) 63,693ms
[2020-11-04T21:08:32.295+0300][62,361s][info][gc] GC(48) Pause Young (Allocation Failure) 4849M->1699M(11878M) 284,758ms
[2020-11-04T21:08:33.759+0300][63,826s][info][gc] GC(49) Pause Young (Allocation Failure) 4976M->1727M(11878M) 334,974ms
[2020-11-04T21:08:35.123+0300][65,189s][info][gc] GC(50) Pause Young (Allocation Failure) 5004M->1755M(11878M) 240,839ms
[2020-11-04T21:08:36.471+0300][66,537s][info][gc] GC(51) Pause Young (Allocation Failure) 5032M->1783M(11878M) 224,903ms
[2020-11-04T21:08:37.802+0300][67,868s][info][gc] GC(52) Pause Young (Allocation Failure) 5060M->1811M(11878M) 210,658ms
[2020-11-04T21:08:39.121+0300][69,188s][info][gc] GC(53) Pause Young (Allocation Failure) 5088M->1839M(11878M) 194,828ms
[2020-11-04T21:08:40.418+0300][70,484s][info][gc] GC(54) Pause Young (Allocation Failure) 5116M->1867M(11878M) 176,923ms
[2020-11-04T21:08:41.723+0300][71,789s][info][gc] GC(55) Pause Young (Allocation Failure) 5143M->1895M(11878M) 183,740ms
[2020-11-04T21:08:43.005+0300][73,072s][info][gc] GC(56) Pause Young (Allocation Failure) 5171M->1922M(11878M) 159,471ms
[2020-11-04T21:08:44.269+0300][74,335s][info][gc] GC(57) Pause Young (Allocation Failure) 5199M->1950M(11878M) 143,581ms
[2020-11-04T21:08:45.523+0300][75,589s][info][gc] GC(58) Pause Young (Allocation Failure) 5227M->1978M(11878M) 130,768ms
[2020-11-04T21:08:46.760+0300][76,826s][info][gc] GC(59) Pause Young (Allocation Failure) 5255M->2006M(11878M) 113,917ms
[2020-11-04T21:08:47.983+0300][78,050s][info][gc] GC(60) Pause Young (Allocation Failure) 5283M->2034M(11878M) 97,830ms
[2020-11-04T21:08:49.213+0300][79,279s][info][gc] GC(61) Pause Young (Allocation Failure) 5311M->2062M(11878M) 105,311ms
[2020-11-04T21:08:50.420+0300][80,487s][info][gc] GC(62) Pause Young (Allocation Failure) 5339M->2090M(11878M) 80,606ms
[2020-11-04T21:08:51.830+0300][81,896s][info][gc] GC(63) Pause Young (Allocation Failure) 5367M->2217M(11878M) 300,658ms
[2020-11-04T21:08:53.257+0300][83,323s][info][gc] GC(64) Pause Young (Allocation Failure) 5494M->2245M(11878M) 302,453ms
[2020-11-04T21:08:54.643+0300][84,709s][info][gc] GC(65) Pause Young (Allocation Failure) 5522M->2273M(11878M) 263,288ms
[2020-11-04T21:08:56.020+0300][86,087s][info][gc] GC(66) Pause Young (Allocation Failure) 5550M->2301M(11878M) 248,387ms
[2020-11-04T21:08:57.366+0300][87,433s][info][gc] GC(67) Pause Young (Allocation Failure) 5578M->2329M(11878M) 222,949ms
[2020-11-04T21:08:58.698+0300][88,764s][info][gc] GC(68) Pause Young (Allocation Failure) 5606M->2357M(11878M) 209,255ms
[2020-11-04T21:09:00.011+0300][90,077s][info][gc] GC(69) Pause Young (Allocation Failure) 5633M->2385M(11878M) 193,643ms
[2020-11-04T21:09:01.312+0300][91,378s][info][gc] GC(70) Pause Young (Allocation Failure) 5661M->2412M(11878M) 175,872ms
[2020-11-04T21:09:02.617+0300][92,683s][info][gc] GC(71) Pause Young (Allocation Failure) 5689M->2440M(11878M) 182,779ms
[2020-11-04T21:09:03.901+0300][93,968s][info][gc] GC(72) Pause Young (Allocation Failure) 5717M->2468M(11878M) 158,331ms
[2020-11-04T21:09:05.167+0300][95,233s][info][gc] GC(73) Pause Young (Allocation Failure) 5745M->2496M(11878M) 142,701ms
[2020-11-04T21:09:06.418+0300][96,484s][info][gc] GC(74) Pause Young (Allocation Failure) 5773M->2524M(11878M) 130,723ms
[2020-11-04T21:09:07.649+0300][97,715s][info][gc] GC(75) Pause Young (Allocation Failure) 5801M->2552M(11878M) 109,077ms
[2020-11-04T21:09:08.905+0300][98,971s][info][gc] GC(76) Pause Young (Allocation Failure) 5829M->2580M(11878M) 122,231ms
[2020-11-04T21:09:10.120+0300][100,186s][info][gc] GC(77) Pause Young (Allocation Failure) 5857M->2608M(11878M) 91,423ms
[2020-11-04T21:09:11.322+0300][101,388s][info][gc] GC(78) Pause Young (Allocation Failure) 5885M->2636M(11878M) 79,462ms
[2020-11-04T21:09:12.724+0300][102,790s][info][gc] GC(79) Pause Young (Allocation Failure) 5913M->2763M(11878M) 287,121ms
[2020-11-04T21:09:14.150+0300][104,216s][info][gc] GC(80) Pause Young (Allocation Failure) 6040M->2791M(11878M) 295,649ms
[2020-11-04T21:09:15.532+0300][105,598s][info][gc] GC(81) Pause Young (Allocation Failure) 6068M->2819M(11878M) 257,915ms
[2020-11-04T21:09:16.918+0300][106,984s][info][gc] GC(82) Pause Young (Allocation Failure) 6096M->2847M(11878M) 238,323ms
[2020-11-04T21:09:18.263+0300][108,330s][info][gc] GC(83) Pause Young (Allocation Failure) 6123M->2874M(11878M) 222,382ms
[2020-11-04T21:09:19.597+0300][109,663s][info][gc] GC(84) Pause Young (Allocation Failure) 6151M->2902M(11878M) 208,223ms
[2020-11-04T21:09:20.915+0300][110,982s][info][gc] GC(85) Pause Young (Allocation Failure) 6179M->2930M(11878M) 193,242ms
[2020-11-04T21:09:22.215+0300][112,281s][info][gc] GC(86) Pause Young (Allocation Failure) 6207M->2958M(11878M) 174,867ms
[2020-11-04T21:09:23.518+0300][113,584s][info][gc] GC(87) Pause Young (Allocation Failure) 6235M->2986M(11878M) 181,588ms
[2020-11-04T21:09:24.801+0300][114,868s][info][gc] GC(88) Pause Young (Allocation Failure) 6263M->3014M(11878M) 157,568ms
[2020-11-04T21:09:26.076+0300][116,142s][info][gc] GC(89) Pause Young (Allocation Failure) 6291M->3042M(11878M) 141,411ms
[2020-11-04T21:09:27.335+0300][117,401s][info][gc] GC(90) Pause Young (Allocation Failure) 6319M->3070M(11878M) 128,752ms
[2020-11-04T21:09:28.563+0300][118,629s][info][gc] GC(91) Pause Young (Allocation Failure) 6347M->3098M(11878M) 106,675ms
[2020-11-04T21:09:29.806+0300][119,872s][info][gc] GC(92) Pause Young (Allocation Failure) 6375M->3126M(11878M) 120,782ms
[2020-11-04T21:09:31.029+0300][121,095s][info][gc] GC(93) Pause Young (Allocation Failure) 6403M->3154M(11878M) 89,399ms
[2020-11-04T21:09:32.239+0300][122,306s][info][gc] GC(94) Pause Young (Allocation Failure) 6430M->3181M(11878M) 78,235ms
[2020-11-04T21:09:33.636+0300][123,703s][info][gc] GC(95) Pause Young (Allocation Failure) 6458M->3309M(11878M) 286,236ms
[2020-11-04T21:09:35.056+0300][125,122s][info][gc] GC(96) Pause Young (Allocation Failure) 6586M->3337M(11878M) 294,507ms
[2020-11-04T21:09:36.469+0300][126,535s][info][gc] GC(97) Pause Young (Allocation Failure) 6613M->3364M(11878M) 250,294ms
[2020-11-04T21:09:37.828+0300][127,894s][info][gc] GC(98) Pause Young (Allocation Failure) 6641M->3392M(11878M) 237,196ms
[2020-11-04T21:09:39.173+0300][129,239s][info][gc] GC(99) Pause Young (Allocation Failure) 6669M->3420M(11878M) 221,461ms
[2020-11-04T21:09:40.510+0300][130,576s][info][gc] GC(100) Pause Young (Allocation Failure) 6697M->3448M(11878M) 207,767ms
[2020-11-04T21:09:41.827+0300][131,893s][info][gc] GC(101) Pause Young (Allocation Failure) 6725M->3476M(11878M) 191,556ms
[2020-11-04T21:09:43.123+0300][133,189s][info][gc] GC(102) Pause Young (Allocation Failure) 6753M->3504M(11878M) 173,988ms
[2020-11-04T21:09:44.431+0300][134,498s][info][gc] GC(103) Pause Young (Allocation Failure) 6781M->3532M(11878M) 180,872ms
[2020-11-04T21:09:45.714+0300][135,780s][info][gc] GC(104) Pause Young (Allocation Failure) 6809M->3560M(11878M) 156,919ms
[2020-11-04T21:09:46.977+0300][137,043s][info][gc] GC(105) Pause Young (Allocation Failure) 6837M->3588M(11878M) 140,654ms
[2020-11-04T21:09:48.229+0300][138,295s][info][gc] GC(106) Pause Young (Allocation Failure) 6865M->3616M(11878M) 126,964ms
[2020-11-04T21:09:49.459+0300][139,525s][info][gc] GC(107) Pause Young (Allocation Failure) 6892M->3644M(11878M) 106,249ms
