[2020-11-04T21:41:26.071+0300][0.001s][info][gc] Min heap equals to max heap, disabling ShenandoahUncommit
[2020-11-04T21:41:26.076+0300][0.005s][info][gc] Using Shenandoah
[2020-11-04T21:41:26.076+0300][0.005s][info][gc] Heuristics ergonomically sets -XX:+ExplicitGCInvokesConcurrent
[2020-11-04T21:41:26.076+0300][0.005s][info][gc] Heuristics ergonomically sets -XX:+ShenandoahImplicitGCInvokesConcurrent
[2020-11-04T21:41:26.301+0300][0,231s][info][gc] Trigger: Explicit GC request (System.gc())
[2020-11-04T21:41:26.301+0300][0,231s][info][gc] GC(0) Concurrent reset 0,329ms
[2020-11-04T21:41:26.301+0300][0,231s][info][gc] GC(0) Pause Init Mark (process weakrefs) (unload classes) 0,310ms
[2020-11-04T21:41:26.303+0300][0,233s][info][gc] GC(0) Concurrent marking (process weakrefs) (unload classes) 1,393ms
[2020-11-04T21:41:26.303+0300][0,233s][info][gc] GC(0) Concurrent precleaning 0,072ms
[2020-11-04T21:41:26.303+0300][0,233s][info][gc] GC(0) Pause Final Mark (process weakrefs) (unload classes) 0,208ms
[2020-11-04T21:41:26.304+0300][0,234s][info][gc] GC(0) Concurrent weak roots 0,367ms
[2020-11-04T21:41:26.304+0300][0,234s][info][gc] GC(0) Concurrent cleanup 6M->6M(512M) 0,025ms
[2020-11-04T21:41:26.304+0300][0,234s][info][gc] GC(0) Concurrent class unloading 0,715ms
[2020-11-04T21:41:26.305+0300][0,235s][info][gc] GC(0) Concurrent strong roots 0,250ms
[2020-11-04T21:41:26.306+0300][0,235s][info][gc] GC(0) Concurrent evacuation 0,919ms
[2020-11-04T21:41:26.306+0300][0,236s][info][gc] GC(0) Pause Init Update Refs 0,029ms
[2020-11-04T21:41:26.307+0300][0,237s][info][gc] GC(0) Concurrent update references 1,390ms
[2020-11-04T21:41:26.307+0300][0,237s][info][gc] GC(0) Pause Final Update Refs 0,099ms
[2020-11-04T21:41:26.308+0300][0,237s][info][gc] GC(0) Concurrent cleanup 8M->2M(512M) 0,053ms
[2020-11-04T21:41:26.309+0300][0,239s][info][gc] Trigger: Explicit GC request (System.gc())
[2020-11-04T21:41:26.309+0300][0,239s][info][gc] GC(1) Concurrent reset 0,155ms
[2020-11-04T21:41:26.309+0300][0,239s][info][gc] GC(1) Pause Init Mark (process weakrefs) (unload classes) 0,110ms
[2020-11-04T21:41:26.311+0300][0,240s][info][gc] GC(1) Concurrent marking (process weakrefs) (unload classes) 1,463ms
[2020-11-04T21:41:26.311+0300][0,241s][info][gc] GC(1) Concurrent precleaning 0,115ms
[2020-11-04T21:41:26.311+0300][0,241s][info][gc] GC(1) Pause Final Mark (process weakrefs) (unload classes) 0,185ms
[2020-11-04T21:41:26.311+0300][0,241s][info][gc] GC(1) Concurrent weak roots 0,133ms
[2020-11-04T21:41:26.311+0300][0,241s][info][gc] GC(1) Concurrent cleanup 2M->2M(512M) 0,048ms
[2020-11-04T21:41:26.312+0300][0,242s][info][gc] GC(1) Concurrent class unloading 0,456ms
[2020-11-04T21:41:26.312+0300][0,242s][info][gc] GC(1) Concurrent strong roots 0,069ms
[2020-11-04T21:41:26.312+0300][0,242s][info][gc] GC(1) Concurrent evacuation 0,218ms
[2020-11-04T21:41:26.312+0300][0,242s][info][gc] GC(1) Pause Init Update Refs 0,009ms
[2020-11-04T21:41:26.313+0300][0,243s][info][gc] GC(1) Concurrent update references 1,086ms
[2020-11-04T21:41:26.314+0300][0,243s][info][gc] GC(1) Pause Final Update Refs 0,094ms
[2020-11-04T21:41:26.314+0300][0,244s][info][gc] GC(1) Concurrent cleanup 2M->2M(512M) 0,040ms
[2020-11-04T21:41:26.547+0300][0,477s][info][gc] Trigger: Learning 2 of 5. Free (357M) is below initial threshold (358M)
[2020-11-04T21:41:26.548+0300][0,477s][info][gc] GC(2) Concurrent reset 0,215ms
[2020-11-04T21:41:26.548+0300][0,478s][info][gc] GC(2) Pause Init Mark (unload classes) 0,195ms
[2020-11-04T21:41:26.557+0300][0,487s][info][gc] GC(2) Concurrent marking (unload classes) 8,732ms
[2020-11-04T21:41:26.557+0300][0,487s][info][gc] GC(2) Pause Final Mark (unload classes) 0,360ms
[2020-11-04T21:41:26.558+0300][0,488s][info][gc] GC(2) Concurrent weak roots 0,317ms
[2020-11-04T21:41:26.558+0300][0,488s][info][gc] GC(2) Concurrent cleanup 137M->137M(512M) 0,025ms
[2020-11-04T21:41:26.559+0300][0,488s][info][gc] GC(2) Concurrent class unloading 0,631ms
[2020-11-04T21:41:26.559+0300][0,488s][info][gc] GC(2) Concurrent strong roots 0,066ms
[2020-11-04T21:41:26.562+0300][0,492s][info][gc] GC(2) Concurrent evacuation 3,822ms
[2020-11-04T21:41:26.563+0300][0,493s][info][gc] GC(2) Pause Init Update Refs 0,010ms
[2020-11-04T21:41:26.569+0300][0,499s][info][gc] GC(2) Concurrent update references 6,353ms
[2020-11-04T21:41:26.570+0300][0,499s][info][gc] GC(2) Pause Final Update Refs 0,219ms
[2020-11-04T21:41:26.570+0300][0,500s][info][gc] GC(2) Concurrent cleanup 149M->27M(512M) 0,072ms
[2020-11-04T21:41:26.629+0300][0,559s][info][gc] Trigger: Learning 3 of 5. Free (356M) is below initial threshold (358M)
[2020-11-04T21:41:26.629+0300][0,559s][info][gc] GC(3) Concurrent reset 0,399ms
[2020-11-04T21:41:26.630+0300][0,560s][info][gc] GC(3) Pause Init Mark (unload classes) 0,104ms
[2020-11-04T21:41:26.638+0300][0,568s][info][gc] GC(3) Concurrent marking (unload classes) 8,403ms
[2020-11-04T21:41:26.639+0300][0,569s][info][gc] GC(3) Pause Final Mark (unload classes) 0,312ms
[2020-11-04T21:41:26.639+0300][0,569s][info][gc] GC(3) Concurrent weak roots 0,386ms
[2020-11-04T21:41:26.639+0300][0,569s][info][gc] GC(3) Concurrent cleanup 142M->142M(512M) 0,026ms
[2020-11-04T21:41:26.640+0300][0,570s][info][gc] GC(3) Concurrent class unloading 0,637ms
[2020-11-04T21:41:26.640+0300][0,570s][info][gc] GC(3) Concurrent strong roots 0,053ms
[2020-11-04T21:41:26.644+0300][0,574s][info][gc] GC(3) Concurrent evacuation 3,920ms
[2020-11-04T21:41:26.644+0300][0,574s][info][gc] GC(3) Pause Init Update Refs 0,012ms
[2020-11-04T21:41:26.652+0300][0,582s][info][gc] GC(3) Concurrent update references 7,518ms
[2020-11-04T21:41:26.652+0300][0,582s][info][gc] GC(3) Pause Final Update Refs 0,133ms
[2020-11-04T21:41:26.652+0300][0,582s][info][gc] GC(3) Concurrent cleanup 160M->40M(512M) 0,096ms
[2020-11-04T21:41:26.693+0300][0,623s][info][gc] Trigger: Learning 4 of 5. Free (357M) is below initial threshold (358M)
[2020-11-04T21:41:26.693+0300][0,623s][info][gc] GC(4) Concurrent reset 0,361ms
[2020-11-04T21:41:26.694+0300][0,623s][info][gc] GC(4) Pause Init Mark (unload classes) 0,134ms
[2020-11-04T21:41:26.703+0300][0,633s][info][gc] GC(4) Concurrent marking (unload classes) 9,219ms
[2020-11-04T21:41:26.703+0300][0,633s][info][gc] GC(4) Pause Final Mark (unload classes) 0,312ms
[2020-11-04T21:41:26.704+0300][0,634s][info][gc] GC(4) Concurrent weak roots 0,346ms
[2020-11-04T21:41:26.704+0300][0,634s][info][gc] GC(4) Concurrent cleanup 150M->150M(512M) 0,026ms
[2020-11-04T21:41:26.705+0300][0,634s][info][gc] GC(4) Concurrent class unloading 0,742ms
[2020-11-04T21:41:26.705+0300][0,635s][info][gc] GC(4) Concurrent strong roots 0,052ms
[2020-11-04T21:41:26.708+0300][0,638s][info][gc] GC(4) Concurrent evacuation 2,994ms
[2020-11-04T21:41:26.708+0300][0,638s][info][gc] GC(4) Pause Init Update Refs 0,021ms
[2020-11-04T21:41:26.715+0300][0,645s][info][gc] GC(4) Concurrent update references 7,307ms
[2020-11-04T21:41:26.716+0300][0,646s][info][gc] GC(4) Pause Final Update Refs 0,231ms
[2020-11-04T21:41:26.716+0300][0,646s][info][gc] GC(4) Concurrent cleanup 168M->51M(512M) 0,070ms
[2020-11-04T21:41:26.749+0300][0,679s][info][gc] Trigger: Learning 5 of 5. Free (357M) is below initial threshold (358M)
[2020-11-04T21:41:26.749+0300][0,679s][info][gc] GC(5) Concurrent reset 0,335ms
[2020-11-04T21:41:26.750+0300][0,680s][info][gc] GC(5) Pause Init Mark (process weakrefs) (unload classes) 0,165ms
[2020-11-04T21:41:26.760+0300][0,690s][info][gc] GC(5) Concurrent marking (process weakrefs) (unload classes) 10,443ms
[2020-11-04T21:41:26.760+0300][0,690s][info][gc] GC(5) Concurrent precleaning 0,133ms
[2020-11-04T21:41:26.761+0300][0,691s][info][gc] GC(5) Pause Final Mark (process weakrefs) (unload classes) 0,589ms
[2020-11-04T21:41:26.762+0300][0,691s][info][gc] GC(5) Concurrent weak roots 0,377ms
[2020-11-04T21:41:26.762+0300][0,692s][info][gc] GC(5) Concurrent cleanup 155M->155M(512M) 0,030ms
[2020-11-04T21:41:26.762+0300][0,692s][info][gc] GC(5) Concurrent class unloading 0,685ms
[2020-11-04T21:41:26.762+0300][0,692s][info][gc] GC(5) Concurrent strong roots 0,057ms
[2020-11-04T21:41:26.765+0300][0,695s][info][gc] GC(5) Concurrent evacuation 2,869ms
[2020-11-04T21:41:26.766+0300][0,695s][info][gc] GC(5) Pause Init Update Refs 0,010ms
[2020-11-04T21:41:26.774+0300][0,704s][info][gc] GC(5) Concurrent update references 8,394ms
[2020-11-04T21:41:26.774+0300][0,704s][info][gc] GC(5) Pause Final Update Refs 0,150ms
[2020-11-04T21:41:26.775+0300][0,704s][info][gc] GC(5) Concurrent cleanup 177M->64M(512M) 0,058ms
[2020-11-04T21:41:27.001+0300][0,931s][info][gc] Trigger: Average GC time (19,92 ms) is above the time for allocation rate (1620 MB/s) to deplete free headroom (32820K)
[2020-11-04T21:41:27.002+0300][0,932s][info][gc] GC(6) Concurrent reset 0,367ms
[2020-11-04T21:41:27.002+0300][0,932s][info][gc] GC(6) Pause Init Mark (unload classes) 0,121ms
[2020-11-04T21:41:27.025+0300][0,955s][info][gc] GC(6) Concurrent marking (unload classes) 23,271ms
[2020-11-04T21:41:27.026+0300][0,956s][info][gc] GC(6) Pause Final Mark (unload classes) 0,417ms
[2020-11-04T21:41:27.027+0300][0,956s][info][gc] GC(6) Concurrent weak roots 0,435ms
[2020-11-04T21:41:27.027+0300][0,956s][info][gc] GC(6) Concurrent cleanup 450M->450M(512M) 0,041ms
[2020-11-04T21:41:27.027+0300][0,957s][info][gc] GC(6) Concurrent class unloading 0,761ms
[2020-11-04T21:41:27.027+0300][0,957s][info][gc] GC(6) Concurrent strong roots 0,080ms
[2020-11-04T21:41:27.037+0300][0,967s][info][gc] GC(6) Concurrent evacuation 9,707ms
[2020-11-04T21:41:27.038+0300][0,967s][info][gc] GC(6) Pause Init Update Refs 0,022ms
[2020-11-04T21:41:27.055+0300][0,985s][info][gc] GC(6) Concurrent update references 17,406ms
[2020-11-04T21:41:27.055+0300][0,985s][info][gc] GC(6) Pause Final Update Refs 0,130ms
[2020-11-04T21:41:27.056+0300][0,985s][info][gc] GC(6) Concurrent cleanup 487M->78M(512M) 0,115ms
[2020-11-04T21:41:27.177+0300][1,107s][info][gc] Trigger: Average GC time (29,78 ms) is above the time for allocation rate (2095 MB/s) to deplete free headroom (61722K)
[2020-11-04T21:41:27.178+0300][1,108s][info][gc] GC(7) Concurrent reset 0,674ms
[2020-11-04T21:41:27.179+0300][1,109s][info][gc] GC(7) Pause Init Mark (unload classes) 0,382ms
[2020-11-04T21:41:27.204+0300][1,134s][info][gc] GC(7) Concurrent marking (unload classes) 25,128ms
[2020-11-04T21:41:27.205+0300][1,135s][info][gc] GC(7) Pause Final Mark (unload classes) 0,660ms
[2020-11-04T21:41:27.205+0300][1,135s][info][gc] GC(7) Concurrent weak roots 0,404ms
[2020-11-04T21:41:27.205+0300][1,135s][info][gc] GC(7) Concurrent cleanup 425M->425M(512M) 0,031ms
[2020-11-04T21:41:27.206+0300][1,136s][info][gc] GC(7) Concurrent class unloading 0,758ms
[2020-11-04T21:41:27.206+0300][1,136s][info][gc] GC(7) Concurrent strong roots 0,160ms
[2020-11-04T21:41:27.220+0300][1,150s][info][gc] GC(7) Concurrent evacuation 13,336ms
[2020-11-04T21:41:27.220+0300][1,150s][info][gc] GC(7) Pause Init Update Refs 0,024ms
[2020-11-04T21:41:27.240+0300][1,169s][info][gc] GC(7) Concurrent update references 19,476ms
[2020-11-04T21:41:27.240+0300][1,170s][info][gc] GC(7) Pause Final Update Refs 0,334ms
[2020-11-04T21:41:27.240+0300][1,170s][info][gc] GC(7) Concurrent cleanup 484M->114M(512M) 0,156ms
[2020-11-04T21:41:27.342+0300][1,272s][info][gc] Trigger: Average GC time (37,93 ms) is above the time for allocation rate (2070 MB/s) to deplete free headroom (79898K)
[2020-11-04T21:41:27.343+0300][1,273s][info][gc] GC(8) Concurrent reset 0,750ms
[2020-11-04T21:41:27.344+0300][1,273s][info][gc] GC(8) Pause Init Mark (unload classes) 0,176ms
[2020-11-04T21:41:27.374+0300][1,304s][info][gc] GC(8) Concurrent marking (unload classes) 30,847ms
[2020-11-04T21:41:27.375+0300][1,305s][info][gc] GC(8) Pause Final Mark (unload classes) 0,483ms
[2020-11-04T21:41:27.376+0300][1,306s][info][gc] GC(8) Concurrent weak roots 0,473ms
[2020-11-04T21:41:27.376+0300][1,306s][info][gc] GC(8) Concurrent cleanup 408M->408M(512M) 0,034ms
[2020-11-04T21:41:27.377+0300][1,306s][info][gc] GC(8) Concurrent class unloading 0,879ms
[2020-11-04T21:41:27.377+0300][1,307s][info][gc] GC(8) Concurrent strong roots 0,134ms
[2020-11-04T21:41:27.390+0300][1,320s][info][gc] GC(8) Concurrent evacuation 13,335ms
[2020-11-04T21:41:27.391+0300][1,320s][info][gc] GC(8) Pause Init Update Refs 0,011ms
[2020-11-04T21:41:27.412+0300][1,342s][info][gc] GC(8) Concurrent update references 21,355ms
[2020-11-04T21:41:27.412+0300][1,342s][info][gc] GC(8) Pause Final Update Refs 0,159ms
[2020-11-04T21:41:27.413+0300][1,342s][info][gc] GC(8) Concurrent cleanup 471M->129M(512M) 0,140ms
[2020-11-04T21:41:27.506+0300][1,436s][info][gc] Trigger: Average GC time (47,34 ms) is above the time for allocation rate (1947 MB/s) to deplete free headroom (93210K)
[2020-11-04T21:41:27.506+0300][1,436s][info][gc] GC(9) Concurrent reset 0,666ms
[2020-11-04T21:41:27.507+0300][1,437s][info][gc] GC(9) Pause Init Mark (unload classes) 0,124ms
[2020-11-04T21:41:27.540+0300][1,470s][info][gc] GC(9) Concurrent marking (unload classes) 33,190ms
[2020-11-04T21:41:27.541+0300][1,471s][info][gc] GC(9) Pause Final Mark (unload classes) 0,599ms
[2020-11-04T21:41:27.541+0300][1,471s][info][gc] GC(9) Concurrent weak roots 0,415ms
[2020-11-04T21:41:27.542+0300][1,471s][info][gc] GC(9) Concurrent cleanup 394M->394M(512M) 0,033ms
[2020-11-04T21:41:27.542+0300][1,472s][info][gc] GC(9) Concurrent class unloading 0,698ms
[2020-11-04T21:41:27.542+0300][1,472s][info][gc] GC(9) Concurrent strong roots 0,087ms
[2020-11-04T21:41:27.550+0300][1,480s][info][gc] GC(9) Concurrent evacuation 8,038ms
[2020-11-04T21:41:27.551+0300][1,481s][info][gc] GC(9) Pause Init Update Refs 0,023ms
[2020-11-04T21:41:27.572+0300][1,502s][info][gc] GC(9) Concurrent update references 20,894ms
[2020-11-04T21:41:27.572+0300][1,502s][info][gc] GC(9) Pause Final Update Refs 0,135ms
[2020-11-04T21:41:27.573+0300][1,502s][info][gc] GC(9) Concurrent cleanup 460M->142M(512M) 0,156ms
[2020-11-04T21:41:27.651+0300][1,581s][info][gc] Trigger: Average GC time (56,03 ms) is above the time for allocation rate (1994 MB/s) to deplete free headroom (110M)
[2020-11-04T21:41:27.652+0300][1,582s][info][gc] GC(10) Concurrent reset 0,753ms
[2020-11-04T21:41:27.652+0300][1,582s][info][gc] GC(10) Pause Init Mark (process weakrefs) (unload classes) 0,182ms
[2020-11-04T21:41:27.712+0300][1,642s][info][gc] GC(10) Concurrent marking (process weakrefs) (unload classes) 59,564ms
[2020-11-04T21:41:27.712+0300][1,642s][info][gc] GC(10) Concurrent precleaning 0,166ms
[2020-11-04T21:41:27.713+0300][1,643s][info][gc] GC(10) Pause Final Mark (process weakrefs) (unload classes) 0,467ms
[2020-11-04T21:41:27.713+0300][1,643s][info][gc] GC(10) Concurrent weak roots 0,465ms
[2020-11-04T21:41:27.713+0300][1,643s][info][gc] GC(10) Concurrent cleanup 377M->377M(512M) 0,032ms
[2020-11-04T21:41:27.714+0300][1,644s][info][gc] GC(10) Concurrent class unloading 0,646ms
[2020-11-04T21:41:27.714+0300][1,644s][info][gc] GC(10) Concurrent strong roots 0,167ms
[2020-11-04T21:41:27.722+0300][1,652s][info][gc] GC(10) Concurrent evacuation 7,659ms
[2020-11-04T21:41:27.722+0300][1,652s][info][gc] GC(10) Pause Init Update Refs 0,010ms
[2020-11-04T21:41:27.745+0300][1,675s][info][gc] GC(10) Concurrent update references 22,528ms
[2020-11-04T21:41:27.745+0300][1,675s][info][gc] GC(10) Pause Final Update Refs 0,184ms
[2020-11-04T21:41:27.746+0300][1,675s][info][gc] GC(10) Concurrent cleanup 443M->153M(512M) 0,140ms
[2020-11-04T21:41:27.820+0300][1,750s][info][gc] Trigger: Average GC time (69,83 ms) is above the time for allocation rate (1647 MB/s) to deplete free headroom (113M)
[2020-11-04T21:41:27.820+0300][1,750s][info][gc] GC(11) Concurrent reset 0,568ms
[2020-11-04T21:41:27.821+0300][1,751s][info][gc] GC(11) Pause Init Mark (unload classes) 0,105ms
[2020-11-04T21:41:27.859+0300][1,789s][info][gc] GC(11) Concurrent marking (unload classes) 38,202ms
[2020-11-04T21:41:27.860+0300][1,790s][info][gc] GC(11) Pause Final Mark (unload classes) 0,540ms
[2020-11-04T21:41:27.860+0300][1,790s][info][gc] GC(11) Concurrent weak roots 0,386ms
[2020-11-04T21:41:27.860+0300][1,790s][info][gc] GC(11) Concurrent cleanup 371M->371M(512M) 0,033ms
[2020-11-04T21:41:27.861+0300][1,791s][info][gc] GC(11) Concurrent class unloading 0,817ms
[2020-11-04T21:41:27.861+0300][1,791s][info][gc] GC(11) Concurrent strong roots 0,079ms
[2020-11-04T21:41:27.872+0300][1,801s][info][gc] GC(11) Concurrent evacuation 10,151ms
[2020-11-04T21:41:27.872+0300][1,802s][info][gc] GC(11) Pause Init Update Refs 0,020ms
[2020-11-04T21:41:27.899+0300][1,829s][info][gc] GC(11) Concurrent update references 27,066ms
[2020-11-04T21:41:27.900+0300][1,829s][info][gc] GC(11) Pause Final Update Refs 0,207ms
[2020-11-04T21:41:27.900+0300][1,830s][info][gc] GC(11) Concurrent cleanup 429M->152M(512M) 0,146ms
[2020-11-04T21:41:27.969+0300][1,899s][info][gc] Trigger: Average GC time (75,00 ms) is above the time for allocation rate (1716 MB/s) to deplete free headroom (127M)
[2020-11-04T21:41:27.969+0300][1,899s][info][gc] GC(12) Concurrent reset 0,616ms
[2020-11-04T21:41:27.970+0300][1,900s][info][gc] GC(12) Pause Init Mark (unload classes) 0,152ms
[2020-11-04T21:41:28.009+0300][1,939s][info][gc] GC(12) Concurrent marking (unload classes) 38,948ms
[2020-11-04T21:41:28.010+0300][1,939s][info][gc] GC(12) Pause Final Mark (unload classes) 0,444ms
[2020-11-04T21:41:28.010+0300][1,940s][info][gc] GC(12) Concurrent weak roots 0,355ms
[2020-11-04T21:41:28.010+0300][1,940s][info][gc] GC(12) Concurrent cleanup 358M->359M(512M) 0,033ms
[2020-11-04T21:41:28.011+0300][1,941s][info][gc] GC(12) Concurrent class unloading 0,897ms
[2020-11-04T21:41:28.011+0300][1,941s][info][gc] GC(12) Concurrent strong roots 0,130ms
[2020-11-04T21:41:28.018+0300][1,948s][info][gc] GC(12) Concurrent evacuation 7,077ms
[2020-11-04T21:41:28.019+0300][1,948s][info][gc] GC(12) Pause Init Update Refs 0,013ms
[2020-11-04T21:41:28.047+0300][1,977s][info][gc] GC(12) Concurrent update references 28,739ms
[2020-11-04T21:41:28.048+0300][1,978s][info][gc] GC(12) Pause Final Update Refs 0,155ms
[2020-11-04T21:41:28.048+0300][1,978s][info][gc] GC(12) Concurrent cleanup 413M->156M(512M) 0,116ms
[2020-11-04T21:41:28.114+0300][2,044s][info][gc] Trigger: Average GC time (78,27 ms) is above the time for allocation rate (1692 MB/s) to deplete free headroom (130M)
[2020-11-04T21:41:28.114+0300][2,044s][info][gc] GC(13) Concurrent reset 0,579ms
[2020-11-04T21:41:28.115+0300][2,045s][info][gc] GC(13) Pause Init Mark (unload classes) 0,126ms
[2020-11-04T21:41:28.158+0300][2,088s][info][gc] GC(13) Concurrent marking (unload classes) 42,865ms
[2020-11-04T21:41:28.158+0300][2,088s][info][gc] GC(13) Pause Final Mark (unload classes) 0,407ms
[2020-11-04T21:41:28.159+0300][2,089s][info][gc] GC(13) Concurrent weak roots 0,401ms
[2020-11-04T21:41:28.159+0300][2,089s][info][gc] GC(13) Concurrent cleanup 354M->354M(512M) 0,033ms
[2020-11-04T21:41:28.160+0300][2,090s][info][gc] GC(13) Concurrent class unloading 0,946ms
[2020-11-04T21:41:28.160+0300][2,090s][info][gc] GC(13) Concurrent strong roots 0,111ms
[2020-11-04T21:41:28.166+0300][2,096s][info][gc] GC(13) Concurrent evacuation 5,988ms
[2020-11-04T21:41:28.166+0300][2,096s][info][gc] GC(13) Pause Init Update Refs 0,013ms
[2020-11-04T21:41:28.193+0300][2,123s][info][gc] GC(13) Concurrent update references 26,548ms
[2020-11-04T21:41:28.193+0300][2,123s][info][gc] GC(13) Pause Final Update Refs 0,143ms
[2020-11-04T21:41:28.194+0300][2,123s][info][gc] GC(13) Concurrent cleanup 426M->180M(512M) 0,107ms
[2020-11-04T21:41:28.249+0300][2,178s][info][gc] Trigger: Average GC time (80,11 ms) is above the time for allocation rate (1717 MB/s) to deplete free headroom (137M)
[2020-11-04T21:41:28.249+0300][2,179s][info][gc] GC(14) Concurrent reset 0,579ms
[2020-11-04T21:41:28.250+0300][2,179s][info][gc] GC(14) Pause Init Mark (unload classes) 0,101ms
[2020-11-04T21:41:28.294+0300][2,224s][info][gc] GC(14) Concurrent marking (unload classes) 44,239ms
[2020-11-04T21:41:28.294+0300][2,224s][info][gc] GC(14) Pause Final Mark (unload classes) 0,369ms
[2020-11-04T21:41:28.295+0300][2,225s][info][gc] GC(14) Concurrent weak roots 0,415ms
[2020-11-04T21:41:28.295+0300][2,225s][info][gc] GC(14) Concurrent cleanup 348M->348M(512M) 0,035ms
[2020-11-04T21:41:28.296+0300][2,226s][info][gc] GC(14) Concurrent class unloading 0,781ms
[2020-11-04T21:41:28.296+0300][2,226s][info][gc] GC(14) Concurrent strong roots 0,119ms
[2020-11-04T21:41:28.302+0300][2,231s][info][gc] GC(14) Concurrent evacuation 5,661ms
[2020-11-04T21:41:28.302+0300][2,232s][info][gc] GC(14) Pause Init Update Refs 0,022ms
[2020-11-04T21:41:28.329+0300][2,259s][info][gc] GC(14) Concurrent update references 27,383ms
[2020-11-04T21:41:28.330+0300][2,260s][info][gc] GC(14) Pause Final Update Refs 0,151ms
[2020-11-04T21:41:28.330+0300][2,260s][info][gc] GC(14) Concurrent cleanup 422M->191M(512M) 0,116ms
[2020-11-04T21:41:28.380+0300][2,310s][info][gc] Trigger: Average GC time (83,06 ms) is above the time for allocation rate (1689 MB/s) to deplete free headroom (140M)
[2020-11-04T21:41:28.381+0300][2,310s][info][gc] GC(15) Concurrent reset 0,549ms
[2020-11-04T21:41:28.381+0300][2,311s][info][gc] GC(15) Pause Init Mark (process weakrefs) (unload classes) 0,104ms
[2020-11-04T21:41:28.473+0300][2,403s][info][gc] GC(15) Concurrent marking (process weakrefs) (unload classes) 91,965ms
[2020-11-04T21:41:28.473+0300][2,403s][info][gc] GC(15) Concurrent precleaning 0,175ms
[2020-11-04T21:41:28.474+0300][2,404s][info][gc] GC(15) Pause Final Mark (process weakrefs) (unload classes) 0,476ms
[2020-11-04T21:41:28.474+0300][2,404s][info][gc] GC(15) Concurrent weak roots 0,357ms
[2020-11-04T21:41:28.474+0300][2,404s][info][gc] GC(15) Concurrent cleanup 345M->345M(512M) 0,035ms
[2020-11-04T21:41:28.475+0300][2,405s][info][gc] GC(15) Concurrent class unloading 0,780ms
[2020-11-04T21:41:28.475+0300][2,405s][info][gc] GC(15) Concurrent strong roots 0,108ms
[2020-11-04T21:41:28.481+0300][2,411s][info][gc] GC(15) Concurrent evacuation 5,352ms
[2020-11-04T21:41:28.481+0300][2,411s][info][gc] GC(15) Pause Init Update Refs 0,013ms
[2020-11-04T21:41:28.513+0300][2,443s][info][gc] GC(15) Concurrent update references 32,333ms
[2020-11-04T21:41:28.514+0300][2,444s][info][gc] GC(15) Pause Final Update Refs 0,222ms
[2020-11-04T21:41:28.514+0300][2,444s][info][gc] GC(15) Concurrent cleanup 405M->183M(512M) 0,121ms
[2020-11-04T21:41:28.597+0300][2,527s][info][gc] Trigger: Average GC time (90,96 ms) is above the time for allocation rate (1157 MB/s) to deplete free headroom (104M)
[2020-11-04T21:41:28.597+0300][2,527s][info][gc] GC(16) Concurrent reset 0,594ms
[2020-11-04T21:41:28.598+0300][2,528s][info][gc] GC(16) Pause Init Mark (unload classes) 0,135ms
[2020-11-04T21:41:28.609+0300][2,539s][info][gc] GC(16) Concurrent marking (unload classes) 10,855ms
[2020-11-04T21:41:28.610+0300][2,539s][info][gc] GC(16) Pause Final Mark (unload classes) 0,429ms
[2020-11-04T21:41:28.610+0300][2,540s][info][gc] GC(16) Concurrent weak roots 0,321ms
[2020-11-04T21:41:28.610+0300][2,540s][info][gc] GC(16) Concurrent cleanup 374M->370M(512M) 0,024ms
[2020-11-04T21:41:28.610+0300][2,540s][info][gc] GC(16) Concurrent class unloading 0,538ms
[2020-11-04T21:41:28.611+0300][2,540s][info][gc] GC(16) Concurrent strong roots 0,051ms
[2020-11-04T21:41:28.617+0300][2,546s][info][gc] GC(16) Concurrent evacuation 6,081ms
[2020-11-04T21:41:28.617+0300][2,547s][info][gc] GC(16) Pause Init Update Refs 0,009ms
[2020-11-04T21:41:28.626+0300][2,556s][info][gc] GC(16) Concurrent update references 9,283ms
[2020-11-04T21:41:28.627+0300][2,557s][info][gc] GC(16) Pause Final Update Refs 0,313ms
[2020-11-04T21:41:28.627+0300][2,557s][info][gc] GC(16) Concurrent cleanup 404M->57M(512M) 0,122ms
[2020-11-04T21:41:28.710+0300][2,640s][info][gc] Trigger: Average GC time (81,01 ms) is above the time for allocation rate (2320 MB/s) to deplete free headroom (185M)
[2020-11-04T21:41:28.710+0300][2,640s][info][gc] GC(17) Concurrent reset 0,648ms
[2020-11-04T21:41:28.711+0300][2,641s][info][gc] GC(17) Pause Init Mark (unload classes) 0,256ms
[2020-11-04T21:41:28.727+0300][2,657s][info][gc] GC(17) Concurrent marking (unload classes) 16,229ms
[2020-11-04T21:41:28.728+0300][2,658s][info][gc] GC(17) Pause Final Mark (unload classes) 0,531ms
[2020-11-04T21:41:28.729+0300][2,658s][info][gc] GC(17) Concurrent weak roots 0,408ms
[2020-11-04T21:41:28.729+0300][2,658s][info][gc] GC(17) Concurrent cleanup 301M->301M(512M) 0,026ms
[2020-11-04T21:41:28.729+0300][2,659s][info][gc] GC(17) Concurrent class unloading 0,780ms
[2020-11-04T21:41:28.730+0300][2,659s][info][gc] GC(17) Concurrent strong roots 0,093ms
[2020-11-04T21:41:28.736+0300][2,666s][info][gc] GC(17) Concurrent evacuation 6,338ms
[2020-11-04T21:41:28.736+0300][2,666s][info][gc] GC(17) Pause Init Update Refs 0,020ms
[2020-11-04T21:41:28.747+0300][2,677s][info][gc] GC(17) Concurrent update references 11,120ms
[2020-11-04T21:41:28.748+0300][2,678s][info][gc] GC(17) Pause Final Update Refs 0,308ms
[2020-11-04T21:41:28.748+0300][2,678s][info][gc] GC(17) Concurrent cleanup 344M->81M(512M) 0,123ms
[2020-11-04T21:41:28.829+0300][2,759s][info][gc] Trigger: Average GC time (72,82 ms) is above the time for allocation rate (2311 MB/s) to deplete free headroom (165M)
[2020-11-04T21:41:28.829+0300][2,759s][info][gc] GC(18) Concurrent reset 0,589ms
[2020-11-04T21:41:28.830+0300][2,760s][info][gc] GC(18) Pause Init Mark (unload classes) 0,346ms
[2020-11-04T21:41:28.851+0300][2,781s][info][gc] GC(18) Concurrent marking (unload classes) 20,903ms
[2020-11-04T21:41:28.851+0300][2,781s][info][gc] GC(18) Pause Final Mark (unload classes) 0,414ms
[2020-11-04T21:41:28.852+0300][2,782s][info][gc] GC(18) Concurrent weak roots 0,355ms
[2020-11-04T21:41:28.852+0300][2,782s][info][gc] GC(18) Concurrent cleanup 324M->325M(512M) 0,024ms
[2020-11-04T21:41:28.853+0300][2,783s][info][gc] GC(18) Concurrent class unloading 0,766ms
[2020-11-04T21:41:28.853+0300][2,783s][info][gc] GC(18) Concurrent strong roots 0,062ms
[2020-11-04T21:41:28.860+0300][2,790s][info][gc] GC(18) Concurrent evacuation 7,332ms
[2020-11-04T21:41:28.860+0300][2,790s][info][gc] GC(18) Pause Init Update Refs 0,017ms
[2020-11-04T21:41:28.875+0300][2,805s][info][gc] GC(18) Concurrent update references 14,868ms
[2020-11-04T21:41:28.876+0300][2,806s][info][gc] GC(18) Pause Final Update Refs 0,157ms
[2020-11-04T21:41:28.876+0300][2,806s][info][gc] GC(18) Concurrent cleanup 363M->88M(512M) 0,125ms
[2020-11-04T21:41:28.963+0300][2,893s][info][gc] Trigger: Average GC time (66,34 ms) is above the time for allocation rate (2157 MB/s) to deplete free headroom (142M)
[2020-11-04T21:41:28.964+0300][2,893s][info][gc] GC(19) Concurrent reset 0,614ms
[2020-11-04T21:41:28.964+0300][2,894s][info][gc] GC(19) Pause Init Mark (unload classes) 0,123ms
[2020-11-04T21:41:28.989+0300][2,918s][info][gc] GC(19) Concurrent marking (unload classes) 24,368ms
[2020-11-04T21:41:28.989+0300][2,919s][info][gc] GC(19) Pause Final Mark (unload classes) 0,416ms
[2020-11-04T21:41:28.990+0300][2,919s][info][gc] GC(19) Concurrent weak roots 0,329ms
[2020-11-04T21:41:28.990+0300][2,919s][info][gc] GC(19) Concurrent cleanup 345M->345M(512M) 0,035ms
[2020-11-04T21:41:28.991+0300][2,920s][info][gc] GC(19) Concurrent class unloading 0,922ms
[2020-11-04T21:41:28.991+0300][2,921s][info][gc] GC(19) Concurrent strong roots 0,148ms
[2020-11-04T21:41:28.998+0300][2,928s][info][gc] GC(19) Concurrent evacuation 6,949ms
[2020-11-04T21:41:28.998+0300][2,928s][info][gc] GC(19) Pause Init Update Refs 0,017ms
[2020-11-04T21:41:29.013+0300][2,943s][info][gc] GC(19) Concurrent update references 15,310ms
[2020-11-04T21:41:29.014+0300][2,944s][info][gc] GC(19) Pause Final Update Refs 0,127ms
[2020-11-04T21:41:29.014+0300][2,944s][info][gc] GC(19) Concurrent cleanup 397M->108M(512M) 0,136ms
[2020-11-04T21:41:29.098+0300][3,028s][info][gc] Trigger: Average GC time (60,26 ms) is above the time for allocation rate (2171 MB/s) to deplete free headroom (130M)
[2020-11-04T21:41:29.098+0300][3,028s][info][gc] GC(20) Concurrent reset 0,650ms
[2020-11-04T21:41:29.099+0300][3,029s][info][gc] GC(20) Pause Init Mark (process weakrefs) (unload classes) 0,094ms
[2020-11-04T21:41:29.123+0300][3,053s][info][gc] GC(20) Concurrent marking (process weakrefs) (unload classes) 23,834ms
[2020-11-04T21:41:29.123+0300][3,053s][info][gc] GC(20) Concurrent precleaning 0,114ms
[2020-11-04T21:41:29.124+0300][3,053s][info][gc] GC(20) Pause Final Mark (process weakrefs) (unload classes) 0,457ms
[2020-11-04T21:41:29.124+0300][3,054s][info][gc] GC(20) Concurrent weak roots 0,386ms
[2020-11-04T21:41:29.124+0300][3,054s][info][gc] GC(20) Concurrent cleanup 359M->359M(512M) 0,039ms
[2020-11-04T21:41:29.125+0300][3,055s][info][gc] GC(20) Concurrent class unloading 0,974ms
[2020-11-04T21:41:29.125+0300][3,055s][info][gc] GC(20) Concurrent strong roots 0,092ms
[2020-11-04T21:41:29.135+0300][3,064s][info][gc] GC(20) Concurrent evacuation 9,300ms
[2020-11-04T21:41:29.135+0300][3,065s][info][gc] GC(20) Pause Init Update Refs 0,011ms
[2020-11-04T21:41:29.154+0300][3,084s][info][gc] GC(20) Concurrent update references 19,309ms
[2020-11-04T21:41:29.155+0300][3,085s][info][gc] GC(20) Pause Final Update Refs 0,214ms
[2020-11-04T21:41:29.155+0300][3,085s][info][gc] GC(20) Concurrent cleanup 413M->120M(512M) 0,097ms
[2020-11-04T21:41:29.247+0300][3,177s][info][gc] Trigger: Average GC time (44,88 ms) is above the time for allocation rate (2139 MB/s) to deplete free headroom (97818K)
[2020-11-04T21:41:29.248+0300][3,178s][info][gc] GC(21) Concurrent reset 0,557ms
[2020-11-04T21:41:29.248+0300][3,178s][info][gc] GC(21) Pause Init Mark (unload classes) 0,169ms
[2020-11-04T21:41:29.279+0300][3,209s][info][gc] GC(21) Concurrent marking (unload classes) 30,992ms
[2020-11-04T21:41:29.280+0300][3,210s][info][gc] GC(21) Pause Final Mark (unload classes) 0,362ms
[2020-11-04T21:41:29.280+0300][3,210s][info][gc] GC(21) Concurrent weak roots 0,360ms
[2020-11-04T21:41:29.280+0300][3,210s][info][gc] GC(21) Concurrent cleanup 392M->392M(512M) 0,035ms
[2020-11-04T21:41:29.281+0300][3,211s][info][gc] GC(21) Concurrent class unloading 0,771ms
[2020-11-04T21:41:29.281+0300][3,211s][info][gc] GC(21) Concurrent strong roots 0,117ms
[2020-11-04T21:41:29.290+0300][3,220s][info][gc] GC(21) Concurrent evacuation 8,323ms
[2020-11-04T21:41:29.290+0300][3,220s][info][gc] GC(21) Pause Init Update Refs 0,017ms
[2020-11-04T21:41:29.313+0300][3,243s][info][gc] GC(21) Concurrent update references 22,847ms
[2020-11-04T21:41:29.313+0300][3,243s][info][gc] GC(21) Pause Final Update Refs 0,154ms
[2020-11-04T21:41:29.314+0300][3,243s][info][gc] GC(21) Concurrent cleanup 459M->139M(512M) 0,137ms
[2020-11-04T21:41:29.396+0300][3,326s][info][gc] Trigger: Average GC time (52,07 ms) is above the time for allocation rate (2034 MB/s) to deplete free headroom (103M)
[2020-11-04T21:41:29.397+0300][3,327s][info][gc] GC(22) Concurrent reset 0,634ms
[2020-11-04T21:41:29.397+0300][3,327s][info][gc] GC(22) Pause Init Mark (unload classes) 0,101ms
[2020-11-04T21:41:29.432+0300][3,361s][info][gc] GC(22) Concurrent marking (unload classes) 34,222ms
[2020-11-04T21:41:29.432+0300][3,362s][info][gc] GC(22) Pause Final Mark (unload classes) 0,312ms
[2020-11-04T21:41:29.433+0300][3,363s][info][gc] GC(22) Concurrent weak roots 0,460ms
[2020-11-04T21:41:29.433+0300][3,363s][info][gc] GC(22) Concurrent cleanup 383M->383M(512M) 0,034ms
[2020-11-04T21:41:29.434+0300][3,364s][info][gc] GC(22) Concurrent class unloading 0,810ms
[2020-11-04T21:41:29.434+0300][3,364s][info][gc] GC(22) Concurrent strong roots 0,058ms
[2020-11-04T21:41:29.442+0300][3,372s][info][gc] GC(22) Concurrent evacuation 7,969ms
[2020-11-04T21:41:29.442+0300][3,372s][info][gc] GC(22) Pause Init Update Refs 0,012ms
[2020-11-04T21:41:29.464+0300][3,393s][info][gc] GC(22) Concurrent update references 21,398ms
[2020-11-04T21:41:29.464+0300][3,394s][info][gc] GC(22) Pause Final Update Refs 0,159ms
[2020-11-04T21:41:29.464+0300][3,394s][info][gc] GC(22) Concurrent cleanup 444M->142M(512M) 0,133ms
[2020-11-04T21:41:29.543+0300][3,472s][info][gc] Trigger: Average GC time (57,98 ms) is above the time for allocation rate (1944 MB/s) to deplete free headroom (112M)
[2020-11-04T21:41:29.543+0300][3,473s][info][gc] GC(23) Concurrent reset 0,588ms
[2020-11-04T21:41:29.544+0300][3,473s][info][gc] GC(23) Pause Init Mark (unload classes) 0,109ms
[2020-11-04T21:41:29.580+0300][3,510s][info][gc] GC(23) Concurrent marking (unload classes) 36,479ms
[2020-11-04T21:41:29.581+0300][3,511s][info][gc] GC(23) Pause Final Mark (unload classes) 0,395ms
[2020-11-04T21:41:29.581+0300][3,511s][info][gc] GC(23) Concurrent weak roots 0,463ms
[2020-11-04T21:41:29.582+0300][3,511s][info][gc] GC(23) Concurrent cleanup 372M->372M(512M) 0,042ms
[2020-11-04T21:41:29.582+0300][3,512s][info][gc] GC(23) Concurrent class unloading 0,810ms
[2020-11-04T21:41:29.582+0300][3,512s][info][gc] GC(23) Concurrent strong roots 0,106ms
[2020-11-04T21:41:29.590+0300][3,519s][info][gc] GC(23) Concurrent evacuation 7,126ms
[2020-11-04T21:41:29.590+0300][3,520s][info][gc] GC(23) Pause Init Update Refs 0,027ms
[2020-11-04T21:41:29.614+0300][3,543s][info][gc] GC(23) Concurrent update references 23,523ms
[2020-11-04T21:41:29.614+0300][3,544s][info][gc] GC(23) Pause Final Update Refs 0,203ms
[2020-11-04T21:41:29.614+0300][3,544s][info][gc] GC(23) Concurrent cleanup 440M->156M(512M) 0,128ms
[2020-11-04T21:41:29.684+0300][3,614s][info][gc] Trigger: Average GC time (62,86 ms) is above the time for allocation rate (1906 MB/s) to deplete free headroom (118M)
[2020-11-04T21:41:29.685+0300][3,615s][info][gc] GC(24) Concurrent reset 0,601ms
[2020-11-04T21:41:29.685+0300][3,615s][info][gc] GC(24) Pause Init Mark (unload classes) 0,107ms
[2020-11-04T21:41:29.725+0300][3,655s][info][gc] GC(24) Concurrent marking (unload classes) 39,238ms
[2020-11-04T21:41:29.725+0300][3,655s][info][gc] GC(24) Pause Final Mark (unload classes) 0,512ms
[2020-11-04T21:41:29.726+0300][3,656s][info][gc] GC(24) Concurrent weak roots 0,369ms
[2020-11-04T21:41:29.726+0300][3,656s][info][gc] GC(24) Concurrent cleanup 366M->366M(512M) 0,035ms
[2020-11-04T21:41:29.727+0300][3,657s][info][gc] GC(24) Concurrent class unloading 0,745ms
[2020-11-04T21:41:29.727+0300][3,657s][info][gc] GC(24) Concurrent strong roots 0,124ms
[2020-11-04T21:41:29.734+0300][3,664s][info][gc] GC(24) Concurrent evacuation 7,081ms
[2020-11-04T21:41:29.734+0300][3,664s][info][gc] GC(24) Pause Init Update Refs 0,016ms
[2020-11-04T21:41:29.758+0300][3,688s][info][gc] GC(24) Concurrent update references 24,074ms
[2020-11-04T21:41:29.759+0300][3,689s][info][gc] GC(24) Pause Final Update Refs 0,149ms
[2020-11-04T21:41:29.759+0300][3,689s][info][gc] GC(24) Concurrent cleanup 433M->163M(512M) 0,125ms
[2020-11-04T21:41:29.825+0300][3,755s][info][gc] Trigger: Average GC time (67,61 ms) is above the time for allocation rate (1838 MB/s) to deplete free headroom (122M)
[2020-11-04T21:41:29.826+0300][3,755s][info][gc] GC(25) Concurrent reset 0,567ms
[2020-11-04T21:41:29.826+0300][3,756s][info][gc] GC(25) Pause Init Mark (process weakrefs) (unload classes) 0,123ms
[2020-11-04T21:41:29.868+0300][3,798s][info][gc] GC(25) Concurrent marking (process weakrefs) (unload classes) 42,280ms
[2020-11-04T21:41:29.869+0300][3,798s][info][gc] GC(25) Concurrent precleaning 0,165ms
[2020-11-04T21:41:29.869+0300][3,799s][info][gc] GC(25) Pause Final Mark (process weakrefs) (unload classes) 0,422ms
[2020-11-04T21:41:29.870+0300][3,799s][info][gc] GC(25) Concurrent weak roots 0,332ms
[2020-11-04T21:41:29.870+0300][3,799s][info][gc] GC(25) Concurrent cleanup 362M->362M(512M) 0,034ms
[2020-11-04T21:41:29.870+0300][3,800s][info][gc] GC(25) Concurrent class unloading 0,818ms
[2020-11-04T21:41:29.871+0300][3,800s][info][gc] GC(25) Concurrent strong roots 0,108ms
[2020-11-04T21:41:29.877+0300][3,807s][info][gc] GC(25) Concurrent evacuation 6,645ms
[2020-11-04T21:41:29.878+0300][3,807s][info][gc] GC(25) Pause Init Update Refs 0,022ms
[2020-11-04T21:41:29.904+0300][3,834s][info][gc] GC(25) Concurrent update references 26,021ms
[2020-11-04T21:41:29.904+0300][3,834s][info][gc] GC(25) Pause Final Update Refs 0,183ms
[2020-11-04T21:41:29.905+0300][3,834s][info][gc] GC(25) Concurrent cleanup 428M->169M(512M) 0,158ms
[2020-11-04T21:41:29.968+0300][3,898s][info][gc] Trigger: Average GC time (72,07 ms) is above the time for allocation rate (1738 MB/s) to deplete free headroom (124M)
[2020-11-04T21:41:29.969+0300][3,898s][info][gc] GC(26) Concurrent reset 0,582ms
[2020-11-04T21:41:29.969+0300][3,899s][info][gc] GC(26) Pause Init Mark (unload classes) 0,142ms
[2020-11-04T21:41:30.011+0300][3,941s][info][gc] GC(26) Concurrent marking (unload classes) 41,982ms
[2020-11-04T21:41:30.012+0300][3,942s][info][gc] GC(26) Pause Final Mark (unload classes) 0,517ms
[2020-11-04T21:41:30.012+0300][3,942s][info][gc] GC(26) Concurrent weak roots 0,410ms
[2020-11-04T21:41:30.012+0300][3,942s][info][gc] GC(26) Concurrent cleanup 359M->360M(512M) 0,036ms
[2020-11-04T21:41:30.013+0300][3,943s][info][gc] GC(26) Concurrent class unloading 0,817ms
[2020-11-04T21:41:30.013+0300][3,943s][info][gc] GC(26) Concurrent strong roots 0,081ms
[2020-11-04T21:41:30.020+0300][3,949s][info][gc] GC(26) Concurrent evacuation 6,211ms
[2020-11-04T21:41:30.020+0300][3,950s][info][gc] GC(26) Pause Init Update Refs 0,026ms
[2020-11-04T21:41:30.046+0300][3,976s][info][gc] GC(26) Concurrent update references 26,276ms
[2020-11-04T21:41:30.047+0300][3,977s][info][gc] GC(26) Pause Final Update Refs 0,160ms
[2020-11-04T21:41:30.047+0300][3,977s][info][gc] GC(26) Concurrent cleanup 435M->186M(512M) 0,121ms
[2020-11-04T21:41:30.101+0300][4,031s][info][gc] Trigger: Average GC time (74,62 ms) is above the time for allocation rate (1768 MB/s) to deplete free headroom (130M)
[2020-11-04T21:41:30.102+0300][4,032s][info][gc] GC(27) Concurrent reset 0,632ms
[2020-11-04T21:41:30.102+0300][4,032s][info][gc] GC(27) Pause Init Mark (unload classes) 0,105ms
[2020-11-04T21:41:30.146+0300][4,076s][info][gc] GC(27) Concurrent marking (unload classes) 44,222ms
[2020-11-04T21:41:30.147+0300][4,077s][info][gc] GC(27) Pause Final Mark (unload classes) 0,395ms
[2020-11-04T21:41:30.148+0300][4,077s][info][gc] GC(27) Concurrent weak roots 0,496ms
[2020-11-04T21:41:30.148+0300][4,078s][info][gc] GC(27) Concurrent cleanup 353M->353M(512M) 0,033ms
[2020-11-04T21:41:30.148+0300][4,078s][info][gc] GC(27) Concurrent class unloading 0,692ms
[2020-11-04T21:41:30.148+0300][4,078s][info][gc] GC(27) Concurrent strong roots 0,062ms
[2020-11-04T21:41:30.155+0300][4,085s][info][gc] GC(27) Concurrent evacuation 6,784ms
[2020-11-04T21:41:30.156+0300][4,085s][info][gc] GC(27) Pause Init Update Refs 0,019ms
[2020-11-04T21:41:30.185+0300][4,115s][info][gc] GC(27) Concurrent update references 29,388ms
[2020-11-04T21:41:30.186+0300][4,115s][info][gc] GC(27) Pause Final Update Refs 0,150ms
[2020-11-04T21:41:30.186+0300][4,116s][info][gc] GC(27) Concurrent cleanup 427M->192M(512M) 0,105ms
[2020-11-04T21:41:30.238+0300][4,168s][info][gc] Trigger: Average GC time (77,95 ms) is above the time for allocation rate (1675 MB/s) to deplete free headroom (130M)
[2020-11-04T21:41:30.238+0300][4,168s][info][gc] GC(28) Concurrent reset 0,564ms
[2020-11-04T21:41:30.239+0300][4,169s][info][gc] GC(28) Pause Init Mark (unload classes) 0,106ms
[2020-11-04T21:41:30.287+0300][4,217s][info][gc] GC(28) Concurrent marking (unload classes) 48,040ms
[2020-11-04T21:41:30.288+0300][4,217s][info][gc] GC(28) Pause Final Mark (unload classes) 0,418ms
[2020-11-04T21:41:30.288+0300][4,218s][info][gc] GC(28) Concurrent weak roots 0,408ms
[2020-11-04T21:41:30.288+0300][4,218s][info][gc] GC(28) Concurrent cleanup 353M->353M(512M) 0,035ms
[2020-11-04T21:41:30.289+0300][4,219s][info][gc] GC(28) Concurrent class unloading 0,761ms
[2020-11-04T21:41:30.289+0300][4,219s][info][gc] GC(28) Concurrent strong roots 0,061ms
[2020-11-04T21:41:30.295+0300][4,225s][info][gc] GC(28) Concurrent evacuation 6,022ms
[2020-11-04T21:41:30.295+0300][4,225s][info][gc] GC(28) Pause Init Update Refs 0,047ms
[2020-11-04T21:41:30.324+0300][4,254s][info][gc] GC(28) Concurrent update references 29,095ms
[2020-11-04T21:41:30.325+0300][4,255s][info][gc] GC(28) Pause Final Update Refs 0,156ms
[2020-11-04T21:41:30.325+0300][4,255s][info][gc] GC(28) Concurrent cleanup 411M->182M(512M) 0,107ms
[2020-11-04T21:41:30.385+0300][4,314s][info][gc] Trigger: Average GC time (81,09 ms) is above the time for allocation rate (1548 MB/s) to deplete free headroom (125M)
[2020-11-04T21:41:30.385+0300][4,315s][info][gc] GC(29) Concurrent reset 0,541ms
[2020-11-04T21:41:30.386+0300][4,315s][info][gc] GC(29) Pause Init Mark (unload classes) 0,100ms
[2020-11-04T21:41:30.398+0300][4,328s][info][gc] GC(29) Concurrent marking (unload classes) 12,348ms
[2020-11-04T21:41:30.399+0300][4,328s][info][gc] GC(29) Pause Final Mark (unload classes) 0,352ms
[2020-11-04T21:41:30.399+0300][4,329s][info][gc] GC(29) Concurrent weak roots 0,395ms
[2020-11-04T21:41:30.399+0300][4,329s][info][gc] GC(29) Concurrent cleanup 356M->352M(512M) 0,029ms
[2020-11-04T21:41:30.400+0300][4,330s][info][gc] GC(29) Concurrent class unloading 0,849ms
[2020-11-04T21:41:30.400+0300][4,330s][info][gc] GC(29) Concurrent strong roots 0,106ms
[2020-11-04T21:41:30.406+0300][4,335s][info][gc] GC(29) Concurrent evacuation 5,526ms
[2020-11-04T21:41:30.406+0300][4,336s][info][gc] GC(29) Pause Init Update Refs 0,018ms
[2020-11-04T21:41:30.416+0300][4,346s][info][gc] GC(29) Concurrent update references 9,673ms
[2020-11-04T21:41:30.416+0300][4,346s][info][gc] GC(29) Pause Final Update Refs 0,181ms
[2020-11-04T21:41:30.416+0300][4,346s][info][gc] GC(29) Concurrent cleanup 384M->61M(512M) 0,140ms
[2020-11-04T21:41:30.503+0300][4,433s][info][gc] Trigger: Average GC time (72,51 ms) is above the time for allocation rate (2334 MB/s) to deplete free headroom (168M)
[2020-11-04T21:41:30.504+0300][4,434s][info][gc] GC(30) Concurrent reset 0,576ms
[2020-11-04T21:41:30.504+0300][4,434s][info][gc] GC(30) Pause Init Mark (process weakrefs) (unload classes) 0,126ms
[2020-11-04T21:41:30.522+0300][4,452s][info][gc] GC(30) Concurrent marking (process weakrefs) (unload classes) 17,877ms
[2020-11-04T21:41:30.522+0300][4,452s][info][gc] GC(30) Concurrent precleaning 0,132ms
[2020-11-04T21:41:30.523+0300][4,453s][info][gc] GC(30) Pause Final Mark (process weakrefs) (unload classes) 0,463ms
[2020-11-04T21:41:30.524+0300][4,453s][info][gc] GC(30) Concurrent weak roots 0,343ms
[2020-11-04T21:41:30.524+0300][4,453s][info][gc] GC(30) Concurrent cleanup 321M->321M(512M) 0,024ms
[2020-11-04T21:41:30.524+0300][4,454s][info][gc] GC(30) Concurrent class unloading 0,843ms
[2020-11-04T21:41:30.525+0300][4,454s][info][gc] GC(30) Concurrent strong roots 0,097ms
[2020-11-04T21:41:30.531+0300][4,461s][info][gc] GC(30) Concurrent evacuation 6,772ms
[2020-11-04T21:41:30.532+0300][4,462s][info][gc] GC(30) Pause Init Update Refs 0,018ms
[2020-11-04T21:41:30.545+0300][4,475s][info][gc] GC(30) Concurrent update references 13,300ms
[2020-11-04T21:41:30.546+0300][4,475s][info][gc] GC(30) Pause Final Update Refs 0,158ms
[2020-11-04T21:41:30.546+0300][4,476s][info][gc] GC(30) Concurrent cleanup 362M->84M(512M) 0,127ms
[2020-11-04T21:41:30.633+0300][4,563s][info][gc] Trigger: Average GC time (65,09 ms) is above the time for allocation rate (2252 MB/s) to deplete free headroom (146M)
[2020-11-04T21:41:30.633+0300][4,563s][info][gc] GC(31) Concurrent reset 0,449ms
[2020-11-04T21:41:30.634+0300][4,563s][info][gc] GC(31) Pause Init Mark (unload classes) 0,104ms
[2020-11-04T21:41:30.652+0300][4,582s][info][gc] GC(31) Concurrent marking (unload classes) 18,392ms
[2020-11-04T21:41:30.653+0300][4,583s][info][gc] GC(31) Pause Final Mark (unload classes) 0,409ms
[2020-11-04T21:41:30.653+0300][4,583s][info][gc] GC(31) Concurrent weak roots 0,356ms
[2020-11-04T21:41:30.653+0300][4,583s][info][gc] GC(31) Concurrent cleanup 340M->340M(512M) 0,034ms
[2020-11-04T21:41:30.654+0300][4,584s][info][gc] GC(31) Concurrent class unloading 0,770ms
[2020-11-04T21:41:30.654+0300][4,584s][info][gc] GC(31) Concurrent strong roots 0,097ms
[2020-11-04T21:41:30.662+0300][4,592s][info][gc] GC(31) Concurrent evacuation 7,701ms
[2020-11-04T21:41:30.662+0300][4,592s][info][gc] GC(31) Pause Init Update Refs 0,026ms
[2020-11-04T21:41:30.676+0300][4,606s][info][gc] GC(31) Concurrent update references 14,146ms
[2020-11-04T21:41:30.677+0300][4,607s][info][gc] GC(31) Pause Final Update Refs 0,162ms
[2020-11-04T21:41:30.677+0300][4,607s][info][gc] GC(31) Concurrent cleanup 386M->95M(512M) 0,132ms
[2020-11-04T21:41:30.765+0300][4,695s][info][gc] Trigger: Average GC time (58,15 ms) is above the time for allocation rate (2253 MB/s) to deplete free headroom (130M)
[2020-11-04T21:41:30.766+0300][4,695s][info][gc] GC(32) Concurrent reset 0,562ms
[2020-11-04T21:41:30.766+0300][4,696s][info][gc] GC(32) Pause Init Mark (unload classes) 0,107ms
[2020-11-04T21:41:30.789+0300][4,719s][info][gc] GC(32) Concurrent marking (unload classes) 22,667ms
[2020-11-04T21:41:30.789+0300][4,719s][info][gc] GC(32) Pause Final Mark (unload classes) 0,343ms
[2020-11-04T21:41:30.790+0300][4,720s][info][gc] GC(32) Concurrent weak roots 0,287ms
[2020-11-04T21:41:30.790+0300][4,720s][info][gc] GC(32) Concurrent cleanup 355M->355M(512M) 0,036ms
[2020-11-04T21:41:30.791+0300][4,721s][info][gc] GC(32) Concurrent class unloading 0,932ms
[2020-11-04T21:41:30.791+0300][4,721s][info][gc] GC(32) Concurrent strong roots 0,113ms
[2020-11-04T21:41:30.798+0300][4,728s][info][gc] GC(32) Concurrent evacuation 7,254ms
[2020-11-04T21:41:30.798+0300][4,728s][info][gc] GC(32) Pause Init Update Refs 0,017ms
[2020-11-04T21:41:30.817+0300][4,746s][info][gc] GC(32) Concurrent update references 17,987ms
[2020-11-04T21:41:30.817+0300][4,747s][info][gc] GC(32) Pause Final Update Refs 0,178ms
[2020-11-04T21:41:30.817+0300][4,747s][info][gc] GC(32) Concurrent cleanup 402M->104M(512M) 0,135ms
[2020-11-04T21:41:30.910+0300][4,840s][info][gc] Trigger: Average GC time (51,66 ms) is above the time for allocation rate (2147 MB/s) to deplete free headroom (108M)
[2020-11-04T21:41:30.911+0300][4,841s][info][gc] GC(33) Concurrent reset 0,594ms
[2020-11-04T21:41:30.912+0300][4,841s][info][gc] GC(33) Pause Init Mark (unload classes) 0,269ms
[2020-11-04T21:41:30.940+0300][4,870s][info][gc] GC(33) Concurrent marking (unload classes) 28,323ms
[2020-11-04T21:41:30.941+0300][4,870s][info][gc] GC(33) Pause Final Mark (unload classes) 0,364ms
[2020-11-04T21:41:30.941+0300][4,871s][info][gc] GC(33) Concurrent weak roots 0,283ms
[2020-11-04T21:41:30.941+0300][4,871s][info][gc] GC(33) Concurrent cleanup 377M->377M(512M) 0,026ms
[2020-11-04T21:41:30.942+0300][4,872s][info][gc] GC(33) Concurrent class unloading 0,825ms
[2020-11-04T21:41:30.942+0300][4,872s][info][gc] GC(33) Concurrent strong roots 0,133ms
[2020-11-04T21:41:30.950+0300][4,879s][info][gc] GC(33) Concurrent evacuation 7,603ms
[2020-11-04T21:41:30.950+0300][4,880s][info][gc] GC(33) Pause Init Update Refs 0,016ms
[2020-11-04T21:41:30.970+0300][4,900s][info][gc] GC(33) Concurrent update references 20,019ms
[2020-11-04T21:41:30.971+0300][4,900s][info][gc] GC(33) Pause Final Update Refs 0,162ms
[2020-11-04T21:41:30.971+0300][4,901s][info][gc] GC(33) Concurrent cleanup 429M->116M(512M) 0,133ms
[2020-11-04T21:41:31.065+0300][4,995s][info][gc] Trigger: Average GC time (46,24 ms) is above the time for allocation rate (2057 MB/s) to deplete free headroom (95514K)
[2020-11-04T21:41:31.066+0300][4,996s][info][gc] GC(34) Concurrent reset 0,583ms
[2020-11-04T21:41:31.066+0300][4,996s][info][gc] GC(34) Pause Init Mark (unload classes) 0,132ms
[2020-11-04T21:41:31.100+0300][5,029s][info][gc] GC(34) Concurrent marking (unload classes) 32,170ms
[2020-11-04T21:41:31.100+0300][5,030s][info][gc] GC(34) Pause Final Mark (unload classes) 0,426ms
[2020-11-04T21:41:31.101+0300][5,031s][info][gc] GC(34) Concurrent weak roots 0,446ms
[2020-11-04T21:41:31.101+0300][5,031s][info][gc] GC(34) Concurrent cleanup 391M->391M(512M) 0,034ms
[2020-11-04T21:41:31.102+0300][5,031s][info][gc] GC(34) Concurrent class unloading 0,746ms
[2020-11-04T21:41:31.102+0300][5,032s][info][gc] GC(34) Concurrent strong roots 0,119ms
[2020-11-04T21:41:31.109+0300][5,039s][info][gc] GC(34) Concurrent evacuation 7,670ms
[2020-11-04T21:41:31.110+0300][5,040s][info][gc] GC(34) Pause Init Update Refs 0,026ms
[2020-11-04T21:41:31.133+0300][5,062s][info][gc] GC(34) Concurrent update references 22,723ms
[2020-11-04T21:41:31.133+0300][5,063s][info][gc] GC(34) Pause Final Update Refs 0,156ms
[2020-11-04T21:41:31.133+0300][5,063s][info][gc] GC(34) Concurrent cleanup 444M->126M(512M) 0,177ms
[2020-11-04T21:41:31.221+0300][5,151s][info][gc] Trigger: Average GC time (53,50 ms) is above the time for allocation rate (1926 MB/s) to deplete free headroom (100M)
[2020-11-04T21:41:31.222+0300][5,152s][info][gc] GC(35) Concurrent reset 0,593ms
[2020-11-04T21:41:31.222+0300][5,152s][info][gc] GC(35) Pause Init Mark (process weakrefs) (unload classes) 0,137ms
[2020-11-04T21:41:31.258+0300][5,188s][info][gc] GC(35) Concurrent marking (process weakrefs) (unload classes) 35,239ms
[2020-11-04T21:41:31.258+0300][5,188s][info][gc] GC(35) Concurrent precleaning 0,160ms
[2020-11-04T21:41:31.259+0300][5,188s][info][gc] GC(35) Pause Final Mark (process weakrefs) (unload classes) 0,400ms
[2020-11-04T21:41:31.259+0300][5,189s][info][gc] GC(35) Concurrent weak roots 0,405ms
[2020-11-04T21:41:31.259+0300][5,189s][info][gc] GC(35) Concurrent cleanup 383M->383M(512M) 0,034ms
[2020-11-04T21:41:31.260+0300][5,190s][info][gc] GC(35) Concurrent class unloading 0,693ms
[2020-11-04T21:41:31.260+0300][5,190s][info][gc] GC(35) Concurrent strong roots 0,063ms
[2020-11-04T21:41:31.267+0300][5,197s][info][gc] GC(35) Concurrent evacuation 7,344ms
[2020-11-04T21:41:31.268+0300][5,197s][info][gc] GC(35) Pause Init Update Refs 0,013ms
[2020-11-04T21:41:31.297+0300][5,227s][info][gc] GC(35) Concurrent update references 29,711ms
[2020-11-04T21:41:31.298+0300][5,228s][info][gc] GC(35) Pause Final Update Refs 0,218ms
[2020-11-04T21:41:31.298+0300][5,228s][info][gc] GC(35) Concurrent cleanup 444M->143M(512M) 0,124ms
[2020-11-04T21:41:31.376+0300][5,306s][info][gc] Trigger: Average GC time (60,34 ms) is above the time for allocation rate (1825 MB/s) to deplete free headroom (110M)
[2020-11-04T21:41:31.377+0300][5,307s][info][gc] GC(36) Concurrent reset 0,601ms
[2020-11-04T21:41:31.377+0300][5,307s][info][gc] GC(36) Pause Init Mark (unload classes) 0,109ms
[2020-11-04T21:41:31.415+0300][5,345s][info][gc] GC(36) Concurrent marking (unload classes) 37,499ms
[2020-11-04T21:41:31.416+0300][5,346s][info][gc] GC(36) Pause Final Mark (unload classes) 0,451ms
[2020-11-04T21:41:31.416+0300][5,346s][info][gc] GC(36) Concurrent weak roots 0,353ms
[2020-11-04T21:41:31.416+0300][5,346s][info][gc] GC(36) Concurrent cleanup 374M->374M(512M) 0,031ms
[2020-11-04T21:41:31.417+0300][5,347s][info][gc] GC(36) Concurrent class unloading 0,687ms
[2020-11-04T21:41:31.417+0300][5,347s][info][gc] GC(36) Concurrent strong roots 0,047ms
[2020-11-04T21:41:31.425+0300][5,355s][info][gc] GC(36) Concurrent evacuation 7,586ms
[2020-11-04T21:41:31.425+0300][5,355s][info][gc] GC(36) Pause Init Update Refs 0,025ms
[2020-11-04T21:41:31.448+0300][5,378s][info][gc] GC(36) Concurrent update references 23,143ms
[2020-11-04T21:41:31.449+0300][5,379s][info][gc] GC(36) Pause Final Update Refs 0,309ms
[2020-11-04T21:41:31.449+0300][5,379s][info][gc] GC(36) Concurrent cleanup 441M->158M(512M) 0,107ms
[2020-11-04T21:41:31.517+0300][5,447s][info][gc] Trigger: Average GC time (65,99 ms) is above the time for allocation rate (1872 MB/s) to deplete free headroom (121M)
[2020-11-04T21:41:31.517+0300][5,447s][info][gc] GC(37) Concurrent reset 0,598ms
[2020-11-04T21:41:31.518+0300][5,448s][info][gc] GC(37) Pause Init Mark (unload classes) 0,306ms
[2020-11-04T21:41:31.556+0300][5,486s][info][gc] GC(37) Concurrent marking (unload classes) 37,866ms
[2020-11-04T21:41:31.557+0300][5,487s][info][gc] GC(37) Pause Final Mark (unload classes) 0,573ms
[2020-11-04T21:41:31.557+0300][5,487s][info][gc] GC(37) Concurrent weak roots 0,336ms
[2020-11-04T21:41:31.557+0300][5,487s][info][gc] GC(37) Concurrent cleanup 362M->362M(512M) 0,030ms
[2020-11-04T21:41:31.558+0300][5,488s][info][gc] GC(37) Concurrent class unloading 0,689ms
[2020-11-04T21:41:31.558+0300][5,488s][info][gc] GC(37) Concurrent strong roots 0,105ms
[2020-11-04T21:41:31.564+0300][5,494s][info][gc] GC(37) Concurrent evacuation 6,398ms
[2020-11-04T21:41:31.565+0300][5,495s][info][gc] GC(37) Pause Init Update Refs 0,014ms
[2020-11-04T21:41:31.589+0300][5,519s][info][gc] GC(37) Concurrent update references 24,337ms
[2020-11-04T21:41:31.590+0300][5,520s][info][gc] GC(37) Pause Final Update Refs 0,320ms
[2020-11-04T21:41:31.590+0300][5,520s][info][gc] GC(37) Concurrent cleanup 433M->169M(512M) 0,124ms
[2020-11-04T21:41:31.651+0300][5,581s][info][gc] Trigger: Average GC time (70,16 ms) is above the time for allocation rate (1848 MB/s) to deplete free headroom (128M)
[2020-11-04T21:41:31.652+0300][5,582s][info][gc] GC(38) Concurrent reset 0,656ms
[2020-11-04T21:41:31.653+0300][5,582s][info][gc] GC(38) Pause Init Mark (unload classes) 0,234ms
[2020-11-04T21:41:31.693+0300][5,623s][info][gc] GC(38) Concurrent marking (unload classes) 40,224ms
[2020-11-04T21:41:31.694+0300][5,624s][info][gc] GC(38) Pause Final Mark (unload classes) 0,717ms
[2020-11-04T21:41:31.694+0300][5,624s][info][gc] GC(38) Concurrent weak roots 0,390ms
[2020-11-04T21:41:31.694+0300][5,624s][info][gc] GC(38) Concurrent cleanup 356M->356M(512M) 0,043ms
[2020-11-04T21:41:31.695+0300][5,625s][info][gc] GC(38) Concurrent class unloading 0,665ms
[2020-11-04T21:41:31.695+0300][5,625s][info][gc] GC(38) Concurrent strong roots 0,132ms
[2020-11-04T21:41:31.702+0300][5,632s][info][gc] GC(38) Concurrent evacuation 6,590ms
[2020-11-04T21:41:31.702+0300][5,632s][info][gc] GC(38) Pause Init Update Refs 0,012ms
[2020-11-04T21:41:31.728+0300][5,658s][info][gc] GC(38) Concurrent update references 25,871ms
[2020-11-04T21:41:31.729+0300][5,658s][info][gc] GC(38) Pause Final Update Refs 0,319ms
[2020-11-04T21:41:31.729+0300][5,659s][info][gc] GC(38) Concurrent cleanup 423M->174M(512M) 0,122ms
[2020-11-04T21:41:31.788+0300][5,718s][info][gc] Trigger: Average GC time (73,58 ms) is above the time for allocation rate (1766 MB/s) to deplete free headroom (128M)
[2020-11-04T21:41:31.789+0300][5,719s][info][gc] GC(39) Concurrent reset 0,573ms
[2020-11-04T21:41:31.789+0300][5,719s][info][gc] GC(39) Pause Init Mark (unload classes) 0,181ms
[2020-11-04T21:41:31.834+0300][5,764s][info][gc] GC(39) Concurrent marking (unload classes) 44,801ms
[2020-11-04T21:41:31.835+0300][5,765s][info][gc] GC(39) Pause Final Mark (unload classes) 0,575ms
[2020-11-04T21:41:31.835+0300][5,765s][info][gc] GC(39) Concurrent weak roots 0,355ms
[2020-11-04T21:41:31.835+0300][5,765s][info][gc] GC(39) Concurrent cleanup 355M->355M(512M) 0,033ms
[2020-11-04T21:41:31.836+0300][5,766s][info][gc] GC(39) Concurrent class unloading 0,598ms
[2020-11-04T21:41:31.836+0300][5,766s][info][gc] GC(39) Concurrent strong roots 0,069ms
[2020-11-04T21:41:31.842+0300][5,772s][info][gc] GC(39) Concurrent evacuation 6,170ms
[2020-11-04T21:41:31.843+0300][5,773s][info][gc] GC(39) Pause Init Update Refs 0,026ms
[2020-11-04T21:41:31.874+0300][5,803s][info][gc] GC(39) Concurrent update references 30,770ms
[2020-11-04T21:41:31.874+0300][5,804s][info][gc] GC(39) Pause Final Update Refs 0,256ms
[2020-11-04T21:41:31.874+0300][5,804s][info][gc] GC(39) Concurrent cleanup 409M->167M(512M) 0,122ms
[2020-11-04T21:41:31.940+0300][5,870s][info][gc] Trigger: Average GC time (77,17 ms) is above the time for allocation rate (1596 MB/s) to deplete free headroom (120M)
[2020-11-04T21:41:31.941+0300][5,870s][info][gc] GC(40) Concurrent reset 0,583ms
[2020-11-04T21:41:31.941+0300][5,871s][info][gc] GC(40) Pause Init Mark (process weakrefs) (unload classes) 0,197ms
[2020-11-04T21:41:31.987+0300][5,917s][info][gc] GC(40) Concurrent marking (process weakrefs) (unload classes) 45,741ms
[2020-11-04T21:41:31.987+0300][5,917s][info][gc] GC(40) Concurrent precleaning 0,169ms
[2020-11-04T21:41:31.988+0300][5,918s][info][gc] GC(40) Pause Final Mark (process weakrefs) (unload classes) 0,386ms
[2020-11-04T21:41:31.988+0300][5,918s][info][gc] GC(40) Concurrent weak roots 0,312ms
[2020-11-04T21:41:31.988+0300][5,918s][info][gc] GC(40) Concurrent cleanup 362M->362M(512M) 0,035ms
[2020-11-04T21:41:31.989+0300][5,919s][info][gc] GC(40) Concurrent class unloading 1,014ms
[2020-11-04T21:41:31.989+0300][5,919s][info][gc] GC(40) Concurrent strong roots 0,106ms
[2020-11-04T21:41:31.995+0300][5,925s][info][gc] GC(40) Concurrent evacuation 5,875ms
[2020-11-04T21:41:31.996+0300][5,925s][info][gc] GC(40) Pause Init Update Refs 0,015ms
[2020-11-04T21:41:32.025+0300][5,955s][info][gc] GC(40) Concurrent update references 29,766ms
[2020-11-04T21:41:32.026+0300][5,956s][info][gc] GC(40) Pause Final Update Refs 0,130ms
[2020-11-04T21:41:32.026+0300][5,956s][info][gc] GC(40) Concurrent cleanup 439M->196M(512M) 0,089ms
[2020-11-04T21:41:32.077+0300][6,007s][info][gc] Trigger: Average GC time (79,05 ms) is above the time for allocation rate (1659 MB/s) to deplete free headroom (128M)
[2020-11-04T21:41:32.078+0300][6,008s][info][gc] GC(41) Concurrent reset 0,642ms
[2020-11-04T21:41:32.078+0300][6,008s][info][gc] GC(41) Pause Init Mark (unload classes) 0,112ms
[2020-11-04T21:41:32.126+0300][6,056s][info][gc] GC(41) Concurrent marking (unload classes) 47,524ms
[2020-11-04T21:41:32.126+0300][6,056s][info][gc] GC(41) Pause Final Mark (unload classes) 0,416ms
[2020-11-04T21:41:32.127+0300][6,057s][info][gc] GC(41) Concurrent weak roots 0,432ms
[2020-11-04T21:41:32.127+0300][6,057s][info][gc] GC(41) Concurrent cleanup 354M->354M(512M) 0,035ms
[2020-11-04T21:41:32.128+0300][6,058s][info][gc] GC(41) Concurrent class unloading 0,772ms
[2020-11-04T21:41:32.128+0300][6,058s][info][gc] GC(41) Concurrent strong roots 0,175ms
[2020-11-04T21:41:32.135+0300][6,065s][info][gc] GC(41) Concurrent evacuation 7,231ms
[2020-11-04T21:41:32.135+0300][6,065s][info][gc] GC(41) Pause Init Update Refs 0,020ms
[2020-11-04T21:41:32.166+0300][6,096s][info][gc] GC(41) Concurrent update references 30,370ms
[2020-11-04T21:41:32.166+0300][6,096s][info][gc] GC(41) Pause Final Update Refs 0,158ms
[2020-11-04T21:41:32.167+0300][6,096s][info][gc] GC(41) Concurrent cleanup 421M->193M(512M) 0,125ms
[2020-11-04T21:41:32.220+0300][6,150s][info][gc] Trigger: Average GC time (82,47 ms) is above the time for allocation rate (1565 MB/s) to deplete free headroom (126M)
[2020-11-04T21:41:32.220+0300][6,150s][info][gc] GC(42) Concurrent reset 0,607ms
[2020-11-04T21:41:32.221+0300][6,150s][info][gc] GC(42) Pause Init Mark (unload classes) 0,100ms
[2020-11-04T21:41:32.238+0300][6,168s][info][gc] GC(42) Concurrent marking (unload classes) 17,479ms
[2020-11-04T21:41:32.239+0300][6,169s][info][gc] GC(42) Pause Final Mark (unload classes) 0,710ms
[2020-11-04T21:41:32.240+0300][6,170s][info][gc] GC(42) Concurrent weak roots 0,369ms
[2020-11-04T21:41:32.240+0300][6,170s][info][gc] GC(42) Concurrent cleanup 354M->350M(512M) 0,040ms
[2020-11-04T21:41:32.241+0300][6,171s][info][gc] GC(42) Concurrent class unloading 0,916ms
[2020-11-04T21:41:32.241+0300][6,171s][info][gc] GC(42) Concurrent strong roots 0,100ms
[2020-11-04T21:41:32.247+0300][6,177s][info][gc] GC(42) Concurrent evacuation 6,145ms
[2020-11-04T21:41:32.247+0300][6,177s][info][gc] GC(42) Pause Init Update Refs 0,021ms
[2020-11-04T21:41:32.258+0300][6,188s][info][gc] GC(42) Concurrent update references 10,735ms
[2020-11-04T21:41:32.259+0300][6,189s][info][gc] GC(42) Pause Final Update Refs 0,153ms
[2020-11-04T21:41:32.259+0300][6,189s][info][gc] GC(42) Concurrent cleanup 390M->70M(512M) 0,178ms
[2020-11-04T21:41:32.343+0300][6,273s][info][gc] Trigger: Average GC time (75,72 ms) is above the time for allocation rate (2225 MB/s) to deplete free headroom (168M)
[2020-11-04T21:41:32.343+0300][6,273s][info][gc] GC(43) Concurrent reset 0,571ms
[2020-11-04T21:41:32.344+0300][6,274s][info][gc] GC(43) Pause Init Mark (unload classes) 0,150ms
[2020-11-04T21:41:32.362+0300][6,292s][info][gc] GC(43) Concurrent marking (unload classes) 18,124ms
[2020-11-04T21:41:32.363+0300][6,293s][info][gc] GC(43) Pause Final Mark (unload classes) 0,515ms
[2020-11-04T21:41:32.363+0300][6,293s][info][gc] GC(43) Concurrent weak roots 0,306ms
[2020-11-04T21:41:32.363+0300][6,293s][info][gc] GC(43) Concurrent cleanup 320M->320M(512M) 0,027ms
[2020-11-04T21:41:32.364+0300][6,294s][info][gc] GC(43) Concurrent class unloading 0,860ms
[2020-11-04T21:41:32.364+0300][6,294s][info][gc] GC(43) Concurrent strong roots 0,111ms
[2020-11-04T21:41:32.371+0300][6,301s][info][gc] GC(43) Concurrent evacuation 7,232ms
[2020-11-04T21:41:32.372+0300][6,302s][info][gc] GC(43) Pause Init Update Refs 0,010ms
[2020-11-04T21:41:32.389+0300][6,318s][info][gc] GC(43) Concurrent update references 16,789ms
[2020-11-04T21:41:32.389+0300][6,319s][info][gc] GC(43) Pause Final Update Refs 0,391ms
[2020-11-04T21:41:32.390+0300][6,319s][info][gc] GC(43) Concurrent cleanup 373M->99M(512M) 0,153ms
[2020-11-04T21:41:32.468+0300][6,398s][info][gc] Trigger: Average GC time (69,61 ms) is above the time for allocation rate (2244 MB/s) to deplete free headroom (153M)
[2020-11-04T21:41:32.469+0300][6,398s][info][gc] GC(44) Concurrent reset 0,543ms
[2020-11-04T21:41:32.469+0300][6,399s][info][gc] GC(44) Pause Init Mark (unload classes) 0,322ms
[2020-11-04T21:41:32.491+0300][6,421s][info][gc] GC(44) Concurrent marking (unload classes) 22,091ms
[2020-11-04T21:41:32.492+0300][6,422s][info][gc] GC(44) Pause Final Mark (unload classes) 0,429ms
[2020-11-04T21:41:32.493+0300][6,422s][info][gc] GC(44) Concurrent weak roots 0,348ms
[2020-11-04T21:41:32.493+0300][6,422s][info][gc] GC(44) Concurrent cleanup 333M->333M(512M) 0,035ms
[2020-11-04T21:41:32.493+0300][6,423s][info][gc] GC(44) Concurrent class unloading 0,751ms
[2020-11-04T21:41:32.494+0300][6,423s][info][gc] GC(44) Concurrent strong roots 0,150ms
[2020-11-04T21:41:32.501+0300][6,431s][info][gc] GC(44) Concurrent evacuation 7,141ms
[2020-11-04T21:41:32.501+0300][6,431s][info][gc] GC(44) Pause Init Update Refs 0,013ms
[2020-11-04T21:41:32.517+0300][6,447s][info][gc] GC(44) Concurrent update references 15,638ms
[2020-11-04T21:41:32.517+0300][6,447s][info][gc] GC(44) Pause Final Update Refs 0,349ms
[2020-11-04T21:41:32.518+0300][6,447s][info][gc] GC(44) Concurrent cleanup 370M->89M(512M) 0,141ms
[2020-11-04T21:41:32.609+0300][6,539s][info][gc] Trigger: Average GC time (62,30 ms) is above the time for allocation rate (2110 MB/s) to deplete free headroom (128M)
[2020-11-04T21:41:32.609+0300][6,539s][info][gc] GC(45) Concurrent reset 0,619ms
[2020-11-04T21:41:32.610+0300][6,540s][info][gc] GC(45) Pause Init Mark (process weakrefs) (unload classes) 0,272ms
[2020-11-04T21:41:32.645+0300][6,575s][info][gc] GC(45) Concurrent marking (process weakrefs) (unload classes) 34,718ms
[2020-11-04T21:41:32.645+0300][6,575s][info][gc] GC(45) Concurrent precleaning 0,129ms
[2020-11-04T21:41:32.646+0300][6,576s][info][gc] GC(45) Pause Final Mark (process weakrefs) (unload classes) 0,718ms
[2020-11-04T21:41:32.646+0300][6,576s][info][gc] GC(45) Concurrent weak roots 0,385ms
[2020-11-04T21:41:32.646+0300][6,576s][info][gc] GC(45) Concurrent cleanup 357M->357M(512M) 0,037ms
[2020-11-04T21:41:32.647+0300][6,577s][info][gc] GC(45) Concurrent class unloading 0,878ms
[2020-11-04T21:41:32.647+0300][6,577s][info][gc] GC(45) Concurrent strong roots 0,086ms
[2020-11-04T21:41:32.655+0300][6,585s][info][gc] GC(45) Concurrent evacuation 7,817ms
[2020-11-04T21:41:32.656+0300][6,586s][info][gc] GC(45) Pause Init Update Refs 0,021ms
[2020-11-04T21:41:32.674+0300][6,604s][info][gc] GC(45) Concurrent update references 17,986ms
[2020-11-04T21:41:32.674+0300][6,604s][info][gc] GC(45) Pause Final Update Refs 0,164ms
[2020-11-04T21:41:32.674+0300][6,604s][info][gc] GC(45) Concurrent cleanup 401M->103M(512M) 0,141ms
[2020-11-04T21:41:32.771+0300][6,701s][info][gc] Trigger: Average GC time (58,22 ms) is above the time for allocation rate (1902 MB/s) to deplete free headroom (109M)
[2020-11-04T21:41:32.772+0300][6,701s][info][gc] GC(46) Concurrent reset 0,590ms
[2020-11-04T21:41:32.772+0300][6,702s][info][gc] GC(46) Pause Init Mark (unload classes) 0,336ms
[2020-11-04T21:41:32.803+0300][6,733s][info][gc] GC(46) Concurrent marking (unload classes) 30,931ms
[2020-11-04T21:41:32.804+0300][6,734s][info][gc] GC(46) Pause Final Mark (unload classes) 0,527ms
[2020-11-04T21:41:32.804+0300][6,734s][info][gc] GC(46) Concurrent weak roots 0,378ms
[2020-11-04T21:41:32.804+0300][6,734s][info][gc] GC(46) Concurrent cleanup 375M->375M(512M) 0,030ms
[2020-11-04T21:41:32.805+0300][6,735s][info][gc] GC(46) Concurrent class unloading 0,752ms
[2020-11-04T21:41:32.805+0300][6,735s][info][gc] GC(46) Concurrent strong roots 0,152ms
[2020-11-04T21:41:32.813+0300][6,743s][info][gc] GC(46) Concurrent evacuation 7,462ms
[2020-11-04T21:41:32.813+0300][6,743s][info][gc] GC(46) Pause Init Update Refs 0,009ms
[2020-11-04T21:41:32.833+0300][6,763s][info][gc] GC(46) Concurrent update references 20,195ms
[2020-11-04T21:41:32.834+0300][6,764s][info][gc] GC(46) Pause Final Update Refs 0,235ms
[2020-11-04T21:41:32.834+0300][6,764s][info][gc] GC(46) Concurrent cleanup 428M->119M(512M) 0,143ms
[2020-11-04T21:41:32.923+0300][6,853s][info][gc] Trigger: Average GC time (52,95 ms) is above the time for allocation rate (1998 MB/s) to deplete free headroom (104M)
[2020-11-04T21:41:32.924+0300][6,854s][info][gc] GC(47) Concurrent reset 0,599ms
[2020-11-04T21:41:32.924+0300][6,854s][info][gc] GC(47) Pause Init Mark (unload classes) 0,261ms
[2020-11-04T21:41:32.957+0300][6,887s][info][gc] GC(47) Concurrent marking (unload classes) 32,801ms
[2020-11-04T21:41:32.958+0300][6,888s][info][gc] GC(47) Pause Final Mark (unload classes) 0,538ms
[2020-11-04T21:41:32.959+0300][6,888s][info][gc] GC(47) Concurrent weak roots 0,370ms
[2020-11-04T21:41:32.959+0300][6,888s][info][gc] GC(47) Concurrent cleanup 382M->382M(512M) 0,034ms
[2020-11-04T21:41:32.959+0300][6,889s][info][gc] GC(47) Concurrent class unloading 0,723ms
[2020-11-04T21:41:32.960+0300][6,889s][info][gc] GC(47) Concurrent strong roots 0,146ms
[2020-11-04T21:41:32.967+0300][6,897s][info][gc] GC(47) Concurrent evacuation 7,641ms
[2020-11-04T21:41:32.968+0300][6,897s][info][gc] GC(47) Pause Init Update Refs 0,020ms
[2020-11-04T21:41:32.988+0300][6,918s][info][gc] GC(47) Concurrent update references 20,152ms
[2020-11-04T21:41:32.988+0300][6,918s][info][gc] GC(47) Pause Final Update Refs 0,158ms
[2020-11-04T21:41:32.988+0300][6,918s][info][gc] GC(47) Concurrent cleanup 440M->135M(512M) 0,091ms
[2020-11-04T21:41:33.068+0300][6,998s][info][gc] Trigger: Average GC time (58,14 ms) is above the time for allocation rate (1977 MB/s) to deplete free headroom (113M)
[2020-11-04T21:41:33.069+0300][6,998s][info][gc] GC(48) Concurrent reset 0,635ms
[2020-11-04T21:41:33.069+0300][6,999s][info][gc] GC(48) Pause Init Mark (unload classes) 0,130ms
[2020-11-04T21:41:33.110+0300][7,040s][info][gc] GC(48) Concurrent marking (unload classes) 41,208ms
[2020-11-04T21:41:33.111+0300][7,041s][info][gc] GC(48) Pause Final Mark (unload classes) 0,418ms
[2020-11-04T21:41:33.111+0300][7,041s][info][gc] GC(48) Concurrent weak roots 0,330ms
[2020-11-04T21:41:33.111+0300][7,041s][info][gc] GC(48) Concurrent cleanup 372M->372M(512M) 0,025ms
[2020-11-04T21:41:33.112+0300][7,042s][info][gc] GC(48) Concurrent class unloading 0,803ms
[2020-11-04T21:41:33.112+0300][7,042s][info][gc] GC(48) Concurrent strong roots 0,124ms
[2020-11-04T21:41:33.120+0300][7,050s][info][gc] GC(48) Concurrent evacuation 7,642ms
[2020-11-04T21:41:33.120+0300][7,050s][info][gc] GC(48) Pause Init Update Refs 0,013ms
[2020-11-04T21:41:33.142+0300][7,072s][info][gc] GC(48) Concurrent update references 21,862ms
[2020-11-04T21:41:33.143+0300][7,073s][info][gc] GC(48) Pause Final Update Refs 0,211ms
[2020-11-04T21:41:33.143+0300][7,073s][info][gc] GC(48) Concurrent cleanup 436M->150M(512M) 0,146ms
[2020-11-04T21:41:33.223+0300][7,152s][info][gc] Trigger: Average GC time (63,81 ms) is above the time for allocation rate (1803 MB/s) to deplete free headroom (112M)
[2020-11-04T21:41:33.223+0300][7,153s][info][gc] GC(49) Concurrent reset 0,656ms
[2020-11-04T21:41:33.224+0300][7,154s][info][gc] GC(49) Pause Init Mark (unload classes) 0,134ms
[2020-11-04T21:41:33.274+0300][7,204s][info][gc] GC(49) Concurrent marking (unload classes) 49,973ms
[2020-11-04T21:41:33.275+0300][7,204s][info][gc] GC(49) Pause Final Mark (unload classes) 0,643ms
[2020-11-04T21:41:33.275+0300][7,205s][info][gc] GC(49) Concurrent weak roots 0,396ms
[2020-11-04T21:41:33.275+0300][7,205s][info][gc] GC(49) Concurrent cleanup 373M->373M(512M) 0,030ms
[2020-11-04T21:41:33.276+0300][7,206s][info][gc] GC(49) Concurrent class unloading 0,977ms
[2020-11-04T21:41:33.276+0300][7,206s][info][gc] GC(49) Concurrent strong roots 0,096ms
[2020-11-04T21:41:33.285+0300][7,215s][info][gc] GC(49) Concurrent evacuation 8,895ms
[2020-11-04T21:41:33.285+0300][7,215s][info][gc] GC(49) Pause Init Update Refs 0,023ms
[2020-11-04T21:41:33.311+0300][7,241s][info][gc] GC(49) Concurrent update references 25,785ms
[2020-11-04T21:41:33.312+0300][7,242s][info][gc] GC(49) Pause Final Update Refs 0,345ms
[2020-11-04T21:41:33.312+0300][7,242s][info][gc] GC(49) Concurrent cleanup 436M->156M(512M) 0,134ms
[2020-11-04T21:41:33.384+0300][7,314s][info][gc] Trigger: Average GC time (71,81 ms) is above the time for allocation rate (1649 MB/s) to deplete free headroom (117M)
[2020-11-04T21:41:33.385+0300][7,315s][info][gc] GC(50) Concurrent reset 0,627ms
[2020-11-04T21:41:33.385+0300][7,315s][info][gc] GC(50) Pause Init Mark (process weakrefs) (unload classes) 0,307ms
[2020-11-04T21:41:33.446+0300][7,376s][info][gc] GC(50) Concurrent marking (process weakrefs) (unload classes) 60,203ms
[2020-11-04T21:41:33.446+0300][7,376s][info][gc] GC(50) Concurrent precleaning 0,184ms
[2020-11-04T21:41:33.447+0300][7,376s][info][gc] GC(50) Pause Final Mark (process weakrefs) (unload classes) 0,400ms
[2020-11-04T21:41:33.447+0300][7,377s][info][gc] GC(50) Concurrent weak roots 0,452ms
[2020-11-04T21:41:33.447+0300][7,377s][info][gc] GC(50) Concurrent cleanup 366M->366M(512M) 0,035ms
[2020-11-04T21:41:33.448+0300][7,378s][info][gc] GC(50) Concurrent class unloading 1,176ms
[2020-11-04T21:41:33.449+0300][7,378s][info][gc] GC(50) Concurrent strong roots 0,121ms
[2020-11-04T21:41:33.456+0300][7,386s][info][gc] GC(50) Concurrent evacuation 7,632ms
[2020-11-04T21:41:33.457+0300][7,386s][info][gc] GC(50) Pause Init Update Refs 0,013ms
[2020-11-04T21:41:33.481+0300][7,411s][info][gc] GC(50) Concurrent update references 24,593ms
[2020-11-04T21:41:33.482+0300][7,411s][info][gc] GC(50) Pause Final Update Refs 0,173ms
[2020-11-04T21:41:33.482+0300][7,412s][info][gc] GC(50) Concurrent cleanup 436M->170M(512M) 0,126ms
[2020-11-04T21:41:33.549+0300][7,478s][info][gc] Trigger: Average GC time (78,20 ms) is above the time for allocation rate (1559 MB/s) to deplete free headroom (118M)
[2020-11-04T21:41:33.549+0300][7,479s][info][gc] GC(51) Concurrent reset 0,539ms
[2020-11-04T21:41:33.550+0300][7,479s][info][gc] GC(51) Pause Init Mark (unload classes) 0,107ms
[2020-11-04T21:41:33.605+0300][7,535s][info][gc] GC(51) Concurrent marking (unload classes) 55,281ms
[2020-11-04T21:41:33.606+0300][7,536s][info][gc] GC(51) Pause Final Mark (unload classes) 0,399ms
[2020-11-04T21:41:33.606+0300][7,536s][info][gc] GC(51) Concurrent weak roots 0,326ms
[2020-11-04T21:41:33.606+0300][7,536s][info][gc] GC(51) Concurrent cleanup 365M->365M(512M) 0,024ms
[2020-11-04T21:41:33.607+0300][7,537s][info][gc] GC(51) Concurrent class unloading 0,778ms
[2020-11-04T21:41:33.607+0300][7,537s][info][gc] GC(51) Concurrent strong roots 0,119ms
[2020-11-04T21:41:33.615+0300][7,545s][info][gc] GC(51) Concurrent evacuation 7,752ms
[2020-11-04T21:41:33.615+0300][7,545s][info][gc] GC(51) Pause Init Update Refs 0,018ms
[2020-11-04T21:41:33.641+0300][7,571s][info][gc] GC(51) Concurrent update references 25,733ms
[2020-11-04T21:41:33.641+0300][7,571s][info][gc] GC(51) Pause Final Update Refs 0,139ms
[2020-11-04T21:41:33.642+0300][7,571s][info][gc] GC(51) Concurrent cleanup 435M->178M(512M) 0,086ms
[2020-11-04T21:41:33.698+0300][7,628s][info][gc] Trigger: Average GC time (84,14 ms) is above the time for allocation rate (1583 MB/s) to deplete free headroom (131M)
[2020-11-04T21:41:33.698+0300][7,628s][info][gc] GC(52) Concurrent reset 0,594ms
[2020-11-04T21:41:33.699+0300][7,629s][info][gc] GC(52) Pause Init Mark (unload classes) 0,115ms
[2020-11-04T21:41:33.742+0300][7,672s][info][gc] GC(52) Concurrent marking (unload classes) 43,426ms
[2020-11-04T21:41:33.743+0300][7,673s][info][gc] GC(52) Pause Final Mark (unload classes) 0,393ms
[2020-11-04T21:41:33.743+0300][7,673s][info][gc] GC(52) Concurrent weak roots 0,388ms
[2020-11-04T21:41:33.744+0300][7,673s][info][gc] GC(52) Concurrent cleanup 353M->353M(512M) 0,025ms
[2020-11-04T21:41:33.745+0300][7,674s][info][gc] GC(52) Concurrent class unloading 0,971ms
[2020-11-04T21:41:33.745+0300][7,674s][info][gc] GC(52) Concurrent strong roots 0,074ms
[2020-11-04T21:41:33.751+0300][7,681s][info][gc] GC(52) Concurrent evacuation 6,357ms
[2020-11-04T21:41:33.751+0300][7,681s][info][gc] GC(52) Pause Init Update Refs 0,020ms
[2020-11-04T21:41:33.781+0300][7,711s][info][gc] GC(52) Concurrent update references 29,273ms
[2020-11-04T21:41:33.781+0300][7,711s][info][gc] GC(52) Pause Final Update Refs 0,171ms
[2020-11-04T21:41:33.781+0300][7,711s][info][gc] GC(52) Concurrent cleanup 418M->182M(512M) 0,127ms
[2020-11-04T21:41:33.833+0300][7,763s][info][gc] Trigger: Average GC time (87,82 ms) is above the time for allocation rate (1618 MB/s) to deplete free headroom (141M)
[2020-11-04T21:41:33.834+0300][7,764s][info][gc] GC(53) Concurrent reset 0,616ms
[2020-11-04T21:41:33.834+0300][7,764s][info][gc] GC(53) Pause Init Mark (unload classes) 0,121ms
[2020-11-04T21:41:33.880+0300][7,810s][info][gc] GC(53) Concurrent marking (unload classes) 46,071ms
[2020-11-04T21:41:33.881+0300][7,811s][info][gc] GC(53) Pause Final Mark (unload classes) 0,489ms
[2020-11-04T21:41:33.882+0300][7,811s][info][gc] GC(53) Concurrent weak roots 0,386ms
[2020-11-04T21:41:33.882+0300][7,812s][info][gc] GC(53) Concurrent cleanup 343M->343M(512M) 0,034ms
[2020-11-04T21:41:33.883+0300][7,812s][info][gc] GC(53) Concurrent class unloading 0,861ms
[2020-11-04T21:41:33.883+0300][7,813s][info][gc] GC(53) Concurrent strong roots 0,103ms
[2020-11-04T21:41:33.888+0300][7,818s][info][gc] GC(53) Concurrent evacuation 5,311ms
[2020-11-04T21:41:33.888+0300][7,818s][info][gc] GC(53) Pause Init Update Refs 0,025ms
[2020-11-04T21:41:33.917+0300][7,847s][info][gc] GC(53) Concurrent update references 28,406ms
[2020-11-04T21:41:33.917+0300][7,847s][info][gc] GC(53) Pause Final Update Refs 0,195ms
[2020-11-04T21:41:33.918+0300][7,847s][info][gc] GC(53) Concurrent cleanup 419M->199M(512M) 0,128ms
[2020-11-04T21:41:33.961+0300][7,891s][info][gc] Trigger: Average GC time (89,66 ms) is above the time for allocation rate (1638 MB/s) to deplete free headroom (145M)
[2020-11-04T21:41:33.962+0300][7,892s][info][gc] GC(54) Concurrent reset 0,670ms
[2020-11-04T21:41:33.962+0300][7,892s][info][gc] GC(54) Pause Init Mark (unload classes) 0,129ms
[2020-11-04T21:41:34.010+0300][7,940s][info][gc] GC(54) Concurrent marking (unload classes) 47,653ms
[2020-11-04T21:41:34.011+0300][7,941s][info][gc] GC(54) Pause Final Mark (unload classes) 0,466ms
[2020-11-04T21:41:34.011+0300][7,941s][info][gc] GC(54) Concurrent weak roots 0,337ms
[2020-11-04T21:41:34.011+0300][7,941s][info][gc] GC(54) Concurrent cleanup 340M->340M(512M) 0,032ms
[2020-11-04T21:41:34.012+0300][7,942s][info][gc] GC(54) Concurrent class unloading 0,968ms
[2020-11-04T21:41:34.012+0300][7,942s][info][gc] GC(54) Concurrent strong roots 0,065ms
[2020-11-04T21:41:34.017+0300][7,947s][info][gc] GC(54) Concurrent evacuation 5,040ms
[2020-11-04T21:41:34.018+0300][7,947s][info][gc] GC(54) Pause Init Update Refs 0,028ms
[2020-11-04T21:41:34.052+0300][7,982s][info][gc] GC(54) Concurrent update references 34,122ms
[2020-11-04T21:41:34.052+0300][7,982s][info][gc] GC(54) Pause Final Update Refs 0,180ms
[2020-11-04T21:41:34.053+0300][7,982s][info][gc] GC(54) Concurrent cleanup 399M->188M(512M) 0,114ms
[2020-11-04T21:41:34.121+0300][8,051s][info][gc] Trigger: Average GC time (90,02 ms) is above the time for allocation rate (1404 MB/s) to deplete free headroom (123M)
[2020-11-04T21:41:34.122+0300][8,052s][info][gc] GC(55) Concurrent reset 0,520ms
[2020-11-04T21:41:34.122+0300][8,052s][info][gc] GC(55) Pause Init Mark (process weakrefs) (unload classes) 0,141ms
[2020-11-04T21:41:34.135+0300][8,065s][info][gc] GC(55) Concurrent marking (process weakrefs) (unload classes) 12,918ms
[2020-11-04T21:41:34.136+0300][8,065s][info][gc] GC(55) Concurrent precleaning 0,175ms
[2020-11-04T21:41:34.137+0300][8,066s][info][gc] GC(55) Pause Final Mark (process weakrefs) (unload classes) 0,610ms
[2020-11-04T21:41:34.137+0300][8,067s][info][gc] GC(55) Concurrent weak roots 0,372ms
[2020-11-04T21:41:34.137+0300][8,067s][info][gc] GC(55) Concurrent cleanup 357M->353M(512M) 0,027ms
[2020-11-04T21:41:34.138+0300][8,068s][info][gc] GC(55) Concurrent class unloading 0,714ms
[2020-11-04T21:41:34.138+0300][8,068s][info][gc] GC(55) Concurrent strong roots 0,067ms
[2020-11-04T21:41:34.142+0300][8,072s][info][gc] GC(55) Concurrent evacuation 4,624ms
[2020-11-04T21:41:34.143+0300][8,073s][info][gc] GC(55) Pause Init Update Refs 0,032ms
[2020-11-04T21:41:34.152+0300][8,082s][info][gc] GC(55) Concurrent update references 8,866ms
[2020-11-04T21:41:34.152+0300][8,082s][info][gc] GC(55) Pause Final Update Refs 0,123ms
[2020-11-04T21:41:34.152+0300][8,082s][info][gc] GC(55) Concurrent cleanup 387M->67M(512M) 0,129ms
[2020-11-04T21:41:34.234+0300][8,164s][info][gc] Trigger: Average GC time (76,69 ms) is above the time for allocation rate (2344 MB/s) to deplete free headroom (177M)
[2020-11-04T21:41:34.235+0300][8,164s][info][gc] GC(56) Concurrent reset 0,579ms
[2020-11-04T21:41:34.235+0300][8,165s][info][gc] GC(56) Pause Init Mark (unload classes) 0,159ms
[2020-11-04T21:41:34.251+0300][8,181s][info][gc] GC(56) Concurrent marking (unload classes) 15,508ms
[2020-11-04T21:41:34.251+0300][8,181s][info][gc] GC(56) Pause Final Mark (unload classes) 0,485ms
[2020-11-04T21:41:34.252+0300][8,182s][info][gc] GC(56) Concurrent weak roots 0,367ms
[2020-11-04T21:41:34.252+0300][8,182s][info][gc] GC(56) Concurrent cleanup 311M->311M(512M) 0,025ms
[2020-11-04T21:41:34.253+0300][8,182s][info][gc] GC(56) Concurrent class unloading 0,715ms
[2020-11-04T21:41:34.253+0300][8,183s][info][gc] GC(56) Concurrent strong roots 0,140ms
[2020-11-04T21:41:34.259+0300][8,189s][info][gc] GC(56) Concurrent evacuation 6,227ms
[2020-11-04T21:41:34.259+0300][8,189s][info][gc] GC(56) Pause Init Update Refs 0,014ms
[2020-11-04T21:41:34.273+0300][8,203s][info][gc] GC(56) Concurrent update references 13,723ms
[2020-11-04T21:41:34.274+0300][8,204s][info][gc] GC(56) Pause Final Update Refs 0,170ms
[2020-11-04T21:41:34.274+0300][8,204s][info][gc] GC(56) Concurrent cleanup 346M->82M(512M) 0,130ms
[2020-11-04T21:41:34.361+0300][8,291s][info][gc] Trigger: Average GC time (66,07 ms) is above the time for allocation rate (2264 MB/s) to deplete free headroom (147M)
[2020-11-04T21:41:34.361+0300][8,291s][info][gc] GC(57) Concurrent reset 0,524ms
[2020-11-04T21:41:34.362+0300][8,292s][info][gc] GC(57) Pause Init Mark (unload classes) 0,145ms
[2020-11-04T21:41:34.384+0300][8,314s][info][gc] GC(57) Concurrent marking (unload classes) 21,975ms
[2020-11-04T21:41:34.385+0300][8,314s][info][gc] GC(57) Pause Final Mark (unload classes) 0,481ms
[2020-11-04T21:41:34.385+0300][8,315s][info][gc] GC(57) Concurrent weak roots 0,467ms
[2020-11-04T21:41:34.385+0300][8,315s][info][gc] GC(57) Concurrent cleanup 339M->339M(512M) 0,034ms
[2020-11-04T21:41:34.386+0300][8,316s][info][gc] GC(57) Concurrent class unloading 0,913ms
[2020-11-04T21:41:34.386+0300][8,316s][info][gc] GC(57) Concurrent strong roots 0,048ms
[2020-11-04T21:41:34.394+0300][8,323s][info][gc] GC(57) Concurrent evacuation 7,424ms
[2020-11-04T21:41:34.394+0300][8,324s][info][gc] GC(57) Pause Init Update Refs 0,015ms
[2020-11-04T21:41:34.408+0300][8,338s][info][gc] GC(57) Concurrent update references 14,309ms
[2020-11-04T21:41:34.409+0300][8,339s][info][gc] GC(57) Pause Final Update Refs 0,179ms
[2020-11-04T21:41:34.409+0300][8,339s][info][gc] GC(57) Concurrent cleanup 385M->99M(512M) 0,130ms
[2020-11-04T21:41:34.498+0300][8,428s][info][gc] Trigger: Average GC time (58,99 ms) is above the time for allocation rate (2168 MB/s) to deplete free headroom (127M)
[2020-11-04T21:41:34.499+0300][8,428s][info][gc] GC(58) Concurrent reset 0,571ms
[2020-11-04T21:41:34.499+0300][8,429s][info][gc] GC(58) Pause Init Mark (unload classes) 0,103ms
[2020-11-04T21:41:34.524+0300][8,454s][info][gc] GC(58) Concurrent marking (unload classes) 25,229ms
[2020-11-04T21:41:34.525+0300][8,455s][info][gc] GC(58) Pause Final Mark (unload classes) 0,415ms
[2020-11-04T21:41:34.525+0300][8,455s][info][gc] GC(58) Concurrent weak roots 0,378ms
[2020-11-04T21:41:34.526+0300][8,455s][info][gc] GC(58) Concurrent cleanup 357M->357M(512M) 0,037ms
[2020-11-04T21:41:34.526+0300][8,456s][info][gc] GC(58) Concurrent class unloading 0,725ms
[2020-11-04T21:41:34.526+0300][8,456s][info][gc] GC(58) Concurrent strong roots 0,091ms
[2020-11-04T21:41:34.534+0300][8,464s][info][gc] GC(58) Concurrent evacuation 7,213ms
[2020-11-04T21:41:34.534+0300][8,464s][info][gc] GC(58) Pause Init Update Refs 0,014ms
[2020-11-04T21:41:34.552+0300][8,482s][info][gc] GC(58) Concurrent update references 18,282ms
[2020-11-04T21:41:34.553+0300][8,483s][info][gc] GC(58) Pause Final Update Refs 0,150ms
[2020-11-04T21:41:34.553+0300][8,483s][info][gc] GC(58) Concurrent cleanup 404M->106M(512M) 0,128ms
[2020-11-04T21:41:34.646+0300][8,576s][info][gc] Trigger: Average GC time (53,11 ms) is above the time for allocation rate (2073 MB/s) to deplete free headroom (109M)
[2020-11-04T21:41:34.647+0300][8,577s][info][gc] GC(59) Concurrent reset 0,596ms
[2020-11-04T21:41:34.647+0300][8,577s][info][gc] GC(59) Pause Init Mark (unload classes) 0,117ms
[2020-11-04T21:41:34.689+0300][8,619s][info][gc] GC(59) Concurrent marking (unload classes) 41,595ms
[2020-11-04T21:41:34.690+0300][8,619s][info][gc] GC(59) Pause Final Mark (unload classes) 0,393ms
[2020-11-04T21:41:34.690+0300][8,620s][info][gc] GC(59) Concurrent weak roots 0,368ms
[2020-11-04T21:41:34.690+0300][8,620s][info][gc] GC(59) Concurrent cleanup 375M->375M(512M) 0,037ms
[2020-11-04T21:41:34.691+0300][8,621s][info][gc] GC(59) Concurrent class unloading 0,962ms
[2020-11-04T21:41:34.691+0300][8,621s][info][gc] GC(59) Concurrent strong roots 0,148ms
[2020-11-04T21:41:34.699+0300][8,629s][info][gc] GC(59) Concurrent evacuation 7,441ms
[2020-11-04T21:41:34.699+0300][8,629s][info][gc] GC(59) Pause Init Update Refs 0,014ms
[2020-11-04T21:41:34.719+0300][8,649s][info][gc] GC(59) Concurrent update references 20,069ms
[2020-11-04T21:41:34.720+0300][8,650s][info][gc] GC(59) Pause Final Update Refs 0,185ms
[2020-11-04T21:41:34.720+0300][8,650s][info][gc] GC(59) Concurrent cleanup 427M->120M(512M) 0,153ms
[2020-11-04T21:41:34.813+0300][8,743s][info][gc] Trigger: Average GC time (49,56 ms) is above the time for allocation rate (1889 MB/s) to deplete free headroom (94490K)
[2020-11-04T21:41:34.814+0300][8,744s][info][gc] GC(60) Concurrent reset 0,601ms
[2020-11-04T21:41:34.814+0300][8,744s][info][gc] GC(60) Pause Init Mark (process weakrefs) (unload classes) 0,157ms
[2020-11-04T21:41:34.847+0300][8,777s][info][gc] GC(60) Concurrent marking (process weakrefs) (unload classes) 32,870ms
[2020-11-04T21:41:34.848+0300][8,777s][info][gc] GC(60) Concurrent precleaning 0,147ms
[2020-11-04T21:41:34.848+0300][8,778s][info][gc] GC(60) Pause Final Mark (process weakrefs) (unload classes) 0,428ms
[2020-11-04T21:41:34.849+0300][8,778s][info][gc] GC(60) Concurrent weak roots 0,377ms
[2020-11-04T21:41:34.849+0300][8,779s][info][gc] GC(60) Concurrent cleanup 392M->392M(512M) 0,037ms
[2020-11-04T21:41:34.850+0300][8,779s][info][gc] GC(60) Concurrent class unloading 0,887ms
[2020-11-04T21:41:34.850+0300][8,780s][info][gc] GC(60) Concurrent strong roots 0,126ms
[2020-11-04T21:41:34.858+0300][8,788s][info][gc] GC(60) Concurrent evacuation 8,392ms
[2020-11-04T21:41:34.859+0300][8,788s][info][gc] GC(60) Pause Init Update Refs 0,027ms
[2020-11-04T21:41:34.879+0300][8,809s][info][gc] GC(60) Concurrent update references 20,687ms
[2020-11-04T21:41:34.880+0300][8,810s][info][gc] GC(60) Pause Final Update Refs 0,154ms
[2020-11-04T21:41:34.880+0300][8,810s][info][gc] GC(60) Concurrent cleanup 455M->139M(512M) 0,148ms
[2020-11-04T21:41:34.959+0300][8,889s][info][gc] Trigger: Average GC time (56,70 ms) is above the time for allocation rate (1978 MB/s) to deplete free headroom (109M)
[2020-11-04T21:41:34.960+0300][8,890s][info][gc] GC(61) Concurrent reset 0,679ms
[2020-11-04T21:41:34.961+0300][8,890s][info][gc] GC(61) Pause Init Mark (unload classes) 0,104ms
[2020-11-04T21:41:35.012+0300][8,942s][info][gc] GC(61) Concurrent marking (unload classes) 51,584ms
[2020-11-04T21:41:35.013+0300][8,943s][info][gc] GC(61) Pause Final Mark (unload classes) 0,466ms
[2020-11-04T21:41:35.013+0300][8,943s][info][gc] GC(61) Concurrent weak roots 0,402ms
[2020-11-04T21:41:35.014+0300][8,943s][info][gc] GC(61) Concurrent cleanup 376M->376M(512M) 0,036ms
[2020-11-04T21:41:35.014+0300][8,944s][info][gc] GC(61) Concurrent class unloading 0,697ms
[2020-11-04T21:41:35.014+0300][8,944s][info][gc] GC(61) Concurrent strong roots 0,143ms
[2020-11-04T21:41:35.022+0300][8,951s][info][gc] GC(61) Concurrent evacuation 7,042ms
[2020-11-04T21:41:35.022+0300][8,952s][info][gc] GC(61) Pause Init Update Refs 0,018ms
[2020-11-04T21:41:35.044+0300][8,973s][info][gc] GC(61) Concurrent update references 21,682ms
[2020-11-04T21:41:35.044+0300][8,974s][info][gc] GC(61) Pause Final Update Refs 0,160ms
[2020-11-04T21:41:35.044+0300][8,974s][info][gc] GC(61) Concurrent cleanup 442M->152M(512M) 0,170ms
[2020-11-04T21:41:35.117+0300][9,047s][info][gc] Trigger: Average GC time (65,68 ms) is above the time for allocation rate (1758 MB/s) to deplete free headroom (113M)
[2020-11-04T21:41:35.118+0300][9,048s][info][gc] GC(62) Concurrent reset 0,670ms
[2020-11-04T21:41:35.119+0300][9,048s][info][gc] GC(62) Pause Init Mark (unload classes) 0,117ms
[2020-11-04T21:41:35.167+0300][9,096s][info][gc] GC(62) Concurrent marking (unload classes) 47,970ms
[2020-11-04T21:41:35.167+0300][9,097s][info][gc] GC(62) Pause Final Mark (unload classes) 0,396ms
[2020-11-04T21:41:35.168+0300][9,097s][info][gc] GC(62) Concurrent weak roots 0,322ms
[2020-11-04T21:41:35.168+0300][9,098s][info][gc] GC(62) Concurrent cleanup 371M->371M(512M) 0,038ms
[2020-11-04T21:41:35.169+0300][9,098s][info][gc] GC(62) Concurrent class unloading 0,795ms
[2020-11-04T21:41:35.169+0300][9,098s][info][gc] GC(62) Concurrent strong roots 0,111ms
[2020-11-04T21:41:35.175+0300][9,105s][info][gc] GC(62) Concurrent evacuation 6,661ms
[2020-11-04T21:41:35.176+0300][9,106s][info][gc] GC(62) Pause Init Update Refs 0,023ms
[2020-11-04T21:41:35.200+0300][9,130s][info][gc] GC(62) Concurrent update references 24,242ms
[2020-11-04T21:41:35.201+0300][9,130s][info][gc] GC(62) Pause Final Update Refs 0,136ms
[2020-11-04T21:41:35.201+0300][9,131s][info][gc] GC(62) Concurrent cleanup 439M->161M(512M) 0,108ms
[2020-11-04T21:41:35.266+0300][9,196s][info][gc] Trigger: Average GC time (72,69 ms) is above the time for allocation rate (1732 MB/s) to deplete free headroom (124M)
[2020-11-04T21:41:35.267+0300][9,197s][info][gc] GC(63) Concurrent reset 0,602ms
[2020-11-04T21:41:35.268+0300][9,197s][info][gc] GC(63) Pause Init Mark (unload classes) 0,116ms
[2020-11-04T21:41:35.306+0300][9,236s][info][gc] GC(63) Concurrent marking (unload classes) 38,280ms
[2020-11-04T21:41:35.306+0300][9,236s][info][gc] GC(63) Pause Final Mark (unload classes) 0,376ms
[2020-11-04T21:41:35.307+0300][9,237s][info][gc] GC(63) Concurrent weak roots 0,427ms
[2020-11-04T21:41:35.307+0300][9,237s][info][gc] GC(63) Concurrent cleanup 359M->360M(512M) 0,038ms
[2020-11-04T21:41:35.308+0300][9,238s][info][gc] GC(63) Concurrent class unloading 0,990ms
[2020-11-04T21:41:35.308+0300][9,238s][info][gc] GC(63) Concurrent strong roots 0,080ms
[2020-11-04T21:41:35.316+0300][9,246s][info][gc] GC(63) Concurrent evacuation 8,143ms
[2020-11-04T21:41:35.317+0300][9,246s][info][gc] GC(63) Pause Init Update Refs 0,017ms
[2020-11-04T21:41:35.345+0300][9,275s][info][gc] GC(63) Concurrent update references 28,225ms
[2020-11-04T21:41:35.345+0300][9,275s][info][gc] GC(63) Pause Final Update Refs 0,126ms
[2020-11-04T21:41:35.346+0300][9,275s][info][gc] GC(63) Concurrent cleanup 420M->162M(512M) 0,114ms
[2020-11-04T21:41:35.408+0300][9,338s][info][gc] Trigger: Average GC time (77,52 ms) is above the time for allocation rate (1719 MB/s) to deplete free headroom (130M)
[2020-11-04T21:41:35.409+0300][9,339s][info][gc] GC(64) Concurrent reset 0,615ms
[2020-11-04T21:41:35.409+0300][9,339s][info][gc] GC(64) Pause Init Mark (unload classes) 0,125ms
[2020-11-04T21:41:35.481+0300][9,411s][info][gc] GC(64) Concurrent marking (unload classes) 72,015ms
[2020-11-04T21:41:35.482+0300][9,412s][info][gc] GC(64) Pause Final Mark (unload classes) 0,459ms
[2020-11-04T21:41:35.483+0300][9,412s][info][gc] GC(64) Concurrent weak roots 0,454ms
[2020-11-04T21:41:35.483+0300][9,412s][info][gc] GC(64) Concurrent cleanup 354M->354M(512M) 0,034ms
[2020-11-04T21:41:35.483+0300][9,413s][info][gc] GC(64) Concurrent class unloading 0,869ms
[2020-11-04T21:41:35.484+0300][9,413s][info][gc] GC(64) Concurrent strong roots 0,117ms
[2020-11-04T21:41:35.490+0300][9,420s][info][gc] GC(64) Concurrent evacuation 6,484ms
[2020-11-04T21:41:35.490+0300][9,420s][info][gc] GC(64) Pause Init Update Refs 0,027ms
[2020-11-04T21:41:35.520+0300][9,449s][info][gc] GC(64) Concurrent update references 29,083ms
[2020-11-04T21:41:35.520+0300][9,450s][info][gc] GC(64) Pause Final Update Refs 0,145ms
[2020-11-04T21:41:35.520+0300][9,450s][info][gc] GC(64) Concurrent cleanup 409M->166M(512M) 0,124ms
[2020-11-04T21:41:35.587+0300][9,517s][info][gc] Trigger: Average GC time (85,22 ms) is above the time for allocation rate (1400 MB/s) to deplete free headroom (116M)
[2020-11-04T21:41:35.588+0300][9,518s][info][gc] GC(65) Concurrent reset 0,640ms
[2020-11-04T21:41:35.588+0300][9,518s][info][gc] GC(65) Pause Init Mark (process weakrefs) (unload classes) 0,107ms
[2020-11-04T21:41:35.633+0300][9,563s][info][gc] GC(65) Concurrent marking (process weakrefs) (unload classes) 45,025ms
[2020-11-04T21:41:35.634+0300][9,563s][info][gc] GC(65) Concurrent precleaning 0,145ms
[2020-11-04T21:41:35.634+0300][9,564s][info][gc] GC(65) Pause Final Mark (process weakrefs) (unload classes) 0,559ms
[2020-11-04T21:41:35.635+0300][9,565s][info][gc] GC(65) Concurrent weak roots 0,392ms
[2020-11-04T21:41:35.635+0300][9,565s][info][gc] GC(65) Concurrent cleanup 365M->366M(512M) 0,033ms
[2020-11-04T21:41:35.636+0300][9,566s][info][gc] GC(65) Concurrent class unloading 0,856ms
[2020-11-04T21:41:35.636+0300][9,566s][info][gc] GC(65) Concurrent strong roots 0,101ms
[2020-11-04T21:41:35.643+0300][9,572s][info][gc] GC(65) Concurrent evacuation 6,638ms
[2020-11-04T21:41:35.643+0300][9,573s][info][gc] GC(65) Pause Init Update Refs 0,025ms
[2020-11-04T21:41:35.673+0300][9,603s][info][gc] GC(65) Concurrent update references 30,375ms
[2020-11-04T21:41:35.674+0300][9,604s][info][gc] GC(65) Pause Final Update Refs 0,170ms
[2020-11-04T21:41:35.674+0300][9,604s][info][gc] GC(65) Concurrent cleanup 424M->172M(512M) 0,170ms
[2020-11-04T21:41:35.738+0300][9,668s][info][gc] Trigger: Average GC time (89,29 ms) is above the time for allocation rate (1514 MB/s) to deplete free headroom (132M)
[2020-11-04T21:41:35.738+0300][9,668s][info][gc] GC(66) Concurrent reset 0,624ms
[2020-11-04T21:41:35.739+0300][9,669s][info][gc] GC(66) Pause Init Mark (unload classes) 0,103ms
[2020-11-04T21:41:35.785+0300][9,715s][info][gc] GC(66) Concurrent marking (unload classes) 46,072ms
[2020-11-04T21:41:35.785+0300][9,715s][info][gc] GC(66) Pause Final Mark (unload classes) 0,308ms
[2020-11-04T21:41:35.786+0300][9,716s][info][gc] GC(66) Concurrent weak roots 0,326ms
[2020-11-04T21:41:35.786+0300][9,716s][info][gc] GC(66) Concurrent cleanup 351M->352M(512M) 0,038ms
[2020-11-04T21:41:35.787+0300][9,717s][info][gc] GC(66) Concurrent class unloading 0,855ms
[2020-11-04T21:41:35.787+0300][9,717s][info][gc] GC(66) Concurrent strong roots 0,080ms
[2020-11-04T21:41:35.793+0300][9,722s][info][gc] GC(66) Concurrent evacuation 5,587ms
[2020-11-04T21:41:35.793+0300][9,723s][info][gc] GC(66) Pause Init Update Refs 0,016ms
[2020-11-04T21:41:35.834+0300][9,764s][info][gc] GC(66) Concurrent update references 40,804ms
[2020-11-04T21:41:35.834+0300][9,764s][info][gc] GC(66) Pause Final Update Refs 0,176ms
[2020-11-04T21:41:35.834+0300][9,764s][info][gc] GC(66) Concurrent cleanup 457M->229M(512M) 0,086ms
[2020-11-04T21:41:35.866+0300][9,796s][info][gc] Trigger: Average GC time (91,63 ms) is above the time for allocation rate (1616 MB/s) to deplete free headroom (146M)
[2020-11-04T21:41:35.867+0300][9,797s][info][gc] GC(67) Concurrent reset 0,582ms
[2020-11-04T21:41:35.867+0300][9,797s][info][gc] GC(67) Pause Init Mark (unload classes) 0,122ms
[2020-11-04T21:41:35.957+0300][9,887s][info][gc] GC(67) Concurrent marking (unload classes) 89,688ms
[2020-11-04T21:41:35.957+0300][9,887s][info][gc] GC(67) Pause Final Mark (unload classes) 0,301ms
[2020-11-04T21:41:35.958+0300][9,888s][info][gc] GC(67) Concurrent weak roots 0,363ms
[2020-11-04T21:41:35.958+0300][9,888s][info][gc] GC(67) Concurrent cleanup 339M->339M(512M) 0,036ms
[2020-11-04T21:41:35.959+0300][9,889s][info][gc] GC(67) Concurrent class unloading 0,937ms
[2020-11-04T21:41:35.959+0300][9,889s][info][gc] GC(67) Concurrent strong roots 0,084ms
[2020-11-04T21:41:35.964+0300][9,894s][info][gc] GC(67) Concurrent evacuation 5,471ms
[2020-11-04T21:41:35.965+0300][9,895s][info][gc] GC(67) Pause Init Update Refs 0,016ms
[2020-11-04T21:41:36.002+0300][9,932s][info][gc] GC(67) Concurrent update references 36,950ms
[2020-11-04T21:41:36.002+0300][9,932s][info][gc] GC(67) Pause Final Update Refs 0,149ms
[2020-11-04T21:41:36.002+0300][9,932s][info][gc] GC(67) Concurrent cleanup 430M->223M(512M) 0,088ms
[2020-11-04T21:41:36.058+0300][9,988s][info][gc] Trigger: Average GC time (102,21 ms) is above the time for allocation rate (1181 MB/s) to deplete free headroom (120M)
[2020-11-04T21:41:36.059+0300][9,989s][info][gc] GC(68) Concurrent reset 0,565ms
[2020-11-04T21:41:36.059+0300][9,989s][info][gc] GC(68) Pause Init Mark (unload classes) 0,145ms
[2020-11-04T21:41:36.072+0300][10,002s][info][gc] GC(68) Concurrent marking (unload classes) 12,253ms
[2020-11-04T21:41:36.072+0300][10,002s][info][gc] GC(68) Pause Final Mark (unload classes) 0,444ms
[2020-11-04T21:41:36.074+0300][10,004s][info][gc] GC(68) Concurrent weak roots 0,325ms
[2020-11-04T21:41:36.074+0300][10,004s][info][gc] GC(68) Concurrent cleanup 360M->356M(512M) 0,042ms
[2020-11-04T21:41:36.075+0300][10,004s][info][gc] GC(68) Concurrent class unloading 0,666ms
[2020-11-04T21:41:36.075+0300][10,004s][info][gc] GC(68) Concurrent strong roots 0,059ms
[2020-11-04T21:41:36.079+0300][10,008s][info][gc] GC(68) Concurrent evacuation 3,827ms
[2020-11-04T21:41:36.079+0300][10,009s][info][gc] GC(68) Pause Init Update Refs 0,016ms
[2020-11-04T21:41:36.088+0300][10,017s][info][gc] GC(68) Concurrent update references 8,644ms
[2020-11-04T21:41:36.088+0300][10,018s][info][gc] GC(68) Pause Final Update Refs 0,165ms
[2020-11-04T21:41:36.088+0300][10,018s][info][gc] GC(68) Concurrent cleanup 380M->59M(512M) 0,173ms
[2020-11-04T21:41:36.162+0300][10,092s][info][gc] Trigger: Average GC time (92,36 ms) is above the time for allocation rate (2246 MB/s) to deplete free headroom (206M)
[2020-11-04T21:41:36.163+0300][10,093s][info][gc] GC(69) Concurrent reset 0,527ms
[2020-11-04T21:41:36.163+0300][10,093s][info][gc] GC(69) Pause Init Mark (unload classes) 0,135ms
[2020-11-04T21:41:36.181+0300][10,110s][info][gc] GC(69) Concurrent marking (unload classes) 16,963ms
[2020-11-04T21:41:36.181+0300][10,111s][info][gc] GC(69) Pause Final Mark (unload classes) 0,398ms
[2020-11-04T21:41:36.182+0300][10,111s][info][gc] GC(69) Concurrent weak roots 0,415ms
[2020-11-04T21:41:36.182+0300][10,111s][info][gc] GC(69) Concurrent cleanup 286M->287M(512M) 0,025ms
[2020-11-04T21:41:36.182+0300][10,112s][info][gc] GC(69) Concurrent class unloading 0,747ms
[2020-11-04T21:41:36.183+0300][10,112s][info][gc] GC(69) Concurrent strong roots 0,074ms
[2020-11-04T21:41:36.189+0300][10,118s][info][gc] GC(69) Concurrent evacuation 6,063ms
[2020-11-04T21:41:36.189+0300][10,119s][info][gc] GC(69) Pause Init Update Refs 0,012ms
[2020-11-04T21:41:36.202+0300][10,132s][info][gc] GC(69) Concurrent update references 12,887ms
[2020-11-04T21:41:36.202+0300][10,132s][info][gc] GC(69) Pause Final Update Refs 0,189ms
[2020-11-04T21:41:36.202+0300][10,132s][info][gc] GC(69) Concurrent cleanup 320M->86M(512M) 0,125ms
[2020-11-04T21:41:36.280+0300][10,210s][info][gc] Trigger: Average GC time (77,92 ms) is above the time for allocation rate (2236 MB/s) to deplete free headroom (171M)
[2020-11-04T21:41:36.280+0300][10,210s][info][gc] GC(70) Concurrent reset 0,493ms
[2020-11-04T21:41:36.281+0300][10,210s][info][gc] GC(70) Pause Init Mark (process weakrefs) (unload classes) 0,121ms
[2020-11-04T21:41:36.299+0300][10,229s][info][gc] GC(70) Concurrent marking (process weakrefs) (unload classes) 18,150ms
[2020-11-04T21:41:36.299+0300][10,229s][info][gc] GC(70) Concurrent precleaning 0,180ms
[2020-11-04T21:41:36.300+0300][10,230s][info][gc] GC(70) Pause Final Mark (process weakrefs) (unload classes) 0,455ms
[2020-11-04T21:41:36.300+0300][10,230s][info][gc] GC(70) Concurrent weak roots 0,372ms
[2020-11-04T21:41:36.300+0300][10,230s][info][gc] GC(70) Concurrent cleanup 318M->318M(512M) 0,025ms
[2020-11-04T21:41:36.301+0300][10,231s][info][gc] GC(70) Concurrent class unloading 0,740ms
[2020-11-04T21:41:36.301+0300][10,231s][info][gc] GC(70) Concurrent strong roots 0,098ms
[2020-11-04T21:41:36.308+0300][10,238s][info][gc] GC(70) Concurrent evacuation 6,569ms
[2020-11-04T21:41:36.308+0300][10,238s][info][gc] GC(70) Pause Init Update Refs 0,017ms
[2020-11-04T21:41:36.324+0300][10,254s][info][gc] GC(70) Concurrent update references 15,651ms
[2020-11-04T21:41:36.324+0300][10,254s][info][gc] GC(70) Pause Final Update Refs 0,132ms
[2020-11-04T21:41:36.324+0300][10,254s][info][gc] GC(70) Concurrent cleanup 360M->98M(512M) 0,126ms
[2020-11-04T21:41:36.404+0300][10,334s][info][gc] Trigger: Average GC time (69,44 ms) is above the time for allocation rate (2202 MB/s) to deplete free headroom (152M)
[2020-11-04T21:41:36.405+0300][10,334s][info][gc] GC(71) Concurrent reset 0,557ms
[2020-11-04T21:41:36.405+0300][10,335s][info][gc] GC(71) Pause Init Mark (unload classes) 0,092ms
[2020-11-04T21:41:36.429+0300][10,359s][info][gc] GC(71) Concurrent marking (unload classes) 24,019ms
[2020-11-04T21:41:36.430+0300][10,360s][info][gc] GC(71) Pause Final Mark (unload classes) 0,808ms
[2020-11-04T21:41:36.430+0300][10,360s][info][gc] GC(71) Concurrent weak roots 0,343ms
[2020-11-04T21:41:36.430+0300][10,360s][info][gc] GC(71) Concurrent cleanup 336M->336M(512M) 0,024ms
[2020-11-04T21:41:36.431+0300][10,361s][info][gc] GC(71) Concurrent class unloading 0,680ms
[2020-11-04T21:41:36.431+0300][10,361s][info][gc] GC(71) Concurrent strong roots 0,065ms
[2020-11-04T21:41:36.438+0300][10,368s][info][gc] GC(71) Concurrent evacuation 6,554ms
[2020-11-04T21:41:36.438+0300][10,368s][info][gc] GC(71) Pause Init Update Refs 0,009ms
[2020-11-04T21:41:36.457+0300][10,386s][info][gc] GC(71) Concurrent update references 18,431ms
[2020-11-04T21:41:36.457+0300][10,387s][info][gc] GC(71) Pause Final Update Refs 0,284ms
[2020-11-04T21:41:36.457+0300][10,387s][info][gc] GC(71) Concurrent cleanup 380M->107M(512M) 0,146ms
[2020-11-04T21:41:36.543+0300][10,473s][info][gc] Trigger: Average GC time (60,81 ms) is above the time for allocation rate (2089 MB/s) to deplete free headroom (126M)
[2020-11-04T21:41:36.544+0300][10,474s][info][gc] GC(72) Concurrent reset 0,560ms
[2020-11-04T21:41:36.544+0300][10,474s][info][gc] GC(72) Pause Init Mark (unload classes) 0,208ms
[2020-11-04T21:41:36.570+0300][10,500s][info][gc] GC(72) Concurrent marking (unload classes) 25,705ms
[2020-11-04T21:41:36.571+0300][10,501s][info][gc] GC(72) Pause Final Mark (unload classes) 0,443ms
[2020-11-04T21:41:36.571+0300][10,501s][info][gc] GC(72) Concurrent weak roots 0,483ms
[2020-11-04T21:41:36.571+0300][10,501s][info][gc] GC(72) Concurrent cleanup 360M->360M(512M) 0,037ms
[2020-11-04T21:41:36.572+0300][10,502s][info][gc] GC(72) Concurrent class unloading 0,835ms
[2020-11-04T21:41:36.572+0300][10,502s][info][gc] GC(72) Concurrent strong roots 0,148ms
[2020-11-04T21:41:36.580+0300][10,510s][info][gc] GC(72) Concurrent evacuation 7,405ms
[2020-11-04T21:41:36.580+0300][10,510s][info][gc] GC(72) Pause Init Update Refs 0,014ms
[2020-11-04T21:41:36.605+0300][10,535s][info][gc] GC(72) Concurrent update references 25,037ms
[2020-11-04T21:41:36.606+0300][10,536s][info][gc] GC(72) Pause Final Update Refs 0,141ms
[2020-11-04T21:41:36.606+0300][10,536s][info][gc] GC(72) Concurrent cleanup 426M->135M(512M) 0,118ms
[2020-11-04T21:41:36.693+0300][10,623s][info][gc] Trigger: Average GC time (46,13 ms) is above the time for allocation rate (2099 MB/s) to deplete free headroom (97562K)
[2020-11-04T21:41:36.693+0300][10,623s][info][gc] GC(73) Concurrent reset 0,566ms
[2020-11-04T21:41:36.694+0300][10,624s][info][gc] GC(73) Pause Init Mark (unload classes) 0,149ms
[2020-11-04T21:41:36.723+0300][10,653s][info][gc] GC(73) Concurrent marking (unload classes) 29,238ms
[2020-11-04T21:41:36.724+0300][10,654s][info][gc] GC(73) Pause Final Mark (unload classes) 0,412ms
[2020-11-04T21:41:36.724+0300][10,654s][info][gc] GC(73) Concurrent weak roots 0,343ms
[2020-11-04T21:41:36.724+0300][10,654s][info][gc] GC(73) Concurrent cleanup 389M->389M(512M) 0,035ms
[2020-11-04T21:41:36.725+0300][10,655s][info][gc] GC(73) Concurrent class unloading 0,989ms
[2020-11-04T21:41:36.726+0300][10,655s][info][gc] GC(73) Concurrent strong roots 0,148ms
[2020-11-04T21:41:36.734+0300][10,664s][info][gc] GC(73) Concurrent evacuation 8,393ms
[2020-11-04T21:41:36.734+0300][10,664s][info][gc] GC(73) Pause Init Update Refs 0,020ms
[2020-11-04T21:41:36.762+0300][10,692s][info][gc] GC(73) Concurrent update references 27,858ms
[2020-11-04T21:41:36.763+0300][10,693s][info][gc] GC(73) Pause Final Update Refs 0,163ms
[2020-11-04T21:41:36.763+0300][10,693s][info][gc] GC(73) Concurrent cleanup 466M->152M(512M) 0,106ms
[2020-11-04T21:41:36.839+0300][10,769s][info][gc] Trigger: Average GC time (54,20 ms) is above the time for allocation rate (2002 MB/s) to deplete free headroom (106M)
[2020-11-04T21:41:36.840+0300][10,770s][info][gc] GC(74) Concurrent reset 0,596ms
[2020-11-04T21:41:36.840+0300][10,770s][info][gc] GC(74) Pause Init Mark (unload classes) 0,124ms
[2020-11-04T21:41:36.875+0300][10,805s][info][gc] GC(74) Concurrent marking (unload classes) 34,372ms
[2020-11-04T21:41:36.876+0300][10,806s][info][gc] GC(74) Pause Final Mark (unload classes) 0,495ms
[2020-11-04T21:41:36.876+0300][10,806s][info][gc] GC(74) Concurrent weak roots 0,430ms
[2020-11-04T21:41:36.876+0300][10,806s][info][gc] GC(74) Concurrent cleanup 378M->378M(512M) 0,044ms
[2020-11-04T21:41:36.877+0300][10,807s][info][gc] GC(74) Concurrent class unloading 0,769ms
[2020-11-04T21:41:36.877+0300][10,807s][info][gc] GC(74) Concurrent strong roots 0,069ms
[2020-11-04T21:41:36.885+0300][10,815s][info][gc] GC(74) Concurrent evacuation 7,675ms
[2020-11-04T21:41:36.885+0300][10,815s][info][gc] GC(74) Pause Init Update Refs 0,026ms
[2020-11-04T21:41:36.907+0300][10,836s][info][gc] GC(74) Concurrent update references 21,299ms
[2020-11-04T21:41:36.907+0300][10,837s][info][gc] GC(74) Pause Final Update Refs 0,191ms
[2020-11-04T21:41:36.907+0300][10,837s][info][gc] GC(74) Concurrent cleanup 438M->145M(512M) 0,145ms
[2020-11-04T21:41:36.984+0300][10,914s][info][gc] Trigger: Average GC time (59,79 ms) is above the time for allocation rate (1920 MB/s) to deplete free headroom (114M)
[2020-11-04T21:41:36.984+0300][10,914s][info][gc] GC(75) Concurrent reset 0,618ms
[2020-11-04T21:41:36.985+0300][10,914s][info][gc] GC(75) Pause Init Mark (process weakrefs) (unload classes) 0,112ms
[2020-11-04T21:41:37.043+0300][10,973s][info][gc] GC(75) Concurrent marking (process weakrefs) (unload classes) 58,355ms
[2020-11-04T21:41:37.043+0300][10,973s][info][gc] GC(75) Concurrent precleaning 0,152ms
[2020-11-04T21:41:37.044+0300][10,974s][info][gc] GC(75) Pause Final Mark (process weakrefs) (unload classes) 0,413ms
[2020-11-04T21:41:37.044+0300][10,974s][info][gc] GC(75) Concurrent weak roots 0,334ms
[2020-11-04T21:41:37.044+0300][10,974s][info][gc] GC(75) Concurrent cleanup 369M->369M(512M) 0,038ms
[2020-11-04T21:41:37.045+0300][10,975s][info][gc] GC(75) Concurrent class unloading 0,773ms
[2020-11-04T21:41:37.045+0300][10,975s][info][gc] GC(75) Concurrent strong roots 0,152ms
[2020-11-04T21:41:37.052+0300][10,982s][info][gc] GC(75) Concurrent evacuation 6,697ms
[2020-11-04T21:41:37.053+0300][10,982s][info][gc] GC(75) Pause Init Update Refs 0,016ms
[2020-11-04T21:41:37.078+0300][11,008s][info][gc] GC(75) Concurrent update references 25,706ms
[2020-11-04T21:41:37.079+0300][11,009s][info][gc] GC(75) Pause Final Update Refs 0,137ms
[2020-11-04T21:41:37.079+0300][11,009s][info][gc] GC(75) Concurrent cleanup 422M->145M(512M) 0,138ms
[2020-11-04T21:41:37.156+0300][11,086s][info][gc] Trigger: Average GC time (69,92 ms) is above the time for allocation rate (1588 MB/s) to deplete free headroom (109M)
[2020-11-04T21:41:37.157+0300][11,087s][info][gc] GC(76) Concurrent reset 0,598ms
[2020-11-04T21:41:37.157+0300][11,087s][info][gc] GC(76) Pause Init Mark (unload classes) 0,131ms
[2020-11-04T21:41:37.195+0300][11,125s][info][gc] GC(76) Concurrent marking (unload classes) 37,793ms
[2020-11-04T21:41:37.196+0300][11,126s][info][gc] GC(76) Pause Final Mark (unload classes) 0,402ms
[2020-11-04T21:41:37.196+0300][11,126s][info][gc] GC(76) Concurrent weak roots 0,402ms
[2020-11-04T21:41:37.196+0300][11,126s][info][gc] GC(76) Concurrent cleanup 373M->373M(512M) 0,039ms
[2020-11-04T21:41:37.197+0300][11,127s][info][gc] GC(76) Concurrent class unloading 0,701ms
[2020-11-04T21:41:37.197+0300][11,127s][info][gc] GC(76) Concurrent strong roots 0,091ms
[2020-11-04T21:41:37.205+0300][11,135s][info][gc] GC(76) Concurrent evacuation 7,354ms
[2020-11-04T21:41:37.205+0300][11,135s][info][gc] GC(76) Pause Init Update Refs 0,018ms
[2020-11-04T21:41:37.229+0300][11,159s][info][gc] GC(76) Concurrent update references 24,111ms
[2020-11-04T21:41:37.230+0300][11,159s][info][gc] GC(76) Pause Final Update Refs 0,153ms
[2020-11-04T21:41:37.230+0300][11,160s][info][gc] GC(76) Concurrent cleanup 441M->167M(512M) 0,141ms
[2020-11-04T21:41:37.290+0300][11,220s][info][gc] Trigger: Average GC time (73,94 ms) is above the time for allocation rate (1815 MB/s) to deplete free headroom (132M)
[2020-11-04T21:41:37.291+0300][11,221s][info][gc] GC(77) Concurrent reset 0,676ms
[2020-11-04T21:41:37.291+0300][11,221s][info][gc] GC(77) Pause Init Mark (unload classes) 0,121ms
[2020-11-04T21:41:37.359+0300][11,289s][info][gc] GC(77) Concurrent marking (unload classes) 67,667ms
[2020-11-04T21:41:37.360+0300][11,290s][info][gc] GC(77) Pause Final Mark (unload classes) 0,456ms
[2020-11-04T21:41:37.360+0300][11,290s][info][gc] GC(77) Concurrent weak roots 0,363ms
[2020-11-04T21:41:37.360+0300][11,290s][info][gc] GC(77) Concurrent cleanup 353M->353M(512M) 0,059ms
[2020-11-04T21:41:37.361+0300][11,291s][info][gc] GC(77) Concurrent class unloading 0,768ms
[2020-11-04T21:41:37.361+0300][11,291s][info][gc] GC(77) Concurrent strong roots 0,148ms
[2020-11-04T21:41:37.368+0300][11,298s][info][gc] GC(77) Concurrent evacuation 6,867ms
[2020-11-04T21:41:37.369+0300][11,298s][info][gc] GC(77) Pause Init Update Refs 0,015ms
[2020-11-04T21:41:37.394+0300][11,324s][info][gc] GC(77) Concurrent update references 25,443ms
[2020-11-04T21:41:37.395+0300][11,324s][info][gc] GC(77) Pause Final Update Refs 0,274ms
[2020-11-04T21:41:37.395+0300][11,325s][info][gc] GC(77) Concurrent cleanup 422M->179M(512M) 0,131ms
[2020-11-04T21:41:37.456+0300][11,386s][info][gc] Trigger: Average GC time (82,31 ms) is above the time for allocation rate (1499 MB/s) to deplete free headroom (120M)
[2020-11-04T21:41:37.457+0300][11,387s][info][gc] GC(78) Concurrent reset 0,577ms
[2020-11-04T21:41:37.457+0300][11,387s][info][gc] GC(78) Pause Init Mark (unload classes) 0,153ms
[2020-11-04T21:41:37.531+0300][11,460s][info][gc] GC(78) Concurrent marking (unload classes) 73,116ms
[2020-11-04T21:41:37.531+0300][11,461s][info][gc] GC(78) Pause Final Mark (unload classes) 0,569ms
[2020-11-04T21:41:37.532+0300][11,462s][info][gc] GC(78) Concurrent weak roots 0,374ms
[2020-11-04T21:41:37.532+0300][11,462s][info][gc] GC(78) Concurrent cleanup 363M->363M(512M) 0,034ms
[2020-11-04T21:41:37.533+0300][11,463s][info][gc] GC(78) Concurrent class unloading 0,867ms
[2020-11-04T21:41:37.533+0300][11,463s][info][gc] GC(78) Concurrent strong roots 0,094ms
[2020-11-04T21:41:37.539+0300][11,469s][info][gc] GC(78) Concurrent evacuation 6,142ms
[2020-11-04T21:41:37.539+0300][11,469s][info][gc] GC(78) Pause Init Update Refs 0,013ms
[2020-11-04T21:41:37.578+0300][11,508s][info][gc] GC(78) Concurrent update references 38,495ms
[2020-11-04T21:41:37.578+0300][11,508s][info][gc] GC(78) Pause Final Update Refs 0,151ms
[2020-11-04T21:41:37.579+0300][11,508s][info][gc] GC(78) Concurrent cleanup 465M->216M(512M) 0,130ms
[2020-11-04T21:41:37.623+0300][11,553s][info][gc] Trigger: Average GC time (92,69 ms) is above the time for allocation rate (1407 MB/s) to deplete free headroom (127M)
[2020-11-04T21:41:37.624+0300][11,554s][info][gc] GC(79) Concurrent reset 0,632ms
[2020-11-04T21:41:37.624+0300][11,554s][info][gc] GC(79) Pause Init Mark (unload classes) 0,321ms
[2020-11-04T21:41:37.670+0300][11,600s][info][gc] GC(79) Concurrent marking (unload classes) 45,489ms
[2020-11-04T21:41:37.671+0300][11,601s][info][gc] GC(79) Pause Final Mark (unload classes) 0,512ms
[2020-11-04T21:41:37.671+0300][11,601s][info][gc] GC(79) Concurrent weak roots 0,417ms
[2020-11-04T21:41:37.671+0300][11,601s][info][gc] GC(79) Concurrent cleanup 357M->357M(512M) 0,053ms
[2020-11-04T21:41:37.672+0300][11,602s][info][gc] GC(79) Concurrent class unloading 0,739ms
[2020-11-04T21:41:37.672+0300][11,602s][info][gc] GC(79) Concurrent strong roots 0,069ms
[2020-11-04T21:41:37.678+0300][11,608s][info][gc] GC(79) Concurrent evacuation 5,772ms
[2020-11-04T21:41:37.678+0300][11,608s][info][gc] GC(79) Pause Init Update Refs 0,013ms
[2020-11-04T21:41:37.706+0300][11,636s][info][gc] GC(79) Concurrent update references 27,754ms
[2020-11-04T21:41:37.707+0300][11,636s][info][gc] GC(79) Pause Final Update Refs 0,227ms
[2020-11-04T21:41:37.707+0300][11,637s][info][gc] GC(79) Concurrent cleanup 434M->199M(512M) 0,114ms
[2020-11-04T21:41:37.747+0300][11,677s][info][gc] Trigger: Average GC time (95,86 ms) is above the time for allocation rate (1614 MB/s) to deplete free headroom (154M)
[2020-11-04T21:41:37.748+0300][11,678s][info][gc] GC(80) Concurrent reset 0,570ms
[2020-11-04T21:41:37.748+0300][11,678s][info][gc] GC(80) Pause Init Mark (process weakrefs) (unload classes) 0,091ms
[2020-11-04T21:41:37.798+0300][11,728s][info][gc] GC(80) Concurrent marking (process weakrefs) (unload classes) 49,490ms
[2020-11-04T21:41:37.798+0300][11,728s][info][gc] GC(80) Concurrent precleaning 0,163ms
[2020-11-04T21:41:37.799+0300][11,729s][info][gc] GC(80) Pause Final Mark (process weakrefs) (unload classes) 0,581ms
[2020-11-04T21:41:37.799+0300][11,729s][info][gc] GC(80) Concurrent weak roots 0,424ms
[2020-11-04T21:41:37.799+0300][11,729s][info][gc] GC(80) Concurrent cleanup 332M->332M(512M) 0,035ms
[2020-11-04T21:41:37.800+0300][11,730s][info][gc] GC(80) Concurrent class unloading 0,897ms
[2020-11-04T21:41:37.800+0300][11,730s][info][gc] GC(80) Concurrent strong roots 0,061ms
[2020-11-04T21:41:37.805+0300][11,735s][info][gc] GC(80) Concurrent evacuation 4,922ms
[2020-11-04T21:41:37.806+0300][11,736s][info][gc] GC(80) Pause Init Update Refs 0,025ms
[2020-11-04T21:41:37.839+0300][11,769s][info][gc] GC(80) Concurrent update references 33,434ms
[2020-11-04T21:41:37.840+0300][11,770s][info][gc] GC(80) Pause Final Update Refs 0,140ms
[2020-11-04T21:41:37.840+0300][11,770s][info][gc] GC(80) Concurrent cleanup 390M->189M(512M) 0,126ms
[2020-11-04T21:41:37.890+0300][11,819s][info][gc] Trigger: Average GC time (95,35 ms) is above the time for allocation rate (1470 MB/s) to deplete free headroom (139M)
[2020-11-04T21:41:37.890+0300][11,820s][info][gc] GC(81) Concurrent reset 0,527ms
[2020-11-04T21:41:37.891+0300][11,820s][info][gc] GC(81) Pause Init Mark (unload classes) 0,094ms
[2020-11-04T21:41:37.979+0300][11,908s][info][gc] GC(81) Concurrent marking (unload classes) 87,911ms
[2020-11-04T21:41:37.979+0300][11,909s][info][gc] GC(81) Pause Final Mark (unload classes) 0,440ms
[2020-11-04T21:41:37.980+0300][11,910s][info][gc] GC(81) Concurrent weak roots 0,308ms
[2020-11-04T21:41:37.980+0300][11,910s][info][gc] GC(81) Concurrent cleanup 345M->345M(512M) 0,027ms
[2020-11-04T21:41:37.981+0300][11,910s][info][gc] GC(81) Concurrent class unloading 0,816ms
[2020-11-04T21:41:37.981+0300][11,911s][info][gc] GC(81) Concurrent strong roots 0,075ms
[2020-11-04T21:41:37.986+0300][11,916s][info][gc] GC(81) Concurrent evacuation 5,068ms
[2020-11-04T21:41:37.986+0300][11,916s][info][gc] GC(81) Pause Init Update Refs 0,012ms
[2020-11-04T21:41:38.020+0300][11,950s][info][gc] GC(81) Concurrent update references 33,955ms
[2020-11-04T21:41:38.021+0300][11,950s][info][gc] GC(81) Pause Final Update Refs 0,116ms
[2020-11-04T21:41:38.021+0300][11,951s][info][gc] GC(81) Concurrent cleanup 402M->192M(512M) 0,121ms
[2020-11-04T21:41:38.087+0300][12,017s][info][gc] Trigger: Average GC time (106,87 ms) is above the time for allocation rate (1129 MB/s) to deplete free headroom (119M)
[2020-11-04T21:41:38.088+0300][12,018s][info][gc] GC(82) Concurrent reset 0,566ms
[2020-11-04T21:41:38.088+0300][12,018s][info][gc] GC(82) Pause Init Mark (unload classes) 0,090ms
[2020-11-04T21:41:38.102+0300][12,032s][info][gc] GC(82) Concurrent marking (unload classes) 13,668ms
[2020-11-04T21:41:38.103+0300][12,033s][info][gc] GC(82) Pause Final Mark (unload classes) 0,418ms
[2020-11-04T21:41:38.103+0300][12,033s][info][gc] GC(82) Concurrent weak roots 0,468ms
[2020-11-04T21:41:38.104+0300][12,033s][info][gc] GC(82) Concurrent cleanup 361M->357M(512M) 0,034ms
[2020-11-04T21:41:38.104+0300][12,034s][info][gc] GC(82) Concurrent class unloading 0,908ms
[2020-11-04T21:41:38.105+0300][12,034s][info][gc] GC(82) Concurrent strong roots 0,131ms
[2020-11-04T21:41:38.110+0300][12,040s][info][gc] GC(82) Concurrent evacuation 5,473ms
[2020-11-04T21:41:38.110+0300][12,040s][info][gc] GC(82) Pause Init Update Refs 0,025ms
[2020-11-04T21:41:38.121+0300][12,051s][info][gc] GC(82) Concurrent update references 10,198ms
[2020-11-04T21:41:38.121+0300][12,051s][info][gc] GC(82) Pause Final Update Refs 0,155ms
[2020-11-04T21:41:38.121+0300][12,051s][info][gc] GC(82) Concurrent cleanup 392M->73M(512M) 0,135ms
[2020-11-04T21:41:38.190+0300][12,120s][info][gc] Trigger: Average GC time (92,74 ms) is above the time for allocation rate (2234 MB/s) to deplete free headroom (205M)
[2020-11-04T21:41:38.191+0300][12,121s][info][gc] GC(83) Concurrent reset 0,601ms
[2020-11-04T21:41:38.191+0300][12,121s][info][gc] GC(83) Pause Init Mark (unload classes) 0,155ms
[2020-11-04T21:41:38.211+0300][12,141s][info][gc] GC(83) Concurrent marking (unload classes) 19,443ms
[2020-11-04T21:41:38.212+0300][12,142s][info][gc] GC(83) Pause Final Mark (unload classes) 0,598ms
[2020-11-04T21:41:38.212+0300][12,142s][info][gc] GC(83) Concurrent weak roots 0,413ms
[2020-11-04T21:41:38.212+0300][12,142s][info][gc] GC(83) Concurrent cleanup 284M->284M(512M) 0,025ms
[2020-11-04T21:41:38.213+0300][12,143s][info][gc] GC(83) Concurrent class unloading 0,679ms
[2020-11-04T21:41:38.213+0300][12,143s][info][gc] GC(83) Concurrent strong roots 0,048ms
[2020-11-04T21:41:38.219+0300][12,149s][info][gc] GC(83) Concurrent evacuation 6,030ms
[2020-11-04T21:41:38.220+0300][12,149s][info][gc] GC(83) Pause Init Update Refs 0,032ms
[2020-11-04T21:41:38.232+0300][12,162s][info][gc] GC(83) Concurrent update references 11,999ms
[2020-11-04T21:41:38.232+0300][12,162s][info][gc] GC(83) Pause Final Update Refs 0,156ms
[2020-11-04T21:41:38.232+0300][12,162s][info][gc] GC(83) Concurrent cleanup 325M->95M(512M) 0,131ms
[2020-11-04T21:41:38.307+0300][12,236s][info][gc] Trigger: Average GC time (76,73 ms) is above the time for allocation rate (2234 MB/s) to deplete free headroom (169M)
[2020-11-04T21:41:38.307+0300][12,237s][info][gc] GC(84) Concurrent reset 0,477ms
[2020-11-04T21:41:38.308+0300][12,237s][info][gc] GC(84) Pause Init Mark (unload classes) 0,115ms
[2020-11-04T21:41:38.330+0300][12,260s][info][gc] GC(84) Concurrent marking (unload classes) 22,100ms
[2020-11-04T21:41:38.330+0300][12,260s][info][gc] GC(84) Pause Final Mark (unload classes) 0,437ms
[2020-11-04T21:41:38.331+0300][12,261s][info][gc] GC(84) Concurrent weak roots 0,453ms
[2020-11-04T21:41:38.331+0300][12,261s][info][gc] GC(84) Concurrent cleanup 319M->319M(512M) 0,037ms
[2020-11-04T21:41:38.332+0300][12,262s][info][gc] GC(84) Concurrent class unloading 1,094ms
[2020-11-04T21:41:38.332+0300][12,262s][info][gc] GC(84) Concurrent strong roots 0,097ms
[2020-11-04T21:41:38.340+0300][12,269s][info][gc] GC(84) Concurrent evacuation 7,319ms
[2020-11-04T21:41:38.340+0300][12,270s][info][gc] GC(84) Pause Init Update Refs 0,024ms
[2020-11-04T21:41:38.360+0300][12,290s][info][gc] GC(84) Concurrent update references 19,770ms
[2020-11-04T21:41:38.360+0300][12,290s][info][gc] GC(84) Pause Final Update Refs 0,154ms
[2020-11-04T21:41:38.361+0300][12,290s][info][gc] GC(84) Concurrent cleanup 376M->116M(512M) 0,087ms
[2020-11-04T21:41:38.435+0300][12,364s][info][gc] Trigger: Average GC time (70,74 ms) is above the time for allocation rate (2134 MB/s) to deplete free headroom (148M)
[2020-11-04T21:41:38.435+0300][12,365s][info][gc] GC(85) Concurrent reset 0,555ms
[2020-11-04T21:41:38.436+0300][12,365s][info][gc] GC(85) Pause Init Mark (process weakrefs) (unload classes) 0,120ms
[2020-11-04T21:41:38.462+0300][12,392s][info][gc] GC(85) Concurrent marking (process weakrefs) (unload classes) 26,647ms
[2020-11-04T21:41:38.462+0300][12,392s][info][gc] GC(85) Concurrent precleaning 0,159ms
[2020-11-04T21:41:38.463+0300][12,393s][info][gc] GC(85) Pause Final Mark (process weakrefs) (unload classes) 0,431ms
[2020-11-04T21:41:38.464+0300][12,393s][info][gc] GC(85) Concurrent weak roots 0,425ms
[2020-11-04T21:41:38.464+0300][12,393s][info][gc] GC(85) Concurrent cleanup 339M->339M(512M) 0,035ms
[2020-11-04T21:41:38.465+0300][12,394s][info][gc] GC(85) Concurrent class unloading 0,842ms
[2020-11-04T21:41:38.465+0300][12,395s][info][gc] GC(85) Concurrent strong roots 0,134ms
[2020-11-04T21:41:38.471+0300][12,401s][info][gc] GC(85) Concurrent evacuation 6,751ms
[2020-11-04T21:41:38.472+0300][12,402s][info][gc] GC(85) Pause Init Update Refs 0,022ms
[2020-11-04T21:41:38.490+0300][12,420s][info][gc] GC(85) Concurrent update references 17,961ms
[2020-11-04T21:41:38.490+0300][12,420s][info][gc] GC(85) Pause Final Update Refs 0,192ms
[2020-11-04T21:41:38.491+0300][12,420s][info][gc] GC(85) Concurrent cleanup 385M->111M(512M) 0,134ms
[2020-11-04T21:41:38.574+0300][12,504s][info][gc] Trigger: Average GC time (63,41 ms) is above the time for allocation rate (2050 MB/s) to deplete free headroom (127M)
[2020-11-04T21:41:38.575+0300][12,505s][info][gc] GC(86) Concurrent reset 0,624ms
[2020-11-04T21:41:38.575+0300][12,505s][info][gc] GC(86) Pause Init Mark (unload classes) 0,113ms
[2020-11-04T21:41:38.602+0300][12,532s][info][gc] GC(86) Concurrent marking (unload classes) 26,303ms
[2020-11-04T21:41:38.603+0300][12,532s][info][gc] GC(86) Pause Final Mark (unload classes) 0,435ms
[2020-11-04T21:41:38.603+0300][12,533s][info][gc] GC(86) Concurrent weak roots 0,409ms
[2020-11-04T21:41:38.603+0300][12,533s][info][gc] GC(86) Concurrent cleanup 359M->359M(512M) 0,037ms
[2020-11-04T21:41:38.604+0300][12,534s][info][gc] GC(86) Concurrent class unloading 0,789ms
[2020-11-04T21:41:38.604+0300][12,534s][info][gc] GC(86) Concurrent strong roots 0,072ms
[2020-11-04T21:41:38.612+0300][12,541s][info][gc] GC(86) Concurrent evacuation 7,499ms
[2020-11-04T21:41:38.612+0300][12,542s][info][gc] GC(86) Pause Init Update Refs 0,024ms
[2020-11-04T21:41:38.630+0300][12,560s][info][gc] GC(86) Concurrent update references 17,875ms
[2020-11-04T21:41:38.630+0300][12,560s][info][gc] GC(86) Pause Final Update Refs 0,122ms
[2020-11-04T21:41:38.630+0300][12,560s][info][gc] GC(86) Concurrent cleanup 414M->127M(512M) 0,133ms
[2020-11-04T21:41:38.718+0300][12,648s][info][gc] Trigger: Average GC time (48,40 ms) is above the time for allocation rate (2123 MB/s) to deplete free headroom (102170K)
[2020-11-04T21:41:38.719+0300][12,649s][info][gc] GC(87) Concurrent reset 0,632ms
[2020-11-04T21:41:38.720+0300][12,649s][info][gc] GC(87) Pause Init Mark (unload classes) 0,125ms
[2020-11-04T21:41:38.752+0300][12,682s][info][gc] GC(87) Concurrent marking (unload classes) 32,707ms
[2020-11-04T21:41:38.753+0300][12,683s][info][gc] GC(87) Pause Final Mark (unload classes) 0,374ms
[2020-11-04T21:41:38.754+0300][12,683s][info][gc] GC(87) Concurrent weak roots 0,499ms
[2020-11-04T21:41:38.754+0300][12,683s][info][gc] GC(87) Concurrent cleanup 385M->385M(512M) 0,034ms
[2020-11-04T21:41:38.755+0300][12,684s][info][gc] GC(87) Concurrent class unloading 0,922ms
[2020-11-04T21:41:38.755+0300][12,684s][info][gc] GC(87) Concurrent strong roots 0,064ms
[2020-11-04T21:41:38.763+0300][12,693s][info][gc] GC(87) Concurrent evacuation 8,046ms
[2020-11-04T21:41:38.763+0300][12,693s][info][gc] GC(87) Pause Init Update Refs 0,010ms
[2020-11-04T21:41:38.784+0300][12,714s][info][gc] GC(87) Concurrent update references 20,907ms
[2020-11-04T21:41:38.785+0300][12,714s][info][gc] GC(87) Pause Final Update Refs 0,197ms
[2020-11-04T21:41:38.785+0300][12,715s][info][gc] GC(87) Concurrent cleanup 445M->140M(512M) 0,132ms
[2020-11-04T21:41:38.865+0300][12,795s][info][gc] Trigger: Average GC time (54,88 ms) is above the time for allocation rate (1972 MB/s) to deplete free headroom (106M)
[2020-11-04T21:41:38.866+0300][12,796s][info][gc] GC(88) Concurrent reset 0,612ms
[2020-11-04T21:41:38.866+0300][12,796s][info][gc] GC(88) Pause Init Mark (unload classes) 0,126ms
[2020-11-04T21:41:38.900+0300][12,829s][info][gc] GC(88) Concurrent marking (unload classes) 32,922ms
[2020-11-04T21:41:38.900+0300][12,830s][info][gc] GC(88) Pause Final Mark (unload classes) 0,458ms
[2020-11-04T21:41:38.901+0300][12,831s][info][gc] GC(88) Concurrent weak roots 0,447ms
[2020-11-04T21:41:38.901+0300][12,831s][info][gc] GC(88) Concurrent cleanup 378M->378M(512M) 0,034ms
[2020-11-04T21:41:38.902+0300][12,832s][info][gc] GC(88) Concurrent class unloading 1,212ms
[2020-11-04T21:41:38.902+0300][12,832s][info][gc] GC(88) Concurrent strong roots 0,118ms
[2020-11-04T21:41:38.909+0300][12,839s][info][gc] GC(88) Concurrent evacuation 7,072ms
[2020-11-04T21:41:38.910+0300][12,839s][info][gc] GC(88) Pause Init Update Refs 0,024ms
[2020-11-04T21:41:38.933+0300][12,863s][info][gc] GC(88) Concurrent update references 23,793ms
[2020-11-04T21:41:38.934+0300][12,864s][info][gc] GC(88) Pause Final Update Refs 0,141ms
[2020-11-04T21:41:38.934+0300][12,864s][info][gc] GC(88) Concurrent cleanup 437M->147M(512M) 0,141ms
[2020-11-04T21:41:39.009+0300][12,939s][info][gc] Trigger: Average GC time (60,22 ms) is above the time for allocation rate (1905 MB/s) to deplete free headroom (113M)
[2020-11-04T21:41:39.010+0300][12,940s][info][gc] GC(89) Concurrent reset 0,588ms
[2020-11-04T21:41:39.010+0300][12,940s][info][gc] GC(89) Pause Init Mark (unload classes) 0,115ms
[2020-11-04T21:41:39.068+0300][12,998s][info][gc] GC(89) Concurrent marking (unload classes) 57,302ms
[2020-11-04T21:41:39.069+0300][12,998s][info][gc] GC(89) Pause Final Mark (unload classes) 0,412ms
[2020-11-04T21:41:39.069+0300][12,999s][info][gc] GC(89) Concurrent weak roots 0,443ms
[2020-11-04T21:41:39.069+0300][12,999s][info][gc] GC(89) Concurrent cleanup 371M->371M(512M) 0,034ms
[2020-11-04T21:41:39.070+0300][13,000s][info][gc] GC(89) Concurrent class unloading 0,883ms
[2020-11-04T21:41:39.070+0300][13,000s][info][gc] GC(89) Concurrent strong roots 0,099ms
[2020-11-04T21:41:39.077+0300][13,007s][info][gc] GC(89) Concurrent evacuation 6,607ms
[2020-11-04T21:41:39.077+0300][13,007s][info][gc] GC(89) Pause Init Update Refs 0,027ms
[2020-11-04T21:41:39.107+0300][13,037s][info][gc] GC(89) Concurrent update references 29,876ms
[2020-11-04T21:41:39.107+0300][13,037s][info][gc] GC(89) Pause Final Update Refs 0,143ms
[2020-11-04T21:41:39.108+0300][13,037s][info][gc] GC(89) Concurrent cleanup 456M->181M(512M) 0,098ms
[2020-11-04T21:41:39.170+0300][13,100s][info][gc] Trigger: Average GC time (69,08 ms) is above the time for allocation rate (1657 MB/s) to deplete free headroom (113M)
[2020-11-04T21:41:39.171+0300][13,101s][info][gc] GC(90) Concurrent reset 0,608ms
[2020-11-04T21:41:39.171+0300][13,101s][info][gc] GC(90) Pause Init Mark (process weakrefs) (unload classes) 0,308ms
[2020-11-04T21:41:39.211+0300][13,140s][info][gc] GC(90) Concurrent marking (process weakrefs) (unload classes) 39,130ms
[2020-11-04T21:41:39.211+0300][13,141s][info][gc] GC(90) Concurrent precleaning 0,128ms
[2020-11-04T21:41:39.211+0300][13,141s][info][gc] GC(90) Pause Final Mark (process weakrefs) (unload classes) 0,449ms
[2020-11-04T21:41:39.212+0300][13,142s][info][gc] GC(90) Concurrent weak roots 0,363ms
[2020-11-04T21:41:39.212+0300][13,142s][info][gc] GC(90) Concurrent cleanup 369M->369M(512M) 0,033ms
[2020-11-04T21:41:39.213+0300][13,142s][info][gc] GC(90) Concurrent class unloading 0,767ms
[2020-11-04T21:41:39.213+0300][13,143s][info][gc] GC(90) Concurrent strong roots 0,128ms
[2020-11-04T21:41:39.219+0300][13,149s][info][gc] GC(90) Concurrent evacuation 6,398ms
[2020-11-04T21:41:39.220+0300][13,149s][info][gc] GC(90) Pause Init Update Refs 0,021ms
[2020-11-04T21:41:39.244+0300][13,174s][info][gc] GC(90) Concurrent update references 24,481ms
[2020-11-04T21:41:39.245+0300][13,175s][info][gc] GC(90) Pause Final Update Refs 0,148ms
[2020-11-04T21:41:39.245+0300][13,175s][info][gc] GC(90) Concurrent cleanup 438M->171M(512M) 0,108ms
[2020-11-04T21:41:39.305+0300][13,235s][info][gc] Trigger: Average GC time (72,82 ms) is above the time for allocation rate (1807 MB/s) to deplete free headroom (128M)
[2020-11-04T21:41:39.306+0300][13,236s][info][gc] GC(91) Concurrent reset 0,603ms
[2020-11-04T21:41:39.306+0300][13,236s][info][gc] GC(91) Pause Init Mark (unload classes) 0,106ms
[2020-11-04T21:41:39.359+0300][13,289s][info][gc] GC(91) Concurrent marking (unload classes) 52,549ms
[2020-11-04T21:41:39.360+0300][13,290s][info][gc] GC(91) Pause Final Mark (unload classes) 0,390ms
[2020-11-04T21:41:39.360+0300][13,290s][info][gc] GC(91) Concurrent weak roots 0,390ms
[2020-11-04T21:41:39.360+0300][13,290s][info][gc] GC(91) Concurrent cleanup 356M->356M(512M) 0,058ms
[2020-11-04T21:41:39.361+0300][13,291s][info][gc] GC(91) Concurrent class unloading 0,923ms
[2020-11-04T21:41:39.361+0300][13,291s][info][gc] GC(91) Concurrent strong roots 0,080ms
[2020-11-04T21:41:39.367+0300][13,297s][info][gc] GC(91) Concurrent evacuation 5,934ms
[2020-11-04T21:41:39.368+0300][13,297s][info][gc] GC(91) Pause Init Update Refs 0,024ms
[2020-11-04T21:41:39.405+0300][13,335s][info][gc] GC(91) Concurrent update references 37,317ms
[2020-11-04T21:41:39.406+0300][13,335s][info][gc] GC(91) Pause Final Update Refs 0,176ms
[2020-11-04T21:41:39.406+0300][13,336s][info][gc] GC(91) Concurrent cleanup 455M->211M(512M) 0,141ms
[2020-11-04T21:41:39.457+0300][13,387s][info][gc] Trigger: Average GC time (81,70 ms) is above the time for allocation rate (1570 MB/s) to deplete free headroom (127M)
[2020-11-04T21:41:39.457+0300][13,387s][info][gc] GC(92) Concurrent reset 0,642ms
[2020-11-04T21:41:39.458+0300][13,388s][info][gc] GC(92) Pause Init Mark (unload classes) 0,179ms
[2020-11-04T21:41:39.502+0300][13,432s][info][gc] GC(92) Concurrent marking (unload classes) 44,124ms
[2020-11-04T21:41:39.503+0300][13,433s][info][gc] GC(92) Pause Final Mark (unload classes) 0,546ms
[2020-11-04T21:41:39.503+0300][13,433s][info][gc] GC(92) Concurrent weak roots 0,390ms
[2020-11-04T21:41:39.503+0300][13,433s][info][gc] GC(92) Concurrent cleanup 356M->356M(512M) 0,037ms
[2020-11-04T21:41:39.505+0300][13,434s][info][gc] GC(92) Concurrent class unloading 1,096ms
[2020-11-04T21:41:39.505+0300][13,435s][info][gc] GC(92) Concurrent strong roots 0,142ms
[2020-11-04T21:41:39.511+0300][13,441s][info][gc] GC(92) Concurrent evacuation 5,876ms
[2020-11-04T21:41:39.511+0300][13,441s][info][gc] GC(92) Pause Init Update Refs 0,024ms
[2020-11-04T21:41:39.546+0300][13,476s][info][gc] GC(92) Concurrent update references 34,686ms
[2020-11-04T21:41:39.546+0300][13,476s][info][gc] GC(92) Pause Final Update Refs 0,130ms
[2020-11-04T21:41:39.547+0300][13,476s][info][gc] GC(92) Concurrent cleanup 448M->210M(512M) 0,146ms
[2020-11-04T21:41:39.587+0300][13,517s][info][gc] Trigger: Average GC time (86,39 ms) is above the time for allocation rate (1657 MB/s) to deplete free headroom (142M)
[2020-11-04T21:41:39.587+0300][13,517s][info][gc] GC(93) Concurrent reset 0,598ms
[2020-11-04T21:41:39.588+0300][13,518s][info][gc] GC(93) Pause Init Mark (unload classes) 0,106ms
[2020-11-04T21:41:39.633+0300][13,563s][info][gc] GC(93) Concurrent marking (unload classes) 45,432ms
[2020-11-04T21:41:39.634+0300][13,564s][info][gc] GC(93) Pause Final Mark (unload classes) 0,429ms
[2020-11-04T21:41:39.635+0300][13,564s][info][gc] GC(93) Concurrent weak roots 0,367ms
[2020-11-04T21:41:39.635+0300][13,564s][info][gc] GC(93) Concurrent cleanup 342M->342M(512M) 0,035ms
[2020-11-04T21:41:39.635+0300][13,565s][info][gc] GC(93) Concurrent class unloading 0,791ms
[2020-11-04T21:41:39.635+0300][13,565s][info][gc] GC(93) Concurrent strong roots 0,054ms
[2020-11-04T21:41:39.641+0300][13,571s][info][gc] GC(93) Concurrent evacuation 5,274ms
[2020-11-04T21:41:39.641+0300][13,571s][info][gc] GC(93) Pause Init Update Refs 0,015ms
[2020-11-04T21:41:39.669+0300][13,599s][info][gc] GC(93) Concurrent update references 28,248ms
[2020-11-04T21:41:39.670+0300][13,600s][info][gc] GC(93) Pause Final Update Refs 0,297ms
[2020-11-04T21:41:39.670+0300][13,600s][info][gc] GC(93) Concurrent cleanup 417M->202M(512M) 0,117ms
[2020-11-04T21:41:39.714+0300][13,644s][info][gc] Trigger: Average GC time (89,31 ms) is above the time for allocation rate (1632 MB/s) to deplete free headroom (145M)
[2020-11-04T21:41:39.714+0300][13,644s][info][gc] GC(94) Concurrent reset 0,509ms
[2020-11-04T21:41:39.715+0300][13,645s][info][gc] GC(94) Pause Init Mark (unload classes) 0,239ms
[2020-11-04T21:41:39.772+0300][13,702s][info][gc] GC(94) Concurrent marking (unload classes) 56,936ms
[2020-11-04T21:41:39.773+0300][13,702s][info][gc] GC(94) Pause Final Mark (unload classes) 0,602ms
[2020-11-04T21:41:39.773+0300][13,703s][info][gc] GC(94) Concurrent weak roots 0,434ms
[2020-11-04T21:41:39.773+0300][13,703s][info][gc] GC(94) Concurrent cleanup 340M->340M(512M) 0,056ms
[2020-11-04T21:41:39.774+0300][13,704s][info][gc] GC(94) Concurrent class unloading 0,805ms
[2020-11-04T21:41:39.774+0300][13,704s][info][gc] GC(94) Concurrent strong roots 0,064ms
[2020-11-04T21:41:39.779+0300][13,709s][info][gc] GC(94) Concurrent evacuation 5,130ms
[2020-11-04T21:41:39.780+0300][13,710s][info][gc] GC(94) Pause Init Update Refs 0,020ms
[2020-11-04T21:41:39.810+0300][13,740s][info][gc] GC(94) Concurrent update references 29,931ms
[2020-11-04T21:41:39.810+0300][13,740s][info][gc] GC(94) Pause Final Update Refs 0,339ms
[2020-11-04T21:41:39.811+0300][13,740s][info][gc] GC(94) Concurrent cleanup 416M->209M(512M) 0,120ms
[2020-11-04T21:41:39.855+0300][13,785s][info][gc] Trigger: Average GC time (89,06 ms) is above the time for allocation rate (1505 MB/s) to deplete free headroom (133M)
[2020-11-04T21:41:39.856+0300][13,786s][info][gc] GC(95) Concurrent reset 0,614ms
[2020-11-04T21:41:39.856+0300][13,786s][info][gc] GC(95) Pause Init Mark (process weakrefs) (unload classes) 0,149ms
[2020-11-04T21:41:39.908+0300][13,838s][info][gc] GC(95) Concurrent marking (process weakrefs) (unload classes) 51,420ms
[2020-11-04T21:41:39.908+0300][13,838s][info][gc] GC(95) Concurrent precleaning 0,165ms
[2020-11-04T21:41:39.909+0300][13,839s][info][gc] GC(95) Pause Final Mark (process weakrefs) (unload classes) 0,828ms
[2020-11-04T21:41:39.910+0300][13,839s][info][gc] GC(95) Concurrent weak roots 0,480ms
[2020-11-04T21:41:39.910+0300][13,839s][info][gc] GC(95) Concurrent cleanup 350M->350M(512M) 0,037ms
[2020-11-04T21:41:39.910+0300][13,840s][info][gc] GC(95) Concurrent class unloading 0,741ms
[2020-11-04T21:41:39.910+0300][13,840s][info][gc] GC(95) Concurrent strong roots 0,121ms
[2020-11-04T21:41:39.917+0300][13,847s][info][gc] GC(95) Concurrent evacuation 6,923ms
[2020-11-04T21:41:39.918+0300][13,848s][info][gc] GC(95) Pause Init Update Refs 0,016ms
[2020-11-04T21:41:39.948+0300][13,878s][info][gc] GC(95) Concurrent update references 30,342ms
[2020-11-04T21:41:39.949+0300][13,879s][info][gc] GC(95) Pause Final Update Refs 0,362ms
[2020-11-04T21:41:39.949+0300][13,879s][info][gc] GC(95) Concurrent cleanup 414M->200M(512M) 0,111ms
[2020-11-04T21:41:40.003+0300][13,933s][info][gc] Trigger: Average GC time (92,87 ms) is above the time for allocation rate (1415 MB/s) to deplete free headroom (130M)
[2020-11-04T21:41:40.004+0300][13,934s][info][gc] GC(96) Concurrent reset 0,689ms
[2020-11-04T21:41:40.004+0300][13,934s][info][gc] GC(96) Pause Init Mark (unload classes) 0,233ms
[2020-11-04T21:41:40.021+0300][13,951s][info][gc] GC(96) Concurrent marking (unload classes) 16,327ms
[2020-11-04T21:41:40.022+0300][13,951s][info][gc] GC(96) Pause Final Mark (unload classes) 0,598ms
[2020-11-04T21:41:40.022+0300][13,952s][info][gc] GC(96) Concurrent weak roots 0,463ms
[2020-11-04T21:41:40.022+0300][13,952s][info][gc] GC(96) Concurrent cleanup 351M->347M(512M) 0,037ms
[2020-11-04T21:41:40.023+0300][13,953s][info][gc] GC(96) Concurrent class unloading 0,805ms
[2020-11-04T21:41:40.023+0300][13,953s][info][gc] GC(96) Concurrent strong roots 0,069ms
[2020-11-04T21:41:40.030+0300][13,960s][info][gc] GC(96) Concurrent evacuation 6,955ms
[2020-11-04T21:41:40.030+0300][13,960s][info][gc] GC(96) Pause Init Update Refs 0,026ms
[2020-11-04T21:41:40.041+0300][13,971s][info][gc] GC(96) Concurrent update references 10,813ms
[2020-11-04T21:41:40.042+0300][13,972s][info][gc] GC(96) Pause Final Update Refs 0,348ms
[2020-11-04T21:41:40.042+0300][13,972s][info][gc] GC(96) Concurrent cleanup 389M->83M(512M) 0,142ms
[2020-11-04T21:41:40.116+0300][14,046s][info][gc] Trigger: Average GC time (80,60 ms) is above the time for allocation rate (2239 MB/s) to deplete free headroom (179M)
[2020-11-04T21:41:40.117+0300][14,047s][info][gc] GC(97) Concurrent reset 0,521ms
[2020-11-04T21:41:40.117+0300][14,047s][info][gc] GC(97) Pause Init Mark (unload classes) 0,113ms
[2020-11-04T21:41:40.135+0300][14,065s][info][gc] GC(97) Concurrent marking (unload classes) 17,833ms
[2020-11-04T21:41:40.136+0300][14,066s][info][gc] GC(97) Pause Final Mark (unload classes) 0,348ms
[2020-11-04T21:41:40.136+0300][14,066s][info][gc] GC(97) Concurrent weak roots 0,457ms
[2020-11-04T21:41:40.136+0300][14,066s][info][gc] GC(97) Concurrent cleanup 310M->310M(512M) 0,026ms
[2020-11-04T21:41:40.137+0300][14,067s][info][gc] GC(97) Concurrent class unloading 0,768ms
[2020-11-04T21:41:40.137+0300][14,067s][info][gc] GC(97) Concurrent strong roots 0,103ms
[2020-11-04T21:41:40.144+0300][14,073s][info][gc] GC(97) Concurrent evacuation 6,191ms
[2020-11-04T21:41:40.144+0300][14,074s][info][gc] GC(97) Pause Init Update Refs 0,021ms
[2020-11-04T21:41:40.158+0300][14,088s][info][gc] GC(97) Concurrent update references 14,107ms
[2020-11-04T21:41:40.159+0300][14,088s][info][gc] GC(97) Pause Final Update Refs 0,286ms
[2020-11-04T21:41:40.159+0300][14,089s][info][gc] GC(97) Concurrent cleanup 357M->104M(512M) 0,128ms
[2020-11-04T21:41:40.232+0300][14,162s][info][gc] Trigger: Average GC time (71,13 ms) is above the time for allocation rate (2283 MB/s) to deplete free headroom (162M)
[2020-11-04T21:41:40.233+0300][14,162s][info][gc] GC(98) Concurrent reset 0,608ms
[2020-11-04T21:41:40.233+0300][14,163s][info][gc] GC(98) Pause Init Mark (unload classes) 0,126ms
[2020-11-04T21:41:40.255+0300][14,185s][info][gc] GC(98) Concurrent marking (unload classes) 22,072ms
[2020-11-04T21:41:40.256+0300][14,186s][info][gc] GC(98) Pause Final Mark (unload classes) 0,889ms
[2020-11-04T21:41:40.257+0300][14,187s][info][gc] GC(98) Concurrent weak roots 0,461ms
[2020-11-04T21:41:40.257+0300][14,187s][info][gc] GC(98) Concurrent cleanup 326M->326M(512M) 0,033ms
[2020-11-04T21:41:40.258+0300][14,188s][info][gc] GC(98) Concurrent class unloading 0,806ms
[2020-11-04T21:41:40.258+0300][14,188s][info][gc] GC(98) Concurrent strong roots 0,064ms
[2020-11-04T21:41:40.266+0300][14,196s][info][gc] GC(98) Concurrent evacuation 8,461ms
[2020-11-04T21:41:40.267+0300][14,197s][info][gc] GC(98) Pause Init Update Refs 0,022ms
[2020-11-04T21:41:40.287+0300][14,217s][info][gc] GC(98) Concurrent update references 20,602ms
[2020-11-04T21:41:40.288+0300][14,218s][info][gc] GC(98) Pause Final Update Refs 0,341ms
[2020-11-04T21:41:40.288+0300][14,218s][info][gc] GC(98) Concurrent cleanup 395M->132M(512M) 0,155ms
[2020-11-04T21:41:40.358+0300][14,288s][info][gc] Trigger: Average GC time (65,73 ms) is above the time for allocation rate (2181 MB/s) to deplete free headroom (142M)
[2020-11-04T21:41:40.359+0300][14,289s][info][gc] GC(99) Concurrent reset 0,536ms
[2020-11-04T21:41:40.359+0300][14,289s][info][gc] GC(99) Pause Init Mark (unload classes) 0,105ms
[2020-11-04T21:41:40.392+0300][14,321s][info][gc] GC(99) Concurrent marking (unload classes) 32,147ms
[2020-11-04T21:41:40.393+0300][14,322s][info][gc] GC(99) Pause Final Mark (unload classes) 0,764ms
[2020-11-04T21:41:40.393+0300][14,323s][info][gc] GC(99) Concurrent weak roots 0,487ms
[2020-11-04T21:41:40.393+0300][14,323s][info][gc] GC(99) Concurrent cleanup 344M->344M(512M) 0,035ms
[2020-11-04T21:41:40.394+0300][14,324s][info][gc] GC(99) Concurrent class unloading 0,963ms
[2020-11-04T21:41:40.394+0300][14,324s][info][gc] GC(99) Concurrent strong roots 0,100ms
[2020-11-04T21:41:40.403+0300][14,333s][info][gc] GC(99) Concurrent evacuation 8,778ms
[2020-11-04T21:41:40.403+0300][14,333s][info][gc] GC(99) Pause Init Update Refs 0,024ms
[2020-11-04T21:41:40.422+0300][14,352s][info][gc] GC(99) Concurrent update references 18,600ms
[2020-11-04T21:41:40.423+0300][14,353s][info][gc] GC(99) Pause Final Update Refs 0,275ms
[2020-11-04T21:41:40.423+0300][14,353s][info][gc] GC(99) Concurrent cleanup 395M->120M(512M) 0,126ms
[2020-11-04T21:41:40.507+0300][14,437s][info][gc] Trigger: Average GC time (59,28 ms) is above the time for allocation rate (1976 MB/s) to deplete free headroom (117M)
[2020-11-04T21:41:40.507+0300][14,437s][info][gc] GC(100) Concurrent reset 0,580ms
[2020-11-04T21:41:40.508+0300][14,438s][info][gc] GC(100) Pause Init Mark (process weakrefs) (unload classes) 0,274ms
[2020-11-04T21:41:40.548+0300][14,477s][info][gc] GC(100) Concurrent marking (process weakrefs) (unload classes) 39,640ms
[2020-11-04T21:41:40.548+0300][14,478s][info][gc] GC(100) Concurrent precleaning 0,163ms
[2020-11-04T21:41:40.549+0300][14,479s][info][gc] GC(100) Pause Final Mark (process weakrefs) (unload classes) 0,846ms
[2020-11-04T21:41:40.549+0300][14,479s][info][gc] GC(100) Concurrent weak roots 0,408ms
[2020-11-04T21:41:40.549+0300][14,479s][info][gc] GC(100) Concurrent cleanup 367M->367M(512M) 0,036ms
[2020-11-04T21:41:40.550+0300][14,480s][info][gc] GC(100) Concurrent class unloading 0,812ms
[2020-11-04T21:41:40.550+0300][14,480s][info][gc] GC(100) Concurrent strong roots 0,070ms
[2020-11-04T21:41:40.558+0300][14,487s][info][gc] GC(100) Concurrent evacuation 7,085ms
[2020-11-04T21:41:40.558+0300][14,488s][info][gc] GC(100) Pause Init Update Refs 0,026ms
[2020-11-04T21:41:40.579+0300][14,509s][info][gc] GC(100) Concurrent update references 21,165ms
[2020-11-04T21:41:40.580+0300][14,510s][info][gc] GC(100) Pause Final Update Refs 0,360ms
[2020-11-04T21:41:40.580+0300][14,510s][info][gc] GC(100) Concurrent cleanup 416M->123M(512M) 0,137ms
[2020-11-04T21:41:40.669+0300][14,599s][info][gc] Trigger: Average GC time (55,17 ms) is above the time for allocation rate (1859 MB/s) to deplete free headroom (102170K)
[2020-11-04T21:41:40.670+0300][14,599s][info][gc] GC(101) Concurrent reset 0,573ms
[2020-11-04T21:41:40.670+0300][14,600s][info][gc] GC(101) Pause Init Mark (unload classes) 0,246ms
[2020-11-04T21:41:40.704+0300][14,634s][info][gc] GC(101) Concurrent marking (unload classes) 34,092ms
[2020-11-04T21:41:40.705+0300][14,635s][info][gc] GC(101) Pause Final Mark (unload classes) 0,647ms
[2020-11-04T21:41:40.706+0300][14,635s][info][gc] GC(101) Concurrent weak roots 0,388ms
[2020-11-04T21:41:40.706+0300][14,636s][info][gc] GC(101) Concurrent cleanup 384M->384M(512M) 0,035ms
[2020-11-04T21:41:40.707+0300][14,636s][info][gc] GC(101) Concurrent class unloading 0,795ms
[2020-11-04T21:41:40.707+0300][14,636s][info][gc] GC(101) Concurrent strong roots 0,107ms
[2020-11-04T21:41:40.715+0300][14,645s][info][gc] GC(101) Concurrent evacuation 8,027ms
[2020-11-04T21:41:40.715+0300][14,645s][info][gc] GC(101) Pause Init Update Refs 0,014ms
[2020-11-04T21:41:40.738+0300][14,668s][info][gc] GC(101) Concurrent update references 22,990ms
[2020-11-04T21:41:40.739+0300][14,669s][info][gc] GC(101) Pause Final Update Refs 0,371ms
[2020-11-04T21:41:40.739+0300][14,669s][info][gc] GC(101) Concurrent cleanup 436M->135M(512M) 0,133ms
[2020-11-04T21:41:40.819+0300][14,749s][info][gc] Trigger: Average GC time (61,35 ms) is above the time for allocation rate (1867 MB/s) to deplete free headroom (111M)
[2020-11-04T21:41:40.820+0300][14,750s][info][gc] GC(102) Concurrent reset 0,678ms
[2020-11-04T21:41:40.821+0300][14,750s][info][gc] GC(102) Pause Init Mark (unload classes) 0,106ms
[2020-11-04T21:41:40.873+0300][14,803s][info][gc] GC(102) Concurrent marking (unload classes) 52,685ms
[2020-11-04T21:41:40.874+0300][14,804s][info][gc] GC(102) Pause Final Mark (unload classes) 0,406ms
[2020-11-04T21:41:40.875+0300][14,804s][info][gc] GC(102) Concurrent weak roots 0,397ms
[2020-11-04T21:41:40.875+0300][14,804s][info][gc] GC(102) Concurrent cleanup 373M->373M(512M) 0,048ms
[2020-11-04T21:41:40.876+0300][14,805s][info][gc] GC(102) Concurrent class unloading 1,000ms
[2020-11-04T21:41:40.876+0300][14,806s][info][gc] GC(102) Concurrent strong roots 0,142ms
[2020-11-04T21:41:40.883+0300][14,813s][info][gc] GC(102) Concurrent evacuation 7,453ms
[2020-11-04T21:41:40.884+0300][14,813s][info][gc] GC(102) Pause Init Update Refs 0,014ms
[2020-11-04T21:41:40.906+0300][14,836s][info][gc] GC(102) Concurrent update references 22,325ms
[2020-11-04T21:41:40.906+0300][14,836s][info][gc] GC(102) Pause Final Update Refs 0,134ms
[2020-11-04T21:41:40.907+0300][14,837s][info][gc] GC(102) Concurrent cleanup 438M->156M(512M) 0,156ms
[2020-11-04T21:41:40.977+0300][14,906s][info][gc] Trigger: Average GC time (70,30 ms) is above the time for allocation rate (1703 MB/s) to deplete free headroom (117M)
[2020-11-04T21:41:40.977+0300][14,907s][info][gc] GC(103) Concurrent reset 0,645ms
[2020-11-04T21:41:40.978+0300][14,907s][info][gc] GC(103) Pause Init Mark (unload classes) 0,118ms
[2020-11-04T21:41:41.015+0300][14,945s][info][gc] GC(103) Concurrent marking (unload classes) 37,116ms
[2020-11-04T21:41:41.015+0300][14,945s][info][gc] GC(103) Pause Final Mark (unload classes) 0,406ms
[2020-11-04T21:41:41.016+0300][14,946s][info][gc] GC(103) Concurrent weak roots 0,357ms
[2020-11-04T21:41:41.016+0300][14,946s][info][gc] GC(103) Concurrent cleanup 366M->366M(512M) 0,037ms
[2020-11-04T21:41:41.017+0300][14,947s][info][gc] GC(103) Concurrent class unloading 1,072ms
[2020-11-04T21:41:41.017+0300][14,947s][info][gc] GC(103) Concurrent strong roots 0,109ms
[2020-11-04T21:41:41.024+0300][14,954s][info][gc] GC(103) Concurrent evacuation 7,190ms
[2020-11-04T21:41:41.025+0300][14,955s][info][gc] GC(103) Pause Init Update Refs 0,017ms
[2020-11-04T21:41:41.054+0300][14,984s][info][gc] GC(103) Concurrent update references 29,047ms
[2020-11-04T21:41:41.054+0300][14,984s][info][gc] GC(103) Pause Final Update Refs 0,146ms
[2020-11-04T21:41:41.055+0300][14,984s][info][gc] GC(103) Concurrent cleanup 441M->174M(512M) 0,139ms
[2020-11-04T21:41:41.112+0300][15,042s][info][gc] Trigger: Average GC time (74,63 ms) is above the time for allocation rate (1801 MB/s) to deplete free headroom (133M)
[2020-11-04T21:41:41.113+0300][15,042s][info][gc] GC(104) Concurrent reset 0,672ms
[2020-11-04T21:41:41.114+0300][15,043s][info][gc] GC(104) Pause Init Mark (unload classes) 0,097ms
[2020-11-04T21:41:41.153+0300][15,083s][info][gc] GC(104) Concurrent marking (unload classes) 39,338ms
[2020-11-04T21:41:41.154+0300][15,083s][info][gc] GC(104) Pause Final Mark (unload classes) 0,381ms
[2020-11-04T21:41:41.154+0300][15,084s][info][gc] GC(104) Concurrent weak roots 0,367ms
[2020-11-04T21:41:41.154+0300][15,084s][info][gc] GC(104) Concurrent cleanup 354M->354M(512M) 0,028ms
[2020-11-04T21:41:41.155+0300][15,085s][info][gc] GC(104) Concurrent class unloading 1,004ms
[2020-11-04T21:41:41.155+0300][15,085s][info][gc] GC(104) Concurrent strong roots 0,052ms
[2020-11-04T21:41:41.162+0300][15,092s][info][gc] GC(104) Concurrent evacuation 7,225ms
[2020-11-04T21:41:41.163+0300][15,093s][info][gc] GC(104) Pause Init Update Refs 0,025ms
[2020-11-04T21:41:41.188+0300][15,118s][info][gc] GC(104) Concurrent update references 25,070ms
[2020-11-04T21:41:41.188+0300][15,118s][info][gc] GC(104) Pause Final Update Refs 0,149ms
[2020-11-04T21:41:41.189+0300][15,118s][info][gc] GC(104) Concurrent cleanup 424M->179M(512M) 0,108ms
[2020-11-04T21:41:41.243+0300][15,172s][info][gc] Trigger: Average GC time (77,06 ms) is above the time for allocation rate (1790 MB/s) to deplete free headroom (137M)
[2020-11-04T21:41:41.243+0300][15,173s][info][gc] GC(105) Concurrent reset 0,527ms
[2020-11-04T21:41:41.243+0300][15,173s][info][gc] GC(105) Pause Init Mark (process weakrefs) (unload classes) 0,158ms
[2020-11-04T21:41:41.287+0300][15,217s][info][gc] GC(105) Concurrent marking (process weakrefs) (unload classes) 43,759ms
[2020-11-04T21:41:41.288+0300][15,217s][info][gc] GC(105) Concurrent precleaning 0,164ms
[2020-11-04T21:41:41.288+0300][15,218s][info][gc] GC(105) Pause Final Mark (process weakrefs) (unload classes) 0,412ms
[2020-11-04T21:41:41.289+0300][15,218s][info][gc] GC(105) Concurrent weak roots 0,361ms
[2020-11-04T21:41:41.289+0300][15,219s][info][gc] GC(105) Concurrent cleanup 347M->347M(512M) 0,040ms
[2020-11-04T21:41:41.290+0300][15,219s][info][gc] GC(105) Concurrent class unloading 0,844ms
[2020-11-04T21:41:41.290+0300][15,220s][info][gc] GC(105) Concurrent strong roots 0,118ms
[2020-11-04T21:41:41.296+0300][15,226s][info][gc] GC(105) Concurrent evacuation 6,302ms
[2020-11-04T21:41:41.296+0300][15,226s][info][gc] GC(105) Pause Init Update Refs 0,011ms
[2020-11-04T21:41:41.326+0300][15,256s][info][gc] GC(105) Concurrent update references 29,619ms
[2020-11-04T21:41:41.326+0300][15,256s][info][gc] GC(105) Pause Final Update Refs 0,116ms
[2020-11-04T21:41:41.327+0300][15,256s][info][gc] GC(105) Concurrent cleanup 402M->170M(512M) 0,105ms
[2020-11-04T21:41:41.388+0300][15,318s][info][gc] Trigger: Average GC time (79,22 ms) is above the time for allocation rate (1618 MB/s) to deplete free headroom (126M)
[2020-11-04T21:41:41.389+0300][15,319s][info][gc] GC(106) Concurrent reset 0,599ms
[2020-11-04T21:41:41.389+0300][15,319s][info][gc] GC(106) Pause Init Mark (unload classes) 0,101ms
[2020-11-04T21:41:41.463+0300][15,393s][info][gc] GC(106) Concurrent marking (unload classes) 73,528ms
[2020-11-04T21:41:41.463+0300][15,393s][info][gc] GC(106) Pause Final Mark (unload classes) 0,399ms
[2020-11-04T21:41:41.464+0300][15,394s][info][gc] GC(106) Concurrent weak roots 0,376ms
[2020-11-04T21:41:41.464+0300][15,394s][info][gc] GC(106) Concurrent cleanup 356M->356M(512M) 0,034ms
[2020-11-04T21:41:41.465+0300][15,394s][info][gc] GC(106) Concurrent class unloading 0,757ms
[2020-11-04T21:41:41.465+0300][15,395s][info][gc] GC(106) Concurrent strong roots 0,144ms
[2020-11-04T21:41:41.471+0300][15,401s][info][gc] GC(106) Concurrent evacuation 6,214ms
[2020-11-04T21:41:41.471+0300][15,401s][info][gc] GC(106) Pause Init Update Refs 0,016ms
[2020-11-04T21:41:41.499+0300][15,429s][info][gc] GC(106) Concurrent update references 27,698ms
[2020-11-04T21:41:41.500+0300][15,430s][info][gc] GC(106) Pause Final Update Refs 0,146ms
[2020-11-04T21:41:41.500+0300][15,430s][info][gc] GC(106) Concurrent cleanup 428M->193M(512M) 0,111ms
[2020-11-04T21:41:41.555+0300][15,485s][info][gc] Trigger: Average GC time (87,59 ms) is above the time for allocation rate (1408 MB/s) to deplete free headroom (120M)
[2020-11-04T21:41:41.556+0300][15,486s][info][gc] GC(107) Concurrent reset 0,613ms
[2020-11-04T21:41:41.556+0300][15,486s][info][gc] GC(107) Pause Init Mark (unload classes) 0,113ms
[2020-11-04T21:41:41.636+0300][15,566s][info][gc] GC(107) Concurrent marking (unload classes) 79,451ms
[2020-11-04T21:41:41.636+0300][15,566s][info][gc] GC(107) Pause Final Mark (unload classes) 0,360ms
[2020-11-04T21:41:41.637+0300][15,566s][info][gc] GC(107) Concurrent weak roots 0,308ms
[2020-11-04T21:41:41.637+0300][15,567s][info][gc] GC(107) Concurrent cleanup 362M->362M(512M) 0,031ms
[2020-11-04T21:41:41.638+0300][15,567s][info][gc] GC(107) Concurrent class unloading 0,814ms
[2020-11-04T21:41:41.638+0300][15,567s][info][gc] GC(107) Concurrent strong roots 0,043ms
[2020-11-04T21:41:41.643+0300][15,573s][info][gc] GC(107) Concurrent evacuation 5,825ms
[2020-11-04T21:41:41.644+0300][15,574s][info][gc] GC(107) Pause Init Update Refs 0,019ms
[2020-11-04T21:41:41.677+0300][15,606s][info][gc] GC(107) Concurrent update references 32,721ms
[2020-11-04T21:41:41.677+0300][15,607s][info][gc] GC(107) Pause Final Update Refs 0,167ms
[2020-11-04T21:41:41.677+0300][15,607s][info][gc] GC(107) Concurrent cleanup 423M->188M(512M) 0,107ms
[2020-11-04T21:41:41.734+0300][15,664s][info][gc] Trigger: Average GC time (94,57 ms) is above the time for allocation rate (1276 MB/s) to deplete free headroom (119M)
[2020-11-04T21:41:41.735+0300][15,665s][info][gc] GC(108) Concurrent reset 0,559ms
[2020-11-04T21:41:41.735+0300][15,665s][info][gc] GC(108) Pause Init Mark (unload classes) 0,113ms
[2020-11-04T21:41:41.824+0300][15,753s][info][gc] GC(108) Concurrent marking (unload classes) 88,072ms
[2020-11-04T21:41:41.824+0300][15,754s][info][gc] GC(108) Pause Final Mark (unload classes) 0,367ms
[2020-11-04T21:41:41.825+0300][15,755s][info][gc] GC(108) Concurrent weak roots 0,493ms
[2020-11-04T21:41:41.825+0300][15,755s][info][gc] GC(108) Concurrent cleanup 362M->362M(512M) 0,037ms
[2020-11-04T21:41:41.826+0300][15,756s][info][gc] GC(108) Concurrent class unloading 0,938ms
[2020-11-04T21:41:41.826+0300][15,756s][info][gc] GC(108) Concurrent strong roots 0,064ms
[2020-11-04T21:41:41.832+0300][15,762s][info][gc] GC(108) Concurrent evacuation 6,042ms
[2020-11-04T21:41:41.832+0300][15,762s][info][gc] GC(108) Pause Init Update Refs 0,017ms
[2020-11-04T21:41:41.863+0300][15,793s][info][gc] GC(108) Concurrent update references 31,032ms
[2020-11-04T21:41:41.864+0300][15,794s][info][gc] GC(108) Pause Final Update Refs 0,157ms
[2020-11-04T21:41:41.864+0300][15,794s][info][gc] GC(108) Concurrent cleanup 439M->210M(512M) 0,115ms
[2020-11-04T21:41:41.912+0300][15,842s][info][gc] Trigger: Average GC time (104,88 ms) is above the time for allocation rate (1222 MB/s) to deplete free headroom (125M)
[2020-11-04T21:41:41.912+0300][15,842s][info][gc] GC(109) Concurrent reset 0,596ms
[2020-11-04T21:41:41.913+0300][15,843s][info][gc] GC(109) Pause Init Mark (unload classes) 0,103ms
[2020-11-04T21:41:41.965+0300][15,894s][info][gc] GC(109) Concurrent marking (unload classes) 51,750ms
[2020-11-04T21:41:41.965+0300][15,895s][info][gc] GC(109) Pause Final Mark (unload classes) 0,363ms
[2020-11-04T21:41:41.966+0300][15,895s][info][gc] GC(109) Concurrent weak roots 0,335ms
[2020-11-04T21:41:41.966+0300][15,895s][info][gc] GC(109) Concurrent cleanup 357M->357M(512M) 0,036ms
[2020-11-04T21:41:41.967+0300][15,896s][info][gc] GC(109) Concurrent class unloading 0,839ms
[2020-11-04T21:41:41.967+0300][15,896s][info][gc] GC(109) Concurrent strong roots 0,099ms
[2020-11-04T21:41:41.972+0300][15,902s][info][gc] GC(109) Concurrent evacuation 5,214ms
[2020-11-04T21:41:41.972+0300][15,902s][info][gc] GC(109) Pause Init Update Refs 0,014ms
[2020-11-04T21:41:42.005+0300][15,935s][info][gc] GC(109) Concurrent update references 33,103ms
[2020-11-04T21:41:42.006+0300][15,936s][info][gc] GC(109) Pause Final Update Refs 0,147ms
[2020-11-04T21:41:42.006+0300][15,936s][info][gc] GC(109) Concurrent cleanup 430M->213M(512M) 0,108ms
[2020-11-04T21:41:42.042+0300][15,972s][info][gc] Trigger: Average GC time (108,38 ms) is above the time for allocation rate (1419 MB/s) to deplete free headroom (150M)
[2020-11-04T21:41:42.043+0300][15,973s][info][gc] GC(110) Concurrent reset 0,601ms
[2020-11-04T21:41:42.043+0300][15,973s][info][gc] GC(110) Pause Init Mark (process weakrefs) (unload classes) 0,135ms
[2020-11-04T21:41:42.061+0300][15,991s][info][gc] GC(110) Concurrent marking (process weakrefs) (unload classes) 17,943ms
[2020-11-04T21:41:42.061+0300][15,991s][info][gc] GC(110) Concurrent precleaning 0,158ms
[2020-11-04T21:41:42.062+0300][15,992s][info][gc] GC(110) Pause Final Mark (process weakrefs) (unload classes) 0,449ms
[2020-11-04T21:41:42.063+0300][15,992s][info][gc] GC(110) Concurrent weak roots 0,401ms
[2020-11-04T21:41:42.063+0300][15,992s][info][gc] GC(110) Concurrent cleanup 333M->329M(512M) 0,036ms
[2020-11-04T21:41:42.063+0300][15,993s][info][gc] GC(110) Concurrent class unloading 0,776ms
[2020-11-04T21:41:42.064+0300][15,993s][info][gc] GC(110) Concurrent strong roots 0,124ms
[2020-11-04T21:41:42.070+0300][16,000s][info][gc] GC(110) Concurrent evacuation 6,045ms
[2020-11-04T21:41:42.070+0300][16,000s][info][gc] GC(110) Pause Init Update Refs 0,020ms
[2020-11-04T21:41:42.082+0300][16,012s][info][gc] GC(110) Concurrent update references 11,864ms
[2020-11-04T21:41:42.082+0300][16,012s][info][gc] GC(110) Pause Final Update Refs 0,174ms
[2020-11-04T21:41:42.083+0300][16,012s][info][gc] GC(110) Concurrent cleanup 368M->85M(512M) 0,143ms
[2020-11-04T21:41:42.146+0300][16,076s][info][gc] Trigger: Average GC time (99,68 ms) is above the time for allocation rate (2116 MB/s) to deplete free headroom (210M)
[2020-11-04T21:41:42.147+0300][16,076s][info][gc] GC(111) Concurrent reset 0,587ms
[2020-11-04T21:41:42.147+0300][16,077s][info][gc] GC(111) Pause Init Mark (unload classes) 0,150ms
[2020-11-04T21:41:42.167+0300][16,097s][info][gc] GC(111) Concurrent marking (unload classes) 19,546ms
[2020-11-04T21:41:42.168+0300][16,097s][info][gc] GC(111) Pause Final Mark (unload classes) 0,450ms
[2020-11-04T21:41:42.168+0300][16,098s][info][gc] GC(111) Concurrent weak roots 0,341ms
[2020-11-04T21:41:42.168+0300][16,098s][info][gc] GC(111) Concurrent cleanup 282M->282M(512M) 0,026ms
[2020-11-04T21:41:42.169+0300][16,099s][info][gc] GC(111) Concurrent class unloading 0,848ms
[2020-11-04T21:41:42.169+0300][16,099s][info][gc] GC(111) Concurrent strong roots 0,095ms
[2020-11-04T21:41:42.174+0300][16,104s][info][gc] GC(111) Concurrent evacuation 5,203ms
[2020-11-04T21:41:42.175+0300][16,104s][info][gc] GC(111) Pause Init Update Refs 0,035ms
[2020-11-04T21:41:42.188+0300][16,117s][info][gc] GC(111) Concurrent update references 12,884ms
[2020-11-04T21:41:42.188+0300][16,118s][info][gc] GC(111) Pause Final Update Refs 0,139ms
[2020-11-04T21:41:42.188+0300][16,118s][info][gc] GC(111) Concurrent cleanup 323M->103M(512M) 0,082ms
[2020-11-04T21:41:42.252+0300][16,182s][info][gc] Trigger: Average GC time (85,72 ms) is above the time for allocation rate (2218 MB/s) to deplete free headroom (189M)
[2020-11-04T21:41:42.252+0300][16,182s][info][gc] GC(112) Concurrent reset 0,467ms
[2020-11-04T21:41:42.253+0300][16,183s][info][gc] GC(112) Pause Init Mark (unload classes) 0,170ms
[2020-11-04T21:41:42.276+0300][16,206s][info][gc] GC(112) Concurrent marking (unload classes) 23,186ms
[2020-11-04T21:41:42.277+0300][16,206s][info][gc] GC(112) Pause Final Mark (unload classes) 0,422ms
[2020-11-04T21:41:42.277+0300][16,207s][info][gc] GC(112) Concurrent weak roots 0,384ms
[2020-11-04T21:41:42.277+0300][16,207s][info][gc] GC(112) Concurrent cleanup 301M->301M(512M) 0,037ms
[2020-11-04T21:41:42.278+0300][16,208s][info][gc] GC(112) Concurrent class unloading 1,044ms
[2020-11-04T21:41:42.278+0300][16,208s][info][gc] GC(112) Concurrent strong roots 0,095ms
[2020-11-04T21:41:42.284+0300][16,214s][info][gc] GC(112) Concurrent evacuation 6,024ms
[2020-11-04T21:41:42.285+0300][16,215s][info][gc] GC(112) Pause Init Update Refs 0,017ms
[2020-11-04T21:41:42.300+0300][16,230s][info][gc] GC(112) Concurrent update references 15,057ms
[2020-11-04T21:41:42.300+0300][16,230s][info][gc] GC(112) Pause Final Update Refs 0,182ms
[2020-11-04T21:41:42.301+0300][16,230s][info][gc] GC(112) Concurrent cleanup 344M->110M(512M) 0,128ms
[2020-11-04T21:41:42.377+0300][16,307s][info][gc] Trigger: Average GC time (71,08 ms) is above the time for allocation rate (2129 MB/s) to deplete free headroom (150M)
[2020-11-04T21:41:42.377+0300][16,307s][info][gc] GC(113) Concurrent reset 0,477ms
[2020-11-04T21:41:42.378+0300][16,308s][info][gc] GC(113) Pause Init Mark (unload classes) 0,119ms
[2020-11-04T21:41:42.404+0300][16,334s][info][gc] GC(113) Concurrent marking (unload classes) 26,616ms
[2020-11-04T21:41:42.405+0300][16,335s][info][gc] GC(113) Pause Final Mark (unload classes) 0,434ms
[2020-11-04T21:41:42.406+0300][16,336s][info][gc] GC(113) Concurrent weak roots 0,406ms
[2020-11-04T21:41:42.406+0300][16,336s][info][gc] GC(113) Concurrent cleanup 337M->337M(512M) 0,026ms
[2020-11-04T21:41:42.407+0300][16,336s][info][gc] GC(113) Concurrent class unloading 0,793ms
[2020-11-04T21:41:42.407+0300][16,336s][info][gc] GC(113) Concurrent strong roots 0,074ms
[2020-11-04T21:41:42.414+0300][16,344s][info][gc] GC(113) Concurrent evacuation 7,394ms
[2020-11-04T21:41:42.414+0300][16,344s][info][gc] GC(113) Pause Init Update Refs 0,013ms
[2020-11-04T21:41:42.433+0300][16,363s][info][gc] GC(113) Concurrent update references 18,492ms
[2020-11-04T21:41:42.433+0300][16,363s][info][gc] GC(113) Pause Final Update Refs 0,195ms
[2020-11-04T21:41:42.434+0300][16,364s][info][gc] GC(113) Concurrent cleanup 380M->114M(512M) 0,137ms
[2020-11-04T21:41:42.522+0300][16,451s][info][gc] Trigger: Average GC time (56,54 ms) is above the time for allocation rate (2041 MB/s) to deplete free headroom (113M)
[2020-11-04T21:41:42.522+0300][16,452s][info][gc] GC(114) Concurrent reset 0,533ms
[2020-11-04T21:41:42.523+0300][16,453s][info][gc] GC(114) Pause Init Mark (unload classes) 0,144ms
[2020-11-04T21:41:42.553+0300][16,482s][info][gc] GC(114) Concurrent marking (unload classes) 29,641ms
[2020-11-04T21:41:42.553+0300][16,483s][info][gc] GC(114) Pause Final Mark (unload classes) 0,443ms
[2020-11-04T21:41:42.554+0300][16,484s][info][gc] GC(114) Concurrent weak roots 0,401ms
[2020-11-04T21:41:42.554+0300][16,484s][info][gc] GC(114) Concurrent cleanup 371M->371M(512M) 0,025ms
[2020-11-04T21:41:42.555+0300][16,484s][info][gc] GC(114) Concurrent class unloading 0,835ms
[2020-11-04T21:41:42.555+0300][16,485s][info][gc] GC(114) Concurrent strong roots 0,131ms
[2020-11-04T21:41:42.562+0300][16,492s][info][gc] GC(114) Concurrent evacuation 7,109ms
[2020-11-04T21:41:42.562+0300][16,492s][info][gc] GC(114) Pause Init Update Refs 0,029ms
[2020-11-04T21:41:42.581+0300][16,511s][info][gc] GC(114) Concurrent update references 18,479ms
[2020-11-04T21:41:42.581+0300][16,511s][info][gc] GC(114) Pause Final Update Refs 0,157ms
[2020-11-04T21:41:42.582+0300][16,511s][info][gc] GC(114) Concurrent cleanup 433M->136M(512M) 0,148ms
[2020-11-04T21:41:42.665+0300][16,595s][info][gc] Trigger: Average GC time (49,67 ms) is above the time for allocation rate (2075 MB/s) to deplete free headroom (102M)
[2020-11-04T21:41:42.666+0300][16,596s][info][gc] GC(115) Concurrent reset 0,597ms
[2020-11-04T21:41:42.666+0300][16,596s][info][gc] GC(115) Pause Init Mark (process weakrefs) (unload classes) 0,107ms
[2020-11-04T21:41:42.698+0300][16,628s][info][gc] GC(115) Concurrent marking (process weakrefs) (unload classes) 31,473ms
[2020-11-04T21:41:42.698+0300][16,628s][info][gc] GC(115) Concurrent precleaning 0,156ms
[2020-11-04T21:41:42.699+0300][16,629s][info][gc] GC(115) Pause Final Mark (process weakrefs) (unload classes) 0,356ms
[2020-11-04T21:41:42.699+0300][16,629s][info][gc] GC(115) Concurrent weak roots 0,300ms
[2020-11-04T21:41:42.699+0300][16,629s][info][gc] GC(115) Concurrent cleanup 381M->381M(512M) 0,026ms
[2020-11-04T21:41:42.700+0300][16,630s][info][gc] GC(115) Concurrent class unloading 0,670ms
[2020-11-04T21:41:42.700+0300][16,630s][info][gc] GC(115) Concurrent strong roots 0,072ms
[2020-11-04T21:41:42.707+0300][16,637s][info][gc] GC(115) Concurrent evacuation 7,226ms
[2020-11-04T21:41:42.708+0300][16,637s][info][gc] GC(115) Pause Init Update Refs 0,019ms
[2020-11-04T21:41:42.728+0300][16,658s][info][gc] GC(115) Concurrent update references 20,625ms
[2020-11-04T21:41:42.729+0300][16,659s][info][gc] GC(115) Pause Final Update Refs 0,213ms
[2020-11-04T21:41:42.729+0300][16,659s][info][gc] GC(115) Concurrent cleanup 447M->149M(512M) 0,128ms
[2020-11-04T21:41:42.805+0300][16,735s][info][gc] Trigger: Average GC time (54,29 ms) is above the time for allocation rate (2023 MB/s) to deplete free headroom (109M)
[2020-11-04T21:41:42.806+0300][16,736s][info][gc] GC(116) Concurrent reset 0,611ms
[2020-11-04T21:41:42.806+0300][16,736s][info][gc] GC(116) Pause Init Mark (unload classes) 0,197ms
[2020-11-04T21:41:42.841+0300][16,770s][info][gc] GC(116) Concurrent marking (unload classes) 34,100ms
[2020-11-04T21:41:42.841+0300][16,771s][info][gc] GC(116) Pause Final Mark (unload classes) 0,349ms
[2020-11-04T21:41:42.842+0300][16,771s][info][gc] GC(116) Concurrent weak roots 0,325ms
[2020-11-04T21:41:42.842+0300][16,772s][info][gc] GC(116) Concurrent cleanup 375M->375M(512M) 0,035ms
[2020-11-04T21:41:42.843+0300][16,772s][info][gc] GC(116) Concurrent class unloading 0,817ms
[2020-11-04T21:41:42.843+0300][16,773s][info][gc] GC(116) Concurrent strong roots 0,126ms
[2020-11-04T21:41:42.850+0300][16,779s][info][gc] GC(116) Concurrent evacuation 6,830ms
[2020-11-04T21:41:42.850+0300][16,780s][info][gc] GC(116) Pause Init Update Refs 0,015ms
[2020-11-04T21:41:42.873+0300][16,803s][info][gc] GC(116) Concurrent update references 22,970ms
[2020-11-04T21:41:42.873+0300][16,803s][info][gc] GC(116) Pause Final Update Refs 0,162ms
[2020-11-04T21:41:42.874+0300][16,803s][info][gc] GC(116) Concurrent cleanup 443M->159M(512M) 0,132ms
[2020-11-04T21:41:42.944+0300][16,873s][info][gc] Trigger: Average GC time (59,54 ms) is above the time for allocation rate (1941 MB/s) to deplete free headroom (115M)
[2020-11-04T21:41:42.944+0300][16,874s][info][gc] GC(117) Concurrent reset 0,585ms
[2020-11-04T21:41:42.945+0300][16,874s][info][gc] GC(117) Pause Init Mark (unload classes) 0,155ms
[2020-11-04T21:41:42.983+0300][16,913s][info][gc] GC(117) Concurrent marking (unload classes) 38,224ms
[2020-11-04T21:41:42.984+0300][16,913s][info][gc] GC(117) Pause Final Mark (unload classes) 0,378ms
[2020-11-04T21:41:42.984+0300][16,914s][info][gc] GC(117) Concurrent weak roots 0,406ms
[2020-11-04T21:41:42.984+0300][16,914s][info][gc] GC(117) Concurrent cleanup 368M->368M(512M) 0,035ms
[2020-11-04T21:41:42.985+0300][16,915s][info][gc] GC(117) Concurrent class unloading 0,928ms
[2020-11-04T21:41:42.985+0300][16,915s][info][gc] GC(117) Concurrent strong roots 0,052ms
[2020-11-04T21:41:42.992+0300][16,922s][info][gc] GC(117) Concurrent evacuation 6,513ms
[2020-11-04T21:41:42.992+0300][16,922s][info][gc] GC(117) Pause Init Update Refs 0,016ms
[2020-11-04T21:41:43.026+0300][16,956s][info][gc] GC(117) Concurrent update references 33,559ms
[2020-11-04T21:41:43.026+0300][16,956s][info][gc] GC(117) Pause Final Update Refs 0,228ms
[2020-11-04T21:41:43.026+0300][16,956s][info][gc] GC(117) Concurrent cleanup 459M->191M(512M) 0,092ms
[2020-11-04T21:41:43.083+0300][17,012s][info][gc] Trigger: Average GC time (66,33 ms) is above the time for allocation rate (1833 MB/s) to deplete free headroom (120M)
[2020-11-04T21:41:43.083+0300][17,013s][info][gc] GC(118) Concurrent reset 0,635ms
[2020-11-04T21:41:43.084+0300][17,013s][info][gc] GC(118) Pause Init Mark (unload classes) 0,103ms
[2020-11-04T21:41:43.123+0300][17,053s][info][gc] GC(118) Concurrent marking (unload classes) 39,363ms
[2020-11-04T21:41:43.124+0300][17,054s][info][gc] GC(118) Pause Final Mark (unload classes) 0,364ms
[2020-11-04T21:41:43.124+0300][17,054s][info][gc] GC(118) Concurrent weak roots 0,453ms
[2020-11-04T21:41:43.124+0300][17,054s][info][gc] GC(118) Concurrent cleanup 362M->362M(512M) 0,045ms
[2020-11-04T21:41:43.125+0300][17,055s][info][gc] GC(118) Concurrent class unloading 0,679ms
[2020-11-04T21:41:43.125+0300][17,055s][info][gc] GC(118) Concurrent strong roots 0,064ms
[2020-11-04T21:41:43.131+0300][17,061s][info][gc] GC(118) Concurrent evacuation 6,173ms
[2020-11-04T21:41:43.132+0300][17,061s][info][gc] GC(118) Pause Init Update Refs 0,019ms
[2020-11-04T21:41:43.157+0300][17,087s][info][gc] GC(118) Concurrent update references 25,351ms
[2020-11-04T21:41:43.158+0300][17,087s][info][gc] GC(118) Pause Final Update Refs 0,130ms
[2020-11-04T21:41:43.158+0300][17,087s][info][gc] GC(118) Concurrent cleanup 431M->175M(512M) 0,089ms
[2020-11-04T21:41:43.218+0300][17,148s][info][gc] Trigger: Average GC time (69,96 ms) is above the time for allocation rate (1800 MB/s) to deplete free headroom (124M)
[2020-11-04T21:41:43.219+0300][17,149s][info][gc] GC(119) Concurrent reset 0,634ms
[2020-11-04T21:41:43.219+0300][17,149s][info][gc] GC(119) Pause Init Mark (unload classes) 0,100ms
[2020-11-04T21:41:43.264+0300][17,193s][info][gc] GC(119) Concurrent marking (unload classes) 44,410ms
[2020-11-04T21:41:43.265+0300][17,195s][info][gc] GC(119) Pause Final Mark (unload classes) 0,828ms
[2020-11-04T21:41:43.265+0300][17,195s][info][gc] GC(119) Concurrent weak roots 0,354ms
[2020-11-04T21:41:43.265+0300][17,195s][info][gc] GC(119) Concurrent cleanup 359M->359M(512M) 0,035ms
[2020-11-04T21:41:43.266+0300][17,196s][info][gc] GC(119) Concurrent class unloading 0,867ms
[2020-11-04T21:41:43.266+0300][17,196s][info][gc] GC(119) Concurrent strong roots 0,129ms
[2020-11-04T21:41:43.273+0300][17,203s][info][gc] GC(119) Concurrent evacuation 7,050ms
[2020-11-04T21:41:43.274+0300][17,203s][info][gc] GC(119) Pause Init Update Refs 0,029ms
[2020-11-04T21:41:43.304+0300][17,234s][info][gc] GC(119) Concurrent update references 30,200ms
[2020-11-04T21:41:43.305+0300][17,234s][info][gc] GC(119) Pause Final Update Refs 0,260ms
[2020-11-04T21:41:43.305+0300][17,235s][info][gc] GC(119) Concurrent cleanup 413M->169M(512M) 0,120ms
[2020-11-04T21:41:43.369+0300][17,299s][info][gc] Trigger: Average GC time (75,30 ms) is above the time for allocation rate (1601 MB/s) to deplete free headroom (119M)
[2020-11-04T21:41:43.370+0300][17,300s][info][gc] GC(120) Concurrent reset 0,606ms
[2020-11-04T21:41:43.371+0300][17,300s][info][gc] GC(120) Pause Init Mark (process weakrefs) (unload classes) 0,178ms
[2020-11-04T21:41:43.416+0300][17,345s][info][gc] GC(120) Concurrent marking (process weakrefs) (unload classes) 45,049ms
[2020-11-04T21:41:43.416+0300][17,346s][info][gc] GC(120) Concurrent precleaning 0,175ms
[2020-11-04T21:41:43.417+0300][17,346s][info][gc] GC(120) Pause Final Mark (process weakrefs) (unload classes) 0,478ms
[2020-11-04T21:41:43.417+0300][17,347s][info][gc] GC(120) Concurrent weak roots 0,437ms
[2020-11-04T21:41:43.417+0300][17,347s][info][gc] GC(120) Concurrent cleanup 364M->364M(512M) 0,036ms
[2020-11-04T21:41:43.418+0300][17,348s][info][gc] GC(120) Concurrent class unloading 1,103ms
[2020-11-04T21:41:43.418+0300][17,348s][info][gc] GC(120) Concurrent strong roots 0,079ms
[2020-11-04T21:41:43.424+0300][17,354s][info][gc] GC(120) Concurrent evacuation 5,852ms
[2020-11-04T21:41:43.425+0300][17,354s][info][gc] GC(120) Pause Init Update Refs 0,027ms
[2020-11-04T21:41:43.456+0300][17,386s][info][gc] GC(120) Concurrent update references 31,264ms
[2020-11-04T21:41:43.456+0300][17,386s][info][gc] GC(120) Pause Final Update Refs 0,139ms
[2020-11-04T21:41:43.457+0300][17,387s][info][gc] GC(120) Concurrent cleanup 427M->185M(512M) 0,135ms
[2020-11-04T21:41:43.516+0300][17,446s][info][gc] Trigger: Average GC time (80,02 ms) is above the time for allocation rate (1570 MB/s) to deplete free headroom (124M)
[2020-11-04T21:41:43.517+0300][17,446s][info][gc] GC(121) Concurrent reset 0,509ms
[2020-11-04T21:41:43.517+0300][17,447s][info][gc] GC(121) Pause Init Mark (unload classes) 0,095ms
[2020-11-04T21:41:43.580+0300][17,509s][info][gc] GC(121) Concurrent marking (unload classes) 62,579ms
[2020-11-04T21:41:43.580+0300][17,510s][info][gc] GC(121) Pause Final Mark (unload classes) 0,259ms
[2020-11-04T21:41:43.580+0300][17,510s][info][gc] GC(121) Concurrent weak roots 0,333ms
[2020-11-04T21:41:43.580+0300][17,510s][info][gc] GC(121) Concurrent cleanup 358M->358M(512M) 0,027ms
[2020-11-04T21:41:43.581+0300][17,511s][info][gc] GC(121) Concurrent class unloading 0,842ms
[2020-11-04T21:41:43.581+0300][17,511s][info][gc] GC(121) Concurrent strong roots 0,045ms
[2020-11-04T21:41:43.589+0300][17,519s][info][gc] GC(121) Concurrent evacuation 7,501ms
[2020-11-04T21:41:43.589+0300][17,519s][info][gc] GC(121) Pause Init Update Refs 0,010ms
[2020-11-04T21:41:43.632+0300][17,562s][info][gc] GC(121) Concurrent update references 43,181ms
[2020-11-04T21:41:43.633+0300][17,562s][info][gc] GC(121) Pause Final Update Refs 0,122ms
[2020-11-04T21:41:43.633+0300][17,563s][info][gc] GC(121) Concurrent cleanup 451M->222M(512M) 0,085ms
[2020-11-04T21:41:43.713+0300][17,643s][info][gc] Trigger: Average GC time (89,68 ms) is above the time for allocation rate (1212 MB/s) to deplete free headroom (108M)
[2020-11-04T21:41:43.714+0300][17,644s][info][gc] GC(122) Concurrent reset 0,546ms
[2020-11-04T21:41:43.714+0300][17,644s][info][gc] GC(122) Pause Init Mark (unload classes) 0,067ms
[2020-11-04T21:41:43.779+0300][17,709s][info][gc] GC(122) Concurrent marking (unload classes) 64,518ms
[2020-11-04T21:41:43.780+0300][17,709s][info][gc] GC(122) Pause Final Mark (unload classes) 0,311ms
[2020-11-04T21:41:43.780+0300][17,710s][info][gc] GC(122) Concurrent weak roots 0,283ms
[2020-11-04T21:41:43.780+0300][17,710s][info][gc] GC(122) Concurrent cleanup 372M->372M(512M) 0,031ms
[2020-11-04T21:41:43.781+0300][17,710s][info][gc] GC(122) Concurrent class unloading 0,750ms
[2020-11-04T21:41:43.781+0300][17,711s][info][gc] GC(122) Concurrent strong roots 0,075ms
[2020-11-04T21:41:43.788+0300][17,718s][info][gc] GC(122) Concurrent evacuation 7,287ms
[2020-11-04T21:41:43.788+0300][17,718s][info][gc] GC(122) Pause Init Update Refs 0,027ms
[2020-11-04T21:41:43.831+0300][17,761s][info][gc] GC(122) Concurrent update references 43,156ms
[2020-11-04T21:41:43.832+0300][17,762s][info][gc] GC(122) Pause Final Update Refs 0,119ms
[2020-11-04T21:41:43.832+0300][17,762s][info][gc] GC(122) Concurrent cleanup 444M->205M(512M) 0,084ms
[2020-11-04T21:41:43.889+0300][17,819s][info][gc] Trigger: Average GC time (96,81 ms) is above the time for allocation rate (1257 MB/s) to deplete free headroom (119M)
[2020-11-04T21:41:43.890+0300][17,820s][info][gc] GC(123) Concurrent reset 0,548ms
[2020-11-04T21:41:43.890+0300][17,820s][info][gc] GC(123) Pause Init Mark (unload classes) 0,076ms
[2020-11-04T21:41:43.962+0300][17,892s][info][gc] GC(123) Concurrent marking (unload classes) 71,749ms
[2020-11-04T21:41:43.962+0300][17,892s][info][gc] GC(123) Pause Final Mark (unload classes) 0,215ms
[2020-11-04T21:41:43.963+0300][17,892s][info][gc] GC(123) Concurrent weak roots 0,287ms
[2020-11-04T21:41:43.963+0300][17,892s][info][gc] GC(123) Concurrent cleanup 362M->362M(512M) 0,025ms
[2020-11-04T21:41:43.964+0300][17,893s][info][gc] GC(123) Concurrent class unloading 1,047ms
[2020-11-04T21:41:43.964+0300][17,894s][info][gc] GC(123) Concurrent strong roots 0,042ms
[2020-11-04T21:41:43.970+0300][17,900s][info][gc] GC(123) Concurrent evacuation 6,003ms
[2020-11-04T21:41:43.970+0300][17,900s][info][gc] GC(123) Pause Init Update Refs 0,019ms
[2020-11-04T21:41:44.007+0300][17,937s][info][gc] GC(123) Concurrent update references 36,969ms
[2020-11-04T21:41:44.007+0300][17,937s][info][gc] GC(123) Pause Final Update Refs 0,087ms
[2020-11-04T21:41:44.007+0300][17,937s][info][gc] GC(123) Concurrent cleanup 425M->203M(512M) 0,090ms
[2020-11-04T21:41:44.067+0300][17,996s][info][gc] Trigger: Average GC time (105,44 ms) is above the time for allocation rate (1185 MB/s) to deplete free headroom (123M)
[2020-11-04T21:41:44.067+0300][17,997s][info][gc] GC(124) Concurrent reset 0,605ms
[2020-11-04T21:41:44.068+0300][17,997s][info][gc] GC(124) Pause Init Mark (unload classes) 0,074ms
[2020-11-04T21:41:44.088+0300][18,018s][info][gc] GC(124) Concurrent marking (unload classes) 20,190ms
[2020-11-04T21:41:44.088+0300][18,018s][info][gc] GC(124) Pause Final Mark (unload classes) 0,240ms
[2020-11-04T21:41:44.089+0300][18,018s][info][gc] GC(124) Concurrent weak roots 0,382ms
[2020-11-04T21:41:44.089+0300][18,018s][info][gc] GC(124) Concurrent cleanup 357M->353M(512M) 0,030ms
[2020-11-04T21:41:44.089+0300][18,019s][info][gc] GC(124) Concurrent class unloading 0,783ms
[2020-11-04T21:41:44.090+0300][18,019s][info][gc] GC(124) Concurrent strong roots 0,070ms
[2020-11-04T21:41:44.097+0300][18,027s][info][gc] GC(124) Concurrent evacuation 7,239ms
[2020-11-04T21:41:44.097+0300][18,027s][info][gc] GC(124) Pause Init Update Refs 0,020ms
[2020-11-04T21:41:44.109+0300][18,039s][info][gc] GC(124) Concurrent update references 12,121ms
[2020-11-04T21:41:44.110+0300][18,039s][info][gc] GC(124) Pause Final Update Refs 0,149ms
[2020-11-04T21:41:44.110+0300][18,039s][info][gc] GC(124) Concurrent cleanup 393M->85M(512M) 0,102ms
[2020-11-04T21:41:44.177+0300][18,107s][info][gc] Trigger: Average GC time (96,71 ms) is above the time for allocation rate (2067 MB/s) to deplete free headroom (198M)
[2020-11-04T21:41:44.178+0300][18,108s][info][gc] GC(125) Concurrent reset 0,523ms
[2020-11-04T21:41:44.179+0300][18,108s][info][gc] GC(125) Pause Init Mark (process weakrefs) (unload classes) 0,247ms
[2020-11-04T21:41:44.206+0300][18,136s][info][gc] GC(125) Concurrent marking (process weakrefs) (unload classes) 27,162ms
[2020-11-04T21:41:44.206+0300][18,136s][info][gc] GC(125) Concurrent precleaning 0,158ms
[2020-11-04T21:41:44.207+0300][18,137s][info][gc] GC(125) Pause Final Mark (process weakrefs) (unload classes) 0,549ms
[2020-11-04T21:41:44.207+0300][18,137s][info][gc] GC(125) Concurrent weak roots 0,446ms
[2020-11-04T21:41:44.207+0300][18,137s][info][gc] GC(125) Concurrent cleanup 292M->292M(512M) 0,036ms
[2020-11-04T21:41:44.209+0300][18,138s][info][gc] GC(125) Concurrent class unloading 1,116ms
[2020-11-04T21:41:44.209+0300][18,139s][info][gc] GC(125) Concurrent strong roots 0,069ms
[2020-11-04T21:41:44.214+0300][18,144s][info][gc] GC(125) Concurrent evacuation 5,416ms
[2020-11-04T21:41:44.215+0300][18,144s][info][gc] GC(125) Pause Init Update Refs 0,018ms
[2020-11-04T21:41:44.228+0300][18,158s][info][gc] GC(125) Concurrent update references 13,854ms
[2020-11-04T21:41:44.229+0300][18,159s][info][gc] GC(125) Pause Final Update Refs 0,186ms
[2020-11-04T21:41:44.229+0300][18,159s][info][gc] GC(125) Concurrent cleanup 335M->106M(512M) 0,132ms
[2020-11-04T21:41:44.295+0300][18,225s][info][gc] Trigger: Average GC time (89,59 ms) is above the time for allocation rate (2037 MB/s) to deplete free headroom (181M)
[2020-11-04T21:41:44.295+0300][18,225s][info][gc] GC(126) Concurrent reset 0,546ms
[2020-11-04T21:41:44.296+0300][18,226s][info][gc] GC(126) Pause Init Mark (unload classes) 0,104ms
[2020-11-04T21:41:44.318+0300][18,247s][info][gc] GC(126) Concurrent marking (unload classes) 21,551ms
[2020-11-04T21:41:44.318+0300][18,248s][info][gc] GC(126) Pause Final Mark (unload classes) 0,370ms
[2020-11-04T21:41:44.319+0300][18,248s][info][gc] GC(126) Concurrent weak roots 0,377ms
[2020-11-04T21:41:44.319+0300][18,248s][info][gc] GC(126) Concurrent cleanup 308M->308M(512M) 0,032ms
[2020-11-04T21:41:44.319+0300][18,249s][info][gc] GC(126) Concurrent class unloading 0,787ms
[2020-11-04T21:41:44.320+0300][18,249s][info][gc] GC(126) Concurrent strong roots 0,122ms
[2020-11-04T21:41:44.325+0300][18,255s][info][gc] GC(126) Concurrent evacuation 5,795ms
[2020-11-04T21:41:44.326+0300][18,256s][info][gc] GC(126) Pause Init Update Refs 0,024ms
[2020-11-04T21:41:44.341+0300][18,271s][info][gc] GC(126) Concurrent update references 15,079ms
[2020-11-04T21:41:44.341+0300][18,271s][info][gc] GC(126) Pause Final Update Refs 0,138ms
[2020-11-04T21:41:44.342+0300][18,271s][info][gc] GC(126) Concurrent cleanup 358M->119M(512M) 0,114ms
[2020-11-04T21:41:44.409+0300][18,339s][info][gc] Trigger: Average GC time (75,60 ms) is above the time for allocation rate (2193 MB/s) to deplete free headroom (163M)
[2020-11-04T21:41:44.410+0300][18,340s][info][gc] GC(127) Concurrent reset 0,552ms
[2020-11-04T21:41:44.410+0300][18,340s][info][gc] GC(127) Pause Init Mark (unload classes) 0,105ms
[2020-11-04T21:41:44.435+0300][18,365s][info][gc] GC(127) Concurrent marking (unload classes) 24,386ms
[2020-11-04T21:41:44.436+0300][18,365s][info][gc] GC(127) Pause Final Mark (unload classes) 0,382ms
[2020-11-04T21:41:44.436+0300][18,366s][info][gc] GC(127) Concurrent weak roots 0,461ms
[2020-11-04T21:41:44.436+0300][18,366s][info][gc] GC(127) Concurrent cleanup 325M->325M(512M) 0,037ms
[2020-11-04T21:41:44.437+0300][18,367s][info][gc] GC(127) Concurrent class unloading 0,826ms
[2020-11-04T21:41:44.437+0300][18,367s][info][gc] GC(127) Concurrent strong roots 0,089ms
[2020-11-04T21:41:44.443+0300][18,373s][info][gc] GC(127) Concurrent evacuation 6,177ms
[2020-11-04T21:41:44.444+0300][18,373s][info][gc] GC(127) Pause Init Update Refs 0,016ms
[2020-11-04T21:41:44.462+0300][18,391s][info][gc] GC(127) Concurrent update references 17,815ms
[2020-11-04T21:41:44.462+0300][18,392s][info][gc] GC(127) Pause Final Update Refs 0,147ms
[2020-11-04T21:41:44.462+0300][18,392s][info][gc] GC(127) Concurrent cleanup 379M->128M(512M) 0,131ms
[2020-11-04T21:41:44.545+0300][18,475s][info][gc] Trigger: Average GC time (62,45 ms) is above the time for allocation rate (2059 MB/s) to deplete free headroom (127M)
[2020-11-04T21:41:44.546+0300][18,475s][info][gc] GC(128) Concurrent reset 0,632ms
[2020-11-04T21:41:44.546+0300][18,476s][info][gc] GC(128) Pause Init Mark (unload classes) 0,238ms
[2020-11-04T21:41:44.574+0300][18,504s][info][gc] GC(128) Concurrent marking (unload classes) 27,942ms
[2020-11-04T21:41:44.575+0300][18,505s][info][gc] GC(128) Pause Final Mark (unload classes) 0,492ms
[2020-11-04T21:41:44.575+0300][18,505s][info][gc] GC(128) Concurrent weak roots 0,396ms
[2020-11-04T21:41:44.575+0300][18,505s][info][gc] GC(128) Concurrent cleanup 358M->358M(512M) 0,034ms
[2020-11-04T21:41:44.576+0300][18,506s][info][gc] GC(128) Concurrent class unloading 0,732ms
[2020-11-04T21:41:44.576+0300][18,506s][info][gc] GC(128) Concurrent strong roots 0,104ms
[2020-11-04T21:41:44.583+0300][18,513s][info][gc] GC(128) Concurrent evacuation 6,912ms
[2020-11-04T21:41:44.584+0300][18,513s][info][gc] GC(128) Pause Init Update Refs 0,016ms
[2020-11-04T21:41:44.602+0300][18,532s][info][gc] GC(128) Concurrent update references 18,695ms
[2020-11-04T21:41:44.603+0300][18,533s][info][gc] GC(128) Pause Final Update Refs 0,182ms
[2020-11-04T21:41:44.603+0300][18,533s][info][gc] GC(128) Concurrent cleanup 420M->141M(512M) 0,124ms
[2020-11-04T21:41:44.684+0300][18,613s][info][gc] Trigger: Average GC time (50,42 ms) is above the time for allocation rate (2115 MB/s) to deplete free headroom (105M)
[2020-11-04T21:41:44.684+0300][18,614s][info][gc] GC(129) Concurrent reset 0,570ms
[2020-11-04T21:41:44.685+0300][18,614s][info][gc] GC(129) Pause Init Mark (unload classes) 0,130ms
[2020-11-04T21:41:44.716+0300][18,646s][info][gc] GC(129) Concurrent marking (unload classes) 31,372ms
[2020-11-04T21:41:44.717+0300][18,647s][info][gc] GC(129) Pause Final Mark (unload classes) 0,544ms
[2020-11-04T21:41:44.717+0300][18,647s][info][gc] GC(129) Concurrent weak roots 0,448ms
[2020-11-04T21:41:44.717+0300][18,647s][info][gc] GC(129) Concurrent cleanup 378M->378M(512M) 0,031ms
[2020-11-04T21:41:44.718+0300][18,648s][info][gc] GC(129) Concurrent class unloading 0,789ms
[2020-11-04T21:41:44.718+0300][18,648s][info][gc] GC(129) Concurrent strong roots 0,080ms
[2020-11-04T21:41:44.728+0300][18,657s][info][gc] GC(129) Concurrent evacuation 9,273ms
[2020-11-04T21:41:44.728+0300][18,658s][info][gc] GC(129) Pause Init Update Refs 0,017ms
[2020-11-04T21:41:44.749+0300][18,679s][info][gc] GC(129) Concurrent update references 20,708ms
[2020-11-04T21:41:44.749+0300][18,679s][info][gc] GC(129) Pause Final Update Refs 0,183ms
[2020-11-04T21:41:44.749+0300][18,679s][info][gc] GC(129) Concurrent cleanup 439M->146M(512M) 0,140ms
[2020-11-04T21:41:44.828+0300][18,758s][info][gc] Trigger: Average GC time (55,00 ms) is above the time for allocation rate (1965 MB/s) to deplete free headroom (106M)
[2020-11-04T21:41:44.828+0300][18,758s][info][gc] GC(130) Concurrent reset 0,586ms
[2020-11-04T21:41:44.829+0300][18,759s][info][gc] GC(130) Pause Init Mark (process weakrefs) (unload classes) 0,109ms
[2020-11-04T21:41:44.865+0300][18,795s][info][gc] GC(130) Concurrent marking (process weakrefs) (unload classes) 36,415ms
[2020-11-04T21:41:44.866+0300][18,795s][info][gc] GC(130) Concurrent precleaning 0,161ms
[2020-11-04T21:41:44.866+0300][18,796s][info][gc] GC(130) Pause Final Mark (process weakrefs) (unload classes) 0,452ms
[2020-11-04T21:41:44.867+0300][18,797s][info][gc] GC(130) Concurrent weak roots 0,349ms
[2020-11-04T21:41:44.867+0300][18,797s][info][gc] GC(130) Concurrent cleanup 377M->377M(512M) 0,035ms
[2020-11-04T21:41:44.868+0300][18,798s][info][gc] GC(130) Concurrent class unloading 0,953ms
[2020-11-04T21:41:44.868+0300][18,798s][info][gc] GC(130) Concurrent strong roots 0,127ms
[2020-11-04T21:41:44.875+0300][18,805s][info][gc] GC(130) Concurrent evacuation 6,909ms
[2020-11-04T21:41:44.875+0300][18,805s][info][gc] GC(130) Pause Init Update Refs 0,015ms
[2020-11-04T21:41:44.901+0300][18,831s][info][gc] GC(130) Concurrent update references 25,652ms
[2020-11-04T21:41:44.901+0300][18,831s][info][gc] GC(130) Pause Final Update Refs 0,189ms
[2020-11-04T21:41:44.902+0300][18,831s][info][gc] GC(130) Concurrent cleanup 432M->148M(512M) 0,141ms
[2020-11-04T21:41:44.979+0300][18,909s][info][gc] Trigger: Average GC time (59,41 ms) is above the time for allocation rate (1824 MB/s) to deplete free headroom (106M)
[2020-11-04T21:41:44.980+0300][18,909s][info][gc] GC(131) Concurrent reset 0,600ms
[2020-11-04T21:41:44.980+0300][18,910s][info][gc] GC(131) Pause Init Mark (unload classes) 0,103ms
[2020-11-04T21:41:45.018+0300][18,948s][info][gc] GC(131) Concurrent marking (unload classes) 38,390ms
[2020-11-04T21:41:45.019+0300][18,949s][info][gc] GC(131) Pause Final Mark (unload classes) 0,558ms
[2020-11-04T21:41:45.020+0300][18,950s][info][gc] GC(131) Concurrent weak roots 0,407ms
[2020-11-04T21:41:45.020+0300][18,950s][info][gc] GC(131) Concurrent cleanup 376M->376M(512M) 0,034ms
[2020-11-04T21:41:45.021+0300][18,951s][info][gc] GC(131) Concurrent class unloading 0,801ms
[2020-11-04T21:41:45.021+0300][18,951s][info][gc] GC(131) Concurrent strong roots 0,143ms
[2020-11-04T21:41:45.029+0300][18,959s][info][gc] GC(131) Concurrent evacuation 7,910ms
[2020-11-04T21:41:45.029+0300][18,959s][info][gc] GC(131) Pause Init Update Refs 0,013ms
[2020-11-04T21:41:45.053+0300][18,983s][info][gc] GC(131) Concurrent update references 23,840ms
[2020-11-04T21:41:45.054+0300][18,983s][info][gc] GC(131) Pause Final Update Refs 0,373ms
[2020-11-04T21:41:45.054+0300][18,984s][info][gc] GC(131) Concurrent cleanup 444M->168M(512M) 0,142ms
[2020-11-04T21:41:45.121+0300][19,050s][info][gc] Trigger: Average GC time (65,06 ms) is above the time for allocation rate (1822 MB/s) to deplete free headroom (115M)
[2020-11-04T21:41:45.121+0300][19,051s][info][gc] GC(132) Concurrent reset 0,650ms
[2020-11-04T21:41:45.122+0300][19,052s][info][gc] GC(132) Pause Init Mark (unload classes) 0,233ms
[2020-11-04T21:41:45.165+0300][19,095s][info][gc] GC(132) Concurrent marking (unload classes) 42,798ms
[2020-11-04T21:41:45.166+0300][19,095s][info][gc] GC(132) Pause Final Mark (unload classes) 0,741ms
[2020-11-04T21:41:45.166+0300][19,096s][info][gc] GC(132) Concurrent weak roots 0,382ms
[2020-11-04T21:41:45.166+0300][19,096s][info][gc] GC(132) Concurrent cleanup 367M->367M(512M) 0,037ms
[2020-11-04T21:41:45.167+0300][19,097s][info][gc] GC(132) Concurrent class unloading 0,944ms
[2020-11-04T21:41:45.167+0300][19,097s][info][gc] GC(132) Concurrent strong roots 0,062ms
[2020-11-04T21:41:45.174+0300][19,104s][info][gc] GC(132) Concurrent evacuation 6,823ms
[2020-11-04T21:41:45.174+0300][19,104s][info][gc] GC(132) Pause Init Update Refs 0,021ms
[2020-11-04T21:41:45.201+0300][19,131s][info][gc] GC(132) Concurrent update references 26,183ms
[2020-11-04T21:41:45.201+0300][19,131s][info][gc] GC(132) Pause Final Update Refs 0,192ms
[2020-11-04T21:41:45.201+0300][19,131s][info][gc] GC(132) Concurrent cleanup 435M->176M(512M) 0,142ms
[2020-11-04T21:41:45.263+0300][19,193s][info][gc] Trigger: Average GC time (70,68 ms) is above the time for allocation rate (1724 MB/s) to deplete free headroom (121M)
[2020-11-04T21:41:45.264+0300][19,193s][info][gc] GC(133) Concurrent reset 0,606ms
[2020-11-04T21:41:45.264+0300][19,194s][info][gc] GC(133) Pause Init Mark (unload classes) 0,126ms
[2020-11-04T21:41:45.318+0300][19,247s][info][gc] GC(133) Concurrent marking (unload classes) 53,566ms
[2020-11-04T21:41:45.318+0300][19,248s][info][gc] GC(133) Pause Final Mark (unload classes) 0,455ms
[2020-11-04T21:41:45.319+0300][19,249s][info][gc] GC(133) Concurrent weak roots 0,399ms
[2020-11-04T21:41:45.319+0300][19,249s][info][gc] GC(133) Concurrent cleanup 362M->362M(512M) 0,034ms
[2020-11-04T21:41:45.320+0300][19,250s][info][gc] GC(133) Concurrent class unloading 0,857ms
[2020-11-04T21:41:45.320+0300][19,250s][info][gc] GC(133) Concurrent strong roots 0,108ms
[2020-11-04T21:41:45.326+0300][19,256s][info][gc] GC(133) Concurrent evacuation 5,916ms
[2020-11-04T21:41:45.326+0300][19,256s][info][gc] GC(133) Pause Init Update Refs 0,014ms
[2020-11-04T21:41:45.354+0300][19,284s][info][gc] GC(133) Concurrent update references 27,731ms
[2020-11-04T21:41:45.354+0300][19,284s][info][gc] GC(133) Pause Final Update Refs 0,141ms
[2020-11-04T21:41:45.355+0300][19,284s][info][gc] GC(133) Concurrent cleanup 430M->185M(512M) 0,115ms
[2020-11-04T21:41:45.413+0300][19,343s][info][gc] Trigger: Average GC time (77,40 ms) is above the time for allocation rate (1589 MB/s) to deplete free headroom (120M)
[2020-11-04T21:41:45.413+0300][19,343s][info][gc] GC(134) Concurrent reset 0,588ms
[2020-11-04T21:41:45.414+0300][19,344s][info][gc] GC(134) Pause Init Mark (unload classes) 0,183ms
[2020-11-04T21:41:45.460+0300][19,390s][info][gc] GC(134) Concurrent marking (unload classes) 46,318ms
[2020-11-04T21:41:45.461+0300][19,391s][info][gc] GC(134) Pause Final Mark (unload classes) 0,354ms
[2020-11-04T21:41:45.461+0300][19,391s][info][gc] GC(134) Concurrent weak roots 0,426ms
[2020-11-04T21:41:45.462+0300][19,391s][info][gc] GC(134) Concurrent cleanup 361M->361M(512M) 0,035ms
[2020-11-04T21:41:45.462+0300][19,392s][info][gc] GC(134) Concurrent class unloading 0,709ms
[2020-11-04T21:41:45.462+0300][19,392s][info][gc] GC(134) Concurrent strong roots 0,067ms
[2020-11-04T21:41:45.470+0300][19,400s][info][gc] GC(134) Concurrent evacuation 7,310ms
[2020-11-04T21:41:45.470+0300][19,400s][info][gc] GC(134) Pause Init Update Refs 0,014ms
[2020-11-04T21:41:45.499+0300][19,428s][info][gc] GC(134) Concurrent update references 28,492ms
[2020-11-04T21:41:45.499+0300][19,429s][info][gc] GC(134) Pause Final Update Refs 0,168ms
[2020-11-04T21:41:45.499+0300][19,429s][info][gc] GC(134) Concurrent cleanup 432M->193M(512M) 0,093ms
[2020-11-04T21:41:45.551+0300][19,481s][info][gc] Trigger: Average GC time (81,52 ms) is above the time for allocation rate (1607 MB/s) to deplete free headroom (129M)
[2020-11-04T21:41:45.552+0300][19,482s][info][gc] GC(135) Concurrent reset 0,610ms
[2020-11-04T21:41:45.552+0300][19,482s][info][gc] GC(135) Pause Init Mark (process weakrefs) (unload classes) 0,113ms
[2020-11-04T21:41:45.601+0300][19,530s][info][gc] GC(135) Concurrent marking (process weakrefs) (unload classes) 48,204ms
[2020-11-04T21:41:45.601+0300][19,531s][info][gc] GC(135) Concurrent precleaning 0,163ms
[2020-11-04T21:41:45.602+0300][19,531s][info][gc] GC(135) Pause Final Mark (process weakrefs) (unload classes) 0,455ms
[2020-11-04T21:41:45.602+0300][19,532s][info][gc] GC(135) Concurrent weak roots 0,427ms
[2020-11-04T21:41:45.602+0300][19,532s][info][gc] GC(135) Concurrent cleanup 353M->353M(512M) 0,034ms
[2020-11-04T21:41:45.603+0300][19,533s][info][gc] GC(135) Concurrent class unloading 1,144ms
[2020-11-04T21:41:45.603+0300][19,533s][info][gc] GC(135) Concurrent strong roots 0,107ms
[2020-11-04T21:41:45.609+0300][19,539s][info][gc] GC(135) Concurrent evacuation 5,387ms
[2020-11-04T21:41:45.609+0300][19,539s][info][gc] GC(135) Pause Init Update Refs 0,027ms
[2020-11-04T21:41:45.644+0300][19,574s][info][gc] GC(135) Concurrent update references 34,958ms
[2020-11-04T21:41:45.645+0300][19,574s][info][gc] GC(135) Pause Final Update Refs 0,162ms
[2020-11-04T21:41:45.645+0300][19,575s][info][gc] GC(135) Concurrent cleanup 413M->190M(512M) 0,121ms
[2020-11-04T21:41:45.699+0300][19,629s][info][gc] Trigger: Average GC time (85,46 ms) is above the time for allocation rate (1485 MB/s) to deplete free headroom (126M)
[2020-11-04T21:41:45.699+0300][19,629s][info][gc] GC(136) Concurrent reset 0,597ms
[2020-11-04T21:41:45.700+0300][19,630s][info][gc] GC(136) Pause Init Mark (unload classes) 0,154ms
[2020-11-04T21:41:45.751+0300][19,681s][info][gc] GC(136) Concurrent marking (unload classes) 50,944ms
[2020-11-04T21:41:45.752+0300][19,682s][info][gc] GC(136) Pause Final Mark (unload classes) 0,523ms
[2020-11-04T21:41:45.752+0300][19,682s][info][gc] GC(136) Concurrent weak roots 0,410ms
[2020-11-04T21:41:45.752+0300][19,682s][info][gc] GC(136) Concurrent cleanup 355M->355M(512M) 0,062ms
[2020-11-04T21:41:45.753+0300][19,683s][info][gc] GC(136) Concurrent class unloading 0,784ms
[2020-11-04T21:41:45.753+0300][19,683s][info][gc] GC(136) Concurrent strong roots 0,062ms
[2020-11-04T21:41:45.760+0300][19,689s][info][gc] GC(136) Concurrent evacuation 6,360ms
[2020-11-04T21:41:45.760+0300][19,690s][info][gc] GC(136) Pause Init Update Refs 0,021ms
[2020-11-04T21:41:45.791+0300][19,721s][info][gc] GC(136) Concurrent update references 30,980ms
[2020-11-04T21:41:45.791+0300][19,721s][info][gc] GC(136) Pause Final Update Refs 0,125ms
[2020-11-04T21:41:45.792+0300][19,721s][info][gc] GC(136) Concurrent cleanup 429M->210M(512M) 0,079ms
[2020-11-04T21:41:45.836+0300][19,766s][info][gc] Trigger: Average GC time (89,03 ms) is above the time for allocation rate (1505 MB/s) to deplete free headroom (132M)
[2020-11-04T21:41:45.837+0300][19,767s][info][gc] GC(137) Concurrent reset 0,656ms
[2020-11-04T21:41:45.837+0300][19,767s][info][gc] GC(137) Pause Init Mark (unload classes) 0,086ms
[2020-11-04T21:41:45.889+0300][19,819s][info][gc] GC(137) Concurrent marking (unload classes) 52,032ms
[2020-11-04T21:41:45.890+0300][19,820s][info][gc] GC(137) Pause Final Mark (unload classes) 0,511ms
[2020-11-04T21:41:45.891+0300][19,820s][info][gc] GC(137) Concurrent weak roots 0,427ms
[2020-11-04T21:41:45.891+0300][19,820s][info][gc] GC(137) Concurrent cleanup 350M->350M(512M) 0,026ms
[2020-11-04T21:41:45.891+0300][19,821s][info][gc] GC(137) Concurrent class unloading 0,705ms
[2020-11-04T21:41:45.891+0300][19,821s][info][gc] GC(137) Concurrent strong roots 0,071ms
[2020-11-04T21:41:45.897+0300][19,826s][info][gc] GC(137) Concurrent evacuation 5,057ms
[2020-11-04T21:41:45.897+0300][19,827s][info][gc] GC(137) Pause Init Update Refs 0,019ms
[2020-11-04T21:41:45.928+0300][19,858s][info][gc] GC(137) Concurrent update references 31,095ms
[2020-11-04T21:41:45.928+0300][19,858s][info][gc] GC(137) Pause Final Update Refs 0,153ms
[2020-11-04T21:41:45.929+0300][19,858s][info][gc] GC(137) Concurrent cleanup 424M->217M(512M) 0,107ms
[2020-11-04T21:41:45.980+0300][19,910s][info][gc] Trigger: Average GC time (91,36 ms) is above the time for allocation rate (1422 MB/s) to deplete free headroom (128M)
[2020-11-04T21:41:45.981+0300][19,911s][info][gc] GC(138) Concurrent reset 0,564ms
[2020-11-04T21:41:45.981+0300][19,911s][info][gc] GC(138) Pause Init Mark (unload classes) 0,129ms
[2020-11-04T21:41:46.000+0300][19,930s][info][gc] GC(138) Concurrent marking (unload classes) 18,379ms
[2020-11-04T21:41:46.001+0300][19,930s][info][gc] GC(138) Pause Final Mark (unload classes) 0,411ms
[2020-11-04T21:41:46.001+0300][19,931s][info][gc] GC(138) Concurrent weak roots 0,338ms
[2020-11-04T21:41:46.001+0300][19,931s][info][gc] GC(138) Concurrent cleanup 353M->349M(512M) 0,044ms
[2020-11-04T21:41:46.002+0300][19,932s][info][gc] GC(138) Concurrent class unloading 0,721ms
[2020-11-04T21:41:46.002+0300][19,932s][info][gc] GC(138) Concurrent strong roots 0,065ms
[2020-11-04T21:41:46.006+0300][19,936s][info][gc] GC(138) Concurrent evacuation 4,428ms
[2020-11-04T21:41:46.007+0300][19,937s][info][gc] GC(138) Pause Init Update Refs 0,023ms
[2020-11-04T21:41:46.017+0300][19,947s][info][gc] GC(138) Concurrent update references 10,426ms
[2020-11-04T21:41:46.018+0300][19,948s][info][gc] GC(138) Pause Final Update Refs 0,124ms
[2020-11-04T21:41:46.018+0300][19,948s][info][gc] GC(138) Concurrent cleanup 386M->86M(512M) 0,121ms
[2020-11-04T21:41:46.096+0300][20,026s][info][gc] Trigger: Average GC time (80,55 ms) is above the time for allocation rate (2184 MB/s) to deplete free headroom (173M)
[2020-11-04T21:41:46.097+0300][20,027s][info][gc] GC(139) Concurrent reset 0,564ms
[2020-11-04T21:41:46.097+0300][20,027s][info][gc] GC(139) Pause Init Mark (unload classes) 0,106ms
[2020-11-04T21:41:46.123+0300][20,053s][info][gc] GC(139) Concurrent marking (unload classes) 25,495ms
[2020-11-04T21:41:46.124+0300][20,053s][info][gc] GC(139) Pause Final Mark (unload classes) 0,396ms
[2020-11-04T21:41:46.125+0300][20,055s][info][gc] GC(139) Concurrent weak roots 0,350ms
[2020-11-04T21:41:46.125+0300][20,055s][info][gc] GC(139) Concurrent cleanup 315M->315M(512M) 0,030ms
[2020-11-04T21:41:46.126+0300][20,056s][info][gc] GC(139) Concurrent class unloading 0,939ms
[2020-11-04T21:41:46.126+0300][20,056s][info][gc] GC(139) Concurrent strong roots 0,065ms
[2020-11-04T21:41:46.133+0300][20,063s][info][gc] GC(139) Concurrent evacuation 7,035ms
[2020-11-04T21:41:46.133+0300][20,063s][info][gc] GC(139) Pause Init Update Refs 0,019ms
[2020-11-04T21:41:46.149+0300][20,079s][info][gc] GC(139) Concurrent update references 15,664ms
[2020-11-04T21:41:46.149+0300][20,079s][info][gc] GC(139) Pause Final Update Refs 0,140ms
[2020-11-04T21:41:46.150+0300][20,079s][info][gc] GC(139) Concurrent cleanup 371M->117M(512M) 0,114ms
[2020-11-04T21:41:46.221+0300][20,150s][info][gc] Trigger: Average GC time (73,90 ms) is above the time for allocation rate (2130 MB/s) to deplete free headroom (154M)
[2020-11-04T21:41:46.221+0300][20,151s][info][gc] GC(140) Concurrent reset 0,527ms
[2020-11-04T21:41:46.222+0300][20,151s][info][gc] GC(140) Pause Init Mark (process weakrefs) (unload classes) 0,130ms
[2020-11-04T21:41:46.247+0300][20,177s][info][gc] GC(140) Concurrent marking (process weakrefs) (unload classes) 25,590ms
[2020-11-04T21:41:46.248+0300][20,177s][info][gc] GC(140) Concurrent precleaning 0,168ms
[2020-11-04T21:41:46.248+0300][20,178s][info][gc] GC(140) Pause Final Mark (process weakrefs) (unload classes) 0,426ms
[2020-11-04T21:41:46.249+0300][20,178s][info][gc] GC(140) Concurrent weak roots 0,337ms
[2020-11-04T21:41:46.249+0300][20,178s][info][gc] GC(140) Concurrent cleanup 330M->330M(512M) 0,041ms
[2020-11-04T21:41:46.250+0300][20,179s][info][gc] GC(140) Concurrent class unloading 0,989ms
[2020-11-04T21:41:46.250+0300][20,180s][info][gc] GC(140) Concurrent strong roots 0,102ms
[2020-11-04T21:41:46.257+0300][20,186s][info][gc] GC(140) Concurrent evacuation 6,851ms
[2020-11-04T21:41:46.257+0300][20,187s][info][gc] GC(140) Pause Init Update Refs 0,013ms
[2020-11-04T21:41:46.273+0300][20,203s][info][gc] GC(140) Concurrent update references 15,962ms
[2020-11-04T21:41:46.274+0300][20,203s][info][gc] GC(140) Pause Final Update Refs 0,157ms
[2020-11-04T21:41:46.274+0300][20,204s][info][gc] GC(140) Concurrent cleanup 378M->114M(512M) 0,139ms
[2020-11-04T21:41:46.353+0300][20,283s][info][gc] Trigger: Average GC time (65,84 ms) is above the time for allocation rate (2081 MB/s) to deplete free headroom (135M)
[2020-11-04T21:41:46.354+0300][20,284s][info][gc] GC(141) Concurrent reset 0,583ms
[2020-11-04T21:41:46.354+0300][20,284s][info][gc] GC(141) Pause Init Mark (unload classes) 0,157ms
[2020-11-04T21:41:46.384+0300][20,313s][info][gc] GC(141) Concurrent marking (unload classes) 29,096ms
[2020-11-04T21:41:46.384+0300][20,314s][info][gc] GC(141) Pause Final Mark (unload classes) 0,447ms
[2020-11-04T21:41:46.385+0300][20,315s][info][gc] GC(141) Concurrent weak roots 0,366ms
[2020-11-04T21:41:46.385+0300][20,315s][info][gc] GC(141) Concurrent cleanup 350M->350M(512M) 0,036ms
[2020-11-04T21:41:46.386+0300][20,315s][info][gc] GC(141) Concurrent class unloading 0,854ms
[2020-11-04T21:41:46.386+0300][20,316s][info][gc] GC(141) Concurrent strong roots 0,122ms
[2020-11-04T21:41:46.393+0300][20,323s][info][gc] GC(141) Concurrent evacuation 7,300ms
[2020-11-04T21:41:46.394+0300][20,323s][info][gc] GC(141) Pause Init Update Refs 0,010ms
[2020-11-04T21:41:46.411+0300][20,341s][info][gc] GC(141) Concurrent update references 17,374ms
[2020-11-04T21:41:46.411+0300][20,341s][info][gc] GC(141) Pause Final Update Refs 0,203ms
[2020-11-04T21:41:46.412+0300][20,342s][info][gc] GC(141) Concurrent cleanup 405M->128M(512M) 0,153ms
[2020-11-04T21:41:46.492+0300][20,422s][info][gc] Trigger: Average GC time (58,97 ms) is above the time for allocation rate (2043 MB/s) to deplete free headroom (119M)
[2020-11-04T21:41:46.493+0300][20,423s][info][gc] GC(142) Concurrent reset 0,596ms
[2020-11-04T21:41:46.493+0300][20,423s][info][gc] GC(142) Pause Init Mark (unload classes) 0,170ms
[2020-11-04T21:41:46.536+0300][20,466s][info][gc] GC(142) Concurrent marking (unload classes) 42,349ms
[2020-11-04T21:41:46.537+0300][20,466s][info][gc] GC(142) Pause Final Mark (unload classes) 0,463ms
[2020-11-04T21:41:46.537+0300][20,467s][info][gc] GC(142) Concurrent weak roots 0,378ms
[2020-11-04T21:41:46.537+0300][20,467s][info][gc] GC(142) Concurrent cleanup 364M->364M(512M) 0,041ms
[2020-11-04T21:41:46.538+0300][20,468s][info][gc] GC(142) Concurrent class unloading 1,024ms
[2020-11-04T21:41:46.538+0300][20,468s][info][gc] GC(142) Concurrent strong roots 0,155ms
[2020-11-04T21:41:46.545+0300][20,475s][info][gc] GC(142) Concurrent evacuation 6,904ms
[2020-11-04T21:41:46.546+0300][20,475s][info][gc] GC(142) Pause Init Update Refs 0,014ms
[2020-11-04T21:41:46.567+0300][20,497s][info][gc] GC(142) Concurrent update references 21,591ms
[2020-11-04T21:41:46.568+0300][20,498s][info][gc] GC(142) Pause Final Update Refs 0,189ms
[2020-11-04T21:41:46.568+0300][20,498s][info][gc] GC(142) Concurrent cleanup 415M->131M(512M) 0,137ms
[2020-11-04T21:41:46.654+0300][20,584s][info][gc] Trigger: Average GC time (55,64 ms) is above the time for allocation rate (1819 MB/s) to deplete free headroom (100M)
[2020-11-04T21:41:46.655+0300][20,584s][info][gc] GC(143) Concurrent reset 0,591ms
[2020-11-04T21:41:46.655+0300][20,585s][info][gc] GC(143) Pause Init Mark (unload classes) 0,149ms
[2020-11-04T21:41:46.690+0300][20,620s][info][gc] GC(143) Concurrent marking (unload classes) 34,707ms
[2020-11-04T21:41:46.690+0300][20,620s][info][gc] GC(143) Pause Final Mark (unload classes) 0,436ms
[2020-11-04T21:41:46.691+0300][20,621s][info][gc] GC(143) Concurrent weak roots 0,330ms
[2020-11-04T21:41:46.691+0300][20,621s][info][gc] GC(143) Concurrent cleanup 382M->382M(512M) 0,039ms
[2020-11-04T21:41:46.692+0300][20,622s][info][gc] GC(143) Concurrent class unloading 0,914ms
[2020-11-04T21:41:46.692+0300][20,622s][info][gc] GC(143) Concurrent strong roots 0,133ms
[2020-11-04T21:41:46.700+0300][20,630s][info][gc] GC(143) Concurrent evacuation 7,787ms
[2020-11-04T21:41:46.700+0300][20,630s][info][gc] GC(143) Pause Init Update Refs 0,012ms
[2020-11-04T21:41:46.725+0300][20,655s][info][gc] GC(143) Concurrent update references 24,668ms
[2020-11-04T21:41:46.725+0300][20,655s][info][gc] GC(143) Pause Final Update Refs 0,194ms
[2020-11-04T21:41:46.726+0300][20,656s][info][gc] GC(143) Concurrent cleanup 435M->140M(512M) 0,162ms
[2020-11-04T21:41:46.804+0300][20,734s][info][gc] Trigger: Average GC time (62,48 ms) is above the time for allocation rate (1827 MB/s) to deplete free headroom (112M)
[2020-11-04T21:41:46.805+0300][20,735s][info][gc] GC(144) Concurrent reset 0,628ms
[2020-11-04T21:41:46.805+0300][20,735s][info][gc] GC(144) Pause Init Mark (unload classes) 0,107ms
[2020-11-04T21:41:46.843+0300][20,773s][info][gc] GC(144) Concurrent marking (unload classes) 37,707ms
[2020-11-04T21:41:46.844+0300][20,773s][info][gc] GC(144) Pause Final Mark (unload classes) 0,407ms
[2020-11-04T21:41:46.844+0300][20,774s][info][gc] GC(144) Concurrent weak roots 0,391ms
[2020-11-04T21:41:46.844+0300][20,774s][info][gc] GC(144) Concurrent cleanup 371M->371M(512M) 0,034ms
[2020-11-04T21:41:46.845+0300][20,775s][info][gc] GC(144) Concurrent class unloading 0,844ms
[2020-11-04T21:41:46.845+0300][20,775s][info][gc] GC(144) Concurrent strong roots 0,141ms
[2020-11-04T21:41:46.852+0300][20,782s][info][gc] GC(144) Concurrent evacuation 6,649ms
[2020-11-04T21:41:46.852+0300][20,782s][info][gc] GC(144) Pause Init Update Refs 0,012ms
[2020-11-04T21:41:46.878+0300][20,807s][info][gc] GC(144) Concurrent update references 25,379ms
[2020-11-04T21:41:46.878+0300][20,808s][info][gc] GC(144) Pause Final Update Refs 0,174ms
[2020-11-04T21:41:46.878+0300][20,808s][info][gc] GC(144) Concurrent cleanup 426M->151M(512M) 0,146ms
[2020-11-04T21:41:46.950+0300][20,880s][info][gc] Trigger: Average GC time (66,68 ms) is above the time for allocation rate (1786 MB/s) to deplete free headroom (117M)
[2020-11-04T21:41:46.951+0300][20,881s][info][gc] GC(145) Concurrent reset 0,633ms
[2020-11-04T21:41:46.952+0300][20,881s][info][gc] GC(145) Pause Init Mark (process weakrefs) (unload classes) 0,292ms
[2020-11-04T21:41:47.012+0300][20,942s][info][gc] GC(145) Concurrent marking (process weakrefs) (unload classes) 60,280ms
[2020-11-04T21:41:47.012+0300][20,942s][info][gc] GC(145) Concurrent precleaning 0,154ms
[2020-11-04T21:41:47.013+0300][20,943s][info][gc] GC(145) Pause Final Mark (process weakrefs) (unload classes) 0,658ms
[2020-11-04T21:41:47.014+0300][20,943s][info][gc] GC(145) Concurrent weak roots 0,402ms
[2020-11-04T21:41:47.014+0300][20,943s][info][gc] GC(145) Concurrent cleanup 366M->366M(512M) 0,025ms
[2020-11-04T21:41:47.014+0300][20,944s][info][gc] GC(145) Concurrent class unloading 0,783ms
[2020-11-04T21:41:47.014+0300][20,944s][info][gc] GC(145) Concurrent strong roots 0,080ms
[2020-11-04T21:41:47.022+0300][20,951s][info][gc] GC(145) Concurrent evacuation 6,998ms
[2020-11-04T21:41:47.022+0300][20,952s][info][gc] GC(145) Pause Init Update Refs 0,021ms
[2020-11-04T21:41:47.049+0300][20,979s][info][gc] GC(145) Concurrent update references 26,973ms
[2020-11-04T21:41:47.049+0300][20,979s][info][gc] GC(145) Pause Final Update Refs 0,162ms
[2020-11-04T21:41:47.050+0300][20,979s][info][gc] GC(145) Concurrent cleanup 420M->158M(512M) 0,133ms
[2020-11-04T21:41:47.127+0300][21,057s][info][gc] Trigger: Average GC time (75,88 ms) is above the time for allocation rate (1478 MB/s) to deplete free headroom (110M)
[2020-11-04T21:41:47.128+0300][21,058s][info][gc] GC(146) Concurrent reset 0,648ms
[2020-11-04T21:41:47.128+0300][21,058s][info][gc] GC(146) Pause Init Mark (unload classes) 0,092ms
[2020-11-04T21:41:47.172+0300][21,102s][info][gc] GC(146) Concurrent marking (unload classes) 43,707ms
[2020-11-04T21:41:47.173+0300][21,103s][info][gc] GC(146) Pause Final Mark (unload classes) 0,821ms
[2020-11-04T21:41:47.173+0300][21,103s][info][gc] GC(146) Concurrent weak roots 0,368ms
[2020-11-04T21:41:47.173+0300][21,103s][info][gc] GC(146) Concurrent cleanup 371M->372M(512M) 0,022ms
[2020-11-04T21:41:47.174+0300][21,104s][info][gc] GC(146) Concurrent class unloading 0,749ms
[2020-11-04T21:41:47.174+0300][21,104s][info][gc] GC(146) Concurrent strong roots 0,054ms
[2020-11-04T21:41:47.181+0300][21,111s][info][gc] GC(146) Concurrent evacuation 6,448ms
[2020-11-04T21:41:47.181+0300][21,111s][info][gc] GC(146) Pause Init Update Refs 0,027ms
[2020-11-04T21:41:47.210+0300][21,140s][info][gc] GC(146) Concurrent update references 28,841ms
[2020-11-04T21:41:47.211+0300][21,140s][info][gc] GC(146) Pause Final Update Refs 0,359ms
[2020-11-04T21:41:47.211+0300][21,141s][info][gc] GC(146) Concurrent cleanup 430M->169M(512M) 0,134ms
[2020-11-04T21:41:47.272+0300][21,202s][info][gc] Trigger: Average GC time (80,95 ms) is above the time for allocation rate (1618 MB/s) to deplete free headroom (128M)
[2020-11-04T21:41:47.273+0300][21,203s][info][gc] GC(147) Concurrent reset 0,661ms
[2020-11-04T21:41:47.273+0300][21,203s][info][gc] GC(147) Pause Init Mark (unload classes) 0,260ms
[2020-11-04T21:41:47.318+0300][21,248s][info][gc] GC(147) Concurrent marking (unload classes) 44,536ms
[2020-11-04T21:41:47.319+0300][21,249s][info][gc] GC(147) Pause Final Mark (unload classes) 0,783ms
[2020-11-04T21:41:47.320+0300][21,249s][info][gc] GC(147) Concurrent weak roots 0,473ms
[2020-11-04T21:41:47.320+0300][21,249s][info][gc] GC(147) Concurrent cleanup 355M->355M(512M) 0,034ms
[2020-11-04T21:41:47.321+0300][21,250s][info][gc] GC(147) Concurrent class unloading 0,957ms
[2020-11-04T21:41:47.321+0300][21,251s][info][gc] GC(147) Concurrent strong roots 0,146ms
[2020-11-04T21:41:47.328+0300][21,258s][info][gc] GC(147) Concurrent evacuation 7,560ms
[2020-11-04T21:41:47.329+0300][21,259s][info][gc] GC(147) Pause Init Update Refs 0,011ms
[2020-11-04T21:41:47.355+0300][21,285s][info][gc] GC(147) Concurrent update references 26,558ms
[2020-11-04T21:41:47.356+0300][21,286s][info][gc] GC(147) Pause Final Update Refs 0,344ms
[2020-11-04T21:41:47.356+0300][21,286s][info][gc] GC(147) Concurrent cleanup 432M->197M(512M) 0,139ms
[2020-11-04T21:41:47.404+0300][21,334s][info][gc] Trigger: Average GC time (82,60 ms) is above the time for allocation rate (1669 MB/s) to deplete free headroom (137M)
[2020-11-04T21:41:47.405+0300][21,335s][info][gc] GC(148) Concurrent reset 0,688ms
[2020-11-04T21:41:47.405+0300][21,335s][info][gc] GC(148) Pause Init Mark (unload classes) 0,222ms
[2020-11-04T21:41:47.453+0300][21,383s][info][gc] GC(148) Concurrent marking (unload classes) 47,533ms
[2020-11-04T21:41:47.453+0300][21,383s][info][gc] GC(148) Pause Final Mark (unload classes) 0,338ms
[2020-11-04T21:41:47.454+0300][21,384s][info][gc] GC(148) Concurrent weak roots 0,441ms
[2020-11-04T21:41:47.454+0300][21,384s][info][gc] GC(148) Concurrent cleanup 347M->347M(512M) 0,034ms
[2020-11-04T21:41:47.455+0300][21,385s][info][gc] GC(148) Concurrent class unloading 0,929ms
[2020-11-04T21:41:47.455+0300][21,385s][info][gc] GC(148) Concurrent strong roots 0,061ms
[2020-11-04T21:41:47.462+0300][21,392s][info][gc] GC(148) Concurrent evacuation 7,006ms
[2020-11-04T21:41:47.462+0300][21,392s][info][gc] GC(148) Pause Init Update Refs 0,011ms
[2020-11-04T21:41:47.490+0300][21,420s][info][gc] GC(148) Concurrent update references 28,018ms
[2020-11-04T21:41:47.491+0300][21,421s][info][gc] GC(148) Pause Final Update Refs 0,334ms
[2020-11-04T21:41:47.491+0300][21,421s][info][gc] GC(148) Concurrent cleanup 425M->205M(512M) 0,080ms
[2020-11-04T21:41:47.536+0300][21,465s][info][gc] Trigger: Average GC time (85,66 ms) is above the time for allocation rate (1628 MB/s) to deplete free headroom (136M)
[2020-11-04T21:41:47.536+0300][21,466s][info][gc] GC(149) Concurrent reset 0,642ms
[2020-11-04T21:41:47.537+0300][21,467s][info][gc] GC(149) Pause Init Mark (unload classes) 0,261ms
[2020-11-04T21:41:47.585+0300][21,515s][info][gc] GC(149) Concurrent marking (unload classes) 48,463ms
[2020-11-04T21:41:47.586+0300][21,516s][info][gc] GC(149) Pause Final Mark (unload classes) 0,814ms
[2020-11-04T21:41:47.587+0300][21,517s][info][gc] GC(149) Concurrent weak roots 0,405ms
[2020-11-04T21:41:47.587+0300][21,517s][info][gc] GC(149) Concurrent cleanup 347M->347M(512M) 0,036ms
[2020-11-04T21:41:47.588+0300][21,518s][info][gc] GC(149) Concurrent class unloading 0,865ms
[2020-11-04T21:41:47.588+0300][21,518s][info][gc] GC(149) Concurrent strong roots 0,065ms
[2020-11-04T21:41:47.594+0300][21,524s][info][gc] GC(149) Concurrent evacuation 5,662ms
[2020-11-04T21:41:47.594+0300][21,524s][info][gc] GC(149) Pause Init Update Refs 0,010ms
[2020-11-04T21:41:47.625+0300][21,555s][info][gc] GC(149) Concurrent update references 30,601ms
[2020-11-04T21:41:47.625+0300][21,555s][info][gc] GC(149) Pause Final Update Refs 0,364ms
[2020-11-04T21:41:47.626+0300][21,555s][info][gc] GC(149) Concurrent cleanup 420M->206M(512M) 0,111ms
[2020-11-04T21:41:47.670+0300][21,600s][info][gc] Trigger: Average GC time (88,80 ms) is above the time for allocation rate (1551 MB/s) to deplete free headroom (135M)
[2020-11-04T21:41:47.671+0300][21,601s][info][gc] GC(150) Concurrent reset 0,613ms
[2020-11-04T21:41:47.671+0300][21,601s][info][gc] GC(150) Pause Init Mark (process weakrefs) (unload classes) 0,260ms
[2020-11-04T21:41:47.723+0300][21,653s][info][gc] GC(150) Concurrent marking (process weakrefs) (unload classes) 51,578ms
[2020-11-04T21:41:47.723+0300][21,653s][info][gc] GC(150) Concurrent precleaning 0,199ms
[2020-11-04T21:41:47.724+0300][21,654s][info][gc] GC(150) Pause Final Mark (process weakrefs) (unload classes) 0,715ms
[2020-11-04T21:41:47.725+0300][21,655s][info][gc] GC(150) Concurrent weak roots 0,430ms
[2020-11-04T21:41:47.725+0300][21,655s][info][gc] GC(150) Concurrent cleanup 348M->348M(512M) 0,034ms
[2020-11-04T21:41:47.726+0300][21,656s][info][gc] GC(150) Concurrent class unloading 0,854ms
[2020-11-04T21:41:47.726+0300][21,656s][info][gc] GC(150) Concurrent strong roots 0,061ms
[2020-11-04T21:41:47.731+0300][21,661s][info][gc] GC(150) Concurrent evacuation 5,562ms
[2020-11-04T21:41:47.732+0300][21,662s][info][gc] GC(150) Pause Init Update Refs 0,010ms
[2020-11-04T21:41:47.763+0300][21,693s][info][gc] GC(150) Concurrent update references 31,024ms
[2020-11-04T21:41:47.763+0300][21,693s][info][gc] GC(150) Pause Final Update Refs 0,259ms
[2020-11-04T21:41:47.764+0300][21,693s][info][gc] GC(150) Concurrent cleanup 424M->216M(512M) 0,113ms
[2020-11-04T21:41:47.806+0300][21,736s][info][gc] Trigger: Average GC time (87,66 ms) is above the time for allocation rate (1519 MB/s) to deplete free headroom (131M)
[2020-11-04T21:41:47.807+0300][21,736s][info][gc] GC(151) Concurrent reset 0,588ms
[2020-11-04T21:41:47.807+0300][21,737s][info][gc] GC(151) Pause Init Mark (unload classes) 0,109ms
[2020-11-04T21:41:47.868+0300][21,798s][info][gc] GC(151) Concurrent marking (unload classes) 60,847ms
[2020-11-04T21:41:47.869+0300][21,799s][info][gc] GC(151) Pause Final Mark (unload classes) 0,518ms
[2020-11-04T21:41:47.869+0300][21,799s][info][gc] GC(151) Concurrent weak roots 0,421ms
[2020-11-04T21:41:47.869+0300][21,799s][info][gc] GC(151) Concurrent cleanup 352M->352M(512M) 0,036ms
[2020-11-04T21:41:47.870+0300][21,800s][info][gc] GC(151) Concurrent class unloading 1,055ms
[2020-11-04T21:41:47.871+0300][21,800s][info][gc] GC(151) Concurrent strong roots 0,115ms
[2020-11-04T21:41:47.877+0300][21,807s][info][gc] GC(151) Concurrent evacuation 6,635ms
[2020-11-04T21:41:47.878+0300][21,807s][info][gc] GC(151) Pause Init Update Refs 0,022ms
[2020-11-04T21:41:47.919+0300][21,849s][info][gc] GC(151) Concurrent update references 41,570ms
[2020-11-04T21:41:47.920+0300][21,850s][info][gc] GC(151) Pause Final Update Refs 0,310ms
[2020-11-04T21:41:47.920+0300][21,850s][info][gc] GC(151) Concurrent cleanup 460M->254M(512M) 0,110ms
[2020-11-04T21:41:47.964+0300][21,893s][info][gc] Trigger: Average GC time (93,75 ms) is above the time for allocation rate (1330 MB/s) to deplete free headroom (122M)
[2020-11-04T21:41:47.964+0300][21,894s][info][gc] GC(152) Concurrent reset 0,605ms
[2020-11-04T21:41:47.965+0300][21,895s][info][gc] GC(152) Pause Init Mark (unload classes) 0,302ms
[2020-11-04T21:41:47.987+0300][21,917s][info][gc] GC(152) Concurrent marking (unload classes) 21,841ms
[2020-11-04T21:41:47.988+0300][21,918s][info][gc] GC(152) Pause Final Mark (unload classes) 0,707ms
[2020-11-04T21:41:47.988+0300][21,918s][info][gc] GC(152) Concurrent weak roots 0,520ms
[2020-11-04T21:41:47.988+0300][21,918s][info][gc] GC(152) Concurrent cleanup 358M->354M(512M) 0,037ms
[2020-11-04T21:41:47.989+0300][21,919s][info][gc] GC(152) Concurrent class unloading 0,950ms
[2020-11-04T21:41:47.990+0300][21,919s][info][gc] GC(152) Concurrent strong roots 0,072ms
[2020-11-04T21:41:47.993+0300][21,923s][info][gc] GC(152) Concurrent evacuation 3,794ms
[2020-11-04T21:41:47.994+0300][21,923s][info][gc] GC(152) Pause Init Update Refs 0,011ms
[2020-11-04T21:41:48.004+0300][21,934s][info][gc] GC(152) Concurrent update references 10,458ms
[2020-11-04T21:41:48.005+0300][21,935s][info][gc] GC(152) Pause Final Update Refs 0,356ms
[2020-11-04T21:41:48.005+0300][21,935s][info][gc] GC(152) Concurrent cleanup 385M->81M(512M) 0,141ms
[2020-11-04T21:41:48.081+0300][22,011s][info][gc] Trigger: Average GC time (85,24 ms) is above the time for allocation rate (2107 MB/s) to deplete free headroom (177M)
[2020-11-04T21:41:48.082+0300][22,012s][info][gc] GC(153) Concurrent reset 0,601ms
[2020-11-04T21:41:48.083+0300][22,012s][info][gc] GC(153) Pause Init Mark (unload classes) 0,205ms
[2020-11-04T21:41:48.102+0300][22,032s][info][gc] GC(153) Concurrent marking (unload classes) 19,193ms
[2020-11-04T21:41:48.103+0300][22,033s][info][gc] GC(153) Pause Final Mark (unload classes) 0,600ms
[2020-11-04T21:41:48.103+0300][22,033s][info][gc] GC(153) Concurrent weak roots 0,519ms
[2020-11-04T21:41:48.103+0300][22,033s][info][gc] GC(153) Concurrent cleanup 310M->310M(512M) 0,027ms
[2020-11-04T21:41:48.104+0300][22,034s][info][gc] GC(153) Concurrent class unloading 0,721ms
[2020-11-04T21:41:48.104+0300][22,034s][info][gc] GC(153) Concurrent strong roots 0,042ms
[2020-11-04T21:41:48.112+0300][22,042s][info][gc] GC(153) Concurrent evacuation 7,801ms
[2020-11-04T21:41:48.112+0300][22,042s][info][gc] GC(153) Pause Init Update Refs 0,011ms
[2020-11-04T21:41:48.131+0300][22,061s][info][gc] GC(153) Concurrent update references 19,033ms
[2020-11-04T21:41:48.132+0300][22,062s][info][gc] GC(153) Pause Final Update Refs 0,154ms
[2020-11-04T21:41:48.132+0300][22,062s][info][gc] GC(153) Concurrent cleanup 365M->116M(512M) 0,087ms
[2020-11-04T21:41:48.200+0300][22,130s][info][gc] Trigger: Average GC time (77,94 ms) is above the time for allocation rate (2138 MB/s) to deplete free headroom (165M)
[2020-11-04T21:41:48.200+0300][22,130s][info][gc] GC(154) Concurrent reset 0,608ms
[2020-11-04T21:41:48.201+0300][22,131s][info][gc] GC(154) Pause Init Mark (unload classes) 0,216ms
[2020-11-04T21:41:48.226+0300][22,156s][info][gc] GC(154) Concurrent marking (unload classes) 25,038ms
[2020-11-04T21:41:48.227+0300][22,157s][info][gc] GC(154) Pause Final Mark (unload classes) 0,637ms
[2020-11-04T21:41:48.227+0300][22,157s][info][gc] GC(154) Concurrent weak roots 0,436ms
[2020-11-04T21:41:48.227+0300][22,157s][info][gc] GC(154) Concurrent cleanup 323M->323M(512M) 0,033ms
[2020-11-04T21:41:48.228+0300][22,158s][info][gc] GC(154) Concurrent class unloading 0,752ms
[2020-11-04T21:41:48.228+0300][22,158s][info][gc] GC(154) Concurrent strong roots 0,143ms
[2020-11-04T21:41:48.237+0300][22,166s][info][gc] GC(154) Concurrent evacuation 8,169ms
[2020-11-04T21:41:48.237+0300][22,167s][info][gc] GC(154) Pause Init Update Refs 0,025ms
[2020-11-04T21:41:48.253+0300][22,182s][info][gc] GC(154) Concurrent update references 15,664ms
[2020-11-04T21:41:48.253+0300][22,183s][info][gc] GC(154) Pause Final Update Refs 0,248ms
[2020-11-04T21:41:48.253+0300][22,183s][info][gc] GC(154) Concurrent cleanup 380M->127M(512M) 0,100ms
[2020-11-04T21:41:48.323+0300][22,253s][info][gc] Trigger: Average GC time (70,65 ms) is above the time for allocation rate (2124 MB/s) to deplete free headroom (148M)
[2020-11-04T21:41:48.324+0300][22,254s][info][gc] GC(155) Concurrent reset 0,592ms
[2020-11-04T21:41:48.324+0300][22,254s][info][gc] GC(155) Pause Init Mark (process weakrefs) (unload classes) 0,128ms
[2020-11-04T21:41:48.350+0300][22,280s][info][gc] GC(155) Concurrent marking (process weakrefs) (unload classes) 25,731ms
[2020-11-04T21:41:48.350+0300][22,280s][info][gc] GC(155) Concurrent precleaning 0,225ms
[2020-11-04T21:41:48.351+0300][22,281s][info][gc] GC(155) Pause Final Mark (process weakrefs) (unload classes) 0,566ms
[2020-11-04T21:41:48.352+0300][22,282s][info][gc] GC(155) Concurrent weak roots 0,413ms
[2020-11-04T21:41:48.352+0300][22,282s][info][gc] GC(155) Concurrent cleanup 337M->337M(512M) 0,047ms
[2020-11-04T21:41:48.353+0300][22,283s][info][gc] GC(155) Concurrent class unloading 0,969ms
[2020-11-04T21:41:48.353+0300][22,283s][info][gc] GC(155) Concurrent strong roots 0,075ms
[2020-11-04T21:41:48.359+0300][22,289s][info][gc] GC(155) Concurrent evacuation 6,279ms
[2020-11-04T21:41:48.360+0300][22,289s][info][gc] GC(155) Pause Init Update Refs 0,016ms
[2020-11-04T21:41:48.377+0300][22,307s][info][gc] GC(155) Concurrent update references 17,318ms
[2020-11-04T21:41:48.378+0300][22,307s][info][gc] GC(155) Pause Final Update Refs 0,239ms
[2020-11-04T21:41:48.378+0300][22,308s][info][gc] GC(155) Concurrent cleanup 392M->130M(512M) 0,088ms
[2020-11-04T21:41:48.454+0300][22,384s][info][gc] Trigger: Average GC time (62,85 ms) is above the time for allocation rate (2095 MB/s) to deplete free headroom (129M)
[2020-11-04T21:41:48.455+0300][22,384s][info][gc] GC(156) Concurrent reset 0,649ms
[2020-11-04T21:41:48.455+0300][22,385s][info][gc] GC(156) Pause Init Mark (unload classes) 0,279ms
[2020-11-04T21:41:48.486+0300][22,415s][info][gc] GC(156) Concurrent marking (unload classes) 30,353ms
[2020-11-04T21:41:48.486+0300][22,416s][info][gc] GC(156) Pause Final Mark (unload classes) 0,511ms
[2020-11-04T21:41:48.487+0300][22,417s][info][gc] GC(156) Concurrent weak roots 0,415ms
[2020-11-04T21:41:48.487+0300][22,417s][info][gc] GC(156) Concurrent cleanup 356M->356M(512M) 0,036ms
[2020-11-04T21:41:48.488+0300][22,418s][info][gc] GC(156) Concurrent class unloading 1,000ms
[2020-11-04T21:41:48.488+0300][22,418s][info][gc] GC(156) Concurrent strong roots 0,099ms
[2020-11-04T21:41:48.496+0300][22,426s][info][gc] GC(156) Concurrent evacuation 8,326ms
[2020-11-04T21:41:48.497+0300][22,427s][info][gc] GC(156) Pause Init Update Refs 0,022ms
[2020-11-04T21:41:48.521+0300][22,451s][info][gc] GC(156) Concurrent update references 24,415ms
[2020-11-04T21:41:48.522+0300][22,452s][info][gc] GC(156) Pause Final Update Refs 0,168ms
[2020-11-04T21:41:48.522+0300][22,452s][info][gc] GC(156) Concurrent cleanup 424M->150M(512M) 0,129ms
[2020-11-04T21:41:48.599+0300][22,529s][info][gc] Trigger: Average GC time (53,65 ms) is above the time for allocation rate (1999 MB/s) to deplete free headroom (104M)
[2020-11-04T21:41:48.600+0300][22,530s][info][gc] GC(157) Concurrent reset 0,628ms
[2020-11-04T21:41:48.601+0300][22,530s][info][gc] GC(157) Pause Init Mark (unload classes) 0,318ms
[2020-11-04T21:41:48.634+0300][22,563s][info][gc] GC(157) Concurrent marking (unload classes) 32,880ms
[2020-11-04T21:41:48.635+0300][22,564s][info][gc] GC(157) Pause Final Mark (unload classes) 0,755ms
[2020-11-04T21:41:48.635+0300][22,565s][info][gc] GC(157) Concurrent weak roots 0,490ms
[2020-11-04T21:41:48.635+0300][22,565s][info][gc] GC(157) Concurrent cleanup 378M->378M(512M) 0,066ms
[2020-11-04T21:41:48.636+0300][22,566s][info][gc] GC(157) Concurrent class unloading 0,928ms
[2020-11-04T21:41:48.636+0300][22,566s][info][gc] GC(157) Concurrent strong roots 0,070ms
[2020-11-04T21:41:48.646+0300][22,576s][info][gc] GC(157) Concurrent evacuation 9,302ms
[2020-11-04T21:41:48.646+0300][22,576s][info][gc] GC(157) Pause Init Update Refs 0,028ms
[2020-11-04T21:41:48.670+0300][22,599s][info][gc] GC(157) Concurrent update references 23,450ms
[2020-11-04T21:41:48.670+0300][22,600s][info][gc] GC(157) Pause Final Update Refs 0,255ms
[2020-11-04T21:41:48.670+0300][22,600s][info][gc] GC(157) Concurrent cleanup 437M->146M(512M) 0,127ms
[2020-11-04T21:41:48.747+0300][22,677s][info][gc] Trigger: Average GC time (59,54 ms) is above the time for allocation rate (1872 MB/s) to deplete free headroom (111M)
[2020-11-04T21:41:48.747+0300][22,677s][info][gc] GC(158) Concurrent reset 0,640ms
[2020-11-04T21:41:48.748+0300][22,678s][info][gc] GC(158) Pause Init Mark (unload classes) 0,285ms
[2020-11-04T21:41:48.808+0300][22,738s][info][gc] GC(158) Concurrent marking (unload classes) 60,382ms
[2020-11-04T21:41:48.809+0300][22,739s][info][gc] GC(158) Pause Final Mark (unload classes) 0,699ms
[2020-11-04T21:41:48.810+0300][22,740s][info][gc] GC(158) Concurrent weak roots 0,485ms
[2020-11-04T21:41:48.810+0300][22,740s][info][gc] GC(158) Concurrent cleanup 373M->373M(512M) 0,034ms
[2020-11-04T21:41:48.811+0300][22,741s][info][gc] GC(158) Concurrent class unloading 0,998ms
[2020-11-04T21:41:48.811+0300][22,741s][info][gc] GC(158) Concurrent strong roots 0,091ms
[2020-11-04T21:41:48.820+0300][22,750s][info][gc] GC(158) Concurrent evacuation 8,725ms
[2020-11-04T21:41:48.820+0300][22,750s][info][gc] GC(158) Pause Init Update Refs 0,022ms
[2020-11-04T21:41:48.846+0300][22,775s][info][gc] GC(158) Concurrent update references 25,143ms
[2020-11-04T21:41:48.846+0300][22,776s][info][gc] GC(158) Pause Final Update Refs 0,172ms
[2020-11-04T21:41:48.846+0300][22,776s][info][gc] GC(158) Concurrent cleanup 432M->157M(512M) 0,149ms
[2020-11-04T21:41:48.921+0300][22,850s][info][gc] Trigger: Average GC time (69,35 ms) is above the time for allocation rate (1567 MB/s) to deplete free headroom (106M)
[2020-11-04T21:41:48.921+0300][22,851s][info][gc] GC(159) Concurrent reset 0,648ms
[2020-11-04T21:41:48.922+0300][22,851s][info][gc] GC(159) Pause Init Mark (unload classes) 0,111ms
[2020-11-04T21:41:48.961+0300][22,891s][info][gc] GC(159) Concurrent marking (unload classes) 39,129ms
[2020-11-04T21:41:48.962+0300][22,892s][info][gc] GC(159) Pause Final Mark (unload classes) 0,778ms
[2020-11-04T21:41:48.962+0300][22,892s][info][gc] GC(159) Concurrent weak roots 0,392ms
[2020-11-04T21:41:48.962+0300][22,892s][info][gc] GC(159) Concurrent cleanup 374M->374M(512M) 0,037ms
[2020-11-04T21:41:48.963+0300][22,893s][info][gc] GC(159) Concurrent class unloading 0,912ms
[2020-11-04T21:41:48.964+0300][22,893s][info][gc] GC(159) Concurrent strong roots 0,101ms
[2020-11-04T21:41:48.970+0300][22,900s][info][gc] GC(159) Concurrent evacuation 6,611ms
[2020-11-04T21:41:48.971+0300][22,900s][info][gc] GC(159) Pause Init Update Refs 0,021ms
[2020-11-04T21:41:49.004+0300][22,934s][info][gc] GC(159) Concurrent update references 33,514ms
[2020-11-04T21:41:49.005+0300][22,935s][info][gc] GC(159) Pause Final Update Refs 0,370ms
[2020-11-04T21:41:49.005+0300][22,935s][info][gc] GC(159) Concurrent cleanup 465M->193M(512M) 0,125ms
[2020-11-04T21:41:49.056+0300][22,986s][info][gc] Trigger: Average GC time (75,55 ms) is above the time for allocation rate (1763 MB/s) to deplete free headroom (132M)
[2020-11-04T21:41:49.057+0300][22,986s][info][gc] GC(160) Concurrent reset 0,630ms
[2020-11-04T21:41:49.057+0300][22,987s][info][gc] GC(160) Pause Init Mark (process weakrefs) (unload classes) 0,232ms
[2020-11-04T21:41:49.097+0300][23,027s][info][gc] GC(160) Concurrent marking (process weakrefs) (unload classes) 39,865ms
[2020-11-04T21:41:49.097+0300][23,027s][info][gc] GC(160) Concurrent precleaning 0,177ms
[2020-11-04T21:41:49.098+0300][23,028s][info][gc] GC(160) Pause Final Mark (process weakrefs) (unload classes) 0,634ms
[2020-11-04T21:41:49.099+0300][23,029s][info][gc] GC(160) Concurrent weak roots 0,368ms
[2020-11-04T21:41:49.099+0300][23,029s][info][gc] GC(160) Concurrent cleanup 352M->352M(512M) 0,038ms
[2020-11-04T21:41:49.100+0300][23,029s][info][gc] GC(160) Concurrent class unloading 0,853ms
[2020-11-04T21:41:49.100+0300][23,030s][info][gc] GC(160) Concurrent strong roots 0,110ms
[2020-11-04T21:41:49.106+0300][23,035s][info][gc] GC(160) Concurrent evacuation 5,773ms
[2020-11-04T21:41:49.106+0300][23,036s][info][gc] GC(160) Pause Init Update Refs 0,016ms
[2020-11-04T21:41:49.134+0300][23,064s][info][gc] GC(160) Concurrent update references 28,278ms
[2020-11-04T21:41:49.135+0300][23,065s][info][gc] GC(160) Pause Final Update Refs 0,169ms
[2020-11-04T21:41:49.135+0300][23,065s][info][gc] GC(160) Concurrent cleanup 406M->168M(512M) 0,121ms
[2020-11-04T21:41:49.195+0300][23,125s][info][gc] Trigger: Average GC time (80,48 ms) is above the time for allocation rate (1661 MB/s) to deplete free headroom (132M)
[2020-11-04T21:41:49.196+0300][23,126s][info][gc] GC(161) Concurrent reset 0,578ms
[2020-11-04T21:41:49.197+0300][23,126s][info][gc] GC(161) Pause Init Mark (unload classes) 0,123ms
[2020-11-04T21:41:49.241+0300][23,171s][info][gc] GC(161) Concurrent marking (unload classes) 44,817ms
[2020-11-04T21:41:49.242+0300][23,172s][info][gc] GC(161) Pause Final Mark (unload classes) 0,414ms
[2020-11-04T21:41:49.242+0300][23,172s][info][gc] GC(161) Concurrent weak roots 0,329ms
[2020-11-04T21:41:49.243+0300][23,172s][info][gc] GC(161) Concurrent cleanup 351M->351M(512M) 0,049ms
[2020-11-04T21:41:49.244+0300][23,173s][info][gc] GC(161) Concurrent class unloading 0,991ms
[2020-11-04T21:41:49.244+0300][23,173s][info][gc] GC(161) Concurrent strong roots 0,091ms
[2020-11-04T21:41:49.250+0300][23,180s][info][gc] GC(161) Concurrent evacuation 6,119ms
[2020-11-04T21:41:49.250+0300][23,180s][info][gc] GC(161) Pause Init Update Refs 0,011ms
[2020-11-04T21:41:49.285+0300][23,215s][info][gc] GC(161) Concurrent update references 34,822ms
[2020-11-04T21:41:49.286+0300][23,215s][info][gc] GC(161) Pause Final Update Refs 0,359ms
[2020-11-04T21:41:49.286+0300][23,216s][info][gc] GC(161) Concurrent cleanup 438M->206M(512M) 0,119ms
[2020-11-04T21:41:49.330+0300][23,260s][info][gc] Trigger: Average GC time (84,93 ms) is above the time for allocation rate (1637 MB/s) to deplete free headroom (136M)
[2020-11-04T21:41:49.331+0300][23,261s][info][gc] GC(162) Concurrent reset 0,645ms
[2020-11-04T21:41:49.332+0300][23,261s][info][gc] GC(162) Pause Init Mark (unload classes) 0,247ms
[2020-11-04T21:41:49.379+0300][23,308s][info][gc] GC(162) Concurrent marking (unload classes) 46,866ms
[2020-11-04T21:41:49.379+0300][23,309s][info][gc] GC(162) Pause Final Mark (unload classes) 0,537ms
[2020-11-04T21:41:49.380+0300][23,310s][info][gc] GC(162) Concurrent weak roots 0,391ms
[2020-11-04T21:41:49.380+0300][23,310s][info][gc] GC(162) Concurrent cleanup 347M->347M(512M) 0,037ms
[2020-11-04T21:41:49.381+0300][23,311s][info][gc] GC(162) Concurrent class unloading 0,938ms
[2020-11-04T21:41:49.381+0300][23,311s][info][gc] GC(162) Concurrent strong roots 0,137ms
[2020-11-04T21:41:49.387+0300][23,317s][info][gc] GC(162) Concurrent evacuation 6,034ms
[2020-11-04T21:41:49.387+0300][23,317s][info][gc] GC(162) Pause Init Update Refs 0,016ms
[2020-11-04T21:41:49.419+0300][23,349s][info][gc] GC(162) Concurrent update references 31,734ms
[2020-11-04T21:41:49.420+0300][23,350s][info][gc] GC(162) Pause Final Update Refs 0,160ms
[2020-11-04T21:41:49.420+0300][23,350s][info][gc] GC(162) Concurrent cleanup 406M->185M(512M) 0,078ms
[2020-11-04T21:41:49.480+0300][23,410s][info][gc] Trigger: Average GC time (88,61 ms) is above the time for allocation rate (1483 MB/s) to deplete free headroom (128M)
[2020-11-04T21:41:49.481+0300][23,411s][info][gc] GC(163) Concurrent reset 0,576ms
[2020-11-04T21:41:49.481+0300][23,411s][info][gc] GC(163) Pause Init Mark (unload classes) 0,096ms
[2020-11-04T21:41:49.559+0300][23,489s][info][gc] GC(163) Concurrent marking (unload classes) 77,483ms
[2020-11-04T21:41:49.560+0300][23,490s][info][gc] GC(163) Pause Final Mark (unload classes) 0,497ms
[2020-11-04T21:41:49.560+0300][23,490s][info][gc] GC(163) Concurrent weak roots 0,447ms
[2020-11-04T21:41:49.560+0300][23,490s][info][gc] GC(163) Concurrent cleanup 356M->356M(512M) 0,053ms
[2020-11-04T21:41:49.561+0300][23,491s][info][gc] GC(163) Concurrent class unloading 0,771ms
[2020-11-04T21:41:49.561+0300][23,491s][info][gc] GC(163) Concurrent strong roots 0,061ms
[2020-11-04T21:41:49.568+0300][23,498s][info][gc] GC(163) Concurrent evacuation 6,791ms
[2020-11-04T21:41:49.568+0300][23,498s][info][gc] GC(163) Pause Init Update Refs 0,015ms
[2020-11-04T21:41:49.597+0300][23,527s][info][gc] GC(163) Concurrent update references 28,848ms
[2020-11-04T21:41:49.598+0300][23,527s][info][gc] GC(163) Pause Final Update Refs 0,172ms
[2020-11-04T21:41:49.598+0300][23,528s][info][gc] GC(163) Concurrent cleanup 429M->207M(512M) 0,120ms
[2020-11-04T21:41:49.648+0300][23,578s][info][gc] Trigger: Average GC time (92,18 ms) is above the time for allocation rate (1335 MB/s) to deplete free headroom (121M)
[2020-11-04T21:41:49.648+0300][23,578s][info][gc] GC(164) Concurrent reset 0,621ms
[2020-11-04T21:41:49.649+0300][23,579s][info][gc] GC(164) Pause Init Mark (unload classes) 0,154ms
[2020-11-04T21:41:49.701+0300][23,631s][info][gc] GC(164) Concurrent marking (unload classes) 51,871ms
[2020-11-04T21:41:49.701+0300][23,631s][info][gc] GC(164) Pause Final Mark (unload classes) 0,484ms
[2020-11-04T21:41:49.702+0300][23,632s][info][gc] GC(164) Concurrent weak roots 0,352ms
[2020-11-04T21:41:49.702+0300][23,632s][info][gc] GC(164) Concurrent cleanup 360M->360M(512M) 0,038ms
[2020-11-04T21:41:49.703+0300][23,633s][info][gc] GC(164) Concurrent class unloading 1,085ms
[2020-11-04T21:41:49.703+0300][23,633s][info][gc] GC(164) Concurrent strong roots 0,060ms
[2020-11-04T21:41:49.709+0300][23,638s][info][gc] GC(164) Concurrent evacuation 5,443ms
[2020-11-04T21:41:49.709+0300][23,639s][info][gc] GC(164) Pause Init Update Refs 0,029ms
[2020-11-04T21:41:49.743+0300][23,673s][info][gc] GC(164) Concurrent update references 33,868ms
[2020-11-04T21:41:49.743+0300][23,673s][info][gc] GC(164) Pause Final Update Refs 0,178ms
[2020-11-04T21:41:49.744+0300][23,673s][info][gc] GC(164) Concurrent cleanup 422M->198M(512M) 0,109ms
[2020-11-04T21:41:49.792+0300][23,722s][info][gc] Trigger: Average GC time (94,45 ms) is above the time for allocation rate (1418 MB/s) to deplete free headroom (132M)
[2020-11-04T21:41:49.793+0300][23,723s][info][gc] GC(165) Concurrent reset 0,648ms
[2020-11-04T21:41:49.793+0300][23,723s][info][gc] GC(165) Pause Init Mark (process weakrefs) (unload classes) 0,118ms
[2020-11-04T21:41:49.845+0300][23,775s][info][gc] GC(165) Concurrent marking (process weakrefs) (unload classes) 51,677ms
[2020-11-04T21:41:49.845+0300][23,775s][info][gc] GC(165) Concurrent precleaning 0,171ms
[2020-11-04T21:41:49.846+0300][23,776s][info][gc] GC(165) Pause Final Mark (process weakrefs) (unload classes) 0,415ms
[2020-11-04T21:41:49.847+0300][23,776s][info][gc] GC(165) Concurrent weak roots 0,400ms
[2020-11-04T21:41:49.847+0300][23,776s][info][gc] GC(165) Concurrent cleanup 350M->350M(512M) 0,033ms
[2020-11-04T21:41:49.848+0300][23,778s][info][gc] GC(165) Concurrent class unloading 1,065ms
[2020-11-04T21:41:49.848+0300][23,778s][info][gc] GC(165) Concurrent strong roots 0,123ms
[2020-11-04T21:41:49.853+0300][23,783s][info][gc] GC(165) Concurrent evacuation 4,913ms
[2020-11-04T21:41:49.853+0300][23,783s][info][gc] GC(165) Pause Init Update Refs 0,014ms
[2020-11-04T21:41:49.890+0300][23,820s][info][gc] GC(165) Concurrent update references 37,155ms
[2020-11-04T21:41:49.891+0300][23,821s][info][gc] GC(165) Pause Final Update Refs 0,135ms
[2020-11-04T21:41:49.891+0300][23,821s][info][gc] GC(165) Concurrent cleanup 410M->205M(512M) 0,104ms
[2020-11-04T21:41:49.937+0300][23,866s][info][gc] Trigger: Average GC time (98,36 ms) is above the time for allocation rate (1368 MB/s) to deplete free headroom (134M)
[2020-11-04T21:41:49.937+0300][23,867s][info][gc] GC(166) Concurrent reset 0,528ms
[2020-11-04T21:41:49.938+0300][23,867s][info][gc] GC(166) Pause Init Mark (unload classes) 0,098ms
[2020-11-04T21:41:49.992+0300][23,922s][info][gc] GC(166) Concurrent marking (unload classes) 54,802ms
[2020-11-04T21:41:49.993+0300][23,923s][info][gc] GC(166) Pause Final Mark (unload classes) 0,481ms
[2020-11-04T21:41:49.994+0300][23,924s][info][gc] GC(166) Concurrent weak roots 0,454ms
[2020-11-04T21:41:49.994+0300][23,924s][info][gc] GC(166) Concurrent cleanup 348M->348M(512M) 0,034ms
[2020-11-04T21:41:49.995+0300][23,925s][info][gc] GC(166) Concurrent class unloading 0,909ms
[2020-11-04T21:41:49.995+0300][23,925s][info][gc] GC(166) Concurrent strong roots 0,113ms
[2020-11-04T21:41:50.000+0300][23,930s][info][gc] GC(166) Concurrent evacuation 5,215ms
[2020-11-04T21:41:50.000+0300][23,930s][info][gc] GC(166) Pause Init Update Refs 0,028ms
[2020-11-04T21:41:50.033+0300][23,962s][info][gc] GC(166) Concurrent update references 32,077ms
[2020-11-04T21:41:50.033+0300][23,963s][info][gc] GC(166) Pause Final Update Refs 0,168ms
[2020-11-04T21:41:50.033+0300][23,963s][info][gc] GC(166) Concurrent cleanup 428M->231M(512M) 0,106ms
[2020-11-04T21:41:50.071+0300][24,001s][info][gc] Trigger: Average GC time (99,60 ms) is above the time for allocation rate (1396 MB/s) to deplete free headroom (137M)
[2020-11-04T21:41:50.072+0300][24,002s][info][gc] GC(167) Concurrent reset 0,567ms
[2020-11-04T21:41:50.072+0300][24,002s][info][gc] GC(167) Pause Init Mark (unload classes) 0,142ms
[2020-11-04T21:41:50.096+0300][24,026s][info][gc] GC(167) Concurrent marking (unload classes) 23,536ms
[2020-11-04T21:41:50.097+0300][24,026s][info][gc] GC(167) Pause Final Mark (unload classes) 0,419ms
[2020-11-04T21:41:50.097+0300][24,027s][info][gc] GC(167) Concurrent weak roots 0,409ms
[2020-11-04T21:41:50.097+0300][24,027s][info][gc] GC(167) Concurrent cleanup 344M->341M(512M) 0,037ms
[2020-11-04T21:41:50.098+0300][24,028s][info][gc] GC(167) Concurrent class unloading 0,863ms
[2020-11-04T21:41:50.098+0300][24,028s][info][gc] GC(167) Concurrent strong roots 0,060ms
[2020-11-04T21:41:50.104+0300][24,034s][info][gc] GC(167) Concurrent evacuation 5,649ms
[2020-11-04T21:41:50.104+0300][24,034s][info][gc] GC(167) Pause Init Update Refs 0,016ms
[2020-11-04T21:41:50.119+0300][24,049s][info][gc] GC(167) Concurrent update references 15,251ms
[2020-11-04T21:41:50.120+0300][24,050s][info][gc] GC(167) Pause Final Update Refs 0,173ms
[2020-11-04T21:41:50.120+0300][24,050s][info][gc] GC(167) Concurrent cleanup 374M->87M(512M) 0,134ms
[2020-11-04T21:41:50.193+0300][24,123s][info][gc] Trigger: Average GC time (91,48 ms) is above the time for allocation rate (1971 MB/s) to deplete free headroom (179M)
[2020-11-04T21:41:50.194+0300][24,124s][info][gc] GC(168) Concurrent reset 0,527ms
[2020-11-04T21:41:50.194+0300][24,124s][info][gc] GC(168) Pause Init Mark (unload classes) 0,130ms
[2020-11-04T21:41:50.218+0300][24,148s][info][gc] GC(168) Concurrent marking (unload classes) 23,594ms
[2020-11-04T21:41:50.219+0300][24,149s][info][gc] GC(168) Pause Final Mark (unload classes) 0,418ms
[2020-11-04T21:41:50.219+0300][24,149s][info][gc] GC(168) Concurrent weak roots 0,325ms
[2020-11-04T21:41:50.219+0300][24,149s][info][gc] GC(168) Concurrent cleanup 308M->308M(512M) 0,032ms
[2020-11-04T21:41:50.220+0300][24,150s][info][gc] GC(168) Concurrent class unloading 0,833ms
[2020-11-04T21:41:50.220+0300][24,150s][info][gc] GC(168) Concurrent strong roots 0,080ms
[2020-11-04T21:41:50.226+0300][24,156s][info][gc] GC(168) Concurrent evacuation 5,782ms
[2020-11-04T21:41:50.226+0300][24,156s][info][gc] GC(168) Pause Init Update Refs 0,029ms
[2020-11-04T21:41:50.241+0300][24,171s][info][gc] GC(168) Concurrent update references 14,649ms
[2020-11-04T21:41:50.241+0300][24,171s][info][gc] GC(168) Pause Final Update Refs 0,168ms
[2020-11-04T21:41:50.242+0300][24,172s][info][gc] GC(168) Concurrent cleanup 358M->118M(512M) 0,146ms
[2020-11-04T21:41:50.316+0300][24,246s][info][gc] Trigger: Average GC time (77,65 ms) is above the time for allocation rate (2067 MB/s) to deplete free headroom (159M)
[2020-11-04T21:41:50.317+0300][24,246s][info][gc] GC(169) Concurrent reset 0,602ms
[2020-11-04T21:41:50.317+0300][24,247s][info][gc] GC(169) Pause Init Mark (unload classes) 0,139ms
[2020-11-04T21:41:50.344+0300][24,274s][info][gc] GC(169) Concurrent marking (unload classes) 26,788ms
[2020-11-04T21:41:50.345+0300][24,274s][info][gc] GC(169) Pause Final Mark (unload classes) 0,431ms
[2020-11-04T21:41:50.345+0300][24,275s][info][gc] GC(169) Concurrent weak roots 0,334ms
[2020-11-04T21:41:50.345+0300][24,275s][info][gc] GC(169) Concurrent cleanup 326M->326M(512M) 0,039ms
[2020-11-04T21:41:50.346+0300][24,276s][info][gc] GC(169) Concurrent class unloading 0,846ms
[2020-11-04T21:41:50.346+0300][24,276s][info][gc] GC(169) Concurrent strong roots 0,141ms
[2020-11-04T21:41:50.352+0300][24,282s][info][gc] GC(169) Concurrent evacuation 6,142ms
[2020-11-04T21:41:50.353+0300][24,282s][info][gc] GC(169) Pause Init Update Refs 0,016ms
[2020-11-04T21:41:50.372+0300][24,302s][info][gc] GC(169) Concurrent update references 18,986ms
[2020-11-04T21:41:50.372+0300][24,302s][info][gc] GC(169) Pause Final Update Refs 0,209ms
[2020-11-04T21:41:50.373+0300][24,302s][info][gc] GC(169) Concurrent cleanup 371M->117M(512M) 0,149ms
[2020-11-04T21:41:50.450+0300][24,380s][info][gc] Trigger: Average GC time (69,80 ms) is above the time for allocation rate (2001 MB/s) to deplete free headroom (137M)
[2020-11-04T21:41:50.450+0300][24,380s][info][gc] GC(170) Concurrent reset 0,524ms
[2020-11-04T21:41:50.451+0300][24,381s][info][gc] GC(170) Pause Init Mark (process weakrefs) (unload classes) 0,190ms
[2020-11-04T21:41:50.480+0300][24,410s][info][gc] GC(170) Concurrent marking (process weakrefs) (unload classes) 29,085ms
[2020-11-04T21:41:50.480+0300][24,410s][info][gc] GC(170) Concurrent precleaning 0,200ms
[2020-11-04T21:41:50.481+0300][24,411s][info][gc] GC(170) Pause Final Mark (process weakrefs) (unload classes) 0,441ms
[2020-11-04T21:41:50.482+0300][24,412s][info][gc] GC(170) Concurrent weak roots 0,437ms
[2020-11-04T21:41:50.482+0300][24,412s][info][gc] GC(170) Concurrent cleanup 347M->347M(512M) 0,031ms
[2020-11-04T21:41:50.483+0300][24,412s][info][gc] GC(170) Concurrent class unloading 0,887ms
[2020-11-04T21:41:50.483+0300][24,413s][info][gc] GC(170) Concurrent strong roots 0,115ms
[2020-11-04T21:41:50.490+0300][24,420s][info][gc] GC(170) Concurrent evacuation 7,076ms
[2020-11-04T21:41:50.490+0300][24,420s][info][gc] GC(170) Pause Init Update Refs 0,025ms
[2020-11-04T21:41:50.510+0300][24,440s][info][gc] GC(170) Concurrent update references 20,017ms
[2020-11-04T21:41:50.511+0300][24,441s][info][gc] GC(170) Pause Final Update Refs 0,162ms
[2020-11-04T21:41:50.511+0300][24,441s][info][gc] GC(170) Concurrent cleanup 392M->124M(512M) 0,128ms
[2020-11-04T21:41:50.593+0300][24,522s][info][gc] Trigger: Average GC time (62,29 ms) is above the time for allocation rate (1949 MB/s) to deplete free headroom (119M)
[2020-11-04T21:41:50.593+0300][24,523s][info][gc] GC(171) Concurrent reset 0,517ms
[2020-11-04T21:41:50.594+0300][24,523s][info][gc] GC(171) Pause Init Mark (unload classes) 0,130ms
[2020-11-04T21:41:50.627+0300][24,557s][info][gc] GC(171) Concurrent marking (unload classes) 33,502ms
[2020-11-04T21:41:50.628+0300][24,558s][info][gc] GC(171) Pause Final Mark (unload classes) 0,419ms
[2020-11-04T21:41:50.628+0300][24,558s][info][gc] GC(171) Concurrent weak roots 0,394ms
[2020-11-04T21:41:50.628+0300][24,558s][info][gc] GC(171) Concurrent cleanup 363M->363M(512M) 0,033ms
[2020-11-04T21:41:50.629+0300][24,559s][info][gc] GC(171) Concurrent class unloading 0,747ms
[2020-11-04T21:41:50.629+0300][24,559s][info][gc] GC(171) Concurrent strong roots 0,080ms
[2020-11-04T21:41:50.637+0300][24,566s][info][gc] GC(171) Concurrent evacuation 7,424ms
[2020-11-04T21:41:50.637+0300][24,567s][info][gc] GC(171) Pause Init Update Refs 0,014ms
[2020-11-04T21:41:50.665+0300][24,595s][info][gc] GC(171) Concurrent update references 28,312ms
[2020-11-04T21:41:50.666+0300][24,596s][info][gc] GC(171) Pause Final Update Refs 0,148ms
[2020-11-04T21:41:50.666+0300][24,596s][info][gc] GC(171) Concurrent cleanup 441M->163M(512M) 0,098ms
[2020-11-04T21:41:50.737+0300][24,667s][info][gc] Trigger: Average GC time (57,66 ms) is above the time for allocation rate (1941 MB/s) to deplete free headroom (109M)
[2020-11-04T21:41:50.738+0300][24,667s][info][gc] GC(172) Concurrent reset 0,566ms
[2020-11-04T21:41:50.738+0300][24,668s][info][gc] GC(172) Pause Init Mark (unload classes) 0,137ms
[2020-11-04T21:41:50.772+0300][24,702s][info][gc] GC(172) Concurrent marking (unload classes) 33,689ms
[2020-11-04T21:41:50.772+0300][24,702s][info][gc] GC(172) Pause Final Mark (unload classes) 0,362ms
[2020-11-04T21:41:50.773+0300][24,703s][info][gc] GC(172) Concurrent weak roots 0,414ms
[2020-11-04T21:41:50.773+0300][24,703s][info][gc] GC(172) Concurrent cleanup 374M->374M(512M) 0,035ms
[2020-11-04T21:41:50.774+0300][24,704s][info][gc] GC(172) Concurrent class unloading 0,800ms
[2020-11-04T21:41:50.774+0300][24,704s][info][gc] GC(172) Concurrent strong roots 0,062ms
[2020-11-04T21:41:50.782+0300][24,712s][info][gc] GC(172) Concurrent evacuation 8,265ms
[2020-11-04T21:41:50.783+0300][24,712s][info][gc] GC(172) Pause Init Update Refs 0,015ms
[2020-11-04T21:41:50.805+0300][24,735s][info][gc] GC(172) Concurrent update references 22,667ms
[2020-11-04T21:41:50.806+0300][24,736s][info][gc] GC(172) Pause Final Update Refs 0,187ms
[2020-11-04T21:41:50.806+0300][24,736s][info][gc] GC(172) Concurrent cleanup 436M->155M(512M) 0,140ms
[2020-11-04T21:41:50.878+0300][24,808s][info][gc] Trigger: Average GC time (61,69 ms) is above the time for allocation rate (1894 MB/s) to deplete free headroom (114M)
[2020-11-04T21:41:50.879+0300][24,809s][info][gc] GC(173) Concurrent reset 0,618ms
[2020-11-04T21:41:50.879+0300][24,809s][info][gc] GC(173) Pause Init Mark (unload classes) 0,262ms
[2020-11-04T21:41:50.918+0300][24,848s][info][gc] GC(173) Concurrent marking (unload classes) 39,082ms
[2020-11-04T21:41:50.919+0300][24,849s][info][gc] GC(173) Pause Final Mark (unload classes) 0,674ms
[2020-11-04T21:41:50.920+0300][24,850s][info][gc] GC(173) Concurrent weak roots 0,383ms
[2020-11-04T21:41:50.920+0300][24,850s][info][gc] GC(173) Concurrent cleanup 369M->369M(512M) 0,039ms
[2020-11-04T21:41:50.921+0300][24,851s][info][gc] GC(173) Concurrent class unloading 0,971ms
[2020-11-04T21:41:50.921+0300][24,851s][info][gc] GC(173) Concurrent strong roots 0,096ms
[2020-11-04T21:41:50.928+0300][24,858s][info][gc] GC(173) Concurrent evacuation 7,001ms
[2020-11-04T21:41:50.928+0300][24,858s][info][gc] GC(173) Pause Init Update Refs 0,027ms
[2020-11-04T21:41:50.951+0300][24,881s][info][gc] GC(173) Concurrent update references 23,057ms
[2020-11-04T21:41:50.952+0300][24,882s][info][gc] GC(173) Pause Final Update Refs 0,321ms
[2020-11-04T21:41:50.952+0300][24,882s][info][gc] GC(173) Concurrent cleanup 435M->167M(512M) 0,096ms
[2020-11-04T21:41:51.017+0300][24,947s][info][gc] Trigger: Average GC time (66,84 ms) is above the time for allocation rate (1818 MB/s) to deplete free headroom (121M)
[2020-11-04T21:41:51.018+0300][24,947s][info][gc] GC(174) Concurrent reset 0,693ms
[2020-11-04T21:41:51.018+0300][24,948s][info][gc] GC(174) Pause Init Mark (unload classes) 0,299ms
[2020-11-04T21:41:51.058+0300][24,988s][info][gc] GC(174) Concurrent marking (unload classes) 40,213ms
[2020-11-04T21:41:51.059+0300][24,989s][info][gc] GC(174) Pause Final Mark (unload classes) 0,529ms
[2020-11-04T21:41:51.060+0300][24,990s][info][gc] GC(174) Concurrent weak roots 0,457ms
[2020-11-04T21:41:51.060+0300][24,990s][info][gc] GC(174) Concurrent cleanup 362M->362M(512M) 0,034ms
[2020-11-04T21:41:51.061+0300][24,991s][info][gc] GC(174) Concurrent class unloading 0,957ms
[2020-11-04T21:41:51.061+0300][24,991s][info][gc] GC(174) Concurrent strong roots 0,062ms
[2020-11-04T21:41:51.067+0300][24,997s][info][gc] GC(174) Concurrent evacuation 6,132ms
[2020-11-04T21:41:51.067+0300][24,997s][info][gc] GC(174) Pause Init Update Refs 0,014ms
[2020-11-04T21:41:51.092+0300][25,022s][info][gc] GC(174) Concurrent update references 24,523ms
[2020-11-04T21:41:51.092+0300][25,022s][info][gc] GC(174) Pause Final Update Refs 0,361ms
[2020-11-04T21:41:51.093+0300][25,023s][info][gc] GC(174) Concurrent cleanup 432M->179M(512M) 0,119ms
[2020-11-04T21:41:51.152+0300][25,082s][info][gc] Trigger: Average GC time (70,70 ms) is above the time for allocation rate (1793 MB/s) to deplete free headroom (124M)
[2020-11-04T21:41:51.153+0300][25,083s][info][gc] GC(175) Concurrent reset 0,651ms
[2020-11-04T21:41:51.154+0300][25,084s][info][gc] GC(175) Pause Init Mark (process weakrefs) (unload classes) 0,228ms
[2020-11-04T21:41:51.198+0300][25,128s][info][gc] GC(175) Concurrent marking (process weakrefs) (unload classes) 43,651ms
[2020-11-04T21:41:51.198+0300][25,128s][info][gc] GC(175) Concurrent precleaning 0,171ms
[2020-11-04T21:41:51.199+0300][25,129s][info][gc] GC(175) Pause Final Mark (process weakrefs) (unload classes) 0,810ms
[2020-11-04T21:41:51.200+0300][25,129s][info][gc] GC(175) Concurrent weak roots 0,420ms
[2020-11-04T21:41:51.200+0300][25,130s][info][gc] GC(175) Concurrent cleanup 361M->362M(512M) 0,037ms
[2020-11-04T21:41:51.201+0300][25,130s][info][gc] GC(175) Concurrent class unloading 0,820ms
[2020-11-04T21:41:51.201+0300][25,130s][info][gc] GC(175) Concurrent strong roots 0,064ms
[2020-11-04T21:41:51.207+0300][25,137s][info][gc] GC(175) Concurrent evacuation 6,065ms
[2020-11-04T21:41:51.207+0300][25,137s][info][gc] GC(175) Pause Init Update Refs 0,025ms
[2020-11-04T21:41:51.233+0300][25,163s][info][gc] GC(175) Concurrent update references 25,986ms
[2020-11-04T21:41:51.234+0300][25,164s][info][gc] GC(175) Pause Final Update Refs 0,324ms
[2020-11-04T21:41:51.234+0300][25,164s][info][gc] GC(175) Concurrent cleanup 435M->190M(512M) 0,123ms
[2020-11-04T21:41:51.287+0300][25,217s][info][gc] Trigger: Average GC time (74,85 ms) is above the time for allocation rate (1725 MB/s) to deplete free headroom (129M)
[2020-11-04T21:41:51.288+0300][25,217s][info][gc] GC(176) Concurrent reset 0,645ms
[2020-11-04T21:41:51.288+0300][25,218s][info][gc] GC(176) Pause Init Mark (unload classes) 0,239ms
[2020-11-04T21:41:51.332+0300][25,262s][info][gc] GC(176) Concurrent marking (unload classes) 43,940ms
[2020-11-04T21:41:51.333+0300][25,263s][info][gc] GC(176) Pause Final Mark (unload classes) 0,680ms
[2020-11-04T21:41:51.334+0300][25,264s][info][gc] GC(176) Concurrent weak roots 0,454ms
[2020-11-04T21:41:51.334+0300][25,264s][info][gc] GC(176) Concurrent cleanup 355M->355M(512M) 0,046ms
[2020-11-04T21:41:51.335+0300][25,264s][info][gc] GC(176) Concurrent class unloading 0,818ms
[2020-11-04T21:41:51.335+0300][25,265s][info][gc] GC(176) Concurrent strong roots 0,068ms
[2020-11-04T21:41:51.340+0300][25,270s][info][gc] GC(176) Concurrent evacuation 5,691ms
[2020-11-04T21:41:51.341+0300][25,271s][info][gc] GC(176) Pause Init Update Refs 0,024ms
[2020-11-04T21:41:51.368+0300][25,297s][info][gc] GC(176) Concurrent update references 26,820ms
[2020-11-04T21:41:51.368+0300][25,298s][info][gc] GC(176) Pause Final Update Refs 0,253ms
[2020-11-04T21:41:51.368+0300][25,298s][info][gc] GC(176) Concurrent cleanup 429M->199M(512M) 0,124ms
[2020-11-04T21:41:51.418+0300][25,348s][info][gc] Trigger: Average GC time (76,47 ms) is above the time for allocation rate (1704 MB/s) to deplete free headroom (129M)
[2020-11-04T21:41:51.419+0300][25,349s][info][gc] GC(177) Concurrent reset 0,583ms
[2020-11-04T21:41:51.419+0300][25,349s][info][gc] GC(177) Pause Init Mark (unload classes) 0,215ms
[2020-11-04T21:41:51.465+0300][25,395s][info][gc] GC(177) Concurrent marking (unload classes) 45,930ms
[2020-11-04T21:41:51.466+0300][25,396s][info][gc] GC(177) Pause Final Mark (unload classes) 0,499ms
[2020-11-04T21:41:51.467+0300][25,396s][info][gc] GC(177) Concurrent weak roots 0,357ms
[2020-11-04T21:41:51.467+0300][25,397s][info][gc] GC(177) Concurrent cleanup 354M->354M(512M) 0,027ms
[2020-11-04T21:41:51.468+0300][25,397s][info][gc] GC(177) Concurrent class unloading 0,777ms
[2020-11-04T21:41:51.468+0300][25,397s][info][gc] GC(177) Concurrent strong roots 0,086ms
[2020-11-04T21:41:51.473+0300][25,403s][info][gc] GC(177) Concurrent evacuation 5,457ms
[2020-11-04T21:41:51.473+0300][25,403s][info][gc] GC(177) Pause Init Update Refs 0,022ms
[2020-11-04T21:41:51.502+0300][25,432s][info][gc] GC(177) Concurrent update references 28,189ms
[2020-11-04T21:41:51.502+0300][25,432s][info][gc] GC(177) Pause Final Update Refs 0,207ms
[2020-11-04T21:41:51.503+0300][25,432s][info][gc] GC(177) Concurrent cleanup 432M->208M(512M) 0,126ms
[2020-11-04T21:41:51.549+0300][25,479s][info][gc] Trigger: Average GC time (79,51 ms) is above the time for allocation rate (1660 MB/s) to deplete free headroom (128M)
[2020-11-04T21:41:51.550+0300][25,480s][info][gc] GC(178) Concurrent reset 0,591ms
[2020-11-04T21:41:51.550+0300][25,480s][info][gc] GC(178) Pause Init Mark (unload classes) 0,153ms
[2020-11-04T21:41:51.613+0300][25,542s][info][gc] GC(178) Concurrent marking (unload classes) 62,299ms
[2020-11-04T21:41:51.613+0300][25,543s][info][gc] GC(178) Pause Final Mark (unload classes) 0,342ms
[2020-11-04T21:41:51.614+0300][25,543s][info][gc] GC(178) Concurrent weak roots 0,419ms
[2020-11-04T21:41:51.614+0300][25,544s][info][gc] GC(178) Concurrent cleanup 353M->353M(512M) 0,037ms
[2020-11-04T21:41:51.615+0300][25,544s][info][gc] GC(178) Concurrent class unloading 0,879ms
[2020-11-04T21:41:51.615+0300][25,545s][info][gc] GC(178) Concurrent strong roots 0,065ms
[2020-11-04T21:41:51.622+0300][25,552s][info][gc] GC(178) Concurrent evacuation 6,958ms
[2020-11-04T21:41:51.622+0300][25,552s][info][gc] GC(178) Pause Init Update Refs 0,010ms
[2020-11-04T21:41:51.658+0300][25,588s][info][gc] GC(178) Concurrent update references 35,990ms
[2020-11-04T21:41:51.659+0300][25,588s][info][gc] GC(178) Pause Final Update Refs 0,134ms
[2020-11-04T21:41:51.659+0300][25,589s][info][gc] GC(178) Concurrent cleanup 444M->226M(512M) 0,101ms
[2020-11-04T21:41:51.701+0300][25,631s][info][gc] Trigger: Average GC time (86,62 ms) is above the time for allocation rate (1434 MB/s) to deplete free headroom (121M)
[2020-11-04T21:41:51.702+0300][25,632s][info][gc] GC(179) Concurrent reset 0,558ms
[2020-11-04T21:41:51.702+0300][25,632s][info][gc] GC(179) Pause Init Mark (unload classes) 0,236ms
[2020-11-04T21:41:51.762+0300][25,692s][info][gc] GC(179) Concurrent marking (unload classes) 59,587ms
[2020-11-04T21:41:51.763+0300][25,693s][info][gc] GC(179) Pause Final Mark (unload classes) 0,737ms
[2020-11-04T21:41:51.763+0300][25,693s][info][gc] GC(179) Concurrent weak roots 0,363ms
[2020-11-04T21:41:51.763+0300][25,693s][info][gc] GC(179) Concurrent cleanup 359M->359M(512M) 0,027ms
[2020-11-04T21:41:51.765+0300][25,694s][info][gc] GC(179) Concurrent class unloading 1,146ms
[2020-11-04T21:41:51.765+0300][25,695s][info][gc] GC(179) Concurrent strong roots 0,109ms
[2020-11-04T21:41:51.770+0300][25,700s][info][gc] GC(179) Concurrent evacuation 5,424ms
[2020-11-04T21:41:51.771+0300][25,700s][info][gc] GC(179) Pause Init Update Refs 0,016ms
[2020-11-04T21:41:51.804+0300][25,734s][info][gc] GC(179) Concurrent update references 33,520ms
[2020-11-04T21:41:51.805+0300][25,734s][info][gc] GC(179) Pause Final Update Refs 0,185ms
[2020-11-04T21:41:51.805+0300][25,735s][info][gc] GC(179) Concurrent cleanup 431M->213M(512M) 0,118ms
[2020-11-04T21:41:51.850+0300][25,780s][info][gc] Trigger: Average GC time (92,17 ms) is above the time for allocation rate (1385 MB/s) to deplete free headroom (126M)
[2020-11-04T21:41:51.851+0300][25,781s][info][gc] GC(180) Concurrent reset 0,583ms
[2020-11-04T21:41:51.851+0300][25,781s][info][gc] GC(180) Pause Init Mark (process weakrefs) (unload classes) 0,112ms
[2020-11-04T21:41:51.914+0300][25,844s][info][gc] GC(180) Concurrent marking (process weakrefs) (unload classes) 62,900ms
[2020-11-04T21:41:51.915+0300][25,844s][info][gc] GC(180) Concurrent precleaning 0,197ms
[2020-11-04T21:41:51.916+0300][25,845s][info][gc] GC(180) Pause Final Mark (process weakrefs) (unload classes) 0,759ms
[2020-11-04T21:41:51.916+0300][25,846s][info][gc] GC(180) Concurrent weak roots 0,330ms
[2020-11-04T21:41:51.916+0300][25,846s][info][gc] GC(180) Concurrent cleanup 356M->356M(512M) 0,028ms
[2020-11-04T21:41:51.917+0300][25,847s][info][gc] GC(180) Concurrent class unloading 0,707ms
[2020-11-04T21:41:51.917+0300][25,847s][info][gc] GC(180) Concurrent strong roots 0,063ms
[2020-11-04T21:41:51.922+0300][25,852s][info][gc] GC(180) Concurrent evacuation 5,439ms
[2020-11-04T21:41:51.923+0300][25,852s][info][gc] GC(180) Pause Init Update Refs 0,014ms
[2020-11-04T21:41:51.955+0300][25,884s][info][gc] GC(180) Concurrent update references 31,823ms
[2020-11-04T21:41:51.955+0300][25,885s][info][gc] GC(180) Pause Final Update Refs 0,142ms
[2020-11-04T21:41:51.955+0300][25,885s][info][gc] GC(180) Concurrent cleanup 437M->229M(512M) 0,097ms
[2020-11-04T21:41:52.007+0300][25,937s][info][gc] Trigger: Average GC time (96,74 ms) is above the time for allocation rate (1303 MB/s) to deplete free headroom (123M)
[2020-11-04T21:41:52.008+0300][25,938s][info][gc] GC(181) Concurrent reset 0,595ms
[2020-11-04T21:41:52.008+0300][25,938s][info][gc] GC(181) Pause Init Mark (unload classes) 0,257ms
[2020-11-04T21:41:52.036+0300][25,965s][info][gc] GC(181) Concurrent marking (unload classes) 27,225ms
[2020-11-04T21:41:52.037+0300][25,966s][info][gc] GC(181) Pause Final Mark (unload classes) 0,783ms
[2020-11-04T21:41:52.037+0300][25,967s][info][gc] GC(181) Concurrent weak roots 0,415ms
[2020-11-04T21:41:52.037+0300][25,967s][info][gc] GC(181) Concurrent cleanup 356M->353M(512M) 0,044ms
[2020-11-04T21:41:52.038+0300][25,968s][info][gc] GC(181) Concurrent class unloading 1,043ms
[2020-11-04T21:41:52.038+0300][25,968s][info][gc] GC(181) Concurrent strong roots 0,087ms
[2020-11-04T21:41:52.042+0300][25,972s][info][gc] GC(181) Concurrent evacuation 3,267ms
[2020-11-04T21:41:52.042+0300][25,972s][info][gc] GC(181) Pause Init Update Refs 0,010ms
[2020-11-04T21:41:52.054+0300][25,983s][info][gc] GC(181) Concurrent update references 11,406ms
[2020-11-04T21:41:52.054+0300][25,984s][info][gc] GC(181) Pause Final Update Refs 0,279ms
[2020-11-04T21:41:52.054+0300][25,984s][info][gc] GC(181) Concurrent cleanup 382M->85M(512M) 0,172ms
[2020-11-04T21:41:52.129+0300][26,059s][info][gc] Trigger: Average GC time (89,91 ms) is above the time for allocation rate (1996 MB/s) to deplete free headroom (176M)
[2020-11-04T21:41:52.130+0300][26,060s][info][gc] GC(182) Concurrent reset 0,606ms
[2020-11-04T21:41:52.131+0300][26,060s][info][gc] GC(182) Pause Init Mark (unload classes) 0,140ms
[2020-11-04T21:41:52.151+0300][26,081s][info][gc] GC(182) Concurrent marking (unload classes) 20,297ms
[2020-11-04T21:41:52.152+0300][26,081s][info][gc] GC(182) Pause Final Mark (unload classes) 0,453ms
[2020-11-04T21:41:52.152+0300][26,082s][info][gc] GC(182) Concurrent weak roots 0,347ms
[2020-11-04T21:41:52.152+0300][26,082s][info][gc] GC(182) Concurrent cleanup 311M->311M(512M) 0,022ms
[2020-11-04T21:41:52.153+0300][26,083s][info][gc] GC(182) Concurrent class unloading 0,892ms
[2020-11-04T21:41:52.153+0300][26,083s][info][gc] GC(182) Concurrent strong roots 0,078ms
[2020-11-04T21:41:52.159+0300][26,089s][info][gc] GC(182) Concurrent evacuation 5,961ms
[2020-11-04T21:41:52.159+0300][26,089s][info][gc] GC(182) Pause Init Update Refs 0,021ms
[2020-11-04T21:41:52.174+0300][26,104s][info][gc] GC(182) Concurrent update references 14,317ms
[2020-11-04T21:41:52.174+0300][26,104s][info][gc] GC(182) Pause Final Update Refs 0,308ms
[2020-11-04T21:41:52.175+0300][26,104s][info][gc] GC(182) Concurrent cleanup 362M->117M(512M) 0,132ms
[2020-11-04T21:41:52.237+0300][26,167s][info][gc] Trigger: Average GC time (82,09 ms) is above the time for allocation rate (2192 MB/s) to deplete free headroom (178M)
[2020-11-04T21:41:52.238+0300][26,168s][info][gc] GC(183) Concurrent reset 0,546ms
[2020-11-04T21:41:52.238+0300][26,168s][info][gc] GC(183) Pause Init Mark (unload classes) 0,367ms
[2020-11-04T21:41:52.262+0300][26,192s][info][gc] GC(183) Concurrent marking (unload classes) 23,425ms
[2020-11-04T21:41:52.263+0300][26,193s][info][gc] GC(183) Pause Final Mark (unload classes) 0,629ms
[2020-11-04T21:41:52.263+0300][26,193s][info][gc] GC(183) Concurrent weak roots 0,463ms
[2020-11-04T21:41:52.263+0300][26,193s][info][gc] GC(183) Concurrent cleanup 310M->310M(512M) 0,038ms
[2020-11-04T21:41:52.264+0300][26,194s][info][gc] GC(183) Concurrent class unloading 0,721ms
[2020-11-04T21:41:52.264+0300][26,194s][info][gc] GC(183) Concurrent strong roots 0,056ms
[2020-11-04T21:41:52.272+0300][26,201s][info][gc] GC(183) Concurrent evacuation 7,319ms
[2020-11-04T21:41:52.272+0300][26,202s][info][gc] GC(183) Pause Init Update Refs 0,012ms
[2020-11-04T21:41:52.288+0300][26,218s][info][gc] GC(183) Concurrent update references 16,342ms
[2020-11-04T21:41:52.289+0300][26,219s][info][gc] GC(183) Pause Final Update Refs 0,314ms
[2020-11-04T21:41:52.289+0300][26,219s][info][gc] GC(183) Concurrent cleanup 358M->122M(512M) 0,134ms
[2020-11-04T21:41:52.361+0300][26,291s][info][gc] Trigger: Average GC time (70,57 ms) is above the time for allocation rate (2094 MB/s) to deplete free headroom (146M)
[2020-11-04T21:41:52.362+0300][26,292s][info][gc] GC(184) Concurrent reset 0,529ms
[2020-11-04T21:41:52.362+0300][26,292s][info][gc] GC(184) Pause Init Mark (unload classes) 0,118ms
[2020-11-04T21:41:52.393+0300][26,323s][info][gc] GC(184) Concurrent marking (unload classes) 30,675ms
[2020-11-04T21:41:52.394+0300][26,324s][info][gc] GC(184) Pause Final Mark (unload classes) 0,434ms
[2020-11-04T21:41:52.394+0300][26,324s][info][gc] GC(184) Concurrent weak roots 0,369ms
[2020-11-04T21:41:52.394+0300][26,324s][info][gc] GC(184) Concurrent cleanup 339M->339M(512M) 0,043ms
[2020-11-04T21:41:52.395+0300][26,325s][info][gc] GC(184) Concurrent class unloading 0,697ms
[2020-11-04T21:41:52.395+0300][26,325s][info][gc] GC(184) Concurrent strong roots 0,074ms
[2020-11-04T21:41:52.401+0300][26,331s][info][gc] GC(184) Concurrent evacuation 6,365ms
[2020-11-04T21:41:52.402+0300][26,332s][info][gc] GC(184) Pause Init Update Refs 0,015ms
[2020-11-04T21:41:52.419+0300][26,349s][info][gc] GC(184) Concurrent update references 17,380ms
[2020-11-04T21:41:52.420+0300][26,350s][info][gc] GC(184) Pause Final Update Refs 0,161ms
[2020-11-04T21:41:52.420+0300][26,350s][info][gc] GC(184) Concurrent cleanup 396M->136M(512M) 0,152ms
[2020-11-04T21:41:52.495+0300][26,425s][info][gc] Trigger: Average GC time (61,57 ms) is above the time for allocation rate (2052 MB/s) to deplete free headroom (124M)
[2020-11-04T21:41:52.496+0300][26,426s][info][gc] GC(185) Concurrent reset 0,585ms
[2020-11-04T21:41:52.496+0300][26,426s][info][gc] GC(185) Pause Init Mark (process weakrefs) (unload classes) 0,249ms
[2020-11-04T21:41:52.535+0300][26,465s][info][gc] GC(185) Concurrent marking (process weakrefs) (unload classes) 38,505ms
[2020-11-04T21:41:52.535+0300][26,465s][info][gc] GC(185) Concurrent precleaning 0,077ms
[2020-11-04T21:41:52.536+0300][26,466s][info][gc] GC(185) Pause Final Mark (process weakrefs) (unload classes) 0,771ms
[2020-11-04T21:41:52.537+0300][26,466s][info][gc] GC(185) Concurrent weak roots 0,420ms
[2020-11-04T21:41:52.537+0300][26,466s][info][gc] GC(185) Concurrent cleanup 360M->360M(512M) 0,035ms
[2020-11-04T21:41:52.537+0300][26,467s][info][gc] GC(185) Concurrent class unloading 0,824ms
[2020-11-04T21:41:52.538+0300][26,467s][info][gc] GC(185) Concurrent strong roots 0,041ms
[2020-11-04T21:41:52.544+0300][26,474s][info][gc] GC(185) Concurrent evacuation 6,748ms
[2020-11-04T21:41:52.545+0300][26,474s][info][gc] GC(185) Pause Init Update Refs 0,014ms
[2020-11-04T21:41:52.566+0300][26,496s][info][gc] GC(185) Concurrent update references 21,711ms
[2020-11-04T21:41:52.567+0300][26,497s][info][gc] GC(185) Pause Final Update Refs 0,343ms
[2020-11-04T21:41:52.567+0300][26,497s][info][gc] GC(185) Concurrent cleanup 410M->135M(512M) 0,150ms
[2020-11-04T21:41:52.652+0300][26,582s][info][gc] Trigger: Average GC time (55,06 ms) is above the time for allocation rate (1853 MB/s) to deplete free headroom (100M)
[2020-11-04T21:41:52.653+0300][26,583s][info][gc] GC(186) Concurrent reset 0,607ms
[2020-11-04T21:41:52.653+0300][26,583s][info][gc] GC(186) Pause Init Mark (unload classes) 0,153ms
[2020-11-04T21:41:52.688+0300][26,618s][info][gc] GC(186) Concurrent marking (unload classes) 34,989ms
[2020-11-04T21:41:52.689+0300][26,619s][info][gc] GC(186) Pause Final Mark (unload classes) 0,543ms
[2020-11-04T21:41:52.690+0300][26,620s][info][gc] GC(186) Concurrent weak roots 0,457ms
[2020-11-04T21:41:52.690+0300][26,620s][info][gc] GC(186) Concurrent cleanup 381M->381M(512M) 0,033ms
[2020-11-04T21:41:52.691+0300][26,620s][info][gc] GC(186) Concurrent class unloading 0,774ms
[2020-11-04T21:41:52.691+0300][26,621s][info][gc] GC(186) Concurrent strong roots 0,093ms
[2020-11-04T21:41:52.700+0300][26,630s][info][gc] GC(186) Concurrent evacuation 9,272ms
[2020-11-04T21:41:52.700+0300][26,630s][info][gc] GC(186) Pause Init Update Refs 0,011ms
[2020-11-04T21:41:52.722+0300][26,651s][info][gc] GC(186) Concurrent update references 21,126ms
[2020-11-04T21:41:52.722+0300][26,652s][info][gc] GC(186) Pause Final Update Refs 0,291ms
[2020-11-04T21:41:52.722+0300][26,652s][info][gc] GC(186) Concurrent cleanup 453M->161M(512M) 0,168ms
[2020-11-04T21:41:52.797+0300][26,726s][info][gc] Trigger: Average GC time (59,65 ms) is above the time for allocation rate (1886 MB/s) to deplete free headroom (110M)
[2020-11-04T21:41:52.797+0300][26,727s][info][gc] GC(187) Concurrent reset 0,599ms
[2020-11-04T21:41:52.798+0300][26,728s][info][gc] GC(187) Pause Init Mark (unload classes) 0,245ms
[2020-11-04T21:41:52.851+0300][26,781s][info][gc] GC(187) Concurrent marking (unload classes) 53,439ms
[2020-11-04T21:41:52.852+0300][26,782s][info][gc] GC(187) Pause Final Mark (unload classes) 0,301ms
[2020-11-04T21:41:52.852+0300][26,782s][info][gc] GC(187) Concurrent weak roots 0,423ms
[2020-11-04T21:41:52.852+0300][26,782s][info][gc] GC(187) Concurrent cleanup 372M->372M(512M) 0,036ms
[2020-11-04T21:41:52.853+0300][26,783s][info][gc] GC(187) Concurrent class unloading 0,926ms
[2020-11-04T21:41:52.854+0300][26,783s][info][gc] GC(187) Concurrent strong roots 0,122ms
[2020-11-04T21:41:52.861+0300][26,790s][info][gc] GC(187) Concurrent evacuation 7,095ms
[2020-11-04T21:41:52.861+0300][26,791s][info][gc] GC(187) Pause Init Update Refs 0,016ms
[2020-11-04T21:41:52.884+0300][26,814s][info][gc] GC(187) Concurrent update references 22,902ms
[2020-11-04T21:41:52.885+0300][26,814s][info][gc] GC(187) Pause Final Update Refs 0,172ms
[2020-11-04T21:41:52.885+0300][26,815s][info][gc] GC(187) Concurrent cleanup 435M->162M(512M) 0,131ms
[2020-11-04T21:41:52.956+0300][26,885s][info][gc] Trigger: Average GC time (68,25 ms) is above the time for allocation rate (1660 MB/s) to deplete free headroom (111M)
[2020-11-04T21:41:52.956+0300][26,886s][info][gc] GC(188) Concurrent reset 0,612ms
[2020-11-04T21:41:52.957+0300][26,886s][info][gc] GC(188) Pause Init Mark (unload classes) 0,094ms
[2020-11-04T21:41:53.015+0300][26,944s][info][gc] GC(188) Concurrent marking (unload classes) 57,847ms
[2020-11-04T21:41:53.015+0300][26,945s][info][gc] GC(188) Pause Final Mark (unload classes) 0,400ms
[2020-11-04T21:41:53.016+0300][26,945s][info][gc] GC(188) Concurrent weak roots 0,401ms
[2020-11-04T21:41:53.016+0300][26,945s][info][gc] GC(188) Concurrent cleanup 370M->370M(512M) 0,034ms
[2020-11-04T21:41:53.017+0300][26,946s][info][gc] GC(188) Concurrent class unloading 0,871ms
[2020-11-04T21:41:53.017+0300][26,947s][info][gc] GC(188) Concurrent strong roots 0,131ms
[2020-11-04T21:41:53.023+0300][26,953s][info][gc] GC(188) Concurrent evacuation 6,363ms
[2020-11-04T21:41:53.023+0300][26,953s][info][gc] GC(188) Pause Init Update Refs 0,016ms
[2020-11-04T21:41:53.048+0300][26,977s][info][gc] GC(188) Concurrent update references 24,065ms
[2020-11-04T21:41:53.048+0300][26,978s][info][gc] GC(188) Pause Final Update Refs 0,218ms
[2020-11-04T21:41:53.048+0300][26,978s][info][gc] GC(188) Concurrent cleanup 438M->174M(512M) 0,166ms
[2020-11-04T21:41:53.111+0300][27,041s][info][gc] Trigger: Average GC time (76,40 ms) is above the time for allocation rate (1588 MB/s) to deplete free headroom (120M)
[2020-11-04T21:41:53.112+0300][27,041s][info][gc] GC(189) Concurrent reset 0,630ms
[2020-11-04T21:41:53.112+0300][27,042s][info][gc] GC(189) Pause Init Mark (unload classes) 0,099ms
[2020-11-04T21:41:53.153+0300][27,083s][info][gc] GC(189) Concurrent marking (unload classes) 41,262ms
[2020-11-04T21:41:53.154+0300][27,084s][info][gc] GC(189) Pause Final Mark (unload classes) 0,456ms
[2020-11-04T21:41:53.155+0300][27,084s][info][gc] GC(189) Concurrent weak roots 0,411ms
[2020-11-04T21:41:53.155+0300][27,084s][info][gc] GC(189) Concurrent cleanup 362M->362M(512M) 0,039ms
[2020-11-04T21:41:53.155+0300][27,085s][info][gc] GC(189) Concurrent class unloading 0,729ms
[2020-11-04T21:41:53.155+0300][27,085s][info][gc] GC(189) Concurrent strong roots 0,092ms
[2020-11-04T21:41:53.162+0300][27,092s][info][gc] GC(189) Concurrent evacuation 6,710ms
[2020-11-04T21:41:53.163+0300][27,092s][info][gc] GC(189) Pause Init Update Refs 0,022ms
[2020-11-04T21:41:53.189+0300][27,119s][info][gc] GC(189) Concurrent update references 26,395ms
[2020-11-04T21:41:53.190+0300][27,119s][info][gc] GC(189) Pause Final Update Refs 0,175ms
[2020-11-04T21:41:53.190+0300][27,120s][info][gc] GC(189) Concurrent cleanup 433M->186M(512M) 0,142ms
[2020-11-04T21:41:53.243+0300][27,172s][info][gc] Trigger: Average GC time (80,43 ms) is above the time for allocation rate (1705 MB/s) to deplete free headroom (135M)
[2020-11-04T21:41:53.243+0300][27,173s][info][gc] GC(190) Concurrent reset 0,592ms
[2020-11-04T21:41:53.244+0300][27,174s][info][gc] GC(190) Pause Init Mark (process weakrefs) (unload classes) 0,100ms
[2020-11-04T21:41:53.287+0300][27,217s][info][gc] GC(190) Concurrent marking (process weakrefs) (unload classes) 43,647ms
[2020-11-04T21:41:53.288+0300][27,218s][info][gc] GC(190) Concurrent precleaning 0,190ms
[2020-11-04T21:41:53.289+0300][27,218s][info][gc] GC(190) Pause Final Mark (process weakrefs) (unload classes) 0,628ms
[2020-11-04T21:41:53.289+0300][27,219s][info][gc] GC(190) Concurrent weak roots 0,444ms
[2020-11-04T21:41:53.289+0300][27,219s][info][gc] GC(190) Concurrent cleanup 349M->349M(512M) 0,036ms
[2020-11-04T21:41:53.290+0300][27,220s][info][gc] GC(190) Concurrent class unloading 0,876ms
[2020-11-04T21:41:53.290+0300][27,220s][info][gc] GC(190) Concurrent strong roots 0,081ms
[2020-11-04T21:41:53.296+0300][27,226s][info][gc] GC(190) Concurrent evacuation 5,448ms
[2020-11-04T21:41:53.296+0300][27,226s][info][gc] GC(190) Pause Init Update Refs 0,014ms
[2020-11-04T21:41:53.323+0300][27,253s][info][gc] GC(190) Concurrent update references 27,122ms
[2020-11-04T21:41:53.324+0300][27,254s][info][gc] GC(190) Pause Final Update Refs 0,201ms
[2020-11-04T21:41:53.324+0300][27,254s][info][gc] GC(190) Concurrent cleanup 420M->194M(512M) 0,144ms
[2020-11-04T21:41:53.374+0300][27,304s][info][gc] Trigger: Average GC time (82,27 ms) is above the time for allocation rate (1668 MB/s) to deplete free headroom (134M)
[2020-11-04T21:41:53.374+0300][27,304s][info][gc] GC(191) Concurrent reset 0,564ms
[2020-11-04T21:41:53.375+0300][27,305s][info][gc] GC(191) Pause Init Mark (unload classes) 0,173ms
[2020-11-04T21:41:53.449+0300][27,379s][info][gc] GC(191) Concurrent marking (unload classes) 73,741ms
[2020-11-04T21:41:53.449+0300][27,379s][info][gc] GC(191) Pause Final Mark (unload classes) 0,474ms
[2020-11-04T21:41:53.450+0300][27,380s][info][gc] GC(191) Concurrent weak roots 0,492ms
[2020-11-04T21:41:53.450+0300][27,380s][info][gc] GC(191) Concurrent cleanup 349M->349M(512M) 0,034ms
[2020-11-04T21:41:53.451+0300][27,381s][info][gc] GC(191) Concurrent class unloading 0,858ms
[2020-11-04T21:41:53.451+0300][27,381s][info][gc] GC(191) Concurrent strong roots 0,154ms
[2020-11-04T21:41:53.457+0300][27,387s][info][gc] GC(191) Concurrent evacuation 5,881ms
[2020-11-04T21:41:53.457+0300][27,387s][info][gc] GC(191) Pause Init Update Refs 0,040ms
[2020-11-04T21:41:53.485+0300][27,415s][info][gc] GC(191) Concurrent update references 28,016ms
[2020-11-04T21:41:53.486+0300][27,416s][info][gc] GC(191) Pause Final Update Refs 0,165ms
[2020-11-04T21:41:53.486+0300][27,416s][info][gc] GC(191) Concurrent cleanup 420M->201M(512M) 0,111ms
[2020-11-04T21:41:53.538+0300][27,468s][info][gc] Trigger: Average GC time (90,67 ms) is above the time for allocation rate (1365 MB/s) to deplete free headroom (123M)
[2020-11-04T21:41:53.539+0300][27,468s][info][gc] GC(192) Concurrent reset 0,652ms
[2020-11-04T21:41:53.539+0300][27,469s][info][gc] GC(192) Pause Init Mark (unload classes) 0,097ms
[2020-11-04T21:41:53.618+0300][27,548s][info][gc] GC(192) Concurrent marking (unload classes) 79,268ms
[2020-11-04T21:41:53.619+0300][27,549s][info][gc] GC(192) Pause Final Mark (unload classes) 0,397ms
[2020-11-04T21:41:53.620+0300][27,549s][info][gc] GC(192) Concurrent weak roots 0,490ms
[2020-11-04T21:41:53.620+0300][27,549s][info][gc] GC(192) Concurrent cleanup 360M->360M(512M) 0,046ms
[2020-11-04T21:41:53.621+0300][27,551s][info][gc] GC(192) Concurrent class unloading 1,096ms
[2020-11-04T21:41:53.621+0300][27,551s][info][gc] GC(192) Concurrent strong roots 0,114ms
[2020-11-04T21:41:53.628+0300][27,558s][info][gc] GC(192) Concurrent evacuation 7,170ms
[2020-11-04T21:41:53.628+0300][27,558s][info][gc] GC(192) Pause Init Update Refs 0,015ms
[2020-11-04T21:41:53.662+0300][27,592s][info][gc] GC(192) Concurrent update references 33,348ms
[2020-11-04T21:41:53.662+0300][27,592s][info][gc] GC(192) Pause Final Update Refs 0,164ms
[2020-11-04T21:41:53.663+0300][27,592s][info][gc] GC(192) Concurrent cleanup 424M->200M(512M) 0,081ms
[2020-11-04T21:41:53.716+0300][27,645s][info][gc] Trigger: Average GC time (97,97 ms) is above the time for allocation rate (1246 MB/s) to deplete free headroom (119M)
[2020-11-04T21:41:53.716+0300][27,646s][info][gc] GC(193) Concurrent reset 0,595ms
[2020-11-04T21:41:53.717+0300][27,646s][info][gc] GC(193) Pause Init Mark (unload classes) 0,097ms
[2020-11-04T21:41:53.803+0300][27,733s][info][gc] GC(193) Concurrent marking (unload classes) 86,479ms
[2020-11-04T21:41:53.804+0300][27,734s][info][gc] GC(193) Pause Final Mark (unload classes) 0,422ms
[2020-11-04T21:41:53.804+0300][27,734s][info][gc] GC(193) Concurrent weak roots 0,362ms
[2020-11-04T21:41:53.804+0300][27,734s][info][gc] GC(193) Concurrent cleanup 362M->362M(512M) 0,037ms
[2020-11-04T21:41:53.805+0300][27,735s][info][gc] GC(193) Concurrent class unloading 0,798ms
[2020-11-04T21:41:53.805+0300][27,735s][info][gc] GC(193) Concurrent strong roots 0,094ms
[2020-11-04T21:41:53.812+0300][27,742s][info][gc] GC(193) Concurrent evacuation 6,518ms
[2020-11-04T21:41:53.812+0300][27,742s][info][gc] GC(193) Pause Init Update Refs 0,019ms
[2020-11-04T21:41:53.848+0300][27,778s][info][gc] GC(193) Concurrent update references 35,518ms
[2020-11-04T21:41:53.848+0300][27,778s][info][gc] GC(193) Pause Final Update Refs 0,155ms
[2020-11-04T21:41:53.848+0300][27,778s][info][gc] GC(193) Concurrent cleanup 419M->197M(512M) 0,103ms
[2020-11-04T21:41:53.903+0300][27,833s][info][gc] Trigger: Average GC time (105,98 ms) is above the time for allocation rate (1141 MB/s) to deplete free headroom (119M)
[2020-11-04T21:41:53.904+0300][27,834s][info][gc] GC(194) Concurrent reset 0,517ms
[2020-11-04T21:41:53.904+0300][27,834s][info][gc] GC(194) Pause Init Mark (unload classes) 0,126ms
[2020-11-04T21:41:53.958+0300][27,888s][info][gc] GC(194) Concurrent marking (unload classes) 53,305ms
[2020-11-04T21:41:53.958+0300][27,888s][info][gc] GC(194) Pause Final Mark (unload classes) 0,422ms
[2020-11-04T21:41:53.959+0300][27,889s][info][gc] GC(194) Concurrent weak roots 0,375ms
[2020-11-04T21:41:53.959+0300][27,889s][info][gc] GC(194) Concurrent cleanup 361M->361M(512M) 0,036ms
[2020-11-04T21:41:53.960+0300][27,890s][info][gc] GC(194) Concurrent class unloading 0,932ms
[2020-11-04T21:41:53.960+0300][27,890s][info][gc] GC(194) Concurrent strong roots 0,128ms
[2020-11-04T21:41:53.965+0300][27,895s][info][gc] GC(194) Concurrent evacuation 5,304ms
[2020-11-04T21:41:53.966+0300][27,896s][info][gc] GC(194) Pause Init Update Refs 0,024ms
[2020-11-04T21:41:54.001+0300][27,931s][info][gc] GC(194) Concurrent update references 35,442ms
[2020-11-04T21:41:54.002+0300][27,932s][info][gc] GC(194) Pause Final Update Refs 0,225ms
[2020-11-04T21:41:54.002+0300][27,932s][info][gc] GC(194) Concurrent cleanup 428M->214M(512M) 0,105ms
[2020-11-04T21:41:54.040+0300][27,970s][info][gc] Trigger: Average GC time (109,97 ms) is above the time for allocation rate (1335 MB/s) to deplete free headroom (144M)
[2020-11-04T21:41:54.041+0300][27,971s][info][gc] GC(195) Concurrent reset 0,580ms
[2020-11-04T21:41:54.041+0300][27,971s][info][gc] GC(195) Pause Init Mark (process weakrefs) (unload classes) 0,121ms
[2020-11-04T21:41:54.098+0300][28,028s][info][gc] GC(195) Concurrent marking (process weakrefs) (unload classes) 56,806ms
[2020-11-04T21:41:54.099+0300][28,028s][info][gc] GC(195) Concurrent precleaning 0,180ms
[2020-11-04T21:41:54.099+0300][28,029s][info][gc] GC(195) Pause Final Mark (process weakrefs) (unload classes) 0,413ms
[2020-11-04T21:41:54.100+0300][28,030s][info][gc] GC(195) Concurrent weak roots 0,363ms
[2020-11-04T21:41:54.100+0300][28,030s][info][gc] GC(195) Concurrent cleanup 339M->339M(512M) 0,031ms
[2020-11-04T21:41:54.101+0300][28,031s][info][gc] GC(195) Concurrent class unloading 0,900ms
[2020-11-04T21:41:54.101+0300][28,031s][info][gc] GC(195) Concurrent strong roots 0,115ms
[2020-11-04T21:41:54.105+0300][28,035s][info][gc] GC(195) Concurrent evacuation 4,537ms
[2020-11-04T21:41:54.106+0300][28,036s][info][gc] GC(195) Pause Init Update Refs 0,025ms
[2020-11-04T21:41:54.142+0300][28,071s][info][gc] GC(195) Concurrent update references 35,793ms
[2020-11-04T21:41:54.142+0300][28,072s][info][gc] GC(195) Pause Final Update Refs 0,161ms
[2020-11-04T21:41:54.142+0300][28,072s][info][gc] GC(195) Concurrent cleanup 393M->210M(512M) 0,107ms
[2020-11-04T21:41:54.190+0300][28,120s][info][gc] Trigger: Average GC time (114,07 ms) is above the time for allocation rate (1231 MB/s) to deplete free headroom (138M)
[2020-11-04T21:41:54.191+0300][28,120s][info][gc] GC(196) Concurrent reset 0,626ms
[2020-11-04T21:41:54.191+0300][28,121s][info][gc] GC(196) Pause Init Mark (unload classes) 0,114ms
[2020-11-04T21:41:54.214+0300][28,144s][info][gc] GC(196) Concurrent marking (unload classes) 23,188ms
[2020-11-04T21:41:54.215+0300][28,145s][info][gc] GC(196) Pause Final Mark (unload classes) 0,463ms
[2020-11-04T21:41:54.216+0300][28,145s][info][gc] GC(196) Concurrent weak roots 0,452ms
[2020-11-04T21:41:54.216+0300][28,145s][info][gc] GC(196) Concurrent cleanup 345M->341M(512M) 0,036ms
[2020-11-04T21:41:54.217+0300][28,146s][info][gc] GC(196) Concurrent class unloading 0,872ms
[2020-11-04T21:41:54.217+0300][28,147s][info][gc] GC(196) Concurrent strong roots 0,116ms
[2020-11-04T21:41:54.221+0300][28,151s][info][gc] GC(196) Concurrent evacuation 4,384ms
[2020-11-04T21:41:54.221+0300][28,151s][info][gc] GC(196) Pause Init Update Refs 0,018ms
[2020-11-04T21:41:54.236+0300][28,166s][info][gc] GC(196) Concurrent update references 14,518ms
[2020-11-04T21:41:54.237+0300][28,166s][info][gc] GC(196) Pause Final Update Refs 0,206ms
[2020-11-04T21:41:54.237+0300][28,167s][info][gc] GC(196) Concurrent cleanup 374M->93M(512M) 0,165ms
[2020-11-04T21:41:54.307+0300][28,237s][info][gc] Trigger: Average GC time (100,99 ms) is above the time for allocation rate (1917 MB/s) to deplete free headroom (192M)
[2020-11-04T21:41:54.307+0300][28,237s][info][gc] GC(197) Concurrent reset 0,527ms
[2020-11-04T21:41:54.308+0300][28,238s][info][gc] GC(197) Pause Init Mark (unload classes) 0,125ms
[2020-11-04T21:41:54.331+0300][28,260s][info][gc] GC(197) Concurrent marking (unload classes) 22,795ms
[2020-11-04T21:41:54.332+0300][28,261s][info][gc] GC(197) Pause Final Mark (unload classes) 0,578ms
[2020-11-04T21:41:54.332+0300][28,262s][info][gc] GC(197) Concurrent weak roots 0,357ms
[2020-11-04T21:41:54.332+0300][28,262s][info][gc] GC(197) Concurrent cleanup 296M->296M(512M) 0,032ms
[2020-11-04T21:41:54.333+0300][28,263s][info][gc] GC(197) Concurrent class unloading 0,995ms
[2020-11-04T21:41:54.333+0300][28,263s][info][gc] GC(197) Concurrent strong roots 0,114ms
[2020-11-04T21:41:54.340+0300][28,269s][info][gc] GC(197) Concurrent evacuation 6,477ms
[2020-11-04T21:41:54.340+0300][28,270s][info][gc] GC(197) Pause Init Update Refs 0,014ms
[2020-11-04T21:41:54.356+0300][28,286s][info][gc] GC(197) Concurrent update references 15,757ms
[2020-11-04T21:41:54.356+0300][28,286s][info][gc] GC(197) Pause Final Update Refs 0,283ms
[2020-11-04T21:41:54.357+0300][28,286s][info][gc] GC(197) Concurrent cleanup 342M->118M(512M) 0,125ms
[2020-11-04T21:41:54.420+0300][28,350s][info][gc] Trigger: Average GC time (86,03 ms) is above the time for allocation rate (2070 MB/s) to deplete free headroom (175M)
[2020-11-04T21:41:54.421+0300][28,350s][info][gc] GC(198) Concurrent reset 0,520ms
[2020-11-04T21:41:54.421+0300][28,351s][info][gc] GC(198) Pause Init Mark (unload classes) 0,173ms
[2020-11-04T21:41:54.445+0300][28,375s][info][gc] GC(198) Concurrent marking (unload classes) 23,786ms
[2020-11-04T21:41:54.446+0300][28,376s][info][gc] GC(198) Pause Final Mark (unload classes) 0,644ms
[2020-11-04T21:41:54.446+0300][28,376s][info][gc] GC(198) Concurrent weak roots 0,328ms
[2020-11-04T21:41:54.446+0300][28,376s][info][gc] GC(198) Concurrent cleanup 313M->313M(512M) 0,031ms
[2020-11-04T21:41:54.447+0300][28,377s][info][gc] GC(198) Concurrent class unloading 0,756ms
[2020-11-04T21:41:54.447+0300][28,377s][info][gc] GC(198) Concurrent strong roots 0,103ms
[2020-11-04T21:41:54.453+0300][28,383s][info][gc] GC(198) Concurrent evacuation 5,967ms
[2020-11-04T21:41:54.453+0300][28,383s][info][gc] GC(198) Pause Init Update Refs 0,023ms
[2020-11-04T21:41:54.470+0300][28,400s][info][gc] GC(198) Concurrent update references 16,302ms
[2020-11-04T21:41:54.470+0300][28,400s][info][gc] GC(198) Pause Final Update Refs 0,127ms
[2020-11-04T21:41:54.470+0300][28,400s][info][gc] GC(198) Concurrent cleanup 366M->131M(512M) 0,117ms
[2020-11-04T21:41:54.539+0300][28,469s][info][gc] Trigger: Average GC time (69,50 ms) is above the time for allocation rate (2150 MB/s) to deplete free headroom (147M)
[2020-11-04T21:41:54.540+0300][28,470s][info][gc] GC(199) Concurrent reset 0,584ms
[2020-11-04T21:41:54.540+0300][28,470s][info][gc] GC(199) Pause Init Mark (unload classes) 0,276ms
[2020-11-04T21:41:54.568+0300][28,497s][info][gc] GC(199) Concurrent marking (unload classes) 27,145ms
[2020-11-04T21:41:54.568+0300][28,498s][info][gc] GC(199) Pause Final Mark (unload classes) 0,632ms
[2020-11-04T21:41:54.569+0300][28,499s][info][gc] GC(199) Concurrent weak roots 0,382ms
[2020-11-04T21:41:54.569+0300][28,499s][info][gc] GC(199) Concurrent cleanup 338M->338M(512M) 0,033ms
[2020-11-04T21:41:54.570+0300][28,500s][info][gc] GC(199) Concurrent class unloading 0,816ms
[2020-11-04T21:41:54.570+0300][28,500s][info][gc] GC(199) Concurrent strong roots 0,214ms
[2020-11-04T21:41:54.577+0300][28,507s][info][gc] GC(199) Concurrent evacuation 7,103ms
[2020-11-04T21:41:54.578+0300][28,507s][info][gc] GC(199) Pause Init Update Refs 0,010ms
[2020-11-04T21:41:54.596+0300][28,526s][info][gc] GC(199) Concurrent update references 18,348ms
[2020-11-04T21:41:54.596+0300][28,526s][info][gc] GC(199) Pause Final Update Refs 0,145ms
[2020-11-04T21:41:54.596+0300][28,526s][info][gc] GC(199) Concurrent cleanup 392M->136M(512M) 0,098ms
[2020-11-04T21:41:54.672+0300][28,601s][info][gc] Trigger: Average GC time (61,19 ms) is above the time for allocation rate (2047 MB/s) to deplete free headroom (125M)
[2020-11-04T21:41:54.672+0300][28,602s][info][gc] GC(200) Concurrent reset 0,529ms
[2020-11-04T21:41:54.673+0300][28,603s][info][gc] GC(200) Pause Init Mark (process weakrefs) (unload classes) 0,335ms
[2020-11-04T21:41:54.704+0300][28,634s][info][gc] GC(200) Concurrent marking (process weakrefs) (unload classes) 30,638ms
[2020-11-04T21:41:54.704+0300][28,634s][info][gc] GC(200) Concurrent precleaning 0,159ms
[2020-11-04T21:41:54.705+0300][28,635s][info][gc] GC(200) Pause Final Mark (process weakrefs) (unload classes) 0,517ms
[2020-11-04T21:41:54.705+0300][28,635s][info][gc] GC(200) Concurrent weak roots 0,445ms
[2020-11-04T21:41:54.705+0300][28,635s][info][gc] GC(200) Concurrent cleanup 359M->359M(512M) 0,039ms
[2020-11-04T21:41:54.706+0300][28,636s][info][gc] GC(200) Concurrent class unloading 1,026ms
[2020-11-04T21:41:54.707+0300][28,636s][info][gc] GC(200) Concurrent strong roots 0,082ms
[2020-11-04T21:41:54.713+0300][28,643s][info][gc] GC(200) Concurrent evacuation 6,635ms
[2020-11-04T21:41:54.713+0300][28,643s][info][gc] GC(200) Pause Init Update Refs 0,015ms
[2020-11-04T21:41:54.733+0300][28,663s][info][gc] GC(200) Concurrent update references 19,890ms
[2020-11-04T21:41:54.734+0300][28,664s][info][gc] GC(200) Pause Final Update Refs 0,117ms
[2020-11-04T21:41:54.734+0300][28,664s][info][gc] GC(200) Concurrent cleanup 422M->150M(512M) 0,117ms
[2020-11-04T21:41:54.810+0300][28,740s][info][gc] Trigger: Average GC time (53,28 ms) is above the time for allocation rate (2029 MB/s) to deplete free headroom (107M)
[2020-11-04T21:41:54.811+0300][28,741s][info][gc] GC(201) Concurrent reset 0,674ms
[2020-11-04T21:41:54.811+0300][28,741s][info][gc] GC(201) Pause Init Mark (unload classes) 0,092ms
[2020-11-04T21:41:54.846+0300][28,775s][info][gc] GC(201) Concurrent marking (unload classes) 34,329ms
[2020-11-04T21:41:54.846+0300][28,776s][info][gc] GC(201) Pause Final Mark (unload classes) 0,301ms
[2020-11-04T21:41:54.846+0300][28,776s][info][gc] GC(201) Concurrent weak roots 0,351ms
[2020-11-04T21:41:54.847+0300][28,776s][info][gc] GC(201) Concurrent cleanup 376M->376M(512M) 0,028ms
[2020-11-04T21:41:54.847+0300][28,777s][info][gc] GC(201) Concurrent class unloading 0,636ms
[2020-11-04T21:41:54.847+0300][28,777s][info][gc] GC(201) Concurrent strong roots 0,043ms
[2020-11-04T21:41:54.854+0300][28,784s][info][gc] GC(201) Concurrent evacuation 6,724ms
[2020-11-04T21:41:54.854+0300][28,784s][info][gc] GC(201) Pause Init Update Refs 0,012ms
[2020-11-04T21:41:54.876+0300][28,806s][info][gc] GC(201) Concurrent update references 21,671ms
[2020-11-04T21:41:54.876+0300][28,806s][info][gc] GC(201) Pause Final Update Refs 0,137ms
[2020-11-04T21:41:54.876+0300][28,806s][info][gc] GC(201) Concurrent cleanup 442M->161M(512M) 0,138ms
[2020-11-04T21:41:54.955+0300][28,885s][info][gc] Trigger: Average GC time (57,17 ms) is above the time for allocation rate (1895 MB/s) to deplete free headroom (105M)
[2020-11-04T21:41:54.956+0300][28,885s][info][gc] GC(202) Concurrent reset 0,601ms
[2020-11-04T21:41:54.956+0300][28,886s][info][gc] GC(202) Pause Init Mark (unload classes) 0,132ms
[2020-11-04T21:41:54.993+0300][28,923s][info][gc] GC(202) Concurrent marking (unload classes) 37,018ms
[2020-11-04T21:41:54.994+0300][28,924s][info][gc] GC(202) Pause Final Mark (unload classes) 0,781ms
[2020-11-04T21:41:54.995+0300][28,924s][info][gc] GC(202) Concurrent weak roots 0,343ms
[2020-11-04T21:41:54.995+0300][28,924s][info][gc] GC(202) Concurrent cleanup 376M->376M(512M) 0,030ms
[2020-11-04T21:41:54.996+0300][28,925s][info][gc] GC(202) Concurrent class unloading 0,891ms
[2020-11-04T21:41:54.996+0300][28,926s][info][gc] GC(202) Concurrent strong roots 0,140ms
[2020-11-04T21:41:55.002+0300][28,932s][info][gc] GC(202) Concurrent evacuation 6,541ms
[2020-11-04T21:41:55.003+0300][28,932s][info][gc] GC(202) Pause Init Update Refs 0,015ms
[2020-11-04T21:41:55.028+0300][28,958s][info][gc] GC(202) Concurrent update references 25,230ms
[2020-11-04T21:41:55.029+0300][28,958s][info][gc] GC(202) Pause Final Update Refs 0,378ms
[2020-11-04T21:41:55.029+0300][28,959s][info][gc] GC(202) Concurrent cleanup 436M->162M(512M) 0,133ms
[2020-11-04T21:41:55.100+0300][29,029s][info][gc] Trigger: Average GC time (61,96 ms) is above the time for allocation rate (1811 MB/s) to deplete free headroom (110M)
[2020-11-04T21:41:55.100+0300][29,030s][info][gc] GC(203) Concurrent reset 0,656ms
[2020-11-04T21:41:55.101+0300][29,031s][info][gc] GC(203) Pause Init Mark (unload classes) 0,233ms
[2020-11-04T21:41:55.141+0300][29,070s][info][gc] GC(203) Concurrent marking (unload classes) 39,686ms
[2020-11-04T21:41:55.142+0300][29,071s][info][gc] GC(203) Pause Final Mark (unload classes) 0,865ms
[2020-11-04T21:41:55.142+0300][29,072s][info][gc] GC(203) Concurrent weak roots 0,363ms
[2020-11-04T21:41:55.142+0300][29,072s][info][gc] GC(203) Concurrent cleanup 371M->371M(512M) 0,031ms
[2020-11-04T21:41:55.143+0300][29,073s][info][gc] GC(203) Concurrent class unloading 0,852ms
[2020-11-04T21:41:55.143+0300][29,073s][info][gc] GC(203) Concurrent strong roots 0,132ms
[2020-11-04T21:41:55.150+0300][29,080s][info][gc] GC(203) Concurrent evacuation 6,981ms
[2020-11-04T21:41:55.150+0300][29,080s][info][gc] GC(203) Pause Init Update Refs 0,017ms
[2020-11-04T21:41:55.175+0300][29,105s][info][gc] GC(203) Concurrent update references 24,583ms
[2020-11-04T21:41:55.176+0300][29,106s][info][gc] GC(203) Pause Final Update Refs 0,406ms
[2020-11-04T21:41:55.176+0300][29,106s][info][gc] GC(203) Concurrent cleanup 440M->178M(512M) 0,142ms
[2020-11-04T21:41:55.237+0300][29,167s][info][gc] Trigger: Average GC time (67,20 ms) is above the time for allocation rate (1781 MB/s) to deplete free headroom (119M)
[2020-11-04T21:41:55.238+0300][29,168s][info][gc] GC(204) Concurrent reset 0,589ms
[2020-11-04T21:41:55.239+0300][29,168s][info][gc] GC(204) Pause Init Mark (unload classes) 0,171ms
[2020-11-04T21:41:55.282+0300][29,212s][info][gc] GC(204) Concurrent marking (unload classes) 43,706ms
[2020-11-04T21:41:55.283+0300][29,213s][info][gc] GC(204) Pause Final Mark (unload classes) 0,511ms
[2020-11-04T21:41:55.284+0300][29,213s][info][gc] GC(204) Concurrent weak roots 0,389ms
[2020-11-04T21:41:55.284+0300][29,213s][info][gc] GC(204) Concurrent cleanup 363M->363M(512M) 0,031ms
[2020-11-04T21:41:55.284+0300][29,214s][info][gc] GC(204) Concurrent class unloading 0,814ms
[2020-11-04T21:41:55.285+0300][29,214s][info][gc] GC(204) Concurrent strong roots 0,094ms
[2020-11-04T21:41:55.291+0300][29,221s][info][gc] GC(204) Concurrent evacuation 6,442ms
[2020-11-04T21:41:55.291+0300][29,221s][info][gc] GC(204) Pause Init Update Refs 0,028ms
[2020-11-04T21:41:55.321+0300][29,251s][info][gc] GC(204) Concurrent update references 29,239ms
[2020-11-04T21:41:55.321+0300][29,251s][info][gc] GC(204) Pause Final Update Refs 0,339ms
[2020-11-04T21:41:55.322+0300][29,251s][info][gc] GC(204) Concurrent cleanup 417M->172M(512M) 0,121ms
[2020-11-04T21:41:55.386+0300][29,316s][info][gc] Trigger: Average GC time (72,56 ms) is above the time for allocation rate (1619 MB/s) to deplete free headroom (116M)
[2020-11-04T21:41:55.387+0300][29,317s][info][gc] GC(205) Concurrent reset 0,613ms
[2020-11-04T21:41:55.387+0300][29,317s][info][gc] GC(205) Pause Init Mark (process weakrefs) (unload classes) 0,290ms
[2020-11-04T21:41:55.459+0300][29,389s][info][gc] GC(205) Concurrent marking (process weakrefs) (unload classes) 71,750ms
[2020-11-04T21:41:55.459+0300][29,389s][info][gc] GC(205) Concurrent precleaning 0,133ms
[2020-11-04T21:41:55.460+0300][29,390s][info][gc] GC(205) Pause Final Mark (process weakrefs) (unload classes) 0,436ms
[2020-11-04T21:41:55.461+0300][29,391s][info][gc] GC(205) Concurrent weak roots 0,434ms
[2020-11-04T21:41:55.461+0300][29,391s][info][gc] GC(205) Concurrent cleanup 367M->367M(512M) 0,033ms
[2020-11-04T21:41:55.462+0300][29,392s][info][gc] GC(205) Concurrent class unloading 0,950ms
[2020-11-04T21:41:55.462+0300][29,392s][info][gc] GC(205) Concurrent strong roots 0,059ms
[2020-11-04T21:41:55.468+0300][29,398s][info][gc] GC(205) Concurrent evacuation 6,456ms
[2020-11-04T21:41:55.469+0300][29,399s][info][gc] GC(205) Pause Init Update Refs 0,016ms
[2020-11-04T21:41:55.496+0300][29,426s][info][gc] GC(205) Concurrent update references 27,696ms
[2020-11-04T21:41:55.497+0300][29,427s][info][gc] GC(205) Pause Final Update Refs 0,150ms
[2020-11-04T21:41:55.497+0300][29,427s][info][gc] GC(205) Concurrent cleanup 439M->198M(512M) 0,126ms
[2020-11-04T21:41:55.552+0300][29,482s][info][gc] Trigger: Average GC time (82,29 ms) is above the time for allocation rate (1411 MB/s) to deplete free headroom (115M)
[2020-11-04T21:41:55.553+0300][29,483s][info][gc] GC(206) Concurrent reset 0,596ms
[2020-11-04T21:41:55.553+0300][29,483s][info][gc] GC(206) Pause Init Mark (unload classes) 0,187ms
[2020-11-04T21:41:55.604+0300][29,533s][info][gc] GC(206) Concurrent marking (unload classes) 50,101ms
[2020-11-04T21:41:55.605+0300][29,534s][info][gc] GC(206) Pause Final Mark (unload classes) 0,786ms
[2020-11-04T21:41:55.605+0300][29,535s][info][gc] GC(206) Concurrent weak roots 0,350ms
[2020-11-04T21:41:55.605+0300][29,535s][info][gc] GC(206) Concurrent cleanup 365M->365M(512M) 0,031ms
[2020-11-04T21:41:55.606+0300][29,536s][info][gc] GC(206) Concurrent class unloading 0,852ms
[2020-11-04T21:41:55.606+0300][29,536s][info][gc] GC(206) Concurrent strong roots 0,132ms
[2020-11-04T21:41:55.612+0300][29,542s][info][gc] GC(206) Concurrent evacuation 5,807ms
[2020-11-04T21:41:55.612+0300][29,542s][info][gc] GC(206) Pause Init Update Refs 0,011ms
[2020-11-04T21:41:55.641+0300][29,570s][info][gc] GC(206) Concurrent update references 28,427ms
[2020-11-04T21:41:55.641+0300][29,571s][info][gc] GC(206) Pause Final Update Refs 0,347ms
[2020-11-04T21:41:55.641+0300][29,571s][info][gc] GC(206) Concurrent cleanup 444M->209M(512M) 0,120ms
[2020-11-04T21:41:55.685+0300][29,615s][info][gc] Trigger: Average GC time (86,85 ms) is above the time for allocation rate (1567 MB/s) to deplete free headroom (135M)
[2020-11-04T21:41:55.686+0300][29,615s][info][gc] GC(207) Concurrent reset 0,678ms
[2020-11-04T21:41:55.686+0300][29,616s][info][gc] GC(207) Pause Init Mark (unload classes) 0,178ms
[2020-11-04T21:41:55.735+0300][29,665s][info][gc] GC(207) Concurrent marking (unload classes) 48,938ms
[2020-11-04T21:41:55.736+0300][29,666s][info][gc] GC(207) Pause Final Mark (unload classes) 0,691ms
[2020-11-04T21:41:55.736+0300][29,666s][info][gc] GC(207) Concurrent weak roots 0,333ms
[2020-11-04T21:41:55.736+0300][29,666s][info][gc] GC(207) Concurrent cleanup 347M->347M(512M) 0,032ms
[2020-11-04T21:41:55.737+0300][29,667s][info][gc] GC(207) Concurrent class unloading 0,839ms
[2020-11-04T21:41:55.737+0300][29,667s][info][gc] GC(207) Concurrent strong roots 0,048ms
[2020-11-04T21:41:55.743+0300][29,673s][info][gc] GC(207) Concurrent evacuation 5,476ms
[2020-11-04T21:41:55.743+0300][29,673s][info][gc] GC(207) Pause Init Update Refs 0,014ms
[2020-11-04T21:41:55.773+0300][29,703s][info][gc] GC(207) Concurrent update references 29,497ms
[2020-11-04T21:41:55.774+0300][29,703s][info][gc] GC(207) Pause Final Update Refs 0,369ms
[2020-11-04T21:41:55.774+0300][29,704s][info][gc] GC(207) Concurrent cleanup 423M->215M(512M) 0,106ms
[2020-11-04T21:41:55.814+0300][29,744s][info][gc] Trigger: Average GC time (89,86 ms) is above the time for allocation rate (1540 MB/s) to deplete free headroom (138M)
[2020-11-04T21:41:55.815+0300][29,744s][info][gc] GC(208) Concurrent reset 0,570ms
[2020-11-04T21:41:55.815+0300][29,745s][info][gc] GC(208) Pause Init Mark (unload classes) 0,222ms
[2020-11-04T21:41:55.866+0300][29,796s][info][gc] GC(208) Concurrent marking (unload classes) 50,753ms
[2020-11-04T21:41:55.867+0300][29,797s][info][gc] GC(208) Pause Final Mark (unload classes) 0,436ms
[2020-11-04T21:41:55.867+0300][29,797s][info][gc] GC(208) Concurrent weak roots 0,376ms
[2020-11-04T21:41:55.867+0300][29,797s][info][gc] GC(208) Concurrent cleanup 345M->345M(512M) 0,040ms
[2020-11-04T21:41:55.868+0300][29,798s][info][gc] GC(208) Concurrent class unloading 0,845ms
[2020-11-04T21:41:55.868+0300][29,798s][info][gc] GC(208) Concurrent strong roots 0,168ms
[2020-11-04T21:41:55.873+0300][29,803s][info][gc] GC(208) Concurrent evacuation 4,849ms
[2020-11-04T21:41:55.874+0300][29,803s][info][gc] GC(208) Pause Init Update Refs 0,014ms
[2020-11-04T21:41:55.904+0300][29,834s][info][gc] GC(208) Concurrent update references 30,496ms
[2020-11-04T21:41:55.905+0300][29,834s][info][gc] GC(208) Pause Final Update Refs 0,142ms
[2020-11-04T21:41:55.905+0300][29,835s][info][gc] GC(208) Concurrent cleanup 423M->223M(512M) 0,104ms
[2020-11-04T21:41:55.947+0300][29,877s][info][gc] Trigger: Average GC time (92,75 ms) is above the time for allocation rate (1481 MB/s) to deplete free headroom (134M)
[2020-11-04T21:41:55.948+0300][29,878s][info][gc] GC(209) Concurrent reset 0,574ms
[2020-11-04T21:41:55.948+0300][29,878s][info][gc] GC(209) Pause Init Mark (unload classes) 0,107ms
[2020-11-04T21:41:56.002+0300][29,932s][info][gc] GC(209) Concurrent marking (unload classes) 53,638ms
[2020-11-04T21:41:56.003+0300][29,933s][info][gc] GC(209) Pause Final Mark (unload classes) 0,334ms
[2020-11-04T21:41:56.003+0300][29,933s][info][gc] GC(209) Concurrent weak roots 0,302ms
[2020-11-04T21:41:56.003+0300][29,933s][info][gc] GC(209) Concurrent cleanup 349M->349M(512M) 0,028ms
[2020-11-04T21:41:56.004+0300][29,934s][info][gc] GC(209) Concurrent class unloading 0,740ms
[2020-11-04T21:41:56.004+0300][29,934s][info][gc] GC(209) Concurrent strong roots 0,081ms
[2020-11-04T21:41:56.009+0300][29,939s][info][gc] GC(209) Concurrent evacuation 4,917ms
[2020-11-04T21:41:56.009+0300][29,939s][info][gc] GC(209) Pause Init Update Refs 0,014ms
[2020-11-04T21:41:56.042+0300][29,972s][info][gc] GC(209) Concurrent update references 32,636ms
[2020-11-04T21:41:56.043+0300][29,972s][info][gc] GC(209) Pause Final Update Refs 0,145ms
[2020-11-04T21:41:56.043+0300][29,973s][info][gc] GC(209) Concurrent cleanup 431M->233M(512M) 0,130ms
[2020-11-04T21:41:56.077+0300][30,007s][info][gc] Trigger: Average GC time (95,02 ms) is above the time for allocation rate (1457 MB/s) to deplete free headroom (137M)
[2020-11-04T21:41:56.077+0300][30,007s][info][gc] GC(210) Concurrent reset 0,574ms
[2020-11-04T21:41:56.078+0300][30,008s][info][gc] GC(210) Pause Init Mark (process weakrefs) (unload classes) 0,100ms
[2020-11-04T21:41:56.132+0300][30,062s][info][gc] GC(210) Concurrent marking (process weakrefs) (unload classes) 54,249ms
[2020-11-04T21:41:56.132+0300][30,062s][info][gc] GC(210) Concurrent precleaning 0,140ms
[2020-11-04T21:41:56.133+0300][30,063s][info][gc] GC(210) Pause Final Mark (process weakrefs) (unload classes) 0,513ms
[2020-11-04T21:41:56.134+0300][30,063s][info][gc] GC(210) Concurrent weak roots 0,425ms
[2020-11-04T21:41:56.134+0300][30,063s][info][gc] GC(210) Concurrent cleanup 346M->346M(512M) 0,040ms
[2020-11-04T21:41:56.135+0300][30,064s][info][gc] GC(210) Concurrent class unloading 0,955ms
[2020-11-04T21:41:56.135+0300][30,065s][info][gc] GC(210) Concurrent strong roots 0,100ms
[2020-11-04T21:41:56.139+0300][30,069s][info][gc] GC(210) Concurrent evacuation 4,670ms
[2020-11-04T21:41:56.140+0300][30,070s][info][gc] GC(210) Pause Init Update Refs 0,016ms
[2020-11-04T21:41:56.184+0300][30,114s][info][gc] GC(210) Concurrent update references 44,200ms
[2020-11-04T21:41:56.184+0300][30,114s][info][gc] GC(210) Pause Final Update Refs 0,132ms
[2020-11-04T21:41:56.186+0300][30,116s][info][gc] GC(210) Concurrent cleanup 436M->248M(512M) 0,075ms
[2020-11-04T21:41:56.218+0300][30,148s][info][gc] Trigger: Average GC time (94,67 ms) is above the time for allocation rate (1370 MB/s) to deplete free headroom (127M)
[2020-11-04T21:41:56.219+0300][30,148s][info][gc] GC(211) Concurrent reset 0,688ms
[2020-11-04T21:41:56.219+0300][30,149s][info][gc] GC(211) Pause Init Mark (unload classes) 0,108ms
[2020-11-04T21:41:56.245+0300][30,175s][info][gc] GC(211) Concurrent marking (unload classes) 26,105ms
[2020-11-04T21:41:56.246+0300][30,176s][info][gc] GC(211) Pause Final Mark (unload classes) 0,447ms
[2020-11-04T21:41:56.246+0300][30,176s][info][gc] GC(211) Concurrent weak roots 0,451ms
[2020-11-04T21:41:56.246+0300][30,176s][info][gc] GC(211) Concurrent cleanup 354M->350M(512M) 0,058ms
[2020-11-04T21:41:56.247+0300][30,177s][info][gc] GC(211) Concurrent class unloading 0,884ms
[2020-11-04T21:41:56.247+0300][30,177s][info][gc] GC(211) Concurrent strong roots 0,094ms
[2020-11-04T21:41:56.252+0300][30,182s][info][gc] GC(211) Concurrent evacuation 4,540ms
[2020-11-04T21:41:56.252+0300][30,182s][info][gc] GC(211) Pause Init Update Refs 0,012ms
[2020-11-04T21:41:56.265+0300][30,194s][info][gc] GC(211) Concurrent update references 12,199ms
[2020-11-04T21:41:56.265+0300][30,195s][info][gc] GC(211) Pause Final Update Refs 0,213ms
[2020-11-04T21:41:56.265+0300][30,195s][info][gc] GC(211) Concurrent cleanup 392M->102M(512M) 0,148ms
[2020-11-04T21:41:56.334+0300][30,264s][info][gc] Trigger: Average GC time (86,33 ms) is above the time for allocation rate (2051 MB/s) to deplete free headroom (175M)
[2020-11-04T21:41:56.335+0300][30,265s][info][gc] GC(212) Concurrent reset 0,589ms
[2020-11-04T21:41:56.335+0300][30,265s][info][gc] GC(212) Pause Init Mark (unload classes) 0,250ms
[2020-11-04T21:41:56.359+0300][30,289s][info][gc] GC(212) Concurrent marking (unload classes) 23,783ms
[2020-11-04T21:41:56.360+0300][30,290s][info][gc] GC(212) Pause Final Mark (unload classes) 0,568ms
[2020-11-04T21:41:56.360+0300][30,290s][info][gc] GC(212) Concurrent weak roots 0,381ms
[2020-11-04T21:41:56.361+0300][30,290s][info][gc] GC(212) Concurrent cleanup 311M->312M(512M) 0,036ms
[2020-11-04T21:41:56.362+0300][30,292s][info][gc] GC(212) Concurrent class unloading 1,159ms
[2020-11-04T21:41:56.362+0300][30,292s][info][gc] GC(212) Concurrent strong roots 0,080ms
[2020-11-04T21:41:56.368+0300][30,297s][info][gc] GC(212) Concurrent evacuation 5,763ms
[2020-11-04T21:41:56.368+0300][30,298s][info][gc] GC(212) Pause Init Update Refs 0,015ms
[2020-11-04T21:41:56.385+0300][30,314s][info][gc] GC(212) Concurrent update references 16,583ms
[2020-11-04T21:41:56.385+0300][30,315s][info][gc] GC(212) Pause Final Update Refs 0,412ms
[2020-11-04T21:41:56.386+0300][30,315s][info][gc] GC(212) Concurrent cleanup 362M->123M(512M) 0,116ms
[2020-11-04T21:41:56.451+0300][30,381s][info][gc] Trigger: Average GC time (78,85 ms) is above the time for allocation rate (2082 MB/s) to deplete free headroom (163M)
[2020-11-04T21:41:56.452+0300][30,382s][info][gc] GC(213) Concurrent reset 0,544ms
[2020-11-04T21:41:56.452+0300][30,382s][info][gc] GC(213) Pause Init Mark (unload classes) 0,163ms
[2020-11-04T21:41:56.481+0300][30,410s][info][gc] GC(213) Concurrent marking (unload classes) 28,143ms
[2020-11-04T21:41:56.482+0300][30,411s][info][gc] GC(213) Pause Final Mark (unload classes) 0,741ms
[2020-11-04T21:41:56.482+0300][30,412s][info][gc] GC(213) Concurrent weak roots 0,539ms
[2020-11-04T21:41:56.482+0300][30,412s][info][gc] GC(213) Concurrent cleanup 323M->323M(512M) 0,052ms
[2020-11-04T21:41:56.483+0300][30,413s][info][gc] GC(213) Concurrent class unloading 0,755ms
[2020-11-04T21:41:56.483+0300][30,413s][info][gc] GC(213) Concurrent strong roots 0,060ms
[2020-11-04T21:41:56.493+0300][30,423s][info][gc] GC(213) Concurrent evacuation 9,640ms
[2020-11-04T21:41:56.493+0300][30,423s][info][gc] GC(213) Pause Init Update Refs 0,014ms
[2020-11-04T21:41:56.510+0300][30,440s][info][gc] GC(213) Concurrent update references 16,750ms
[2020-11-04T21:41:56.511+0300][30,440s][info][gc] GC(213) Pause Final Update Refs 0,380ms
[2020-11-04T21:41:56.511+0300][30,441s][info][gc] GC(213) Concurrent cleanup 380M->136M(512M) 0,131ms
[2020-11-04T21:41:56.579+0300][30,508s][info][gc] Trigger: Average GC time (72,57 ms) is above the time for allocation rate (2009 MB/s) to deplete free headroom (144M)
[2020-11-04T21:41:56.579+0300][30,509s][info][gc] GC(214) Concurrent reset 0,573ms
[2020-11-04T21:41:56.580+0300][30,510s][info][gc] GC(214) Pause Init Mark (unload classes) 0,250ms
[2020-11-04T21:41:56.616+0300][30,546s][info][gc] GC(214) Concurrent marking (unload classes) 36,264ms
[2020-11-04T21:41:56.617+0300][30,547s][info][gc] GC(214) Pause Final Mark (unload classes) 0,804ms
[2020-11-04T21:41:56.618+0300][30,548s][info][gc] GC(214) Concurrent weak roots 0,499ms
[2020-11-04T21:41:56.618+0300][30,548s][info][gc] GC(214) Concurrent cleanup 341M->341M(512M) 0,037ms
[2020-11-04T21:41:56.619+0300][30,548s][info][gc] GC(214) Concurrent class unloading 0,823ms
[2020-11-04T21:41:56.619+0300][30,549s][info][gc] GC(214) Concurrent strong roots 0,058ms
[2020-11-04T21:41:56.627+0300][30,557s][info][gc] GC(214) Concurrent evacuation 8,118ms
[2020-11-04T21:41:56.627+0300][30,557s][info][gc] GC(214) Pause Init Update Refs 0,013ms
[2020-11-04T21:41:56.646+0300][30,576s][info][gc] GC(214) Concurrent update references 19,162ms
[2020-11-04T21:41:56.647+0300][30,577s][info][gc] GC(214) Pause Final Update Refs 0,342ms
[2020-11-04T21:41:56.647+0300][30,577s][info][gc] GC(214) Concurrent cleanup 403M->147M(512M) 0,142ms
[2020-11-04T21:41:56.717+0300][30,647s][info][gc] Trigger: Average GC time (67,21 ms) is above the time for allocation rate (1914 MB/s) to deplete free headroom (127M)
[2020-11-04T21:41:56.718+0300][30,648s][info][gc] GC(215) Concurrent reset 0,619ms
[2020-11-04T21:41:56.718+0300][30,648s][info][gc] GC(215) Pause Init Mark (process weakrefs) (unload classes) 0,266ms
[2020-11-04T21:41:56.750+0300][30,680s][info][gc] GC(215) Concurrent marking (process weakrefs) (unload classes) 31,518ms
[2020-11-04T21:41:56.750+0300][30,680s][info][gc] GC(215) Concurrent precleaning 0,164ms
[2020-11-04T21:41:56.751+0300][30,681s][info][gc] GC(215) Pause Final Mark (process weakrefs) (unload classes) 0,841ms
[2020-11-04T21:41:56.752+0300][30,682s][info][gc] GC(215) Concurrent weak roots 0,388ms
[2020-11-04T21:41:56.752+0300][30,682s][info][gc] GC(215) Concurrent cleanup 356M->357M(512M) 0,034ms
[2020-11-04T21:41:56.753+0300][30,682s][info][gc] GC(215) Concurrent class unloading 0,789ms
[2020-11-04T21:41:56.753+0300][30,683s][info][gc] GC(215) Concurrent strong roots 0,127ms
[2020-11-04T21:41:56.759+0300][30,689s][info][gc] GC(215) Concurrent evacuation 6,354ms
[2020-11-04T21:41:56.760+0300][30,689s][info][gc] GC(215) Pause Init Update Refs 0,021ms
[2020-11-04T21:41:56.780+0300][30,710s][info][gc] GC(215) Concurrent update references 20,664ms
[2020-11-04T21:41:56.781+0300][30,711s][info][gc] GC(215) Pause Final Update Refs 0,370ms
[2020-11-04T21:41:56.781+0300][30,711s][info][gc] GC(215) Concurrent cleanup 419M->154M(512M) 0,131ms
[2020-11-04T21:41:56.853+0300][30,783s][info][gc] Trigger: Average GC time (58,17 ms) is above the time for allocation rate (1987 MB/s) to deplete free headroom (115M)
[2020-11-04T21:41:56.854+0300][30,784s][info][gc] GC(216) Concurrent reset 0,675ms
[2020-11-04T21:41:56.855+0300][30,784s][info][gc] GC(216) Pause Init Mark (unload classes) 0,306ms
[2020-11-04T21:41:56.890+0300][30,820s][info][gc] GC(216) Concurrent marking (unload classes) 35,090ms
[2020-11-04T21:41:56.891+0300][30,820s][info][gc] GC(216) Pause Final Mark (unload classes) 0,627ms
[2020-11-04T21:41:56.891+0300][30,821s][info][gc] GC(216) Concurrent weak roots 0,491ms
[2020-11-04T21:41:56.891+0300][30,821s][info][gc] GC(216) Concurrent cleanup 368M->368M(512M) 0,035ms
[2020-11-04T21:41:56.892+0300][30,822s][info][gc] GC(216) Concurrent class unloading 0,964ms
[2020-11-04T21:41:56.892+0300][30,822s][info][gc] GC(216) Concurrent strong roots 0,074ms
[2020-11-04T21:41:56.901+0300][30,831s][info][gc] GC(216) Concurrent evacuation 8,460ms
[2020-11-04T21:41:56.901+0300][30,831s][info][gc] GC(216) Pause Init Update Refs 0,015ms
[2020-11-04T21:41:56.923+0300][30,853s][info][gc] GC(216) Concurrent update references 21,776ms
[2020-11-04T21:41:56.924+0300][30,853s][info][gc] GC(216) Pause Final Update Refs 0,294ms
[2020-11-04T21:41:56.924+0300][30,854s][info][gc] GC(216) Concurrent cleanup 435M->165M(512M) 0,136ms
[2020-11-04T21:41:56.991+0300][30,920s][info][gc] Trigger: Average GC time (62,79 ms) is above the time for allocation rate (1890 MB/s) to deplete free headroom (117M)
[2020-11-04T21:41:56.991+0300][30,921s][info][gc] GC(217) Concurrent reset 0,618ms
[2020-11-04T21:41:56.992+0300][30,922s][info][gc] GC(217) Pause Init Mark (unload classes) 0,339ms
[2020-11-04T21:41:57.030+0300][30,959s][info][gc] GC(217) Concurrent marking (unload classes) 37,507ms
[2020-11-04T21:41:57.031+0300][30,960s][info][gc] GC(217) Pause Final Mark (unload classes) 0,708ms
[2020-11-04T21:41:57.031+0300][30,961s][info][gc] GC(217) Concurrent weak roots 0,486ms
[2020-11-04T21:41:57.031+0300][30,961s][info][gc] GC(217) Concurrent cleanup 366M->366M(512M) 0,036ms
[2020-11-04T21:41:57.032+0300][30,962s][info][gc] GC(217) Concurrent class unloading 0,819ms
[2020-11-04T21:41:57.032+0300][30,962s][info][gc] GC(217) Concurrent strong roots 0,062ms
[2020-11-04T21:41:57.041+0300][30,970s][info][gc] GC(217) Concurrent evacuation 8,458ms
[2020-11-04T21:41:57.041+0300][30,971s][info][gc] GC(217) Pause Init Update Refs 0,016ms
[2020-11-04T21:41:57.064+0300][30,994s][info][gc] GC(217) Concurrent update references 23,270ms
[2020-11-04T21:41:57.065+0300][30,995s][info][gc] GC(217) Pause Final Update Refs 0,372ms
[2020-11-04T21:41:57.065+0300][30,995s][info][gc] GC(217) Concurrent cleanup 440M->180M(512M) 0,134ms
[2020-11-04T21:41:57.125+0300][31,054s][info][gc] Trigger: Average GC time (67,42 ms) is above the time for allocation rate (1848 MB/s) to deplete free headroom (122M)
[2020-11-04T21:41:57.125+0300][31,055s][info][gc] GC(218) Concurrent reset 0,613ms
[2020-11-04T21:41:57.126+0300][31,056s][info][gc] GC(218) Pause Init Mark (unload classes) 0,219ms
[2020-11-04T21:41:57.192+0300][31,122s][info][gc] GC(218) Concurrent marking (unload classes) 66,103ms
[2020-11-04T21:41:57.193+0300][31,123s][info][gc] GC(218) Pause Final Mark (unload classes) 0,704ms
[2020-11-04T21:41:57.193+0300][31,123s][info][gc] GC(218) Concurrent weak roots 0,503ms
[2020-11-04T21:41:57.194+0300][31,123s][info][gc] GC(218) Concurrent cleanup 362M->362M(512M) 0,037ms
[2020-11-04T21:41:57.194+0300][31,124s][info][gc] GC(218) Concurrent class unloading 0,733ms
[2020-11-04T21:41:57.194+0300][31,124s][info][gc] GC(218) Concurrent strong roots 0,053ms
[2020-11-04T21:41:57.202+0300][31,132s][info][gc] GC(218) Concurrent evacuation 7,838ms
[2020-11-04T21:41:57.202+0300][31,132s][info][gc] GC(218) Pause Init Update Refs 0,016ms
[2020-11-04T21:41:57.227+0300][31,157s][info][gc] GC(218) Concurrent update references 24,866ms
[2020-11-04T21:41:57.228+0300][31,158s][info][gc] GC(218) Pause Final Update Refs 0,295ms
[2020-11-04T21:41:57.228+0300][31,158s][info][gc] GC(218) Concurrent cleanup 437M->190M(512M) 0,140ms
[2020-11-04T21:41:57.287+0300][31,216s][info][gc] Trigger: Average GC time (76,27 ms) is above the time for allocation rate (1522 MB/s) to deplete free headroom (115M)
[2020-11-04T21:41:57.287+0300][31,217s][info][gc] GC(219) Concurrent reset 0,651ms
[2020-11-04T21:41:57.288+0300][31,218s][info][gc] GC(219) Pause Init Mark (unload classes) 0,264ms
[2020-11-04T21:41:57.333+0300][31,262s][info][gc] GC(219) Concurrent marking (unload classes) 44,734ms
[2020-11-04T21:41:57.334+0300][31,263s][info][gc] GC(219) Pause Final Mark (unload classes) 0,711ms
[2020-11-04T21:41:57.334+0300][31,264s][info][gc] GC(219) Concurrent weak roots 0,502ms
[2020-11-04T21:41:57.334+0300][31,264s][info][gc] GC(219) Concurrent cleanup 367M->367M(512M) 0,036ms
[2020-11-04T21:41:57.335+0300][31,265s][info][gc] GC(219) Concurrent class unloading 0,804ms
[2020-11-04T21:41:57.335+0300][31,265s][info][gc] GC(219) Concurrent strong roots 0,059ms
[2020-11-04T21:41:57.343+0300][31,273s][info][gc] GC(219) Concurrent evacuation 8,013ms
[2020-11-04T21:41:57.344+0300][31,273s][info][gc] GC(219) Pause Init Update Refs 0,015ms
[2020-11-04T21:41:57.370+0300][31,300s][info][gc] GC(219) Concurrent update references 26,708ms
[2020-11-04T21:41:57.371+0300][31,301s][info][gc] GC(219) Pause Final Update Refs 0,358ms
[2020-11-04T21:41:57.371+0300][31,301s][info][gc] GC(219) Concurrent cleanup 444M->197M(512M) 0,114ms
[2020-11-04T21:41:57.421+0300][31,351s][info][gc] Trigger: Average GC time (79,47 ms) is above the time for allocation rate (1671 MB/s) to deplete free headroom (130M)
[2020-11-04T21:41:57.422+0300][31,351s][info][gc] GC(220) Concurrent reset 0,630ms
[2020-11-04T21:41:57.422+0300][31,352s][info][gc] GC(220) Pause Init Mark (process weakrefs) (unload classes) 0,285ms
[2020-11-04T21:41:57.467+0300][31,396s][info][gc] GC(220) Concurrent marking (process weakrefs) (unload classes) 44,364ms
[2020-11-04T21:41:57.467+0300][31,397s][info][gc] GC(220) Concurrent precleaning 0,093ms
[2020-11-04T21:41:57.468+0300][31,397s][info][gc] GC(220) Pause Final Mark (process weakrefs) (unload classes) 0,495ms
[2020-11-04T21:41:57.468+0300][31,398s][info][gc] GC(220) Concurrent weak roots 0,382ms
[2020-11-04T21:41:57.468+0300][31,398s][info][gc] GC(220) Concurrent cleanup 352M->352M(512M) 0,035ms
[2020-11-04T21:41:57.469+0300][31,399s][info][gc] GC(220) Concurrent class unloading 0,980ms
[2020-11-04T21:41:57.469+0300][31,399s][info][gc] GC(220) Concurrent strong roots 0,123ms
[2020-11-04T21:41:57.475+0300][31,405s][info][gc] GC(220) Concurrent evacuation 5,453ms
[2020-11-04T21:41:57.475+0300][31,405s][info][gc] GC(220) Pause Init Update Refs 0,016ms
[2020-11-04T21:41:57.509+0300][31,439s][info][gc] GC(220) Concurrent update references 33,546ms
[2020-11-04T21:41:57.509+0300][31,439s][info][gc] GC(220) Pause Final Update Refs 0,355ms
[2020-11-04T21:41:57.510+0300][31,439s][info][gc] GC(220) Concurrent cleanup 438M->213M(512M) 0,115ms
[2020-11-04T21:41:57.552+0300][31,482s][info][gc] Trigger: Average GC time (84,39 ms) is above the time for allocation rate (1629 MB/s) to deplete free headroom (135M)
[2020-11-04T21:41:57.553+0300][31,482s][info][gc] GC(221) Concurrent reset 0,628ms
[2020-11-04T21:41:57.553+0300][31,483s][info][gc] GC(221) Pause Init Mark (unload classes) 0,267ms
[2020-11-04T21:41:57.608+0300][31,538s][info][gc] GC(221) Concurrent marking (unload classes) 54,551ms
[2020-11-04T21:41:57.609+0300][31,539s][info][gc] GC(221) Pause Final Mark (unload classes) 0,776ms
[2020-11-04T21:41:57.609+0300][31,539s][info][gc] GC(221) Concurrent weak roots 0,441ms
[2020-11-04T21:41:57.609+0300][31,539s][info][gc] GC(221) Concurrent cleanup 349M->349M(512M) 0,046ms
[2020-11-04T21:41:57.610+0300][31,540s][info][gc] GC(221) Concurrent class unloading 0,723ms
[2020-11-04T21:41:57.610+0300][31,540s][info][gc] GC(221) Concurrent strong roots 0,070ms
[2020-11-04T21:41:57.616+0300][31,545s][info][gc] GC(221) Concurrent evacuation 5,207ms
[2020-11-04T21:41:57.616+0300][31,546s][info][gc] GC(221) Pause Init Update Refs 0,014ms
[2020-11-04T21:41:57.645+0300][31,575s][info][gc] GC(221) Concurrent update references 28,748ms
[2020-11-04T21:41:57.645+0300][31,575s][info][gc] GC(221) Pause Final Update Refs 0,346ms
[2020-11-04T21:41:57.646+0300][31,575s][info][gc] GC(221) Concurrent cleanup 425M->211M(512M) 0,118ms
[2020-11-04T21:41:57.689+0300][31,619s][info][gc] Trigger: Average GC time (88,98 ms) is above the time for allocation rate (1527 MB/s) to deplete free headroom (133M)
[2020-11-04T21:41:57.690+0300][31,620s][info][gc] GC(222) Concurrent reset 0,670ms
[2020-11-04T21:41:57.690+0300][31,620s][info][gc] GC(222) Pause Init Mark (unload classes) 0,230ms
[2020-11-04T21:41:57.742+0300][31,672s][info][gc] GC(222) Concurrent marking (unload classes) 51,431ms
[2020-11-04T21:41:57.743+0300][31,673s][info][gc] GC(222) Pause Final Mark (unload classes) 0,701ms
[2020-11-04T21:41:57.743+0300][31,673s][info][gc] GC(222) Concurrent weak roots 0,431ms
[2020-11-04T21:41:57.743+0300][31,673s][info][gc] GC(222) Concurrent cleanup 349M->349M(512M) 0,071ms
[2020-11-04T21:41:57.744+0300][31,674s][info][gc] GC(222) Concurrent class unloading 0,791ms
[2020-11-04T21:41:57.744+0300][31,674s][info][gc] GC(222) Concurrent strong roots 0,056ms
[2020-11-04T21:41:57.749+0300][31,679s][info][gc] GC(222) Concurrent evacuation 5,078ms
[2020-11-04T21:41:57.750+0300][31,679s][info][gc] GC(222) Pause Init Update Refs 0,009ms
[2020-11-04T21:41:57.783+0300][31,713s][info][gc] GC(222) Concurrent update references 33,524ms
[2020-11-04T21:41:57.784+0300][31,714s][info][gc] GC(222) Pause Final Update Refs 0,194ms
[2020-11-04T21:41:57.784+0300][31,714s][info][gc] GC(222) Concurrent cleanup 414M->205M(512M) 0,102ms
[2020-11-04T21:41:57.835+0300][31,765s][info][gc] Trigger: Average GC time (93,07 ms) is above the time for allocation rate (1420 MB/s) to deplete free headroom (129M)
[2020-11-04T21:41:57.835+0300][31,765s][info][gc] GC(223) Concurrent reset 0,594ms
[2020-11-04T21:41:57.836+0300][31,766s][info][gc] GC(223) Pause Init Mark (unload classes) 0,227ms
[2020-11-04T21:41:57.887+0300][31,817s][info][gc] GC(223) Concurrent marking (unload classes) 51,034ms
[2020-11-04T21:41:57.888+0300][31,818s][info][gc] GC(223) Pause Final Mark (unload classes) 0,684ms
[2020-11-04T21:41:57.889+0300][31,818s][info][gc] GC(223) Concurrent weak roots 0,366ms
[2020-11-04T21:41:57.889+0300][31,818s][info][gc] GC(223) Concurrent cleanup 352M->352M(512M) 0,036ms
[2020-11-04T21:41:57.889+0300][31,819s][info][gc] GC(223) Concurrent class unloading 0,803ms
[2020-11-04T21:41:57.890+0300][31,819s][info][gc] GC(223) Concurrent strong roots 0,108ms
[2020-11-04T21:41:57.895+0300][31,824s][info][gc] GC(223) Concurrent evacuation 5,019ms
[2020-11-04T21:41:57.895+0300][31,825s][info][gc] GC(223) Pause Init Update Refs 0,019ms
[2020-11-04T21:41:57.926+0300][31,856s][info][gc] GC(223) Concurrent update references 31,234ms
[2020-11-04T21:41:57.927+0300][31,857s][info][gc] GC(223) Pause Final Update Refs 0,134ms
[2020-11-04T21:41:57.927+0300][31,857s][info][gc] GC(223) Concurrent cleanup 432M->224M(512M) 0,124ms
[2020-11-04T21:41:57.965+0300][31,895s][info][gc] Trigger: Average GC time (90,74 ms) is above the time for allocation rate (1502 MB/s) to deplete free headroom (134M)
[2020-11-04T21:41:57.966+0300][31,896s][info][gc] GC(224) Concurrent reset 0,642ms
[2020-11-04T21:41:57.966+0300][31,896s][info][gc] GC(224) Pause Init Mark (unload classes) 0,092ms
[2020-11-04T21:41:58.019+0300][31,949s][info][gc] GC(224) Concurrent marking (unload classes) 52,830ms
[2020-11-04T21:41:58.020+0300][31,950s][info][gc] GC(224) Pause Final Mark (unload classes) 0,601ms
[2020-11-04T21:41:58.020+0300][31,950s][info][gc] GC(224) Concurrent weak roots 0,383ms
[2020-11-04T21:41:58.020+0300][31,950s][info][gc] GC(224) Concurrent cleanup 348M->348M(512M) 0,036ms
[2020-11-04T21:41:58.021+0300][31,951s][info][gc] GC(224) Concurrent class unloading 0,702ms
[2020-11-04T21:41:58.021+0300][31,951s][info][gc] GC(224) Concurrent strong roots 0,062ms
[2020-11-04T21:41:58.027+0300][31,957s][info][gc] GC(224) Concurrent evacuation 5,610ms
[2020-11-04T21:41:58.027+0300][31,957s][info][gc] GC(224) Pause Init Update Refs 0,027ms
[2020-11-04T21:41:58.059+0300][31,989s][info][gc] GC(224) Concurrent update references 31,945ms
[2020-11-04T21:41:58.060+0300][31,989s][info][gc] GC(224) Pause Final Update Refs 0,209ms
[2020-11-04T21:41:58.060+0300][31,990s][info][gc] GC(224) Concurrent cleanup 427M->231M(512M) 0,100ms
[2020-11-04T21:41:58.096+0300][32,026s][info][gc] Trigger: Average GC time (92,76 ms) is above the time for allocation rate (1465 MB/s) to deplete free headroom (133M)
[2020-11-04T21:41:58.097+0300][32,026s][info][gc] GC(225) Concurrent reset 0,619ms
[2020-11-04T21:41:58.097+0300][32,027s][info][gc] GC(225) Pause Init Mark (process weakrefs) (unload classes) 0,119ms
[2020-11-04T21:41:58.153+0300][32,083s][info][gc] GC(225) Concurrent marking (process weakrefs) (unload classes) 55,743ms
[2020-11-04T21:41:58.153+0300][32,083s][info][gc] GC(225) Concurrent precleaning 0,191ms
[2020-11-04T21:41:58.154+0300][32,084s][info][gc] GC(225) Pause Final Mark (process weakrefs) (unload classes) 0,506ms
[2020-11-04T21:41:58.154+0300][32,084s][info][gc] GC(225) Concurrent weak roots 0,346ms
[2020-11-04T21:41:58.154+0300][32,084s][info][gc] GC(225) Concurrent cleanup 349M->349M(512M) 0,036ms
[2020-11-04T21:41:58.155+0300][32,085s][info][gc] GC(225) Concurrent class unloading 0,977ms
[2020-11-04T21:41:58.155+0300][32,085s][info][gc] GC(225) Concurrent strong roots 0,133ms
[2020-11-04T21:41:58.160+0300][32,090s][info][gc] GC(225) Concurrent evacuation 4,609ms
[2020-11-04T21:41:58.160+0300][32,090s][info][gc] GC(225) Pause Init Update Refs 0,016ms
[2020-11-04T21:41:58.207+0300][32,137s][info][gc] GC(225) Concurrent update references 46,823ms
[2020-11-04T21:41:58.208+0300][32,138s][info][gc] GC(225) Pause Final Update Refs 0,235ms
[2020-11-04T21:41:58.208+0300][32,138s][info][gc] GC(225) Concurrent cleanup 450M->258M(512M) 0,107ms
[2020-11-04T21:41:58.242+0300][32,172s][info][gc] Trigger: Average GC time (97,46 ms) is above the time for allocation rate (1326 MB/s) to deplete free headroom (125M)
[2020-11-04T21:41:58.243+0300][32,172s][info][gc] GC(226) Concurrent reset 0,624ms
[2020-11-04T21:41:58.243+0300][32,173s][info][gc] GC(226) Pause Init Mark (unload classes) 0,122ms
[2020-11-04T21:41:58.271+0300][32,201s][info][gc] GC(226) Concurrent marking (unload classes) 28,173ms
[2020-11-04T21:41:58.272+0300][32,202s][info][gc] GC(226) Pause Final Mark (unload classes) 0,463ms
[2020-11-04T21:41:58.272+0300][32,202s][info][gc] GC(226) Concurrent weak roots 0,471ms
[2020-11-04T21:41:58.273+0300][32,202s][info][gc] GC(226) Concurrent cleanup 355M->351M(512M) 0,041ms
[2020-11-04T21:41:58.273+0300][32,203s][info][gc] GC(226) Concurrent class unloading 0,807ms
[2020-11-04T21:41:58.273+0300][32,203s][info][gc] GC(226) Concurrent strong roots 0,072ms
[2020-11-04T21:41:58.278+0300][32,208s][info][gc] GC(226) Concurrent evacuation 4,555ms
[2020-11-04T21:41:58.278+0300][32,208s][info][gc] GC(226) Pause Init Update Refs 0,017ms
[2020-11-04T21:41:58.291+0300][32,221s][info][gc] GC(226) Concurrent update references 12,272ms
[2020-11-04T21:41:58.291+0300][32,221s][info][gc] GC(226) Pause Final Update Refs 0,256ms
[2020-11-04T21:41:58.291+0300][32,221s][info][gc] GC(226) Concurrent cleanup 389M->101M(512M) 0,124ms
[2020-11-04T21:41:58.361+0300][32,291s][info][gc] Trigger: Average GC time (88,68 ms) is above the time for allocation rate (2000 MB/s) to deplete free headroom (174M)
[2020-11-04T21:41:58.362+0300][32,292s][info][gc] GC(227) Concurrent reset 0,561ms
[2020-11-04T21:41:58.362+0300][32,292s][info][gc] GC(227) Pause Init Mark (unload classes) 0,123ms
[2020-11-04T21:41:58.399+0300][32,329s][info][gc] GC(227) Concurrent marking (unload classes) 36,374ms
[2020-11-04T21:41:58.400+0300][32,329s][info][gc] GC(227) Pause Final Mark (unload classes) 0,485ms
[2020-11-04T21:41:58.400+0300][32,330s][info][gc] GC(227) Concurrent weak roots 0,440ms
[2020-11-04T21:41:58.400+0300][32,330s][info][gc] GC(227) Concurrent cleanup 314M->314M(512M) 0,037ms
[2020-11-04T21:41:58.401+0300][32,331s][info][gc] GC(227) Concurrent class unloading 0,806ms
[2020-11-04T21:41:58.401+0300][32,331s][info][gc] GC(227) Concurrent strong roots 0,049ms
[2020-11-04T21:41:58.407+0300][32,337s][info][gc] GC(227) Concurrent evacuation 6,198ms
[2020-11-04T21:41:58.408+0300][32,337s][info][gc] GC(227) Pause Init Update Refs 0,025ms
[2020-11-04T21:41:58.423+0300][32,353s][info][gc] GC(227) Concurrent update references 15,311ms
[2020-11-04T21:41:58.423+0300][32,353s][info][gc] GC(227) Pause Final Update Refs 0,134ms
[2020-11-04T21:41:58.424+0300][32,353s][info][gc] GC(227) Concurrent cleanup 361M->122M(512M) 0,088ms
[2020-11-04T21:41:58.492+0300][32,422s][info][gc] Trigger: Average GC time (82,12 ms) is above the time for allocation rate (1914 MB/s) to deplete free headroom (155M)
[2020-11-04T21:41:58.493+0300][32,423s][info][gc] GC(228) Concurrent reset 0,531ms
[2020-11-04T21:41:58.493+0300][32,423s][info][gc] GC(228) Pause Init Mark (unload classes) 0,110ms
[2020-11-04T21:41:58.529+0300][32,459s][info][gc] GC(228) Concurrent marking (unload classes) 35,124ms
[2020-11-04T21:41:58.529+0300][32,459s][info][gc] GC(228) Pause Final Mark (unload classes) 0,464ms
[2020-11-04T21:41:58.530+0300][32,460s][info][gc] GC(228) Concurrent weak roots 0,391ms
[2020-11-04T21:41:58.530+0300][32,460s][info][gc] GC(228) Concurrent cleanup 330M->330M(512M) 0,022ms
[2020-11-04T21:41:58.531+0300][32,460s][info][gc] GC(228) Concurrent class unloading 0,672ms
[2020-11-04T21:41:58.531+0300][32,460s][info][gc] GC(228) Concurrent strong roots 0,059ms
[2020-11-04T21:41:58.538+0300][32,468s][info][gc] GC(228) Concurrent evacuation 7,643ms
[2020-11-04T21:41:58.539+0300][32,468s][info][gc] GC(228) Pause Init Update Refs 0,021ms
[2020-11-04T21:41:58.556+0300][32,486s][info][gc] GC(228) Concurrent update references 17,008ms
[2020-11-04T21:41:58.556+0300][32,486s][info][gc] GC(228) Pause Final Update Refs 0,193ms
[2020-11-04T21:41:58.556+0300][32,486s][info][gc] GC(228) Concurrent cleanup 380M->130M(512M) 0,110ms
[2020-11-04T21:41:58.627+0300][32,557s][info][gc] Trigger: Average GC time (76,47 ms) is above the time for allocation rate (1898 MB/s) to deplete free headroom (142M)
[2020-11-04T21:41:58.628+0300][32,558s][info][gc] GC(229) Concurrent reset 0,590ms
[2020-11-04T21:41:58.628+0300][32,558s][info][gc] GC(229) Pause Init Mark (unload classes) 0,225ms
[2020-11-04T21:41:58.657+0300][32,587s][info][gc] GC(229) Concurrent marking (unload classes) 28,570ms
[2020-11-04T21:41:58.658+0300][32,588s][info][gc] GC(229) Pause Final Mark (unload classes) 0,374ms
[2020-11-04T21:41:58.658+0300][32,588s][info][gc] GC(229) Concurrent weak roots 0,439ms
[2020-11-04T21:41:58.658+0300][32,588s][info][gc] GC(229) Concurrent cleanup 341M->341M(512M) 0,039ms
[2020-11-04T21:41:58.659+0300][32,589s][info][gc] GC(229) Concurrent class unloading 0,889ms
[2020-11-04T21:41:58.659+0300][32,589s][info][gc] GC(229) Concurrent strong roots 0,118ms
[2020-11-04T21:41:58.666+0300][32,596s][info][gc] GC(229) Concurrent evacuation 6,615ms
[2020-11-04T21:41:58.666+0300][32,596s][info][gc] GC(229) Pause Init Update Refs 0,011ms
[2020-11-04T21:41:58.686+0300][32,616s][info][gc] GC(229) Concurrent update references 19,996ms
[2020-11-04T21:41:58.687+0300][32,617s][info][gc] GC(229) Pause Final Update Refs 0,165ms
[2020-11-04T21:41:58.687+0300][32,617s][info][gc] GC(229) Concurrent cleanup 394M->138M(512M) 0,135ms
[2020-11-04T21:41:58.758+0300][32,688s][info][gc] Trigger: Average GC time (69,51 ms) is above the time for allocation rate (1965 MB/s) to deplete free headroom (133M)
[2020-11-04T21:41:58.759+0300][32,689s][info][gc] GC(230) Concurrent reset 0,601ms
[2020-11-04T21:41:58.759+0300][32,689s][info][gc] GC(230) Pause Init Mark (process weakrefs) (unload classes) 0,121ms
[2020-11-04T21:41:58.800+0300][32,729s][info][gc] GC(230) Concurrent marking (process weakrefs) (unload classes) 40,309ms
[2020-11-04T21:41:58.800+0300][32,730s][info][gc] GC(230) Concurrent precleaning 0,171ms
[2020-11-04T21:41:58.801+0300][32,730s][info][gc] GC(230) Pause Final Mark (process weakrefs) (unload classes) 0,435ms
[2020-11-04T21:41:58.801+0300][32,731s][info][gc] GC(230) Concurrent weak roots 0,370ms
[2020-11-04T21:41:58.801+0300][32,731s][info][gc] GC(230) Concurrent cleanup 351M->351M(512M) 0,032ms
[2020-11-04T21:41:58.802+0300][32,732s][info][gc] GC(230) Concurrent class unloading 1,072ms
[2020-11-04T21:41:58.802+0300][32,732s][info][gc] GC(230) Concurrent strong roots 0,072ms
[2020-11-04T21:41:58.809+0300][32,738s][info][gc] GC(230) Concurrent evacuation 6,315ms
[2020-11-04T21:41:58.809+0300][32,739s][info][gc] GC(230) Pause Init Update Refs 0,014ms
[2020-11-04T21:41:58.832+0300][32,762s][info][gc] GC(230) Concurrent update references 23,161ms
[2020-11-04T21:41:58.833+0300][32,763s][info][gc] GC(230) Pause Final Update Refs 0,288ms
[2020-11-04T21:41:58.833+0300][32,763s][info][gc] GC(230) Concurrent cleanup 403M->145M(512M) 0,127ms
[2020-11-04T21:41:58.910+0300][32,840s][info][gc] Trigger: Average GC time (62,06 ms) is above the time for allocation rate (1800 MB/s) to deplete free headroom (109M)
[2020-11-04T21:41:58.911+0300][32,841s][info][gc] GC(231) Concurrent reset 0,557ms
[2020-11-04T21:41:58.911+0300][32,841s][info][gc] GC(231) Pause Init Mark (unload classes) 0,250ms
[2020-11-04T21:41:58.949+0300][32,878s][info][gc] GC(231) Concurrent marking (unload classes) 37,049ms
[2020-11-04T21:41:58.949+0300][32,879s][info][gc] GC(231) Pause Final Mark (unload classes) 0,703ms
[2020-11-04T21:41:58.950+0300][32,880s][info][gc] GC(231) Concurrent weak roots 0,517ms
[2020-11-04T21:41:58.950+0300][32,880s][info][gc] GC(231) Concurrent cleanup 374M->374M(512M) 0,036ms
[2020-11-04T21:41:58.951+0300][32,881s][info][gc] GC(231) Concurrent class unloading 0,936ms
[2020-11-04T21:41:58.951+0300][32,881s][info][gc] GC(231) Concurrent strong roots 0,075ms
[2020-11-04T21:41:58.958+0300][32,888s][info][gc] GC(231) Concurrent evacuation 6,707ms
[2020-11-04T21:41:58.958+0300][32,888s][info][gc] GC(231) Pause Init Update Refs 0,014ms
[2020-11-04T21:41:58.984+0300][32,914s][info][gc] GC(231) Concurrent update references 26,253ms
[2020-11-04T21:41:58.985+0300][32,915s][info][gc] GC(231) Pause Final Update Refs 0,304ms
[2020-11-04T21:41:58.985+0300][32,915s][info][gc] GC(231) Concurrent cleanup 427M->153M(512M) 0,174ms
[2020-11-04T21:41:59.057+0300][32,987s][info][gc] Trigger: Average GC time (67,12 ms) is above the time for allocation rate (1759 MB/s) to deplete free headroom (117M)
[2020-11-04T21:41:59.058+0300][32,988s][info][gc] GC(232) Concurrent reset 0,588ms
[2020-11-04T21:41:59.058+0300][32,988s][info][gc] GC(232) Pause Init Mark (unload classes) 0,152ms
[2020-11-04T21:41:59.098+0300][33,028s][info][gc] GC(232) Concurrent marking (unload classes) 39,350ms
[2020-11-04T21:41:59.099+0300][33,028s][info][gc] GC(232) Pause Final Mark (unload classes) 0,567ms
[2020-11-04T21:41:59.099+0300][33,029s][info][gc] GC(232) Concurrent weak roots 0,395ms
[2020-11-04T21:41:59.099+0300][33,029s][info][gc] GC(232) Concurrent cleanup 365M->365M(512M) 0,033ms
[2020-11-04T21:41:59.100+0300][33,030s][info][gc] GC(232) Concurrent class unloading 0,801ms
[2020-11-04T21:41:59.100+0300][33,030s][info][gc] GC(232) Concurrent strong roots 0,059ms
[2020-11-04T21:41:59.106+0300][33,036s][info][gc] GC(232) Concurrent evacuation 6,355ms
[2020-11-04T21:41:59.107+0300][33,037s][info][gc] GC(232) Pause Init Update Refs 0,013ms
[2020-11-04T21:41:59.130+0300][33,060s][info][gc] GC(232) Concurrent update references 23,233ms
[2020-11-04T21:41:59.130+0300][33,060s][info][gc] GC(232) Pause Final Update Refs 0,179ms
[2020-11-04T21:41:59.131+0300][33,060s][info][gc] GC(232) Concurrent cleanup 433M->174M(512M) 0,113ms
[2020-11-04T21:41:59.199+0300][33,128s][info][gc] Trigger: Average GC time (69,33 ms) is above the time for allocation rate (1755 MB/s) to deplete free headroom (120M)
[2020-11-04T21:41:59.199+0300][33,129s][info][gc] GC(233) Concurrent reset 0,599ms
[2020-11-04T21:41:59.200+0300][33,130s][info][gc] GC(233) Pause Init Mark (unload classes) 0,221ms
[2020-11-04T21:41:59.240+0300][33,169s][info][gc] GC(233) Concurrent marking (unload classes) 39,737ms
[2020-11-04T21:41:59.240+0300][33,170s][info][gc] GC(233) Pause Final Mark (unload classes) 0,289ms
[2020-11-04T21:41:59.240+0300][33,170s][info][gc] GC(233) Concurrent weak roots 0,403ms
[2020-11-04T21:41:59.241+0300][33,170s][info][gc] GC(233) Concurrent cleanup 362M->362M(512M) 0,036ms
[2020-11-04T21:41:59.241+0300][33,171s][info][gc] GC(233) Concurrent class unloading 0,838ms
[2020-11-04T21:41:59.241+0300][33,171s][info][gc] GC(233) Concurrent strong roots 0,047ms
[2020-11-04T21:41:59.249+0300][33,179s][info][gc] GC(233) Concurrent evacuation 7,968ms
[2020-11-04T21:41:59.250+0300][33,180s][info][gc] GC(233) Pause Init Update Refs 0,015ms
[2020-11-04T21:41:59.275+0300][33,205s][info][gc] GC(233) Concurrent update references 25,033ms
[2020-11-04T21:41:59.275+0300][33,205s][info][gc] GC(233) Pause Final Update Refs 0,239ms
[2020-11-04T21:41:59.276+0300][33,205s][info][gc] GC(233) Concurrent cleanup 427M->179M(512M) 0,123ms
[2020-11-04T21:41:59.335+0300][33,265s][info][gc] Trigger: Average GC time (71,97 ms) is above the time for allocation rate (1741 MB/s) to deplete free headroom (123M)
[2020-11-04T21:41:59.336+0300][33,265s][info][gc] GC(234) Concurrent reset 0,691ms
[2020-11-04T21:41:59.336+0300][33,266s][info][gc] GC(234) Pause Init Mark (unload classes) 0,122ms
[2020-11-04T21:41:59.379+0300][33,308s][info][gc] GC(234) Concurrent marking (unload classes) 42,491ms
[2020-11-04T21:41:59.379+0300][33,309s][info][gc] GC(234) Pause Final Mark (unload classes) 0,563ms
[2020-11-04T21:41:59.380+0300][33,310s][info][gc] GC(234) Concurrent weak roots 0,456ms
[2020-11-04T21:41:59.380+0300][33,310s][info][gc] GC(234) Concurrent cleanup 359M->359M(512M) 0,035ms
[2020-11-04T21:41:59.381+0300][33,311s][info][gc] GC(234) Concurrent class unloading 0,879ms
[2020-11-04T21:41:59.381+0300][33,311s][info][gc] GC(234) Concurrent strong roots 0,063ms
[2020-11-04T21:41:59.387+0300][33,317s][info][gc] GC(234) Concurrent evacuation 5,814ms
[2020-11-04T21:41:59.387+0300][33,317s][info][gc] GC(234) Pause Init Update Refs 0,011ms
[2020-11-04T21:41:59.418+0300][33,348s][info][gc] GC(234) Concurrent update references 30,590ms
[2020-11-04T21:41:59.418+0300][33,348s][info][gc] GC(234) Pause Final Update Refs 0,156ms
[2020-11-04T21:41:59.418+0300][33,348s][info][gc] GC(234) Concurrent cleanup 416M->179M(512M) 0,087ms
[2020-11-04T21:41:59.479+0300][33,409s][info][gc] Trigger: Average GC time (76,69 ms) is above the time for allocation rate (1618 MB/s) to deplete free headroom (121M)
[2020-11-04T21:41:59.480+0300][33,409s][info][gc] GC(235) Concurrent reset 0,649ms
[2020-11-04T21:41:59.480+0300][33,410s][info][gc] GC(235) Pause Init Mark (process weakrefs) (unload classes) 0,217ms
[2020-11-04T21:41:59.525+0300][33,455s][info][gc] GC(235) Concurrent marking (process weakrefs) (unload classes) 45,106ms
[2020-11-04T21:41:59.525+0300][33,455s][info][gc] GC(235) Concurrent precleaning 0,164ms
[2020-11-04T21:41:59.526+0300][33,456s][info][gc] GC(235) Pause Final Mark (process weakrefs) (unload classes) 0,554ms
[2020-11-04T21:41:59.527+0300][33,457s][info][gc] GC(235) Concurrent weak roots 0,391ms
[2020-11-04T21:41:59.527+0300][33,457s][info][gc] GC(235) Concurrent cleanup 361M->361M(512M) 0,036ms
[2020-11-04T21:41:59.528+0300][33,457s][info][gc] GC(235) Concurrent class unloading 0,810ms
[2020-11-04T21:41:59.528+0300][33,458s][info][gc] GC(235) Concurrent strong roots 0,114ms
[2020-11-04T21:41:59.533+0300][33,463s][info][gc] GC(235) Concurrent evacuation 5,702ms
[2020-11-04T21:41:59.534+0300][33,464s][info][gc] GC(235) Pause Init Update Refs 0,023ms
[2020-11-04T21:41:59.561+0300][33,491s][info][gc] GC(235) Concurrent update references 27,539ms
[2020-11-04T21:41:59.562+0300][33,492s][info][gc] GC(235) Pause Final Update Refs 0,148ms
[2020-11-04T21:41:59.562+0300][33,492s][info][gc] GC(235) Concurrent cleanup 437M->204M(512M) 0,120ms
[2020-11-04T21:41:59.610+0300][33,540s][info][gc] Trigger: Average GC time (78,38 ms) is above the time for allocation rate (1659 MB/s) to deplete free headroom (129M)
[2020-11-04T21:41:59.610+0300][33,540s][info][gc] GC(236) Concurrent reset 0,623ms
[2020-11-04T21:41:59.611+0300][33,541s][info][gc] GC(236) Pause Init Mark (unload classes) 0,106ms
[2020-11-04T21:41:59.658+0300][33,588s][info][gc] GC(236) Concurrent marking (unload classes) 47,379ms
[2020-11-04T21:41:59.659+0300][33,589s][info][gc] GC(236) Pause Final Mark (unload classes) 0,514ms
[2020-11-04T21:41:59.660+0300][33,589s][info][gc] GC(236) Concurrent weak roots 0,485ms
[2020-11-04T21:41:59.660+0300][33,590s][info][gc] GC(236) Concurrent cleanup 353M->353M(512M) 0,033ms
[2020-11-04T21:41:59.661+0300][33,590s][info][gc] GC(236) Concurrent class unloading 0,871ms
[2020-11-04T21:41:59.661+0300][33,591s][info][gc] GC(236) Concurrent strong roots 0,066ms
[2020-11-04T21:41:59.666+0300][33,596s][info][gc] GC(236) Concurrent evacuation 5,262ms
[2020-11-04T21:41:59.666+0300][33,596s][info][gc] GC(236) Pause Init Update Refs 0,012ms
[2020-11-04T21:41:59.696+0300][33,626s][info][gc] GC(236) Concurrent update references 30,100ms
[2020-11-04T21:41:59.697+0300][33,627s][info][gc] GC(236) Pause Final Update Refs 0,346ms
[2020-11-04T21:41:59.697+0300][33,627s][info][gc] GC(236) Concurrent cleanup 427M->209M(512M) 0,157ms
[2020-11-04T21:41:59.744+0300][33,674s][info][gc] Trigger: Average GC time (80,89 ms) is above the time for allocation rate (1592 MB/s) to deplete free headroom (127M)
[2020-11-04T21:41:59.745+0300][33,674s][info][gc] GC(237) Concurrent reset 0,614ms
[2020-11-04T21:41:59.745+0300][33,675s][info][gc] GC(237) Pause Init Mark (unload classes) 0,244ms
[2020-11-04T21:41:59.821+0300][33,751s][info][gc] GC(237) Concurrent marking (unload classes) 75,540ms
[2020-11-04T21:41:59.822+0300][33,751s][info][gc] GC(237) Pause Final Mark (unload classes) 0,406ms
[2020-11-04T21:41:59.822+0300][33,752s][info][gc] GC(237) Concurrent weak roots 0,421ms
[2020-11-04T21:41:59.822+0300][33,752s][info][gc] GC(237) Concurrent cleanup 356M->356M(512M) 0,036ms
[2020-11-04T21:41:59.823+0300][33,753s][info][gc] GC(237) Concurrent class unloading 0,841ms
[2020-11-04T21:41:59.823+0300][33,753s][info][gc] GC(237) Concurrent strong roots 0,062ms
[2020-11-04T21:41:59.828+0300][33,758s][info][gc] GC(237) Concurrent evacuation 5,278ms
[2020-11-04T21:41:59.829+0300][33,758s][info][gc] GC(237) Pause Init Update Refs 0,015ms
[2020-11-04T21:41:59.858+0300][33,788s][info][gc] GC(237) Concurrent update references 29,641ms
[2020-11-04T21:41:59.859+0300][33,789s][info][gc] GC(237) Pause Final Update Refs 0,402ms
[2020-11-04T21:41:59.859+0300][33,789s][info][gc] GC(237) Concurrent cleanup 435M->221M(512M) 0,127ms
[2020-11-04T21:41:59.905+0300][33,835s][info][gc] Trigger: Average GC time (89,31 ms) is above the time for allocation rate (1347 MB/s) to deplete free headroom (118M)
[2020-11-04T21:41:59.906+0300][33,835s][info][gc] GC(238) Concurrent reset 0,593ms
[2020-11-04T21:41:59.906+0300][33,836s][info][gc] GC(238) Pause Init Mark (unload classes) 0,110ms
[2020-11-04T21:41:59.958+0300][33,888s][info][gc] GC(238) Concurrent marking (unload classes) 52,016ms
[2020-11-04T21:41:59.959+0300][33,889s][info][gc] GC(238) Pause Final Mark (unload classes) 0,515ms
[2020-11-04T21:41:59.959+0300][33,889s][info][gc] GC(238) Concurrent weak roots 0,479ms
[2020-11-04T21:41:59.959+0300][33,889s][info][gc] GC(238) Concurrent cleanup 362M->362M(512M) 0,034ms
[2020-11-04T21:41:59.960+0300][33,890s][info][gc] GC(238) Concurrent class unloading 0,806ms
[2020-11-04T21:41:59.960+0300][33,890s][info][gc] GC(238) Concurrent strong roots 0,059ms
[2020-11-04T21:41:59.966+0300][33,896s][info][gc] GC(238) Concurrent evacuation 5,328ms
[2020-11-04T21:41:59.966+0300][33,896s][info][gc] GC(238) Pause Init Update Refs 0,024ms
[2020-11-04T21:41:59.997+0300][33,927s][info][gc] GC(238) Concurrent update references 30,734ms
[2020-11-04T21:41:59.997+0300][33,927s][info][gc] GC(238) Pause Final Update Refs 0,166ms
[2020-11-04T21:41:59.998+0300][33,927s][info][gc] GC(238) Concurrent cleanup 444M->227M(512M) 0,084ms
[2020-11-04T21:42:00.035+0300][33,964s][info][gc] Trigger: Average GC time (92,43 ms) is above the time for allocation rate (1493 MB/s) to deplete free headroom (134M)
[2020-11-04T21:42:00.035+0300][33,965s][info][gc] GC(239) Concurrent reset 0,596ms
[2020-11-04T21:42:00.036+0300][33,966s][info][gc] GC(239) Pause Init Mark (unload classes) 0,095ms
[2020-11-04T21:42:00.089+0300][34,019s][info][gc] GC(239) Concurrent marking (unload classes) 53,423ms
[2020-11-04T21:42:00.090+0300][34,020s][info][gc] GC(239) Pause Final Mark (unload classes) 0,423ms
[2020-11-04T21:42:00.090+0300][34,020s][info][gc] GC(239) Concurrent weak roots 0,361ms
[2020-11-04T21:42:00.090+0300][34,020s][info][gc] GC(239) Concurrent cleanup 348M->348M(512M) 0,032ms
[2020-11-04T21:42:00.091+0300][34,021s][info][gc] GC(239) Concurrent class unloading 0,739ms
[2020-11-04T21:42:00.091+0300][34,021s][info][gc] GC(239) Concurrent strong roots 0,052ms
[2020-11-04T21:42:00.096+0300][34,026s][info][gc] GC(239) Concurrent evacuation 4,697ms
[2020-11-04T21:42:00.096+0300][34,026s][info][gc] GC(239) Pause Init Update Refs 0,013ms
[2020-11-04T21:42:00.129+0300][34,059s][info][gc] GC(239) Concurrent update references 32,549ms
[2020-11-04T21:42:00.129+0300][34,059s][info][gc] GC(239) Pause Final Update Refs 0,131ms
[2020-11-04T21:42:00.129+0300][34,059s][info][gc] GC(239) Concurrent cleanup 430M->235M(512M) 0,078ms
[2020-11-04T21:42:00.163+0300][34,093s][info][gc] Trigger: Average GC time (94,68 ms) is above the time for allocation rate (1460 MB/s) to deplete free headroom (135M)
[2020-11-04T21:42:00.164+0300][34,094s][info][gc] GC(240) Concurrent reset 0,610ms
[2020-11-04T21:42:00.164+0300][34,094s][info][gc] GC(240) Pause Init Mark (process weakrefs) (unload classes) 0,142ms
[2020-11-04T21:42:00.228+0300][34,158s][info][gc] GC(240) Concurrent marking (process weakrefs) (unload classes) 63,728ms
[2020-11-04T21:42:00.228+0300][34,158s][info][gc] GC(240) Concurrent precleaning 0,156ms
[2020-11-04T21:42:00.229+0300][34,159s][info][gc] GC(240) Pause Final Mark (process weakrefs) (unload classes) 0,583ms
[2020-11-04T21:42:00.230+0300][34,160s][info][gc] GC(240) Concurrent weak roots 0,520ms
[2020-11-04T21:42:00.230+0300][34,160s][info][gc] GC(240) Concurrent cleanup 348M->348M(512M) 0,035ms
[2020-11-04T21:42:00.231+0300][34,161s][info][gc] GC(240) Concurrent class unloading 0,990ms
[2020-11-04T21:42:00.231+0300][34,161s][info][gc] GC(240) Concurrent strong roots 0,092ms
[2020-11-04T21:42:00.236+0300][34,166s][info][gc] GC(240) Concurrent evacuation 5,298ms
[2020-11-04T21:42:00.237+0300][34,167s][info][gc] GC(240) Pause Init Update Refs 0,022ms
[2020-11-04T21:42:00.270+0300][34,200s][info][gc] GC(240) Concurrent update references 32,870ms
[2020-11-04T21:42:00.270+0300][34,200s][info][gc] GC(240) Pause Final Update Refs 0,151ms
[2020-11-04T21:42:00.270+0300][34,200s][info][gc] GC(240) Concurrent cleanup 430M->241M(512M) 0,091ms
[2020-11-04T21:42:00.319+0300][34,249s][info][gc] Trigger: Average GC time (99,43 ms) is above the time for allocation rate (1253 MB/s) to deplete free headroom (122M)
[2020-11-04T21:42:00.320+0300][34,250s][info][gc] GC(241) Concurrent reset 0,629ms
[2020-11-04T21:42:00.320+0300][34,250s][info][gc] GC(241) Pause Init Mark (unload classes) 0,179ms
[2020-11-04T21:42:00.350+0300][34,280s][info][gc] GC(241) Concurrent marking (unload classes) 29,914ms
[2020-11-04T21:42:00.351+0300][34,281s][info][gc] GC(241) Pause Final Mark (unload classes) 0,407ms
[2020-11-04T21:42:00.351+0300][34,281s][info][gc] GC(241) Concurrent weak roots 0,423ms
[2020-11-04T21:42:00.351+0300][34,281s][info][gc] GC(241) Concurrent cleanup 358M->354M(512M) 0,040ms
[2020-11-04T21:42:00.352+0300][34,282s][info][gc] GC(241) Concurrent class unloading 0,846ms
[2020-11-04T21:42:00.352+0300][34,282s][info][gc] GC(241) Concurrent strong roots 0,146ms
[2020-11-04T21:42:00.355+0300][34,285s][info][gc] GC(241) Concurrent evacuation 2,958ms
[2020-11-04T21:42:00.356+0300][34,286s][info][gc] GC(241) Pause Init Update Refs 0,011ms
[2020-11-04T21:42:00.367+0300][34,297s][info][gc] GC(241) Concurrent update references 11,324ms
[2020-11-04T21:42:00.368+0300][34,297s][info][gc] GC(241) Pause Final Update Refs 0,164ms
[2020-11-04T21:42:00.368+0300][34,298s][info][gc] GC(241) Concurrent cleanup 388M->99M(512M) 0,131ms
[2020-11-04T21:42:00.437+0300][34,367s][info][gc] Trigger: Average GC time (91,69 ms) is above the time for allocation rate (1968 MB/s) to deplete free headroom (179M)
[2020-11-04T21:42:00.437+0300][34,367s][info][gc] GC(242) Concurrent reset 0,644ms
[2020-11-04T21:42:00.438+0300][34,368s][info][gc] GC(242) Pause Init Mark (unload classes) 0,116ms
[2020-11-04T21:42:00.464+0300][34,394s][info][gc] GC(242) Concurrent marking (unload classes) 26,450ms
[2020-11-04T21:42:00.465+0300][34,395s][info][gc] GC(242) Pause Final Mark (unload classes) 0,549ms
[2020-11-04T21:42:00.466+0300][34,396s][info][gc] GC(242) Concurrent weak roots 0,428ms
[2020-11-04T21:42:00.466+0300][34,396s][info][gc] GC(242) Concurrent cleanup 308M->308M(512M) 0,047ms
[2020-11-04T21:42:00.467+0300][34,397s][info][gc] GC(242) Concurrent class unloading 0,938ms
[2020-11-04T21:42:00.467+0300][34,397s][info][gc] GC(242) Concurrent strong roots 0,133ms
[2020-11-04T21:42:00.473+0300][34,402s][info][gc] GC(242) Concurrent evacuation 5,678ms
[2020-11-04T21:42:00.473+0300][34,403s][info][gc] GC(242) Pause Init Update Refs 0,021ms
[2020-11-04T21:42:00.489+0300][34,418s][info][gc] GC(242) Concurrent update references 15,503ms
[2020-11-04T21:42:00.489+0300][34,419s][info][gc] GC(242) Pause Final Update Refs 0,165ms
[2020-11-04T21:42:00.489+0300][34,419s][info][gc] GC(242) Concurrent cleanup 355M->123M(512M) 0,159ms
[2020-11-04T21:42:00.556+0300][34,486s][info][gc] Trigger: Average GC time (79,15 ms) is above the time for allocation rate (2046 MB/s) to deplete free headroom (160M)
[2020-11-04T21:42:00.557+0300][34,487s][info][gc] GC(243) Concurrent reset 0,588ms
[2020-11-04T21:42:00.557+0300][34,487s][info][gc] GC(243) Pause Init Mark (unload classes) 0,253ms
[2020-11-04T21:42:00.584+0300][34,514s][info][gc] GC(243) Concurrent marking (unload classes) 26,806ms
[2020-11-04T21:42:00.585+0300][34,515s][info][gc] GC(243) Pause Final Mark (unload classes) 0,690ms
[2020-11-04T21:42:00.586+0300][34,515s][info][gc] GC(243) Concurrent weak roots 0,393ms
[2020-11-04T21:42:00.586+0300][34,515s][info][gc] GC(243) Concurrent cleanup 326M->326M(512M) 0,032ms
[2020-11-04T21:42:00.587+0300][34,516s][info][gc] GC(243) Concurrent class unloading 0,890ms
[2020-11-04T21:42:00.587+0300][34,517s][info][gc] GC(243) Concurrent strong roots 0,130ms
[2020-11-04T21:42:00.593+0300][34,522s][info][gc] GC(243) Concurrent evacuation 5,895ms
[2020-11-04T21:42:00.593+0300][34,523s][info][gc] GC(243) Pause Init Update Refs 0,014ms
[2020-11-04T21:42:00.610+0300][34,540s][info][gc] GC(243) Concurrent update references 16,852ms
[2020-11-04T21:42:00.610+0300][34,540s][info][gc] GC(243) Pause Final Update Refs 0,163ms
[2020-11-04T21:42:00.611+0300][34,540s][info][gc] GC(243) Concurrent cleanup 380M->136M(512M) 0,083ms
[2020-11-04T21:42:00.678+0300][34,608s][info][gc] Trigger: Average GC time (71,50 ms) is above the time for allocation rate (2067 MB/s) to deplete free headroom (144M)
[2020-11-04T21:42:00.679+0300][34,609s][info][gc] GC(244) Concurrent reset 0,540ms
[2020-11-04T21:42:00.680+0300][34,609s][info][gc] GC(244) Pause Init Mark (unload classes) 0,338ms
[2020-11-04T21:42:00.711+0300][34,641s][info][gc] GC(244) Concurrent marking (unload classes) 31,582ms
[2020-11-04T21:42:00.712+0300][34,642s][info][gc] GC(244) Pause Final Mark (unload classes) 0,441ms
[2020-11-04T21:42:00.712+0300][34,642s][info][gc] GC(244) Concurrent weak roots 0,382ms
[2020-11-04T21:42:00.712+0300][34,642s][info][gc] GC(244) Concurrent cleanup 340M->340M(512M) 0,032ms
[2020-11-04T21:42:00.713+0300][34,643s][info][gc] GC(244) Concurrent class unloading 0,969ms
[2020-11-04T21:42:00.714+0300][34,643s][info][gc] GC(244) Concurrent strong roots 0,063ms
[2020-11-04T21:42:00.720+0300][34,650s][info][gc] GC(244) Concurrent evacuation 6,152ms
[2020-11-04T21:42:00.720+0300][34,650s][info][gc] GC(244) Pause Init Update Refs 0,012ms
[2020-11-04T21:42:00.739+0300][34,669s][info][gc] GC(244) Concurrent update references 18,783ms
[2020-11-04T21:42:00.739+0300][34,669s][info][gc] GC(244) Pause Final Update Refs 0,333ms
[2020-11-04T21:42:00.740+0300][34,669s][info][gc] GC(244) Concurrent cleanup 398M->145M(512M) 0,121ms
[2020-11-04T21:42:00.811+0300][34,740s][info][gc] Trigger: Average GC time (64,81 ms) is above the time for allocation rate (1989 MB/s) to deplete free headroom (126M)
[2020-11-04T21:42:00.811+0300][34,741s][info][gc] GC(245) Concurrent reset 0,547ms
[2020-11-04T21:42:00.812+0300][34,741s][info][gc] GC(245) Pause Init Mark (process weakrefs) (unload classes) 0,156ms
[2020-11-04T21:42:00.844+0300][34,774s][info][gc] GC(245) Concurrent marking (process weakrefs) (unload classes) 32,380ms
[2020-11-04T21:42:00.844+0300][34,774s][info][gc] GC(245) Concurrent precleaning 0,172ms
[2020-11-04T21:42:00.845+0300][34,775s][info][gc] GC(245) Pause Final Mark (process weakrefs) (unload classes) 0,524ms
[2020-11-04T21:42:00.846+0300][34,775s][info][gc] GC(245) Concurrent weak roots 0,383ms
[2020-11-04T21:42:00.846+0300][34,775s][info][gc] GC(245) Concurrent cleanup 357M->357M(512M) 0,034ms
[2020-11-04T21:42:00.847+0300][34,776s][info][gc] GC(245) Concurrent class unloading 0,967ms
[2020-11-04T21:42:00.847+0300][34,777s][info][gc] GC(245) Concurrent strong roots 0,124ms
[2020-11-04T21:42:00.853+0300][34,783s][info][gc] GC(245) Concurrent evacuation 6,272ms
[2020-11-04T21:42:00.853+0300][34,783s][info][gc] GC(245) Pause Init Update Refs 0,021ms
[2020-11-04T21:42:00.882+0300][34,812s][info][gc] GC(245) Concurrent update references 28,913ms
[2020-11-04T21:42:00.883+0300][34,813s][info][gc] GC(245) Pause Final Update Refs 0,384ms
[2020-11-04T21:42:00.883+0300][34,813s][info][gc] GC(245) Concurrent cleanup 439M->175M(512M) 0,153ms
[2020-11-04T21:42:00.949+0300][34,879s][info][gc] Trigger: Average GC time (57,96 ms) is above the time for allocation rate (1959 MB/s) to deplete free headroom (111M)
[2020-11-04T21:42:00.950+0300][34,879s][info][gc] GC(246) Concurrent reset 0,665ms
[2020-11-04T21:42:00.950+0300][34,880s][info][gc] GC(246) Pause Init Mark (unload classes) 0,134ms
[2020-11-04T21:42:00.997+0300][34,927s][info][gc] GC(246) Concurrent marking (unload classes) 46,825ms
[2020-11-04T21:42:00.998+0300][34,928s][info][gc] GC(246) Pause Final Mark (unload classes) 0,454ms
[2020-11-04T21:42:00.998+0300][34,928s][info][gc] GC(246) Concurrent weak roots 0,441ms
[2020-11-04T21:42:00.998+0300][34,928s][info][gc] GC(246) Concurrent cleanup 371M->371M(512M) 0,052ms
[2020-11-04T21:42:00.999+0300][34,929s][info][gc] GC(246) Concurrent class unloading 1,067ms
[2020-11-04T21:42:01.000+0300][34,929s][info][gc] GC(246) Concurrent strong roots 0,179ms
[2020-11-04T21:42:01.006+0300][34,936s][info][gc] GC(246) Concurrent evacuation 6,571ms
[2020-11-04T21:42:01.007+0300][34,936s][info][gc] GC(246) Pause Init Update Refs 0,028ms
[2020-11-04T21:42:01.030+0300][34,960s][info][gc] GC(246) Concurrent update references 23,760ms
[2020-11-04T21:42:01.031+0300][34,961s][info][gc] GC(246) Pause Final Update Refs 0,164ms
[2020-11-04T21:42:01.031+0300][34,961s][info][gc] GC(246) Concurrent cleanup 436M->164M(512M) 0,157ms
[2020-11-04T21:42:01.102+0300][35,032s][info][gc] Trigger: Average GC time (64,64 ms) is above the time for allocation rate (1725 MB/s) to deplete free headroom (110M)
[2020-11-04T21:42:01.103+0300][35,033s][info][gc] GC(247) Concurrent reset 0,621ms
[2020-11-04T21:42:01.103+0300][35,033s][info][gc] GC(247) Pause Init Mark (unload classes) 0,319ms
[2020-11-04T21:42:01.150+0300][35,079s][info][gc] GC(247) Concurrent marking (unload classes) 46,095ms
[2020-11-04T21:42:01.150+0300][35,080s][info][gc] GC(247) Pause Final Mark (unload classes) 0,505ms
[2020-11-04T21:42:01.151+0300][35,080s][info][gc] GC(247) Concurrent weak roots 0,298ms
[2020-11-04T21:42:01.151+0300][35,081s][info][gc] GC(247) Concurrent cleanup 371M->371M(512M) 0,039ms
[2020-11-04T21:42:01.152+0300][35,081s][info][gc] GC(247) Concurrent class unloading 0,834ms
[2020-11-04T21:42:01.152+0300][35,082s][info][gc] GC(247) Concurrent strong roots 0,143ms
[2020-11-04T21:42:01.158+0300][35,088s][info][gc] GC(247) Concurrent evacuation 6,279ms
[2020-11-04T21:42:01.158+0300][35,088s][info][gc] GC(247) Pause Init Update Refs 0,028ms
[2020-11-04T21:42:01.186+0300][35,116s][info][gc] GC(247) Concurrent update references 27,911ms
[2020-11-04T21:42:01.187+0300][35,117s][info][gc] GC(247) Pause Final Update Refs 0,235ms
[2020-11-04T21:42:01.188+0300][35,118s][info][gc] GC(247) Concurrent cleanup 424M->160M(512M) 0,172ms
[2020-11-04T21:42:01.261+0300][35,191s][info][gc] Trigger: Average GC time (71,36 ms) is above the time for allocation rate (1591 MB/s) to deplete free headroom (113M)
[2020-11-04T21:42:01.262+0300][35,192s][info][gc] GC(248) Concurrent reset 0,672ms
[2020-11-04T21:42:01.263+0300][35,192s][info][gc] GC(248) Pause Init Mark (unload classes) 0,296ms
[2020-11-04T21:42:01.305+0300][35,235s][info][gc] GC(248) Concurrent marking (unload classes) 42,608ms
[2020-11-04T21:42:01.306+0300][35,236s][info][gc] GC(248) Pause Final Mark (unload classes) 0,734ms
[2020-11-04T21:42:01.307+0300][35,237s][info][gc] GC(248) Concurrent weak roots 0,432ms
[2020-11-04T21:42:01.307+0300][35,237s][info][gc] GC(248) Concurrent cleanup 369M->369M(512M) 0,035ms
[2020-11-04T21:42:01.308+0300][35,237s][info][gc] GC(248) Concurrent class unloading 0,819ms
[2020-11-04T21:42:01.308+0300][35,238s][info][gc] GC(248) Concurrent strong roots 0,062ms
[2020-11-04T21:42:01.316+0300][35,246s][info][gc] GC(248) Concurrent evacuation 8,017ms
[2020-11-04T21:42:01.316+0300][35,246s][info][gc] GC(248) Pause Init Update Refs 0,011ms
[2020-11-04T21:42:01.352+0300][35,282s][info][gc] GC(248) Concurrent update references 35,827ms
[2020-11-04T21:42:01.352+0300][35,282s][info][gc] GC(248) Pause Final Update Refs 0,163ms
[2020-11-04T21:42:01.352+0300][35,282s][info][gc] GC(248) Concurrent cleanup 469M->215M(512M) 0,127ms
[2020-11-04T21:42:01.395+0300][35,324s][info][gc] Trigger: Average GC time (78,69 ms) is above the time for allocation rate (1701 MB/s) to deplete free headroom (133M)
[2020-11-04T21:42:01.395+0300][35,325s][info][gc] GC(249) Concurrent reset 0,604ms
[2020-11-04T21:42:01.396+0300][35,325s][info][gc] GC(249) Pause Init Mark (unload classes) 0,116ms
[2020-11-04T21:42:01.451+0300][35,380s][info][gc] GC(249) Concurrent marking (unload classes) 54,803ms
[2020-11-04T21:42:01.451+0300][35,381s][info][gc] GC(249) Pause Final Mark (unload classes) 0,429ms
[2020-11-04T21:42:01.452+0300][35,381s][info][gc] GC(249) Concurrent weak roots 0,438ms
[2020-11-04T21:42:01.452+0300][35,382s][info][gc] GC(249) Concurrent cleanup 352M->352M(512M) 0,035ms
[2020-11-04T21:42:01.453+0300][35,382s][info][gc] GC(249) Concurrent class unloading 0,896ms
[2020-11-04T21:42:01.453+0300][35,383s][info][gc] GC(249) Concurrent strong roots 0,083ms
[2020-11-04T21:42:01.460+0300][35,390s][info][gc] GC(249) Concurrent evacuation 7,227ms
[2020-11-04T21:42:01.460+0300][35,390s][info][gc] GC(249) Pause Init Update Refs 0,022ms
[2020-11-04T21:42:01.487+0300][35,416s][info][gc] GC(249) Concurrent update references 26,248ms
[2020-11-04T21:42:01.487+0300][35,417s][info][gc] GC(249) Pause Final Update Refs 0,180ms
[2020-11-04T21:42:01.487+0300][35,417s][info][gc] GC(249) Concurrent cleanup 428M->202M(512M) 0,130ms
[2020-11-04T21:42:01.535+0300][35,465s][info][gc] Trigger: Average GC time (84,91 ms) is above the time for allocation rate (1577 MB/s) to deplete free headroom (131M)
[2020-11-04T21:42:01.535+0300][35,465s][info][gc] GC(250) Concurrent reset 0,602ms
[2020-11-04T21:42:01.536+0300][35,466s][info][gc] GC(250) Pause Init Mark (process weakrefs) (unload classes) 0,157ms
[2020-11-04T21:42:01.590+0300][35,520s][info][gc] GC(250) Concurrent marking (process weakrefs) (unload classes) 54,209ms
[2020-11-04T21:42:01.590+0300][35,520s][info][gc] GC(250) Concurrent precleaning 0,168ms
[2020-11-04T21:42:01.591+0300][35,521s][info][gc] GC(250) Pause Final Mark (process weakrefs) (unload classes) 0,727ms
[2020-11-04T21:42:01.592+0300][35,522s][info][gc] GC(250) Concurrent weak roots 0,414ms
[2020-11-04T21:42:01.592+0300][35,522s][info][gc] GC(250) Concurrent cleanup 352M->352M(512M) 0,033ms
[2020-11-04T21:42:01.593+0300][35,522s][info][gc] GC(250) Concurrent class unloading 0,872ms
[2020-11-04T21:42:01.593+0300][35,523s][info][gc] GC(250) Concurrent strong roots 0,137ms
[2020-11-04T21:42:01.600+0300][35,530s][info][gc] GC(250) Concurrent evacuation 6,966ms
[2020-11-04T21:42:01.600+0300][35,530s][info][gc] GC(250) Pause Init Update Refs 0,015ms
[2020-11-04T21:42:01.628+0300][35,557s][info][gc] GC(250) Concurrent update references 27,474ms
[2020-11-04T21:42:01.628+0300][35,558s][info][gc] GC(250) Pause Final Update Refs 0,333ms
[2020-11-04T21:42:01.628+0300][35,558s][info][gc] GC(250) Concurrent cleanup 430M->209M(512M) 0,143ms
[2020-11-04T21:42:01.672+0300][35,601s][info][gc] Trigger: Average GC time (89,06 ms) is above the time for allocation rate (1537 MB/s) to deplete free headroom (135M)
[2020-11-04T21:42:01.672+0300][35,602s][info][gc] GC(251) Concurrent reset 0,620ms
[2020-11-04T21:42:01.673+0300][35,603s][info][gc] GC(251) Pause Init Mark (unload classes) 0,220ms
[2020-11-04T21:42:01.745+0300][35,675s][info][gc] GC(251) Concurrent marking (unload classes) 72,360ms
[2020-11-04T21:42:01.746+0300][35,676s][info][gc] GC(251) Pause Final Mark (unload classes) 0,716ms
[2020-11-04T21:42:01.747+0300][35,676s][info][gc] GC(251) Concurrent weak roots 0,418ms
[2020-11-04T21:42:01.747+0300][35,676s][info][gc] GC(251) Concurrent cleanup 349M->348M(512M) 0,049ms
[2020-11-04T21:42:01.748+0300][35,677s][info][gc] GC(251) Concurrent class unloading 0,938ms
[2020-11-04T21:42:01.748+0300][35,677s][info][gc] GC(251) Concurrent strong roots 0,062ms
[2020-11-04T21:42:01.753+0300][35,683s][info][gc] GC(251) Concurrent evacuation 5,088ms
[2020-11-04T21:42:01.753+0300][35,683s][info][gc] GC(251) Pause Init Update Refs 0,013ms
[2020-11-04T21:42:01.783+0300][35,713s][info][gc] GC(251) Concurrent update references 30,193ms
[2020-11-04T21:42:01.784+0300][35,714s][info][gc] GC(251) Pause Final Update Refs 0,361ms
[2020-11-04T21:42:01.784+0300][35,714s][info][gc] GC(251) Concurrent cleanup 423M->213M(512M) 0,119ms
[2020-11-04T21:42:01.830+0300][35,759s][info][gc] Trigger: Average GC time (95,10 ms) is above the time for allocation rate (1352 MB/s) to deplete free headroom (126M)
[2020-11-04T21:42:01.830+0300][35,760s][info][gc] GC(252) Concurrent reset 0,598ms
[2020-11-04T21:42:01.831+0300][35,761s][info][gc] GC(252) Pause Init Mark (unload classes) 0,230ms
[2020-11-04T21:42:01.909+0300][35,839s][info][gc] GC(252) Concurrent marking (unload classes) 77,976ms
[2020-11-04T21:42:01.909+0300][35,839s][info][gc] GC(252) Pause Final Mark (unload classes) 0,510ms
[2020-11-04T21:42:01.910+0300][35,840s][info][gc] GC(252) Concurrent weak roots 0,377ms
[2020-11-04T21:42:01.910+0300][35,840s][info][gc] GC(252) Concurrent cleanup 357M->357M(512M) 0,036ms
[2020-11-04T21:42:01.911+0300][35,841s][info][gc] GC(252) Concurrent class unloading 0,707ms
[2020-11-04T21:42:01.911+0300][35,841s][info][gc] GC(252) Concurrent strong roots 0,055ms
[2020-11-04T21:42:01.916+0300][35,846s][info][gc] GC(252) Concurrent evacuation 5,206ms
[2020-11-04T21:42:01.916+0300][35,846s][info][gc] GC(252) Pause Init Update Refs 0,011ms
[2020-11-04T21:42:01.946+0300][35,876s][info][gc] GC(252) Concurrent update references 29,835ms
[2020-11-04T21:42:01.947+0300][35,876s][info][gc] GC(252) Pause Final Update Refs 0,157ms
[2020-11-04T21:42:01.947+0300][35,877s][info][gc] GC(252) Concurrent cleanup 435M->221M(512M) 0,105ms
[2020-11-04T21:42:01.988+0300][35,918s][info][gc] Trigger: Average GC time (101,26 ms) is above the time for allocation rate (1291 MB/s) to deplete free headroom (129M)
[2020-11-04T21:42:01.989+0300][35,919s][info][gc] GC(253) Concurrent reset 0,662ms
[2020-11-04T21:42:01.989+0300][35,919s][info][gc] GC(253) Pause Init Mark (unload classes) 0,101ms
[2020-11-04T21:42:02.055+0300][35,985s][info][gc] GC(253) Concurrent marking (unload classes) 66,056ms
[2020-11-04T21:42:02.056+0300][35,986s][info][gc] GC(253) Pause Final Mark (unload classes) 0,359ms
[2020-11-04T21:42:02.056+0300][35,986s][info][gc] GC(253) Concurrent weak roots 0,350ms
[2020-11-04T21:42:02.056+0300][35,986s][info][gc] GC(253) Concurrent cleanup 353M->353M(512M) 0,036ms
[2020-11-04T21:42:02.057+0300][35,987s][info][gc] GC(253) Concurrent class unloading 0,784ms
[2020-11-04T21:42:02.057+0300][35,987s][info][gc] GC(253) Concurrent strong roots 0,125ms
[2020-11-04T21:42:02.062+0300][35,992s][info][gc] GC(253) Concurrent evacuation 4,890ms
[2020-11-04T21:42:02.062+0300][35,992s][info][gc] GC(253) Pause Init Update Refs 0,015ms
[2020-11-04T21:42:02.095+0300][36,024s][info][gc] GC(253) Concurrent update references 32,120ms
[2020-11-04T21:42:02.095+0300][36,025s][info][gc] GC(253) Pause Final Update Refs 0,177ms
[2020-11-04T21:42:02.095+0300][36,025s][info][gc] GC(253) Concurrent cleanup 432M->228M(512M) 0,115ms
[2020-11-04T21:42:02.131+0300][36,061s][info][gc] Trigger: Average GC time (104,47 ms) is above the time for allocation rate (1332 MB/s) to deplete free headroom (137M)
[2020-11-04T21:42:02.132+0300][36,062s][info][gc] GC(254) Concurrent reset 0,595ms
[2020-11-04T21:42:02.132+0300][36,062s][info][gc] GC(254) Pause Init Mark (unload classes) 0,143ms
[2020-11-04T21:42:02.186+0300][36,116s][info][gc] GC(254) Concurrent marking (unload classes) 53,735ms
[2020-11-04T21:42:02.186+0300][36,116s][info][gc] GC(254) Pause Final Mark (unload classes) 0,322ms
[2020-11-04T21:42:02.187+0300][36,117s][info][gc] GC(254) Concurrent weak roots 0,441ms
[2020-11-04T21:42:02.187+0300][36,117s][info][gc] GC(254) Concurrent cleanup 346M->346M(512M) 0,032ms
[2020-11-04T21:42:02.188+0300][36,118s][info][gc] GC(254) Concurrent class unloading 0,900ms
[2020-11-04T21:42:02.188+0300][36,118s][info][gc] GC(254) Concurrent strong roots 0,064ms
[2020-11-04T21:42:02.193+0300][36,123s][info][gc] GC(254) Concurrent evacuation 5,013ms
[2020-11-04T21:42:02.193+0300][36,123s][info][gc] GC(254) Pause Init Update Refs 0,015ms
[2020-11-04T21:42:02.225+0300][36,155s][info][gc] GC(254) Concurrent update references 31,790ms
[2020-11-04T21:42:02.225+0300][36,155s][info][gc] GC(254) Pause Final Update Refs 0,141ms
[2020-11-04T21:42:02.226+0300][36,155s][info][gc] GC(254) Concurrent cleanup 424M->233M(512M) 0,102ms
[2020-11-04T21:42:02.256+0300][36,186s][info][gc] Trigger: Average GC time (104,89 ms) is above the time for allocation rate (1409 MB/s) to deplete free headroom (145M)
[2020-11-04T21:42:02.257+0300][36,187s][info][gc] GC(255) Concurrent reset 0,589ms
[2020-11-04T21:42:02.258+0300][36,187s][info][gc] GC(255) Pause Init Mark (process weakrefs) (unload classes) 0,254ms
[2020-11-04T21:42:02.315+0300][36,244s][info][gc] GC(255) Concurrent marking (process weakrefs) (unload classes) 56,996ms
[2020-11-04T21:42:02.315+0300][36,245s][info][gc] GC(255) Concurrent precleaning 0,117ms
[2020-11-04T21:42:02.316+0300][36,245s][info][gc] GC(255) Pause Final Mark (process weakrefs) (unload classes) 0,560ms
[2020-11-04T21:42:02.316+0300][36,246s][info][gc] GC(255) Concurrent weak roots 0,338ms
[2020-11-04T21:42:02.316+0300][36,246s][info][gc] GC(255) Concurrent cleanup 338M->338M(512M) 0,031ms
[2020-11-04T21:42:02.317+0300][36,247s][info][gc] GC(255) Concurrent class unloading 0,818ms
[2020-11-04T21:42:02.317+0300][36,247s][info][gc] GC(255) Concurrent strong roots 0,108ms
[2020-11-04T21:42:02.321+0300][36,251s][info][gc] GC(255) Concurrent evacuation 4,233ms
[2020-11-04T21:42:02.321+0300][36,251s][info][gc] GC(255) Pause Init Update Refs 0,012ms
[2020-11-04T21:42:02.358+0300][36,288s][info][gc] GC(255) Concurrent update references 36,504ms
[2020-11-04T21:42:02.359+0300][36,288s][info][gc] GC(255) Pause Final Update Refs 0,328ms
[2020-11-04T21:42:02.359+0300][36,289s][info][gc] GC(255) Concurrent cleanup 406M->230M(512M) 0,095ms
[2020-11-04T21:42:02.394+0300][36,324s][info][gc] Trigger: Average GC time (106,63 ms) is above the time for allocation rate (1309 MB/s) to deplete free headroom (137M)
[2020-11-04T21:42:02.394+0300][36,324s][info][gc] GC(256) Concurrent reset 0,607ms
[2020-11-04T21:42:02.395+0300][36,325s][info][gc] GC(256) Pause Init Mark (unload classes) 0,205ms
[2020-11-04T21:42:02.456+0300][36,386s][info][gc] GC(256) Concurrent marking (unload classes) 61,406ms
[2020-11-04T21:42:02.457+0300][36,387s][info][gc] GC(256) Pause Final Mark (unload classes) 0,762ms
[2020-11-04T21:42:02.458+0300][36,387s][info][gc] GC(256) Concurrent weak roots 0,393ms
[2020-11-04T21:42:02.458+0300][36,387s][info][gc] GC(256) Concurrent cleanup 345M->345M(512M) 0,031ms
[2020-11-04T21:42:02.458+0300][36,388s][info][gc] GC(256) Concurrent class unloading 0,821ms
[2020-11-04T21:42:02.459+0300][36,388s][info][gc] GC(256) Concurrent strong roots 0,070ms
[2020-11-04T21:42:02.463+0300][36,393s][info][gc] GC(256) Concurrent evacuation 4,334ms
[2020-11-04T21:42:02.463+0300][36,393s][info][gc] GC(256) Pause Init Update Refs 0,012ms
[2020-11-04T21:42:02.500+0300][36,430s][info][gc] GC(256) Concurrent update references 37,186ms
[2020-11-04T21:42:02.501+0300][36,431s][info][gc] GC(256) Pause Final Update Refs 0,358ms
[2020-11-04T21:42:02.501+0300][36,431s][info][gc] GC(256) Concurrent cleanup 397M->217M(512M) 0,105ms
[2020-11-04T21:42:02.545+0300][36,474s][info][gc] Trigger: Average GC time (105,62 ms) is above the time for allocation rate (1220 MB/s) to deplete free headroom (128M)
[2020-11-04T21:42:02.545+0300][36,475s][info][gc] GC(257) Concurrent reset 0,625ms
[2020-11-04T21:42:02.546+0300][36,475s][info][gc] GC(257) Pause Init Mark (unload classes) 0,201ms
[2020-11-04T21:42:02.576+0300][36,505s][info][gc] GC(257) Concurrent marking (unload classes) 29,990ms
[2020-11-04T21:42:02.577+0300][36,506s][info][gc] GC(257) Pause Final Mark (unload classes) 0,774ms
[2020-11-04T21:42:02.577+0300][36,507s][info][gc] GC(257) Concurrent weak roots 0,431ms
[2020-11-04T21:42:02.577+0300][36,507s][info][gc] GC(257) Concurrent cleanup 353M->349M(512M) 0,039ms
[2020-11-04T21:42:02.578+0300][36,508s][info][gc] GC(257) Concurrent class unloading 0,735ms
[2020-11-04T21:42:02.578+0300][36,508s][info][gc] GC(257) Concurrent strong roots 0,115ms
[2020-11-04T21:42:02.583+0300][36,513s][info][gc] GC(257) Concurrent evacuation 4,836ms
[2020-11-04T21:42:02.583+0300][36,513s][info][gc] GC(257) Pause Init Update Refs 0,015ms
[2020-11-04T21:42:02.598+0300][36,528s][info][gc] GC(257) Concurrent update references 14,993ms
[2020-11-04T21:42:02.599+0300][36,529s][info][gc] GC(257) Pause Final Update Refs 0,284ms
[2020-11-04T21:42:02.599+0300][36,529s][info][gc] GC(257) Concurrent cleanup 392M->111M(512M) 0,160ms
[2020-11-04T21:42:02.668+0300][36,598s][info][gc] Trigger: Average GC time (93,14 ms) is above the time for allocation rate (1881 MB/s) to deplete free headroom (173M)
[2020-11-04T21:42:02.669+0300][36,598s][info][gc] GC(258) Concurrent reset 0,546ms
[2020-11-04T21:42:02.669+0300][36,599s][info][gc] GC(258) Pause Init Mark (unload classes) 0,160ms
[2020-11-04T21:42:02.698+0300][36,628s][info][gc] GC(258) Concurrent marking (unload classes) 28,468ms
[2020-11-04T21:42:02.698+0300][36,628s][info][gc] GC(258) Pause Final Mark (unload classes) 0,414ms
[2020-11-04T21:42:02.699+0300][36,629s][info][gc] GC(258) Concurrent weak roots 0,401ms
[2020-11-04T21:42:02.699+0300][36,629s][info][gc] GC(258) Concurrent cleanup 313M->313M(512M) 0,035ms
[2020-11-04T21:42:02.700+0300][36,630s][info][gc] GC(258) Concurrent class unloading 0,954ms
[2020-11-04T21:42:02.700+0300][36,630s][info][gc] GC(258) Concurrent strong roots 0,106ms
[2020-11-04T21:42:02.706+0300][36,636s][info][gc] GC(258) Concurrent evacuation 5,664ms
[2020-11-04T21:42:02.706+0300][36,636s][info][gc] GC(258) Pause Init Update Refs 0,026ms
[2020-11-04T21:42:02.725+0300][36,655s][info][gc] GC(258) Concurrent update references 18,981ms
[2020-11-04T21:42:02.726+0300][36,655s][info][gc] GC(258) Pause Final Update Refs 0,159ms
[2020-11-04T21:42:02.726+0300][36,656s][info][gc] GC(258) Concurrent cleanup 355M->123M(512M) 0,120ms
[2020-11-04T21:42:02.793+0300][36,722s][info][gc] Trigger: Average GC time (83,28 ms) is above the time for allocation rate (1922 MB/s) to deplete free headroom (159M)
[2020-11-04T21:42:02.793+0300][36,723s][info][gc] GC(259) Concurrent reset 0,518ms
[2020-11-04T21:42:02.793+0300][36,723s][info][gc] GC(259) Pause Init Mark (unload classes) 0,100ms
[2020-11-04T21:42:02.829+0300][36,759s][info][gc] GC(259) Concurrent marking (unload classes) 35,602ms
[2020-11-04T21:42:02.830+0300][36,760s][info][gc] GC(259) Pause Final Mark (unload classes) 0,367ms
[2020-11-04T21:42:02.830+0300][36,760s][info][gc] GC(259) Concurrent weak roots 0,516ms
[2020-11-04T21:42:02.830+0300][36,760s][info][gc] GC(259) Concurrent cleanup 326M->326M(512M) 0,036ms
[2020-11-04T21:42:02.831+0300][36,761s][info][gc] GC(259) Concurrent class unloading 0,842ms
[2020-11-04T21:42:02.831+0300][36,761s][info][gc] GC(259) Concurrent strong roots 0,074ms
[2020-11-04T21:42:02.838+0300][36,768s][info][gc] GC(259) Concurrent evacuation 6,412ms
[2020-11-04T21:42:02.838+0300][36,768s][info][gc] GC(259) Pause Init Update Refs 0,024ms
[2020-11-04T21:42:02.864+0300][36,794s][info][gc] GC(259) Concurrent update references 25,939ms
[2020-11-04T21:42:02.865+0300][36,794s][info][gc] GC(259) Pause Final Update Refs 0,145ms
[2020-11-04T21:42:02.865+0300][36,795s][info][gc] GC(259) Concurrent cleanup 395M->155M(512M) 0,085ms
[2020-11-04T21:42:02.925+0300][36,855s][info][gc] Trigger: Average GC time (78,80 ms) is above the time for allocation rate (1867 MB/s) to deplete free headroom (145M)
[2020-11-04T21:42:02.926+0300][36,856s][info][gc] GC(260) Concurrent reset 0,572ms
[2020-11-04T21:42:02.926+0300][36,856s][info][gc] GC(260) Pause Init Mark (process weakrefs) (unload classes) 0,128ms
[2020-11-04T21:42:02.960+0300][36,889s][info][gc] GC(260) Concurrent marking (process weakrefs) (unload classes) 33,432ms
[2020-11-04T21:42:02.960+0300][36,890s][info][gc] GC(260) Concurrent precleaning 0,100ms
[2020-11-04T21:42:02.960+0300][36,890s][info][gc] GC(260) Pause Final Mark (process weakrefs) (unload classes) 0,445ms
[2020-11-04T21:42:02.961+0300][36,891s][info][gc] GC(260) Concurrent weak roots 0,293ms
[2020-11-04T21:42:02.961+0300][36,891s][info][gc] GC(260) Concurrent cleanup 339M->339M(512M) 0,027ms
[2020-11-04T21:42:02.961+0300][36,891s][info][gc] GC(260) Concurrent class unloading 0,660ms
[2020-11-04T21:42:02.962+0300][36,892s][info][gc] GC(260) Concurrent strong roots 0,175ms
[2020-11-04T21:42:02.968+0300][36,898s][info][gc] GC(260) Concurrent evacuation 6,027ms
[2020-11-04T21:42:02.968+0300][36,898s][info][gc] GC(260) Pause Init Update Refs 0,017ms
[2020-11-04T21:42:02.991+0300][36,921s][info][gc] GC(260) Concurrent update references 22,743ms
[2020-11-04T21:42:02.991+0300][36,921s][info][gc] GC(260) Pause Final Update Refs 0,205ms
[2020-11-04T21:42:02.992+0300][36,922s][info][gc] GC(260) Concurrent cleanup 386M->138M(512M) 0,126ms
[2020-11-04T21:42:03.064+0300][36,994s][info][gc] Trigger: Average GC time (71,68 ms) is above the time for allocation rate (1837 MB/s) to deplete free headroom (130M)
[2020-11-04T21:42:03.064+0300][36,994s][info][gc] GC(261) Concurrent reset 0,600ms
[2020-11-04T21:42:03.065+0300][36,995s][info][gc] GC(261) Pause Init Mark (unload classes) 0,118ms
[2020-11-04T21:42:03.102+0300][37,032s][info][gc] GC(261) Concurrent marking (unload classes) 36,716ms
[2020-11-04T21:42:03.103+0300][37,032s][info][gc] GC(261) Pause Final Mark (unload classes) 0,594ms
[2020-11-04T21:42:03.103+0300][37,033s][info][gc] GC(261) Concurrent weak roots 0,439ms
[2020-11-04T21:42:03.103+0300][37,033s][info][gc] GC(261) Concurrent cleanup 354M->354M(512M) 0,035ms
[2020-11-04T21:42:03.104+0300][37,034s][info][gc] GC(261) Concurrent class unloading 0,893ms
[2020-11-04T21:42:03.104+0300][37,034s][info][gc] GC(261) Concurrent strong roots 0,097ms
[2020-11-04T21:42:03.110+0300][37,040s][info][gc] GC(261) Concurrent evacuation 6,154ms
[2020-11-04T21:42:03.111+0300][37,041s][info][gc] GC(261) Pause Init Update Refs 0,030ms
[2020-11-04T21:42:03.135+0300][37,065s][info][gc] GC(261) Concurrent update references 23,900ms
[2020-11-04T21:42:03.135+0300][37,065s][info][gc] GC(261) Pause Final Update Refs 0,172ms
[2020-11-04T21:42:03.135+0300][37,065s][info][gc] GC(261) Concurrent cleanup 405M->150M(512M) 0,130ms
[2020-11-04T21:42:03.209+0300][37,138s][info][gc] Trigger: Average GC time (64,52 ms) is above the time for allocation rate (1809 MB/s) to deplete free headroom (116M)
[2020-11-04T21:42:03.209+0300][37,139s][info][gc] GC(262) Concurrent reset 0,522ms
[2020-11-04T21:42:03.210+0300][37,139s][info][gc] GC(262) Pause Init Mark (unload classes) 0,137ms
[2020-11-04T21:42:03.248+0300][37,177s][info][gc] GC(262) Concurrent marking (unload classes) 37,819ms
[2020-11-04T21:42:03.248+0300][37,178s][info][gc] GC(262) Pause Final Mark (unload classes) 0,469ms
[2020-11-04T21:42:03.249+0300][37,179s][info][gc] GC(262) Concurrent weak roots 0,437ms
[2020-11-04T21:42:03.249+0300][37,179s][info][gc] GC(262) Concurrent cleanup 367M->367M(512M) 0,044ms
[2020-11-04T21:42:03.250+0300][37,179s][info][gc] GC(262) Concurrent class unloading 0,835ms
[2020-11-04T21:42:03.250+0300][37,180s][info][gc] GC(262) Concurrent strong roots 0,065ms
[2020-11-04T21:42:03.257+0300][37,187s][info][gc] GC(262) Concurrent evacuation 7,167ms
[2020-11-04T21:42:03.257+0300][37,187s][info][gc] GC(262) Pause Init Update Refs 0,016ms
[2020-11-04T21:42:03.282+0300][37,212s][info][gc] GC(262) Concurrent update references 24,369ms
[2020-11-04T21:42:03.282+0300][37,212s][info][gc] GC(262) Pause Final Update Refs 0,188ms
[2020-11-04T21:42:03.282+0300][37,212s][info][gc] GC(262) Concurrent cleanup 432M->170M(512M) 0,125ms
[2020-11-04T21:42:03.346+0300][37,276s][info][gc] Trigger: Average GC time (68,38 ms) is above the time for allocation rate (1812 MB/s) to deplete free headroom (120M)
[2020-11-04T21:42:03.347+0300][37,277s][info][gc] GC(263) Concurrent reset 0,663ms
[2020-11-04T21:42:03.347+0300][37,277s][info][gc] GC(263) Pause Init Mark (unload classes) 0,154ms
[2020-11-04T21:42:03.386+0300][37,316s][info][gc] GC(263) Concurrent marking (unload classes) 39,038ms
[2020-11-04T21:42:03.387+0300][37,317s][info][gc] GC(263) Pause Final Mark (unload classes) 0,491ms
[2020-11-04T21:42:03.388+0300][37,317s][info][gc] GC(263) Concurrent weak roots 0,421ms
[2020-11-04T21:42:03.388+0300][37,317s][info][gc] GC(263) Concurrent cleanup 362M->362M(512M) 0,031ms
[2020-11-04T21:42:03.388+0300][37,318s][info][gc] GC(263) Concurrent class unloading 0,823ms
[2020-11-04T21:42:03.389+0300][37,318s][info][gc] GC(263) Concurrent strong roots 0,136ms
[2020-11-04T21:42:03.398+0300][37,328s][info][gc] GC(263) Concurrent evacuation 9,272ms
[2020-11-04T21:42:03.398+0300][37,328s][info][gc] GC(263) Pause Init Update Refs 0,012ms
[2020-11-04T21:42:03.423+0300][37,353s][info][gc] GC(263) Concurrent update references 24,814ms
[2020-11-04T21:42:03.424+0300][37,353s][info][gc] GC(263) Pause Final Update Refs 0,156ms
[2020-11-04T21:42:03.424+0300][37,354s][info][gc] GC(263) Concurrent cleanup 431M->181M(512M) 0,120ms
[2020-11-04T21:42:03.482+0300][37,412s][info][gc] Trigger: Average GC time (72,36 ms) is above the time for allocation rate (1757 MB/s) to deplete free headroom (124M)
[2020-11-04T21:42:03.483+0300][37,413s][info][gc] GC(264) Concurrent reset 0,673ms
[2020-11-04T21:42:03.483+0300][37,413s][info][gc] GC(264) Pause Init Mark (unload classes) 0,184ms
[2020-11-04T21:42:03.525+0300][37,455s][info][gc] GC(264) Concurrent marking (unload classes) 41,450ms
[2020-11-04T21:42:03.526+0300][37,456s][info][gc] GC(264) Pause Final Mark (unload classes) 0,766ms
[2020-11-04T21:42:03.526+0300][37,456s][info][gc] GC(264) Concurrent weak roots 0,436ms
[2020-11-04T21:42:03.526+0300][37,456s][info][gc] GC(264) Concurrent cleanup 358M->358M(512M) 0,032ms
[2020-11-04T21:42:03.527+0300][37,457s][info][gc] GC(264) Concurrent class unloading 0,935ms
[2020-11-04T21:42:03.527+0300][37,457s][info][gc] GC(264) Concurrent strong roots 0,174ms
[2020-11-04T21:42:03.535+0300][37,465s][info][gc] GC(264) Concurrent evacuation 7,633ms
[2020-11-04T21:42:03.535+0300][37,465s][info][gc] GC(264) Pause Init Update Refs 0,024ms
[2020-11-04T21:42:03.561+0300][37,491s][info][gc] GC(264) Concurrent update references 25,652ms
[2020-11-04T21:42:03.562+0300][37,491s][info][gc] GC(264) Pause Final Update Refs 0,264ms
[2020-11-04T21:42:03.562+0300][37,492s][info][gc] GC(264) Concurrent cleanup 434M->195M(512M) 0,121ms
[2020-11-04T21:42:03.614+0300][37,543s][info][gc] Trigger: Average GC time (73,89 ms) is above the time for allocation rate (1736 MB/s) to deplete free headroom (128M)
[2020-11-04T21:42:03.614+0300][37,544s][info][gc] GC(265) Concurrent reset 0,548ms
[2020-11-04T21:42:03.615+0300][37,544s][info][gc] GC(265) Pause Init Mark (process weakrefs) (unload classes) 0,216ms
[2020-11-04T21:42:03.682+0300][37,612s][info][gc] GC(265) Concurrent marking (process weakrefs) (unload classes) 67,804ms
[2020-11-04T21:42:03.683+0300][37,613s][info][gc] GC(265) Concurrent precleaning 0,139ms
[2020-11-04T21:42:03.684+0300][37,613s][info][gc] GC(265) Pause Final Mark (process weakrefs) (unload classes) 0,659ms
[2020-11-04T21:42:03.684+0300][37,614s][info][gc] GC(265) Concurrent weak roots 0,370ms
[2020-11-04T21:42:03.684+0300][37,614s][info][gc] GC(265) Concurrent cleanup 355M->355M(512M) 0,032ms
[2020-11-04T21:42:03.685+0300][37,615s][info][gc] GC(265) Concurrent class unloading 1,046ms
[2020-11-04T21:42:03.685+0300][37,615s][info][gc] GC(265) Concurrent strong roots 0,076ms
[2020-11-04T21:42:03.691+0300][37,621s][info][gc] GC(265) Concurrent evacuation 5,593ms
[2020-11-04T21:42:03.691+0300][37,621s][info][gc] GC(265) Pause Init Update Refs 0,011ms
[2020-11-04T21:42:03.721+0300][37,651s][info][gc] GC(265) Concurrent update references 30,228ms
[2020-11-04T21:42:03.722+0300][37,652s][info][gc] GC(265) Pause Final Update Refs 0,332ms
[2020-11-04T21:42:03.722+0300][37,652s][info][gc] GC(265) Concurrent cleanup 412M->184M(512M) 0,127ms
[2020-11-04T21:42:03.785+0300][37,714s][info][gc] Trigger: Average GC time (82,28 ms) is above the time for allocation rate (1377 MB/s) to deplete free headroom (113M)
[2020-11-04T21:42:03.785+0300][37,715s][info][gc] GC(266) Concurrent reset 0,561ms
[2020-11-04T21:42:03.786+0300][37,716s][info][gc] GC(266) Pause Init Mark (unload classes) 0,256ms
[2020-11-04T21:42:03.834+0300][37,764s][info][gc] GC(266) Concurrent marking (unload classes) 48,357ms
[2020-11-04T21:42:03.835+0300][37,765s][info][gc] GC(266) Pause Final Mark (unload classes) 0,711ms
[2020-11-04T21:42:03.836+0300][37,766s][info][gc] GC(266) Concurrent weak roots 0,448ms
[2020-11-04T21:42:03.836+0300][37,766s][info][gc] GC(266) Concurrent cleanup 367M->367M(512M) 0,031ms
[2020-11-04T21:42:03.837+0300][37,767s][info][gc] GC(266) Concurrent class unloading 0,957ms
[2020-11-04T21:42:03.837+0300][37,767s][info][gc] GC(266) Concurrent strong roots 0,109ms
[2020-11-04T21:42:03.845+0300][37,774s][info][gc] GC(266) Concurrent evacuation 7,607ms
[2020-11-04T21:42:03.845+0300][37,775s][info][gc] GC(266) Pause Init Update Refs 0,014ms
[2020-11-04T21:42:03.876+0300][37,806s][info][gc] GC(266) Concurrent update references 31,179ms
[2020-11-04T21:42:03.877+0300][37,807s][info][gc] GC(266) Pause Final Update Refs 0,350ms
[2020-11-04T21:42:03.877+0300][37,807s][info][gc] GC(266) Concurrent cleanup 436M->199M(512M) 0,111ms
[2020-11-04T21:42:03.929+0300][37,859s][info][gc] Trigger: Average GC time (86,43 ms) is above the time for allocation rate (1496 MB/s) to deplete free headroom (126M)
[2020-11-04T21:42:03.930+0300][37,860s][info][gc] GC(267) Concurrent reset 0,687ms
[2020-11-04T21:42:03.930+0300][37,860s][info][gc] GC(267) Pause Init Mark (unload classes) 0,225ms
[2020-11-04T21:42:04.004+0300][37,933s][info][gc] GC(267) Concurrent marking (unload classes) 73,185ms
[2020-11-04T21:42:04.004+0300][37,934s][info][gc] GC(267) Pause Final Mark (unload classes) 0,582ms
[2020-11-04T21:42:04.005+0300][37,935s][info][gc] GC(267) Concurrent weak roots 0,513ms
[2020-11-04T21:42:04.005+0300][37,935s][info][gc] GC(267) Concurrent cleanup 356M->356M(512M) 0,035ms
[2020-11-04T21:42:04.006+0300][37,936s][info][gc] GC(267) Concurrent class unloading 0,818ms
[2020-11-04T21:42:04.006+0300][37,936s][info][gc] GC(267) Concurrent strong roots 0,075ms
[2020-11-04T21:42:04.013+0300][37,943s][info][gc] GC(267) Concurrent evacuation 6,899ms
[2020-11-04T21:42:04.013+0300][37,943s][info][gc] GC(267) Pause Init Update Refs 0,013ms
[2020-11-04T21:42:04.043+0300][37,972s][info][gc] GC(267) Concurrent update references 29,245ms
[2020-11-04T21:42:04.043+0300][37,973s][info][gc] GC(267) Pause Final Update Refs 0,252ms
[2020-11-04T21:42:04.043+0300][37,973s][info][gc] GC(267) Concurrent cleanup 435M->218M(512M) 0,116ms
[2020-11-04T21:42:04.088+0300][38,018s][info][gc] Trigger: Average GC time (94,53 ms) is above the time for allocation rate (1334 MB/s) to deplete free headroom (124M)
[2020-11-04T21:42:04.089+0300][38,018s][info][gc] GC(268) Concurrent reset 0,582ms
[2020-11-04T21:42:04.089+0300][38,019s][info][gc] GC(268) Pause Init Mark (unload classes) 0,258ms
[2020-11-04T21:42:04.141+0300][38,070s][info][gc] GC(268) Concurrent marking (unload classes) 51,343ms
[2020-11-04T21:42:04.141+0300][38,071s][info][gc] GC(268) Pause Final Mark (unload classes) 0,448ms
[2020-11-04T21:42:04.142+0300][38,072s][info][gc] GC(268) Concurrent weak roots 0,420ms
[2020-11-04T21:42:04.142+0300][38,072s][info][gc] GC(268) Concurrent cleanup 357M->357M(512M) 0,034ms
[2020-11-04T21:42:04.143+0300][38,072s][info][gc] GC(268) Concurrent class unloading 0,829ms
[2020-11-04T21:42:04.143+0300][38,073s][info][gc] GC(268) Concurrent strong roots 0,064ms
[2020-11-04T21:42:04.148+0300][38,078s][info][gc] GC(268) Concurrent evacuation 5,225ms
[2020-11-04T21:42:04.148+0300][38,078s][info][gc] GC(268) Pause Init Update Refs 0,012ms
[2020-11-04T21:42:04.179+0300][38,109s][info][gc] GC(268) Concurrent update references 30,476ms
[2020-11-04T21:42:04.179+0300][38,109s][info][gc] GC(268) Pause Final Update Refs 0,171ms
[2020-11-04T21:42:04.180+0300][38,109s][info][gc] GC(268) Concurrent cleanup 436M->224M(512M) 0,117ms
[2020-11-04T21:42:04.215+0300][38,144s][info][gc] Trigger: Average GC time (97,34 ms) is above the time for allocation rate (1474 MB/s) to deplete free headroom (143M)
[2020-11-04T21:42:04.215+0300][38,145s][info][gc] GC(269) Concurrent reset 0,625ms
[2020-11-04T21:42:04.216+0300][38,146s][info][gc] GC(269) Pause Init Mark (unload classes) 0,106ms
[2020-11-04T21:42:04.268+0300][38,198s][info][gc] GC(269) Concurrent marking (unload classes) 52,370ms
[2020-11-04T21:42:04.269+0300][38,199s][info][gc] GC(269) Pause Final Mark (unload classes) 0,551ms
[2020-11-04T21:42:04.269+0300][38,199s][info][gc] GC(269) Concurrent weak roots 0,380ms
[2020-11-04T21:42:04.270+0300][38,199s][info][gc] GC(269) Concurrent cleanup 340M->340M(512M) 0,035ms
[2020-11-04T21:42:04.271+0300][38,200s][info][gc] GC(269) Concurrent class unloading 1,010ms
[2020-11-04T21:42:04.271+0300][38,201s][info][gc] GC(269) Concurrent strong roots 0,116ms
[2020-11-04T21:42:04.275+0300][38,205s][info][gc] GC(269) Concurrent evacuation 4,548ms
[2020-11-04T21:42:04.276+0300][38,205s][info][gc] GC(269) Pause Init Update Refs 0,025ms
[2020-11-04T21:42:04.313+0300][38,243s][info][gc] GC(269) Concurrent update references 37,568ms
[2020-11-04T21:42:04.314+0300][38,244s][info][gc] GC(269) Pause Final Update Refs 0,142ms
[2020-11-04T21:42:04.314+0300][38,244s][info][gc] GC(269) Concurrent cleanup 433M->246M(512M) 0,100ms
[2020-11-04T21:42:04.341+0300][38,270s][info][gc] Trigger: Average GC time (101,26 ms) is above the time for allocation rate (1433 MB/s) to deplete free headroom (144M)
[2020-11-04T21:42:04.341+0300][38,271s][info][gc] GC(270) Concurrent reset 0,564ms
[2020-11-04T21:42:04.342+0300][38,271s][info][gc] GC(270) Pause Init Mark (process weakrefs) (unload classes) 0,181ms
[2020-11-04T21:42:04.395+0300][38,325s][info][gc] GC(270) Concurrent marking (process weakrefs) (unload classes) 53,592ms
[2020-11-04T21:42:04.396+0300][38,325s][info][gc] GC(270) Concurrent precleaning 0,148ms
[2020-11-04T21:42:04.396+0300][38,326s][info][gc] GC(270) Pause Final Mark (process weakrefs) (unload classes) 0,491ms
[2020-11-04T21:42:04.397+0300][38,327s][info][gc] GC(270) Concurrent weak roots 0,378ms
[2020-11-04T21:42:04.397+0300][38,327s][info][gc] GC(270) Concurrent cleanup 340M->340M(512M) 0,035ms
[2020-11-04T21:42:04.398+0300][38,328s][info][gc] GC(270) Concurrent class unloading 1,004ms
[2020-11-04T21:42:04.398+0300][38,328s][info][gc] GC(270) Concurrent strong roots 0,143ms
[2020-11-04T21:42:04.402+0300][38,332s][info][gc] GC(270) Concurrent evacuation 4,407ms
[2020-11-04T21:42:04.403+0300][38,333s][info][gc] GC(270) Pause Init Update Refs 0,014ms
[2020-11-04T21:42:04.450+0300][38,380s][info][gc] GC(270) Concurrent update references 47,538ms
[2020-11-04T21:42:04.451+0300][38,381s][info][gc] GC(270) Pause Final Update Refs 0,115ms
[2020-11-04T21:42:04.451+0300][38,381s][info][gc] GC(270) Concurrent cleanup 453M->273M(512M) 0,100ms
[2020-11-04T21:42:04.470+0300][38,400s][info][gc] Trigger: Average GC time (101,64 ms) is above the time for allocation rate (1395 MB/s) to deplete free headroom (138M)
[2020-11-04T21:42:04.471+0300][38,401s][info][gc] GC(271) Concurrent reset 0,564ms
[2020-11-04T21:42:04.471+0300][38,401s][info][gc] GC(271) Pause Init Mark (unload classes) 0,149ms
[2020-11-04T21:42:04.615+0300][38,545s][info][gc] GC(271) Concurrent marking (unload classes) 144,000ms
[2020-11-04T21:42:04.616+0300][38,546s][info][gc] GC(271) Pause Final Mark (unload classes) 0,310ms
[2020-11-04T21:42:04.616+0300][38,546s][info][gc] GC(271) Concurrent weak roots 0,285ms
[2020-11-04T21:42:04.616+0300][38,546s][info][gc] GC(271) Concurrent cleanup 346M->346M(512M) 0,029ms
[2020-11-04T21:42:04.617+0300][38,547s][info][gc] GC(271) Concurrent class unloading 1,313ms
[2020-11-04T21:42:04.618+0300][38,547s][info][gc] GC(271) Concurrent strong roots 0,041ms
[2020-11-04T21:42:04.622+0300][38,552s][info][gc] GC(271) Concurrent evacuation 4,919ms
[2020-11-04T21:42:04.623+0300][38,552s][info][gc] GC(271) Pause Init Update Refs 0,012ms
[2020-11-04T21:42:04.664+0300][38,594s][info][gc] GC(271) Concurrent update references 41,056ms
[2020-11-04T21:42:04.664+0300][38,594s][info][gc] GC(271) Pause Final Update Refs 0,111ms
[2020-11-04T21:42:04.664+0300][38,594s][info][gc] GC(271) Concurrent cleanup 422M->241M(512M) 0,068ms
[2020-11-04T21:42:04.726+0300][38,656s][info][gc] Trigger: Average GC time (121,95 ms) is above the time for allocation rate (836 MB/s) to deplete free headroom (102170K)
[2020-11-04T21:42:04.727+0300][38,657s][info][gc] GC(272) Concurrent reset 0,541ms
[2020-11-04T21:42:04.727+0300][38,657s][info][gc] GC(272) Pause Init Mark (unload classes) 0,077ms
[2020-11-04T21:42:04.751+0300][38,681s][info][gc] GC(272) Concurrent marking (unload classes) 23,449ms
[2020-11-04T21:42:04.751+0300][38,681s][info][gc] GC(272) Pause Final Mark (unload classes) 0,323ms
[2020-11-04T21:42:04.752+0300][38,681s][info][gc] GC(272) Concurrent weak roots 0,301ms
[2020-11-04T21:42:04.752+0300][38,681s][info][gc] GC(272) Concurrent cleanup 377M->373M(512M) 0,029ms
[2020-11-04T21:42:04.753+0300][38,682s][info][gc] GC(272) Concurrent class unloading 0,889ms
[2020-11-04T21:42:04.753+0300][38,682s][info][gc] GC(272) Concurrent strong roots 0,083ms
[2020-11-04T21:42:04.755+0300][38,685s][info][gc] GC(272) Concurrent evacuation 2,189ms
[2020-11-04T21:42:04.755+0300][38,685s][info][gc] GC(272) Pause Init Update Refs 0,013ms
[2020-11-04T21:42:04.768+0300][38,698s][info][gc] GC(272) Concurrent update references 13,153ms
[2020-11-04T21:42:04.769+0300][38,698s][info][gc] GC(272) Pause Final Update Refs 0,117ms
[2020-11-04T21:42:04.769+0300][38,699s][info][gc] GC(272) Concurrent cleanup 400M->93M(512M) 0,130ms
[2020-11-04T21:42:04.838+0300][38,767s][info][gc] Trigger: Average GC time (107,54 ms) is above the time for allocation rate (1869 MB/s) to deplete free headroom (199M)
[2020-11-04T21:42:04.838+0300][38,768s][info][gc] GC(273) Concurrent reset 0,548ms
[2020-11-04T21:42:04.838+0300][38,768s][info][gc] GC(273) Pause Init Mark (unload classes) 0,086ms
[2020-11-04T21:42:04.874+0300][38,804s][info][gc] GC(273) Concurrent marking (unload classes) 35,706ms
[2020-11-04T21:42:04.875+0300][38,804s][info][gc] GC(273) Pause Final Mark (unload classes) 0,242ms
[2020-11-04T21:42:04.875+0300][38,805s][info][gc] GC(273) Concurrent weak roots 0,329ms
[2020-11-04T21:42:04.875+0300][38,805s][info][gc] GC(273) Concurrent cleanup 291M->291M(512M) 0,028ms
[2020-11-04T21:42:04.876+0300][38,806s][info][gc] GC(273) Concurrent class unloading 0,793ms
[2020-11-04T21:42:04.876+0300][38,806s][info][gc] GC(273) Concurrent strong roots 0,041ms
[2020-11-04T21:42:04.882+0300][38,812s][info][gc] GC(273) Concurrent evacuation 6,026ms
[2020-11-04T21:42:04.882+0300][38,812s][info][gc] GC(273) Pause Init Update Refs 0,009ms
[2020-11-04T21:42:04.900+0300][38,830s][info][gc] GC(273) Concurrent update references 18,041ms
[2020-11-04T21:42:04.901+0300][38,830s][info][gc] GC(273) Pause Final Update Refs 0,151ms
[2020-11-04T21:42:04.901+0300][38,830s][info][gc] GC(273) Concurrent cleanup 342M->133M(512M) 0,075ms
[2020-11-04T21:42:04.967+0300][38,897s][info][gc] Trigger: Average GC time (101,80 ms) is above the time for allocation rate (1741 MB/s) to deplete free headroom (174M)
[2020-11-04T21:42:04.968+0300][38,898s][info][gc] GC(274) Concurrent reset 0,447ms
[2020-11-04T21:42:04.968+0300][38,898s][info][gc] GC(274) Pause Init Mark (unload classes) 0,077ms
[2020-11-04T21:42:05.006+0300][38,935s][info][gc] GC(274) Concurrent marking (unload classes) 37,391ms
[2020-11-04T21:42:05.007+0300][38,937s][info][gc] GC(274) Pause Final Mark (unload classes) 1,279ms
[2020-11-04T21:42:05.007+0300][38,937s][info][gc] GC(274) Concurrent weak roots 0,399ms
[2020-11-04T21:42:05.008+0300][38,937s][info][gc] GC(274) Concurrent cleanup 313M->313M(512M) 0,038ms
[2020-11-04T21:42:05.008+0300][38,938s][info][gc] GC(274) Concurrent class unloading 0,816ms
[2020-11-04T21:42:05.008+0300][38,938s][info][gc] GC(274) Concurrent strong roots 0,061ms
[2020-11-04T21:42:05.016+0300][38,946s][info][gc] GC(274) Concurrent evacuation 7,270ms
[2020-11-04T21:42:05.016+0300][38,946s][info][gc] GC(274) Pause Init Update Refs 0,010ms
[2020-11-04T21:42:05.041+0300][38,971s][info][gc] GC(274) Concurrent update references 24,761ms
[2020-11-04T21:42:05.041+0300][38,971s][info][gc] GC(274) Pause Final Update Refs 0,150ms
[2020-11-04T21:42:05.041+0300][38,971s][info][gc] GC(274) Concurrent cleanup 378M->152M(512M) 0,097ms
[2020-11-04T21:42:05.102+0300][39,032s][info][gc] Trigger: Average GC time (96,69 ms) is above the time for allocation rate (1722 MB/s) to deplete free headroom (163M)
[2020-11-04T21:42:05.102+0300][39,032s][info][gc] GC(275) Concurrent reset 0,499ms
[2020-11-04T21:42:05.103+0300][39,033s][info][gc] GC(275) Pause Init Mark (process weakrefs) (unload classes) 0,237ms
[2020-11-04T21:42:05.134+0300][39,063s][info][gc] GC(275) Concurrent marking (process weakrefs) (unload classes) 30,684ms
[2020-11-04T21:42:05.134+0300][39,064s][info][gc] GC(275) Concurrent precleaning 0,169ms
[2020-11-04T21:42:05.134+0300][39,064s][info][gc] GC(275) Pause Final Mark (process weakrefs) (unload classes) 0,475ms
[2020-11-04T21:42:05.135+0300][39,065s][info][gc] GC(275) Concurrent weak roots 0,260ms
[2020-11-04T21:42:05.135+0300][39,065s][info][gc] GC(275) Concurrent cleanup 323M->323M(512M) 0,032ms
[2020-11-04T21:42:05.136+0300][39,065s][info][gc] GC(275) Concurrent class unloading 0,687ms
[2020-11-04T21:42:05.136+0300][39,065s][info][gc] GC(275) Concurrent strong roots 0,076ms
[2020-11-04T21:42:05.141+0300][39,071s][info][gc] GC(275) Concurrent evacuation 5,621ms
[2020-11-04T21:42:05.142+0300][39,071s][info][gc] GC(275) Pause Init Update Refs 0,012ms
[2020-11-04T21:42:05.161+0300][39,091s][info][gc] GC(275) Concurrent update references 19,709ms
[2020-11-04T21:42:05.162+0300][39,092s][info][gc] GC(275) Pause Final Update Refs 0,382ms
[2020-11-04T21:42:05.162+0300][39,092s][info][gc] GC(275) Concurrent cleanup 379M->148M(512M) 0,137ms
[2020-11-04T21:42:05.217+0300][39,147s][info][gc] Trigger: Average GC time (86,70 ms) is above the time for allocation rate (1918 MB/s) to deplete free headroom (166M)
[2020-11-04T21:42:05.218+0300][39,148s][info][gc] GC(276) Concurrent reset 0,591ms
[2020-11-04T21:42:05.218+0300][39,148s][info][gc] GC(276) Pause Init Mark (unload classes) 0,141ms
[2020-11-04T21:42:05.262+0300][39,191s][info][gc] GC(276) Concurrent marking (unload classes) 43,108ms
[2020-11-04T21:42:05.262+0300][39,192s][info][gc] GC(276) Pause Final Mark (unload classes) 0,376ms
[2020-11-04T21:42:05.263+0300][39,193s][info][gc] GC(276) Concurrent weak roots 0,443ms
[2020-11-04T21:42:05.263+0300][39,193s][info][gc] GC(276) Concurrent cleanup 323M->323M(512M) 0,031ms
[2020-11-04T21:42:05.264+0300][39,194s][info][gc] GC(276) Concurrent class unloading 0,963ms
[2020-11-04T21:42:05.264+0300][39,194s][info][gc] GC(276) Concurrent strong roots 0,134ms
[2020-11-04T21:42:05.269+0300][39,199s][info][gc] GC(276) Concurrent evacuation 5,481ms
[2020-11-04T21:42:05.270+0300][39,200s][info][gc] GC(276) Pause Init Update Refs 0,014ms
[2020-11-04T21:42:05.290+0300][39,219s][info][gc] GC(276) Concurrent update references 19,849ms
[2020-11-04T21:42:05.290+0300][39,220s][info][gc] GC(276) Pause Final Update Refs 0,274ms
[2020-11-04T21:42:05.290+0300][39,220s][info][gc] GC(276) Concurrent cleanup 382M->159M(512M) 0,088ms
[2020-11-04T21:42:05.360+0300][39,290s][info][gc] Trigger: Average GC time (62,50 ms) is above the time for allocation rate (1862 MB/s) to deplete free headroom (115M)
[2020-11-04T21:42:05.361+0300][39,291s][info][gc] GC(277) Concurrent reset 0,540ms
[2020-11-04T21:42:05.361+0300][39,291s][info][gc] GC(277) Pause Init Mark (unload classes) 0,277ms
[2020-11-04T21:42:05.405+0300][39,334s][info][gc] GC(277) Concurrent marking (unload classes) 43,077ms
[2020-11-04T21:42:05.405+0300][39,335s][info][gc] GC(277) Pause Final Mark (unload classes) 0,558ms
[2020-11-04T21:42:05.406+0300][39,336s][info][gc] GC(277) Concurrent weak roots 0,398ms
[2020-11-04T21:42:05.406+0300][39,336s][info][gc] GC(277) Concurrent cleanup 368M->368M(512M) 0,031ms
[2020-11-04T21:42:05.407+0300][39,337s][info][gc] GC(277) Concurrent class unloading 0,833ms
[2020-11-04T21:42:05.407+0300][39,337s][info][gc] GC(277) Concurrent strong roots 0,113ms
[2020-11-04T21:42:05.413+0300][39,343s][info][gc] GC(277) Concurrent evacuation 6,468ms
[2020-11-04T21:42:05.414+0300][39,344s][info][gc] GC(277) Pause Init Update Refs 0,021ms
[2020-11-04T21:42:05.436+0300][39,365s][info][gc] GC(277) Concurrent update references 21,750ms
[2020-11-04T21:42:05.436+0300][39,366s][info][gc] GC(277) Pause Final Update Refs 0,162ms
[2020-11-04T21:42:05.436+0300][39,366s][info][gc] GC(277) Concurrent cleanup 434M->169M(512M) 0,094ms
[2020-11-04T21:42:05.501+0300][39,431s][info][gc] Trigger: Average GC time (69,20 ms) is above the time for allocation rate (1789 MB/s) to deplete free headroom (122M)
[2020-11-04T21:42:05.502+0300][39,431s][info][gc] GC(278) Concurrent reset 0,624ms
[2020-11-04T21:42:05.502+0300][39,432s][info][gc] GC(278) Pause Init Mark (unload classes) 0,242ms
[2020-11-04T21:42:05.541+0300][39,470s][info][gc] GC(278) Concurrent marking (unload classes) 38,467ms
[2020-11-04T21:42:05.541+0300][39,471s][info][gc] GC(278) Pause Final Mark (unload classes) 0,648ms
[2020-11-04T21:42:05.542+0300][39,472s][info][gc] GC(278) Concurrent weak roots 0,446ms
[2020-11-04T21:42:05.542+0300][39,472s][info][gc] GC(278) Concurrent cleanup 361M->361M(512M) 0,032ms
[2020-11-04T21:42:05.543+0300][39,473s][info][gc] GC(278) Concurrent class unloading 0,850ms
[2020-11-04T21:42:05.543+0300][39,473s][info][gc] GC(278) Concurrent strong roots 0,052ms
[2020-11-04T21:42:05.549+0300][39,479s][info][gc] GC(278) Concurrent evacuation 6,106ms
[2020-11-04T21:42:05.549+0300][39,479s][info][gc] GC(278) Pause Init Update Refs 0,015ms
[2020-11-04T21:42:05.573+0300][39,503s][info][gc] GC(278) Concurrent update references 23,448ms
[2020-11-04T21:42:05.573+0300][39,503s][info][gc] GC(278) Pause Final Update Refs 0,169ms
[2020-11-04T21:42:05.573+0300][39,503s][info][gc] GC(278) Concurrent cleanup 429M->176M(512M) 0,089ms
[2020-11-04T21:42:05.632+0300][39,562s][info][gc] Trigger: Average GC time (71,11 ms) is above the time for allocation rate (1816 MB/s) to deplete free headroom (129M)
[2020-11-04T21:42:05.632+0300][39,562s][info][gc] GC(279) Concurrent reset 0,583ms
[2020-11-04T21:42:05.633+0300][39,563s][info][gc] GC(279) Pause Init Mark (unload classes) 0,323ms
[2020-11-04T21:42:05.684+0300][39,614s][info][gc] GC(279) Concurrent marking (unload classes) 50,936ms
[2020-11-04T21:42:05.685+0300][39,614s][info][gc] GC(279) Pause Final Mark (unload classes) 0,495ms
[2020-11-04T21:42:05.685+0300][39,615s][info][gc] GC(279) Concurrent weak roots 0,377ms
[2020-11-04T21:42:05.685+0300][39,615s][info][gc] GC(279) Concurrent cleanup 354M->354M(512M) 0,031ms
[2020-11-04T21:42:05.686+0300][39,616s][info][gc] GC(279) Concurrent class unloading 0,895ms
[2020-11-04T21:42:05.686+0300][39,616s][info][gc] GC(279) Concurrent strong roots 0,141ms
[2020-11-04T21:42:05.692+0300][39,622s][info][gc] GC(279) Concurrent evacuation 5,866ms
[2020-11-04T21:42:05.692+0300][39,622s][info][gc] GC(279) Pause Init Update Refs 0,026ms
[2020-11-04T21:42:05.717+0300][39,647s][info][gc] GC(279) Concurrent update references 24,466ms
[2020-11-04T21:42:05.718+0300][39,647s][info][gc] GC(279) Pause Final Update Refs 0,376ms
[2020-11-04T21:42:05.718+0300][39,648s][info][gc] GC(279) Concurrent cleanup 422M->185M(512M) 0,115ms
[2020-11-04T21:42:05.776+0300][39,706s][info][gc] Trigger: Average GC time (73,57 ms) is above the time for allocation rate (1656 MB/s) to deplete free headroom (120M)
[2020-11-04T21:42:05.777+0300][39,707s][info][gc] GC(280) Concurrent reset 0,638ms
[2020-11-04T21:42:05.777+0300][39,707s][info][gc] GC(280) Pause Init Mark (process weakrefs) (unload classes) 0,224ms
[2020-11-04T21:42:05.838+0300][39,768s][info][gc] GC(280) Concurrent marking (process weakrefs) (unload classes) 60,399ms
[2020-11-04T21:42:05.838+0300][39,768s][info][gc] GC(280) Concurrent precleaning 0,145ms
[2020-11-04T21:42:05.839+0300][39,769s][info][gc] GC(280) Pause Final Mark (process weakrefs) (unload classes) 0,716ms
[2020-11-04T21:42:05.839+0300][39,769s][info][gc] GC(280) Concurrent weak roots 0,441ms
[2020-11-04T21:42:05.839+0300][39,769s][info][gc] GC(280) Concurrent cleanup 362M->362M(512M) 0,037ms
[2020-11-04T21:42:05.840+0300][39,770s][info][gc] GC(280) Concurrent class unloading 0,855ms
[2020-11-04T21:42:05.841+0300][39,770s][info][gc] GC(280) Concurrent strong roots 0,123ms
[2020-11-04T21:42:05.846+0300][39,776s][info][gc] GC(280) Concurrent evacuation 5,843ms
[2020-11-04T21:42:05.847+0300][39,776s][info][gc] GC(280) Pause Init Update Refs 0,015ms
[2020-11-04T21:42:05.873+0300][39,802s][info][gc] GC(280) Concurrent update references 25,898ms
[2020-11-04T21:42:05.873+0300][39,803s][info][gc] GC(280) Pause Final Update Refs 0,388ms
[2020-11-04T21:42:05.874+0300][39,803s][info][gc] GC(280) Concurrent cleanup 435M->196M(512M) 0,126ms
[2020-11-04T21:42:05.928+0300][39,857s][info][gc] Trigger: Average GC time (80,96 ms) is above the time for allocation rate (1527 MB/s) to deplete free headroom (121M)
[2020-11-04T21:42:05.928+0300][39,858s][info][gc] GC(281) Concurrent reset 0,648ms
[2020-11-04T21:42:05.929+0300][39,859s][info][gc] GC(281) Pause Init Mark (unload classes) 0,221ms
[2020-11-04T21:42:05.974+0300][39,904s][info][gc] GC(281) Concurrent marking (unload classes) 45,241ms
[2020-11-04T21:42:05.975+0300][39,905s][info][gc] GC(281) Pause Final Mark (unload classes) 0,611ms
[2020-11-04T21:42:05.976+0300][39,905s][info][gc] GC(281) Concurrent weak roots 0,526ms
[2020-11-04T21:42:05.976+0300][39,905s][info][gc] GC(281) Concurrent cleanup 361M->361M(512M) 0,036ms
[2020-11-04T21:42:05.976+0300][39,906s][info][gc] GC(281) Concurrent class unloading 0,824ms
[2020-11-04T21:42:05.977+0300][39,906s][info][gc] GC(281) Concurrent strong roots 0,143ms
[2020-11-04T21:42:05.984+0300][39,914s][info][gc] GC(281) Concurrent evacuation 7,286ms
[2020-11-04T21:42:05.984+0300][39,914s][info][gc] GC(281) Pause Init Update Refs 0,013ms
[2020-11-04T21:42:06.012+0300][39,941s][info][gc] GC(281) Concurrent update references 27,236ms
[2020-11-04T21:42:06.012+0300][39,942s][info][gc] GC(281) Pause Final Update Refs 0,374ms
[2020-11-04T21:42:06.012+0300][39,942s][info][gc] GC(281) Concurrent cleanup 439M->208M(512M) 0,116ms
[2020-11-04T21:42:06.057+0300][39,987s][info][gc] Trigger: Average GC time (83,34 ms) is above the time for allocation rate (1643 MB/s) to deplete free headroom (133M)
[2020-11-04T21:42:06.058+0300][39,988s][info][gc] GC(282) Concurrent reset 0,715ms
[2020-11-04T21:42:06.058+0300][39,988s][info][gc] GC(282) Pause Init Mark (unload classes) 0,132ms
[2020-11-04T21:42:06.128+0300][40,058s][info][gc] GC(282) Concurrent marking (unload classes) 69,497ms
[2020-11-04T21:42:06.129+0300][40,058s][info][gc] GC(282) Pause Final Mark (unload classes) 0,558ms
[2020-11-04T21:42:06.129+0300][40,059s][info][gc] GC(282) Concurrent weak roots 0,427ms
[2020-11-04T21:42:06.129+0300][40,059s][info][gc] GC(282) Concurrent cleanup 349M->349M(512M) 0,034ms
[2020-11-04T21:42:06.130+0300][40,060s][info][gc] GC(282) Concurrent class unloading 0,954ms
[2020-11-04T21:42:06.130+0300][40,060s][info][gc] GC(282) Concurrent strong roots 0,086ms
[2020-11-04T21:42:06.135+0300][40,065s][info][gc] GC(282) Concurrent evacuation 5,047ms
[2020-11-04T21:42:06.136+0300][40,065s][info][gc] GC(282) Pause Init Update Refs 0,021ms
[2020-11-04T21:42:06.164+0300][40,094s][info][gc] GC(282) Concurrent update references 28,317ms
[2020-11-04T21:42:06.165+0300][40,094s][info][gc] GC(282) Pause Final Update Refs 0,305ms
[2020-11-04T21:42:06.165+0300][40,095s][info][gc] GC(282) Concurrent cleanup 421M->209M(512M) 0,111ms
[2020-11-04T21:42:06.214+0300][40,143s][info][gc] Trigger: Average GC time (89,73 ms) is above the time for allocation rate (1391 MB/s) to deplete free headroom (122M)
[2020-11-04T21:42:06.214+0300][40,144s][info][gc] GC(283) Concurrent reset 0,628ms
[2020-11-04T21:42:06.216+0300][40,146s][info][gc] GC(283) Pause Init Mark (unload classes) 0,260ms
[2020-11-04T21:42:06.267+0300][40,197s][info][gc] GC(283) Concurrent marking (unload classes) 51,072ms
[2020-11-04T21:42:06.268+0300][40,198s][info][gc] GC(283) Pause Final Mark (unload classes) 0,517ms
[2020-11-04T21:42:06.268+0300][40,198s][info][gc] GC(283) Concurrent weak roots 0,439ms
[2020-11-04T21:42:06.268+0300][40,198s][info][gc] GC(283) Concurrent cleanup 361M->361M(512M) 0,038ms
[2020-11-04T21:42:06.269+0300][40,199s][info][gc] GC(283) Concurrent class unloading 1,026ms
[2020-11-04T21:42:06.270+0300][40,199s][info][gc] GC(283) Concurrent strong roots 0,123ms
[2020-11-04T21:42:06.275+0300][40,205s][info][gc] GC(283) Concurrent evacuation 5,454ms
[2020-11-04T21:42:06.275+0300][40,205s][info][gc] GC(283) Pause Init Update Refs 0,021ms
[2020-11-04T21:42:06.306+0300][40,236s][info][gc] GC(283) Concurrent update references 31,069ms
[2020-11-04T21:42:06.307+0300][40,237s][info][gc] GC(283) Pause Final Update Refs 0,240ms
[2020-11-04T21:42:06.307+0300][40,237s][info][gc] GC(283) Concurrent cleanup 444M->223M(512M) 0,126ms
[2020-11-04T21:42:06.344+0300][40,274s][info][gc] Trigger: Average GC time (93,92 ms) is above the time for allocation rate (1509 MB/s) to deplete free headroom (138M)
[2020-11-04T21:42:06.345+0300][40,275s][info][gc] GC(284) Concurrent reset 0,591ms
[2020-11-04T21:42:06.345+0300][40,275s][info][gc] GC(284) Pause Init Mark (unload classes) 0,225ms
[2020-11-04T21:42:06.397+0300][40,327s][info][gc] GC(284) Concurrent marking (unload classes) 51,130ms
[2020-11-04T21:42:06.397+0300][40,327s][info][gc] GC(284) Pause Final Mark (unload classes) 0,543ms
[2020-11-04T21:42:06.398+0300][40,328s][info][gc] GC(284) Concurrent weak roots 0,383ms
[2020-11-04T21:42:06.398+0300][40,328s][info][gc] GC(284) Concurrent cleanup 344M->344M(512M) 0,038ms
[2020-11-04T21:42:06.399+0300][40,329s][info][gc] GC(284) Concurrent class unloading 0,905ms
[2020-11-04T21:42:06.399+0300][40,329s][info][gc] GC(284) Concurrent strong roots 0,093ms
[2020-11-04T21:42:06.404+0300][40,334s][info][gc] GC(284) Concurrent evacuation 4,793ms
[2020-11-04T21:42:06.404+0300][40,334s][info][gc] GC(284) Pause Init Update Refs 0,013ms
[2020-11-04T21:42:06.435+0300][40,364s][info][gc] GC(284) Concurrent update references 30,308ms
[2020-11-04T21:42:06.435+0300][40,365s][info][gc] GC(284) Pause Final Update Refs 0,132ms
[2020-11-04T21:42:06.435+0300][40,365s][info][gc] GC(284) Concurrent cleanup 422M->227M(512M) 0,165ms
[2020-11-04T21:42:06.471+0300][40,401s][info][gc] Trigger: Average GC time (94,91 ms) is above the time for allocation rate (1484 MB/s) to deplete free headroom (138M)
[2020-11-04T21:42:06.472+0300][40,402s][info][gc] GC(285) Concurrent reset 0,624ms
[2020-11-04T21:42:06.473+0300][40,402s][info][gc] GC(285) Pause Init Mark (process weakrefs) (unload classes) 0,126ms
[2020-11-04T21:42:06.526+0300][40,456s][info][gc] GC(285) Concurrent marking (process weakrefs) (unload classes) 53,807ms
[2020-11-04T21:42:06.527+0300][40,456s][info][gc] GC(285) Concurrent precleaning 0,162ms
[2020-11-04T21:42:06.527+0300][40,457s][info][gc] GC(285) Pause Final Mark (process weakrefs) (unload classes) 0,356ms
[2020-11-04T21:42:06.528+0300][40,457s][info][gc] GC(285) Concurrent weak roots 0,372ms
[2020-11-04T21:42:06.528+0300][40,458s][info][gc] GC(285) Concurrent cleanup 344M->345M(512M) 0,038ms
[2020-11-04T21:42:06.529+0300][40,459s][info][gc] GC(285) Concurrent class unloading 1,157ms
[2020-11-04T21:42:06.529+0300][40,459s][info][gc] GC(285) Concurrent strong roots 0,061ms
[2020-11-04T21:42:06.534+0300][40,464s][info][gc] GC(285) Concurrent evacuation 4,660ms
[2020-11-04T21:42:06.534+0300][40,464s][info][gc] GC(285) Pause Init Update Refs 0,026ms
[2020-11-04T21:42:06.571+0300][40,501s][info][gc] GC(285) Concurrent update references 36,932ms
[2020-11-04T21:42:06.572+0300][40,501s][info][gc] GC(285) Pause Final Update Refs 0,146ms
[2020-11-04T21:42:06.572+0300][40,502s][info][gc] GC(285) Concurrent cleanup 409M->220M(512M) 0,094ms
[2020-11-04T21:42:06.614+0300][40,544s][info][gc] Trigger: Average GC time (95,49 ms) is above the time for allocation rate (1363 MB/s) to deplete free headroom (127M)
[2020-11-04T21:42:06.615+0300][40,545s][info][gc] GC(286) Concurrent reset 0,572ms
[2020-11-04T21:42:06.615+0300][40,545s][info][gc] GC(286) Pause Init Mark (unload classes) 0,115ms
[2020-11-04T21:42:06.671+0300][40,600s][info][gc] GC(286) Concurrent marking (unload classes) 55,389ms
[2020-11-04T21:42:06.671+0300][40,601s][info][gc] GC(286) Pause Final Mark (unload classes) 0,435ms
[2020-11-04T21:42:06.672+0300][40,601s][info][gc] GC(286) Concurrent weak roots 0,418ms
[2020-11-04T21:42:06.672+0300][40,602s][info][gc] GC(286) Concurrent cleanup 353M->353M(512M) 0,035ms
[2020-11-04T21:42:06.672+0300][40,602s][info][gc] GC(286) Concurrent class unloading 0,695ms
[2020-11-04T21:42:06.673+0300][40,602s][info][gc] GC(286) Concurrent strong roots 0,061ms
[2020-11-04T21:42:06.678+0300][40,608s][info][gc] GC(286) Concurrent evacuation 5,188ms
[2020-11-04T21:42:06.678+0300][40,608s][info][gc] GC(286) Pause Init Update Refs 0,014ms
[2020-11-04T21:42:06.712+0300][40,642s][info][gc] GC(286) Concurrent update references 33,703ms
[2020-11-04T21:42:06.712+0300][40,642s][info][gc] GC(286) Pause Final Update Refs 0,174ms
[2020-11-04T21:42:06.713+0300][40,642s][info][gc] GC(286) Concurrent cleanup 433M->238M(512M) 0,111ms
[2020-11-04T21:42:06.745+0300][40,675s][info][gc] Trigger: Average GC time (98,22 ms) is above the time for allocation rate (1384 MB/s) to deplete free headroom (134M)
[2020-11-04T21:42:06.746+0300][40,676s][info][gc] GC(287) Concurrent reset 0,536ms
[2020-11-04T21:42:06.746+0300][40,676s][info][gc] GC(287) Pause Init Mark (unload classes) 0,122ms
[2020-11-04T21:42:06.806+0300][40,736s][info][gc] GC(287) Concurrent marking (unload classes) 59,104ms
[2020-11-04T21:42:06.806+0300][40,736s][info][gc] GC(287) Pause Final Mark (unload classes) 0,427ms
[2020-11-04T21:42:06.807+0300][40,737s][info][gc] GC(287) Concurrent weak roots 0,418ms
[2020-11-04T21:42:06.807+0300][40,737s][info][gc] GC(287) Concurrent cleanup 347M->347M(512M) 0,045ms
[2020-11-04T21:42:06.808+0300][40,738s][info][gc] GC(287) Concurrent class unloading 0,971ms
[2020-11-04T21:42:06.808+0300][40,738s][info][gc] GC(287) Concurrent strong roots 0,075ms
[2020-11-04T21:42:06.812+0300][40,742s][info][gc] GC(287) Concurrent evacuation 4,406ms
[2020-11-04T21:42:06.813+0300][40,743s][info][gc] GC(287) Pause Init Update Refs 0,028ms
[2020-11-04T21:42:06.851+0300][40,781s][info][gc] GC(287) Concurrent update references 37,884ms
[2020-11-04T21:42:06.851+0300][40,781s][info][gc] GC(287) Pause Final Update Refs 0,280ms
[2020-11-04T21:42:06.852+0300][40,781s][info][gc] GC(287) Concurrent cleanup 414M->232M(512M) 0,126ms
[2020-11-04T21:42:06.891+0300][40,821s][info][gc] Trigger: Average GC time (97,85 ms) is above the time for allocation rate (1288 MB/s) to deplete free headroom (123M)
[2020-11-04T21:42:06.891+0300][40,821s][info][gc] GC(288) Concurrent reset 0,598ms
[2020-11-04T21:42:06.892+0300][40,822s][info][gc] GC(288) Pause Init Mark (unload classes) 0,087ms
[2020-11-04T21:42:06.953+0300][40,883s][info][gc] GC(288) Concurrent marking (unload classes) 60,976ms
[2020-11-04T21:42:06.953+0300][40,883s][info][gc] GC(288) Pause Final Mark (unload classes) 0,414ms
[2020-11-04T21:42:06.954+0300][40,884s][info][gc] GC(288) Concurrent weak roots 0,427ms
[2020-11-04T21:42:06.954+0300][40,884s][info][gc] GC(288) Concurrent cleanup 357M->357M(512M) 0,033ms
[2020-11-04T21:42:06.955+0300][40,885s][info][gc] GC(288) Concurrent class unloading 0,980ms
[2020-11-04T21:42:06.955+0300][40,885s][info][gc] GC(288) Concurrent strong roots 0,082ms
[2020-11-04T21:42:06.960+0300][40,890s][info][gc] GC(288) Concurrent evacuation 4,596ms
[2020-11-04T21:42:06.960+0300][40,890s][info][gc] GC(288) Pause Init Update Refs 0,017ms
[2020-11-04T21:42:07.006+0300][40,936s][info][gc] GC(288) Concurrent update references 45,581ms
[2020-11-04T21:42:07.006+0300][40,936s][info][gc] GC(288) Pause Final Update Refs 0,161ms
[2020-11-04T21:42:07.006+0300][40,936s][info][gc] GC(288) Concurrent cleanup 470M->282M(512M) 0,101ms
[2020-11-04T21:42:07.029+0300][40,959s][info][gc] Trigger: Average GC time (102,29 ms) is above the time for allocation rate (1281 MB/s) to deplete free headroom (128M)
[2020-11-04T21:42:07.030+0300][40,959s][info][gc] GC(289) Concurrent reset 0,625ms
[2020-11-04T21:42:07.030+0300][40,960s][info][gc] GC(289) Pause Init Mark (unload classes) 0,097ms
[2020-11-04T21:42:07.063+0300][40,993s][info][gc] GC(289) Concurrent marking (unload classes) 33,288ms
[2020-11-04T21:42:07.064+0300][40,994s][info][gc] GC(289) Pause Final Mark (unload classes) 0,461ms
[2020-11-04T21:42:07.065+0300][40,994s][info][gc] GC(289) Concurrent weak roots 0,464ms
[2020-11-04T21:42:07.065+0300][40,994s][info][gc] GC(289) Concurrent cleanup 352M->348M(512M) 0,035ms
[2020-11-04T21:42:07.065+0300][40,995s][info][gc] GC(289) Concurrent class unloading 0,749ms
[2020-11-04T21:42:07.065+0300][40,995s][info][gc] GC(289) Concurrent strong roots 0,070ms
[2020-11-04T21:42:07.071+0300][41,001s][info][gc] GC(289) Concurrent evacuation 5,818ms
[2020-11-04T21:42:07.072+0300][41,001s][info][gc] GC(289) Pause Init Update Refs 0,018ms
[2020-11-04T21:42:07.088+0300][41,018s][info][gc] GC(289) Concurrent update references 16,184ms
[2020-11-04T21:42:07.088+0300][41,018s][info][gc] GC(289) Pause Final Update Refs 0,142ms
[2020-11-04T21:42:07.089+0300][41,018s][info][gc] GC(289) Concurrent cleanup 398M->123M(512M) 0,123ms
[2020-11-04T21:42:07.149+0300][41,079s][info][gc] Trigger: Average GC time (96,04 ms) is above the time for allocation rate (1852 MB/s) to deplete free headroom (177M)
[2020-11-04T21:42:07.150+0300][41,079s][info][gc] GC(290) Concurrent reset 0,529ms
[2020-11-04T21:42:07.150+0300][41,080s][info][gc] GC(290) Pause Init Mark (process weakrefs) (unload classes) 0,119ms
[2020-11-04T21:42:07.193+0300][41,123s][info][gc] GC(290) Concurrent marking (process weakrefs) (unload classes) 42,901ms
[2020-11-04T21:42:07.193+0300][41,123s][info][gc] GC(290) Concurrent precleaning 0,131ms
[2020-11-04T21:42:07.194+0300][41,124s][info][gc] GC(290) Pause Final Mark (process weakrefs) (unload classes) 0,557ms
[2020-11-04T21:42:07.195+0300][41,124s][info][gc] GC(290) Concurrent weak roots 0,444ms
[2020-11-04T21:42:07.195+0300][41,124s][info][gc] GC(290) Concurrent cleanup 310M->310M(512M) 0,025ms
[2020-11-04T21:42:07.196+0300][41,126s][info][gc] GC(290) Concurrent class unloading 1,144ms
[2020-11-04T21:42:07.196+0300][41,126s][info][gc] GC(290) Concurrent strong roots 0,131ms
[2020-11-04T21:42:07.202+0300][41,132s][info][gc] GC(290) Concurrent evacuation 5,972ms
[2020-11-04T21:42:07.202+0300][41,132s][info][gc] GC(290) Pause Init Update Refs 0,015ms
[2020-11-04T21:42:07.227+0300][41,157s][info][gc] GC(290) Concurrent update references 24,634ms
[2020-11-04T21:42:07.227+0300][41,157s][info][gc] GC(290) Pause Final Update Refs 0,143ms
[2020-11-04T21:42:07.228+0300][41,157s][info][gc] GC(290) Concurrent cleanup 376M->153M(512M) 0,083ms
[2020-11-04T21:42:07.284+0300][41,214s][info][gc] Trigger: Average GC time (91,67 ms) is above the time for allocation rate (1744 MB/s) to deplete free headroom (158M)
[2020-11-04T21:42:07.284+0300][41,214s][info][gc] GC(291) Concurrent reset 0,492ms
[2020-11-04T21:42:07.285+0300][41,215s][info][gc] GC(291) Pause Init Mark (unload classes) 0,122ms
[2020-11-04T21:42:07.316+0300][41,246s][info][gc] GC(291) Concurrent marking (unload classes) 30,893ms
[2020-11-04T21:42:07.316+0300][41,246s][info][gc] GC(291) Pause Final Mark (unload classes) 0,336ms
[2020-11-04T21:42:07.317+0300][41,246s][info][gc] GC(291) Concurrent weak roots 0,304ms
[2020-11-04T21:42:07.317+0300][41,247s][info][gc] GC(291) Concurrent cleanup 326M->326M(512M) 0,032ms
[2020-11-04T21:42:07.318+0300][41,247s][info][gc] GC(291) Concurrent class unloading 0,801ms
[2020-11-04T21:42:07.318+0300][41,247s][info][gc] GC(291) Concurrent strong roots 0,054ms
[2020-11-04T21:42:07.323+0300][41,253s][info][gc] GC(291) Concurrent evacuation 5,770ms
[2020-11-04T21:42:07.324+0300][41,254s][info][gc] GC(291) Pause Init Update Refs 0,026ms
[2020-11-04T21:42:07.343+0300][41,273s][info][gc] GC(291) Concurrent update references 18,899ms
[2020-11-04T21:42:07.343+0300][41,273s][info][gc] GC(291) Pause Final Update Refs 0,150ms
[2020-11-04T21:42:07.343+0300][41,273s][info][gc] GC(291) Concurrent cleanup 383M->148M(512M) 0,125ms
[2020-11-04T21:42:07.401+0300][41,330s][info][gc] Trigger: Average GC time (83,91 ms) is above the time for allocation rate (1938 MB/s) to deplete free headroom (159M)
[2020-11-04T21:42:07.401+0300][41,331s][info][gc] GC(292) Concurrent reset 0,559ms
[2020-11-04T21:42:07.402+0300][41,331s][info][gc] GC(292) Pause Init Mark (unload classes) 0,115ms
[2020-11-04T21:42:07.432+0300][41,362s][info][gc] GC(292) Concurrent marking (unload classes) 30,720ms
[2020-11-04T21:42:07.433+0300][41,363s][info][gc] GC(292) Pause Final Mark (unload classes) 0,334ms
[2020-11-04T21:42:07.434+0300][41,363s][info][gc] GC(292) Concurrent weak roots 0,391ms
[2020-11-04T21:42:07.434+0300][41,363s][info][gc] GC(292) Concurrent cleanup 326M->326M(512M) 0,035ms
[2020-11-04T21:42:07.435+0300][41,364s][info][gc] GC(292) Concurrent class unloading 0,876ms
[2020-11-04T21:42:07.435+0300][41,364s][info][gc] GC(292) Concurrent strong roots 0,109ms
[2020-11-04T21:42:07.440+0300][41,370s][info][gc] GC(292) Concurrent evacuation 5,618ms
[2020-11-04T21:42:07.441+0300][41,370s][info][gc] GC(292) Pause Init Update Refs 0,013ms
[2020-11-04T21:42:07.461+0300][41,390s][info][gc] GC(292) Concurrent update references 19,888ms
[2020-11-04T21:42:07.461+0300][41,391s][info][gc] GC(292) Pause Final Update Refs 0,154ms
[2020-11-04T21:42:07.461+0300][41,391s][info][gc] GC(292) Concurrent cleanup 385M->158M(512M) 0,140ms
[2020-11-04T21:42:07.521+0300][41,451s][info][gc] Trigger: Average GC time (74,85 ms) is above the time for allocation rate (1963 MB/s) to deplete free headroom (144M)
[2020-11-04T21:42:07.521+0300][41,451s][info][gc] GC(293) Concurrent reset 0,652ms
[2020-11-04T21:42:07.522+0300][41,452s][info][gc] GC(293) Pause Init Mark (unload classes) 0,110ms
[2020-11-04T21:42:07.556+0300][41,486s][info][gc] GC(293) Concurrent marking (unload classes) 34,583ms
[2020-11-04T21:42:07.557+0300][41,487s][info][gc] GC(293) Pause Final Mark (unload classes) 0,326ms
[2020-11-04T21:42:07.558+0300][41,487s][info][gc] GC(293) Concurrent weak roots 0,421ms
[2020-11-04T21:42:07.558+0300][41,487s][info][gc] GC(293) Concurrent cleanup 341M->341M(512M) 0,048ms
[2020-11-04T21:42:07.559+0300][41,489s][info][gc] GC(293) Concurrent class unloading 1,075ms
[2020-11-04T21:42:07.559+0300][41,489s][info][gc] GC(293) Concurrent strong roots 0,120ms
[2020-11-04T21:42:07.565+0300][41,495s][info][gc] GC(293) Concurrent evacuation 5,859ms
[2020-11-04T21:42:07.565+0300][41,495s][info][gc] GC(293) Pause Init Update Refs 0,019ms
[2020-11-04T21:42:07.587+0300][41,517s][info][gc] GC(293) Concurrent update references 21,996ms
[2020-11-04T21:42:07.588+0300][41,517s][info][gc] GC(293) Pause Final Update Refs 0,154ms
[2020-11-04T21:42:07.588+0300][41,518s][info][gc] GC(293) Concurrent cleanup 403M->167M(512M) 0,103ms
[2020-11-04T21:42:07.652+0300][41,582s][info][gc] Trigger: Average GC time (65,14 ms) is above the time for allocation rate (1908 MB/s) to deplete free headroom (122M)
[2020-11-04T21:42:07.653+0300][41,583s][info][gc] GC(294) Concurrent reset 0,659ms
[2020-11-04T21:42:07.654+0300][41,583s][info][gc] GC(294) Pause Init Mark (unload classes) 0,104ms
[2020-11-04T21:42:07.701+0300][41,631s][info][gc] GC(294) Concurrent marking (unload classes) 47,176ms
[2020-11-04T21:42:07.702+0300][41,631s][info][gc] GC(294) Pause Final Mark (unload classes) 0,405ms
[2020-11-04T21:42:07.702+0300][41,632s][info][gc] GC(294) Concurrent weak roots 0,376ms
[2020-11-04T21:42:07.702+0300][41,632s][info][gc] GC(294) Concurrent cleanup 361M->361M(512M) 0,035ms
[2020-11-04T21:42:07.703+0300][41,633s][info][gc] GC(294) Concurrent class unloading 1,149ms
[2020-11-04T21:42:07.703+0300][41,633s][info][gc] GC(294) Concurrent strong roots 0,132ms
[2020-11-04T21:42:07.710+0300][41,639s][info][gc] GC(294) Concurrent evacuation 6,105ms
[2020-11-04T21:42:07.710+0300][41,640s][info][gc] GC(294) Pause Init Update Refs 0,013ms
[2020-11-04T21:42:07.735+0300][41,665s][info][gc] GC(294) Concurrent update references 24,992ms
[2020-11-04T21:42:07.735+0300][41,665s][info][gc] GC(294) Pause Final Update Refs 0,135ms
[2020-11-04T21:42:07.736+0300][41,665s][info][gc] GC(294) Concurrent cleanup 425M->173M(512M) 0,086ms
[2020-11-04T21:42:07.800+0300][41,730s][info][gc] Trigger: Average GC time (69,79 ms) is above the time for allocation rate (1694 MB/s) to deplete free headroom (115M)
[2020-11-04T21:42:07.801+0300][41,731s][info][gc] GC(295) Concurrent reset 0,681ms
[2020-11-04T21:42:07.801+0300][41,731s][info][gc] GC(295) Pause Init Mark (process weakrefs) (unload classes) 0,115ms
[2020-11-04T21:42:07.854+0300][41,783s][info][gc] GC(295) Concurrent marking (process weakrefs) (unload classes) 52,204ms
[2020-11-04T21:42:07.854+0300][41,784s][info][gc] GC(295) Concurrent precleaning 0,145ms
[2020-11-04T21:42:07.855+0300][41,784s][info][gc] GC(295) Pause Final Mark (process weakrefs) (unload classes) 0,589ms
[2020-11-04T21:42:07.855+0300][41,785s][info][gc] GC(295) Concurrent weak roots 0,455ms
[2020-11-04T21:42:07.855+0300][41,785s][info][gc] GC(295) Concurrent cleanup 366M->366M(512M) 0,036ms
[2020-11-04T21:42:07.856+0300][41,786s][info][gc] GC(295) Concurrent class unloading 0,978ms
[2020-11-04T21:42:07.856+0300][41,786s][info][gc] GC(295) Concurrent strong roots 0,074ms
[2020-11-04T21:42:07.863+0300][41,792s][info][gc] GC(295) Concurrent evacuation 6,141ms
[2020-11-04T21:42:07.863+0300][41,793s][info][gc] GC(295) Pause Init Update Refs 0,017ms
[2020-11-04T21:42:07.888+0300][41,818s][info][gc] GC(295) Concurrent update references 24,986ms
[2020-11-04T21:42:07.888+0300][41,818s][info][gc] GC(295) Pause Final Update Refs 0,171ms
[2020-11-04T21:42:07.889+0300][41,818s][info][gc] GC(295) Concurrent cleanup 436M->185M(512M) 0,110ms
[2020-11-04T21:42:07.949+0300][41,879s][info][gc] Trigger: Average GC time (71,78 ms) is above the time for allocation rate (1640 MB/s) to deplete free headroom (114M)
[2020-11-04T21:42:07.950+0300][41,879s][info][gc] GC(296) Concurrent reset 0,585ms
[2020-11-04T21:42:07.950+0300][41,880s][info][gc] GC(296) Pause Init Mark (unload classes) 0,122ms
[2020-11-04T21:42:07.993+0300][41,922s][info][gc] GC(296) Concurrent marking (unload classes) 42,542ms
[2020-11-04T21:42:07.993+0300][41,923s][info][gc] GC(296) Pause Final Mark (unload classes) 0,354ms
[2020-11-04T21:42:07.994+0300][41,924s][info][gc] GC(296) Concurrent weak roots 0,396ms
[2020-11-04T21:42:07.994+0300][41,924s][info][gc] GC(296) Concurrent cleanup 366M->366M(512M) 0,034ms
[2020-11-04T21:42:07.995+0300][41,924s][info][gc] GC(296) Concurrent class unloading 0,800ms
[2020-11-04T21:42:07.995+0300][41,925s][info][gc] GC(296) Concurrent strong roots 0,125ms
[2020-11-04T21:42:08.001+0300][41,931s][info][gc] GC(296) Concurrent evacuation 6,572ms
[2020-11-04T21:42:08.002+0300][41,931s][info][gc] GC(296) Pause Init Update Refs 0,020ms
[2020-11-04T21:42:08.027+0300][41,957s][info][gc] GC(296) Concurrent update references 25,737ms
[2020-11-04T21:42:08.028+0300][41,958s][info][gc] GC(296) Pause Final Update Refs 0,153ms
[2020-11-04T21:42:08.028+0300][41,958s][info][gc] GC(296) Concurrent cleanup 438M->193M(512M) 0,116ms
[2020-11-04T21:42:08.081+0300][42,011s][info][gc] Trigger: Average GC time (75,66 ms) is above the time for allocation rate (1704 MB/s) to deplete free headroom (126M)
[2020-11-04T21:42:08.082+0300][42,012s][info][gc] GC(297) Concurrent reset 0,661ms
[2020-11-04T21:42:08.082+0300][42,012s][info][gc] GC(297) Pause Init Mark (unload classes) 0,124ms
[2020-11-04T21:42:08.129+0300][42,059s][info][gc] GC(297) Concurrent marking (unload classes) 46,538ms
[2020-11-04T21:42:08.130+0300][42,059s][info][gc] GC(297) Pause Final Mark (unload classes) 0,415ms
[2020-11-04T21:42:08.130+0300][42,060s][info][gc] GC(297) Concurrent weak roots 0,403ms
[2020-11-04T21:42:08.130+0300][42,060s][info][gc] GC(297) Concurrent cleanup 356M->356M(512M) 0,034ms
[2020-11-04T21:42:08.131+0300][42,061s][info][gc] GC(297) Concurrent class unloading 0,868ms
[2020-11-04T21:42:08.131+0300][42,061s][info][gc] GC(297) Concurrent strong roots 0,059ms
[2020-11-04T21:42:08.136+0300][42,066s][info][gc] GC(297) Concurrent evacuation 5,308ms
[2020-11-04T21:42:08.137+0300][42,067s][info][gc] GC(297) Pause Init Update Refs 0,023ms
[2020-11-04T21:42:08.165+0300][42,095s][info][gc] GC(297) Concurrent update references 28,269ms
[2020-11-04T21:42:08.166+0300][42,096s][info][gc] GC(297) Pause Final Update Refs 0,213ms
[2020-11-04T21:42:08.166+0300][42,096s][info][gc] GC(297) Concurrent cleanup 425M->200M(512M) 0,111ms
[2020-11-04T21:42:08.216+0300][42,145s][info][gc] Trigger: Average GC time (80,47 ms) is above the time for allocation rate (1614 MB/s) to deplete free headroom (128M)
[2020-11-04T21:42:08.216+0300][42,146s][info][gc] GC(298) Concurrent reset 0,583ms
[2020-11-04T21:42:08.217+0300][42,146s][info][gc] GC(298) Pause Init Mark (unload classes) 0,101ms
[2020-11-04T21:42:08.264+0300][42,193s][info][gc] GC(298) Concurrent marking (unload classes) 46,809ms
[2020-11-04T21:42:08.264+0300][42,194s][info][gc] GC(298) Pause Final Mark (unload classes) 0,497ms
[2020-11-04T21:42:08.265+0300][42,195s][info][gc] GC(298) Concurrent weak roots 0,436ms
[2020-11-04T21:42:08.265+0300][42,195s][info][gc] GC(298) Concurrent cleanup 354M->354M(512M) 0,046ms
[2020-11-04T21:42:08.266+0300][42,196s][info][gc] GC(298) Concurrent class unloading 0,842ms
[2020-11-04T21:42:08.266+0300][42,196s][info][gc] GC(298) Concurrent strong roots 0,066ms
[2020-11-04T21:42:08.271+0300][42,201s][info][gc] GC(298) Concurrent evacuation 5,228ms
[2020-11-04T21:42:08.271+0300][42,201s][info][gc] GC(298) Pause Init Update Refs 0,031ms
[2020-11-04T21:42:08.300+0300][42,229s][info][gc] GC(298) Concurrent update references 27,991ms
[2020-11-04T21:42:08.300+0300][42,230s][info][gc] GC(298) Pause Final Update Refs 0,127ms
[2020-11-04T21:42:08.300+0300][42,230s][info][gc] GC(298) Concurrent cleanup 426M->209M(512M) 0,106ms
[2020-11-04T21:42:08.346+0300][42,275s][info][gc] Trigger: Average GC time (83,94 ms) is above the time for allocation rate (1599 MB/s) to deplete free headroom (131M)
[2020-11-04T21:42:08.346+0300][42,276s][info][gc] GC(299) Concurrent reset 0,573ms
[2020-11-04T21:42:08.347+0300][42,276s][info][gc] GC(299) Pause Init Mark (unload classes) 0,113ms
[2020-11-04T21:42:08.419+0300][42,349s][info][gc] GC(299) Concurrent marking (unload classes) 72,340ms
[2020-11-04T21:42:08.420+0300][42,350s][info][gc] GC(299) Pause Final Mark (unload classes) 0,409ms
[2020-11-04T21:42:08.420+0300][42,350s][info][gc] GC(299) Concurrent weak roots 0,433ms
[2020-11-04T21:42:08.420+0300][42,350s][info][gc] GC(299) Concurrent cleanup 352M->352M(512M) 0,032ms
[2020-11-04T21:42:08.421+0300][42,351s][info][gc] GC(299) Concurrent class unloading 0,763ms
[2020-11-04T21:42:08.421+0300][42,351s][info][gc] GC(299) Concurrent strong roots 0,140ms
[2020-11-04T21:42:08.427+0300][42,357s][info][gc] GC(299) Concurrent evacuation 5,692ms
[2020-11-04T21:42:08.427+0300][42,357s][info][gc] GC(299) Pause Init Update Refs 0,022ms
[2020-11-04T21:42:08.461+0300][42,391s][info][gc] GC(299) Concurrent update references 33,930ms
[2020-11-04T21:42:08.462+0300][42,392s][info][gc] GC(299) Pause Final Update Refs 0,338ms
[2020-11-04T21:42:08.462+0300][42,392s][info][gc] GC(299) Concurrent cleanup 408M->201M(512M) 0,090ms
[2020-11-04T21:42:08.517+0300][42,447s][info][gc] Trigger: Average GC time (90,64 ms) is above the time for allocation rate (1276 MB/s) to deplete free headroom (113M)
[2020-11-04T21:42:08.518+0300][42,448s][info][gc] GC(300) Concurrent reset 0,576ms
[2020-11-04T21:42:08.518+0300][42,448s][info][gc] GC(300) Pause Init Mark (process weakrefs) (unload classes) 0,083ms
[2020-11-04T21:42:08.584+0300][42,513s][info][gc] GC(300) Concurrent marking (process weakrefs) (unload classes) 65,285ms
[2020-11-04T21:42:08.584+0300][42,514s][info][gc] GC(300) Concurrent precleaning 0,173ms
[2020-11-04T21:42:08.585+0300][42,515s][info][gc] GC(300) Pause Final Mark (process weakrefs) (unload classes) 0,667ms
[2020-11-04T21:42:08.585+0300][42,515s][info][gc] GC(300) Concurrent weak roots 0,455ms
[2020-11-04T21:42:08.585+0300][42,515s][info][gc] GC(300) Concurrent cleanup 368M->368M(512M) 0,034ms
[2020-11-04T21:42:08.586+0300][42,516s][info][gc] GC(300) Concurrent class unloading 0,966ms
[2020-11-04T21:42:08.586+0300][42,516s][info][gc] GC(300) Concurrent strong roots 0,052ms
[2020-11-04T21:42:08.594+0300][42,524s][info][gc] GC(300) Concurrent evacuation 7,891ms
[2020-11-04T21:42:08.595+0300][42,524s][info][gc] GC(300) Pause Init Update Refs 0,024ms
[2020-11-04T21:42:08.630+0300][42,560s][info][gc] GC(300) Concurrent update references 35,076ms
[2020-11-04T21:42:08.630+0300][42,560s][info][gc] GC(300) Pause Final Update Refs 0,318ms
[2020-11-04T21:42:08.631+0300][42,560s][info][gc] GC(300) Concurrent cleanup 431M->212M(512M) 0,108ms
[2020-11-04T21:42:08.679+0300][42,609s][info][gc] Trigger: Average GC time (95,61 ms) is above the time for allocation rate (1279 MB/s) to deplete free headroom (119M)
[2020-11-04T21:42:08.680+0300][42,610s][info][gc] GC(301) Concurrent reset 0,572ms
[2020-11-04T21:42:08.681+0300][42,610s][info][gc] GC(301) Pause Init Mark (unload classes) 0,243ms
[2020-11-04T21:42:08.737+0300][42,667s][info][gc] GC(301) Concurrent marking (unload classes) 56,397ms
[2020-11-04T21:42:08.738+0300][42,668s][info][gc] GC(301) Pause Final Mark (unload classes) 0,584ms
[2020-11-04T21:42:08.738+0300][42,668s][info][gc] GC(301) Concurrent weak roots 0,489ms
[2020-11-04T21:42:08.739+0300][42,668s][info][gc] GC(301) Concurrent cleanup 361M->361M(512M) 0,032ms
[2020-11-04T21:42:08.740+0300][42,669s][info][gc] GC(301) Concurrent class unloading 1,048ms
[2020-11-04T21:42:08.740+0300][42,670s][info][gc] GC(301) Concurrent strong roots 0,120ms
[2020-11-04T21:42:08.747+0300][42,676s][info][gc] GC(301) Concurrent evacuation 6,741ms
[2020-11-04T21:42:08.747+0300][42,677s][info][gc] GC(301) Pause Init Update Refs 0,025ms
[2020-11-04T21:42:08.779+0300][42,709s][info][gc] GC(301) Concurrent update references 31,975ms
[2020-11-04T21:42:08.779+0300][42,709s][info][gc] GC(301) Pause Final Update Refs 0,172ms
[2020-11-04T21:42:08.780+0300][42,709s][info][gc] GC(301) Concurrent cleanup 447M->240M(512M) 0,128ms
[2020-11-04T21:42:08.811+0300][42,741s][info][gc] Trigger: Average GC time (99,84 ms) is above the time for allocation rate (1389 MB/s) to deplete free headroom (136M)
[2020-11-04T21:42:08.812+0300][42,742s][info][gc] GC(302) Concurrent reset 0,678ms
[2020-11-04T21:42:08.813+0300][42,743s][info][gc] GC(302) Pause Init Mark (unload classes) 0,284ms
[2020-11-04T21:42:08.868+0300][42,798s][info][gc] GC(302) Concurrent marking (unload classes) 55,144ms
[2020-11-04T21:42:08.869+0300][42,799s][info][gc] GC(302) Pause Final Mark (unload classes) 0,885ms
[2020-11-04T21:42:08.870+0300][42,799s][info][gc] GC(302) Concurrent weak roots 0,455ms
[2020-11-04T21:42:08.870+0300][42,799s][info][gc] GC(302) Concurrent cleanup 346M->346M(512M) 0,031ms
[2020-11-04T21:42:08.871+0300][42,800s][info][gc] GC(302) Concurrent class unloading 0,887ms
[2020-11-04T21:42:08.871+0300][42,801s][info][gc] GC(302) Concurrent strong roots 0,127ms
[2020-11-04T21:42:08.877+0300][42,806s][info][gc] GC(302) Concurrent evacuation 5,831ms
[2020-11-04T21:42:08.877+0300][42,807s][info][gc] GC(302) Pause Init Update Refs 0,009ms
[2020-11-04T21:42:08.910+0300][42,839s][info][gc] GC(302) Concurrent update references 32,663ms
[2020-11-04T21:42:08.910+0300][42,840s][info][gc] GC(302) Pause Final Update Refs 0,406ms
[2020-11-04T21:42:08.910+0300][42,840s][info][gc] GC(302) Concurrent cleanup 431M->247M(512M) 0,066ms
[2020-11-04T21:42:08.943+0300][42,873s][info][gc] Trigger: Average GC time (102,68 ms) is above the time for allocation rate (1344 MB/s) to deplete free headroom (137M)
[2020-11-04T21:42:08.944+0300][42,874s][info][gc] GC(303) Concurrent reset 0,641ms
[2020-11-04T21:42:08.945+0300][42,874s][info][gc] GC(303) Pause Init Mark (unload classes) 0,270ms
[2020-11-04T21:42:09.002+0300][42,932s][info][gc] GC(303) Concurrent marking (unload classes) 57,595ms
[2020-11-04T21:42:09.003+0300][42,933s][info][gc] GC(303) Pause Final Mark (unload classes) 0,552ms
[2020-11-04T21:42:09.004+0300][42,933s][info][gc] GC(303) Concurrent weak roots 0,349ms
[2020-11-04T21:42:09.004+0300][42,933s][info][gc] GC(303) Concurrent cleanup 344M->344M(512M) 0,040ms
[2020-11-04T21:42:09.004+0300][42,934s][info][gc] GC(303) Concurrent class unloading 0,779ms
[2020-11-04T21:42:09.005+0300][42,934s][info][gc] GC(303) Concurrent strong roots 0,184ms
[2020-11-04T21:42:09.011+0300][42,941s][info][gc] GC(303) Concurrent evacuation 6,004ms
[2020-11-04T21:42:09.011+0300][42,941s][info][gc] GC(303) Pause Init Update Refs 0,015ms
[2020-11-04T21:42:09.046+0300][42,976s][info][gc] GC(303) Concurrent update references 34,854ms
[2020-11-04T21:42:09.047+0300][42,976s][info][gc] GC(303) Pause Final Update Refs 0,361ms
[2020-11-04T21:42:09.047+0300][42,977s][info][gc] GC(303) Concurrent cleanup 423M->246M(512M) 0,120ms
[2020-11-04T21:42:09.076+0300][43,005s][info][gc] Trigger: Average GC time (106,48 ms) is above the time for allocation rate (1299 MB/s) to deplete free headroom (138M)
[2020-11-04T21:42:09.076+0300][43,006s][info][gc] GC(304) Concurrent reset 0,641ms
[2020-11-04T21:42:09.077+0300][43,006s][info][gc] GC(304) Pause Init Mark (unload classes) 0,088ms
[2020-11-04T21:42:09.138+0300][43,068s][info][gc] GC(304) Concurrent marking (unload classes) 61,386ms
[2020-11-04T21:42:09.139+0300][43,069s][info][gc] GC(304) Pause Final Mark (unload classes) 0,546ms
[2020-11-04T21:42:09.139+0300][43,069s][info][gc] GC(304) Concurrent weak roots 0,356ms
[2020-11-04T21:42:09.139+0300][43,069s][info][gc] GC(304) Concurrent cleanup 345M->345M(512M) 0,038ms
[2020-11-04T21:42:09.140+0300][43,070s][info][gc] GC(304) Concurrent class unloading 0,916ms
[2020-11-04T21:42:09.141+0300][43,070s][info][gc] GC(304) Concurrent strong roots 0,059ms
[2020-11-04T21:42:09.145+0300][43,075s][info][gc] GC(304) Concurrent evacuation 4,174ms
[2020-11-04T21:42:09.145+0300][43,075s][info][gc] GC(304) Pause Init Update Refs 0,014ms
[2020-11-04T21:42:09.180+0300][43,110s][info][gc] GC(304) Concurrent update references 34,787ms
[2020-11-04T21:42:09.180+0300][43,110s][info][gc] GC(304) Pause Final Update Refs 0,162ms
[2020-11-04T21:42:09.181+0300][43,110s][info][gc] GC(304) Concurrent cleanup 413M->241M(512M) 0,115ms
[2020-11-04T21:42:09.215+0300][43,144s][info][gc] Trigger: Average GC time (104,18 ms) is above the time for allocation rate (1268 MB/s) to deplete free headroom (128M)
[2020-11-04T21:42:09.215+0300][43,145s][info][gc] GC(305) Concurrent reset 0,630ms
[2020-11-04T21:42:09.216+0300][43,145s][info][gc] GC(305) Pause Init Mark (process weakrefs) (unload classes) 0,105ms
[2020-11-04T21:42:09.251+0300][43,181s][info][gc] GC(305) Concurrent marking (process weakrefs) (unload classes) 35,737ms
[2020-11-04T21:42:09.252+0300][43,181s][info][gc] GC(305) Concurrent precleaning 0,180ms
[2020-11-04T21:42:09.253+0300][43,183s][info][gc] GC(305) Pause Final Mark (process weakrefs) (unload classes) 0,812ms
[2020-11-04T21:42:09.253+0300][43,183s][info][gc] GC(305) Concurrent weak roots 0,390ms
[2020-11-04T21:42:09.253+0300][43,183s][info][gc] GC(305) Concurrent cleanup 352M->348M(512M) 0,060ms
[2020-11-04T21:42:09.254+0300][43,184s][info][gc] GC(305) Concurrent class unloading 0,835ms
[2020-11-04T21:42:09.254+0300][43,184s][info][gc] GC(305) Concurrent strong roots 0,101ms
[2020-11-04T21:42:09.259+0300][43,189s][info][gc] GC(305) Concurrent evacuation 4,466ms
[2020-11-04T21:42:09.259+0300][43,189s][info][gc] GC(305) Pause Init Update Refs 0,020ms
[2020-11-04T21:42:09.274+0300][43,204s][info][gc] GC(305) Concurrent update references 14,462ms
[2020-11-04T21:42:09.274+0300][43,204s][info][gc] GC(305) Pause Final Update Refs 0,353ms
[2020-11-04T21:42:09.275+0300][43,204s][info][gc] GC(305) Concurrent cleanup 393M->120M(512M) 0,149ms
[2020-11-04T21:42:09.338+0300][43,268s][info][gc] Trigger: Average GC time (93,53 ms) is above the time for allocation rate (1846 MB/s) to deplete free headroom (170M)
[2020-11-04T21:42:09.339+0300][43,269s][info][gc] GC(306) Concurrent reset 0,657ms
[2020-11-04T21:42:09.340+0300][43,269s][info][gc] GC(306) Pause Init Mark (unload classes) 0,289ms
[2020-11-04T21:42:09.371+0300][43,301s][info][gc] GC(306) Concurrent marking (unload classes) 31,664ms
[2020-11-04T21:42:09.372+0300][43,302s][info][gc] GC(306) Pause Final Mark (unload classes) 0,359ms
[2020-11-04T21:42:09.372+0300][43,302s][info][gc] GC(306) Concurrent weak roots 0,327ms
[2020-11-04T21:42:09.372+0300][43,302s][info][gc] GC(306) Concurrent cleanup 316M->316M(512M) 0,037ms
[2020-11-04T21:42:09.373+0300][43,303s][info][gc] GC(306) Concurrent class unloading 0,954ms
[2020-11-04T21:42:09.374+0300][43,303s][info][gc] GC(306) Concurrent strong roots 0,079ms
[2020-11-04T21:42:09.379+0300][43,309s][info][gc] GC(306) Concurrent evacuation 5,536ms
[2020-11-04T21:42:09.380+0300][43,309s][info][gc] GC(306) Pause Init Update Refs 0,020ms
[2020-11-04T21:42:09.397+0300][43,327s][info][gc] GC(306) Concurrent update references 17,464ms
[2020-11-04T21:42:09.397+0300][43,327s][info][gc] GC(306) Pause Final Update Refs 0,130ms
[2020-11-04T21:42:09.398+0300][43,327s][info][gc] GC(306) Concurrent cleanup 369M->141M(512M) 0,103ms
[2020-11-04T21:42:09.456+0300][43,386s][info][gc] Trigger: Average GC time (85,37 ms) is above the time for allocation rate (1941 MB/s) to deplete free headroom (164M)
[2020-11-04T21:42:09.457+0300][43,387s][info][gc] GC(307) Concurrent reset 0,646ms
[2020-11-04T21:42:09.457+0300][43,387s][info][gc] GC(307) Pause Init Mark (unload classes) 0,108ms
[2020-11-04T21:42:09.489+0300][43,418s][info][gc] GC(307) Concurrent marking (unload classes) 31,477ms
[2020-11-04T21:42:09.490+0300][43,419s][info][gc] GC(307) Pause Final Mark (unload classes) 0,610ms
[2020-11-04T21:42:09.490+0300][43,420s][info][gc] GC(307) Concurrent weak roots 0,348ms
[2020-11-04T21:42:09.490+0300][43,420s][info][gc] GC(307) Concurrent cleanup 322M->322M(512M) 0,038ms
[2020-11-04T21:42:09.491+0300][43,421s][info][gc] GC(307) Concurrent class unloading 0,994ms
[2020-11-04T21:42:09.491+0300][43,421s][info][gc] GC(307) Concurrent strong roots 0,122ms
[2020-11-04T21:42:09.497+0300][43,427s][info][gc] GC(307) Concurrent evacuation 5,931ms
[2020-11-04T21:42:09.497+0300][43,427s][info][gc] GC(307) Pause Init Update Refs 0,017ms
[2020-11-04T21:42:09.524+0300][43,454s][info][gc] GC(307) Concurrent update references 26,617ms
[2020-11-04T21:42:09.525+0300][43,455s][info][gc] GC(307) Pause Final Update Refs 0,170ms
[2020-11-04T21:42:09.525+0300][43,455s][info][gc] GC(307) Concurrent cleanup 393M->164M(512M) 0,127ms
[2020-11-04T21:42:09.580+0300][43,510s][info][gc] Trigger: Average GC time (79,37 ms) is above the time for allocation rate (1903 MB/s) to deplete free headroom (149M)
[2020-11-04T21:42:09.581+0300][43,511s][info][gc] GC(308) Concurrent reset 0,577ms
[2020-11-04T21:42:09.581+0300][43,511s][info][gc] GC(308) Pause Init Mark (unload classes) 0,100ms
[2020-11-04T21:42:09.613+0300][43,543s][info][gc] GC(308) Concurrent marking (unload classes) 32,046ms
[2020-11-04T21:42:09.614+0300][43,544s][info][gc] GC(308) Pause Final Mark (unload classes) 0,331ms
[2020-11-04T21:42:09.614+0300][43,544s][info][gc] GC(308) Concurrent weak roots 0,321ms
[2020-11-04T21:42:09.614+0300][43,544s][info][gc] GC(308) Concurrent cleanup 335M->335M(512M) 0,038ms
[2020-11-04T21:42:09.615+0300][43,545s][info][gc] GC(308) Concurrent class unloading 0,898ms
[2020-11-04T21:42:09.615+0300][43,545s][info][gc] GC(308) Concurrent strong roots 0,173ms
[2020-11-04T21:42:09.621+0300][43,551s][info][gc] GC(308) Concurrent evacuation 5,796ms
[2020-11-04T21:42:09.622+0300][43,551s][info][gc] GC(308) Pause Init Update Refs 0,013ms
[2020-11-04T21:42:09.645+0300][43,575s][info][gc] GC(308) Concurrent update references 23,206ms
[2020-11-04T21:42:09.645+0300][43,575s][info][gc] GC(308) Pause Final Update Refs 0,276ms
[2020-11-04T21:42:09.646+0300][43,575s][info][gc] GC(308) Concurrent cleanup 384M->148M(512M) 0,142ms
[2020-11-04T21:42:09.713+0300][43,643s][info][gc] Trigger: Average GC time (71,78 ms) is above the time for allocation rate (1848 MB/s) to deplete free headroom (132M)
[2020-11-04T21:42:09.714+0300][43,644s][info][gc] GC(309) Concurrent reset 0,557ms
[2020-11-04T21:42:09.714+0300][43,644s][info][gc] GC(309) Pause Init Mark (unload classes) 0,170ms
[2020-11-04T21:42:09.750+0300][43,680s][info][gc] GC(309) Concurrent marking (unload classes) 35,335ms
[2020-11-04T21:42:09.750+0300][43,680s][info][gc] GC(309) Pause Final Mark (unload classes) 0,419ms
[2020-11-04T21:42:09.751+0300][43,681s][info][gc] GC(309) Concurrent weak roots 0,323ms
[2020-11-04T21:42:09.751+0300][43,681s][info][gc] GC(309) Concurrent cleanup 351M->351M(512M) 0,037ms
[2020-11-04T21:42:09.752+0300][43,682s][info][gc] GC(309) Concurrent class unloading 0,832ms
[2020-11-04T21:42:09.752+0300][43,682s][info][gc] GC(309) Concurrent strong roots 0,132ms
[2020-11-04T21:42:09.760+0300][43,690s][info][gc] GC(309) Concurrent evacuation 7,978ms
[2020-11-04T21:42:09.760+0300][43,690s][info][gc] GC(309) Pause Init Update Refs 0,019ms
[2020-11-04T21:42:09.783+0300][43,713s][info][gc] GC(309) Concurrent update references 22,878ms
[2020-11-04T21:42:09.783+0300][43,713s][info][gc] GC(309) Pause Final Update Refs 0,133ms
[2020-11-04T21:42:09.784+0300][43,713s][info][gc] GC(309) Concurrent cleanup 410M->163M(512M) 0,094ms
[2020-11-04T21:42:09.859+0300][43,789s][info][gc] Trigger: Average GC time (64,80 ms) is above the time for allocation rate (1768 MB/s) to deplete free headroom (114M)
[2020-11-04T21:42:09.860+0300][43,789s][info][gc] GC(310) Concurrent reset 0,592ms
[2020-11-04T21:42:09.860+0300][43,790s][info][gc] GC(310) Pause Init Mark (process weakrefs) (unload classes) 0,229ms
[2020-11-04T21:42:09.898+0300][43,828s][info][gc] GC(310) Concurrent marking (process weakrefs) (unload classes) 38,068ms
[2020-11-04T21:42:09.898+0300][43,828s][info][gc] GC(310) Concurrent precleaning 0,224ms
[2020-11-04T21:42:09.899+0300][43,829s][info][gc] GC(310) Pause Final Mark (process weakrefs) (unload classes) 0,795ms
[2020-11-04T21:42:09.900+0300][43,830s][info][gc] GC(310) Concurrent weak roots 0,460ms
[2020-11-04T21:42:09.900+0300][43,830s][info][gc] GC(310) Concurrent cleanup 368M->368M(512M) 0,037ms
[2020-11-04T21:42:09.901+0300][43,831s][info][gc] GC(310) Concurrent class unloading 0,785ms
[2020-11-04T21:42:09.901+0300][43,831s][info][gc] GC(310) Concurrent strong roots 0,068ms
[2020-11-04T21:42:09.908+0300][43,838s][info][gc] GC(310) Concurrent evacuation 7,576ms
[2020-11-04T21:42:09.909+0300][43,839s][info][gc] GC(310) Pause Init Update Refs 0,015ms
[2020-11-04T21:42:09.932+0300][43,862s][info][gc] GC(310) Concurrent update references 23,194ms
[2020-11-04T21:42:09.932+0300][43,862s][info][gc] GC(310) Pause Final Update Refs 0,157ms
[2020-11-04T21:42:09.932+0300][43,862s][info][gc] GC(310) Concurrent cleanup 434M->177M(512M) 0,089ms
[2020-11-04T21:42:09.994+0300][43,924s][info][gc] Trigger: Average GC time (67,50 ms) is above the time for allocation rate (1806 MB/s) to deplete free headroom (120M)
[2020-11-04T21:42:09.995+0300][43,924s][info][gc] GC(311) Concurrent reset 0,620ms
[2020-11-04T21:42:09.995+0300][43,925s][info][gc] GC(311) Pause Init Mark (unload classes) 0,097ms
[2020-11-04T21:42:10.051+0300][43,980s][info][gc] GC(311) Concurrent marking (unload classes) 55,410ms
[2020-11-04T21:42:10.051+0300][43,981s][info][gc] GC(311) Pause Final Mark (unload classes) 0,493ms
[2020-11-04T21:42:10.052+0300][43,982s][info][gc] GC(311) Concurrent weak roots 0,413ms
[2020-11-04T21:42:10.052+0300][43,982s][info][gc] GC(311) Concurrent cleanup 362M->362M(512M) 0,034ms
[2020-11-04T21:42:10.052+0300][43,982s][info][gc] GC(311) Concurrent class unloading 0,698ms
[2020-11-04T21:42:10.053+0300][43,982s][info][gc] GC(311) Concurrent strong roots 0,115ms
[2020-11-04T21:42:10.060+0300][43,990s][info][gc] GC(311) Concurrent evacuation 7,178ms
[2020-11-04T21:42:10.060+0300][43,990s][info][gc] GC(311) Pause Init Update Refs 0,016ms
[2020-11-04T21:42:10.085+0300][44,015s][info][gc] GC(311) Concurrent update references 25,226ms
[2020-11-04T21:42:10.086+0300][44,016s][info][gc] GC(311) Pause Final Update Refs 0,132ms
[2020-11-04T21:42:10.086+0300][44,016s][info][gc] GC(311) Concurrent cleanup 430M->185M(512M) 0,126ms
[2020-11-04T21:42:10.145+0300][44,075s][info][gc] Trigger: Average GC time (74,00 ms) is above the time for allocation rate (1589 MB/s) to deplete free headroom (116M)
[2020-11-04T21:42:10.146+0300][44,076s][info][gc] GC(312) Concurrent reset 0,602ms
[2020-11-04T21:42:10.146+0300][44,076s][info][gc] GC(312) Pause Init Mark (unload classes) 0,122ms
[2020-11-04T21:42:10.191+0300][44,121s][info][gc] GC(312) Concurrent marking (unload classes) 44,272ms
[2020-11-04T21:42:10.191+0300][44,121s][info][gc] GC(312) Pause Final Mark (unload classes) 0,391ms
[2020-11-04T21:42:10.192+0300][44,122s][info][gc] GC(312) Concurrent weak roots 0,421ms
[2020-11-04T21:42:10.192+0300][44,122s][info][gc] GC(312) Concurrent cleanup 364M->364M(512M) 0,034ms
[2020-11-04T21:42:10.193+0300][44,123s][info][gc] GC(312) Concurrent class unloading 0,869ms
[2020-11-04T21:42:10.193+0300][44,123s][info][gc] GC(312) Concurrent strong roots 0,065ms
[2020-11-04T21:42:10.199+0300][44,129s][info][gc] GC(312) Concurrent evacuation 5,972ms
[2020-11-04T21:42:10.199+0300][44,129s][info][gc] GC(312) Pause Init Update Refs 0,025ms
[2020-11-04T21:42:10.226+0300][44,156s][info][gc] GC(312) Concurrent update references 26,700ms
[2020-11-04T21:42:10.226+0300][44,156s][info][gc] GC(312) Pause Final Update Refs 0,152ms
[2020-11-04T21:42:10.226+0300][44,156s][info][gc] GC(312) Concurrent cleanup 438M->198M(512M) 0,116ms
[2020-11-04T21:42:10.277+0300][44,207s][info][gc] Trigger: Average GC time (76,45 ms) is above the time for allocation rate (1684 MB/s) to deplete free headroom (127M)
[2020-11-04T21:42:10.278+0300][44,208s][info][gc] GC(313) Concurrent reset 0,577ms
[2020-11-04T21:42:10.278+0300][44,208s][info][gc] GC(313) Pause Init Mark (unload classes) 0,106ms
[2020-11-04T21:42:10.326+0300][44,256s][info][gc] GC(313) Concurrent marking (unload classes) 47,262ms
[2020-11-04T21:42:10.326+0300][44,256s][info][gc] GC(313) Pause Final Mark (unload classes) 0,348ms
[2020-11-04T21:42:10.327+0300][44,257s][info][gc] GC(313) Concurrent weak roots 0,461ms
[2020-11-04T21:42:10.327+0300][44,257s][info][gc] GC(313) Concurrent cleanup 355M->355M(512M) 0,036ms
[2020-11-04T21:42:10.328+0300][44,258s][info][gc] GC(313) Concurrent class unloading 0,836ms
[2020-11-04T21:42:10.328+0300][44,258s][info][gc] GC(313) Concurrent strong roots 0,061ms
[2020-11-04T21:42:10.335+0300][44,265s][info][gc] GC(313) Concurrent evacuation 7,380ms
[2020-11-04T21:42:10.335+0300][44,265s][info][gc] GC(313) Pause Init Update Refs 0,017ms
[2020-11-04T21:42:10.364+0300][44,293s][info][gc] GC(313) Concurrent update references 28,006ms
[2020-11-04T21:42:10.364+0300][44,294s][info][gc] GC(313) Pause Final Update Refs 0,195ms
[2020-11-04T21:42:10.364+0300][44,294s][info][gc] GC(313) Concurrent cleanup 422M->199M(512M) 0,117ms
[2020-11-04T21:42:10.415+0300][44,345s][info][gc] Trigger: Average GC time (80,71 ms) is above the time for allocation rate (1584 MB/s) to deplete free headroom (125M)
[2020-11-04T21:42:10.416+0300][44,346s][info][gc] GC(314) Concurrent reset 0,637ms
[2020-11-04T21:42:10.416+0300][44,346s][info][gc] GC(314) Pause Init Mark (unload classes) 0,102ms
[2020-11-04T21:42:10.464+0300][44,394s][info][gc] GC(314) Concurrent marking (unload classes) 47,581ms
[2020-11-04T21:42:10.464+0300][44,394s][info][gc] GC(314) Pause Final Mark (unload classes) 0,461ms
[2020-11-04T21:42:10.465+0300][44,395s][info][gc] GC(314) Concurrent weak roots 0,425ms
[2020-11-04T21:42:10.465+0300][44,395s][info][gc] GC(314) Concurrent cleanup 356M->356M(512M) 0,044ms
[2020-11-04T21:42:10.466+0300][44,396s][info][gc] GC(314) Concurrent class unloading 0,883ms
[2020-11-04T21:42:10.466+0300][44,396s][info][gc] GC(314) Concurrent strong roots 0,062ms
[2020-11-04T21:42:10.471+0300][44,401s][info][gc] GC(314) Concurrent evacuation 5,379ms
[2020-11-04T21:42:10.472+0300][44,401s][info][gc] GC(314) Pause Init Update Refs 0,015ms
[2020-11-04T21:42:10.501+0300][44,431s][info][gc] GC(314) Concurrent update references 29,422ms
[2020-11-04T21:42:10.501+0300][44,431s][info][gc] GC(314) Pause Final Update Refs 0,172ms
[2020-11-04T21:42:10.502+0300][44,431s][info][gc] GC(314) Concurrent cleanup 431M->213M(512M) 0,115ms
[2020-11-04T21:42:10.545+0300][44,475s][info][gc] Trigger: Average GC time (83,99 ms) is above the time for allocation rate (1581 MB/s) to deplete free headroom (132M)
[2020-11-04T21:42:10.546+0300][44,476s][info][gc] GC(315) Concurrent reset 0,604ms
[2020-11-04T21:42:10.546+0300][44,476s][info][gc] GC(315) Pause Init Mark (process weakrefs) (unload classes) 0,145ms
[2020-11-04T21:42:10.608+0300][44,538s][info][gc] GC(315) Concurrent marking (process weakrefs) (unload classes) 61,993ms
[2020-11-04T21:42:10.608+0300][44,538s][info][gc] GC(315) Concurrent precleaning 0,180ms
[2020-11-04T21:42:10.609+0300][44,539s][info][gc] GC(315) Pause Final Mark (process weakrefs) (unload classes) 0,345ms
[2020-11-04T21:42:10.610+0300][44,539s][info][gc] GC(315) Concurrent weak roots 0,456ms
[2020-11-04T21:42:10.610+0300][44,539s][info][gc] GC(315) Concurrent cleanup 351M->351M(512M) 0,035ms
[2020-11-04T21:42:10.610+0300][44,540s][info][gc] GC(315) Concurrent class unloading 0,725ms
[2020-11-04T21:42:10.610+0300][44,540s][info][gc] GC(315) Concurrent strong roots 0,107ms
[2020-11-04T21:42:10.617+0300][44,547s][info][gc] GC(315) Concurrent evacuation 6,515ms
[2020-11-04T21:42:10.617+0300][44,547s][info][gc] GC(315) Pause Init Update Refs 0,014ms
[2020-11-04T21:42:10.648+0300][44,577s][info][gc] GC(315) Concurrent update references 30,255ms
[2020-11-04T21:42:10.648+0300][44,578s][info][gc] GC(315) Pause Final Update Refs 0,129ms
[2020-11-04T21:42:10.648+0300][44,578s][info][gc] GC(315) Concurrent cleanup 433M->228M(512M) 0,138ms
[2020-11-04T21:42:10.687+0300][44,617s][info][gc] Trigger: Average GC time (89,87 ms) is above the time for allocation rate (1434 MB/s) to deplete free headroom (127M)
[2020-11-04T21:42:10.688+0300][44,618s][info][gc] GC(316) Concurrent reset 0,643ms
[2020-11-04T21:42:10.688+0300][44,618s][info][gc] GC(316) Pause Init Mark (unload classes) 0,294ms
[2020-11-04T21:42:10.752+0300][44,682s][info][gc] GC(316) Concurrent marking (unload classes) 63,767ms
[2020-11-04T21:42:10.753+0300][44,683s][info][gc] GC(316) Pause Final Mark (unload classes) 0,419ms
[2020-11-04T21:42:10.753+0300][44,683s][info][gc] GC(316) Concurrent weak roots 0,282ms
[2020-11-04T21:42:10.753+0300][44,683s][info][gc] GC(316) Concurrent cleanup 354M->354M(512M) 0,041ms
[2020-11-04T21:42:10.754+0300][44,684s][info][gc] GC(316) Concurrent class unloading 0,745ms
[2020-11-04T21:42:10.754+0300][44,684s][info][gc] GC(316) Concurrent strong roots 0,077ms
[2020-11-04T21:42:10.759+0300][44,689s][info][gc] GC(316) Concurrent evacuation 4,914ms
[2020-11-04T21:42:10.759+0300][44,689s][info][gc] GC(316) Pause Init Update Refs 0,024ms
[2020-11-04T21:42:10.790+0300][44,720s][info][gc] GC(316) Concurrent update references 31,258ms
[2020-11-04T21:42:10.791+0300][44,721s][info][gc] GC(316) Pause Final Update Refs 0,375ms
[2020-11-04T21:42:10.791+0300][44,721s][info][gc] GC(316) Concurrent cleanup 433M->229M(512M) 0,113ms
[2020-11-04T21:42:10.830+0300][44,760s][info][gc] Trigger: Average GC time (92,28 ms) is above the time for allocation rate (1387 MB/s) to deplete free headroom (127M)
[2020-11-04T21:42:10.831+0300][44,761s][info][gc] GC(317) Concurrent reset 0,637ms
[2020-11-04T21:42:10.832+0300][44,761s][info][gc] GC(317) Pause Init Mark (unload classes) 0,251ms
[2020-11-04T21:42:10.912+0300][44,842s][info][gc] GC(317) Concurrent marking (unload classes) 80,127ms
[2020-11-04T21:42:10.912+0300][44,842s][info][gc] GC(317) Pause Final Mark (unload classes) 0,332ms
[2020-11-04T21:42:10.913+0300][44,842s][info][gc] GC(317) Concurrent weak roots 0,341ms
[2020-11-04T21:42:10.913+0300][44,842s][info][gc] GC(317) Concurrent cleanup 355M->355M(512M) 0,021ms
[2020-11-04T21:42:10.913+0300][44,843s][info][gc] GC(317) Concurrent class unloading 0,618ms
[2020-11-04T21:42:10.913+0300][44,843s][info][gc] GC(317) Concurrent strong roots 0,072ms
[2020-11-04T21:42:10.920+0300][44,849s][info][gc] GC(317) Concurrent evacuation 6,239ms
[2020-11-04T21:42:10.920+0300][44,850s][info][gc] GC(317) Pause Init Update Refs 0,012ms
[2020-11-04T21:42:10.952+0300][44,882s][info][gc] GC(317) Concurrent update references 32,277ms
[2020-11-04T21:42:10.953+0300][44,883s][info][gc] GC(317) Pause Final Update Refs 0,364ms
[2020-11-04T21:42:10.953+0300][44,883s][info][gc] GC(317) Concurrent cleanup 434M->235M(512M) 0,116ms
[2020-11-04T21:42:10.994+0300][44,924s][info][gc] Trigger: Average GC time (100,54 ms) is above the time for allocation rate (1220 MB/s) to deplete free headroom (120M)
[2020-11-04T21:42:10.995+0300][44,925s][info][gc] GC(318) Concurrent reset 0,578ms
[2020-11-04T21:42:10.995+0300][44,925s][info][gc] GC(318) Pause Init Mark (unload classes) 0,078ms
[2020-11-04T21:42:11.082+0300][45,012s][info][gc] GC(318) Concurrent marking (unload classes) 87,046ms
[2020-11-04T21:42:11.083+0300][45,013s][info][gc] GC(318) Pause Final Mark (unload classes) 0,329ms
[2020-11-04T21:42:11.083+0300][45,013s][info][gc] GC(318) Concurrent weak roots 0,416ms
[2020-11-04T21:42:11.083+0300][45,013s][info][gc] GC(318) Concurrent cleanup 361M->361M(512M) 0,039ms
[2020-11-04T21:42:11.084+0300][45,014s][info][gc] GC(318) Concurrent class unloading 0,888ms
[2020-11-04T21:42:11.085+0300][45,014s][info][gc] GC(318) Concurrent strong roots 0,158ms
[2020-11-04T21:42:11.089+0300][45,019s][info][gc] GC(318) Concurrent evacuation 4,873ms
[2020-11-04T21:42:11.090+0300][45,019s][info][gc] GC(318) Pause Init Update Refs 0,014ms
[2020-11-04T21:42:11.123+0300][45,053s][info][gc] GC(318) Concurrent update references 33,081ms
[2020-11-04T21:42:11.123+0300][45,053s][info][gc] GC(318) Pause Final Update Refs 0,152ms
[2020-11-04T21:42:11.123+0300][45,053s][info][gc] GC(318) Concurrent cleanup 446M->246M(512M) 0,103ms
[2020-11-04T21:42:11.157+0300][45,087s][info][gc] Trigger: Average GC time (109,00 ms) is above the time for allocation rate (1163 MB/s) to deplete free headroom (124M)
[2020-11-04T21:42:11.158+0300][45,088s][info][gc] GC(319) Concurrent reset 0,666ms
[2020-11-04T21:42:11.158+0300][45,088s][info][gc] GC(319) Pause Init Mark (unload classes) 0,110ms
[2020-11-04T21:42:11.225+0300][45,154s][info][gc] GC(319) Concurrent marking (unload classes) 66,064ms
[2020-11-04T21:42:11.225+0300][45,155s][info][gc] GC(319) Pause Final Mark (unload classes) 0,390ms
[2020-11-04T21:42:11.226+0300][45,156s][info][gc] GC(319) Concurrent weak roots 0,313ms
[2020-11-04T21:42:11.227+0300][45,156s][info][gc] GC(319) Concurrent cleanup 357M->357M(512M) 0,022ms
[2020-11-04T21:42:11.227+0300][45,157s][info][gc] GC(319) Concurrent class unloading 0,757ms
[2020-11-04T21:42:11.227+0300][45,157s][info][gc] GC(319) Concurrent strong roots 0,098ms
[2020-11-04T21:42:11.232+0300][45,162s][info][gc] GC(319) Concurrent evacuation 4,594ms
[2020-11-04T21:42:11.232+0300][45,162s][info][gc] GC(319) Pause Init Update Refs 0,014ms
[2020-11-04T21:42:11.268+0300][45,197s][info][gc] GC(319) Concurrent update references 35,077ms
[2020-11-04T21:42:11.268+0300][45,198s][info][gc] GC(319) Pause Final Update Refs 0,151ms
[2020-11-04T21:42:11.268+0300][45,198s][info][gc] GC(319) Concurrent cleanup 442M->252M(512M) 0,079ms
[2020-11-04T21:42:11.295+0300][45,224s][info][gc] Trigger: Average GC time (113,83 ms) is above the time for allocation rate (1237 MB/s) to deplete free headroom (138M)
[2020-11-04T21:42:11.295+0300][45,225s][info][gc] GC(320) Concurrent reset 0,612ms
[2020-11-04T21:42:11.296+0300][45,226s][info][gc] GC(320) Pause Init Mark (process weakrefs) (unload classes) 0,355ms
[2020-11-04T21:42:11.358+0300][45,288s][info][gc] GC(320) Concurrent marking (process weakrefs) (unload classes) 61,883ms
[2020-11-04T21:42:11.358+0300][45,288s][info][gc] GC(320) Concurrent precleaning 0,170ms
[2020-11-04T21:42:11.359+0300][45,289s][info][gc] GC(320) Pause Final Mark (process weakrefs) (unload classes) 0,478ms
[2020-11-04T21:42:11.359+0300][45,289s][info][gc] GC(320) Concurrent weak roots 0,358ms
[2020-11-04T21:42:11.359+0300][45,289s][info][gc] GC(320) Concurrent cleanup 344M->344M(512M) 0,032ms
[2020-11-04T21:42:11.360+0300][45,290s][info][gc] GC(320) Concurrent class unloading 0,853ms
[2020-11-04T21:42:11.360+0300][45,290s][info][gc] GC(320) Concurrent strong roots 0,107ms
[2020-11-04T21:42:11.364+0300][45,294s][info][gc] GC(320) Concurrent evacuation 4,095ms
[2020-11-04T21:42:11.365+0300][45,295s][info][gc] GC(320) Pause Init Update Refs 0,018ms
[2020-11-04T21:42:11.400+0300][45,329s][info][gc] GC(320) Concurrent update references 34,735ms
[2020-11-04T21:42:11.400+0300][45,330s][info][gc] GC(320) Pause Final Update Refs 0,264ms
[2020-11-04T21:42:11.400+0300][45,330s][info][gc] GC(320) Concurrent cleanup 423M->252M(512M) 0,101ms
[2020-11-04T21:42:11.437+0300][45,367s][info][gc] Trigger: Average GC time (114,36 ms) is above the time for allocation rate (1188 MB/s) to deplete free headroom (133M)
[2020-11-04T21:42:11.438+0300][45,368s][info][gc] GC(321) Concurrent reset 0,577ms
[2020-11-04T21:42:11.439+0300][45,368s][info][gc] GC(321) Pause Init Mark (unload classes) 0,322ms
[2020-11-04T21:42:11.473+0300][45,403s][info][gc] GC(321) Concurrent marking (unload classes) 34,212ms
[2020-11-04T21:42:11.474+0300][45,403s][info][gc] GC(321) Pause Final Mark (unload classes) 0,517ms
[2020-11-04T21:42:11.474+0300][45,404s][info][gc] GC(321) Concurrent weak roots 0,381ms
[2020-11-04T21:42:11.474+0300][45,404s][info][gc] GC(321) Concurrent cleanup 347M->343M(512M) 0,032ms
[2020-11-04T21:42:11.475+0300][45,405s][info][gc] GC(321) Concurrent class unloading 0,885ms
[2020-11-04T21:42:11.475+0300][45,405s][info][gc] GC(321) Concurrent strong roots 0,113ms
[2020-11-04T21:42:11.479+0300][45,409s][info][gc] GC(321) Concurrent evacuation 3,745ms
[2020-11-04T21:42:11.479+0300][45,409s][info][gc] GC(321) Pause Init Update Refs 0,017ms
[2020-11-04T21:42:11.495+0300][45,424s][info][gc] GC(321) Concurrent update references 15,362ms
[2020-11-04T21:42:11.495+0300][45,425s][info][gc] GC(321) Pause Final Update Refs 0,353ms
[2020-11-04T21:42:11.495+0300][45,425s][info][gc] GC(321) Concurrent cleanup 375M->110M(512M) 0,139ms
[2020-11-04T21:42:11.562+0300][45,492s][info][gc] Trigger: Average GC time (105,20 ms) is above the time for allocation rate (1729 MB/s) to deplete free headroom (181M)
[2020-11-04T21:42:11.563+0300][45,493s][info][gc] GC(322) Concurrent reset 0,595ms
[2020-11-04T21:42:11.563+0300][45,493s][info][gc] GC(322) Pause Init Mark (unload classes) 0,178ms
[2020-11-04T21:42:11.599+0300][45,529s][info][gc] GC(322) Concurrent marking (unload classes) 35,496ms
[2020-11-04T21:42:11.600+0300][45,530s][info][gc] GC(322) Pause Final Mark (unload classes) 0,514ms
[2020-11-04T21:42:11.600+0300][45,530s][info][gc] GC(322) Concurrent weak roots 0,465ms
[2020-11-04T21:42:11.600+0300][45,530s][info][gc] GC(322) Concurrent cleanup 306M->306M(512M) 0,040ms
[2020-11-04T21:42:11.601+0300][45,531s][info][gc] GC(322) Concurrent class unloading 0,885ms
[2020-11-04T21:42:11.601+0300][45,531s][info][gc] GC(322) Concurrent strong roots 0,065ms
[2020-11-04T21:42:11.607+0300][45,537s][info][gc] GC(322) Concurrent evacuation 5,958ms
[2020-11-04T21:42:11.608+0300][45,538s][info][gc] GC(322) Pause Init Update Refs 0,016ms
[2020-11-04T21:42:11.625+0300][45,555s][info][gc] GC(322) Concurrent update references 17,246ms
[2020-11-04T21:42:11.626+0300][45,556s][info][gc] GC(322) Pause Final Update Refs 0,382ms
[2020-11-04T21:42:11.626+0300][45,556s][info][gc] GC(322) Concurrent cleanup 357M->141M(512M) 0,123ms
[2020-11-04T21:42:11.682+0300][45,612s][info][gc] Trigger: Average GC time (93,42 ms) is above the time for allocation rate (1847 MB/s) to deplete free headroom (170M)
[2020-11-04T21:42:11.683+0300][45,612s][info][gc] GC(323) Concurrent reset 0,540ms
[2020-11-04T21:42:11.683+0300][45,613s][info][gc] GC(323) Pause Init Mark (unload classes) 0,152ms
[2020-11-04T21:42:11.715+0300][45,645s][info][gc] GC(323) Concurrent marking (unload classes) 31,973ms
[2020-11-04T21:42:11.716+0300][45,646s][info][gc] GC(323) Pause Final Mark (unload classes) 0,665ms
[2020-11-04T21:42:11.717+0300][45,646s][info][gc] GC(323) Concurrent weak roots 0,462ms
[2020-11-04T21:42:11.717+0300][45,647s][info][gc] GC(323) Concurrent cleanup 316M->316M(512M) 0,039ms
[2020-11-04T21:42:11.718+0300][45,648s][info][gc] GC(323) Concurrent class unloading 1,033ms
[2020-11-04T21:42:11.718+0300][45,648s][info][gc] GC(323) Concurrent strong roots 0,116ms
[2020-11-04T21:42:11.723+0300][45,653s][info][gc] GC(323) Concurrent evacuation 5,369ms
[2020-11-04T21:42:11.724+0300][45,653s][info][gc] GC(323) Pause Init Update Refs 0,015ms
[2020-11-04T21:42:11.747+0300][45,677s][info][gc] GC(323) Concurrent update references 23,473ms
[2020-11-04T21:42:11.748+0300][45,678s][info][gc] GC(323) Pause Final Update Refs 0,263ms
[2020-11-04T21:42:11.748+0300][45,678s][info][gc] GC(323) Concurrent cleanup 384M->163M(512M) 0,110ms
[2020-11-04T21:42:11.802+0300][45,732s][info][gc] Trigger: Average GC time (80,77 ms) is above the time for allocation rate (1925 MB/s) to deplete free headroom (154M)
[2020-11-04T21:42:11.802+0300][45,732s][info][gc] GC(324) Concurrent reset 0,554ms
[2020-11-04T21:42:11.803+0300][45,733s][info][gc] GC(324) Pause Init Mark (unload classes) 0,115ms
[2020-11-04T21:42:11.835+0300][45,765s][info][gc] GC(324) Concurrent marking (unload classes) 31,787ms
[2020-11-04T21:42:11.836+0300][45,765s][info][gc] GC(324) Pause Final Mark (unload classes) 0,713ms
[2020-11-04T21:42:11.836+0300][45,766s][info][gc] GC(324) Concurrent weak roots 0,387ms
[2020-11-04T21:42:11.836+0300][45,766s][info][gc] GC(324) Concurrent cleanup 331M->331M(512M) 0,036ms
[2020-11-04T21:42:11.837+0300][45,767s][info][gc] GC(324) Concurrent class unloading 0,819ms
[2020-11-04T21:42:11.837+0300][45,767s][info][gc] GC(324) Concurrent strong roots 0,115ms
[2020-11-04T21:42:11.843+0300][45,773s][info][gc] GC(324) Concurrent evacuation 5,626ms
[2020-11-04T21:42:11.843+0300][45,773s][info][gc] GC(324) Pause Init Update Refs 0,023ms
[2020-11-04T21:42:11.863+0300][45,793s][info][gc] GC(324) Concurrent update references 19,958ms
[2020-11-04T21:42:11.864+0300][45,794s][info][gc] GC(324) Pause Final Update Refs 0,289ms
[2020-11-04T21:42:11.864+0300][45,794s][info][gc] GC(324) Concurrent cleanup 391M->160M(512M) 0,122ms
[2020-11-04T21:42:11.926+0300][45,855s][info][gc] Trigger: Average GC time (71,06 ms) is above the time for allocation rate (1950 MB/s) to deplete free headroom (137M)
[2020-11-04T21:42:11.926+0300][45,856s][info][gc] GC(325) Concurrent reset 0,536ms
[2020-11-04T21:42:11.927+0300][45,856s][info][gc] GC(325) Pause Init Mark (process weakrefs) (unload classes) 0,131ms
[2020-11-04T21:42:11.962+0300][45,891s][info][gc] GC(325) Concurrent marking (process weakrefs) (unload classes) 35,041ms
[2020-11-04T21:42:11.962+0300][45,892s][info][gc] GC(325) Concurrent precleaning 0,147ms
[2020-11-04T21:42:11.963+0300][45,893s][info][gc] GC(325) Pause Final Mark (process weakrefs) (unload classes) 0,775ms
[2020-11-04T21:42:11.963+0300][45,893s][info][gc] GC(325) Concurrent weak roots 0,405ms
[2020-11-04T21:42:11.963+0300][45,893s][info][gc] GC(325) Concurrent cleanup 347M->347M(512M) 0,046ms
[2020-11-04T21:42:11.964+0300][45,894s][info][gc] GC(325) Concurrent class unloading 0,812ms
[2020-11-04T21:42:11.964+0300][45,894s][info][gc] GC(325) Concurrent strong roots 0,064ms
[2020-11-04T21:42:11.970+0300][45,900s][info][gc] GC(325) Concurrent evacuation 5,944ms
[2020-11-04T21:42:11.971+0300][45,900s][info][gc] GC(325) Pause Init Update Refs 0,016ms
[2020-11-04T21:42:11.992+0300][45,922s][info][gc] GC(325) Concurrent update references 21,499ms
[2020-11-04T21:42:11.993+0300][45,923s][info][gc] GC(325) Pause Final Update Refs 0,307ms
[2020-11-04T21:42:11.993+0300][45,923s][info][gc] GC(325) Concurrent cleanup 411M->170M(512M) 0,132ms
[2020-11-04T21:42:12.058+0300][45,988s][info][gc] Trigger: Average GC time (63,45 ms) is above the time for allocation rate (1905 MB/s) to deplete free headroom (119M)
[2020-11-04T21:42:12.058+0300][45,988s][info][gc] GC(326) Concurrent reset 0,585ms
[2020-11-04T21:42:12.059+0300][45,989s][info][gc] GC(326) Pause Init Mark (unload classes) 0,121ms
[2020-11-04T21:42:12.096+0300][46,026s][info][gc] GC(326) Concurrent marking (unload classes) 37,035ms
[2020-11-04T21:42:12.096+0300][46,026s][info][gc] GC(326) Pause Final Mark (unload classes) 0,351ms
[2020-11-04T21:42:12.097+0300][46,027s][info][gc] GC(326) Concurrent weak roots 0,374ms
[2020-11-04T21:42:12.097+0300][46,027s][info][gc] GC(326) Concurrent cleanup 363M->363M(512M) 0,036ms
[2020-11-04T21:42:12.098+0300][46,028s][info][gc] GC(326) Concurrent class unloading 0,869ms
[2020-11-04T21:42:12.098+0300][46,028s][info][gc] GC(326) Concurrent strong roots 0,138ms
[2020-11-04T21:42:12.105+0300][46,035s][info][gc] GC(326) Concurrent evacuation 6,956ms
[2020-11-04T21:42:12.105+0300][46,035s][info][gc] GC(326) Pause Init Update Refs 0,013ms
[2020-11-04T21:42:12.138+0300][46,068s][info][gc] GC(326) Concurrent update references 33,099ms
[2020-11-04T21:42:12.139+0300][46,069s][info][gc] GC(326) Pause Final Update Refs 0,234ms
[2020-11-04T21:42:12.139+0300][46,069s][info][gc] GC(326) Concurrent cleanup 450M->198M(512M) 0,128ms
[2020-11-04T21:42:12.192+0300][46,122s][info][gc] Trigger: Average GC time (68,12 ms) is above the time for allocation rate (1799 MB/s) to deplete free headroom (122M)
[2020-11-04T21:42:12.193+0300][46,123s][info][gc] GC(327) Concurrent reset 0,707ms
[2020-11-04T21:42:12.193+0300][46,123s][info][gc] GC(327) Pause Init Mark (unload classes) 0,190ms
[2020-11-04T21:42:12.245+0300][46,174s][info][gc] GC(327) Concurrent marking (unload classes) 51,029ms
[2020-11-04T21:42:12.245+0300][46,175s][info][gc] GC(327) Pause Final Mark (unload classes) 0,433ms
[2020-11-04T21:42:12.246+0300][46,176s][info][gc] GC(327) Concurrent weak roots 0,483ms
[2020-11-04T21:42:12.246+0300][46,176s][info][gc] GC(327) Concurrent cleanup 360M->360M(512M) 0,022ms
[2020-11-04T21:42:12.247+0300][46,177s][info][gc] GC(327) Concurrent class unloading 1,058ms
[2020-11-04T21:42:12.247+0300][46,177s][info][gc] GC(327) Concurrent strong roots 0,127ms
[2020-11-04T21:42:12.253+0300][46,183s][info][gc] GC(327) Concurrent evacuation 5,932ms
[2020-11-04T21:42:12.253+0300][46,183s][info][gc] GC(327) Pause Init Update Refs 0,021ms
[2020-11-04T21:42:12.278+0300][46,208s][info][gc] GC(327) Concurrent update references 24,977ms
[2020-11-04T21:42:12.279+0300][46,209s][info][gc] GC(327) Pause Final Update Refs 0,419ms
[2020-11-04T21:42:12.279+0300][46,209s][info][gc] GC(327) Concurrent cleanup 429M->187M(512M) 0,143ms
[2020-11-04T21:42:12.339+0300][46,269s][info][gc] Trigger: Average GC time (72,84 ms) is above the time for allocation rate (1629 MB/s) to deplete free headroom (118M)
[2020-11-04T21:42:12.340+0300][46,269s][info][gc] GC(328) Concurrent reset 0,732ms
[2020-11-04T21:42:12.340+0300][46,270s][info][gc] GC(328) Pause Init Mark (unload classes) 0,232ms
[2020-11-04T21:42:12.395+0300][46,324s][info][gc] GC(328) Concurrent marking (unload classes) 54,477ms
[2020-11-04T21:42:12.395+0300][46,325s][info][gc] GC(328) Pause Final Mark (unload classes) 0,467ms
[2020-11-04T21:42:12.396+0300][46,326s][info][gc] GC(328) Concurrent weak roots 0,347ms
[2020-11-04T21:42:12.396+0300][46,326s][info][gc] GC(328) Concurrent cleanup 364M->364M(512M) 0,034ms
[2020-11-04T21:42:12.397+0300][46,326s][info][gc] GC(328) Concurrent class unloading 0,708ms
[2020-11-04T21:42:12.397+0300][46,327s][info][gc] GC(328) Concurrent strong roots 0,151ms
[2020-11-04T21:42:12.402+0300][46,332s][info][gc] GC(328) Concurrent evacuation 5,762ms
[2020-11-04T21:42:12.403+0300][46,333s][info][gc] GC(328) Pause Init Update Refs 0,021ms
[2020-11-04T21:42:12.429+0300][46,358s][info][gc] GC(328) Concurrent update references 25,755ms
[2020-11-04T21:42:12.429+0300][46,359s][info][gc] GC(328) Pause Final Update Refs 0,153ms
[2020-11-04T21:42:12.429+0300][46,359s][info][gc] GC(328) Concurrent cleanup 437M->198M(512M) 0,147ms
[2020-11-04T21:42:12.482+0300][46,412s][info][gc] Trigger: Average GC time (77,78 ms) is above the time for allocation rate (1589 MB/s) to deplete free headroom (122M)
[2020-11-04T21:42:12.483+0300][46,413s][info][gc] GC(329) Concurrent reset 0,612ms
[2020-11-04T21:42:12.483+0300][46,413s][info][gc] GC(329) Pause Init Mark (unload classes) 0,129ms
[2020-11-04T21:42:12.528+0300][46,458s][info][gc] GC(329) Concurrent marking (unload classes) 44,548ms
[2020-11-04T21:42:12.529+0300][46,459s][info][gc] GC(329) Pause Final Mark (unload classes) 0,691ms
[2020-11-04T21:42:12.529+0300][46,459s][info][gc] GC(329) Concurrent weak roots 0,384ms
[2020-11-04T21:42:12.529+0300][46,459s][info][gc] GC(329) Concurrent cleanup 359M->359M(512M) 0,037ms
[2020-11-04T21:42:12.530+0300][46,460s][info][gc] GC(329) Concurrent class unloading 0,804ms
[2020-11-04T21:42:12.530+0300][46,460s][info][gc] GC(329) Concurrent strong roots 0,155ms
[2020-11-04T21:42:12.536+0300][46,466s][info][gc] GC(329) Concurrent evacuation 5,498ms
[2020-11-04T21:42:12.536+0300][46,466s][info][gc] GC(329) Pause Init Update Refs 0,021ms
[2020-11-04T21:42:12.564+0300][46,494s][info][gc] GC(329) Concurrent update references 27,988ms
[2020-11-04T21:42:12.565+0300][46,495s][info][gc] GC(329) Pause Final Update Refs 0,270ms
[2020-11-04T21:42:12.565+0300][46,495s][info][gc] GC(329) Concurrent cleanup 434M->206M(512M) 0,124ms
[2020-11-04T21:42:12.612+0300][46,542s][info][gc] Trigger: Average GC time (81,91 ms) is above the time for allocation rate (1634 MB/s) to deplete free headroom (131M)
[2020-11-04T21:42:12.613+0300][46,542s][info][gc] GC(330) Concurrent reset 0,644ms
[2020-11-04T21:42:12.613+0300][46,543s][info][gc] GC(330) Pause Init Mark (process weakrefs) (unload classes) 0,260ms
[2020-11-04T21:42:12.677+0300][46,607s][info][gc] GC(330) Concurrent marking (process weakrefs) (unload classes) 64,296ms
[2020-11-04T21:42:12.678+0300][46,607s][info][gc] GC(330) Concurrent precleaning 0,131ms
[2020-11-04T21:42:12.679+0300][46,608s][info][gc] GC(330) Pause Final Mark (process weakrefs) (unload classes) 0,643ms
[2020-11-04T21:42:12.679+0300][46,609s][info][gc] GC(330) Concurrent weak roots 0,449ms
[2020-11-04T21:42:12.679+0300][46,609s][info][gc] GC(330) Concurrent cleanup 352M->352M(512M) 0,035ms
[2020-11-04T21:42:12.680+0300][46,610s][info][gc] GC(330) Concurrent class unloading 0,771ms
[2020-11-04T21:42:12.680+0300][46,610s][info][gc] GC(330) Concurrent strong roots 0,061ms
[2020-11-04T21:42:12.686+0300][46,616s][info][gc] GC(330) Concurrent evacuation 5,978ms
[2020-11-04T21:42:12.686+0300][46,616s][info][gc] GC(330) Pause Init Update Refs 0,022ms
[2020-11-04T21:42:12.715+0300][46,645s][info][gc] GC(330) Concurrent update references 28,163ms
[2020-11-04T21:42:12.715+0300][46,645s][info][gc] GC(330) Pause Final Update Refs 0,166ms
[2020-11-04T21:42:12.715+0300][46,645s][info][gc] GC(330) Concurrent cleanup 426M->213M(512M) 0,145ms
[2020-11-04T21:42:12.762+0300][46,692s][info][gc] Trigger: Average GC time (89,09 ms) is above the time for allocation rate (1425 MB/s) to deplete free headroom (123M)
[2020-11-04T21:42:12.763+0300][46,693s][info][gc] GC(331) Concurrent reset 0,688ms
[2020-11-04T21:42:12.763+0300][46,693s][info][gc] GC(331) Pause Init Mark (unload classes) 0,231ms
[2020-11-04T21:42:12.824+0300][46,754s][info][gc] GC(331) Concurrent marking (unload classes) 60,601ms
[2020-11-04T21:42:12.825+0300][46,755s][info][gc] GC(331) Pause Final Mark (unload classes) 0,573ms
[2020-11-04T21:42:12.825+0300][46,755s][info][gc] GC(331) Concurrent weak roots 0,407ms
[2020-11-04T21:42:12.825+0300][46,755s][info][gc] GC(331) Concurrent cleanup 358M->358M(512M) 0,067ms
[2020-11-04T21:42:12.826+0300][46,756s][info][gc] GC(331) Concurrent class unloading 0,788ms
[2020-11-04T21:42:12.826+0300][46,756s][info][gc] GC(331) Concurrent strong roots 0,080ms
[2020-11-04T21:42:12.831+0300][46,761s][info][gc] GC(331) Concurrent evacuation 5,082ms
[2020-11-04T21:42:12.832+0300][46,762s][info][gc] GC(331) Pause Init Update Refs 0,022ms
[2020-11-04T21:42:12.861+0300][46,791s][info][gc] GC(331) Concurrent update references 29,354ms
[2020-11-04T21:42:12.862+0300][46,792s][info][gc] GC(331) Pause Final Update Refs 0,374ms
[2020-11-04T21:42:12.862+0300][46,792s][info][gc] GC(331) Concurrent cleanup 435M->221M(512M) 0,148ms
[2020-11-04T21:42:12.907+0300][46,836s][info][gc] Trigger: Average GC time (92,81 ms) is above the time for allocation rate (1404 MB/s) to deplete free headroom (128M)
[2020-11-04T21:42:12.907+0300][46,837s][info][gc] GC(332) Concurrent reset 0,625ms
[2020-11-04T21:42:12.908+0300][46,838s][info][gc] GC(332) Pause Init Mark (unload classes) 0,318ms
[2020-11-04T21:42:12.982+0300][46,912s][info][gc] GC(332) Concurrent marking (unload classes) 73,894ms
[2020-11-04T21:42:12.983+0300][46,913s][info][gc] GC(332) Pause Final Mark (unload classes) 0,705ms
[2020-11-04T21:42:12.983+0300][46,913s][info][gc] GC(332) Concurrent weak roots 0,368ms
[2020-11-04T21:42:12.983+0300][46,913s][info][gc] GC(332) Concurrent cleanup 354M->354M(512M) 0,051ms
[2020-11-04T21:42:12.984+0300][46,914s][info][gc] GC(332) Concurrent class unloading 0,845ms
[2020-11-04T21:42:12.984+0300][46,914s][info][gc] GC(332) Concurrent strong roots 0,132ms
[2020-11-04T21:42:12.990+0300][46,920s][info][gc] GC(332) Concurrent evacuation 5,505ms
[2020-11-04T21:42:12.990+0300][46,920s][info][gc] GC(332) Pause Init Update Refs 0,015ms
[2020-11-04T21:42:13.022+0300][46,951s][info][gc] GC(332) Concurrent update references 31,300ms
[2020-11-04T21:42:13.022+0300][46,952s][info][gc] GC(332) Pause Final Update Refs 0,298ms
[2020-11-04T21:42:13.022+0300][46,952s][info][gc] GC(332) Concurrent cleanup 431M->228M(512M) 0,131ms
[2020-11-04T21:42:13.063+0300][46,992s][info][gc] Trigger: Average GC time (98,52 ms) is above the time for allocation rate (1285 MB/s) to deplete free headroom (124M)
[2020-11-04T21:42:13.063+0300][46,993s][info][gc] GC(333) Concurrent reset 0,650ms
[2020-11-04T21:42:13.064+0300][46,994s][info][gc] GC(333) Pause Init Mark (unload classes) 0,157ms
[2020-11-04T21:42:13.127+0300][47,057s][info][gc] GC(333) Concurrent marking (unload classes) 62,803ms
[2020-11-04T21:42:13.128+0300][47,058s][info][gc] GC(333) Pause Final Mark (unload classes) 0,827ms
[2020-11-04T21:42:13.128+0300][47,058s][info][gc] GC(333) Concurrent weak roots 0,370ms
[2020-11-04T21:42:13.128+0300][47,058s][info][gc] GC(333) Concurrent cleanup 357M->357M(512M) 0,039ms
[2020-11-04T21:42:13.129+0300][47,059s][info][gc] GC(333) Concurrent class unloading 0,830ms
[2020-11-04T21:42:13.129+0300][47,059s][info][gc] GC(333) Concurrent strong roots 0,125ms
[2020-11-04T21:42:13.135+0300][47,065s][info][gc] GC(333) Concurrent evacuation 5,457ms
[2020-11-04T21:42:13.135+0300][47,065s][info][gc] GC(333) Pause Init Update Refs 0,024ms
[2020-11-04T21:42:13.167+0300][47,097s][info][gc] GC(333) Concurrent update references 31,859ms
[2020-11-04T21:42:13.168+0300][47,097s][info][gc] GC(333) Pause Final Update Refs 0,305ms
[2020-11-04T21:42:13.168+0300][47,098s][info][gc] GC(333) Concurrent cleanup 437M->236M(512M) 0,123ms
[2020-11-04T21:42:13.202+0300][47,132s][info][gc] Trigger: Average GC time (101,45 ms) is above the time for allocation rate (1335 MB/s) to deplete free headroom (133M)
[2020-11-04T21:42:13.203+0300][47,132s][info][gc] GC(334) Concurrent reset 0,651ms
[2020-11-04T21:42:13.203+0300][47,133s][info][gc] GC(334) Pause Init Mark (unload classes) 0,120ms
[2020-11-04T21:42:13.261+0300][47,191s][info][gc] GC(334) Concurrent marking (unload classes) 58,133ms
[2020-11-04T21:42:13.262+0300][47,192s][info][gc] GC(334) Pause Final Mark (unload classes) 0,547ms
[2020-11-04T21:42:13.262+0300][47,192s][info][gc] GC(334) Concurrent weak roots 0,375ms
[2020-11-04T21:42:13.262+0300][47,192s][info][gc] GC(334) Concurrent cleanup 348M->348M(512M) 0,034ms
[2020-11-04T21:42:13.263+0300][47,193s][info][gc] GC(334) Concurrent class unloading 0,813ms
[2020-11-04T21:42:13.263+0300][47,193s][info][gc] GC(334) Concurrent strong roots 0,149ms
[2020-11-04T21:42:13.269+0300][47,198s][info][gc] GC(334) Concurrent evacuation 4,988ms
[2020-11-04T21:42:13.269+0300][47,199s][info][gc] GC(334) Pause Init Update Refs 0,014ms
[2020-11-04T21:42:13.302+0300][47,232s][info][gc] GC(334) Concurrent update references 33,164ms
[2020-11-04T21:42:13.302+0300][47,232s][info][gc] GC(334) Pause Final Update Refs 0,174ms
[2020-11-04T21:42:13.303+0300][47,232s][info][gc] GC(334) Concurrent cleanup 429M->243M(512M) 0,112ms
[2020-11-04T21:42:13.332+0300][47,262s][info][gc] Trigger: Average GC time (105,04 ms) is above the time for allocation rate (1345 MB/s) to deplete free headroom (138M)
[2020-11-04T21:42:13.333+0300][47,263s][info][gc] GC(335) Concurrent reset 0,578ms
[2020-11-04T21:42:13.333+0300][47,263s][info][gc] GC(335) Pause Init Mark (process weakrefs) (unload classes) 0,126ms
[2020-11-04T21:42:13.393+0300][47,322s][info][gc] GC(335) Concurrent marking (process weakrefs) (unload classes) 59,123ms
[2020-11-04T21:42:13.393+0300][47,323s][info][gc] GC(335) Concurrent precleaning 0,156ms
[2020-11-04T21:42:13.393+0300][47,323s][info][gc] GC(335) Pause Final Mark (process weakrefs) (unload classes) 0,558ms
[2020-11-04T21:42:13.394+0300][47,324s][info][gc] GC(335) Concurrent weak roots 0,360ms
[2020-11-04T21:42:13.394+0300][47,324s][info][gc] GC(335) Concurrent cleanup 344M->344M(512M) 0,034ms
[2020-11-04T21:42:13.395+0300][47,325s][info][gc] GC(335) Concurrent class unloading 0,989ms
[2020-11-04T21:42:13.395+0300][47,325s][info][gc] GC(335) Concurrent strong roots 0,073ms
[2020-11-04T21:42:13.399+0300][47,329s][info][gc] GC(335) Concurrent evacuation 4,332ms
[2020-11-04T21:42:13.400+0300][47,329s][info][gc] GC(335) Pause Init Update Refs 0,015ms
[2020-11-04T21:42:13.437+0300][47,367s][info][gc] GC(335) Concurrent update references 37,190ms
[2020-11-04T21:42:13.437+0300][47,367s][info][gc] GC(335) Pause Final Update Refs 0,144ms
[2020-11-04T21:42:13.438+0300][47,367s][info][gc] GC(335) Concurrent cleanup 418M->242M(512M) 0,111ms
[2020-11-04T21:42:13.469+0300][47,399s][info][gc] Trigger: Average GC time (105,37 ms) is above the time for allocation rate (1280 MB/s) to deplete free headroom (133M)
[2020-11-04T21:42:13.470+0300][47,400s][info][gc] GC(336) Concurrent reset 0,652ms
[2020-11-04T21:42:13.470+0300][47,400s][info][gc] GC(336) Pause Init Mark (unload classes) 0,094ms
[2020-11-04T21:42:13.532+0300][47,462s][info][gc] GC(336) Concurrent marking (unload classes) 61,489ms
[2020-11-04T21:42:13.533+0300][47,462s][info][gc] GC(336) Pause Final Mark (unload classes) 0,394ms
[2020-11-04T21:42:13.533+0300][47,463s][info][gc] GC(336) Concurrent weak roots 0,364ms
[2020-11-04T21:42:13.533+0300][47,463s][info][gc] GC(336) Concurrent cleanup 348M->348M(512M) 0,044ms
[2020-11-04T21:42:13.534+0300][47,464s][info][gc] GC(336) Concurrent class unloading 0,875ms
[2020-11-04T21:42:13.534+0300][47,464s][info][gc] GC(336) Concurrent strong roots 0,153ms
[2020-11-04T21:42:13.539+0300][47,469s][info][gc] GC(336) Concurrent evacuation 4,824ms
[2020-11-04T21:42:13.539+0300][47,469s][info][gc] GC(336) Pause Init Update Refs 0,016ms
[2020-11-04T21:42:13.582+0300][47,512s][info][gc] GC(336) Concurrent update references 42,934ms
[2020-11-04T21:42:13.583+0300][47,512s][info][gc] GC(336) Pause Final Update Refs 0,125ms
[2020-11-04T21:42:13.583+0300][47,513s][info][gc] GC(336) Concurrent cleanup 447M->271M(512M) 0,089ms
[2020-11-04T21:42:13.603+0300][47,533s][info][gc] Trigger: Average GC time (108,04 ms) is above the time for allocation rate (1264 MB/s) to deplete free headroom (135M)
[2020-11-04T21:42:13.604+0300][47,533s][info][gc] GC(337) Concurrent reset 0,632ms
[2020-11-04T21:42:13.604+0300][47,534s][info][gc] GC(337) Pause Init Mark (unload classes) 0,132ms
[2020-11-04T21:42:13.701+0300][47,631s][info][gc] GC(337) Concurrent marking (unload classes) 97,260ms
[2020-11-04T21:42:13.702+0300][47,632s][info][gc] GC(337) Pause Final Mark (unload classes) 0,332ms
[2020-11-04T21:42:13.702+0300][47,632s][info][gc] GC(337) Concurrent weak roots 0,300ms
[2020-11-04T21:42:13.702+0300][47,632s][info][gc] GC(337) Concurrent cleanup 347M->347M(512M) 0,041ms
[2020-11-04T21:42:13.703+0300][47,633s][info][gc] GC(337) Concurrent class unloading 0,939ms
[2020-11-04T21:42:13.703+0300][47,633s][info][gc] GC(337) Concurrent strong roots 0,066ms
[2020-11-04T21:42:13.707+0300][47,637s][info][gc] GC(337) Concurrent evacuation 3,734ms
[2020-11-04T21:42:13.707+0300][47,637s][info][gc] GC(337) Pause Init Update Refs 0,024ms
[2020-11-04T21:42:13.750+0300][47,680s][info][gc] GC(337) Concurrent update references 43,083ms
[2020-11-04T21:42:13.751+0300][47,681s][info][gc] GC(337) Pause Final Update Refs 0,138ms
[2020-11-04T21:42:13.751+0300][47,681s][info][gc] GC(337) Concurrent cleanup 406M->237M(512M) 0,124ms
[2020-11-04T21:42:13.795+0300][47,724s][info][gc] Trigger: Average GC time (114,51 ms) is above the time for allocation rate (983 MB/s) to deplete free headroom (110M)
[2020-11-04T21:42:13.795+0300][47,725s][info][gc] GC(338) Concurrent reset 0,666ms
[2020-11-04T21:42:13.796+0300][47,725s][info][gc] GC(338) Pause Init Mark (unload classes) 0,122ms
[2020-11-04T21:42:13.825+0300][47,755s][info][gc] GC(338) Concurrent marking (unload classes) 29,508ms
[2020-11-04T21:42:13.826+0300][47,756s][info][gc] GC(338) Pause Final Mark (unload classes) 0,437ms
[2020-11-04T21:42:13.826+0300][47,756s][info][gc] GC(338) Concurrent weak roots 0,326ms
[2020-11-04T21:42:13.826+0300][47,756s][info][gc] GC(338) Concurrent cleanup 368M->365M(512M) 0,040ms
[2020-11-04T21:42:13.827+0300][47,757s][info][gc] GC(338) Concurrent class unloading 0,931ms
[2020-11-04T21:42:13.827+0300][47,757s][info][gc] GC(338) Concurrent strong roots 0,112ms
[2020-11-04T21:42:13.833+0300][47,763s][info][gc] GC(338) Concurrent evacuation 5,637ms
[2020-11-04T21:42:13.833+0300][47,763s][info][gc] GC(338) Pause Init Update Refs 0,010ms
[2020-11-04T21:42:13.856+0300][47,786s][info][gc] GC(338) Concurrent update references 22,280ms
[2020-11-04T21:42:13.856+0300][47,786s][info][gc] GC(338) Pause Final Update Refs 0,158ms
[2020-11-04T21:42:13.856+0300][47,786s][info][gc] GC(338) Concurrent cleanup 432M->145M(512M) 0,153ms
[2020-11-04T21:42:13.902+0300][47,832s][info][gc] Trigger: Average GC time (105,83 ms) is above the time for allocation rate (1852 MB/s) to deplete free headroom (193M)
[2020-11-04T21:42:13.903+0300][47,833s][info][gc] GC(339) Concurrent reset 0,689ms
[2020-11-04T21:42:13.903+0300][47,833s][info][gc] GC(339) Pause Init Mark (unload classes) 0,131ms
[2020-11-04T21:42:13.940+0300][47,870s][info][gc] GC(339) Concurrent marking (unload classes) 36,646ms
[2020-11-04T21:42:13.940+0300][47,870s][info][gc] GC(339) Pause Final Mark (unload classes) 0,497ms
[2020-11-04T21:42:13.941+0300][47,871s][info][gc] GC(339) Concurrent weak roots 0,427ms
[2020-11-04T21:42:13.941+0300][47,871s][info][gc] GC(339) Concurrent cleanup 296M->296M(512M) 0,030ms
[2020-11-04T21:42:13.942+0300][47,872s][info][gc] GC(339) Concurrent class unloading 0,853ms
[2020-11-04T21:42:13.942+0300][47,872s][info][gc] GC(339) Concurrent strong roots 0,130ms
[2020-11-04T21:42:13.948+0300][47,878s][info][gc] GC(339) Concurrent evacuation 6,337ms
[2020-11-04T21:42:13.949+0300][47,878s][info][gc] GC(339) Pause Init Update Refs 0,014ms
[2020-11-04T21:42:13.966+0300][47,896s][info][gc] GC(339) Concurrent update references 17,511ms
[2020-11-04T21:42:13.967+0300][47,896s][info][gc] GC(339) Pause Final Update Refs 0,295ms
[2020-11-04T21:42:13.967+0300][47,897s][info][gc] GC(339) Concurrent cleanup 352M->152M(512M) 0,116ms
[2020-11-04T21:42:14.016+0300][47,945s][info][gc] Trigger: Average GC time (98,64 ms) is above the time for allocation rate (1841 MB/s) to deplete free headroom (178M)
[2020-11-04T21:42:14.016+0300][47,946s][info][gc] GC(340) Concurrent reset 0,572ms
[2020-11-04T21:42:14.017+0300][47,947s][info][gc] GC(340) Pause Init Mark (process weakrefs) (unload classes) 0,365ms
[2020-11-04T21:42:14.053+0300][47,983s][info][gc] GC(340) Concurrent marking (process weakrefs) (unload classes) 35,961ms
[2020-11-04T21:42:14.053+0300][47,983s][info][gc] GC(340) Concurrent precleaning 0,166ms
[2020-11-04T21:42:14.054+0300][47,983s][info][gc] GC(340) Pause Final Mark (process weakrefs) (unload classes) 0,578ms
[2020-11-04T21:42:14.054+0300][47,984s][info][gc] GC(340) Concurrent weak roots 0,397ms
[2020-11-04T21:42:14.054+0300][47,984s][info][gc] GC(340) Concurrent cleanup 310M->310M(512M) 0,031ms
[2020-11-04T21:42:14.055+0300][47,985s][info][gc] GC(340) Concurrent class unloading 0,875ms
[2020-11-04T21:42:14.055+0300][47,985s][info][gc] GC(340) Concurrent strong roots 0,063ms
[2020-11-04T21:42:14.061+0300][47,991s][info][gc] GC(340) Concurrent evacuation 6,277ms
[2020-11-04T21:42:14.062+0300][47,991s][info][gc] GC(340) Pause Init Update Refs 0,013ms
[2020-11-04T21:42:14.081+0300][48,011s][info][gc] GC(340) Concurrent update references 19,514ms
[2020-11-04T21:42:14.082+0300][48,011s][info][gc] GC(340) Pause Final Update Refs 0,168ms
[2020-11-04T21:42:14.082+0300][48,012s][info][gc] GC(340) Concurrent cleanup 363M->154M(512M) 0,079ms
[2020-11-04T21:42:14.135+0300][48,065s][info][gc] Trigger: Average GC time (90,84 ms) is above the time for allocation rate (1815 MB/s) to deplete free headroom (164M)
[2020-11-04T21:42:14.135+0300][48,065s][info][gc] GC(341) Concurrent reset 0,610ms
[2020-11-04T21:42:14.136+0300][48,066s][info][gc] GC(341) Pause Init Mark (unload classes) 0,267ms
[2020-11-04T21:42:14.172+0300][48,102s][info][gc] GC(341) Concurrent marking (unload classes) 36,298ms
[2020-11-04T21:42:14.173+0300][48,103s][info][gc] GC(341) Pause Final Mark (unload classes) 0,488ms
[2020-11-04T21:42:14.173+0300][48,103s][info][gc] GC(341) Concurrent weak roots 0,368ms
[2020-11-04T21:42:14.173+0300][48,103s][info][gc] GC(341) Concurrent cleanup 322M->322M(512M) 0,041ms
[2020-11-04T21:42:14.174+0300][48,104s][info][gc] GC(341) Concurrent class unloading 0,918ms
[2020-11-04T21:42:14.174+0300][48,104s][info][gc] GC(341) Concurrent strong roots 0,170ms
[2020-11-04T21:42:14.180+0300][48,110s][info][gc] GC(341) Concurrent evacuation 5,365ms
[2020-11-04T21:42:14.180+0300][48,110s][info][gc] GC(341) Pause Init Update Refs 0,014ms
[2020-11-04T21:42:14.210+0300][48,139s][info][gc] GC(341) Concurrent update references 29,264ms
[2020-11-04T21:42:14.210+0300][48,140s][info][gc] GC(341) Pause Final Update Refs 0,156ms
[2020-11-04T21:42:14.210+0300][48,140s][info][gc] GC(341) Concurrent cleanup 401M->185M(512M) 0,094ms
[2020-11-04T21:42:14.257+0300][48,187s][info][gc] Trigger: Average GC time (83,27 ms) is above the time for allocation rate (1827 MB/s) to deplete free headroom (151M)
[2020-11-04T21:42:14.258+0300][48,187s][info][gc] GC(342) Concurrent reset 0,541ms
[2020-11-04T21:42:14.258+0300][48,188s][info][gc] GC(342) Pause Init Mark (unload classes) 0,115ms
[2020-11-04T21:42:14.293+0300][48,222s][info][gc] GC(342) Concurrent marking (unload classes) 34,456ms
[2020-11-04T21:42:14.293+0300][48,223s][info][gc] GC(342) Pause Final Mark (unload classes) 0,347ms
[2020-11-04T21:42:14.294+0300][48,223s][info][gc] GC(342) Concurrent weak roots 0,396ms
[2020-11-04T21:42:14.294+0300][48,223s][info][gc] GC(342) Concurrent cleanup 334M->334M(512M) 0,036ms
[2020-11-04T21:42:14.295+0300][48,224s][info][gc] GC(342) Concurrent class unloading 0,837ms
[2020-11-04T21:42:14.295+0300][48,224s][info][gc] GC(342) Concurrent strong roots 0,064ms
[2020-11-04T21:42:14.301+0300][48,230s][info][gc] GC(342) Concurrent evacuation 5,919ms
[2020-11-04T21:42:14.301+0300][48,231s][info][gc] GC(342) Pause Init Update Refs 0,014ms
[2020-11-04T21:42:14.333+0300][48,263s][info][gc] GC(342) Concurrent update references 32,476ms
[2020-11-04T21:42:14.334+0300][48,264s][info][gc] GC(342) Pause Final Update Refs 0,154ms
[2020-11-04T21:42:14.334+0300][48,264s][info][gc] GC(342) Concurrent cleanup 413M->190M(512M) 0,094ms
[2020-11-04T21:42:14.388+0300][48,318s][info][gc] Trigger: Average GC time (69,09 ms) is above the time for allocation rate (1837 MB/s) to deplete free headroom (126M)
[2020-11-04T21:42:14.389+0300][48,319s][info][gc] GC(343) Concurrent reset 0,602ms
[2020-11-04T21:42:14.389+0300][48,319s][info][gc] GC(343) Pause Init Mark (unload classes) 0,143ms
[2020-11-04T21:42:14.435+0300][48,365s][info][gc] GC(343) Concurrent marking (unload classes) 45,951ms
[2020-11-04T21:42:14.436+0300][48,366s][info][gc] GC(343) Pause Final Mark (unload classes) 0,361ms
[2020-11-04T21:42:14.436+0300][48,366s][info][gc] GC(343) Concurrent weak roots 0,278ms
[2020-11-04T21:42:14.436+0300][48,366s][info][gc] GC(343) Concurrent cleanup 357M->357M(512M) 0,022ms
[2020-11-04T21:42:14.437+0300][48,367s][info][gc] GC(343) Concurrent class unloading 0,658ms
[2020-11-04T21:42:14.437+0300][48,367s][info][gc] GC(343) Concurrent strong roots 0,038ms
[2020-11-04T21:42:14.443+0300][48,373s][info][gc] GC(343) Concurrent evacuation 5,864ms
[2020-11-04T21:42:14.443+0300][48,373s][info][gc] GC(343) Pause Init Update Refs 0,009ms
[2020-11-04T21:42:14.467+0300][48,397s][info][gc] GC(343) Concurrent update references 23,654ms
[2020-11-04T21:42:14.467+0300][48,397s][info][gc] GC(343) Pause Final Update Refs 0,169ms
[2020-11-04T21:42:14.467+0300][48,397s][info][gc] GC(343) Concurrent cleanup 424M->182M(512M) 0,121ms
[2020-11-04T21:42:14.526+0300][48,455s][info][gc] Trigger: Average GC time (72,55 ms) is above the time for allocation rate (1729 MB/s) to deplete free headroom (123M)
[2020-11-04T21:42:14.526+0300][48,456s][info][gc] GC(344) Concurrent reset 0,591ms
[2020-11-04T21:42:14.527+0300][48,457s][info][gc] GC(344) Pause Init Mark (unload classes) 0,252ms
[2020-11-04T21:42:14.581+0300][48,511s][info][gc] GC(344) Concurrent marking (unload classes) 54,445ms
[2020-11-04T21:42:14.582+0300][48,512s][info][gc] GC(344) Pause Final Mark (unload classes) 0,447ms
[2020-11-04T21:42:14.582+0300][48,512s][info][gc] GC(344) Concurrent weak roots 0,360ms
[2020-11-04T21:42:14.582+0300][48,512s][info][gc] GC(344) Concurrent cleanup 359M->360M(512M) 0,031ms
[2020-11-04T21:42:14.583+0300][48,513s][info][gc] GC(344) Concurrent class unloading 0,985ms
[2020-11-04T21:42:14.584+0300][48,513s][info][gc] GC(344) Concurrent strong roots 0,072ms
[2020-11-04T21:42:14.589+0300][48,519s][info][gc] GC(344) Concurrent evacuation 5,880ms
[2020-11-04T21:42:14.590+0300][48,520s][info][gc] GC(344) Pause Init Update Refs 0,010ms
[2020-11-04T21:42:14.625+0300][48,555s][info][gc] GC(344) Concurrent update references 35,039ms
[2020-11-04T21:42:14.626+0300][48,555s][info][gc] GC(344) Pause Final Update Refs 0,390ms
[2020-11-04T21:42:14.626+0300][48,556s][info][gc] GC(344) Concurrent cleanup 452M->214M(512M) 0,118ms
[2020-11-04T21:42:14.671+0300][48,601s][info][gc] Trigger: Average GC time (79,61 ms) is above the time for allocation rate (1578 MB/s) to deplete free headroom (124M)
[2020-11-04T21:42:14.672+0300][48,602s][info][gc] GC(345) Concurrent reset 0,604ms
[2020-11-04T21:42:14.672+0300][48,602s][info][gc] GC(345) Pause Init Mark (process weakrefs) (unload classes) 0,160ms
[2020-11-04T21:42:14.720+0300][48,650s][info][gc] GC(345) Concurrent marking (process weakrefs) (unload classes) 47,735ms
[2020-11-04T21:42:14.720+0300][48,650s][info][gc] GC(345) Concurrent precleaning 0,119ms
[2020-11-04T21:42:14.721+0300][48,651s][info][gc] GC(345) Pause Final Mark (process weakrefs) (unload classes) 0,463ms
[2020-11-04T21:42:14.722+0300][48,652s][info][gc] GC(345) Concurrent weak roots 0,461ms
[2020-11-04T21:42:14.722+0300][48,652s][info][gc] GC(345) Concurrent cleanup 357M->357M(512M) 0,044ms
[2020-11-04T21:42:14.723+0300][48,652s][info][gc] GC(345) Concurrent class unloading 0,811ms
[2020-11-04T21:42:14.723+0300][48,653s][info][gc] GC(345) Concurrent strong roots 0,059ms
[2020-11-04T21:42:14.728+0300][48,658s][info][gc] GC(345) Concurrent evacuation 5,583ms
[2020-11-04T21:42:14.729+0300][48,658s][info][gc] GC(345) Pause Init Update Refs 0,032ms
[2020-11-04T21:42:14.755+0300][48,685s][info][gc] GC(345) Concurrent update references 26,172ms
[2020-11-04T21:42:14.755+0300][48,685s][info][gc] GC(345) Pause Final Update Refs 0,156ms
[2020-11-04T21:42:14.755+0300][48,685s][info][gc] GC(345) Concurrent cleanup 428M->198M(512M) 0,083ms
[2020-11-04T21:42:14.804+0300][48,734s][info][gc] Trigger: Average GC time (83,21 ms) is above the time for allocation rate (1620 MB/s) to deplete free headroom (132M)
[2020-11-04T21:42:14.805+0300][48,735s][info][gc] GC(346) Concurrent reset 0,580ms
[2020-11-04T21:42:14.805+0300][48,735s][info][gc] GC(346) Pause Init Mark (unload classes) 0,161ms
[2020-11-04T21:42:14.854+0300][48,784s][info][gc] GC(346) Concurrent marking (unload classes) 48,388ms
[2020-11-04T21:42:14.855+0300][48,785s][info][gc] GC(346) Pause Final Mark (unload classes) 0,739ms
[2020-11-04T21:42:14.855+0300][48,785s][info][gc] GC(346) Concurrent weak roots 0,390ms
[2020-11-04T21:42:14.855+0300][48,785s][info][gc] GC(346) Concurrent cleanup 350M->350M(512M) 0,048ms
[2020-11-04T21:42:14.857+0300][48,786s][info][gc] GC(346) Concurrent class unloading 1,292ms
[2020-11-04T21:42:14.857+0300][48,787s][info][gc] GC(346) Concurrent strong roots 0,147ms
[2020-11-04T21:42:14.862+0300][48,792s][info][gc] GC(346) Concurrent evacuation 5,174ms
[2020-11-04T21:42:14.862+0300][48,792s][info][gc] GC(346) Pause Init Update Refs 0,016ms
[2020-11-04T21:42:14.900+0300][48,829s][info][gc] GC(346) Concurrent update references 37,082ms
[2020-11-04T21:42:14.900+0300][48,830s][info][gc] GC(346) Pause Final Update Refs 0,185ms
[2020-11-04T21:42:14.900+0300][48,830s][info][gc] GC(346) Concurrent cleanup 442M->227M(512M) 0,112ms
[2020-11-04T21:42:14.938+0300][48,868s][info][gc] Trigger: Average GC time (87,30 ms) is above the time for allocation rate (1541 MB/s) to deplete free headroom (134M)
[2020-11-04T21:42:14.939+0300][48,869s][info][gc] GC(347) Concurrent reset 0,653ms
[2020-11-04T21:42:14.939+0300][48,869s][info][gc] GC(347) Pause Init Mark (unload classes) 0,128ms
[2020-11-04T21:42:14.986+0300][48,916s][info][gc] GC(347) Concurrent marking (unload classes) 46,218ms
[2020-11-04T21:42:14.987+0300][48,916s][info][gc] GC(347) Pause Final Mark (unload classes) 0,510ms
[2020-11-04T21:42:14.987+0300][48,917s][info][gc] GC(347) Concurrent weak roots 0,479ms
[2020-11-04T21:42:14.987+0300][48,917s][info][gc] GC(347) Concurrent cleanup 350M->350M(512M) 0,035ms
[2020-11-04T21:42:14.988+0300][48,918s][info][gc] GC(347) Concurrent class unloading 0,787ms
[2020-11-04T21:42:14.988+0300][48,918s][info][gc] GC(347) Concurrent strong roots 0,060ms
[2020-11-04T21:42:14.995+0300][48,924s][info][gc] GC(347) Concurrent evacuation 6,509ms
[2020-11-04T21:42:14.995+0300][48,925s][info][gc] GC(347) Pause Init Update Refs 0,014ms
[2020-11-04T21:42:15.023+0300][48,953s][info][gc] GC(347) Concurrent update references 28,358ms
[2020-11-04T21:42:15.024+0300][48,954s][info][gc] GC(347) Pause Final Update Refs 0,142ms
[2020-11-04T21:42:15.024+0300][48,954s][info][gc] GC(347) Concurrent cleanup 421M->214M(512M) 0,111ms
[2020-11-04T21:42:15.065+0300][48,995s][info][gc] Trigger: Average GC time (89,01 ms) is above the time for allocation rate (1565 MB/s) to deplete free headroom (136M)
[2020-11-04T21:42:15.066+0300][48,996s][info][gc] GC(348) Concurrent reset 0,625ms
[2020-11-04T21:42:15.066+0300][48,996s][info][gc] GC(348) Pause Init Mark (unload classes) 0,100ms
[2020-11-04T21:42:15.118+0300][49,048s][info][gc] GC(348) Concurrent marking (unload classes) 51,256ms
[2020-11-04T21:42:15.118+0300][49,048s][info][gc] GC(348) Pause Final Mark (unload classes) 0,420ms
[2020-11-04T21:42:15.119+0300][49,049s][info][gc] GC(348) Concurrent weak roots 0,417ms
[2020-11-04T21:42:15.119+0300][49,049s][info][gc] GC(348) Concurrent cleanup 346M->346M(512M) 0,033ms
[2020-11-04T21:42:15.120+0300][49,050s][info][gc] GC(348) Concurrent class unloading 0,954ms
[2020-11-04T21:42:15.120+0300][49,050s][info][gc] GC(348) Concurrent strong roots 0,059ms
[2020-11-04T21:42:15.125+0300][49,055s][info][gc] GC(348) Concurrent evacuation 4,883ms
[2020-11-04T21:42:15.125+0300][49,055s][info][gc] GC(348) Pause Init Update Refs 0,013ms
[2020-11-04T21:42:15.156+0300][49,086s][info][gc] GC(348) Concurrent update references 31,197ms
[2020-11-04T21:42:15.157+0300][49,087s][info][gc] GC(348) Pause Final Update Refs 0,178ms
[2020-11-04T21:42:15.157+0300][49,087s][info][gc] GC(348) Concurrent cleanup 422M->223M(512M) 0,074ms
[2020-11-04T21:42:15.199+0300][49,129s][info][gc] Trigger: Average GC time (91,51 ms) is above the time for allocation rate (1466 MB/s) to deplete free headroom (133M)
[2020-11-04T21:42:15.200+0300][49,130s][info][gc] GC(349) Concurrent reset 0,555ms
[2020-11-04T21:42:15.201+0300][49,130s][info][gc] GC(349) Pause Init Mark (unload classes) 0,274ms
[2020-11-04T21:42:15.252+0300][49,182s][info][gc] GC(349) Concurrent marking (unload classes) 51,044ms
[2020-11-04T21:42:15.252+0300][49,182s][info][gc] GC(349) Pause Final Mark (unload classes) 0,391ms
[2020-11-04T21:42:15.253+0300][49,183s][info][gc] GC(349) Concurrent weak roots 0,408ms
[2020-11-04T21:42:15.253+0300][49,183s][info][gc] GC(349) Concurrent cleanup 349M->349M(512M) 0,036ms
[2020-11-04T21:42:15.254+0300][49,184s][info][gc] GC(349) Concurrent class unloading 1,106ms
[2020-11-04T21:42:15.254+0300][49,184s][info][gc] GC(349) Concurrent strong roots 0,106ms
[2020-11-04T21:42:15.261+0300][49,190s][info][gc] GC(349) Concurrent evacuation 6,338ms
[2020-11-04T21:42:15.261+0300][49,191s][info][gc] GC(349) Pause Init Update Refs 0,014ms
[2020-11-04T21:42:15.299+0300][49,229s][info][gc] GC(349) Concurrent update references 38,224ms
[2020-11-04T21:42:15.300+0300][49,230s][info][gc] GC(349) Pause Final Update Refs 0,235ms
[2020-11-04T21:42:15.300+0300][49,230s][info][gc] GC(349) Concurrent cleanup 447M->250M(512M) 0,076ms
[2020-11-04T21:42:15.329+0300][49,259s][info][gc] Trigger: Average GC time (91,60 ms) is above the time for allocation rate (1471 MB/s) to deplete free headroom (133M)
[2020-11-04T21:42:15.329+0300][49,259s][info][gc] GC(350) Concurrent reset 0,577ms
[2020-11-04T21:42:15.330+0300][49,260s][info][gc] GC(350) Pause Init Mark (process weakrefs) (unload classes) 0,222ms
[2020-11-04T21:42:15.412+0300][49,342s][info][gc] GC(350) Concurrent marking (process weakrefs) (unload classes) 82,159ms
[2020-11-04T21:42:15.412+0300][49,342s][info][gc] GC(350) Concurrent precleaning 0,209ms
[2020-11-04T21:42:15.413+0300][49,343s][info][gc] GC(350) Pause Final Mark (process weakrefs) (unload classes) 0,514ms
[2020-11-04T21:42:15.414+0300][49,343s][info][gc] GC(350) Concurrent weak roots 0,365ms
[2020-11-04T21:42:15.414+0300][49,344s][info][gc] GC(350) Concurrent cleanup 349M->349M(512M) 0,032ms
[2020-11-04T21:42:15.415+0300][49,344s][info][gc] GC(350) Concurrent class unloading 0,900ms
[2020-11-04T21:42:15.415+0300][49,345s][info][gc] GC(350) Concurrent strong roots 0,113ms
[2020-11-04T21:42:15.420+0300][49,350s][info][gc] GC(350) Concurrent evacuation 5,143ms
[2020-11-04T21:42:15.420+0300][49,350s][info][gc] GC(350) Pause Init Update Refs 0,014ms
[2020-11-04T21:42:15.452+0300][49,382s][info][gc] GC(350) Concurrent update references 32,062ms
[2020-11-04T21:42:15.453+0300][49,383s][info][gc] GC(350) Pause Final Update Refs 0,124ms
[2020-11-04T21:42:15.453+0300][49,383s][info][gc] GC(350) Concurrent cleanup 428M->238M(512M) 0,074ms
[2020-11-04T21:42:15.492+0300][49,422s][info][gc] Trigger: Average GC time (99,60 ms) is above the time for allocation rate (1214 MB/s) to deplete free headroom (119M)
[2020-11-04T21:42:15.493+0300][49,422s][info][gc] GC(351) Concurrent reset 0,497ms
[2020-11-04T21:42:15.493+0300][49,423s][info][gc] GC(351) Pause Init Mark (unload classes) 0,109ms
[2020-11-04T21:42:15.552+0300][49,482s][info][gc] GC(351) Concurrent marking (unload classes) 59,051ms
[2020-11-04T21:42:15.553+0300][49,483s][info][gc] GC(351) Pause Final Mark (unload classes) 0,442ms
[2020-11-04T21:42:15.553+0300][49,483s][info][gc] GC(351) Concurrent weak roots 0,402ms
[2020-11-04T21:42:15.553+0300][49,483s][info][gc] GC(351) Concurrent cleanup 360M->360M(512M) 0,045ms
[2020-11-04T21:42:15.554+0300][49,484s][info][gc] GC(351) Concurrent class unloading 0,839ms
[2020-11-04T21:42:15.554+0300][49,484s][info][gc] GC(351) Concurrent strong roots 0,062ms
[2020-11-04T21:42:15.560+0300][49,490s][info][gc] GC(351) Concurrent evacuation 5,312ms
[2020-11-04T21:42:15.560+0300][49,490s][info][gc] GC(351) Pause Init Update Refs 0,014ms
[2020-11-04T21:42:15.594+0300][49,524s][info][gc] GC(351) Concurrent update references 33,749ms
[2020-11-04T21:42:15.594+0300][49,524s][info][gc] GC(351) Pause Final Update Refs 0,147ms
[2020-11-04T21:42:15.595+0300][49,524s][info][gc] GC(351) Concurrent cleanup 441M->243M(512M) 0,120ms
[2020-11-04T21:42:15.631+0300][49,560s][info][gc] Trigger: Average GC time (100,89 ms) is above the time for allocation rate (1303 MB/s) to deplete free headroom (131M)
[2020-11-04T21:42:15.631+0300][49,561s][info][gc] GC(352) Concurrent reset 0,540ms
[2020-11-04T21:42:15.632+0300][49,561s][info][gc] GC(352) Pause Init Mark (unload classes) 0,110ms
[2020-11-04T21:42:15.720+0300][49,650s][info][gc] GC(352) Concurrent marking (unload classes) 88,110ms
[2020-11-04T21:42:15.721+0300][49,650s][info][gc] GC(352) Pause Final Mark (unload classes) 0,464ms
[2020-11-04T21:42:15.722+0300][49,652s][info][gc] GC(352) Concurrent weak roots 1,357ms
[2020-11-04T21:42:15.722+0300][49,652s][info][gc] GC(352) Concurrent cleanup 352M->352M(512M) 0,039ms
[2020-11-04T21:42:15.723+0300][49,653s][info][gc] GC(352) Concurrent class unloading 0,832ms
[2020-11-04T21:42:15.723+0300][49,653s][info][gc] GC(352) Concurrent strong roots 0,082ms
[2020-11-04T21:42:15.728+0300][49,658s][info][gc] GC(352) Concurrent evacuation 4,907ms
[2020-11-04T21:42:15.728+0300][49,658s][info][gc] GC(352) Pause Init Update Refs 0,025ms
[2020-11-04T21:42:15.763+0300][49,693s][info][gc] GC(352) Concurrent update references 34,853ms
[2020-11-04T21:42:15.764+0300][49,694s][info][gc] GC(352) Pause Final Update Refs 0,136ms
[2020-11-04T21:42:15.764+0300][49,694s][info][gc] GC(352) Concurrent cleanup 434M->253M(512M) 0,085ms
[2020-11-04T21:42:15.796+0300][49,726s][info][gc] Trigger: Average GC time (110,40 ms) is above the time for allocation rate (1113 MB/s) to deplete free headroom (122M)
[2020-11-04T21:42:15.796+0300][49,726s][info][gc] GC(353) Concurrent reset 0,669ms
[2020-11-04T21:42:15.797+0300][49,727s][info][gc] GC(353) Pause Init Mark (unload classes) 0,127ms
[2020-11-04T21:42:15.857+0300][49,786s][info][gc] GC(353) Concurrent marking (unload classes) 59,648ms
[2020-11-04T21:42:15.857+0300][49,787s][info][gc] GC(353) Pause Final Mark (unload classes) 0,413ms
[2020-11-04T21:42:15.858+0300][49,788s][info][gc] GC(353) Concurrent weak roots 0,410ms
[2020-11-04T21:42:15.858+0300][49,788s][info][gc] GC(353) Concurrent cleanup 358M->358M(512M) 0,037ms
[2020-11-04T21:42:15.859+0300][49,789s][info][gc] GC(353) Concurrent class unloading 0,955ms
[2020-11-04T21:42:15.859+0300][49,789s][info][gc] GC(353) Concurrent strong roots 0,102ms
[2020-11-04T21:42:15.864+0300][49,794s][info][gc] GC(353) Concurrent evacuation 4,952ms
[2020-11-04T21:42:15.864+0300][49,794s][info][gc] GC(353) Pause Init Update Refs 0,014ms
[2020-11-04T21:42:15.899+0300][49,829s][info][gc] GC(353) Concurrent update references 35,226ms
[2020-11-04T21:42:15.900+0300][49,830s][info][gc] GC(353) Pause Final Update Refs 0,152ms
[2020-11-04T21:42:15.900+0300][49,830s][info][gc] GC(353) Concurrent cleanup 444M->259M(512M) 0,108ms
[2020-11-04T21:42:15.922+0300][49,852s][info][gc] Trigger: Average GC time (112,96 ms) is above the time for allocation rate (1261 MB/s) to deplete free headroom (142M)
[2020-11-04T21:42:15.923+0300][49,853s][info][gc] GC(354) Concurrent reset 0,600ms
[2020-11-04T21:42:15.923+0300][49,853s][info][gc] GC(354) Pause Init Mark (unload classes) 0,111ms
[2020-11-04T21:42:16.017+0300][49,947s][info][gc] GC(354) Concurrent marking (unload classes) 93,277ms
[2020-11-04T21:42:16.017+0300][49,947s][info][gc] GC(354) Pause Final Mark (unload classes) 0,398ms
[2020-11-04T21:42:16.018+0300][49,948s][info][gc] GC(354) Concurrent weak roots 0,378ms
[2020-11-04T21:42:16.018+0300][49,948s][info][gc] GC(354) Concurrent cleanup 341M->341M(512M) 0,025ms
[2020-11-04T21:42:16.019+0300][49,949s][info][gc] GC(354) Concurrent class unloading 0,942ms
[2020-11-04T21:42:16.019+0300][49,949s][info][gc] GC(354) Concurrent strong roots 0,065ms
[2020-11-04T21:42:16.023+0300][49,953s][info][gc] GC(354) Concurrent evacuation 3,908ms
[2020-11-04T21:42:16.023+0300][49,953s][info][gc] GC(354) Pause Init Update Refs 0,013ms
[2020-11-04T21:42:16.065+0300][49,994s][info][gc] GC(354) Concurrent update references 41,306ms
[2020-11-04T21:42:16.065+0300][49,995s][info][gc] GC(354) Pause Final Update Refs 0,290ms
[2020-11-04T21:42:16.065+0300][49,995s][info][gc] GC(354) Concurrent cleanup 392M->232M(512M) 0,086ms
[2020-11-04T21:42:16.108+0300][50,038s][info][gc] Trigger: Average GC time (121,43 ms) is above the time for allocation rate (976 MB/s) to deplete free headroom (116M)
[2020-11-04T21:42:16.108+0300][50,038s][info][gc] GC(355) Concurrent reset 0,579ms
[2020-11-04T21:42:16.109+0300][50,039s][info][gc] GC(355) Pause Init Mark (process weakrefs) (unload classes) 0,240ms
[2020-11-04T21:42:16.148+0300][50,078s][info][gc] GC(355) Concurrent marking (process weakrefs) (unload classes) 39,473ms
[2020-11-04T21:42:16.149+0300][50,078s][info][gc] GC(355) Concurrent precleaning 0,104ms
[2020-11-04T21:42:16.149+0300][50,079s][info][gc] GC(355) Pause Final Mark (process weakrefs) (unload classes) 0,576ms
[2020-11-04T21:42:16.150+0300][50,080s][info][gc] GC(355) Concurrent weak roots 0,439ms
[2020-11-04T21:42:16.150+0300][50,080s][info][gc] GC(355) Concurrent cleanup 363M->360M(512M) 0,036ms
[2020-11-04T21:42:16.151+0300][50,081s][info][gc] GC(355) Concurrent class unloading 0,831ms
[2020-11-04T21:42:16.151+0300][50,081s][info][gc] GC(355) Concurrent strong roots 0,136ms
[2020-11-04T21:42:16.156+0300][50,086s][info][gc] GC(355) Concurrent evacuation 4,769ms
[2020-11-04T21:42:16.156+0300][50,086s][info][gc] GC(355) Pause Init Update Refs 0,014ms
[2020-11-04T21:42:16.175+0300][50,104s][info][gc] GC(355) Concurrent update references 18,492ms
[2020-11-04T21:42:16.175+0300][50,105s][info][gc] GC(355) Pause Final Update Refs 0,253ms
[2020-11-04T21:42:16.175+0300][50,105s][info][gc] GC(355) Concurrent cleanup 398M->120M(512M) 0,102ms
[2020-11-04T21:42:16.236+0300][50,166s][info][gc] Trigger: Average GC time (110,13 ms) is above the time for allocation rate (1652 MB/s) to deplete free headroom (179M)
[2020-11-04T21:42:16.236+0300][50,166s][info][gc] GC(356) Concurrent reset 0,574ms
[2020-11-04T21:42:16.238+0300][50,168s][info][gc] GC(356) Pause Init Mark (unload classes) 0,160ms
[2020-11-04T21:42:16.283+0300][50,213s][info][gc] GC(356) Concurrent marking (unload classes) 45,298ms
[2020-11-04T21:42:16.284+0300][50,214s][info][gc] GC(356) Pause Final Mark (unload classes) 0,523ms
[2020-11-04T21:42:16.285+0300][50,214s][info][gc] GC(356) Concurrent weak roots 0,444ms
[2020-11-04T21:42:16.285+0300][50,215s][info][gc] GC(356) Concurrent cleanup 309M->309M(512M) 0,049ms
[2020-11-04T21:42:16.286+0300][50,215s][info][gc] GC(356) Concurrent class unloading 0,902ms
[2020-11-04T21:42:16.286+0300][50,216s][info][gc] GC(356) Concurrent strong roots 0,125ms
[2020-11-04T21:42:16.291+0300][50,221s][info][gc] GC(356) Concurrent evacuation 5,144ms
[2020-11-04T21:42:16.291+0300][50,221s][info][gc] GC(356) Pause Init Update Refs 0,029ms
[2020-11-04T21:42:16.312+0300][50,241s][info][gc] GC(356) Concurrent update references 20,085ms
[2020-11-04T21:42:16.312+0300][50,242s][info][gc] GC(356) Pause Final Update Refs 0,153ms
[2020-11-04T21:42:16.312+0300][50,242s][info][gc] GC(356) Concurrent cleanup 350M->136M(512M) 0,076ms
[2020-11-04T21:42:16.370+0300][50,300s][info][gc] Trigger: Average GC time (104,89 ms) is above the time for allocation rate (1623 MB/s) to deplete free headroom (169M)
[2020-11-04T21:42:16.371+0300][50,301s][info][gc] GC(357) Concurrent reset 0,455ms
[2020-11-04T21:42:16.371+0300][50,301s][info][gc] GC(357) Pause Init Mark (unload classes) 0,126ms
[2020-11-04T21:42:16.406+0300][50,336s][info][gc] GC(357) Concurrent marking (unload classes) 34,674ms
[2020-11-04T21:42:16.407+0300][50,336s][info][gc] GC(357) Pause Final Mark (unload classes) 0,324ms
[2020-11-04T21:42:16.407+0300][50,337s][info][gc] GC(357) Concurrent weak roots 0,422ms
[2020-11-04T21:42:16.407+0300][50,337s][info][gc] GC(357) Concurrent cleanup 316M->316M(512M) 0,040ms
[2020-11-04T21:42:16.408+0300][50,338s][info][gc] GC(357) Concurrent class unloading 0,959ms
[2020-11-04T21:42:16.408+0300][50,338s][info][gc] GC(357) Concurrent strong roots 0,104ms
[2020-11-04T21:42:16.415+0300][50,345s][info][gc] GC(357) Concurrent evacuation 6,763ms
[2020-11-04T21:42:16.415+0300][50,345s][info][gc] GC(357) Pause Init Update Refs 0,025ms
[2020-11-04T21:42:16.437+0300][50,367s][info][gc] GC(357) Concurrent update references 21,811ms
[2020-11-04T21:42:16.438+0300][50,368s][info][gc] GC(357) Pause Final Update Refs 0,159ms
[2020-11-04T21:42:16.438+0300][50,368s][info][gc] GC(357) Concurrent cleanup 364M->149M(512M) 0,125ms
[2020-11-04T21:42:16.496+0300][50,426s][info][gc] Trigger: Average GC time (91,78 ms) is above the time for allocation rate (1747 MB/s) to deplete free headroom (158M)
[2020-11-04T21:42:16.497+0300][50,427s][info][gc] GC(358) Concurrent reset 0,538ms
[2020-11-04T21:42:16.497+0300][50,427s][info][gc] GC(358) Pause Init Mark (unload classes) 0,247ms
[2020-11-04T21:42:16.533+0300][50,463s][info][gc] GC(358) Concurrent marking (unload classes) 35,542ms
[2020-11-04T21:42:16.534+0300][50,464s][info][gc] GC(358) Pause Final Mark (unload classes) 0,389ms
[2020-11-04T21:42:16.534+0300][50,464s][info][gc] GC(358) Concurrent weak roots 0,337ms
[2020-11-04T21:42:16.534+0300][50,464s][info][gc] GC(358) Concurrent cleanup 327M->327M(512M) 0,045ms
[2020-11-04T21:42:16.535+0300][50,465s][info][gc] GC(358) Concurrent class unloading 0,818ms
[2020-11-04T21:42:16.535+0300][50,465s][info][gc] GC(358) Concurrent strong roots 0,151ms
[2020-11-04T21:42:16.541+0300][50,471s][info][gc] GC(358) Concurrent evacuation 5,440ms
[2020-11-04T21:42:16.541+0300][50,471s][info][gc] GC(358) Pause Init Update Refs 0,012ms
[2020-11-04T21:42:16.566+0300][50,495s][info][gc] GC(358) Concurrent update references 24,391ms
[2020-11-04T21:42:16.566+0300][50,496s][info][gc] GC(358) Pause Final Update Refs 0,173ms
[2020-11-04T21:42:16.566+0300][50,496s][info][gc] GC(358) Concurrent cleanup 375M->154M(512M) 0,128ms
[2020-11-04T21:42:16.628+0300][50,558s][info][gc] Trigger: Average GC time (84,90 ms) is above the time for allocation rate (1730 MB/s) to deplete free headroom (144M)
[2020-11-04T21:42:16.629+0300][50,558s][info][gc] GC(359) Concurrent reset 0,564ms
[2020-11-04T21:42:16.629+0300][50,559s][info][gc] GC(359) Pause Init Mark (unload classes) 0,102ms
[2020-11-04T21:42:16.673+0300][50,603s][info][gc] GC(359) Concurrent marking (unload classes) 43,612ms
[2020-11-04T21:42:16.674+0300][50,603s][info][gc] GC(359) Pause Final Mark (unload classes) 0,586ms
[2020-11-04T21:42:16.674+0300][50,604s][info][gc] GC(359) Concurrent weak roots 0,357ms
[2020-11-04T21:42:16.674+0300][50,604s][info][gc] GC(359) Concurrent cleanup 340M->340M(512M) 0,034ms
[2020-11-04T21:42:16.675+0300][50,605s][info][gc] GC(359) Concurrent class unloading 0,875ms
[2020-11-04T21:42:16.675+0300][50,605s][info][gc] GC(359) Concurrent strong roots 0,068ms
[2020-11-04T21:42:16.681+0300][50,611s][info][gc] GC(359) Concurrent evacuation 5,865ms
[2020-11-04T21:42:16.681+0300][50,611s][info][gc] GC(359) Pause Init Update Refs 0,035ms
[2020-11-04T21:42:16.705+0300][50,634s][info][gc] GC(359) Concurrent update references 23,139ms
[2020-11-04T21:42:16.705+0300][50,635s][info][gc] GC(359) Pause Final Update Refs 0,170ms
[2020-11-04T21:42:16.705+0300][50,635s][info][gc] GC(359) Concurrent cleanup 398M->169M(512M) 0,136ms
[2020-11-04T21:42:16.769+0300][50,699s][info][gc] Trigger: Average GC time (71,77 ms) is above the time for allocation rate (1734 MB/s) to deplete free headroom (121M)
[2020-11-04T21:42:16.770+0300][50,699s][info][gc] GC(360) Concurrent reset 0,594ms
[2020-11-04T21:42:16.770+0300][50,700s][info][gc] GC(360) Pause Init Mark (process weakrefs) (unload classes) 0,316ms
[2020-11-04T21:42:16.819+0300][50,748s][info][gc] GC(360) Concurrent marking (process weakrefs) (unload classes) 48,314ms
[2020-11-04T21:42:16.819+0300][50,749s][info][gc] GC(360) Concurrent precleaning 0,179ms
[2020-11-04T21:42:16.820+0300][50,750s][info][gc] GC(360) Pause Final Mark (process weakrefs) (unload classes) 0,806ms
[2020-11-04T21:42:16.820+0300][50,750s][info][gc] GC(360) Concurrent weak roots 0,397ms
[2020-11-04T21:42:16.820+0300][50,750s][info][gc] GC(360) Concurrent cleanup 361M->361M(512M) 0,045ms
[2020-11-04T21:42:16.821+0300][50,751s][info][gc] GC(360) Concurrent class unloading 0,987ms
[2020-11-04T21:42:16.822+0300][50,751s][info][gc] GC(360) Concurrent strong roots 0,115ms
[2020-11-04T21:42:16.828+0300][50,758s][info][gc] GC(360) Concurrent evacuation 6,562ms
[2020-11-04T21:42:16.829+0300][50,758s][info][gc] GC(360) Pause Init Update Refs 0,019ms
[2020-11-04T21:42:16.853+0300][50,783s][info][gc] GC(360) Concurrent update references 24,103ms
[2020-11-04T21:42:16.853+0300][50,783s][info][gc] GC(360) Pause Final Update Refs 0,172ms
[2020-11-04T21:42:16.853+0300][50,783s][info][gc] GC(360) Concurrent cleanup 426M->182M(512M) 0,085ms
[2020-11-04T21:42:16.913+0300][50,843s][info][gc] Trigger: Average GC time (75,14 ms) is above the time for allocation rate (1647 MB/s) to deplete free headroom (122M)
[2020-11-04T21:42:16.913+0300][50,843s][info][gc] GC(361) Concurrent reset 0,650ms
[2020-11-04T21:42:16.914+0300][50,844s][info][gc] GC(361) Pause Init Mark (unload classes) 0,165ms
[2020-11-04T21:42:16.960+0300][50,890s][info][gc] GC(361) Concurrent marking (unload classes) 46,296ms
[2020-11-04T21:42:16.961+0300][50,891s][info][gc] GC(361) Pause Final Mark (unload classes) 0,567ms
[2020-11-04T21:42:16.962+0300][50,891s][info][gc] GC(361) Concurrent weak roots 0,423ms
[2020-11-04T21:42:16.962+0300][50,891s][info][gc] GC(361) Concurrent cleanup 360M->360M(512M) 0,035ms
[2020-11-04T21:42:16.963+0300][50,892s][info][gc] GC(361) Concurrent class unloading 0,965ms
[2020-11-04T21:42:16.963+0300][50,893s][info][gc] GC(361) Concurrent strong roots 0,107ms
[2020-11-04T21:42:16.968+0300][50,898s][info][gc] GC(361) Concurrent evacuation 5,705ms
[2020-11-04T21:42:16.969+0300][50,899s][info][gc] GC(361) Pause Init Update Refs 0,018ms
[2020-11-04T21:42:16.997+0300][50,927s][info][gc] GC(361) Concurrent update references 28,305ms
[2020-11-04T21:42:16.998+0300][50,928s][info][gc] GC(361) Pause Final Update Refs 0,262ms
[2020-11-04T21:42:16.998+0300][50,928s][info][gc] GC(361) Concurrent cleanup 415M->179M(512M) 0,114ms
[2020-11-04T21:42:17.058+0300][50,988s][info][gc] Trigger: Average GC time (76,93 ms) is above the time for allocation rate (1583 MB/s) to deplete free headroom (121M)
[2020-11-04T21:42:17.059+0300][50,989s][info][gc] GC(362) Concurrent reset 0,569ms
[2020-11-04T21:42:17.059+0300][50,989s][info][gc] GC(362) Pause Init Mark (unload classes) 0,126ms
[2020-11-04T21:42:17.104+0300][51,034s][info][gc] GC(362) Concurrent marking (unload classes) 44,590ms
[2020-11-04T21:42:17.105+0300][51,035s][info][gc] GC(362) Pause Final Mark (unload classes) 0,659ms
[2020-11-04T21:42:17.106+0300][51,035s][info][gc] GC(362) Concurrent weak roots 0,538ms
[2020-11-04T21:42:17.106+0300][51,036s][info][gc] GC(362) Concurrent cleanup 360M->360M(512M) 0,033ms
[2020-11-04T21:42:17.107+0300][51,036s][info][gc] GC(362) Concurrent class unloading 0,859ms
[2020-11-04T21:42:17.107+0300][51,037s][info][gc] GC(362) Concurrent strong roots 0,113ms
[2020-11-04T21:42:17.113+0300][51,043s][info][gc] GC(362) Concurrent evacuation 6,436ms
[2020-11-04T21:42:17.113+0300][51,043s][info][gc] GC(362) Pause Init Update Refs 0,029ms
[2020-11-04T21:42:17.143+0300][51,073s][info][gc] GC(362) Concurrent update references 29,824ms
[2020-11-04T21:42:17.144+0300][51,074s][info][gc] GC(362) Pause Final Update Refs 0,385ms
[2020-11-04T21:42:17.144+0300][51,074s][info][gc] GC(362) Concurrent cleanup 413M->183M(512M) 0,138ms
[2020-11-04T21:42:17.203+0300][51,132s][info][gc] Trigger: Average GC time (80,57 ms) is above the time for allocation rate (1543 MB/s) to deplete free headroom (121M)
[2020-11-04T21:42:17.203+0300][51,133s][info][gc] GC(363) Concurrent reset 0,646ms
[2020-11-04T21:42:17.204+0300][51,134s][info][gc] GC(363) Pause Init Mark (unload classes) 0,115ms
[2020-11-04T21:42:17.253+0300][51,183s][info][gc] GC(363) Concurrent marking (unload classes) 49,673ms
[2020-11-04T21:42:17.254+0300][51,184s][info][gc] GC(363) Pause Final Mark (unload classes) 0,577ms
[2020-11-04T21:42:17.255+0300][51,185s][info][gc] GC(363) Concurrent weak roots 0,381ms
[2020-11-04T21:42:17.255+0300][51,185s][info][gc] GC(363) Concurrent cleanup 360M->360M(512M) 0,036ms
[2020-11-04T21:42:17.256+0300][51,186s][info][gc] GC(363) Concurrent class unloading 0,836ms
[2020-11-04T21:42:17.256+0300][51,186s][info][gc] GC(363) Concurrent strong roots 0,137ms
[2020-11-04T21:42:17.262+0300][51,192s][info][gc] GC(363) Concurrent evacuation 5,893ms
[2020-11-04T21:42:17.262+0300][51,192s][info][gc] GC(363) Pause Init Update Refs 0,019ms
[2020-11-04T21:42:17.290+0300][51,220s][info][gc] GC(363) Concurrent update references 27,546ms
[2020-11-04T21:42:17.290+0300][51,220s][info][gc] GC(363) Pause Final Update Refs 0,169ms
[2020-11-04T21:42:17.290+0300][51,220s][info][gc] GC(363) Concurrent cleanup 432M->209M(512M) 0,094ms
[2020-11-04T21:42:17.336+0300][51,266s][info][gc] Trigger: Average GC time (84,12 ms) is above the time for allocation rate (1565 MB/s) to deplete free headroom (130M)
[2020-11-04T21:42:17.337+0300][51,266s][info][gc] GC(364) Concurrent reset 0,628ms
[2020-11-04T21:42:17.337+0300][51,267s][info][gc] GC(364) Pause Init Mark (unload classes) 0,128ms
[2020-11-04T21:42:17.386+0300][51,316s][info][gc] GC(364) Concurrent marking (unload classes) 48,902ms
[2020-11-04T21:42:17.387+0300][51,317s][info][gc] GC(364) Pause Final Mark (unload classes) 0,427ms
[2020-11-04T21:42:17.387+0300][51,317s][info][gc] GC(364) Concurrent weak roots 0,328ms
[2020-11-04T21:42:17.387+0300][51,317s][info][gc] GC(364) Concurrent cleanup 352M->352M(512M) 0,046ms
[2020-11-04T21:42:17.388+0300][51,318s][info][gc] GC(364) Concurrent class unloading 0,869ms
[2020-11-04T21:42:17.388+0300][51,318s][info][gc] GC(364) Concurrent strong roots 0,153ms
[2020-11-04T21:42:17.394+0300][51,324s][info][gc] GC(364) Concurrent evacuation 5,599ms
[2020-11-04T21:42:17.394+0300][51,324s][info][gc] GC(364) Pause Init Update Refs 0,016ms
[2020-11-04T21:42:17.427+0300][51,357s][info][gc] GC(364) Concurrent update references 33,142ms
[2020-11-04T21:42:17.428+0300][51,358s][info][gc] GC(364) Pause Final Update Refs 0,168ms
[2020-11-04T21:42:17.428+0300][51,358s][info][gc] GC(364) Concurrent cleanup 409M->201M(512M) 0,141ms
[2020-11-04T21:42:17.482+0300][51,412s][info][gc] Trigger: Average GC time (87,13 ms) is above the time for allocation rate (1427 MB/s) to deplete free headroom (123M)
[2020-11-04T21:42:17.483+0300][51,413s][info][gc] GC(365) Concurrent reset 0,576ms
[2020-11-04T21:42:17.483+0300][51,413s][info][gc] GC(365) Pause Init Mark (process weakrefs) (unload classes) 0,127ms
[2020-11-04T21:42:17.538+0300][51,468s][info][gc] GC(365) Concurrent marking (process weakrefs) (unload classes) 54,871ms
[2020-11-04T21:42:17.538+0300][51,468s][info][gc] GC(365) Concurrent precleaning 0,165ms
[2020-11-04T21:42:17.539+0300][51,469s][info][gc] GC(365) Pause Final Mark (process weakrefs) (unload classes) 0,352ms
[2020-11-04T21:42:17.539+0300][51,469s][info][gc] GC(365) Concurrent weak roots 0,376ms
[2020-11-04T21:42:17.540+0300][51,469s][info][gc] GC(365) Concurrent cleanup 358M->358M(512M) 0,034ms
[2020-11-04T21:42:17.540+0300][51,470s][info][gc] GC(365) Concurrent class unloading 0,809ms
[2020-11-04T21:42:17.540+0300][51,470s][info][gc] GC(365) Concurrent strong roots 0,050ms
[2020-11-04T21:42:17.546+0300][51,476s][info][gc] GC(365) Concurrent evacuation 5,502ms
[2020-11-04T21:42:17.546+0300][51,476s][info][gc] GC(365) Pause Init Update Refs 0,015ms
[2020-11-04T21:42:17.588+0300][51,518s][info][gc] GC(365) Concurrent update references 41,932ms
[2020-11-04T21:42:17.589+0300][51,519s][info][gc] GC(365) Pause Final Update Refs 0,166ms
[2020-11-04T21:42:17.589+0300][51,519s][info][gc] GC(365) Concurrent cleanup 455M->246M(512M) 0,120ms
[2020-11-04T21:42:17.622+0300][51,552s][info][gc] Trigger: Average GC time (91,57 ms) is above the time for allocation rate (1423 MB/s) to deplete free headroom (127M)
[2020-11-04T21:42:17.623+0300][51,552s][info][gc] GC(366) Concurrent reset 0,651ms
[2020-11-04T21:42:17.623+0300][51,553s][info][gc] GC(366) Pause Init Mark (unload classes) 0,118ms
[2020-11-04T21:42:17.677+0300][51,607s][info][gc] GC(366) Concurrent marking (unload classes) 54,109ms
[2020-11-04T21:42:17.678+0300][51,608s][info][gc] GC(366) Pause Final Mark (unload classes) 0,471ms
[2020-11-04T21:42:17.678+0300][51,608s][info][gc] GC(366) Concurrent weak roots 0,377ms
[2020-11-04T21:42:17.678+0300][51,608s][info][gc] GC(366) Concurrent cleanup 355M->355M(512M) 0,034ms
[2020-11-04T21:42:17.680+0300][51,609s][info][gc] GC(366) Concurrent class unloading 1,185ms
[2020-11-04T21:42:17.680+0300][51,610s][info][gc] GC(366) Concurrent strong roots 0,119ms
[2020-11-04T21:42:17.685+0300][51,615s][info][gc] GC(366) Concurrent evacuation 5,270ms
[2020-11-04T21:42:17.685+0300][51,615s][info][gc] GC(366) Pause Init Update Refs 0,020ms
[2020-11-04T21:42:17.728+0300][51,658s][info][gc] GC(366) Concurrent update references 42,543ms
[2020-11-04T21:42:17.728+0300][51,658s][info][gc] GC(366) Pause Final Update Refs 0,186ms
[2020-11-04T21:42:17.729+0300][51,658s][info][gc] GC(366) Concurrent cleanup 455M->255M(512M) 0,117ms
[2020-11-04T21:42:17.756+0300][51,686s][info][gc] Trigger: Average GC time (95,88 ms) is above the time for allocation rate (1407 MB/s) to deplete free headroom (131M)
[2020-11-04T21:42:17.757+0300][51,687s][info][gc] GC(367) Concurrent reset 0,572ms
[2020-11-04T21:42:17.757+0300][51,687s][info][gc] GC(367) Pause Init Mark (unload classes) 0,105ms
[2020-11-04T21:42:17.814+0300][51,744s][info][gc] GC(367) Concurrent marking (unload classes) 56,624ms
[2020-11-04T21:42:17.815+0300][51,744s][info][gc] GC(367) Pause Final Mark (unload classes) 0,489ms
[2020-11-04T21:42:17.815+0300][51,745s][info][gc] GC(367) Concurrent weak roots 0,396ms
[2020-11-04T21:42:17.815+0300][51,745s][info][gc] GC(367) Concurrent cleanup 349M->349M(512M) 0,037ms
[2020-11-04T21:42:17.816+0300][51,746s][info][gc] GC(367) Concurrent class unloading 0,849ms
[2020-11-04T21:42:17.816+0300][51,746s][info][gc] GC(367) Concurrent strong roots 0,085ms
[2020-11-04T21:42:17.821+0300][51,751s][info][gc] GC(367) Concurrent evacuation 5,003ms
[2020-11-04T21:42:17.822+0300][51,751s][info][gc] GC(367) Pause Init Update Refs 0,019ms
[2020-11-04T21:42:17.855+0300][51,785s][info][gc] GC(367) Concurrent update references 33,063ms
[2020-11-04T21:42:17.855+0300][51,785s][info][gc] GC(367) Pause Final Update Refs 0,137ms
[2020-11-04T21:42:17.855+0300][51,785s][info][gc] GC(367) Concurrent cleanup 426M->237M(512M) 0,143ms
[2020-11-04T21:42:17.889+0300][51,819s][info][gc] Trigger: Average GC time (98,52 ms) is above the time for allocation rate (1365 MB/s) to deplete free headroom (133M)
[2020-11-04T21:42:17.890+0300][51,820s][info][gc] GC(368) Concurrent reset 0,586ms
[2020-11-04T21:42:17.890+0300][51,820s][info][gc] GC(368) Pause Init Mark (unload classes) 0,172ms
[2020-11-04T21:42:17.975+0300][51,905s][info][gc] GC(368) Concurrent marking (unload classes) 84,913ms
[2020-11-04T21:42:17.976+0300][51,906s][info][gc] GC(368) Pause Final Mark (unload classes) 0,613ms
[2020-11-04T21:42:17.977+0300][51,906s][info][gc] GC(368) Concurrent weak roots 0,322ms
[2020-11-04T21:42:17.977+0300][51,907s][info][gc] GC(368) Concurrent cleanup 349M->349M(512M) 0,038ms
[2020-11-04T21:42:17.978+0300][51,908s][info][gc] GC(368) Concurrent class unloading 1,104ms
[2020-11-04T21:42:17.978+0300][51,908s][info][gc] GC(368) Concurrent strong roots 0,139ms
[2020-11-04T21:42:17.983+0300][51,913s][info][gc] GC(368) Concurrent evacuation 4,809ms
[2020-11-04T21:42:17.983+0300][51,913s][info][gc] GC(368) Pause Init Update Refs 0,027ms
[2020-11-04T21:42:18.028+0300][51,958s][info][gc] GC(368) Concurrent update references 45,201ms
[2020-11-04T21:42:18.029+0300][51,959s][info][gc] GC(368) Pause Final Update Refs 0,154ms
[2020-11-04T21:42:18.029+0300][51,959s][info][gc] GC(368) Concurrent cleanup 453M->271M(512M) 0,127ms
[2020-11-04T21:42:18.055+0300][51,984s][info][gc] Trigger: Average GC time (108,95 ms) is above the time for allocation rate (1143 MB/s) to deplete free headroom (121M)
[2020-11-04T21:42:18.055+0300][51,985s][info][gc] GC(369) Concurrent reset 0,601ms
[2020-11-04T21:42:18.056+0300][51,985s][info][gc] GC(369) Pause Init Mark (unload classes) 0,114ms
[2020-11-04T21:42:18.114+0300][52,044s][info][gc] GC(369) Concurrent marking (unload classes) 58,715ms
[2020-11-04T21:42:18.115+0300][52,045s][info][gc] GC(369) Pause Final Mark (unload classes) 0,437ms
[2020-11-04T21:42:18.116+0300][52,045s][info][gc] GC(369) Concurrent weak roots 0,380ms
[2020-11-04T21:42:18.116+0300][52,045s][info][gc] GC(369) Concurrent cleanup 358M->358M(512M) 0,026ms
[2020-11-04T21:42:18.116+0300][52,046s][info][gc] GC(369) Concurrent class unloading 0,631ms
[2020-11-04T21:42:18.116+0300][52,046s][info][gc] GC(369) Concurrent strong roots 0,123ms
[2020-11-04T21:42:18.121+0300][52,051s][info][gc] GC(369) Concurrent evacuation 5,035ms
[2020-11-04T21:42:18.122+0300][52,052s][info][gc] GC(369) Pause Init Update Refs 0,019ms
[2020-11-04T21:42:18.157+0300][52,087s][info][gc] GC(369) Concurrent update references 35,488ms
[2020-11-04T21:42:18.158+0300][52,088s][info][gc] GC(369) Pause Final Update Refs 0,162ms
[2020-11-04T21:42:18.158+0300][52,088s][info][gc] GC(369) Concurrent cleanup 440M->252M(512M) 0,094ms
[2020-11-04T21:42:18.189+0300][52,119s][info][gc] Trigger: Average GC time (111,17 ms) is above the time for allocation rate (1256 MB/s) to deplete free headroom (135M)
[2020-11-04T21:42:18.189+0300][52,119s][info][gc] GC(370) Concurrent reset 0,612ms
[2020-11-04T21:42:18.190+0300][52,120s][info][gc] GC(370) Pause Init Mark (process weakrefs) (unload classes) 0,105ms
[2020-11-04T21:42:18.251+0300][52,181s][info][gc] GC(370) Concurrent marking (process weakrefs) (unload classes) 60,865ms
[2020-11-04T21:42:18.251+0300][52,181s][info][gc] GC(370) Concurrent precleaning 0,169ms
[2020-11-04T21:42:18.252+0300][52,182s][info][gc] GC(370) Pause Final Mark (process weakrefs) (unload classes) 0,463ms
[2020-11-04T21:42:18.252+0300][52,182s][info][gc] GC(370) Concurrent weak roots 0,341ms
[2020-11-04T21:42:18.252+0300][52,182s][info][gc] GC(370) Concurrent cleanup 347M->347M(512M) 0,059ms
[2020-11-04T21:42:18.253+0300][52,183s][info][gc] GC(370) Concurrent class unloading 0,845ms
[2020-11-04T21:42:18.253+0300][52,183s][info][gc] GC(370) Concurrent strong roots 0,138ms
[2020-11-04T21:42:18.258+0300][52,188s][info][gc] GC(370) Concurrent evacuation 4,249ms
[2020-11-04T21:42:18.258+0300][52,188s][info][gc] GC(370) Pause Init Update Refs 0,019ms
[2020-11-04T21:42:18.293+0300][52,223s][info][gc] GC(370) Concurrent update references 34,954ms
[2020-11-04T21:42:18.293+0300][52,223s][info][gc] GC(370) Pause Final Update Refs 0,134ms
[2020-11-04T21:42:18.294+0300][52,223s][info][gc] GC(370) Concurrent cleanup 435M->265M(512M) 0,078ms
[2020-11-04T21:42:18.315+0300][52,245s][info][gc] Trigger: Average GC time (110,78 ms) is above the time for allocation rate (1276 MB/s) to deplete free headroom (138M)
[2020-11-04T21:42:18.316+0300][52,245s][info][gc] GC(371) Concurrent reset 0,673ms
[2020-11-04T21:42:18.316+0300][52,246s][info][gc] GC(371) Pause Init Mark (unload classes) 0,102ms
[2020-11-04T21:42:18.377+0300][52,307s][info][gc] GC(371) Concurrent marking (unload classes) 61,390ms
[2020-11-04T21:42:18.378+0300][52,308s][info][gc] GC(371) Pause Final Mark (unload classes) 0,408ms
[2020-11-04T21:42:18.379+0300][52,308s][info][gc] GC(371) Concurrent weak roots 0,403ms
[2020-11-04T21:42:18.379+0300][52,308s][info][gc] GC(371) Concurrent cleanup 343M->343M(512M) 0,035ms
[2020-11-04T21:42:18.380+0300][52,309s][info][gc] GC(371) Concurrent class unloading 0,995ms
[2020-11-04T21:42:18.380+0300][52,310s][info][gc] GC(371) Concurrent strong roots 0,056ms
[2020-11-04T21:42:18.384+0300][52,314s][info][gc] GC(371) Concurrent evacuation 3,925ms
[2020-11-04T21:42:18.384+0300][52,314s][info][gc] GC(371) Pause Init Update Refs 0,019ms
[2020-11-04T21:42:18.420+0300][52,350s][info][gc] GC(371) Concurrent update references 35,633ms
[2020-11-04T21:42:18.420+0300][52,350s][info][gc] GC(371) Pause Final Update Refs 0,294ms
[2020-11-04T21:42:18.420+0300][52,350s][info][gc] GC(371) Concurrent cleanup 409M->248M(512M) 0,099ms
[2020-11-04T21:42:18.451+0300][52,381s][info][gc] Trigger: Average GC time (110,55 ms) is above the time for allocation rate (1205 MB/s) to deplete free headroom (130M)
[2020-11-04T21:42:18.452+0300][52,382s][info][gc] GC(372) Concurrent reset 0,651ms
[2020-11-04T21:42:18.452+0300][52,382s][info][gc] GC(372) Pause Init Mark (unload classes) 0,128ms
[2020-11-04T21:42:18.494+0300][52,424s][info][gc] GC(372) Concurrent marking (unload classes) 41,313ms
[2020-11-04T21:42:18.495+0300][52,424s][info][gc] GC(372) Pause Final Mark (unload classes) 0,641ms
[2020-11-04T21:42:18.495+0300][52,425s][info][gc] GC(372) Concurrent weak roots 0,460ms
[2020-11-04T21:42:18.495+0300][52,425s][info][gc] GC(372) Concurrent cleanup 351M->347M(512M) 0,055ms
[2020-11-04T21:42:18.496+0300][52,426s][info][gc] GC(372) Concurrent class unloading 0,970ms
[2020-11-04T21:42:18.497+0300][52,426s][info][gc] GC(372) Concurrent strong roots 0,169ms
[2020-11-04T21:42:18.501+0300][52,431s][info][gc] GC(372) Concurrent evacuation 4,161ms
[2020-11-04T21:42:18.501+0300][52,431s][info][gc] GC(372) Pause Init Update Refs 0,025ms
[2020-11-04T21:42:18.517+0300][52,446s][info][gc] GC(372) Concurrent update references 15,500ms
[2020-11-04T21:42:18.517+0300][52,447s][info][gc] GC(372) Pause Final Update Refs 0,282ms
[2020-11-04T21:42:18.517+0300][52,447s][info][gc] GC(372) Concurrent cleanup 394M->133M(512M) 0,149ms
[2020-11-04T21:42:18.574+0300][52,503s][info][gc] Trigger: Average GC time (103,96 ms) is above the time for allocation rate (1726 MB/s) to deplete free headroom (178M)
[2020-11-04T21:42:18.574+0300][52,504s][info][gc] GC(373) Concurrent reset 0,597ms
[2020-11-04T21:42:18.575+0300][52,505s][info][gc] GC(373) Pause Init Mark (unload classes) 0,277ms
[2020-11-04T21:42:18.605+0300][52,534s][info][gc] GC(373) Concurrent marking (unload classes) 29,750ms
[2020-11-04T21:42:18.605+0300][52,535s][info][gc] GC(373) Pause Final Mark (unload classes) 0,541ms
[2020-11-04T21:42:18.606+0300][52,536s][info][gc] GC(373) Concurrent weak roots 0,439ms
[2020-11-04T21:42:18.606+0300][52,536s][info][gc] GC(373) Concurrent cleanup 308M->308M(512M) 0,037ms
[2020-11-04T21:42:18.607+0300][52,537s][info][gc] GC(373) Concurrent class unloading 0,933ms
[2020-11-04T21:42:18.607+0300][52,537s][info][gc] GC(373) Concurrent strong roots 0,061ms
[2020-11-04T21:42:18.612+0300][52,542s][info][gc] GC(373) Concurrent evacuation 5,190ms
[2020-11-04T21:42:18.613+0300][52,542s][info][gc] GC(373) Pause Init Update Refs 0,027ms
[2020-11-04T21:42:18.634+0300][52,563s][info][gc] GC(373) Concurrent update references 20,817ms
[2020-11-04T21:42:18.634+0300][52,564s][info][gc] GC(373) Pause Final Update Refs 0,155ms
[2020-11-04T21:42:18.634+0300][52,564s][info][gc] GC(373) Concurrent cleanup 351M->140M(512M) 0,087ms
[2020-11-04T21:42:18.694+0300][52,624s][info][gc] Trigger: Average GC time (88,08 ms) is above the time for allocation rate (1841 MB/s) to deplete free headroom (160M)
[2020-11-04T21:42:18.695+0300][52,625s][info][gc] GC(374) Concurrent reset 0,522ms
[2020-11-04T21:42:18.695+0300][52,625s][info][gc] GC(374) Pause Init Mark (unload classes) 0,194ms
[2020-11-04T21:42:18.728+0300][52,658s][info][gc] GC(374) Concurrent marking (unload classes) 32,661ms
[2020-11-04T21:42:18.729+0300][52,659s][info][gc] GC(374) Pause Final Mark (unload classes) 0,444ms
[2020-11-04T21:42:18.730+0300][52,659s][info][gc] GC(374) Concurrent weak roots 0,525ms
[2020-11-04T21:42:18.730+0300][52,659s][info][gc] GC(374) Concurrent cleanup 324M->324M(512M) 0,039ms
[2020-11-04T21:42:18.730+0300][52,660s][info][gc] GC(374) Concurrent class unloading 0,836ms
[2020-11-04T21:42:18.731+0300][52,660s][info][gc] GC(374) Concurrent strong roots 0,065ms
[2020-11-04T21:42:18.738+0300][52,667s][info][gc] GC(374) Concurrent evacuation 7,102ms
[2020-11-04T21:42:18.738+0300][52,668s][info][gc] GC(374) Pause Init Update Refs 0,017ms
[2020-11-04T21:42:18.758+0300][52,688s][info][gc] GC(374) Concurrent update references 19,666ms
[2020-11-04T21:42:18.758+0300][52,688s][info][gc] GC(374) Pause Final Update Refs 0,327ms
[2020-11-04T21:42:18.759+0300][52,688s][info][gc] GC(374) Concurrent cleanup 385M->162M(512M) 0,117ms
[2020-11-04T21:42:18.814+0300][52,743s][info][gc] Trigger: Average GC time (80,20 ms) is above the time for allocation rate (1893 MB/s) to deplete free headroom (151M)
[2020-11-04T21:42:18.814+0300][52,744s][info][gc] GC(375) Concurrent reset 0,542ms
[2020-11-04T21:42:18.815+0300][52,745s][info][gc] GC(375) Pause Init Mark (process weakrefs) (unload classes) 0,253ms
[2020-11-04T21:42:18.863+0300][52,793s][info][gc] GC(375) Concurrent marking (process weakrefs) (unload classes) 48,088ms
[2020-11-04T21:42:18.863+0300][52,793s][info][gc] GC(375) Concurrent precleaning 0,080ms
[2020-11-04T21:42:18.864+0300][52,794s][info][gc] GC(375) Pause Final Mark (process weakrefs) (unload classes) 0,566ms
[2020-11-04T21:42:18.864+0300][52,794s][info][gc] GC(375) Concurrent weak roots 0,339ms
[2020-11-04T21:42:18.864+0300][52,794s][info][gc] GC(375) Concurrent cleanup 333M->333M(512M) 0,033ms
[2020-11-04T21:42:18.865+0300][52,795s][info][gc] GC(375) Concurrent class unloading 0,823ms
[2020-11-04T21:42:18.865+0300][52,795s][info][gc] GC(375) Concurrent strong roots 0,055ms
[2020-11-04T21:42:18.871+0300][52,801s][info][gc] GC(375) Concurrent evacuation 5,895ms
[2020-11-04T21:42:18.872+0300][52,801s][info][gc] GC(375) Pause Init Update Refs 0,025ms
[2020-11-04T21:42:18.894+0300][52,824s][info][gc] GC(375) Concurrent update references 22,433ms
[2020-11-04T21:42:18.895+0300][52,824s][info][gc] GC(375) Pause Final Update Refs 0,281ms
[2020-11-04T21:42:18.895+0300][52,825s][info][gc] GC(375) Concurrent cleanup 389M->163M(512M) 0,125ms
[2020-11-04T21:42:18.959+0300][52,889s][info][gc] Trigger: Average GC time (75,47 ms) is above the time for allocation rate (1678 MB/s) to deplete free headroom (125M)
[2020-11-04T21:42:18.960+0300][52,890s][info][gc] GC(376) Concurrent reset 0,574ms
[2020-11-04T21:42:18.960+0300][52,890s][info][gc] GC(376) Pause Init Mark (unload classes) 0,156ms
[2020-11-04T21:42:18.998+0300][52,928s][info][gc] GC(376) Concurrent marking (unload classes) 37,551ms
[2020-11-04T21:42:18.999+0300][52,929s][info][gc] GC(376) Pause Final Mark (unload classes) 0,655ms
[2020-11-04T21:42:19.000+0300][52,929s][info][gc] GC(376) Concurrent weak roots 0,454ms
[2020-11-04T21:42:19.000+0300][52,930s][info][gc] GC(376) Concurrent cleanup 357M->357M(512M) 0,036ms
[2020-11-04T21:42:19.001+0300][52,930s][info][gc] GC(376) Concurrent class unloading 0,827ms
[2020-11-04T21:42:19.001+0300][52,930s][info][gc] GC(376) Concurrent strong roots 0,062ms
[2020-11-04T21:42:19.007+0300][52,937s][info][gc] GC(376) Concurrent evacuation 6,112ms
[2020-11-04T21:42:19.007+0300][52,937s][info][gc] GC(376) Pause Init Update Refs 0,012ms
[2020-11-04T21:42:19.030+0300][52,960s][info][gc] GC(376) Concurrent update references 22,622ms
[2020-11-04T21:42:19.030+0300][52,960s][info][gc] GC(376) Pause Final Update Refs 0,292ms
[2020-11-04T21:42:19.031+0300][52,960s][info][gc] GC(376) Concurrent cleanup 423M->178M(512M) 0,132ms
[2020-11-04T21:42:19.090+0300][53,020s][info][gc] Trigger: Average GC time (68,57 ms) is above the time for allocation rate (1832 MB/s) to deplete free headroom (124M)
[2020-11-04T21:42:19.091+0300][53,020s][info][gc] GC(377) Concurrent reset 0,681ms
[2020-11-04T21:42:19.091+0300][53,021s][info][gc] GC(377) Pause Init Mark (unload classes) 0,172ms
[2020-11-04T21:42:19.135+0300][53,065s][info][gc] GC(377) Concurrent marking (unload classes) 43,885ms
[2020-11-04T21:42:19.136+0300][53,066s][info][gc] GC(377) Pause Final Mark (unload classes) 0,634ms
[2020-11-04T21:42:19.137+0300][53,066s][info][gc] GC(377) Concurrent weak roots 0,432ms
[2020-11-04T21:42:19.137+0300][53,067s][info][gc] GC(377) Concurrent cleanup 360M->360M(512M) 0,035ms
[2020-11-04T21:42:19.138+0300][53,067s][info][gc] GC(377) Concurrent class unloading 0,827ms
[2020-11-04T21:42:19.138+0300][53,067s][info][gc] GC(377) Concurrent strong roots 0,061ms
[2020-11-04T21:42:19.144+0300][53,073s][info][gc] GC(377) Concurrent evacuation 5,891ms
[2020-11-04T21:42:19.144+0300][53,074s][info][gc] GC(377) Pause Init Update Refs 0,027ms
[2020-11-04T21:42:19.169+0300][53,099s][info][gc] GC(377) Concurrent update references 24,843ms
[2020-11-04T21:42:19.169+0300][53,099s][info][gc] GC(377) Pause Final Update Refs 0,352ms
[2020-11-04T21:42:19.170+0300][53,099s][info][gc] GC(377) Concurrent cleanup 429M->189M(512M) 0,128ms
[2020-11-04T21:42:19.226+0300][53,156s][info][gc] Trigger: Average GC time (71,28 ms) is above the time for allocation rate (1727 MB/s) to deplete free headroom (122M)
[2020-11-04T21:42:19.227+0300][53,156s][info][gc] GC(378) Concurrent reset 0,646ms
[2020-11-04T21:42:19.227+0300][53,157s][info][gc] GC(378) Pause Init Mark (unload classes) 0,243ms
[2020-11-04T21:42:19.276+0300][53,206s][info][gc] GC(378) Concurrent marking (unload classes) 49,201ms
[2020-11-04T21:42:19.277+0300][53,207s][info][gc] GC(378) Pause Final Mark (unload classes) 0,574ms
[2020-11-04T21:42:19.278+0300][53,208s][info][gc] GC(378) Concurrent weak roots 0,444ms
[2020-11-04T21:42:19.278+0300][53,208s][info][gc] GC(378) Concurrent cleanup 361M->361M(512M) 0,037ms
[2020-11-04T21:42:19.279+0300][53,208s][info][gc] GC(378) Concurrent class unloading 0,848ms
[2020-11-04T21:42:19.279+0300][53,209s][info][gc] GC(378) Concurrent strong roots 0,117ms
[2020-11-04T21:42:19.286+0300][53,216s][info][gc] GC(378) Concurrent evacuation 7,310ms
[2020-11-04T21:42:19.286+0300][53,216s][info][gc] GC(378) Pause Init Update Refs 0,018ms
[2020-11-04T21:42:19.312+0300][53,242s][info][gc] GC(378) Concurrent update references 25,437ms
[2020-11-04T21:42:19.313+0300][53,242s][info][gc] GC(378) Pause Final Update Refs 0,374ms
[2020-11-04T21:42:19.313+0300][53,243s][info][gc] GC(378) Concurrent cleanup 436M->202M(512M) 0,125ms
[2020-11-04T21:42:19.364+0300][53,294s][info][gc] Trigger: Average GC time (76,58 ms) is above the time for allocation rate (1640 MB/s) to deplete free headroom (123M)
[2020-11-04T21:42:19.364+0300][53,294s][info][gc] GC(379) Concurrent reset 0,598ms
[2020-11-04T21:42:19.365+0300][53,295s][info][gc] GC(379) Pause Init Mark (unload classes) 0,150ms
[2020-11-04T21:42:19.409+0300][53,339s][info][gc] GC(379) Concurrent marking (unload classes) 43,836ms
[2020-11-04T21:42:19.410+0300][53,339s][info][gc] GC(379) Pause Final Mark (unload classes) 0,668ms
[2020-11-04T21:42:19.410+0300][53,340s][info][gc] GC(379) Concurrent weak roots 0,543ms
[2020-11-04T21:42:19.410+0300][53,340s][info][gc] GC(379) Concurrent cleanup 358M->358M(512M) 0,032ms
[2020-11-04T21:42:19.411+0300][53,341s][info][gc] GC(379) Concurrent class unloading 0,880ms
[2020-11-04T21:42:19.411+0300][53,341s][info][gc] GC(379) Concurrent strong roots 0,075ms
[2020-11-04T21:42:19.419+0300][53,348s][info][gc] GC(379) Concurrent evacuation 7,259ms
[2020-11-04T21:42:19.419+0300][53,349s][info][gc] GC(379) Pause Init Update Refs 0,025ms
[2020-11-04T21:42:19.446+0300][53,376s][info][gc] GC(379) Concurrent update references 26,877ms
[2020-11-04T21:42:19.447+0300][53,376s][info][gc] GC(379) Pause Final Update Refs 0,338ms
[2020-11-04T21:42:19.447+0300][53,377s][info][gc] GC(379) Concurrent cleanup 435M->209M(512M) 0,119ms
[2020-11-04T21:42:19.492+0300][53,422s][info][gc] Trigger: Average GC time (80,39 ms) is above the time for allocation rate (1643 MB/s) to deplete free headroom (131M)
[2020-11-04T21:42:19.493+0300][53,423s][info][gc] GC(380) Concurrent reset 0,608ms
[2020-11-04T21:42:19.494+0300][53,423s][info][gc] GC(380) Pause Init Mark (process weakrefs) (unload classes) 0,304ms
[2020-11-04T21:42:19.539+0300][53,468s][info][gc] GC(380) Concurrent marking (process weakrefs) (unload classes) 44,842ms
[2020-11-04T21:42:19.539+0300][53,469s][info][gc] GC(380) Concurrent precleaning 0,168ms
[2020-11-04T21:42:19.540+0300][53,469s][info][gc] GC(380) Pause Final Mark (process weakrefs) (unload classes) 0,593ms
[2020-11-04T21:42:19.540+0300][53,470s][info][gc] GC(380) Concurrent weak roots 0,430ms
[2020-11-04T21:42:19.540+0300][53,470s][info][gc] GC(380) Concurrent cleanup 351M->351M(512M) 0,033ms
[2020-11-04T21:42:19.541+0300][53,471s][info][gc] GC(380) Concurrent class unloading 0,925ms
[2020-11-04T21:42:19.541+0300][53,471s][info][gc] GC(380) Concurrent strong roots 0,103ms
[2020-11-04T21:42:19.547+0300][53,477s][info][gc] GC(380) Concurrent evacuation 5,751ms
[2020-11-04T21:42:19.547+0300][53,477s][info][gc] GC(380) Pause Init Update Refs 0,013ms
[2020-11-04T21:42:19.575+0300][53,505s][info][gc] GC(380) Concurrent update references 27,853ms
[2020-11-04T21:42:19.576+0300][53,505s][info][gc] GC(380) Pause Final Update Refs 0,150ms
[2020-11-04T21:42:19.576+0300][53,506s][info][gc] GC(380) Concurrent cleanup 424M->212M(512M) 0,111ms
[2020-11-04T21:42:19.620+0300][53,550s][info][gc] Trigger: Average GC time (80,86 ms) is above the time for allocation rate (1617 MB/s) to deplete free headroom (129M)
[2020-11-04T21:42:19.621+0300][53,551s][info][gc] GC(381) Concurrent reset 0,565ms
[2020-11-04T21:42:19.621+0300][53,551s][info][gc] GC(381) Pause Init Mark (unload classes) 0,120ms
[2020-11-04T21:42:19.684+0300][53,614s][info][gc] GC(381) Concurrent marking (unload classes) 62,332ms
[2020-11-04T21:42:19.684+0300][53,614s][info][gc] GC(381) Pause Final Mark (unload classes) 0,436ms
[2020-11-04T21:42:19.685+0300][53,615s][info][gc] GC(381) Concurrent weak roots 0,393ms
[2020-11-04T21:42:19.685+0300][53,615s][info][gc] GC(381) Concurrent cleanup 352M->352M(512M) 0,034ms
[2020-11-04T21:42:19.686+0300][53,616s][info][gc] GC(381) Concurrent class unloading 0,871ms
[2020-11-04T21:42:19.686+0300][53,616s][info][gc] GC(381) Concurrent strong roots 0,120ms
[2020-11-04T21:42:19.691+0300][53,621s][info][gc] GC(381) Concurrent evacuation 4,960ms
[2020-11-04T21:42:19.691+0300][53,621s][info][gc] GC(381) Pause Init Update Refs 0,013ms
[2020-11-04T21:42:19.721+0300][53,651s][info][gc] GC(381) Concurrent update references 29,401ms
[2020-11-04T21:42:19.721+0300][53,651s][info][gc] GC(381) Pause Final Update Refs 0,142ms
[2020-11-04T21:42:19.721+0300][53,651s][info][gc] GC(381) Concurrent cleanup 427M->220M(512M) 0,106ms
[2020-11-04T21:42:19.766+0300][53,696s][info][gc] Trigger: Average GC time (86,87 ms) is above the time for allocation rate (1432 MB/s) to deplete free headroom (122M)
[2020-11-04T21:42:19.767+0300][53,696s][info][gc] GC(382) Concurrent reset 0,608ms
[2020-11-04T21:42:19.767+0300][53,697s][info][gc] GC(382) Pause Init Mark (unload classes) 0,104ms
[2020-11-04T21:42:19.819+0300][53,748s][info][gc] GC(382) Concurrent marking (unload classes) 51,489ms
[2020-11-04T21:42:19.819+0300][53,749s][info][gc] GC(382) Pause Final Mark (unload classes) 0,396ms
[2020-11-04T21:42:19.820+0300][53,750s][info][gc] GC(382) Concurrent weak roots 0,415ms
[2020-11-04T21:42:19.820+0300][53,750s][info][gc] GC(382) Concurrent cleanup 359M->359M(512M) 0,037ms
[2020-11-04T21:42:19.821+0300][53,750s][info][gc] GC(382) Concurrent class unloading 0,877ms
[2020-11-04T21:42:19.821+0300][53,751s][info][gc] GC(382) Concurrent strong roots 0,067ms
[2020-11-04T21:42:19.826+0300][53,756s][info][gc] GC(382) Concurrent evacuation 5,136ms
[2020-11-04T21:42:19.826+0300][53,756s][info][gc] GC(382) Pause Init Update Refs 0,013ms
[2020-11-04T21:42:19.858+0300][53,788s][info][gc] GC(382) Concurrent update references 31,489ms
[2020-11-04T21:42:19.858+0300][53,788s][info][gc] GC(382) Pause Final Update Refs 0,201ms
[2020-11-04T21:42:19.859+0300][53,788s][info][gc] GC(382) Concurrent cleanup 438M->229M(512M) 0,111ms
[2020-11-04T21:42:19.896+0300][53,826s][info][gc] Trigger: Average GC time (89,45 ms) is above the time for allocation rate (1482 MB/s) to deplete free headroom (132M)
[2020-11-04T21:42:19.896+0300][53,826s][info][gc] GC(383) Concurrent reset 0,649ms
[2020-11-04T21:42:19.897+0300][53,827s][info][gc] GC(383) Pause Init Mark (unload classes) 0,199ms
[2020-11-04T21:42:19.957+0300][53,887s][info][gc] GC(383) Concurrent marking (unload classes) 60,508ms
[2020-11-04T21:42:19.958+0300][53,888s][info][gc] GC(383) Pause Final Mark (unload classes) 0,749ms
[2020-11-04T21:42:19.959+0300][53,889s][info][gc] GC(383) Concurrent weak roots 0,387ms
[2020-11-04T21:42:19.959+0300][53,889s][info][gc] GC(383) Concurrent cleanup 350M->350M(512M) 0,036ms
[2020-11-04T21:42:19.960+0300][53,890s][info][gc] GC(383) Concurrent class unloading 0,974ms
[2020-11-04T21:42:19.960+0300][53,890s][info][gc] GC(383) Concurrent strong roots 0,120ms
[2020-11-04T21:42:19.965+0300][53,895s][info][gc] GC(383) Concurrent evacuation 4,742ms
[2020-11-04T21:42:19.965+0300][53,895s][info][gc] GC(383) Pause Init Update Refs 0,026ms
[2020-11-04T21:42:19.997+0300][53,927s][info][gc] GC(383) Concurrent update references 31,800ms
[2020-11-04T21:42:19.998+0300][53,927s][info][gc] GC(383) Pause Final Update Refs 0,133ms
[2020-11-04T21:42:19.998+0300][53,928s][info][gc] GC(383) Concurrent cleanup 430M->238M(512M) 0,119ms
[2020-11-04T21:42:20.034+0300][53,964s][info][gc] Trigger: Average GC time (92,45 ms) is above the time for allocation rate (1396 MB/s) to deplete free headroom (126M)
[2020-11-04T21:42:20.035+0300][53,964s][info][gc] GC(384) Concurrent reset 0,612ms
[2020-11-04T21:42:20.035+0300][53,965s][info][gc] GC(384) Pause Init Mark (unload classes) 0,084ms
[2020-11-04T21:42:20.090+0300][54,019s][info][gc] GC(384) Concurrent marking (unload classes) 54,539ms
[2020-11-04T21:42:20.090+0300][54,020s][info][gc] GC(384) Pause Final Mark (unload classes) 0,456ms
[2020-11-04T21:42:20.091+0300][54,021s][info][gc] GC(384) Concurrent weak roots 0,402ms
[2020-11-04T21:42:20.091+0300][54,021s][info][gc] GC(384) Concurrent cleanup 355M->355M(512M) 0,036ms
[2020-11-04T21:42:20.092+0300][54,021s][info][gc] GC(384) Concurrent class unloading 0,758ms
[2020-11-04T21:42:20.092+0300][54,021s][info][gc] GC(384) Concurrent strong roots 0,062ms
[2020-11-04T21:42:20.099+0300][54,029s][info][gc] GC(384) Concurrent evacuation 6,997ms
[2020-11-04T21:42:20.099+0300][54,029s][info][gc] GC(384) Pause Init Update Refs 0,022ms
[2020-11-04T21:42:20.132+0300][54,061s][info][gc] GC(384) Concurrent update references 32,401ms
[2020-11-04T21:42:20.132+0300][54,062s][info][gc] GC(384) Pause Final Update Refs 0,126ms
[2020-11-04T21:42:20.132+0300][54,062s][info][gc] GC(384) Concurrent cleanup 439M->246M(512M) 0,106ms
[2020-11-04T21:42:20.163+0300][54,093s][info][gc] Trigger: Average GC time (95,50 ms) is above the time for allocation rate (1401 MB/s) to deplete free headroom (132M)
[2020-11-04T21:42:20.164+0300][54,093s][info][gc] GC(385) Concurrent reset 0,672ms
[2020-11-04T21:42:20.164+0300][54,094s][info][gc] GC(385) Pause Init Mark (process weakrefs) (unload classes) 0,120ms
[2020-11-04T21:42:20.221+0300][54,151s][info][gc] GC(385) Concurrent marking (process weakrefs) (unload classes) 56,549ms
[2020-11-04T21:42:20.221+0300][54,151s][info][gc] GC(385) Concurrent precleaning 0,154ms
[2020-11-04T21:42:20.222+0300][54,151s][info][gc] GC(385) Pause Final Mark (process weakrefs) (unload classes) 0,407ms
[2020-11-04T21:42:20.222+0300][54,152s][info][gc] GC(385) Concurrent weak roots 0,480ms
[2020-11-04T21:42:20.222+0300][54,152s][info][gc] GC(385) Concurrent cleanup 350M->350M(512M) 0,047ms
[2020-11-04T21:42:20.223+0300][54,153s][info][gc] GC(385) Concurrent class unloading 0,849ms
[2020-11-04T21:42:20.223+0300][54,153s][info][gc] GC(385) Concurrent strong roots 0,062ms
[2020-11-04T21:42:20.228+0300][54,158s][info][gc] GC(385) Concurrent evacuation 5,038ms
[2020-11-04T21:42:20.229+0300][54,158s][info][gc] GC(385) Pause Init Update Refs 0,026ms
[2020-11-04T21:42:20.264+0300][54,193s][info][gc] GC(385) Concurrent update references 34,976ms
[2020-11-04T21:42:20.264+0300][54,194s][info][gc] GC(385) Pause Final Update Refs 0,147ms
[2020-11-04T21:42:20.264+0300][54,194s][info][gc] GC(385) Concurrent cleanup 430M->249M(512M) 0,100ms
[2020-11-04T21:42:20.295+0300][54,225s][info][gc] Trigger: Average GC time (99,07 ms) is above the time for allocation rate (1350 MB/s) to deplete free headroom (130M)
[2020-11-04T21:42:20.296+0300][54,225s][info][gc] GC(386) Concurrent reset 0,606ms
[2020-11-04T21:42:20.296+0300][54,226s][info][gc] GC(386) Pause Init Mark (unload classes) 0,098ms
[2020-11-04T21:42:20.381+0300][54,311s][info][gc] GC(386) Concurrent marking (unload classes) 85,052ms
[2020-11-04T21:42:20.382+0300][54,312s][info][gc] GC(386) Pause Final Mark (unload classes) 0,332ms
[2020-11-04T21:42:20.382+0300][54,312s][info][gc] GC(386) Concurrent weak roots 0,331ms
[2020-11-04T21:42:20.382+0300][54,312s][info][gc] GC(386) Concurrent cleanup 352M->352M(512M) 0,056ms
[2020-11-04T21:42:20.383+0300][54,313s][info][gc] GC(386) Concurrent class unloading 0,726ms
[2020-11-04T21:42:20.383+0300][54,313s][info][gc] GC(386) Concurrent strong roots 0,056ms
[2020-11-04T21:42:20.388+0300][54,317s][info][gc] GC(386) Concurrent evacuation 4,404ms
[2020-11-04T21:42:20.388+0300][54,318s][info][gc] GC(386) Pause Init Update Refs 0,017ms
[2020-11-04T21:42:20.422+0300][54,352s][info][gc] GC(386) Concurrent update references 34,297ms
[2020-11-04T21:42:20.423+0300][54,353s][info][gc] GC(386) Pause Final Update Refs 0,154ms
[2020-11-04T21:42:20.423+0300][54,353s][info][gc] GC(386) Concurrent cleanup 436M->258M(512M) 0,100ms
[2020-11-04T21:42:20.455+0300][54,385s][info][gc] Trigger: Average GC time (104,42 ms) is above the time for allocation rate (1157 MB/s) to deplete free headroom (118M)
[2020-11-04T21:42:20.455+0300][54,385s][info][gc] GC(387) Concurrent reset 0,548ms
[2020-11-04T21:42:20.456+0300][54,386s][info][gc] GC(387) Pause Init Mark (unload classes) 0,115ms
[2020-11-04T21:42:20.545+0300][54,475s][info][gc] GC(387) Concurrent marking (unload classes) 88,983ms
[2020-11-04T21:42:20.546+0300][54,476s][info][gc] GC(387) Pause Final Mark (unload classes) 0,709ms
[2020-11-04T21:42:20.546+0300][54,476s][info][gc] GC(387) Concurrent weak roots 0,412ms
[2020-11-04T21:42:20.546+0300][54,476s][info][gc] GC(387) Concurrent cleanup 362M->362M(512M) 0,032ms
[2020-11-04T21:42:20.547+0300][54,477s][info][gc] GC(387) Concurrent class unloading 0,964ms
[2020-11-04T21:42:20.547+0300][54,477s][info][gc] GC(387) Concurrent strong roots 0,092ms
[2020-11-04T21:42:20.552+0300][54,482s][info][gc] GC(387) Concurrent evacuation 4,419ms
[2020-11-04T21:42:20.552+0300][54,482s][info][gc] GC(387) Pause Init Update Refs 0,013ms
[2020-11-04T21:42:20.588+0300][54,518s][info][gc] GC(387) Concurrent update references 35,451ms
[2020-11-04T21:42:20.588+0300][54,518s][info][gc] GC(387) Pause Final Update Refs 0,151ms
[2020-11-04T21:42:20.588+0300][54,518s][info][gc] GC(387) Concurrent cleanup 451M->266M(512M) 0,088ms
[2020-11-04T21:42:20.616+0300][54,546s][info][gc] Trigger: Average GC time (112,60 ms) is above the time for allocation rate (1088 MB/s) to deplete free headroom (121M)
[2020-11-04T21:42:20.617+0300][54,546s][info][gc] GC(388) Concurrent reset 0,622ms
[2020-11-04T21:42:20.617+0300][54,547s][info][gc] GC(388) Pause Init Mark (unload classes) 0,114ms
[2020-11-04T21:42:20.691+0300][54,620s][info][gc] GC(388) Concurrent marking (unload classes) 73,588ms
[2020-11-04T21:42:20.691+0300][54,621s][info][gc] GC(388) Pause Final Mark (unload classes) 0,401ms
[2020-11-04T21:42:20.692+0300][54,622s][info][gc] GC(388) Concurrent weak roots 0,366ms
[2020-11-04T21:42:20.692+0300][54,622s][info][gc] GC(388) Concurrent cleanup 359M->359M(512M) 0,036ms
[2020-11-04T21:42:20.693+0300][54,622s][info][gc] GC(388) Concurrent class unloading 0,799ms
[2020-11-04T21:42:20.693+0300][54,623s][info][gc] GC(388) Concurrent strong roots 0,142ms
[2020-11-04T21:42:20.698+0300][54,628s][info][gc] GC(388) Concurrent evacuation 4,843ms
[2020-11-04T21:42:20.698+0300][54,628s][info][gc] GC(388) Pause Init Update Refs 0,015ms
[2020-11-04T21:42:20.736+0300][54,666s][info][gc] GC(388) Concurrent update references 37,584ms
[2020-11-04T21:42:20.736+0300][54,666s][info][gc] GC(388) Pause Final Update Refs 0,140ms
[2020-11-04T21:42:20.736+0300][54,666s][info][gc] GC(388) Concurrent cleanup 428M->252M(512M) 0,112ms
[2020-11-04T21:42:20.768+0300][54,698s][info][gc] Trigger: Average GC time (116,30 ms) is above the time for allocation rate (1096 MB/s) to deplete free headroom (125M)
[2020-11-04T21:42:20.769+0300][54,699s][info][gc] GC(389) Concurrent reset 0,580ms
[2020-11-04T21:42:20.769+0300][54,699s][info][gc] GC(389) Pause Init Mark (unload classes) 0,115ms
[2020-11-04T21:42:20.797+0300][54,727s][info][gc] GC(389) Concurrent marking (unload classes) 27,405ms
[2020-11-04T21:42:20.798+0300][54,727s][info][gc] GC(389) Pause Final Mark (unload classes) 0,492ms
[2020-11-04T21:42:20.798+0300][54,728s][info][gc] GC(389) Concurrent weak roots 0,404ms
[2020-11-04T21:42:20.798+0300][54,728s][info][gc] GC(389) Concurrent cleanup 354M->350M(512M) 0,045ms
[2020-11-04T21:42:20.799+0300][54,729s][info][gc] GC(389) Concurrent class unloading 0,824ms
[2020-11-04T21:42:20.799+0300][54,729s][info][gc] GC(389) Concurrent strong roots 0,136ms
[2020-11-04T21:42:20.803+0300][54,733s][info][gc] GC(389) Concurrent evacuation 4,022ms
[2020-11-04T21:42:20.803+0300][54,733s][info][gc] GC(389) Pause Init Update Refs 0,015ms
[2020-11-04T21:42:20.820+0300][54,749s][info][gc] GC(389) Concurrent update references 15,948ms
[2020-11-04T21:42:20.820+0300][54,750s][info][gc] GC(389) Pause Final Update Refs 0,150ms
[2020-11-04T21:42:20.820+0300][54,750s][info][gc] GC(389) Concurrent cleanup 396M->133M(512M) 0,131ms
[2020-11-04T21:42:20.869+0300][54,799s][info][gc] Trigger: Average GC time (107,02 ms) is above the time for allocation rate (1873 MB/s) to deplete free headroom (198M)
[2020-11-04T21:42:20.870+0300][54,799s][info][gc] GC(390) Concurrent reset 0,556ms
[2020-11-04T21:42:20.870+0300][54,800s][info][gc] GC(390) Pause Init Mark (process weakrefs) (unload classes) 0,115ms
[2020-11-04T21:42:20.902+0300][54,832s][info][gc] GC(390) Concurrent marking (process weakrefs) (unload classes) 32,288ms
[2020-11-04T21:42:20.903+0300][54,832s][info][gc] GC(390) Concurrent precleaning 0,171ms
[2020-11-04T21:42:20.903+0300][54,833s][info][gc] GC(390) Pause Final Mark (process weakrefs) (unload classes) 0,362ms
[2020-11-04T21:42:20.904+0300][54,833s][info][gc] GC(390) Concurrent weak roots 0,350ms
[2020-11-04T21:42:20.904+0300][54,834s][info][gc] GC(390) Concurrent cleanup 290M->290M(512M) 0,040ms
[2020-11-04T21:42:20.905+0300][54,834s][info][gc] GC(390) Concurrent class unloading 0,880ms
[2020-11-04T21:42:20.905+0300][54,835s][info][gc] GC(390) Concurrent strong roots 0,136ms
[2020-11-04T21:42:20.910+0300][54,840s][info][gc] GC(390) Concurrent evacuation 5,167ms
[2020-11-04T21:42:20.910+0300][54,840s][info][gc] GC(390) Pause Init Update Refs 0,013ms
[2020-11-04T21:42:20.928+0300][54,858s][info][gc] GC(390) Concurrent update references 18,145ms
[2020-11-04T21:42:20.929+0300][54,859s][info][gc] GC(390) Pause Final Update Refs 0,239ms
[2020-11-04T21:42:20.929+0300][54,859s][info][gc] GC(390) Concurrent cleanup 342M->153M(512M) 0,139ms
[2020-11-04T21:42:20.977+0300][54,907s][info][gc] Trigger: Average GC time (98,83 ms) is above the time for allocation rate (1847 MB/s) to deplete free headroom (182M)
[2020-11-04T21:42:20.978+0300][54,907s][info][gc] GC(391) Concurrent reset 0,499ms
[2020-11-04T21:42:20.978+0300][54,908s][info][gc] GC(391) Pause Init Mark (unload classes) 0,130ms
[2020-11-04T21:42:21.014+0300][54,944s][info][gc] GC(391) Concurrent marking (unload classes) 36,126ms
[2020-11-04T21:42:21.015+0300][54,945s][info][gc] GC(391) Pause Final Mark (unload classes) 0,621ms
[2020-11-04T21:42:21.016+0300][54,946s][info][gc] GC(391) Concurrent weak roots 0,415ms
[2020-11-04T21:42:21.016+0300][54,946s][info][gc] GC(391) Concurrent cleanup 306M->306M(512M) 0,036ms
[2020-11-04T21:42:21.017+0300][54,946s][info][gc] GC(391) Concurrent class unloading 0,868ms
[2020-11-04T21:42:21.017+0300][54,947s][info][gc] GC(391) Concurrent strong roots 0,122ms
[2020-11-04T21:42:21.022+0300][54,952s][info][gc] GC(391) Concurrent evacuation 4,938ms
[2020-11-04T21:42:21.022+0300][54,952s][info][gc] GC(391) Pause Init Update Refs 0,011ms
[2020-11-04T21:42:21.043+0300][54,972s][info][gc] GC(391) Concurrent update references 20,314ms
[2020-11-04T21:42:21.043+0300][54,973s][info][gc] GC(391) Pause Final Update Refs 0,213ms
[2020-11-04T21:42:21.043+0300][54,973s][info][gc] GC(391) Concurrent cleanup 362M->162M(512M) 0,104ms
[2020-11-04T21:42:21.096+0300][55,026s][info][gc] Trigger: Average GC time (86,49 ms) is above the time for allocation rate (1828 MB/s) to deplete free headroom (158M)
[2020-11-04T21:42:21.097+0300][55,027s][info][gc] GC(392) Concurrent reset 0,530ms
[2020-11-04T21:42:21.097+0300][55,027s][info][gc] GC(392) Pause Init Mark (unload classes) 0,163ms
[2020-11-04T21:42:21.137+0300][55,067s][info][gc] GC(392) Concurrent marking (unload classes) 39,341ms
[2020-11-04T21:42:21.138+0300][55,067s][info][gc] GC(392) Pause Final Mark (unload classes) 0,523ms
[2020-11-04T21:42:21.138+0300][55,068s][info][gc] GC(392) Concurrent weak roots 0,402ms
[2020-11-04T21:42:21.138+0300][55,068s][info][gc] GC(392) Concurrent cleanup 327M->327M(512M) 0,034ms
[2020-11-04T21:42:21.139+0300][55,069s][info][gc] GC(392) Concurrent class unloading 0,981ms
[2020-11-04T21:42:21.139+0300][55,069s][info][gc] GC(392) Concurrent strong roots 0,094ms
[2020-11-04T21:42:21.145+0300][55,074s][info][gc] GC(392) Concurrent evacuation 5,256ms
[2020-11-04T21:42:21.145+0300][55,075s][info][gc] GC(392) Pause Init Update Refs 0,014ms
[2020-11-04T21:42:21.167+0300][55,097s][info][gc] GC(392) Concurrent update references 22,188ms
[2020-11-04T21:42:21.168+0300][55,097s][info][gc] GC(392) Pause Final Update Refs 0,181ms
[2020-11-04T21:42:21.168+0300][55,098s][info][gc] GC(392) Concurrent cleanup 386M->169M(512M) 0,120ms
[2020-11-04T21:42:21.228+0300][55,158s][info][gc] Trigger: Average GC time (74,10 ms) is above the time for allocation rate (1800 MB/s) to deplete free headroom (131M)
[2020-11-04T21:42:21.229+0300][55,159s][info][gc] GC(393) Concurrent reset 0,544ms
[2020-11-04T21:42:21.229+0300][55,159s][info][gc] GC(393) Pause Init Mark (unload classes) 0,129ms
[2020-11-04T21:42:21.278+0300][55,208s][info][gc] GC(393) Concurrent marking (unload classes) 48,884ms
[2020-11-04T21:42:21.279+0300][55,209s][info][gc] GC(393) Pause Final Mark (unload classes) 0,385ms
[2020-11-04T21:42:21.281+0300][55,210s][info][gc] GC(393) Concurrent weak roots 0,527ms
[2020-11-04T21:42:21.281+0300][55,210s][info][gc] GC(393) Concurrent cleanup 351M->352M(512M) 0,033ms
[2020-11-04T21:42:21.282+0300][55,211s][info][gc] GC(393) Concurrent class unloading 0,824ms
[2020-11-04T21:42:21.282+0300][55,211s][info][gc] GC(393) Concurrent strong roots 0,064ms
[2020-11-04T21:42:21.289+0300][55,219s][info][gc] GC(393) Concurrent evacuation 7,760ms
[2020-11-04T21:42:21.290+0300][55,220s][info][gc] GC(393) Pause Init Update Refs 0,022ms
[2020-11-04T21:42:21.312+0300][55,242s][info][gc] GC(393) Concurrent update references 22,511ms
[2020-11-04T21:42:21.313+0300][55,243s][info][gc] GC(393) Pause Final Update Refs 0,153ms
[2020-11-04T21:42:21.313+0300][55,243s][info][gc] GC(393) Concurrent cleanup 422M->183M(512M) 0,122ms
[2020-11-04T21:42:21.376+0300][55,305s][info][gc] Trigger: Average GC time (66,94 ms) is above the time for allocation rate (1706 MB/s) to deplete free headroom (111M)
[2020-11-04T21:42:21.376+0300][55,306s][info][gc] GC(394) Concurrent reset 0,586ms
[2020-11-04T21:42:21.377+0300][55,306s][info][gc] GC(394) Pause Init Mark (unload classes) 0,121ms
[2020-11-04T21:42:21.419+0300][55,349s][info][gc] GC(394) Concurrent marking (unload classes) 42,249ms
[2020-11-04T21:42:21.420+0300][55,349s][info][gc] GC(394) Pause Final Mark (unload classes) 0,394ms
[2020-11-04T21:42:21.420+0300][55,350s][info][gc] GC(394) Concurrent weak roots 0,385ms
[2020-11-04T21:42:21.420+0300][55,350s][info][gc] GC(394) Concurrent cleanup 370M->371M(512M) 0,036ms
[2020-11-04T21:42:21.421+0300][55,351s][info][gc] GC(394) Concurrent class unloading 0,972ms
[2020-11-04T21:42:21.421+0300][55,351s][info][gc] GC(394) Concurrent strong roots 0,131ms
[2020-11-04T21:42:21.428+0300][55,358s][info][gc] GC(394) Concurrent evacuation 6,694ms
[2020-11-04T21:42:21.428+0300][55,358s][info][gc] GC(394) Pause Init Update Refs 0,016ms
[2020-11-04T21:42:21.455+0300][55,385s][info][gc] GC(394) Concurrent update references 26,790ms
[2020-11-04T21:42:21.456+0300][55,386s][info][gc] GC(394) Pause Final Update Refs 0,248ms
[2020-11-04T21:42:21.456+0300][55,386s][info][gc] GC(394) Concurrent cleanup 426M->174M(512M) 0,148ms
[2020-11-04T21:42:21.522+0300][55,452s][info][gc] Trigger: Average GC time (72,67 ms) is above the time for allocation rate (1630 MB/s) to deplete free headroom (116M)
[2020-11-04T21:42:21.523+0300][55,452s][info][gc] GC(395) Concurrent reset 0,727ms
[2020-11-04T21:42:21.523+0300][55,453s][info][gc] GC(395) Pause Init Mark (process weakrefs) (unload classes) 0,117ms
[2020-11-04T21:42:21.566+0300][55,496s][info][gc] GC(395) Concurrent marking (process weakrefs) (unload classes) 42,655ms
[2020-11-04T21:42:21.566+0300][55,496s][info][gc] GC(395) Concurrent precleaning 0,169ms
[2020-11-04T21:42:21.567+0300][55,496s][info][gc] GC(395) Pause Final Mark (process weakrefs) (unload classes) 0,447ms
[2020-11-04T21:42:21.567+0300][55,497s][info][gc] GC(395) Concurrent weak roots 0,422ms
[2020-11-04T21:42:21.567+0300][55,497s][info][gc] GC(395) Concurrent cleanup 365M->365M(512M) 0,036ms
[2020-11-04T21:42:21.568+0300][55,498s][info][gc] GC(395) Concurrent class unloading 0,870ms
[2020-11-04T21:42:21.568+0300][55,498s][info][gc] GC(395) Concurrent strong roots 0,161ms
[2020-11-04T21:42:21.574+0300][55,504s][info][gc] GC(395) Concurrent evacuation 5,796ms
[2020-11-04T21:42:21.574+0300][55,504s][info][gc] GC(395) Pause Init Update Refs 0,020ms
[2020-11-04T21:42:21.600+0300][55,530s][info][gc] GC(395) Concurrent update references 25,497ms
[2020-11-04T21:42:21.600+0300][55,530s][info][gc] GC(395) Pause Final Update Refs 0,136ms
[2020-11-04T21:42:21.601+0300][55,530s][info][gc] GC(395) Concurrent cleanup 437M->198M(512M) 0,134ms
[2020-11-04T21:42:21.652+0300][55,581s][info][gc] Trigger: Average GC time (76,36 ms) is above the time for allocation rate (1705 MB/s) to deplete free headroom (127M)
[2020-11-04T21:42:21.652+0300][55,582s][info][gc] GC(396) Concurrent reset 0,690ms
[2020-11-04T21:42:21.653+0300][55,583s][info][gc] GC(396) Pause Init Mark (unload classes) 0,125ms
[2020-11-04T21:42:21.699+0300][55,629s][info][gc] GC(396) Concurrent marking (unload classes) 46,048ms
[2020-11-04T21:42:21.699+0300][55,629s][info][gc] GC(396) Pause Final Mark (unload classes) 0,386ms
[2020-11-04T21:42:21.700+0300][55,630s][info][gc] GC(396) Concurrent weak roots 0,423ms
[2020-11-04T21:42:21.700+0300][55,630s][info][gc] GC(396) Concurrent cleanup 355M->355M(512M) 0,035ms
[2020-11-04T21:42:21.701+0300][55,631s][info][gc] GC(396) Concurrent class unloading 0,907ms
[2020-11-04T21:42:21.701+0300][55,631s][info][gc] GC(396) Concurrent strong roots 0,135ms
[2020-11-04T21:42:21.707+0300][55,637s][info][gc] GC(396) Concurrent evacuation 5,913ms
[2020-11-04T21:42:21.707+0300][55,637s][info][gc] GC(396) Pause Init Update Refs 0,024ms
[2020-11-04T21:42:21.737+0300][55,667s][info][gc] GC(396) Concurrent update references 29,677ms
[2020-11-04T21:42:21.738+0300][55,667s][info][gc] GC(396) Pause Final Update Refs 0,148ms
[2020-11-04T21:42:21.738+0300][55,668s][info][gc] GC(396) Concurrent cleanup 411M->189M(512M) 0,129ms
[2020-11-04T21:42:21.797+0300][55,727s][info][gc] Trigger: Average GC time (80,39 ms) is above the time for allocation rate (1525 MB/s) to deplete free headroom (120M)
[2020-11-04T21:42:21.798+0300][55,728s][info][gc] GC(397) Concurrent reset 0,646ms
[2020-11-04T21:42:21.798+0300][55,728s][info][gc] GC(397) Pause Init Mark (unload classes) 0,133ms
[2020-11-04T21:42:21.847+0300][55,777s][info][gc] GC(397) Concurrent marking (unload classes) 48,802ms
[2020-11-04T21:42:21.848+0300][55,778s][info][gc] GC(397) Pause Final Mark (unload classes) 0,450ms
[2020-11-04T21:42:21.849+0300][55,778s][info][gc] GC(397) Concurrent weak roots 0,446ms
[2020-11-04T21:42:21.849+0300][55,778s][info][gc] GC(397) Concurrent cleanup 360M->360M(512M) 0,034ms
[2020-11-04T21:42:21.850+0300][55,779s][info][gc] GC(397) Concurrent class unloading 1,054ms
[2020-11-04T21:42:21.850+0300][55,780s][info][gc] GC(397) Concurrent strong roots 0,126ms
[2020-11-04T21:42:21.855+0300][55,785s][info][gc] GC(397) Concurrent evacuation 5,335ms
[2020-11-04T21:42:21.856+0300][55,786s][info][gc] GC(397) Pause Init Update Refs 0,105ms
[2020-11-04T21:42:21.885+0300][55,815s][info][gc] GC(397) Concurrent update references 29,508ms
[2020-11-04T21:42:21.886+0300][55,816s][info][gc] GC(397) Pause Final Update Refs 0,169ms
[2020-11-04T21:42:21.886+0300][55,816s][info][gc] GC(397) Concurrent cleanup 431M->209M(512M) 0,117ms
[2020-11-04T21:42:21.933+0300][55,862s][info][gc] Trigger: Average GC time (83,84 ms) is above the time for allocation rate (1531 MB/s) to deplete free headroom (128M)
[2020-11-04T21:42:21.933+0300][55,863s][info][gc] GC(398) Concurrent reset 0,643ms
[2020-11-04T21:42:21.934+0300][55,864s][info][gc] GC(398) Pause Init Mark (unload classes) 0,099ms
[2020-11-04T21:42:21.982+0300][55,912s][info][gc] GC(398) Concurrent marking (unload classes) 48,237ms
[2020-11-04T21:42:21.983+0300][55,913s][info][gc] GC(398) Pause Final Mark (unload classes) 0,462ms
[2020-11-04T21:42:21.983+0300][55,913s][info][gc] GC(398) Concurrent weak roots 0,484ms
[2020-11-04T21:42:21.983+0300][55,913s][info][gc] GC(398) Concurrent cleanup 354M->354M(512M) 0,035ms
[2020-11-04T21:42:21.984+0300][55,914s][info][gc] GC(398) Concurrent class unloading 0,799ms
[2020-11-04T21:42:21.984+0300][55,914s][info][gc] GC(398) Concurrent strong roots 0,073ms
[2020-11-04T21:42:21.991+0300][55,921s][info][gc] GC(398) Concurrent evacuation 6,719ms
[2020-11-04T21:42:21.991+0300][55,921s][info][gc] GC(398) Pause Init Update Refs 0,026ms
[2020-11-04T21:42:22.020+0300][55,950s][info][gc] GC(398) Concurrent update references 28,829ms
[2020-11-04T21:42:22.021+0300][55,951s][info][gc] GC(398) Pause Final Update Refs 0,150ms
[2020-11-04T21:42:22.021+0300][55,951s][info][gc] GC(398) Concurrent cleanup 434M->226M(512M) 0,144ms
[2020-11-04T21:42:22.060+0300][55,990s][info][gc] Trigger: Average GC time (84,56 ms) is above the time for allocation rate (1558 MB/s) to deplete free headroom (130M)
[2020-11-04T21:42:22.061+0300][55,991s][info][gc] GC(399) Concurrent reset 0,609ms
[2020-11-04T21:42:22.061+0300][55,991s][info][gc] GC(399) Pause Init Mark (unload classes) 0,120ms
[2020-11-04T21:42:22.112+0300][56,042s][info][gc] GC(399) Concurrent marking (unload classes) 51,064ms
[2020-11-04T21:42:22.113+0300][56,043s][info][gc] GC(399) Pause Final Mark (unload classes) 0,431ms
[2020-11-04T21:42:22.113+0300][56,043s][info][gc] GC(399) Concurrent weak roots 0,449ms
[2020-11-04T21:42:22.114+0300][56,043s][info][gc] GC(399) Concurrent cleanup 351M->351M(512M) 0,039ms
[2020-11-04T21:42:22.114+0300][56,044s][info][gc] GC(399) Concurrent class unloading 0,801ms
[2020-11-04T21:42:22.114+0300][56,044s][info][gc] GC(399) Concurrent strong roots 0,058ms
[2020-11-04T21:42:22.121+0300][56,051s][info][gc] GC(399) Concurrent evacuation 6,365ms
[2020-11-04T21:42:22.121+0300][56,051s][info][gc] GC(399) Pause Init Update Refs 0,015ms
[2020-11-04T21:42:22.151+0300][56,081s][info][gc] GC(399) Concurrent update references 30,152ms
[2020-11-04T21:42:22.152+0300][56,082s][info][gc] GC(399) Pause Final Update Refs 0,145ms
[2020-11-04T21:42:22.152+0300][56,082s][info][gc] GC(399) Concurrent cleanup 432M->233M(512M) 0,074ms
[2020-11-04T21:42:22.189+0300][56,119s][info][gc] Trigger: Average GC time (86,83 ms) is above the time for allocation rate (1510 MB/s) to deplete free headroom (128M)
[2020-11-04T21:42:22.190+0300][56,120s][info][gc] GC(400) Concurrent reset 0,608ms
[2020-11-04T21:42:22.190+0300][56,120s][info][gc] GC(400) Pause Init Mark (process weakrefs) (unload classes) 0,100ms
[2020-11-04T21:42:22.247+0300][56,176s][info][gc] GC(400) Concurrent marking (process weakrefs) (unload classes) 56,454ms
[2020-11-04T21:42:22.247+0300][56,177s][info][gc] GC(400) Concurrent precleaning 0,184ms
[2020-11-04T21:42:22.248+0300][56,177s][info][gc] GC(400) Pause Final Mark (process weakrefs) (unload classes) 0,478ms
[2020-11-04T21:42:22.248+0300][56,178s][info][gc] GC(400) Concurrent weak roots 0,364ms
[2020-11-04T21:42:22.248+0300][56,178s][info][gc] GC(400) Concurrent cleanup 353M->353M(512M) 0,034ms
[2020-11-04T21:42:22.249+0300][56,179s][info][gc] GC(400) Concurrent class unloading 0,929ms
[2020-11-04T21:42:22.249+0300][56,179s][info][gc] GC(400) Concurrent strong roots 0,099ms
[2020-11-04T21:42:22.254+0300][56,184s][info][gc] GC(400) Concurrent evacuation 4,794ms
[2020-11-04T21:42:22.254+0300][56,184s][info][gc] GC(400) Pause Init Update Refs 0,014ms
[2020-11-04T21:42:22.285+0300][56,215s][info][gc] GC(400) Concurrent update references 31,157ms
[2020-11-04T21:42:22.286+0300][56,216s][info][gc] GC(400) Pause Final Update Refs 0,279ms
[2020-11-04T21:42:22.286+0300][56,216s][info][gc] GC(400) Concurrent cleanup 434M->239M(512M) 0,113ms
[2020-11-04T21:42:22.321+0300][56,251s][info][gc] Trigger: Average GC time (90,47 ms) is above the time for allocation rate (1437 MB/s) to deplete free headroom (128M)
[2020-11-04T21:42:22.322+0300][56,252s][info][gc] GC(401) Concurrent reset 0,687ms
[2020-11-04T21:42:22.322+0300][56,252s][info][gc] GC(401) Pause Init Mark (unload classes) 0,328ms
[2020-11-04T21:42:22.379+0300][56,309s][info][gc] GC(401) Concurrent marking (unload classes) 56,610ms
[2020-11-04T21:42:22.380+0300][56,310s][info][gc] GC(401) Pause Final Mark (unload classes) 0,615ms
[2020-11-04T21:42:22.380+0300][56,310s][info][gc] GC(401) Concurrent weak roots 0,404ms
[2020-11-04T21:42:22.381+0300][56,310s][info][gc] GC(401) Concurrent cleanup 353M->353M(512M) 0,035ms
[2020-11-04T21:42:22.381+0300][56,311s][info][gc] GC(401) Concurrent class unloading 0,800ms
[2020-11-04T21:42:22.382+0300][56,311s][info][gc] GC(401) Concurrent strong roots 0,131ms
[2020-11-04T21:42:22.386+0300][56,316s][info][gc] GC(401) Concurrent evacuation 4,575ms
[2020-11-04T21:42:22.386+0300][56,316s][info][gc] GC(401) Pause Init Update Refs 0,010ms
[2020-11-04T21:42:22.419+0300][56,349s][info][gc] GC(401) Concurrent update references 32,284ms
[2020-11-04T21:42:22.420+0300][56,349s][info][gc] GC(401) Pause Final Update Refs 0,394ms
[2020-11-04T21:42:22.420+0300][56,350s][info][gc] GC(401) Concurrent cleanup 436M->246M(512M) 0,110ms
[2020-11-04T21:42:22.453+0300][56,382s][info][gc] Trigger: Average GC time (92,91 ms) is above the time for allocation rate (1405 MB/s) to deplete free headroom (127M)
[2020-11-04T21:42:22.453+0300][56,383s][info][gc] GC(402) Concurrent reset 0,650ms
[2020-11-04T21:42:22.454+0300][56,384s][info][gc] GC(402) Pause Init Mark (unload classes) 0,262ms
[2020-11-04T21:42:22.513+0300][56,443s][info][gc] GC(402) Concurrent marking (unload classes) 58,772ms
[2020-11-04T21:42:22.514+0300][56,443s][info][gc] GC(402) Pause Final Mark (unload classes) 0,635ms
[2020-11-04T21:42:22.514+0300][56,444s][info][gc] GC(402) Concurrent weak roots 0,483ms
[2020-11-04T21:42:22.514+0300][56,444s][info][gc] GC(402) Concurrent cleanup 354M->354M(512M) 0,035ms
[2020-11-04T21:42:22.515+0300][56,445s][info][gc] GC(402) Concurrent class unloading 0,826ms
[2020-11-04T21:42:22.515+0300][56,445s][info][gc] GC(402) Concurrent strong roots 0,061ms
[2020-11-04T21:42:22.521+0300][56,451s][info][gc] GC(402) Concurrent evacuation 5,927ms
[2020-11-04T21:42:22.521+0300][56,451s][info][gc] GC(402) Pause Init Update Refs 0,026ms
[2020-11-04T21:42:22.556+0300][56,486s][info][gc] GC(402) Concurrent update references 34,549ms
[2020-11-04T21:42:22.557+0300][56,486s][info][gc] GC(402) Pause Final Update Refs 0,283ms
[2020-11-04T21:42:22.557+0300][56,487s][info][gc] GC(402) Concurrent cleanup 441M->256M(512M) 0,102ms
[2020-11-04T21:42:22.585+0300][56,515s][info][gc] Trigger: Average GC time (95,97 ms) is above the time for allocation rate (1345 MB/s) to deplete free headroom (128M)
[2020-11-04T21:42:22.586+0300][56,516s][info][gc] GC(403) Concurrent reset 0,620ms
[2020-11-04T21:42:22.587+0300][56,517s][info][gc] GC(403) Pause Init Mark (unload classes) 0,304ms
[2020-11-04T21:42:22.676+0300][56,606s][info][gc] GC(403) Concurrent marking (unload classes) 89,376ms
[2020-11-04T21:42:22.677+0300][56,607s][info][gc] GC(403) Pause Final Mark (unload classes) 0,756ms
[2020-11-04T21:42:22.678+0300][56,608s][info][gc] GC(403) Concurrent weak roots 0,440ms
[2020-11-04T21:42:22.678+0300][56,608s][info][gc] GC(403) Concurrent cleanup 353M->353M(512M) 0,036ms
[2020-11-04T21:42:22.679+0300][56,609s][info][gc] GC(403) Concurrent class unloading 0,880ms
[2020-11-04T21:42:22.679+0300][56,609s][info][gc] GC(403) Concurrent strong roots 0,124ms
[2020-11-04T21:42:22.683+0300][56,613s][info][gc] GC(403) Concurrent evacuation 4,501ms
[2020-11-04T21:42:22.684+0300][56,614s][info][gc] GC(403) Pause Init Update Refs 0,015ms
[2020-11-04T21:42:22.719+0300][56,648s][info][gc] GC(403) Concurrent update references 34,750ms
[2020-11-04T21:42:22.719+0300][56,649s][info][gc] GC(403) Pause Final Update Refs 0,240ms
[2020-11-04T21:42:22.719+0300][56,649s][info][gc] GC(403) Concurrent cleanup 439M->260M(512M) 0,126ms
[2020-11-04T21:42:22.751+0300][56,681s][info][gc] Trigger: Average GC time (105,09 ms) is above the time for allocation rate (1122 MB/s) to deplete free headroom (115M)
[2020-11-04T21:42:22.752+0300][56,682s][info][gc] GC(404) Concurrent reset 0,677ms
[2020-11-04T21:42:22.752+0300][56,682s][info][gc] GC(404) Pause Init Mark (unload classes) 0,217ms
[2020-11-04T21:42:22.815+0300][56,745s][info][gc] GC(404) Concurrent marking (unload classes) 62,165ms
[2020-11-04T21:42:22.815+0300][56,745s][info][gc] GC(404) Pause Final Mark (unload classes) 0,504ms
[2020-11-04T21:42:22.816+0300][56,746s][info][gc] GC(404) Concurrent weak roots 0,361ms
[2020-11-04T21:42:22.816+0300][56,746s][info][gc] GC(404) Concurrent cleanup 364M->364M(512M) 0,033ms
[2020-11-04T21:42:22.817+0300][56,747s][info][gc] GC(404) Concurrent class unloading 0,867ms
[2020-11-04T21:42:22.817+0300][56,747s][info][gc] GC(404) Concurrent strong roots 0,060ms
[2020-11-04T21:42:22.822+0300][56,752s][info][gc] GC(404) Concurrent evacuation 4,937ms
[2020-11-04T21:42:22.822+0300][56,752s][info][gc] GC(404) Pause Init Update Refs 0,012ms
[2020-11-04T21:42:22.859+0300][56,789s][info][gc] GC(404) Concurrent update references 36,688ms
[2020-11-04T21:42:22.859+0300][56,789s][info][gc] GC(404) Pause Final Update Refs 0,167ms
[2020-11-04T21:42:22.860+0300][56,789s][info][gc] GC(404) Concurrent cleanup 451M->265M(512M) 0,117ms
[2020-11-04T21:42:22.883+0300][56,813s][info][gc] Trigger: Average GC time (108,40 ms) is above the time for allocation rate (1237 MB/s) to deplete free headroom (133M)
[2020-11-04T21:42:22.884+0300][56,814s][info][gc] GC(405) Concurrent reset 0,651ms
[2020-11-04T21:42:22.884+0300][56,814s][info][gc] GC(405) Pause Init Mark (process weakrefs) (unload classes) 0,140ms
[2020-11-04T21:42:22.950+0300][56,880s][info][gc] GC(405) Concurrent marking (process weakrefs) (unload classes) 65,437ms
[2020-11-04T21:42:22.950+0300][56,880s][info][gc] GC(405) Concurrent precleaning 0,159ms
[2020-11-04T21:42:22.951+0300][56,880s][info][gc] GC(405) Pause Final Mark (process weakrefs) (unload classes) 0,394ms
[2020-11-04T21:42:22.951+0300][56,881s][info][gc] GC(405) Concurrent weak roots 0,414ms
[2020-11-04T21:42:22.951+0300][56,881s][info][gc] GC(405) Concurrent cleanup 347M->347M(512M) 0,033ms
[2020-11-04T21:42:22.952+0300][56,882s][info][gc] GC(405) Concurrent class unloading 0,836ms
[2020-11-04T21:42:22.952+0300][56,882s][info][gc] GC(405) Concurrent strong roots 0,118ms
[2020-11-04T21:42:22.956+0300][56,886s][info][gc] GC(405) Concurrent evacuation 4,051ms
[2020-11-04T21:42:22.957+0300][56,886s][info][gc] GC(405) Pause Init Update Refs 0,025ms
[2020-11-04T21:42:22.993+0300][56,923s][info][gc] GC(405) Concurrent update references 36,259ms
[2020-11-04T21:42:22.993+0300][56,923s][info][gc] GC(405) Pause Final Update Refs 0,226ms
[2020-11-04T21:42:22.994+0300][56,923s][info][gc] GC(405) Concurrent cleanup 435M->272M(512M) 0,094ms
[2020-11-04T21:42:23.030+0300][56,959s][info][gc] Trigger: Average GC time (111,12 ms) is above the time for allocation rate (1143 MB/s) to deplete free headroom (124M)
[2020-11-04T21:42:23.030+0300][56,960s][info][gc] GC(406) Concurrent reset 0,581ms
[2020-11-04T21:42:23.031+0300][56,961s][info][gc] GC(406) Pause Init Mark (unload classes) 0,137ms
[2020-11-04T21:42:23.057+0300][56,987s][info][gc] GC(406) Concurrent marking (unload classes) 25,882ms
[2020-11-04T21:42:23.058+0300][56,987s][info][gc] GC(406) Pause Final Mark (unload classes) 0,547ms
[2020-11-04T21:42:23.058+0300][56,988s][info][gc] GC(406) Concurrent weak roots 0,398ms
[2020-11-04T21:42:23.058+0300][56,988s][info][gc] GC(406) Concurrent cleanup 356M->352M(512M) 0,034ms
[2020-11-04T21:42:23.059+0300][56,989s][info][gc] GC(406) Concurrent class unloading 0,883ms
[2020-11-04T21:42:23.059+0300][56,989s][info][gc] GC(406) Concurrent strong roots 0,068ms
[2020-11-04T21:42:23.062+0300][56,992s][info][gc] GC(406) Concurrent evacuation 2,762ms
[2020-11-04T21:42:23.062+0300][56,992s][info][gc] GC(406) Pause Init Update Refs 0,024ms
[2020-11-04T21:42:23.077+0300][57,007s][info][gc] GC(406) Concurrent update references 14,606ms
[2020-11-04T21:42:23.077+0300][57,007s][info][gc] GC(406) Pause Final Update Refs 0,181ms
[2020-11-04T21:42:23.078+0300][57,007s][info][gc] GC(406) Concurrent cleanup 392M->130M(512M) 0,136ms
[2020-11-04T21:42:23.129+0300][57,058s][info][gc] Trigger: Average GC time (101,00 ms) is above the time for allocation rate (1933 MB/s) to deplete free headroom (195M)
[2020-11-04T21:42:23.129+0300][57,059s][info][gc] GC(407) Concurrent reset 0,627ms
[2020-11-04T21:42:23.129+0300][57,059s][info][gc] GC(407) Pause Init Mark (unload classes) 0,120ms
[2020-11-04T21:42:23.172+0300][57,102s][info][gc] GC(407) Concurrent marking (unload classes) 42,105ms
[2020-11-04T21:42:23.172+0300][57,102s][info][gc] GC(407) Pause Final Mark (unload classes) 0,470ms
[2020-11-04T21:42:23.173+0300][57,103s][info][gc] GC(407) Concurrent weak roots 0,411ms
[2020-11-04T21:42:23.173+0300][57,103s][info][gc] GC(407) Concurrent cleanup 293M->293M(512M) 0,040ms
[2020-11-04T21:42:23.174+0300][57,104s][info][gc] GC(407) Concurrent class unloading 0,829ms
[2020-11-04T21:42:23.174+0300][57,104s][info][gc] GC(407) Concurrent strong roots 0,103ms
[2020-11-04T21:42:23.179+0300][57,108s][info][gc] GC(407) Concurrent evacuation 4,635ms
[2020-11-04T21:42:23.179+0300][57,109s][info][gc] GC(407) Pause Init Update Refs 0,025ms
[2020-11-04T21:42:23.197+0300][57,127s][info][gc] GC(407) Concurrent update references 18,077ms
[2020-11-04T21:42:23.198+0300][57,127s][info][gc] GC(407) Pause Final Update Refs 0,168ms
[2020-11-04T21:42:23.198+0300][57,128s][info][gc] GC(407) Concurrent cleanup 345M->154M(512M) 0,125ms
[2020-11-04T21:42:23.252+0300][57,182s][info][gc] Trigger: Average GC time (94,01 ms) is above the time for allocation rate (1759 MB/s) to deplete free headroom (163M)
[2020-11-04T21:42:23.252+0300][57,182s][info][gc] GC(408) Concurrent reset 0,595ms
[2020-11-04T21:42:23.253+0300][57,183s][info][gc] GC(408) Pause Init Mark (unload classes) 0,129ms
[2020-11-04T21:42:23.294+0300][57,224s][info][gc] GC(408) Concurrent marking (unload classes) 41,166ms
[2020-11-04T21:42:23.295+0300][57,225s][info][gc] GC(408) Pause Final Mark (unload classes) 0,615ms
[2020-11-04T21:42:23.295+0300][57,225s][info][gc] GC(408) Concurrent weak roots 0,457ms
[2020-11-04T21:42:23.296+0300][57,225s][info][gc] GC(408) Concurrent cleanup 321M->321M(512M) 0,035ms
[2020-11-04T21:42:23.297+0300][57,226s][info][gc] GC(408) Concurrent class unloading 1,001ms
[2020-11-04T21:42:23.297+0300][57,227s][info][gc] GC(408) Concurrent strong roots 0,112ms
[2020-11-04T21:42:23.302+0300][57,232s][info][gc] GC(408) Concurrent evacuation 5,326ms
[2020-11-04T21:42:23.302+0300][57,232s][info][gc] GC(408) Pause Init Update Refs 0,019ms
[2020-11-04T21:42:23.322+0300][57,252s][info][gc] GC(408) Concurrent update references 19,586ms
[2020-11-04T21:42:23.323+0300][57,253s][info][gc] GC(408) Pause Final Update Refs 0,468ms
[2020-11-04T21:42:23.323+0300][57,253s][info][gc] GC(408) Concurrent cleanup 379M->162M(512M) 0,116ms
[2020-11-04T21:42:23.381+0300][57,311s][info][gc] Trigger: Average GC time (81,43 ms) is above the time for allocation rate (1783 MB/s) to deplete free headroom (143M)
[2020-11-04T21:42:23.382+0300][57,312s][info][gc] GC(409) Concurrent reset 0,634ms
[2020-11-04T21:42:23.382+0300][57,312s][info][gc] GC(409) Pause Init Mark (unload classes) 0,197ms
[2020-11-04T21:42:23.437+0300][57,367s][info][gc] GC(409) Concurrent marking (unload classes) 54,453ms
[2020-11-04T21:42:23.438+0300][57,368s][info][gc] GC(409) Pause Final Mark (unload classes) 0,582ms
[2020-11-04T21:42:23.438+0300][57,368s][info][gc] GC(409) Concurrent weak roots 0,444ms
[2020-11-04T21:42:23.438+0300][57,368s][info][gc] GC(409) Concurrent cleanup 341M->341M(512M) 0,051ms
[2020-11-04T21:42:23.439+0300][57,369s][info][gc] GC(409) Concurrent class unloading 0,818ms
[2020-11-04T21:42:23.439+0300][57,369s][info][gc] GC(409) Concurrent strong roots 0,112ms
[2020-11-04T21:42:23.447+0300][57,377s][info][gc] GC(409) Concurrent evacuation 7,365ms
[2020-11-04T21:42:23.447+0300][57,377s][info][gc] GC(409) Pause Init Update Refs 0,013ms
[2020-11-04T21:42:23.468+0300][57,398s][info][gc] GC(409) Concurrent update references 21,180ms
[2020-11-04T21:42:23.469+0300][57,399s][info][gc] GC(409) Pause Final Update Refs 0,346ms
[2020-11-04T21:42:23.469+0300][57,399s][info][gc] GC(409) Concurrent cleanup 407M->176M(512M) 0,149ms
[2020-11-04T21:42:23.528+0300][57,458s][info][gc] Trigger: Average GC time (77,30 ms) is above the time for allocation rate (1641 MB/s) to deplete free headroom (126M)
[2020-11-04T21:42:23.529+0300][57,459s][info][gc] GC(410) Concurrent reset 0,577ms
[2020-11-04T21:42:23.529+0300][57,459s][info][gc] GC(410) Pause Init Mark (process weakrefs) (unload classes) 0,117ms
[2020-11-04T21:42:23.587+0300][57,517s][info][gc] GC(410) Concurrent marking (process weakrefs) (unload classes) 57,991ms
[2020-11-04T21:42:23.587+0300][57,517s][info][gc] GC(410) Concurrent precleaning 0,161ms
[2020-11-04T21:42:23.588+0300][57,518s][info][gc] GC(410) Pause Final Mark (process weakrefs) (unload classes) 0,396ms
[2020-11-04T21:42:23.588+0300][57,518s][info][gc] GC(410) Concurrent weak roots 0,318ms
[2020-11-04T21:42:23.588+0300][57,518s][info][gc] GC(410) Concurrent cleanup 356M->356M(512M) 0,044ms
[2020-11-04T21:42:23.589+0300][57,519s][info][gc] GC(410) Concurrent class unloading 0,704ms
[2020-11-04T21:42:23.589+0300][57,519s][info][gc] GC(410) Concurrent strong roots 0,142ms
[2020-11-04T21:42:23.595+0300][57,525s][info][gc] GC(410) Concurrent evacuation 5,721ms
[2020-11-04T21:42:23.595+0300][57,525s][info][gc] GC(410) Pause Init Update Refs 0,014ms
[2020-11-04T21:42:23.618+0300][57,548s][info][gc] GC(410) Concurrent update references 22,533ms
[2020-11-04T21:42:23.618+0300][57,548s][info][gc] GC(410) Pause Final Update Refs 0,184ms
[2020-11-04T21:42:23.619+0300][57,548s][info][gc] GC(410) Concurrent cleanup 418M->177M(512M) 0,137ms
[2020-11-04T21:42:23.682+0300][57,612s][info][gc] Trigger: Average GC time (73,23 ms) is above the time for allocation rate (1598 MB/s) to deplete free headroom (114M)
[2020-11-04T21:42:23.683+0300][57,613s][info][gc] GC(411) Concurrent reset 0,601ms
[2020-11-04T21:42:23.683+0300][57,613s][info][gc] GC(411) Pause Init Mark (unload classes) 0,100ms
[2020-11-04T21:42:23.724+0300][57,654s][info][gc] GC(411) Concurrent marking (unload classes) 41,006ms
[2020-11-04T21:42:23.725+0300][57,655s][info][gc] GC(411) Pause Final Mark (unload classes) 0,450ms
[2020-11-04T21:42:23.725+0300][57,655s][info][gc] GC(411) Concurrent weak roots 0,432ms
[2020-11-04T21:42:23.726+0300][57,655s][info][gc] GC(411) Concurrent cleanup 367M->367M(512M) 0,038ms
[2020-11-04T21:42:23.726+0300][57,656s][info][gc] GC(411) Concurrent class unloading 0,786ms
[2020-11-04T21:42:23.726+0300][57,656s][info][gc] GC(411) Concurrent strong roots 0,121ms
[2020-11-04T21:42:23.733+0300][57,662s][info][gc] GC(411) Concurrent evacuation 6,094ms
[2020-11-04T21:42:23.733+0300][57,663s][info][gc] GC(411) Pause Init Update Refs 0,015ms
[2020-11-04T21:42:23.757+0300][57,687s][info][gc] GC(411) Concurrent update references 24,053ms
[2020-11-04T21:42:23.757+0300][57,687s][info][gc] GC(411) Pause Final Update Refs 0,173ms
[2020-11-04T21:42:23.758+0300][57,687s][info][gc] GC(411) Concurrent cleanup 437M->190M(512M) 0,121ms
[2020-11-04T21:42:23.808+0300][57,738s][info][gc] Trigger: Average GC time (78,71 ms) is above the time for allocation rate (1729 MB/s) to deplete free headroom (135M)
[2020-11-04T21:42:23.809+0300][57,739s][info][gc] GC(412) Concurrent reset 0,597ms
[2020-11-04T21:42:23.810+0300][57,739s][info][gc] GC(412) Pause Init Mark (unload classes) 0,158ms
[2020-11-04T21:42:23.856+0300][57,786s][info][gc] GC(412) Concurrent marking (unload classes) 46,276ms
[2020-11-04T21:42:23.856+0300][57,786s][info][gc] GC(412) Pause Final Mark (unload classes) 0,396ms
[2020-11-04T21:42:23.857+0300][57,787s][info][gc] GC(412) Concurrent weak roots 0,447ms
[2020-11-04T21:42:23.857+0300][57,787s][info][gc] GC(412) Concurrent cleanup 349M->349M(512M) 0,034ms
[2020-11-04T21:42:23.858+0300][57,788s][info][gc] GC(412) Concurrent class unloading 0,883ms
[2020-11-04T21:42:23.858+0300][57,788s][info][gc] GC(412) Concurrent strong roots 0,066ms
[2020-11-04T21:42:23.865+0300][57,795s][info][gc] GC(412) Concurrent evacuation 6,967ms
[2020-11-04T21:42:23.865+0300][57,795s][info][gc] GC(412) Pause Init Update Refs 0,014ms
[2020-11-04T21:42:23.890+0300][57,820s][info][gc] GC(412) Concurrent update references 25,045ms
[2020-11-04T21:42:23.891+0300][57,821s][info][gc] GC(412) Pause Final Update Refs 0,151ms
[2020-11-04T21:42:23.891+0300][57,821s][info][gc] GC(412) Concurrent cleanup 423M->204M(512M) 0,094ms
[2020-11-04T21:42:23.936+0300][57,866s][info][gc] Trigger: Average GC time (81,34 ms) is above the time for allocation rate (1660 MB/s) to deplete free headroom (134M)
[2020-11-04T21:42:23.937+0300][57,867s][info][gc] GC(413) Concurrent reset 0,687ms
[2020-11-04T21:42:23.937+0300][57,867s][info][gc] GC(413) Pause Init Mark (unload classes) 0,091ms
[2020-11-04T21:42:23.981+0300][57,911s][info][gc] GC(413) Concurrent marking (unload classes) 43,644ms
[2020-11-04T21:42:23.982+0300][57,912s][info][gc] GC(413) Pause Final Mark (unload classes) 0,828ms
[2020-11-04T21:42:23.983+0300][57,912s][info][gc] GC(413) Concurrent weak roots 0,411ms
[2020-11-04T21:42:23.983+0300][57,913s][info][gc] GC(413) Concurrent cleanup 349M->349M(512M) 0,032ms
[2020-11-04T21:42:23.984+0300][57,913s][info][gc] GC(413) Concurrent class unloading 0,855ms
[2020-11-04T21:42:23.984+0300][57,913s][info][gc] GC(413) Concurrent strong roots 0,084ms
[2020-11-04T21:42:23.989+0300][57,919s][info][gc] GC(413) Concurrent evacuation 5,710ms
[2020-11-04T21:42:23.990+0300][57,919s][info][gc] GC(413) Pause Init Update Refs 0,014ms
[2020-11-04T21:42:24.016+0300][57,946s][info][gc] GC(413) Concurrent update references 26,473ms
[2020-11-04T21:42:24.017+0300][57,947s][info][gc] GC(413) Pause Final Update Refs 0,346ms
[2020-11-04T21:42:24.017+0300][57,947s][info][gc] GC(413) Concurrent cleanup 419M->206M(512M) 0,128ms
[2020-11-04T21:42:24.067+0300][57,997s][info][gc] Trigger: Average GC time (83,22 ms) is above the time for allocation rate (1600 MB/s) to deplete free headroom (132M)
[2020-11-04T21:42:24.067+0300][57,997s][info][gc] GC(414) Concurrent reset 0,659ms
[2020-11-04T21:42:24.068+0300][57,998s][info][gc] GC(414) Pause Init Mark (unload classes) 0,331ms
[2020-11-04T21:42:24.114+0300][58,044s][info][gc] GC(414) Concurrent marking (unload classes) 46,116ms
[2020-11-04T21:42:24.115+0300][58,045s][info][gc] GC(414) Pause Final Mark (unload classes) 0,509ms
[2020-11-04T21:42:24.116+0300][58,045s][info][gc] GC(414) Concurrent weak roots 0,467ms
[2020-11-04T21:42:24.116+0300][58,045s][info][gc] GC(414) Concurrent cleanup 351M->351M(512M) 0,037ms
[2020-11-04T21:42:24.117+0300][58,046s][info][gc] GC(414) Concurrent class unloading 0,923ms
[2020-11-04T21:42:24.117+0300][58,047s][info][gc] GC(414) Concurrent strong roots 0,140ms
[2020-11-04T21:42:24.122+0300][58,052s][info][gc] GC(414) Concurrent evacuation 5,141ms
[2020-11-04T21:42:24.122+0300][58,052s][info][gc] GC(414) Pause Init Update Refs 0,022ms
[2020-11-04T21:42:24.150+0300][58,080s][info][gc] GC(414) Concurrent update references 27,576ms
[2020-11-04T21:42:24.150+0300][58,080s][info][gc] GC(414) Pause Final Update Refs 0,368ms
[2020-11-04T21:42:24.151+0300][58,080s][info][gc] GC(414) Concurrent cleanup 426M->218M(512M) 0,127ms
[2020-11-04T21:42:24.192+0300][58,122s][info][gc] Trigger: Average GC time (82,44 ms) is above the time for allocation rate (1619 MB/s) to deplete free headroom (132M)
[2020-11-04T21:42:24.193+0300][58,122s][info][gc] GC(415) Concurrent reset 0,651ms
[2020-11-04T21:42:24.193+0300][58,123s][info][gc] GC(415) Pause Init Mark (process weakrefs) (unload classes) 0,185ms
[2020-11-04T21:42:24.252+0300][58,182s][info][gc] GC(415) Concurrent marking (process weakrefs) (unload classes) 59,242ms
[2020-11-04T21:42:24.253+0300][58,182s][info][gc] GC(415) Concurrent precleaning 0,154ms
[2020-11-04T21:42:24.254+0300][58,183s][info][gc] GC(415) Pause Final Mark (process weakrefs) (unload classes) 0,799ms
[2020-11-04T21:42:24.254+0300][58,184s][info][gc] GC(415) Concurrent weak roots 0,462ms
[2020-11-04T21:42:24.254+0300][58,184s][info][gc] GC(415) Concurrent cleanup 350M->350M(512M) 0,036ms
[2020-11-04T21:42:24.255+0300][58,185s][info][gc] GC(415) Concurrent class unloading 1,010ms
[2020-11-04T21:42:24.255+0300][58,185s][info][gc] GC(415) Concurrent strong roots 0,137ms
[2020-11-04T21:42:24.261+0300][58,191s][info][gc] GC(415) Concurrent evacuation 6,079ms
[2020-11-04T21:42:24.262+0300][58,192s][info][gc] GC(415) Pause Init Update Refs 0,016ms
[2020-11-04T21:42:24.293+0300][58,223s][info][gc] GC(415) Concurrent update references 30,970ms
[2020-11-04T21:42:24.293+0300][58,223s][info][gc] GC(415) Pause Final Update Refs 0,155ms
[2020-11-04T21:42:24.293+0300][58,223s][info][gc] GC(415) Concurrent cleanup 421M->218M(512M) 0,141ms
[2020-11-04T21:42:24.340+0300][58,270s][info][gc] Trigger: Average GC time (84,68 ms) is above the time for allocation rate (1422 MB/s) to deplete free headroom (118M)
[2020-11-04T21:42:24.341+0300][58,271s][info][gc] GC(416) Concurrent reset 0,668ms
[2020-11-04T21:42:24.341+0300][58,271s][info][gc] GC(416) Pause Init Mark (unload classes) 0,114ms
[2020-11-04T21:42:24.407+0300][58,337s][info][gc] GC(416) Concurrent marking (unload classes) 65,695ms
[2020-11-04T21:42:24.407+0300][58,337s][info][gc] GC(416) Pause Final Mark (unload classes) 0,331ms
[2020-11-04T21:42:24.408+0300][58,338s][info][gc] GC(416) Concurrent weak roots 0,325ms
[2020-11-04T21:42:24.408+0300][58,338s][info][gc] GC(416) Concurrent cleanup 363M->363M(512M) 0,037ms
[2020-11-04T21:42:24.409+0300][58,339s][info][gc] GC(416) Concurrent class unloading 0,996ms
[2020-11-04T21:42:24.409+0300][58,339s][info][gc] GC(416) Concurrent strong roots 0,101ms
[2020-11-04T21:42:24.414+0300][58,344s][info][gc] GC(416) Concurrent evacuation 5,119ms
[2020-11-04T21:42:24.414+0300][58,344s][info][gc] GC(416) Pause Init Update Refs 0,032ms
[2020-11-04T21:42:24.445+0300][58,375s][info][gc] GC(416) Concurrent update references 30,800ms
[2020-11-04T21:42:24.446+0300][58,376s][info][gc] GC(416) Pause Final Update Refs 0,174ms
[2020-11-04T21:42:24.446+0300][58,376s][info][gc] GC(416) Concurrent cleanup 442M->231M(512M) 0,135ms
[2020-11-04T21:42:24.487+0300][58,417s][info][gc] Trigger: Average GC time (90,77 ms) is above the time for allocation rate (1359 MB/s) to deplete free headroom (122M)
[2020-11-04T21:42:24.488+0300][58,418s][info][gc] GC(417) Concurrent reset 0,680ms
[2020-11-04T21:42:24.488+0300][58,418s][info][gc] GC(417) Pause Init Mark (unload classes) 0,166ms
[2020-11-04T21:42:24.542+0300][58,472s][info][gc] GC(417) Concurrent marking (unload classes) 53,506ms
[2020-11-04T21:42:24.543+0300][58,473s][info][gc] GC(417) Pause Final Mark (unload classes) 0,428ms
[2020-11-04T21:42:24.543+0300][58,473s][info][gc] GC(417) Concurrent weak roots 0,364ms
[2020-11-04T21:42:24.543+0300][58,473s][info][gc] GC(417) Concurrent cleanup 359M->359M(512M) 0,026ms
[2020-11-04T21:42:24.544+0300][58,474s][info][gc] GC(417) Concurrent class unloading 0,882ms
[2020-11-04T21:42:24.544+0300][58,474s][info][gc] GC(417) Concurrent strong roots 0,045ms
[2020-11-04T21:42:24.549+0300][58,479s][info][gc] GC(417) Concurrent evacuation 4,898ms
[2020-11-04T21:42:24.549+0300][58,479s][info][gc] GC(417) Pause Init Update Refs 0,017ms
[2020-11-04T21:42:24.580+0300][58,510s][info][gc] GC(417) Concurrent update references 31,014ms
[2020-11-04T21:42:24.581+0300][58,511s][info][gc] GC(417) Pause Final Update Refs 0,172ms
[2020-11-04T21:42:24.581+0300][58,511s][info][gc] GC(417) Concurrent cleanup 439M->238M(512M) 0,121ms
[2020-11-04T21:42:24.615+0300][58,545s][info][gc] Trigger: Average GC time (93,04 ms) is above the time for allocation rate (1448 MB/s) to deplete free headroom (132M)
[2020-11-04T21:42:24.616+0300][58,545s][info][gc] GC(418) Concurrent reset 0,605ms
[2020-11-04T21:42:24.616+0300][58,546s][info][gc] GC(418) Pause Init Mark (unload classes) 0,101ms
[2020-11-04T21:42:24.690+0300][58,620s][info][gc] GC(418) Concurrent marking (unload classes) 73,689ms
[2020-11-04T21:42:24.690+0300][58,620s][info][gc] GC(418) Pause Final Mark (unload classes) 0,310ms
[2020-11-04T21:42:24.691+0300][58,621s][info][gc] GC(418) Concurrent weak roots 0,374ms
[2020-11-04T21:42:24.691+0300][58,621s][info][gc] GC(418) Concurrent cleanup 349M->349M(512M) 0,036ms
[2020-11-04T21:42:24.692+0300][58,621s][info][gc] GC(418) Concurrent class unloading 0,914ms
[2020-11-04T21:42:24.692+0300][58,622s][info][gc] GC(418) Concurrent strong roots 0,135ms
[2020-11-04T21:42:24.696+0300][58,626s][info][gc] GC(418) Concurrent evacuation 4,445ms
[2020-11-04T21:42:24.697+0300][58,626s][info][gc] GC(418) Pause Init Update Refs 0,016ms
[2020-11-04T21:42:24.729+0300][58,658s][info][gc] GC(418) Concurrent update references 31,939ms
[2020-11-04T21:42:24.729+0300][58,659s][info][gc] GC(418) Pause Final Update Refs 0,169ms
[2020-11-04T21:42:24.729+0300][58,659s][info][gc] GC(418) Concurrent cleanup 429M->244M(512M) 0,100ms
[2020-11-04T21:42:24.764+0300][58,694s][info][gc] Trigger: Average GC time (99,79 ms) is above the time for allocation rate (1260 MB/s) to deplete free headroom (123M)
[2020-11-04T21:42:24.765+0300][58,695s][info][gc] GC(419) Concurrent reset 0,566ms
[2020-11-04T21:42:24.765+0300][58,695s][info][gc] GC(419) Pause Init Mark (unload classes) 0,085ms
[2020-11-04T21:42:24.824+0300][58,754s][info][gc] GC(419) Concurrent marking (unload classes) 58,725ms
[2020-11-04T21:42:24.824+0300][58,754s][info][gc] GC(419) Pause Final Mark (unload classes) 0,394ms
[2020-11-04T21:42:24.825+0300][58,755s][info][gc] GC(419) Concurrent weak roots 0,474ms
[2020-11-04T21:42:24.825+0300][58,755s][info][gc] GC(419) Concurrent cleanup 357M->357M(512M) 0,032ms
[2020-11-04T21:42:24.826+0300][58,756s][info][gc] GC(419) Concurrent class unloading 0,941ms
[2020-11-04T21:42:24.826+0300][58,756s][info][gc] GC(419) Concurrent strong roots 0,086ms
[2020-11-04T21:42:24.832+0300][58,762s][info][gc] GC(419) Concurrent evacuation 5,934ms
[2020-11-04T21:42:24.832+0300][58,762s][info][gc] GC(419) Pause Init Update Refs 0,016ms
[2020-11-04T21:42:24.872+0300][58,802s][info][gc] GC(419) Concurrent update references 39,261ms
[2020-11-04T21:42:24.872+0300][58,802s][info][gc] GC(419) Pause Final Update Refs 0,169ms
[2020-11-04T21:42:24.872+0300][58,802s][info][gc] GC(419) Concurrent cleanup 416M->228M(512M) 0,116ms
[2020-11-04T21:42:24.912+0300][58,842s][info][gc] Trigger: Average GC time (104,66 ms) is above the time for allocation rate (1213 MB/s) to deplete free headroom (125M)
[2020-11-04T21:42:24.913+0300][58,843s][info][gc] GC(420) Concurrent reset 0,604ms
[2020-11-04T21:42:24.914+0300][58,843s][info][gc] GC(420) Pause Init Mark (process weakrefs) (unload classes) 0,227ms
[2020-11-04T21:42:24.974+0300][58,904s][info][gc] GC(420) Concurrent marking (process weakrefs) (unload classes) 60,282ms
[2020-11-04T21:42:24.974+0300][58,904s][info][gc] GC(420) Concurrent precleaning 0,167ms
[2020-11-04T21:42:24.975+0300][58,905s][info][gc] GC(420) Pause Final Mark (process weakrefs) (unload classes) 0,762ms
[2020-11-04T21:42:24.975+0300][58,905s][info][gc] GC(420) Concurrent weak roots 0,425ms
[2020-11-04T21:42:24.976+0300][58,905s][info][gc] GC(420) Concurrent cleanup 355M->355M(512M) 0,032ms
[2020-11-04T21:42:24.976+0300][58,906s][info][gc] GC(420) Concurrent class unloading 0,875ms
[2020-11-04T21:42:24.977+0300][58,906s][info][gc] GC(420) Concurrent strong roots 0,123ms
[2020-11-04T21:42:24.981+0300][58,911s][info][gc] GC(420) Concurrent evacuation 4,807ms
[2020-11-04T21:42:24.982+0300][58,911s][info][gc] GC(420) Pause Init Update Refs 0,015ms
[2020-11-04T21:42:25.016+0300][58,946s][info][gc] GC(420) Concurrent update references 34,074ms
[2020-11-04T21:42:25.016+0300][58,946s][info][gc] GC(420) Pause Final Update Refs 0,309ms
[2020-11-04T21:42:25.016+0300][58,946s][info][gc] GC(420) Concurrent cleanup 438M->258M(512M) 0,115ms
[2020-11-04T21:42:25.047+0300][58,977s][info][gc] Trigger: Average GC time (105,17 ms) is above the time for allocation rate (1263 MB/s) to deplete free headroom (130M)
[2020-11-04T21:42:25.048+0300][58,978s][info][gc] GC(421) Concurrent reset 0,670ms
[2020-11-04T21:42:25.048+0300][58,978s][info][gc] GC(421) Pause Init Mark (unload classes) 0,225ms
[2020-11-04T21:42:25.109+0300][59,039s][info][gc] GC(421) Concurrent marking (unload classes) 60,579ms
[2020-11-04T21:42:25.110+0300][59,040s][info][gc] GC(421) Pause Final Mark (unload classes) 0,699ms
[2020-11-04T21:42:25.111+0300][59,040s][info][gc] GC(421) Concurrent weak roots 0,413ms
[2020-11-04T21:42:25.111+0300][59,040s][info][gc] GC(421) Concurrent cleanup 351M->351M(512M) 0,036ms
[2020-11-04T21:42:25.111+0300][59,041s][info][gc] GC(421) Concurrent class unloading 0,904ms
[2020-11-04T21:42:25.112+0300][59,041s][info][gc] GC(421) Concurrent strong roots 0,136ms
[2020-11-04T21:42:25.116+0300][59,046s][info][gc] GC(421) Concurrent evacuation 4,223ms
[2020-11-04T21:42:25.116+0300][59,046s][info][gc] GC(421) Pause Init Update Refs 0,013ms
[2020-11-04T21:42:25.152+0300][59,081s][info][gc] GC(421) Concurrent update references 35,303ms
[2020-11-04T21:42:25.152+0300][59,082s][info][gc] GC(421) Pause Final Update Refs 0,303ms
[2020-11-04T21:42:25.152+0300][59,082s][info][gc] GC(421) Concurrent cleanup 437M->267M(512M) 0,113ms
[2020-11-04T21:42:25.176+0300][59,105s][info][gc] Trigger: Average GC time (104,99 ms) is above the time for allocation rate (1279 MB/s) to deplete free headroom (131M)
[2020-11-04T21:42:25.176+0300][59,106s][info][gc] GC(422) Concurrent reset 0,579ms
[2020-11-04T21:42:25.177+0300][59,106s][info][gc] GC(422) Pause Init Mark (unload classes) 0,249ms
[2020-11-04T21:42:25.239+0300][59,169s][info][gc] GC(422) Concurrent marking (unload classes) 62,324ms
[2020-11-04T21:42:25.240+0300][59,169s][info][gc] GC(422) Pause Final Mark (unload classes) 0,370ms
[2020-11-04T21:42:25.240+0300][59,170s][info][gc] GC(422) Concurrent weak roots 0,357ms
[2020-11-04T21:42:25.240+0300][59,170s][info][gc] GC(422) Concurrent cleanup 349M->349M(512M) 0,031ms
[2020-11-04T21:42:25.241+0300][59,171s][info][gc] GC(422) Concurrent class unloading 0,838ms
[2020-11-04T21:42:25.241+0300][59,171s][info][gc] GC(422) Concurrent strong roots 0,121ms
[2020-11-04T21:42:25.245+0300][59,175s][info][gc] GC(422) Concurrent evacuation 4,158ms
[2020-11-04T21:42:25.246+0300][59,175s][info][gc] GC(422) Pause Init Update Refs 0,020ms
[2020-11-04T21:42:25.282+0300][59,211s][info][gc] GC(422) Concurrent update references 36,003ms
[2020-11-04T21:42:25.282+0300][59,212s][info][gc] GC(422) Pause Final Update Refs 0,274ms
[2020-11-04T21:42:25.282+0300][59,212s][info][gc] GC(422) Concurrent cleanup 436M->272M(512M) 0,111ms
[2020-11-04T21:42:25.304+0300][59,233s][info][gc] Trigger: Average GC time (107,59 ms) is above the time for allocation rate (1243 MB/s) to deplete free headroom (132M)
[2020-11-04T21:42:25.304+0300][59,234s][info][gc] GC(423) Concurrent reset 0,598ms
[2020-11-04T21:42:25.305+0300][59,234s][info][gc] GC(423) Pause Init Mark (unload classes) 0,275ms
[2020-11-04T21:42:25.368+0300][59,298s][info][gc] GC(423) Concurrent marking (unload classes) 63,370ms
[2020-11-04T21:42:25.369+0300][59,299s][info][gc] GC(423) Pause Final Mark (unload classes) 0,617ms
[2020-11-04T21:42:25.369+0300][59,299s][info][gc] GC(423) Concurrent weak roots 0,410ms
[2020-11-04T21:42:25.369+0300][59,299s][info][gc] GC(423) Concurrent cleanup 349M->350M(512M) 0,037ms
[2020-11-04T21:42:25.370+0300][59,300s][info][gc] GC(423) Concurrent class unloading 0,758ms
[2020-11-04T21:42:25.370+0300][59,300s][info][gc] GC(423) Concurrent strong roots 0,130ms
[2020-11-04T21:42:25.374+0300][59,304s][info][gc] GC(423) Concurrent evacuation 3,920ms
[2020-11-04T21:42:25.375+0300][59,304s][info][gc] GC(423) Pause Init Update Refs 0,012ms
[2020-11-04T21:42:25.412+0300][59,342s][info][gc] GC(423) Concurrent update references 37,815ms
[2020-11-04T21:42:25.413+0300][59,343s][info][gc] GC(423) Pause Final Update Refs 0,244ms
[2020-11-04T21:42:25.413+0300][59,343s][info][gc] GC(423) Concurrent cleanup 423M->264M(512M) 0,102ms
[2020-11-04T21:42:25.440+0300][59,369s][info][gc] Trigger: Average GC time (106,65 ms) is above the time for allocation rate (1180 MB/s) to deplete free headroom (125M)
[2020-11-04T21:42:25.440+0300][59,370s][info][gc] GC(424) Concurrent reset 0,577ms
[2020-11-04T21:42:25.441+0300][59,370s][info][gc] GC(424) Pause Init Mark (unload classes) 0,213ms
[2020-11-04T21:42:25.493+0300][59,423s][info][gc] GC(424) Concurrent marking (unload classes) 52,749ms
[2020-11-04T21:42:25.494+0300][59,424s][info][gc] GC(424) Pause Final Mark (unload classes) 0,627ms
[2020-11-04T21:42:25.495+0300][59,424s][info][gc] GC(424) Concurrent weak roots 0,346ms
[2020-11-04T21:42:25.495+0300][59,425s][info][gc] GC(424) Concurrent cleanup 355M->351M(512M) 0,042ms
[2020-11-04T21:42:25.496+0300][59,426s][info][gc] GC(424) Concurrent class unloading 0,996ms
[2020-11-04T21:42:25.496+0300][59,426s][info][gc] GC(424) Concurrent strong roots 0,073ms
[2020-11-04T21:42:25.502+0300][59,432s][info][gc] GC(424) Concurrent evacuation 6,195ms
[2020-11-04T21:42:25.502+0300][59,432s][info][gc] GC(424) Pause Init Update Refs 0,011ms
[2020-11-04T21:42:25.527+0300][59,457s][info][gc] GC(424) Concurrent update references 25,155ms
[2020-11-04T21:42:25.528+0300][59,458s][info][gc] GC(424) Pause Final Update Refs 0,099ms
[2020-11-04T21:42:25.528+0300][59,458s][info][gc] GC(424) Concurrent cleanup 410M->152M(512M) 0,121ms
[2020-11-04T21:42:25.600+0300][59,530s][info][gc] Trigger: Average GC time (102,68 ms) is above the time for allocation rate (1452 MB/s) to deplete free headroom (148M)
[2020-11-04T21:42:25.601+0300][59,530s][info][gc] GC(425) Concurrent reset 0,559ms
[2020-11-04T21:42:25.601+0300][59,531s][info][gc] GC(425) Pause Init Mark (process weakrefs) (unload classes) 0,070ms
[2020-11-04T21:42:25.652+0300][59,582s][info][gc] GC(425) Concurrent marking (process weakrefs) (unload classes) 51,330ms
[2020-11-04T21:42:25.652+0300][59,582s][info][gc] GC(425) Concurrent precleaning 0,127ms
[2020-11-04T21:42:25.653+0300][59,583s][info][gc] GC(425) Pause Final Mark (process weakrefs) (unload classes) 0,295ms
[2020-11-04T21:42:25.653+0300][59,583s][info][gc] GC(425) Concurrent weak roots 0,298ms
[2020-11-04T21:42:25.653+0300][59,583s][info][gc] GC(425) Concurrent cleanup 334M->334M(512M) 0,024ms
[2020-11-04T21:42:25.654+0300][59,584s][info][gc] GC(425) Concurrent class unloading 0,852ms
[2020-11-04T21:42:25.654+0300][59,584s][info][gc] GC(425) Concurrent strong roots 0,042ms
[2020-11-04T21:42:25.662+0300][59,592s][info][gc] GC(425) Concurrent evacuation 8,147ms
[2020-11-04T21:42:25.662+0300][59,592s][info][gc] GC(425) Pause Init Update Refs 0,011ms
[2020-11-04T21:42:25.686+0300][59,616s][info][gc] GC(425) Concurrent update references 23,538ms
[2020-11-04T21:42:25.686+0300][59,616s][info][gc] GC(425) Pause Final Update Refs 0,121ms
[2020-11-04T21:42:25.686+0300][59,616s][info][gc] GC(425) Concurrent cleanup 379M->146M(512M) 0,083ms
[2020-11-04T21:42:25.759+0300][59,689s][info][gc] Trigger: Average GC time (99,17 ms) is above the time for allocation rate (1460 MB/s) to deplete free headroom (142M)
[2020-11-04T21:42:25.759+0300][59,689s][info][gc] GC(426) Concurrent reset 0,531ms
[2020-11-04T21:42:25.760+0300][59,689s][info][gc] GC(426) Pause Init Mark (unload classes) 0,085ms
[2020-11-04T21:42:25.821+0300][59,750s][info][gc] GC(426) Concurrent marking (unload classes) 60,923ms
[2020-11-04T21:42:25.821+0300][59,751s][info][gc] GC(426) Pause Final Mark (unload classes) 0,272ms
[2020-11-04T21:42:25.821+0300][59,751s][info][gc] GC(426) Concurrent weak roots 0,352ms
[2020-11-04T21:42:25.822+0300][59,751s][info][gc] GC(426) Concurrent cleanup 340M->340M(512M) 0,028ms
[2020-11-04T21:42:25.822+0300][59,752s][info][gc] GC(426) Concurrent class unloading 0,624ms
[2020-11-04T21:42:25.822+0300][59,752s][info][gc] GC(426) Concurrent strong roots 0,037ms
[2020-11-04T21:42:25.828+0300][59,758s][info][gc] GC(426) Concurrent evacuation 6,225ms
[2020-11-04T21:42:25.829+0300][59,758s][info][gc] GC(426) Pause Init Update Refs 0,012ms
[2020-11-04T21:42:25.853+0300][59,783s][info][gc] GC(426) Concurrent update references 24,706ms
[2020-11-04T21:42:25.854+0300][59,784s][info][gc] GC(426) Pause Final Update Refs 0,116ms
[2020-11-04T21:42:25.854+0300][59,784s][info][gc] GC(426) Concurrent cleanup 395M->164M(512M) 0,108ms
[2020-11-04T21:42:25.927+0300][59,856s][info][gc] Trigger: Average GC time (97,29 ms) is above the time for allocation rate (1397 MB/s) to deplete free headroom (133M)
[2020-11-04T21:42:25.927+0300][59,857s][info][gc] GC(427) Concurrent reset 0,496ms
[2020-11-04T21:42:25.927+0300][59,857s][info][gc] GC(427) Pause Init Mark (unload classes) 0,071ms
[2020-11-04T21:42:25.981+0300][59,911s][info][gc] GC(427) Concurrent marking (unload classes) 53,885ms
[2020-11-04T21:42:25.982+0300][59,912s][info][gc] GC(427) Pause Final Mark (unload classes) 0,287ms
[2020-11-04T21:42:25.982+0300][59,912s][info][gc] GC(427) Concurrent weak roots 0,316ms
[2020-11-04T21:42:25.982+0300][59,912s][info][gc] GC(427) Concurrent cleanup 348M->348M(512M) 0,029ms
[2020-11-04T21:42:25.983+0300][59,913s][info][gc] GC(427) Concurrent class unloading 0,769ms
[2020-11-04T21:42:25.983+0300][59,913s][info][gc] GC(427) Concurrent strong roots 0,039ms
[2020-11-04T21:42:25.989+0300][59,919s][info][gc] GC(427) Concurrent evacuation 6,350ms
[2020-11-04T21:42:25.990+0300][59,919s][info][gc] GC(427) Pause Init Update Refs 0,009ms
[2020-11-04T21:42:26.017+0300][59,947s][info][gc] GC(427) Concurrent update references 27,389ms
[2020-11-04T21:42:26.017+0300][59,947s][info][gc] GC(427) Pause Final Update Refs 0,086ms
[2020-11-04T21:42:26.017+0300][59,947s][info][gc] GC(427) Concurrent cleanup 410M->176M(512M) 0,123ms
[2020-11-04T21:42:26.077+0300][60,006s][info][gc] Trigger: Average GC time (94,10 ms) is above the time for allocation rate (1484 MB/s) to deplete free headroom (137M)
[2020-11-04T21:42:26.077+0300][60,007s][info][gc] GC(428) Concurrent reset 0,624ms
[2020-11-04T21:42:26.078+0300][60,007s][info][gc] GC(428) Pause Init Mark (unload classes) 0,098ms
[2020-11-04T21:42:26.122+0300][60,052s][info][gc] GC(428) Concurrent marking (unload classes) 44,225ms
[2020-11-04T21:42:26.123+0300][60,052s][info][gc] GC(428) Pause Final Mark (unload classes) 0,356ms
[2020-11-04T21:42:26.123+0300][60,053s][info][gc] GC(428) Concurrent weak roots 0,344ms
[2020-11-04T21:42:26.123+0300][60,053s][info][gc] GC(428) Concurrent cleanup 346M->346M(512M) 0,054ms
[2020-11-04T21:42:26.124+0300][60,054s][info][gc] GC(428) Concurrent class unloading 0,846ms
[2020-11-04T21:42:26.124+0300][60,054s][info][gc] GC(428) Concurrent strong roots 0,132ms
[2020-11-04T21:42:26.130+0300][60,059s][info][gc] GC(428) Concurrent evacuation 5,424ms
[2020-11-04T21:42:26.130+0300][60,060s][info][gc] GC(428) Pause Init Update Refs 0,021ms
[2020-11-04T21:42:26.153+0300][60,083s][info][gc] GC(428) Concurrent update references 23,432ms
[2020-11-04T21:42:26.154+0300][60,084s][info][gc] GC(428) Pause Final Update Refs 0,147ms
[2020-11-04T21:42:26.154+0300][60,084s][info][gc] GC(428) Concurrent cleanup 413M->190M(512M) 0,122ms
[2020-11-04T21:42:26.201+0300][60,131s][info][gc] Trigger: Average GC time (87,70 ms) is above the time for allocation rate (1674 MB/s) to deplete free headroom (146M)
[2020-11-04T21:42:26.201+0300][60,131s][info][gc] GC(429) Concurrent reset 0,559ms
[2020-11-04T21:42:26.202+0300][60,132s][info][gc] GC(429) Pause Init Mark (unload classes) 0,127ms
[2020-11-04T21:42:26.265+0300][60,195s][info][gc] GC(429) Concurrent marking (unload classes) 63,148ms
[2020-11-04T21:42:26.266+0300][60,196s][info][gc] GC(429) Pause Final Mark (unload classes) 0,557ms
[2020-11-04T21:42:26.266+0300][60,196s][info][gc] GC(429) Concurrent weak roots 0,406ms
[2020-11-04T21:42:26.266+0300][60,196s][info][gc] GC(429) Concurrent cleanup 338M->338M(512M) 0,034ms
[2020-11-04T21:42:26.268+0300][60,197s][info][gc] GC(429) Concurrent class unloading 1,099ms
[2020-11-04T21:42:26.268+0300][60,197s][info][gc] GC(429) Concurrent strong roots 0,115ms
[2020-11-04T21:42:26.273+0300][60,203s][info][gc] GC(429) Concurrent evacuation 5,684ms
[2020-11-04T21:42:26.274+0300][60,204s][info][gc] GC(429) Pause Init Update Refs 0,016ms
[2020-11-04T21:42:26.302+0300][60,232s][info][gc] GC(429) Concurrent update references 28,472ms
[2020-11-04T21:42:26.303+0300][60,233s][info][gc] GC(429) Pause Final Update Refs 0,163ms
[2020-11-04T21:42:26.304+0300][60,234s][info][gc] GC(429) Concurrent cleanup 390M->182M(512M) 0,112ms
[2020-11-04T21:42:26.362+0300][60,292s][info][gc] Trigger: Average GC time (90,70 ms) is above the time for allocation rate (1389 MB/s) to deplete free headroom (123M)
[2020-11-04T21:42:26.363+0300][60,293s][info][gc] GC(430) Concurrent reset 0,572ms
[2020-11-04T21:42:26.363+0300][60,293s][info][gc] GC(430) Pause Init Mark (process weakrefs) (unload classes) 0,116ms
[2020-11-04T21:42:26.408+0300][60,338s][info][gc] GC(430) Concurrent marking (process weakrefs) (unload classes) 44,715ms
[2020-11-04T21:42:26.408+0300][60,338s][info][gc] GC(430) Concurrent precleaning 0,177ms
[2020-11-04T21:42:26.409+0300][60,339s][info][gc] GC(430) Pause Final Mark (process weakrefs) (unload classes) 0,531ms
[2020-11-04T21:42:26.410+0300][60,340s][info][gc] GC(430) Concurrent weak roots 0,521ms
[2020-11-04T21:42:26.410+0300][60,340s][info][gc] GC(430) Concurrent cleanup 359M->359M(512M) 0,034ms
[2020-11-04T21:42:26.411+0300][60,341s][info][gc] GC(430) Concurrent class unloading 0,807ms
[2020-11-04T21:42:26.411+0300][60,341s][info][gc] GC(430) Concurrent strong roots 0,056ms
[2020-11-04T21:42:26.417+0300][60,347s][info][gc] GC(430) Concurrent evacuation 6,071ms
[2020-11-04T21:42:26.417+0300][60,347s][info][gc] GC(430) Pause Init Update Refs 0,021ms
[2020-11-04T21:42:26.445+0300][60,375s][info][gc] GC(430) Concurrent update references 27,453ms
[2020-11-04T21:42:26.445+0300][60,375s][info][gc] GC(430) Pause Final Update Refs 0,162ms
[2020-11-04T21:42:26.445+0300][60,375s][info][gc] GC(430) Concurrent cleanup 414M->189M(512M) 0,125ms
[2020-11-04T21:42:26.496+0300][60,426s][info][gc] Trigger: Average GC time (90,00 ms) is above the time for allocation rate (1528 MB/s) to deplete free headroom (136M)
[2020-11-04T21:42:26.497+0300][60,427s][info][gc] GC(431) Concurrent reset 0,606ms
[2020-11-04T21:42:26.497+0300][60,427s][info][gc] GC(431) Pause Init Mark (unload classes) 0,108ms
[2020-11-04T21:42:26.548+0300][60,478s][info][gc] GC(431) Concurrent marking (unload classes) 50,749ms
[2020-11-04T21:42:26.549+0300][60,479s][info][gc] GC(431) Pause Final Mark (unload classes) 0,418ms
[2020-11-04T21:42:26.549+0300][60,479s][info][gc] GC(431) Concurrent weak roots 0,386ms
[2020-11-04T21:42:26.549+0300][60,479s][info][gc] GC(431) Concurrent cleanup 346M->346M(512M) 0,045ms
[2020-11-04T21:42:26.550+0300][60,480s][info][gc] GC(431) Concurrent class unloading 0,757ms
[2020-11-04T21:42:26.550+0300][60,480s][info][gc] GC(431) Concurrent strong roots 0,072ms
[2020-11-04T21:42:26.557+0300][60,487s][info][gc] GC(431) Concurrent evacuation 6,444ms
[2020-11-04T21:42:26.557+0300][60,487s][info][gc] GC(431) Pause Init Update Refs 0,018ms
[2020-11-04T21:42:26.585+0300][60,515s][info][gc] GC(431) Concurrent update references 27,587ms
[2020-11-04T21:42:26.585+0300][60,515s][info][gc] GC(431) Pause Final Update Refs 0,140ms
[2020-11-04T21:42:26.585+0300][60,515s][info][gc] GC(431) Concurrent cleanup 413M->208M(512M) 0,096ms
[2020-11-04T21:42:26.631+0300][60,561s][info][gc] Trigger: Average GC time (88,69 ms) is above the time for allocation rate (1514 MB/s) to deplete free headroom (132M)
[2020-11-04T21:42:26.632+0300][60,561s][info][gc] GC(432) Concurrent reset 0,664ms
[2020-11-04T21:42:26.632+0300][60,562s][info][gc] GC(432) Pause Init Mark (unload classes) 0,231ms
[2020-11-04T21:42:26.679+0300][60,609s][info][gc] GC(432) Concurrent marking (unload classes) 47,083ms
[2020-11-04T21:42:26.680+0300][60,610s][info][gc] GC(432) Pause Final Mark (unload classes) 0,456ms
[2020-11-04T21:42:26.680+0300][60,610s][info][gc] GC(432) Concurrent weak roots 0,361ms
[2020-11-04T21:42:26.680+0300][60,610s][info][gc] GC(432) Concurrent cleanup 350M->350M(512M) 0,043ms
[2020-11-04T21:42:26.681+0300][60,611s][info][gc] GC(432) Concurrent class unloading 0,790ms
[2020-11-04T21:42:26.681+0300][60,611s][info][gc] GC(432) Concurrent strong roots 0,123ms
[2020-11-04T21:42:26.687+0300][60,617s][info][gc] GC(432) Concurrent evacuation 5,334ms
[2020-11-04T21:42:26.687+0300][60,617s][info][gc] GC(432) Pause Init Update Refs 0,017ms
[2020-11-04T21:42:26.716+0300][60,646s][info][gc] GC(432) Concurrent update references 28,529ms
[2020-11-04T21:42:26.716+0300][60,646s][info][gc] GC(432) Pause Final Update Refs 0,163ms
[2020-11-04T21:42:26.716+0300][60,646s][info][gc] GC(432) Concurrent cleanup 420M->216M(512M) 0,137ms
[2020-11-04T21:42:26.758+0300][60,688s][info][gc] Trigger: Average GC time (87,64 ms) is above the time for allocation rate (1540 MB/s) to deplete free headroom (134M)
[2020-11-04T21:42:26.758+0300][60,688s][info][gc] GC(433) Concurrent reset 0,564ms
[2020-11-04T21:42:26.759+0300][60,689s][info][gc] GC(433) Pause Init Mark (unload classes) 0,121ms
[2020-11-04T21:42:26.810+0300][60,740s][info][gc] GC(433) Concurrent marking (unload classes) 51,258ms
[2020-11-04T21:42:26.811+0300][60,741s][info][gc] GC(433) Pause Final Mark (unload classes) 0,509ms
[2020-11-04T21:42:26.811+0300][60,741s][info][gc] GC(433) Concurrent weak roots 0,383ms
[2020-11-04T21:42:26.811+0300][60,741s][info][gc] GC(433) Concurrent cleanup 347M->347M(512M) 0,040ms
[2020-11-04T21:42:26.812+0300][60,742s][info][gc] GC(433) Concurrent class unloading 0,932ms
[2020-11-04T21:42:26.813+0300][60,742s][info][gc] GC(433) Concurrent strong roots 0,155ms
[2020-11-04T21:42:26.818+0300][60,747s][info][gc] GC(433) Concurrent evacuation 5,028ms
[2020-11-04T21:42:26.818+0300][60,748s][info][gc] GC(433) Pause Init Update Refs 0,026ms
[2020-11-04T21:42:26.850+0300][60,780s][info][gc] GC(433) Concurrent update references 32,017ms
[2020-11-04T21:42:26.851+0300][60,780s][info][gc] GC(433) Pause Final Update Refs 0,155ms
[2020-11-04T21:42:26.851+0300][60,781s][info][gc] GC(433) Concurrent cleanup 408M->212M(512M) 0,094ms
[2020-11-04T21:42:26.897+0300][60,827s][info][gc] Trigger: Average GC time (90,74 ms) is above the time for allocation rate (1414 MB/s) to deplete free headroom (126M)
[2020-11-04T21:42:26.898+0300][60,828s][info][gc] GC(434) Concurrent reset 0,549ms
[2020-11-04T21:42:26.898+0300][60,828s][info][gc] GC(434) Pause Init Mark (unload classes) 0,129ms
[2020-11-04T21:42:26.953+0300][60,883s][info][gc] GC(434) Concurrent marking (unload classes) 54,484ms
[2020-11-04T21:42:26.954+0300][60,883s][info][gc] GC(434) Pause Final Mark (unload classes) 0,444ms
[2020-11-04T21:42:26.954+0300][60,884s][info][gc] GC(434) Concurrent weak roots 0,450ms
[2020-11-04T21:42:26.954+0300][60,884s][info][gc] GC(434) Concurrent cleanup 354M->354M(512M) 0,037ms
[2020-11-04T21:42:26.955+0300][60,885s][info][gc] GC(434) Concurrent class unloading 0,864ms
[2020-11-04T21:42:26.955+0300][60,885s][info][gc] GC(434) Concurrent strong roots 0,064ms
[2020-11-04T21:42:26.960+0300][60,890s][info][gc] GC(434) Concurrent evacuation 4,804ms
[2020-11-04T21:42:26.960+0300][60,890s][info][gc] GC(434) Pause Init Update Refs 0,014ms
[2020-11-04T21:42:26.991+0300][60,921s][info][gc] GC(434) Concurrent update references 30,499ms
[2020-11-04T21:42:26.991+0300][60,921s][info][gc] GC(434) Pause Final Update Refs 0,156ms
[2020-11-04T21:42:26.991+0300][60,921s][info][gc] GC(434) Concurrent cleanup 433M->235M(512M) 0,101ms
[2020-11-04T21:42:27.029+0300][60,958s][info][gc] Trigger: Average GC time (88,92 ms) is above the time for allocation rate (1464 MB/s) to deplete free headroom (126M)
[2020-11-04T21:42:27.029+0300][60,959s][info][gc] GC(435) Concurrent reset 0,571ms
[2020-11-04T21:42:27.030+0300][60,960s][info][gc] GC(435) Pause Init Mark (process weakrefs) (unload classes) 0,156ms
[2020-11-04T21:42:27.088+0300][61,017s][info][gc] GC(435) Concurrent marking (process weakrefs) (unload classes) 57,746ms
[2020-11-04T21:42:27.088+0300][61,018s][info][gc] GC(435) Concurrent precleaning 0,146ms
[2020-11-04T21:42:27.088+0300][61,018s][info][gc] GC(435) Pause Final Mark (process weakrefs) (unload classes) 0,444ms
[2020-11-04T21:42:27.089+0300][61,019s][info][gc] GC(435) Concurrent weak roots 0,419ms
[2020-11-04T21:42:27.089+0300][61,019s][info][gc] GC(435) Concurrent cleanup 354M->354M(512M) 0,035ms
[2020-11-04T21:42:27.090+0300][61,020s][info][gc] GC(435) Concurrent class unloading 1,007ms
[2020-11-04T21:42:27.090+0300][61,020s][info][gc] GC(435) Concurrent strong roots 0,062ms
[2020-11-04T21:42:27.095+0300][61,025s][info][gc] GC(435) Concurrent evacuation 5,281ms
[2020-11-04T21:42:27.096+0300][61,026s][info][gc] GC(435) Pause Init Update Refs 0,014ms
[2020-11-04T21:42:27.129+0300][61,059s][info][gc] GC(435) Concurrent update references 33,198ms
[2020-11-04T21:42:27.129+0300][61,059s][info][gc] GC(435) Pause Final Update Refs 0,150ms
[2020-11-04T21:42:27.130+0300][61,059s][info][gc] GC(435) Concurrent cleanup 431M->239M(512M) 0,103ms
[2020-11-04T21:42:27.167+0300][61,097s][info][gc] Trigger: Average GC time (92,53 ms) is above the time for allocation rate (1365 MB/s) to deplete free headroom (124M)
[2020-11-04T21:42:27.167+0300][61,097s][info][gc] GC(436) Concurrent reset 0,537ms
[2020-11-04T21:42:27.168+0300][61,098s][info][gc] GC(436) Pause Init Mark (unload classes) 0,130ms
[2020-11-04T21:42:27.229+0300][61,158s][info][gc] GC(436) Concurrent marking (unload classes) 60,668ms
[2020-11-04T21:42:27.229+0300][61,159s][info][gc] GC(436) Pause Final Mark (unload classes) 0,288ms
[2020-11-04T21:42:27.230+0300][61,159s][info][gc] GC(436) Concurrent weak roots 0,370ms
[2020-11-04T21:42:27.230+0300][61,159s][info][gc] GC(436) Concurrent cleanup 357M->357M(512M) 0,035ms
[2020-11-04T21:42:27.231+0300][61,160s][info][gc] GC(436) Concurrent class unloading 0,823ms
[2020-11-04T21:42:27.231+0300][61,160s][info][gc] GC(436) Concurrent strong roots 0,123ms
[2020-11-04T21:42:27.235+0300][61,165s][info][gc] GC(436) Concurrent evacuation 4,625ms
[2020-11-04T21:42:27.236+0300][61,165s][info][gc] GC(436) Pause Init Update Refs 0,013ms
[2020-11-04T21:42:27.269+0300][61,199s][info][gc] GC(436) Concurrent update references 32,971ms
[2020-11-04T21:42:27.269+0300][61,199s][info][gc] GC(436) Pause Final Update Refs 0,155ms
[2020-11-04T21:42:27.269+0300][61,199s][info][gc] GC(436) Concurrent cleanup 439M->251M(512M) 0,105ms
[2020-11-04T21:42:27.300+0300][61,230s][info][gc] Trigger: Average GC time (95,26 ms) is above the time for allocation rate (1344 MB/s) to deplete free headroom (127M)
[2020-11-04T21:42:27.301+0300][61,231s][info][gc] GC(437) Concurrent reset 0,608ms
[2020-11-04T21:42:27.301+0300][61,231s][info][gc] GC(437) Pause Init Mark (unload classes) 0,182ms
[2020-11-04T21:42:27.363+0300][61,293s][info][gc] GC(437) Concurrent marking (unload classes) 61,631ms
[2020-11-04T21:42:27.364+0300][61,294s][info][gc] GC(437) Pause Final Mark (unload classes) 0,457ms
[2020-11-04T21:42:27.364+0300][61,294s][info][gc] GC(437) Concurrent weak roots 0,440ms
[2020-11-04T21:42:27.364+0300][61,294s][info][gc] GC(437) Concurrent cleanup 353M->353M(512M) 0,027ms
[2020-11-04T21:42:27.365+0300][61,295s][info][gc] GC(437) Concurrent class unloading 0,660ms
[2020-11-04T21:42:27.365+0300][61,295s][info][gc] GC(437) Concurrent strong roots 0,079ms
[2020-11-04T21:42:27.370+0300][61,300s][info][gc] GC(437) Concurrent evacuation 4,422ms
[2020-11-04T21:42:27.370+0300][61,300s][info][gc] GC(437) Pause Init Update Refs 0,025ms
[2020-11-04T21:42:27.404+0300][61,334s][info][gc] GC(437) Concurrent update references 34,152ms
[2020-11-04T21:42:27.405+0300][61,335s][info][gc] GC(437) Pause Final Update Refs 0,138ms
[2020-11-04T21:42:27.405+0300][61,335s][info][gc] GC(437) Concurrent cleanup 436M->256M(512M) 0,072ms
[2020-11-04T21:42:27.434+0300][61,363s][info][gc] Trigger: Average GC time (99,08 ms) is above the time for allocation rate (1312 MB/s) to deplete free headroom (127M)
[2020-11-04T21:42:27.434+0300][61,364s][info][gc] GC(438) Concurrent reset 0,583ms
[2020-11-04T21:42:27.435+0300][61,364s][info][gc] GC(438) Pause Init Mark (unload classes) 0,157ms
[2020-11-04T21:42:27.522+0300][61,451s][info][gc] GC(438) Concurrent marking (unload classes) 86,923ms
[2020-11-04T21:42:27.522+0300][61,452s][info][gc] GC(438) Pause Final Mark (unload classes) 0,327ms
[2020-11-04T21:42:27.523+0300][61,452s][info][gc] GC(438) Concurrent weak roots 0,273ms
[2020-11-04T21:42:27.523+0300][61,452s][info][gc] GC(438) Concurrent cleanup 353M->353M(512M) 0,024ms
[2020-11-04T21:42:27.523+0300][61,453s][info][gc] GC(438) Concurrent class unloading 0,756ms
[2020-11-04T21:42:27.523+0300][61,453s][info][gc] GC(438) Concurrent strong roots 0,067ms
[2020-11-04T21:42:27.529+0300][61,458s][info][gc] GC(438) Concurrent evacuation 5,077ms
[2020-11-04T21:42:27.529+0300][61,459s][info][gc] GC(438) Pause Init Update Refs 0,017ms
[2020-11-04T21:42:27.565+0300][61,495s][info][gc] GC(438) Concurrent update references 35,896ms
[2020-11-04T21:42:27.565+0300][61,495s][info][gc] GC(438) Pause Final Update Refs 0,222ms
[2020-11-04T21:42:27.566+0300][61,495s][info][gc] GC(438) Concurrent cleanup 434M->259M(512M) 0,109ms
[2020-11-04T21:42:27.597+0300][61,527s][info][gc] Trigger: Average GC time (106,89 ms) is above the time for allocation rate (1102 MB/s) to deplete free headroom (116M)
[2020-11-04T21:42:27.598+0300][61,528s][info][gc] GC(439) Concurrent reset 0,545ms
[2020-11-04T21:42:27.598+0300][61,528s][info][gc] GC(439) Pause Init Mark (unload classes) 0,162ms
[2020-11-04T21:42:27.661+0300][61,591s][info][gc] GC(439) Concurrent marking (unload classes) 62,782ms
[2020-11-04T21:42:27.662+0300][61,592s][info][gc] GC(439) Pause Final Mark (unload classes) 0,633ms
[2020-11-04T21:42:27.663+0300][61,593s][info][gc] GC(439) Concurrent weak roots 0,415ms
[2020-11-04T21:42:27.663+0300][61,593s][info][gc] GC(439) Concurrent cleanup 362M->363M(512M) 0,037ms
[2020-11-04T21:42:27.664+0300][61,593s][info][gc] GC(439) Concurrent class unloading 0,832ms
[2020-11-04T21:42:27.664+0300][61,594s][info][gc] GC(439) Concurrent strong roots 0,067ms
[2020-11-04T21:42:27.670+0300][61,599s][info][gc] GC(439) Concurrent evacuation 5,927ms
[2020-11-04T21:42:27.670+0300][61,600s][info][gc] GC(439) Pause Init Update Refs 0,029ms
[2020-11-04T21:42:27.706+0300][61,636s][info][gc] GC(439) Concurrent update references 35,712ms
[2020-11-04T21:42:27.706+0300][61,636s][info][gc] GC(439) Pause Final Update Refs 0,292ms
[2020-11-04T21:42:27.707+0300][61,636s][info][gc] GC(439) Concurrent cleanup 448M->268M(512M) 0,108ms
[2020-11-04T21:42:27.730+0300][61,660s][info][gc] Trigger: Average GC time (109,88 ms) is above the time for allocation rate (1215 MB/s) to deplete free headroom (130M)
[2020-11-04T21:42:27.731+0300][61,661s][info][gc] GC(440) Concurrent reset 0,645ms
[2020-11-04T21:42:27.731+0300][61,661s][info][gc] GC(440) Pause Init Mark (process weakrefs) (unload classes) 0,246ms
[2020-11-04T21:42:27.825+0300][61,755s][info][gc] GC(440) Concurrent marking (process weakrefs) (unload classes) 94,124ms
[2020-11-04T21:42:27.826+0300][61,755s][info][gc] GC(440) Concurrent precleaning 0,157ms
[2020-11-04T21:42:27.827+0300][61,756s][info][gc] GC(440) Pause Final Mark (process weakrefs) (unload classes) 0,592ms
[2020-11-04T21:42:27.827+0300][61,757s][info][gc] GC(440) Concurrent weak roots 0,341ms
[2020-11-04T21:42:27.827+0300][61,757s][info][gc] GC(440) Concurrent cleanup 351M->352M(512M) 0,038ms
[2020-11-04T21:42:27.828+0300][61,758s][info][gc] GC(440) Concurrent class unloading 1,152ms
[2020-11-04T21:42:27.828+0300][61,758s][info][gc] GC(440) Concurrent strong roots 0,106ms
[2020-11-04T21:42:27.833+0300][61,763s][info][gc] GC(440) Concurrent evacuation 4,351ms
[2020-11-04T21:42:27.833+0300][61,763s][info][gc] GC(440) Pause Init Update Refs 0,022ms
[2020-11-04T21:42:27.888+0300][61,817s][info][gc] GC(440) Concurrent update references 54,339ms
[2020-11-04T21:42:27.888+0300][61,818s][info][gc] GC(440) Pause Final Update Refs 0,215ms
[2020-11-04T21:42:27.888+0300][61,818s][info][gc] GC(440) Concurrent cleanup 473M->311M(512M) 0,114ms
[2020-11-04T21:42:27.914+0300][61,844s][info][gc] Trigger: Average GC time (121,35 ms) is above the time for allocation rate (946 MB/s) to deplete free headroom (113M)
[2020-11-04T21:42:27.914+0300][61,844s][info][gc] GC(441) Concurrent reset 0,576ms
[2020-11-04T21:42:27.915+0300][61,845s][info][gc] GC(441) Pause Init Mark (unload classes) 0,166ms
[2020-11-04T21:42:27.944+0300][61,874s][info][gc] GC(441) Concurrent marking (unload classes) 29,442ms
[2020-11-04T21:42:27.945+0300][61,875s][info][gc] GC(441) Pause Final Mark (unload classes) 0,458ms
[2020-11-04T21:42:27.946+0300][61,876s][info][gc] GC(441) Concurrent weak roots 0,572ms
[2020-11-04T21:42:27.946+0300][61,876s][info][gc] GC(441) Concurrent cleanup 364M->360M(512M) 0,038ms
[2020-11-04T21:42:27.947+0300][61,877s][info][gc] GC(441) Concurrent class unloading 0,939ms
[2020-11-04T21:42:27.947+0300][61,877s][info][gc] GC(441) Concurrent strong roots 0,170ms
[2020-11-04T21:42:27.950+0300][61,880s][info][gc] GC(441) Concurrent evacuation 2,855ms
[2020-11-04T21:42:27.950+0300][61,880s][info][gc] GC(441) Pause Init Update Refs 0,017ms
[2020-11-04T21:42:27.966+0300][61,896s][info][gc] GC(441) Concurrent update references 15,915ms
[2020-11-04T21:42:27.967+0300][61,896s][info][gc] GC(441) Pause Final Update Refs 0,226ms
[2020-11-04T21:42:27.967+0300][61,897s][info][gc] GC(441) Concurrent cleanup 398M->131M(512M) 0,152ms
[2020-11-04T21:42:28.017+0300][61,946s][info][gc] Trigger: Average GC time (111,44 ms) is above the time for allocation rate (1782 MB/s) to deplete free headroom (198M)
[2020-11-04T21:42:28.017+0300][61,947s][info][gc] GC(442) Concurrent reset 0,609ms
[2020-11-04T21:42:28.018+0300][61,947s][info][gc] GC(442) Pause Init Mark (unload classes) 0,130ms
[2020-11-04T21:42:28.064+0300][61,993s][info][gc] GC(442) Concurrent marking (unload classes) 45,826ms
[2020-11-04T21:42:28.064+0300][61,994s][info][gc] GC(442) Pause Final Mark (unload classes) 0,468ms
[2020-11-04T21:42:28.065+0300][61,995s][info][gc] GC(442) Concurrent weak roots 0,490ms
[2020-11-04T21:42:28.065+0300][61,995s][info][gc] GC(442) Concurrent cleanup 291M->291M(512M) 0,037ms
[2020-11-04T21:42:28.066+0300][61,996s][info][gc] GC(442) Concurrent class unloading 0,788ms
[2020-11-04T21:42:28.066+0300][61,996s][info][gc] GC(442) Concurrent strong roots 0,091ms
[2020-11-04T21:42:28.072+0300][62,002s][info][gc] GC(442) Concurrent evacuation 5,864ms
[2020-11-04T21:42:28.072+0300][62,002s][info][gc] GC(442) Pause Init Update Refs 0,027ms
[2020-11-04T21:42:28.091+0300][62,020s][info][gc] GC(442) Concurrent update references 18,487ms
[2020-11-04T21:42:28.091+0300][62,021s][info][gc] GC(442) Pause Final Update Refs 0,150ms
[2020-11-04T21:42:28.091+0300][62,021s][info][gc] GC(442) Concurrent cleanup 348M->164M(512M) 0,159ms
[2020-11-04T21:42:28.137+0300][62,067s][info][gc] Trigger: Average GC time (105,48 ms) is above the time for allocation rate (1668 MB/s) to deplete free headroom (175M)
[2020-11-04T21:42:28.137+0300][62,067s][info][gc] GC(443) Concurrent reset 0,525ms
[2020-11-04T21:42:28.138+0300][62,068s][info][gc] GC(443) Pause Init Mark (unload classes) 0,096ms
[2020-11-04T21:42:28.183+0300][62,112s][info][gc] GC(443) Concurrent marking (unload classes) 44,660ms
[2020-11-04T21:42:28.183+0300][62,113s][info][gc] GC(443) Pause Final Mark (unload classes) 0,578ms
[2020-11-04T21:42:28.184+0300][62,114s][info][gc] GC(443) Concurrent weak roots 0,408ms
[2020-11-04T21:42:28.184+0300][62,114s][info][gc] GC(443) Concurrent cleanup 312M->312M(512M) 0,039ms
[2020-11-04T21:42:28.185+0300][62,115s][info][gc] GC(443) Concurrent class unloading 0,910ms
[2020-11-04T21:42:28.185+0300][62,115s][info][gc] GC(443) Concurrent strong roots 0,086ms
[2020-11-04T21:42:28.190+0300][62,120s][info][gc] GC(443) Concurrent evacuation 4,965ms
[2020-11-04T21:42:28.190+0300][62,120s][info][gc] GC(443) Pause Init Update Refs 0,021ms
[2020-11-04T21:42:28.211+0300][62,140s][info][gc] GC(443) Concurrent update references 20,215ms
[2020-11-04T21:42:28.211+0300][62,141s][info][gc] GC(443) Pause Final Update Refs 0,219ms
[2020-11-04T21:42:28.211+0300][62,141s][info][gc] GC(443) Concurrent cleanup 368M->168M(512M) 0,125ms
[2020-11-04T21:42:28.262+0300][62,192s][info][gc] Trigger: Average GC time (93,98 ms) is above the time for allocation rate (1690 MB/s) to deplete free headroom (158M)
[2020-11-04T21:42:28.263+0300][62,193s][info][gc] GC(444) Concurrent reset 0,502ms
[2020-11-04T21:42:28.263+0300][62,193s][info][gc] GC(444) Pause Init Mark (unload classes) 0,129ms
[2020-11-04T21:42:28.308+0300][62,238s][info][gc] GC(444) Concurrent marking (unload classes) 45,008ms
[2020-11-04T21:42:28.309+0300][62,239s][info][gc] GC(444) Pause Final Mark (unload classes) 0,461ms
[2020-11-04T21:42:28.310+0300][62,239s][info][gc] GC(444) Concurrent weak roots 0,381ms
[2020-11-04T21:42:28.310+0300][62,239s][info][gc] GC(444) Concurrent cleanup 327M->327M(512M) 0,041ms
[2020-11-04T21:42:28.310+0300][62,240s][info][gc] GC(444) Concurrent class unloading 0,689ms
[2020-11-04T21:42:28.310+0300][62,240s][info][gc] GC(444) Concurrent strong roots 0,058ms
[2020-11-04T21:42:28.316+0300][62,246s][info][gc] GC(444) Concurrent evacuation 5,215ms
[2020-11-04T21:42:28.316+0300][62,246s][info][gc] GC(444) Pause Init Update Refs 0,015ms
[2020-11-04T21:42:28.338+0300][62,268s][info][gc] GC(444) Concurrent update references 21,877ms
[2020-11-04T21:42:28.339+0300][62,268s][info][gc] GC(444) Pause Final Update Refs 0,147ms
[2020-11-04T21:42:28.339+0300][62,269s][info][gc] GC(444) Concurrent cleanup 388M->176M(512M) 0,133ms
[2020-11-04T21:42:28.391+0300][62,320s][info][gc] Trigger: Average GC time (87,45 ms) is above the time for allocation rate (1691 MB/s) to deplete free headroom (147M)
[2020-11-04T21:42:28.391+0300][62,321s][info][gc] GC(445) Concurrent reset 0,507ms
[2020-11-04T21:42:28.392+0300][62,321s][info][gc] GC(445) Pause Init Mark (process weakrefs) (unload classes) 0,097ms
[2020-11-04T21:42:28.430+0300][62,360s][info][gc] GC(445) Concurrent marking (process weakrefs) (unload classes) 38,253ms
[2020-11-04T21:42:28.430+0300][62,360s][info][gc] GC(445) Concurrent precleaning 0,177ms
[2020-11-04T21:42:28.431+0300][62,361s][info][gc] GC(445) Pause Final Mark (process weakrefs) (unload classes) 0,475ms
[2020-11-04T21:42:28.431+0300][62,361s][info][gc] GC(445) Concurrent weak roots 0,327ms
[2020-11-04T21:42:28.431+0300][62,361s][info][gc] GC(445) Concurrent cleanup 337M->337M(512M) 0,053ms
[2020-11-04T21:42:28.432+0300][62,362s][info][gc] GC(445) Concurrent class unloading 0,880ms
[2020-11-04T21:42:28.432+0300][62,362s][info][gc] GC(445) Concurrent strong roots 0,062ms
[2020-11-04T21:42:28.438+0300][62,368s][info][gc] GC(445) Concurrent evacuation 5,836ms
[2020-11-04T21:42:28.439+0300][62,368s][info][gc] GC(445) Pause Init Update Refs 0,021ms
[2020-11-04T21:42:28.469+0300][62,399s][info][gc] GC(445) Concurrent update references 30,126ms
[2020-11-04T21:42:28.469+0300][62,399s][info][gc] GC(445) Pause Final Update Refs 0,208ms
[2020-11-04T21:42:28.470+0300][62,399s][info][gc] GC(445) Concurrent cleanup 416M->199M(512M) 0,106ms
[2020-11-04T21:42:28.520+0300][62,450s][info][gc] Trigger: Average GC time (71,60 ms) is above the time for allocation rate (1780 MB/s) to deplete free headroom (126M)
[2020-11-04T21:42:28.521+0300][62,451s][info][gc] GC(446) Concurrent reset 0,577ms
[2020-11-04T21:42:28.521+0300][62,451s][info][gc] GC(446) Pause Init Mark (unload classes) 0,147ms
[2020-11-04T21:42:28.571+0300][62,501s][info][gc] GC(446) Concurrent marking (unload classes) 49,510ms
[2020-11-04T21:42:28.572+0300][62,502s][info][gc] GC(446) Pause Final Mark (unload classes) 0,519ms
[2020-11-04T21:42:28.572+0300][62,502s][info][gc] GC(446) Concurrent weak roots 0,357ms
[2020-11-04T21:42:28.572+0300][62,502s][info][gc] GC(446) Concurrent cleanup 355M->355M(512M) 0,048ms
[2020-11-04T21:42:28.573+0300][62,503s][info][gc] GC(446) Concurrent class unloading 0,801ms
[2020-11-04T21:42:28.573+0300][62,503s][info][gc] GC(446) Concurrent strong roots 0,057ms
[2020-11-04T21:42:28.580+0300][62,510s][info][gc] GC(446) Concurrent evacuation 6,502ms
[2020-11-04T21:42:28.580+0300][62,510s][info][gc] GC(446) Pause Init Update Refs 0,022ms
[2020-11-04T21:42:28.605+0300][62,534s][info][gc] GC(446) Concurrent update references 24,445ms
[2020-11-04T21:42:28.605+0300][62,535s][info][gc] GC(446) Pause Final Update Refs 0,265ms
[2020-11-04T21:42:28.605+0300][62,535s][info][gc] GC(446) Concurrent cleanup 419M->188M(512M) 0,138ms
[2020-11-04T21:42:28.662+0300][62,591s][info][gc] Trigger: Average GC time (77,98 ms) is above the time for allocation rate (1604 MB/s) to deplete free headroom (124M)
[2020-11-04T21:42:28.662+0300][62,592s][info][gc] GC(447) Concurrent reset 0,597ms
[2020-11-04T21:42:28.663+0300][62,592s][info][gc] GC(447) Pause Init Mark (unload classes) 0,305ms
[2020-11-04T21:42:28.707+0300][62,637s][info][gc] GC(447) Concurrent marking (unload classes) 44,046ms
[2020-11-04T21:42:28.708+0300][62,637s][info][gc] GC(447) Pause Final Mark (unload classes) 0,544ms
[2020-11-04T21:42:28.708+0300][62,638s][info][gc] GC(447) Concurrent weak roots 0,493ms
[2020-11-04T21:42:28.708+0300][62,638s][info][gc] GC(447) Concurrent cleanup 357M->357M(512M) 0,037ms
[2020-11-04T21:42:28.709+0300][62,639s][info][gc] GC(447) Concurrent class unloading 0,906ms
[2020-11-04T21:42:28.709+0300][62,639s][info][gc] GC(447) Concurrent strong roots 0,061ms
[2020-11-04T21:42:28.715+0300][62,645s][info][gc] GC(447) Concurrent evacuation 5,506ms
[2020-11-04T21:42:28.715+0300][62,645s][info][gc] GC(447) Pause Init Update Refs 0,013ms
[2020-11-04T21:42:28.747+0300][62,677s][info][gc] GC(447) Concurrent update references 31,513ms
[2020-11-04T21:42:28.747+0300][62,677s][info][gc] GC(447) Pause Final Update Refs 0,157ms
[2020-11-04T21:42:28.747+0300][62,677s][info][gc] GC(447) Concurrent cleanup 440M->213M(512M) 0,138ms
[2020-11-04T21:42:28.792+0300][62,722s][info][gc] Trigger: Average GC time (80,20 ms) is above the time for allocation rate (1646 MB/s) to deplete free headroom (130M)
[2020-11-04T21:42:28.793+0300][62,722s][info][gc] GC(448) Concurrent reset 0,622ms
[2020-11-04T21:42:28.793+0300][62,723s][info][gc] GC(448) Pause Init Mark (unload classes) 0,100ms
[2020-11-04T21:42:28.855+0300][62,784s][info][gc] GC(448) Concurrent marking (unload classes) 61,605ms
[2020-11-04T21:42:28.855+0300][62,785s][info][gc] GC(448) Pause Final Mark (unload classes) 0,407ms
[2020-11-04T21:42:28.856+0300][62,786s][info][gc] GC(448) Concurrent weak roots 0,493ms
[2020-11-04T21:42:28.856+0300][62,786s][info][gc] GC(448) Concurrent cleanup 352M->352M(512M) 0,043ms
[2020-11-04T21:42:28.857+0300][62,787s][info][gc] GC(448) Concurrent class unloading 1,083ms
[2020-11-04T21:42:28.857+0300][62,787s][info][gc] GC(448) Concurrent strong roots 0,129ms
[2020-11-04T21:42:28.864+0300][62,794s][info][gc] GC(448) Concurrent evacuation 6,909ms
[2020-11-04T21:42:28.864+0300][62,794s][info][gc] GC(448) Pause Init Update Refs 0,024ms
[2020-11-04T21:42:28.892+0300][62,822s][info][gc] GC(448) Concurrent update references 27,399ms
[2020-11-04T21:42:28.892+0300][62,822s][info][gc] GC(448) Pause Final Update Refs 0,145ms
[2020-11-04T21:42:28.893+0300][62,822s][info][gc] GC(448) Concurrent cleanup 426M->211M(512M) 0,112ms
[2020-11-04T21:42:28.940+0300][62,870s][info][gc] Trigger: Average GC time (85,43 ms) is above the time for allocation rate (1459 MB/s) to deplete free headroom (121M)
[2020-11-04T21:42:28.941+0300][62,871s][info][gc] GC(449) Concurrent reset 0,610ms
[2020-11-04T21:42:28.941+0300][62,871s][info][gc] GC(449) Pause Init Mark (unload classes) 0,134ms
[2020-11-04T21:42:28.995+0300][62,925s][info][gc] GC(449) Concurrent marking (unload classes) 53,473ms
[2020-11-04T21:42:28.996+0300][62,926s][info][gc] GC(449) Pause Final Mark (unload classes) 0,589ms
[2020-11-04T21:42:28.996+0300][62,926s][info][gc] GC(449) Concurrent weak roots 0,434ms
[2020-11-04T21:42:28.996+0300][62,926s][info][gc] GC(449) Concurrent cleanup 359M->359M(512M) 0,036ms
[2020-11-04T21:42:28.997+0300][62,927s][info][gc] GC(449) Concurrent class unloading 0,763ms
[2020-11-04T21:42:28.997+0300][62,927s][info][gc] GC(449) Concurrent strong roots 0,111ms
[2020-11-04T21:42:29.004+0300][62,934s][info][gc] GC(449) Concurrent evacuation 6,893ms
[2020-11-04T21:42:29.005+0300][62,934s][info][gc] GC(449) Pause Init Update Refs 0,021ms
[2020-11-04T21:42:29.036+0300][62,966s][info][gc] GC(449) Concurrent update references 31,560ms
[2020-11-04T21:42:29.037+0300][62,967s][info][gc] GC(449) Pause Final Update Refs 0,186ms
[2020-11-04T21:42:29.037+0300][62,967s][info][gc] GC(449) Concurrent cleanup 414M->197M(512M) 0,116ms
[2020-11-04T21:42:29.090+0300][63,020s][info][gc] Trigger: Average GC time (89,43 ms) is above the time for allocation rate (1401 MB/s) to deplete free headroom (122M)
[2020-11-04T21:42:29.091+0300][63,020s][info][gc] GC(450) Concurrent reset 0,589ms
[2020-11-04T21:42:29.091+0300][63,021s][info][gc] GC(450) Pause Init Mark (process weakrefs) (unload classes) 0,132ms
[2020-11-04T21:42:29.140+0300][63,070s][info][gc] GC(450) Concurrent marking (process weakrefs) (unload classes) 48,673ms
[2020-11-04T21:42:29.140+0300][63,070s][info][gc] GC(450) Concurrent precleaning 0,186ms
[2020-11-04T21:42:29.141+0300][63,070s][info][gc] GC(450) Pause Final Mark (process weakrefs) (unload classes) 0,420ms
[2020-11-04T21:42:29.141+0300][63,071s][info][gc] GC(450) Concurrent weak roots 0,376ms
[2020-11-04T21:42:29.141+0300][63,071s][info][gc] GC(450) Concurrent cleanup 358M->358M(512M) 0,040ms
[2020-11-04T21:42:29.142+0300][63,072s][info][gc] GC(450) Concurrent class unloading 0,817ms
[2020-11-04T21:42:29.142+0300][63,072s][info][gc] GC(450) Concurrent strong roots 0,089ms
[2020-11-04T21:42:29.147+0300][63,077s][info][gc] GC(450) Concurrent evacuation 5,218ms
[2020-11-04T21:42:29.148+0300][63,077s][info][gc] GC(450) Pause Init Update Refs 0,015ms
[2020-11-04T21:42:29.177+0300][63,107s][info][gc] GC(450) Concurrent update references 28,997ms
[2020-11-04T21:42:29.177+0300][63,107s][info][gc] GC(450) Pause Final Update Refs 0,126ms
[2020-11-04T21:42:29.177+0300][63,107s][info][gc] GC(450) Concurrent cleanup 436M->226M(512M) 0,141ms
[2020-11-04T21:42:29.218+0300][63,148s][info][gc] Trigger: Average GC time (91,14 ms) is above the time for allocation rate (1494 MB/s) to deplete free headroom (134M)
[2020-11-04T21:42:29.218+0300][63,148s][info][gc] GC(451) Concurrent reset 0,673ms
[2020-11-04T21:42:29.219+0300][63,149s][info][gc] GC(451) Pause Init Mark (unload classes) 0,134ms
[2020-11-04T21:42:29.271+0300][63,200s][info][gc] GC(451) Concurrent marking (unload classes) 51,793ms
[2020-11-04T21:42:29.271+0300][63,201s][info][gc] GC(451) Pause Final Mark (unload classes) 0,430ms
[2020-11-04T21:42:29.272+0300][63,202s][info][gc] GC(451) Concurrent weak roots 0,361ms
[2020-11-04T21:42:29.272+0300][63,202s][info][gc] GC(451) Concurrent cleanup 347M->347M(512M) 0,039ms
[2020-11-04T21:42:29.273+0300][63,203s][info][gc] GC(451) Concurrent class unloading 0,959ms
[2020-11-04T21:42:29.273+0300][63,203s][info][gc] GC(451) Concurrent strong roots 0,067ms
[2020-11-04T21:42:29.278+0300][63,208s][info][gc] GC(451) Concurrent evacuation 5,157ms
[2020-11-04T21:42:29.278+0300][63,208s][info][gc] GC(451) Pause Init Update Refs 0,017ms
[2020-11-04T21:42:29.309+0300][63,239s][info][gc] GC(451) Concurrent update references 30,180ms
[2020-11-04T21:42:29.309+0300][63,239s][info][gc] GC(451) Pause Final Update Refs 0,121ms
[2020-11-04T21:42:29.309+0300][63,239s][info][gc] GC(451) Concurrent cleanup 423M->231M(512M) 0,138ms
[2020-11-04T21:42:29.345+0300][63,275s][info][gc] Trigger: Average GC time (92,45 ms) is above the time for allocation rate (1469 MB/s) to deplete free headroom (132M)
[2020-11-04T21:42:29.346+0300][63,276s][info][gc] GC(452) Concurrent reset 0,591ms
[2020-11-04T21:42:29.347+0300][63,276s][info][gc] GC(452) Pause Init Mark (unload classes) 0,125ms
[2020-11-04T21:42:29.421+0300][63,351s][info][gc] GC(452) Concurrent marking (unload classes) 74,749ms
[2020-11-04T21:42:29.422+0300][63,352s][info][gc] GC(452) Pause Final Mark (unload classes) 0,389ms
[2020-11-04T21:42:29.423+0300][63,352s][info][gc] GC(452) Concurrent weak roots 0,504ms
[2020-11-04T21:42:29.423+0300][63,352s][info][gc] GC(452) Concurrent cleanup 349M->349M(512M) 0,034ms
[2020-11-04T21:42:29.424+0300][63,354s][info][gc] GC(452) Concurrent class unloading 1,126ms
[2020-11-04T21:42:29.424+0300][63,354s][info][gc] GC(452) Concurrent strong roots 0,077ms
[2020-11-04T21:42:29.430+0300][63,360s][info][gc] GC(452) Concurrent evacuation 6,065ms
[2020-11-04T21:42:29.430+0300][63,360s][info][gc] GC(452) Pause Init Update Refs 0,025ms
[2020-11-04T21:42:29.466+0300][63,396s][info][gc] GC(452) Concurrent update references 35,599ms
[2020-11-04T21:42:29.466+0300][63,396s][info][gc] GC(452) Pause Final Update Refs 0,164ms
[2020-11-04T21:42:29.467+0300][63,396s][info][gc] GC(452) Concurrent cleanup 417M->229M(512M) 0,135ms
[2020-11-04T21:42:29.509+0300][63,439s][info][gc] Trigger: Average GC time (99,51 ms) is above the time for allocation rate (1201 MB/s) to deplete free headroom (117M)
[2020-11-04T21:42:29.510+0300][63,440s][info][gc] GC(453) Concurrent reset 0,622ms
[2020-11-04T21:42:29.510+0300][63,440s][info][gc] GC(453) Pause Init Mark (unload classes) 0,100ms
[2020-11-04T21:42:29.573+0300][63,503s][info][gc] GC(453) Concurrent marking (unload classes) 62,733ms
[2020-11-04T21:42:29.574+0300][63,503s][info][gc] GC(453) Pause Final Mark (unload classes) 0,446ms
[2020-11-04T21:42:29.574+0300][63,504s][info][gc] GC(453) Concurrent weak roots 0,396ms
[2020-11-04T21:42:29.574+0300][63,504s][info][gc] GC(453) Concurrent cleanup 362M->362M(512M) 0,038ms
[2020-11-04T21:42:29.575+0300][63,505s][info][gc] GC(453) Concurrent class unloading 1,117ms
[2020-11-04T21:42:29.575+0300][63,505s][info][gc] GC(453) Concurrent strong roots 0,122ms
[2020-11-04T21:42:29.580+0300][63,510s][info][gc] GC(453) Concurrent evacuation 4,819ms
[2020-11-04T21:42:29.581+0300][63,510s][info][gc] GC(453) Pause Init Update Refs 0,021ms
[2020-11-04T21:42:29.618+0300][63,548s][info][gc] GC(453) Concurrent update references 37,165ms
[2020-11-04T21:42:29.618+0300][63,548s][info][gc] GC(453) Pause Final Update Refs 0,155ms
[2020-11-04T21:42:29.619+0300][63,548s][info][gc] GC(453) Concurrent cleanup 425M->228M(512M) 0,114ms
[2020-11-04T21:42:29.659+0300][63,589s][info][gc] Trigger: Average GC time (101,27 ms) is above the time for allocation rate (1231 MB/s) to deplete free headroom (124M)
[2020-11-04T21:42:29.660+0300][63,590s][info][gc] GC(454) Concurrent reset 0,729ms
[2020-11-04T21:42:29.660+0300][63,590s][info][gc] GC(454) Pause Init Mark (unload classes) 0,126ms
[2020-11-04T21:42:29.718+0300][63,648s][info][gc] GC(454) Concurrent marking (unload classes) 57,593ms
[2020-11-04T21:42:29.718+0300][63,648s][info][gc] GC(454) Pause Final Mark (unload classes) 0,407ms
[2020-11-04T21:42:29.719+0300][63,649s][info][gc] GC(454) Concurrent weak roots 0,399ms
[2020-11-04T21:42:29.719+0300][63,649s][info][gc] GC(454) Concurrent cleanup 356M->356M(512M) 0,025ms
[2020-11-04T21:42:29.720+0300][63,650s][info][gc] GC(454) Concurrent class unloading 0,904ms
[2020-11-04T21:42:29.720+0300][63,650s][info][gc] GC(454) Concurrent strong roots 0,147ms
[2020-11-04T21:42:29.726+0300][63,656s][info][gc] GC(454) Concurrent evacuation 5,914ms
[2020-11-04T21:42:29.726+0300][63,656s][info][gc] GC(454) Pause Init Update Refs 0,021ms
[2020-11-04T21:42:29.765+0300][63,695s][info][gc] GC(454) Concurrent update references 38,693ms
[2020-11-04T21:42:29.766+0300][63,696s][info][gc] GC(454) Pause Final Update Refs 0,205ms
[2020-11-04T21:42:29.766+0300][63,696s][info][gc] GC(454) Concurrent cleanup 424M->239M(512M) 0,122ms
[2020-11-04T21:42:29.801+0300][63,731s][info][gc] Trigger: Average GC time (103,34 ms) is above the time for allocation rate (1242 MB/s) to deplete free headroom (127M)
[2020-11-04T21:42:29.802+0300][63,731s][info][gc] GC(455) Concurrent reset 0,636ms
[2020-11-04T21:42:29.802+0300][63,732s][info][gc] GC(455) Pause Init Mark (process weakrefs) (unload classes) 0,144ms
[2020-11-04T21:42:29.867+0300][63,797s][info][gc] GC(455) Concurrent marking (process weakrefs) (unload classes) 64,608ms
[2020-11-04T21:42:29.867+0300][63,797s][info][gc] GC(455) Concurrent precleaning 0,197ms
[2020-11-04T21:42:29.868+0300][63,798s][info][gc] GC(455) Pause Final Mark (process weakrefs) (unload classes) 0,548ms
[2020-11-04T21:42:29.868+0300][63,798s][info][gc] GC(455) Concurrent weak roots 0,510ms
[2020-11-04T21:42:29.868+0300][63,798s][info][gc] GC(455) Concurrent cleanup 353M->353M(512M) 0,032ms
[2020-11-04T21:42:29.869+0300][63,799s][info][gc] GC(455) Concurrent class unloading 0,997ms
[2020-11-04T21:42:29.870+0300][63,799s][info][gc] GC(455) Concurrent strong roots 0,153ms
[2020-11-04T21:42:29.875+0300][63,805s][info][gc] GC(455) Concurrent evacuation 5,585ms
[2020-11-04T21:42:29.876+0300][63,805s][info][gc] GC(455) Pause Init Update Refs 0,021ms
[2020-11-04T21:42:29.916+0300][63,845s][info][gc] GC(455) Concurrent update references 39,932ms
[2020-11-04T21:42:29.916+0300][63,846s][info][gc] GC(455) Pause Final Update Refs 0,161ms
[2020-11-04T21:42:29.916+0300][63,846s][info][gc] GC(455) Concurrent cleanup 420M->244M(512M) 0,109ms
[2020-11-04T21:42:29.950+0300][63,880s][info][gc] Trigger: Average GC time (108,91 ms) is above the time for allocation rate (1157 MB/s) to deplete free headroom (125M)
[2020-11-04T21:42:29.951+0300][63,881s][info][gc] GC(456) Concurrent reset 0,569ms
[2020-11-04T21:42:29.951+0300][63,881s][info][gc] GC(456) Pause Init Mark (unload classes) 0,134ms
[2020-11-04T21:42:30.018+0300][63,948s][info][gc] GC(456) Concurrent marking (unload classes) 66,700ms
[2020-11-04T21:42:30.019+0300][63,949s][info][gc] GC(456) Pause Final Mark (unload classes) 0,427ms
[2020-11-04T21:42:30.019+0300][63,949s][info][gc] GC(456) Concurrent weak roots 0,497ms
[2020-11-04T21:42:30.019+0300][63,949s][info][gc] GC(456) Concurrent cleanup 355M->355M(512M) 0,033ms
[2020-11-04T21:42:30.020+0300][63,950s][info][gc] GC(456) Concurrent class unloading 0,954ms
[2020-11-04T21:42:30.021+0300][63,950s][info][gc] GC(456) Concurrent strong roots 0,064ms
[2020-11-04T21:42:30.025+0300][63,955s][info][gc] GC(456) Concurrent evacuation 4,634ms
[2020-11-04T21:42:30.026+0300][63,955s][info][gc] GC(456) Pause Init Update Refs 0,014ms
[2020-11-04T21:42:30.065+0300][63,995s][info][gc] GC(456) Concurrent update references 39,403ms
[2020-11-04T21:42:30.066+0300][63,995s][info][gc] GC(456) Pause Final Update Refs 0,184ms
[2020-11-04T21:42:30.066+0300][63,995s][info][gc] GC(456) Concurrent cleanup 423M->249M(512M) 0,098ms
[2020-11-04T21:42:30.099+0300][64,028s][info][gc] Trigger: Average GC time (113,67 ms) is above the time for allocation rate (1135 MB/s) to deplete free headroom (125M)
[2020-11-04T21:42:30.099+0300][64,029s][info][gc] GC(457) Concurrent reset 0,669ms
[2020-11-04T21:42:30.100+0300][64,030s][info][gc] GC(457) Pause Init Mark (unload classes) 0,100ms
[2020-11-04T21:42:30.167+0300][64,097s][info][gc] GC(457) Concurrent marking (unload classes) 67,541ms
[2020-11-04T21:42:30.168+0300][64,098s][info][gc] GC(457) Pause Final Mark (unload classes) 0,569ms
[2020-11-04T21:42:30.169+0300][64,098s][info][gc] GC(457) Concurrent weak roots 0,372ms
[2020-11-04T21:42:30.169+0300][64,099s][info][gc] GC(457) Concurrent cleanup 356M->356M(512M) 0,035ms
[2020-11-04T21:42:30.170+0300][64,099s][info][gc] GC(457) Concurrent class unloading 0,822ms
[2020-11-04T21:42:30.170+0300][64,099s][info][gc] GC(457) Concurrent strong roots 0,057ms
[2020-11-04T21:42:30.174+0300][64,104s][info][gc] GC(457) Concurrent evacuation 4,145ms
[2020-11-04T21:42:30.174+0300][64,104s][info][gc] GC(457) Pause Init Update Refs 0,010ms
[2020-11-04T21:42:30.210+0300][64,140s][info][gc] GC(457) Concurrent update references 36,122ms
[2020-11-04T21:42:30.211+0300][64,141s][info][gc] GC(457) Pause Final Update Refs 0,128ms
[2020-11-04T21:42:30.211+0300][64,141s][info][gc] GC(457) Concurrent cleanup 445M->276M(512M) 0,105ms
[2020-11-04T21:42:30.237+0300][64,166s][info][gc] Trigger: Average GC time (111,91 ms) is above the time for allocation rate (1166 MB/s) to deplete free headroom (128M)
[2020-11-04T21:42:30.237+0300][64,167s][info][gc] GC(458) Concurrent reset 0,647ms
[2020-11-04T21:42:30.238+0300][64,168s][info][gc] GC(458) Pause Init Mark (unload classes) 0,381ms
[2020-11-04T21:42:30.306+0300][64,236s][info][gc] GC(458) Concurrent marking (unload classes) 67,920ms
[2020-11-04T21:42:30.307+0300][64,237s][info][gc] GC(458) Pause Final Mark (unload classes) 0,577ms
[2020-11-04T21:42:30.307+0300][64,237s][info][gc] GC(458) Concurrent weak roots 0,346ms
[2020-11-04T21:42:30.307+0300][64,237s][info][gc] GC(458) Concurrent cleanup 353M->353M(512M) 0,037ms
[2020-11-04T21:42:30.308+0300][64,238s][info][gc] GC(458) Concurrent class unloading 0,751ms
[2020-11-04T21:42:30.308+0300][64,238s][info][gc] GC(458) Concurrent strong roots 0,054ms
[2020-11-04T21:42:30.312+0300][64,242s][info][gc] GC(458) Concurrent evacuation 3,974ms
[2020-11-04T21:42:30.312+0300][64,242s][info][gc] GC(458) Pause Init Update Refs 0,025ms
[2020-11-04T21:42:30.350+0300][64,280s][info][gc] GC(458) Concurrent update references 37,513ms
[2020-11-04T21:42:30.351+0300][64,280s][info][gc] GC(458) Pause Final Update Refs 0,233ms
[2020-11-04T21:42:30.351+0300][64,281s][info][gc] GC(458) Concurrent cleanup 443M->282M(512M) 0,098ms
[2020-11-04T21:42:30.383+0300][64,313s][info][gc] Trigger: Average GC time (112,86 ms) is above the time for allocation rate (1096 MB/s) to deplete free headroom (122M)
[2020-11-04T21:42:30.384+0300][64,314s][info][gc] GC(459) Concurrent reset 0,575ms
[2020-11-04T21:42:30.385+0300][64,315s][info][gc] GC(459) Pause Init Mark (unload classes) 0,359ms
[2020-11-04T21:42:30.427+0300][64,357s][info][gc] GC(459) Concurrent marking (unload classes) 42,090ms
[2020-11-04T21:42:30.428+0300][64,357s][info][gc] GC(459) Pause Final Mark (unload classes) 0,432ms
[2020-11-04T21:42:30.428+0300][64,358s][info][gc] GC(459) Concurrent weak roots 0,458ms
[2020-11-04T21:42:30.428+0300][64,358s][info][gc] GC(459) Concurrent cleanup 357M->353M(512M) 0,039ms
[2020-11-04T21:42:30.429+0300][64,359s][info][gc] GC(459) Concurrent class unloading 1,015ms
[2020-11-04T21:42:30.429+0300][64,359s][info][gc] GC(459) Concurrent strong roots 0,089ms
[2020-11-04T21:42:30.432+0300][64,362s][info][gc] GC(459) Concurrent evacuation 2,476ms
[2020-11-04T21:42:30.432+0300][64,362s][info][gc] GC(459) Pause Init Update Refs 0,015ms
[2020-11-04T21:42:30.449+0300][64,379s][info][gc] GC(459) Concurrent update references 16,871ms
[2020-11-04T21:42:30.450+0300][64,379s][info][gc] GC(459) Pause Final Update Refs 0,162ms
[2020-11-04T21:42:30.450+0300][64,380s][info][gc] GC(459) Concurrent cleanup 393M->137M(512M) 0,155ms
[2020-11-04T21:42:30.507+0300][64,437s][info][gc] Trigger: Average GC time (104,74 ms) is above the time for allocation rate (1676 MB/s) to deplete free headroom (172M)
[2020-11-04T21:42:30.508+0300][64,437s][info][gc] GC(460) Concurrent reset 0,647ms
[2020-11-04T21:42:30.508+0300][64,438s][info][gc] GC(460) Pause Init Mark (process weakrefs) (unload classes) 0,105ms
[2020-11-04T21:42:30.543+0300][64,473s][info][gc] GC(460) Concurrent marking (process weakrefs) (unload classes) 35,021ms
[2020-11-04T21:42:30.543+0300][64,473s][info][gc] GC(460) Concurrent precleaning 0,167ms
[2020-11-04T21:42:30.544+0300][64,474s][info][gc] GC(460) Pause Final Mark (process weakrefs) (unload classes) 0,536ms
[2020-11-04T21:42:30.545+0300][64,475s][info][gc] GC(460) Concurrent weak roots 0,566ms
[2020-11-04T21:42:30.545+0300][64,475s][info][gc] GC(460) Concurrent cleanup 313M->313M(512M) 0,034ms
[2020-11-04T21:42:30.546+0300][64,476s][info][gc] GC(460) Concurrent class unloading 0,834ms
[2020-11-04T21:42:30.546+0300][64,476s][info][gc] GC(460) Concurrent strong roots 0,101ms
[2020-11-04T21:42:30.552+0300][64,482s][info][gc] GC(460) Concurrent evacuation 6,619ms
[2020-11-04T21:42:30.553+0300][64,483s][info][gc] GC(460) Pause Init Update Refs 0,013ms
[2020-11-04T21:42:30.573+0300][64,503s][info][gc] GC(460) Concurrent update references 20,443ms
[2020-11-04T21:42:30.574+0300][64,504s][info][gc] GC(460) Pause Final Update Refs 0,175ms
[2020-11-04T21:42:30.574+0300][64,504s][info][gc] GC(460) Concurrent cleanup 372M->164M(512M) 0,132ms
[2020-11-04T21:42:30.623+0300][64,553s][info][gc] Trigger: Average GC time (95,08 ms) is above the time for allocation rate (1779 MB/s) to deplete free headroom (167M)
[2020-11-04T21:42:30.623+0300][64,553s][info][gc] GC(461) Concurrent reset 0,572ms
[2020-11-04T21:42:30.624+0300][64,554s][info][gc] GC(461) Pause Init Mark (unload classes) 0,170ms
[2020-11-04T21:42:30.678+0300][64,608s][info][gc] GC(461) Concurrent marking (unload classes) 54,076ms
[2020-11-04T21:42:30.679+0300][64,608s][info][gc] GC(461) Pause Final Mark (unload classes) 0,470ms
[2020-11-04T21:42:30.679+0300][64,609s][info][gc] GC(461) Concurrent weak roots 0,502ms
[2020-11-04T21:42:30.679+0300][64,609s][info][gc] GC(461) Concurrent cleanup 319M->319M(512M) 0,032ms
[2020-11-04T21:42:30.680+0300][64,610s][info][gc] GC(461) Concurrent class unloading 0,956ms
[2020-11-04T21:42:30.680+0300][64,610s][info][gc] GC(461) Concurrent strong roots 0,140ms
[2020-11-04T21:42:30.687+0300][64,617s][info][gc] GC(461) Concurrent evacuation 6,544ms
[2020-11-04T21:42:30.687+0300][64,617s][info][gc] GC(461) Pause Init Update Refs 0,025ms
[2020-11-04T21:42:30.708+0300][64,638s][info][gc] GC(461) Concurrent update references 20,278ms
[2020-11-04T21:42:30.708+0300][64,638s][info][gc] GC(461) Pause Final Update Refs 0,181ms
[2020-11-04T21:42:30.708+0300][64,638s][info][gc] GC(461) Concurrent cleanup 382M->176M(512M) 0,102ms
[2020-11-04T21:42:30.763+0300][64,692s][info][gc] Trigger: Average GC time (89,15 ms) is above the time for allocation rate (1615 MB/s) to deplete free headroom (141M)
[2020-11-04T21:42:30.763+0300][64,693s][info][gc] GC(462) Concurrent reset 0,596ms
[2020-11-04T21:42:30.764+0300][64,693s][info][gc] GC(462) Pause Init Mark (unload classes) 0,139ms
[2020-11-04T21:42:30.812+0300][64,742s][info][gc] GC(462) Concurrent marking (unload classes) 48,166ms
[2020-11-04T21:42:30.813+0300][64,742s][info][gc] GC(462) Pause Final Mark (unload classes) 0,657ms
[2020-11-04T21:42:30.813+0300][64,743s][info][gc] GC(462) Concurrent weak roots 0,381ms
[2020-11-04T21:42:30.813+0300][64,743s][info][gc] GC(462) Concurrent cleanup 343M->343M(512M) 0,035ms
[2020-11-04T21:42:30.814+0300][64,744s][info][gc] GC(462) Concurrent class unloading 1,084ms
[2020-11-04T21:42:30.814+0300][64,744s][info][gc] GC(462) Concurrent strong roots 0,138ms
[2020-11-04T21:42:30.820+0300][64,750s][info][gc] GC(462) Concurrent evacuation 5,496ms
[2020-11-04T21:42:30.820+0300][64,750s][info][gc] GC(462) Pause Init Update Refs 0,012ms
[2020-11-04T21:42:30.847+0300][64,777s][info][gc] GC(462) Concurrent update references 26,383ms
[2020-11-04T21:42:30.847+0300][64,777s][info][gc] GC(462) Pause Final Update Refs 0,322ms
[2020-11-04T21:42:30.848+0300][64,777s][info][gc] GC(462) Concurrent cleanup 392M->166M(512M) 0,122ms
[2020-11-04T21:42:30.909+0300][64,839s][info][gc] Trigger: Average GC time (83,70 ms) is above the time for allocation rate (1566 MB/s) to deplete free headroom (130M)
[2020-11-04T21:42:30.910+0300][64,840s][info][gc] GC(463) Concurrent reset 0,526ms
[2020-11-04T21:42:30.910+0300][64,840s][info][gc] GC(463) Pause Init Mark (unload classes) 0,314ms
[2020-11-04T21:42:30.960+0300][64,890s][info][gc] GC(463) Concurrent marking (unload classes) 49,776ms
[2020-11-04T21:42:30.961+0300][64,891s][info][gc] GC(463) Pause Final Mark (unload classes) 0,601ms
[2020-11-04T21:42:30.962+0300][64,891s][info][gc] GC(463) Concurrent weak roots 0,474ms
[2020-11-04T21:42:30.962+0300][64,892s][info][gc] GC(463) Concurrent cleanup 350M->350M(512M) 0,038ms
[2020-11-04T21:42:30.963+0300][64,892s][info][gc] GC(463) Concurrent class unloading 0,934ms
[2020-11-04T21:42:30.963+0300][64,893s][info][gc] GC(463) Concurrent strong roots 0,139ms
[2020-11-04T21:42:30.971+0300][64,900s][info][gc] GC(463) Concurrent evacuation 7,739ms
[2020-11-04T21:42:30.971+0300][64,901s][info][gc] GC(463) Pause Init Update Refs 0,020ms
[2020-11-04T21:42:30.994+0300][64,924s][info][gc] GC(463) Concurrent update references 23,464ms
[2020-11-04T21:42:30.995+0300][64,925s][info][gc] GC(463) Pause Final Update Refs 0,157ms
[2020-11-04T21:42:30.995+0300][64,925s][info][gc] GC(463) Concurrent cleanup 412M->183M(512M) 0,120ms
[2020-11-04T21:42:31.053+0300][64,983s][info][gc] Trigger: Average GC time (78,05 ms) is above the time for allocation rate (1604 MB/s) to deplete free headroom (122M)
[2020-11-04T21:42:31.054+0300][64,984s][info][gc] GC(464) Concurrent reset 0,635ms
[2020-11-04T21:42:31.054+0300][64,984s][info][gc] GC(464) Pause Init Mark (unload classes) 0,142ms
[2020-11-04T21:42:31.112+0300][65,042s][info][gc] GC(464) Concurrent marking (unload classes) 57,443ms
[2020-11-04T21:42:31.113+0300][65,042s][info][gc] GC(464) Pause Final Mark (unload classes) 0,378ms
[2020-11-04T21:42:31.113+0300][65,043s][info][gc] GC(464) Concurrent weak roots 0,342ms
[2020-11-04T21:42:31.113+0300][65,043s][info][gc] GC(464) Concurrent cleanup 360M->360M(512M) 0,024ms
[2020-11-04T21:42:31.114+0300][65,044s][info][gc] GC(464) Concurrent class unloading 0,743ms
[2020-11-04T21:42:31.114+0300][65,044s][info][gc] GC(464) Concurrent strong roots 0,134ms
[2020-11-04T21:42:31.120+0300][65,050s][info][gc] GC(464) Concurrent evacuation 5,815ms
[2020-11-04T21:42:31.120+0300][65,050s][info][gc] GC(464) Pause Init Update Refs 0,017ms
[2020-11-04T21:42:31.145+0300][65,075s][info][gc] GC(464) Concurrent update references 25,013ms
[2020-11-04T21:42:31.146+0300][65,076s][info][gc] GC(464) Pause Final Update Refs 0,169ms
[2020-11-04T21:42:31.146+0300][65,076s][info][gc] GC(464) Concurrent cleanup 423M->191M(512M) 0,127ms
[2020-11-04T21:42:31.200+0300][65,130s][info][gc] Trigger: Average GC time (83,30 ms) is above the time for allocation rate (1514 MB/s) to deplete free headroom (125M)
[2020-11-04T21:42:31.201+0300][65,131s][info][gc] GC(465) Concurrent reset 0,674ms
[2020-11-04T21:42:31.201+0300][65,131s][info][gc] GC(465) Pause Init Mark (process weakrefs) (unload classes) 0,129ms
[2020-11-04T21:42:31.249+0300][65,179s][info][gc] GC(465) Concurrent marking (process weakrefs) (unload classes) 48,225ms
[2020-11-04T21:42:31.250+0300][65,180s][info][gc] GC(465) Concurrent precleaning 0,160ms
[2020-11-04T21:42:31.250+0300][65,180s][info][gc] GC(465) Pause Final Mark (process weakrefs) (unload classes) 0,428ms
[2020-11-04T21:42:31.251+0300][65,181s][info][gc] GC(465) Concurrent weak roots 0,333ms
[2020-11-04T21:42:31.251+0300][65,181s][info][gc] GC(465) Concurrent cleanup 356M->356M(512M) 0,036ms
[2020-11-04T21:42:31.252+0300][65,181s][info][gc] GC(465) Concurrent class unloading 0,836ms
[2020-11-04T21:42:31.252+0300][65,182s][info][gc] GC(465) Concurrent strong roots 0,061ms
[2020-11-04T21:42:31.257+0300][65,187s][info][gc] GC(465) Concurrent evacuation 5,445ms
[2020-11-04T21:42:31.258+0300][65,187s][info][gc] GC(465) Pause Init Update Refs 0,022ms
[2020-11-04T21:42:31.284+0300][65,213s][info][gc] GC(465) Concurrent update references 25,846ms
[2020-11-04T21:42:31.284+0300][65,214s][info][gc] GC(465) Pause Final Update Refs 0,174ms
[2020-11-04T21:42:31.284+0300][65,214s][info][gc] GC(465) Concurrent cleanup 428M->205M(512M) 0,130ms
[2020-11-04T21:42:31.329+0300][65,258s][info][gc] Trigger: Average GC time (86,71 ms) is above the time for allocation rate (1583 MB/s) to deplete free headroom (136M)
[2020-11-04T21:42:31.329+0300][65,259s][info][gc] GC(466) Concurrent reset 0,630ms
[2020-11-04T21:42:31.331+0300][65,260s][info][gc] GC(466) Pause Init Mark (unload classes) 0,099ms
[2020-11-04T21:42:31.385+0300][65,315s][info][gc] GC(466) Concurrent marking (unload classes) 54,320ms
[2020-11-04T21:42:31.386+0300][65,316s][info][gc] GC(466) Pause Final Mark (unload classes) 0,537ms
[2020-11-04T21:42:31.387+0300][65,316s][info][gc] GC(466) Concurrent weak roots 0,458ms
[2020-11-04T21:42:31.387+0300][65,316s][info][gc] GC(466) Concurrent cleanup 349M->349M(512M) 0,034ms
[2020-11-04T21:42:31.387+0300][65,317s][info][gc] GC(466) Concurrent class unloading 0,889ms
[2020-11-04T21:42:31.388+0300][65,317s][info][gc] GC(466) Concurrent strong roots 0,123ms
[2020-11-04T21:42:31.393+0300][65,323s][info][gc] GC(466) Concurrent evacuation 5,035ms
[2020-11-04T21:42:31.393+0300][65,323s][info][gc] GC(466) Pause Init Update Refs 0,010ms
[2020-11-04T21:42:31.420+0300][65,350s][info][gc] GC(466) Concurrent update references 27,018ms
[2020-11-04T21:42:31.421+0300][65,350s][info][gc] GC(466) Pause Final Update Refs 0,155ms
[2020-11-04T21:42:31.421+0300][65,350s][info][gc] GC(466) Concurrent cleanup 422M->215M(512M) 0,079ms
[2020-11-04T21:42:31.463+0300][65,393s][info][gc] Trigger: Average GC time (87,96 ms) is above the time for allocation rate (1521 MB/s) to deplete free headroom (132M)
[2020-11-04T21:42:31.464+0300][65,394s][info][gc] GC(467) Concurrent reset 0,583ms
[2020-11-04T21:42:31.464+0300][65,394s][info][gc] GC(467) Pause Init Mark (unload classes) 0,190ms
[2020-11-04T21:42:31.512+0300][65,442s][info][gc] GC(467) Concurrent marking (unload classes) 47,768ms
[2020-11-04T21:42:31.513+0300][65,442s][info][gc] GC(467) Pause Final Mark (unload classes) 0,498ms
[2020-11-04T21:42:31.513+0300][65,443s][info][gc] GC(467) Concurrent weak roots 0,340ms
[2020-11-04T21:42:31.513+0300][65,443s][info][gc] GC(467) Concurrent cleanup 349M->349M(512M) 0,039ms
[2020-11-04T21:42:31.514+0300][65,444s][info][gc] GC(467) Concurrent class unloading 0,980ms
[2020-11-04T21:42:31.514+0300][65,444s][info][gc] GC(467) Concurrent strong roots 0,138ms
[2020-11-04T21:42:31.520+0300][65,449s][info][gc] GC(467) Concurrent evacuation 5,292ms
[2020-11-04T21:42:31.520+0300][65,450s][info][gc] GC(467) Pause Init Update Refs 0,016ms
[2020-11-04T21:42:31.550+0300][65,480s][info][gc] GC(467) Concurrent update references 29,827ms
[2020-11-04T21:42:31.551+0300][65,480s][info][gc] GC(467) Pause Final Update Refs 0,356ms
[2020-11-04T21:42:31.551+0300][65,481s][info][gc] GC(467) Concurrent cleanup 419M->217M(512M) 0,101ms
[2020-11-04T21:42:31.592+0300][65,522s][info][gc] Trigger: Average GC time (88,47 ms) is above the time for allocation rate (1516 MB/s) to deplete free headroom (132M)
[2020-11-04T21:42:31.593+0300][65,523s][info][gc] GC(468) Concurrent reset 0,579ms
[2020-11-04T21:42:31.593+0300][65,523s][info][gc] GC(468) Pause Init Mark (unload classes) 0,280ms
[2020-11-04T21:42:31.645+0300][65,575s][info][gc] GC(468) Concurrent marking (unload classes) 51,324ms
[2020-11-04T21:42:31.645+0300][65,575s][info][gc] GC(468) Pause Final Mark (unload classes) 0,516ms
[2020-11-04T21:42:31.646+0300][65,576s][info][gc] GC(468) Concurrent weak roots 0,417ms
[2020-11-04T21:42:31.646+0300][65,576s][info][gc] GC(468) Concurrent cleanup 348M->348M(512M) 0,037ms
[2020-11-04T21:42:31.647+0300][65,577s][info][gc] GC(468) Concurrent class unloading 1,250ms
[2020-11-04T21:42:31.647+0300][65,577s][info][gc] GC(468) Concurrent strong roots 0,142ms
[2020-11-04T21:42:31.652+0300][65,582s][info][gc] GC(468) Concurrent evacuation 4,846ms
[2020-11-04T21:42:31.653+0300][65,583s][info][gc] GC(468) Pause Init Update Refs 0,011ms
[2020-11-04T21:42:31.689+0300][65,619s][info][gc] GC(468) Concurrent update references 36,615ms
[2020-11-04T21:42:31.690+0300][65,620s][info][gc] GC(468) Pause Final Update Refs 0,163ms
[2020-11-04T21:42:31.690+0300][65,620s][info][gc] GC(468) Concurrent cleanup 437M->241M(512M) 0,118ms
[2020-11-04T21:42:31.723+0300][65,653s][info][gc] Trigger: Average GC time (90,89 ms) is above the time for allocation rate (1463 MB/s) to deplete free headroom (131M)
[2020-11-04T21:42:31.724+0300][65,654s][info][gc] GC(469) Concurrent reset 0,593ms
[2020-11-04T21:42:31.724+0300][65,654s][info][gc] GC(469) Pause Init Mark (unload classes) 0,124ms
[2020-11-04T21:42:31.789+0300][65,719s][info][gc] GC(469) Concurrent marking (unload classes) 64,813ms
[2020-11-04T21:42:31.790+0300][65,720s][info][gc] GC(469) Pause Final Mark (unload classes) 0,781ms
[2020-11-04T21:42:31.791+0300][65,720s][info][gc] GC(469) Concurrent weak roots 0,444ms
[2020-11-04T21:42:31.791+0300][65,720s][info][gc] GC(469) Concurrent cleanup 351M->351M(512M) 0,037ms
[2020-11-04T21:42:31.792+0300][65,721s][info][gc] GC(469) Concurrent class unloading 0,946ms
[2020-11-04T21:42:31.792+0300][65,722s][info][gc] GC(469) Concurrent strong roots 0,127ms
[2020-11-04T21:42:31.797+0300][65,726s][info][gc] GC(469) Concurrent evacuation 4,773ms
[2020-11-04T21:42:31.797+0300][65,727s][info][gc] GC(469) Pause Init Update Refs 0,021ms
[2020-11-04T21:42:31.828+0300][65,758s][info][gc] GC(469) Concurrent update references 30,938ms
[2020-11-04T21:42:31.828+0300][65,758s][info][gc] GC(469) Pause Final Update Refs 0,238ms
[2020-11-04T21:42:31.829+0300][65,758s][info][gc] GC(469) Concurrent cleanup 429M->237M(512M) 0,104ms
[2020-11-04T21:42:31.866+0300][65,796s][info][gc] Trigger: Average GC time (93,48 ms) is above the time for allocation rate (1353 MB/s) to deplete free headroom (124M)
[2020-11-04T21:42:31.866+0300][65,796s][info][gc] GC(470) Concurrent reset 0,631ms
[2020-11-04T21:42:31.867+0300][65,797s][info][gc] GC(470) Pause Init Mark (process weakrefs) (unload classes) 0,224ms
[2020-11-04T21:42:31.922+0300][65,851s][info][gc] GC(470) Concurrent marking (process weakrefs) (unload classes) 54,664ms
[2020-11-04T21:42:31.922+0300][65,852s][info][gc] GC(470) Concurrent precleaning 0,161ms
[2020-11-04T21:42:31.923+0300][65,852s][info][gc] GC(470) Pause Final Mark (process weakrefs) (unload classes) 0,500ms
[2020-11-04T21:42:31.923+0300][65,853s][info][gc] GC(470) Concurrent weak roots 0,442ms
[2020-11-04T21:42:31.923+0300][65,853s][info][gc] GC(470) Concurrent cleanup 358M->358M(512M) 0,037ms
[2020-11-04T21:42:31.924+0300][65,854s][info][gc] GC(470) Concurrent class unloading 0,940ms
[2020-11-04T21:42:31.924+0300][65,854s][info][gc] GC(470) Concurrent strong roots 0,089ms
[2020-11-04T21:42:31.929+0300][65,859s][info][gc] GC(470) Concurrent evacuation 4,827ms
[2020-11-04T21:42:31.929+0300][65,859s][info][gc] GC(470) Pause Init Update Refs 0,013ms
[2020-11-04T21:42:31.961+0300][65,891s][info][gc] GC(470) Concurrent update references 31,526ms
[2020-11-04T21:42:31.961+0300][65,891s][info][gc] GC(470) Pause Final Update Refs 0,181ms
[2020-11-04T21:42:31.962+0300][65,891s][info][gc] GC(470) Concurrent cleanup 439M->246M(512M) 0,120ms
[2020-11-04T21:42:31.992+0300][65,922s][info][gc] Trigger: Average GC time (95,80 ms) is above the time for allocation rate (1417 MB/s) to deplete free headroom (132M)
[2020-11-04T21:42:31.993+0300][65,923s][info][gc] GC(471) Concurrent reset 0,637ms
[2020-11-04T21:42:31.994+0300][65,923s][info][gc] GC(471) Pause Init Mark (unload classes) 0,241ms
[2020-11-04T21:42:32.050+0300][65,980s][info][gc] GC(471) Concurrent marking (unload classes) 56,029ms
[2020-11-04T21:42:32.050+0300][65,980s][info][gc] GC(471) Pause Final Mark (unload classes) 0,297ms
[2020-11-04T21:42:32.051+0300][65,981s][info][gc] GC(471) Concurrent weak roots 0,334ms
[2020-11-04T21:42:32.051+0300][65,981s][info][gc] GC(471) Concurrent cleanup 349M->349M(512M) 0,023ms
[2020-11-04T21:42:32.052+0300][65,981s][info][gc] GC(471) Concurrent class unloading 0,779ms
[2020-11-04T21:42:32.052+0300][65,981s][info][gc] GC(471) Concurrent strong roots 0,057ms
[2020-11-04T21:42:32.056+0300][65,986s][info][gc] GC(471) Concurrent evacuation 4,311ms
[2020-11-04T21:42:32.056+0300][65,986s][info][gc] GC(471) Pause Init Update Refs 0,032ms
[2020-11-04T21:42:32.089+0300][66,018s][info][gc] GC(471) Concurrent update references 32,277ms
[2020-11-04T21:42:32.089+0300][66,019s][info][gc] GC(471) Pause Final Update Refs 0,160ms
[2020-11-04T21:42:32.089+0300][66,019s][info][gc] GC(471) Concurrent cleanup 431M->251M(512M) 0,116ms
[2020-11-04T21:42:32.118+0300][66,048s][info][gc] Trigger: Average GC time (96,79 ms) is above the time for allocation rate (1386 MB/s) to deplete free headroom (132M)
[2020-11-04T21:42:32.119+0300][66,048s][info][gc] GC(472) Concurrent reset 0,610ms
[2020-11-04T21:42:32.119+0300][66,049s][info][gc] GC(472) Pause Init Mark (unload classes) 0,089ms
[2020-11-04T21:42:32.177+0300][66,106s][info][gc] GC(472) Concurrent marking (unload classes) 57,535ms
[2020-11-04T21:42:32.177+0300][66,107s][info][gc] GC(472) Pause Final Mark (unload classes) 0,414ms
[2020-11-04T21:42:32.178+0300][66,108s][info][gc] GC(472) Concurrent weak roots 0,448ms
[2020-11-04T21:42:32.178+0300][66,108s][info][gc] GC(472) Concurrent cleanup 349M->349M(512M) 0,032ms
[2020-11-04T21:42:32.179+0300][66,109s][info][gc] GC(472) Concurrent class unloading 0,918ms
[2020-11-04T21:42:32.179+0300][66,109s][info][gc] GC(472) Concurrent strong roots 0,059ms
[2020-11-04T21:42:32.183+0300][66,113s][info][gc] GC(472) Concurrent evacuation 4,158ms
[2020-11-04T21:42:32.183+0300][66,113s][info][gc] GC(472) Pause Init Update Refs 0,010ms
[2020-11-04T21:42:32.218+0300][66,148s][info][gc] GC(472) Concurrent update references 34,810ms
[2020-11-04T21:42:32.219+0300][66,149s][info][gc] GC(472) Pause Final Update Refs 0,168ms
[2020-11-04T21:42:32.219+0300][66,149s][info][gc] GC(472) Concurrent cleanup 427M->253M(512M) 0,079ms
[2020-11-04T21:42:32.253+0300][66,183s][info][gc] Trigger: Average GC time (99,46 ms) is above the time for allocation rate (1294 MB/s) to deplete free headroom (126M)
[2020-11-04T21:42:32.254+0300][66,184s][info][gc] GC(473) Concurrent reset 0,626ms
[2020-11-04T21:42:32.254+0300][66,184s][info][gc] GC(473) Pause Init Mark (unload classes) 0,091ms
[2020-11-04T21:42:32.324+0300][66,254s][info][gc] GC(473) Concurrent marking (unload classes) 69,962ms
[2020-11-04T21:42:32.325+0300][66,255s][info][gc] GC(473) Pause Final Mark (unload classes) 0,315ms
[2020-11-04T21:42:32.325+0300][66,255s][info][gc] GC(473) Concurrent weak roots 0,359ms
[2020-11-04T21:42:32.325+0300][66,255s][info][gc] GC(473) Concurrent cleanup 354M->354M(512M) 0,056ms
[2020-11-04T21:42:32.326+0300][66,256s][info][gc] GC(473) Concurrent class unloading 0,724ms
[2020-11-04T21:42:32.326+0300][66,256s][info][gc] GC(473) Concurrent strong roots 0,108ms
[2020-11-04T21:42:32.332+0300][66,262s][info][gc] GC(473) Concurrent evacuation 5,663ms
[2020-11-04T21:42:32.332+0300][66,262s][info][gc] GC(473) Pause Init Update Refs 0,010ms
[2020-11-04T21:42:32.367+0300][66,297s][info][gc] GC(473) Concurrent update references 34,655ms
[2020-11-04T21:42:32.367+0300][66,297s][info][gc] GC(473) Pause Final Update Refs 0,163ms
[2020-11-04T21:42:32.368+0300][66,297s][info][gc] GC(473) Concurrent cleanup 441M->266M(512M) 0,095ms
[2020-11-04T21:42:32.394+0300][66,324s][info][gc] Trigger: Average GC time (102,75 ms) is above the time for allocation rate (1223 MB/s) to deplete free headroom (123M)
[2020-11-04T21:42:32.395+0300][66,325s][info][gc] GC(474) Concurrent reset 0,600ms
[2020-11-04T21:42:32.395+0300][66,325s][info][gc] GC(474) Pause Init Mark (unload classes) 0,108ms
[2020-11-04T21:42:32.469+0300][66,398s][info][gc] GC(474) Concurrent marking (unload classes) 73,274ms
[2020-11-04T21:42:32.469+0300][66,399s][info][gc] GC(474) Pause Final Mark (unload classes) 0,394ms
[2020-11-04T21:42:32.470+0300][66,399s][info][gc] GC(474) Concurrent weak roots 0,434ms
[2020-11-04T21:42:32.470+0300][66,400s][info][gc] GC(474) Concurrent cleanup 356M->356M(512M) 0,033ms
[2020-11-04T21:42:32.471+0300][66,400s][info][gc] GC(474) Concurrent class unloading 0,839ms
[2020-11-04T21:42:32.471+0300][66,400s][info][gc] GC(474) Concurrent strong roots 0,047ms
[2020-11-04T21:42:32.475+0300][66,405s][info][gc] GC(474) Concurrent evacuation 4,149ms
[2020-11-04T21:42:32.475+0300][66,405s][info][gc] GC(474) Pause Init Update Refs 0,010ms
[2020-11-04T21:42:32.510+0300][66,440s][info][gc] GC(474) Concurrent update references 35,292ms
[2020-11-04T21:42:32.511+0300][66,441s][info][gc] GC(474) Pause Final Update Refs 0,141ms
[2020-11-04T21:42:32.511+0300][66,441s][info][gc] GC(474) Concurrent cleanup 443M->270M(512M) 0,102ms
[2020-11-04T21:42:32.542+0300][66,472s][info][gc] Trigger: Average GC time (105,03 ms) is above the time for allocation rate (1159 MB/s) to deplete free headroom (120M)
[2020-11-04T21:42:32.543+0300][66,472s][info][gc] GC(475) Concurrent reset 0,581ms
[2020-11-04T21:42:32.543+0300][66,473s][info][gc] GC(475) Pause Init Mark (process weakrefs) (unload classes) 0,143ms
[2020-11-04T21:42:32.612+0300][66,542s][info][gc] GC(475) Concurrent marking (process weakrefs) (unload classes) 68,734ms
[2020-11-04T21:42:32.612+0300][66,542s][info][gc] GC(475) Concurrent precleaning 0,167ms
[2020-11-04T21:42:32.613+0300][66,543s][info][gc] GC(475) Pause Final Mark (process weakrefs) (unload classes) 0,566ms
[2020-11-04T21:42:32.613+0300][66,543s][info][gc] GC(475) Concurrent weak roots 0,382ms
[2020-11-04T21:42:32.613+0300][66,543s][info][gc] GC(475) Concurrent cleanup 360M->360M(512M) 0,032ms
[2020-11-04T21:42:32.614+0300][66,544s][info][gc] GC(475) Concurrent class unloading 0,919ms
[2020-11-04T21:42:32.614+0300][66,544s][info][gc] GC(475) Concurrent strong roots 0,109ms
[2020-11-04T21:42:32.619+0300][66,549s][info][gc] GC(475) Concurrent evacuation 4,594ms
[2020-11-04T21:42:32.619+0300][66,549s][info][gc] GC(475) Pause Init Update Refs 0,012ms
[2020-11-04T21:42:32.656+0300][66,586s][info][gc] GC(475) Concurrent update references 36,771ms
[2020-11-04T21:42:32.657+0300][66,586s][info][gc] GC(475) Pause Final Update Refs 0,116ms
[2020-11-04T21:42:32.657+0300][66,587s][info][gc] GC(475) Concurrent cleanup 447M->276M(512M) 0,108ms
[2020-11-04T21:42:32.679+0300][66,609s][info][gc] Trigger: Average GC time (108,84 ms) is above the time for allocation rate (1172 MB/s) to deplete free headroom (125M)
[2020-11-04T21:42:32.680+0300][66,610s][info][gc] GC(476) Concurrent reset 0,537ms
[2020-11-04T21:42:32.680+0300][66,610s][info][gc] GC(476) Pause Init Mark (unload classes) 0,089ms
[2020-11-04T21:42:32.749+0300][66,679s][info][gc] GC(476) Concurrent marking (unload classes) 68,883ms
[2020-11-04T21:42:32.749+0300][66,679s][info][gc] GC(476) Pause Final Mark (unload classes) 0,325ms
[2020-11-04T21:42:32.750+0300][66,680s][info][gc] GC(476) Concurrent weak roots 0,432ms
[2020-11-04T21:42:32.750+0300][66,680s][info][gc] GC(476) Concurrent cleanup 354M->354M(512M) 0,039ms
[2020-11-04T21:42:32.751+0300][66,681s][info][gc] GC(476) Concurrent class unloading 1,098ms
[2020-11-04T21:42:32.751+0300][66,681s][info][gc] GC(476) Concurrent strong roots 0,054ms
[2020-11-04T21:42:32.755+0300][66,685s][info][gc] GC(476) Concurrent evacuation 4,026ms
[2020-11-04T21:42:32.756+0300][66,685s][info][gc] GC(476) Pause Init Update Refs 0,028ms
[2020-11-04T21:42:32.799+0300][66,729s][info][gc] GC(476) Concurrent update references 43,110ms
[2020-11-04T21:42:32.799+0300][66,729s][info][gc] GC(476) Pause Final Update Refs 0,210ms
[2020-11-04T21:42:32.799+0300][66,729s][info][gc] GC(476) Concurrent cleanup 425M->264M(512M) 0,099ms
[2020-11-04T21:42:32.842+0300][66,772s][info][gc] Trigger: Average GC time (113,53 ms) is above the time for allocation rate (1020 MB/s) to deplete free headroom (115M)
[2020-11-04T21:42:32.842+0300][66,772s][info][gc] GC(477) Concurrent reset 0,632ms
[2020-11-04T21:42:32.843+0300][66,773s][info][gc] GC(477) Pause Init Mark (unload classes) 0,143ms
[2020-11-04T21:42:32.883+0300][66,813s][info][gc] GC(477) Concurrent marking (unload classes) 40,379ms
[2020-11-04T21:42:32.884+0300][66,814s][info][gc] GC(477) Pause Final Mark (unload classes) 0,389ms
[2020-11-04T21:42:32.884+0300][66,814s][info][gc] GC(477) Concurrent weak roots 0,409ms
[2020-11-04T21:42:32.884+0300][66,814s][info][gc] GC(477) Concurrent cleanup 362M->359M(512M) 0,035ms
[2020-11-04T21:42:32.885+0300][66,815s][info][gc] GC(477) Concurrent class unloading 1,022ms
[2020-11-04T21:42:32.886+0300][66,815s][info][gc] GC(477) Concurrent strong roots 0,081ms
[2020-11-04T21:42:32.888+0300][66,818s][info][gc] GC(477) Concurrent evacuation 2,683ms
[2020-11-04T21:42:32.888+0300][66,818s][info][gc] GC(477) Pause Init Update Refs 0,015ms
[2020-11-04T21:42:32.904+0300][66,834s][info][gc] GC(477) Concurrent update references 15,684ms
[2020-11-04T21:42:32.905+0300][66,834s][info][gc] GC(477) Pause Final Update Refs 0,151ms
[2020-11-04T21:42:32.905+0300][66,835s][info][gc] GC(477) Concurrent cleanup 398M->136M(512M) 0,148ms
[2020-11-04T21:42:32.967+0300][66,897s][info][gc] Trigger: Average GC time (105,95 ms) is above the time for allocation rate (1629 MB/s) to deplete free headroom (171M)
[2020-11-04T21:42:32.968+0300][66,898s][info][gc] GC(478) Concurrent reset 0,553ms
[2020-11-04T21:42:32.968+0300][66,898s][info][gc] GC(478) Pause Init Mark (unload classes) 0,100ms
[2020-11-04T21:42:33.015+0300][66,945s][info][gc] GC(478) Concurrent marking (unload classes) 46,660ms
[2020-11-04T21:42:33.016+0300][66,946s][info][gc] GC(478) Pause Final Mark (unload classes) 0,722ms
[2020-11-04T21:42:33.016+0300][66,946s][info][gc] GC(478) Concurrent weak roots 0,429ms
[2020-11-04T21:42:33.017+0300][66,946s][info][gc] GC(478) Concurrent cleanup 313M->313M(512M) 0,032ms
[2020-11-04T21:42:33.017+0300][66,947s][info][gc] GC(478) Concurrent class unloading 0,935ms
[2020-11-04T21:42:33.018+0300][66,947s][info][gc] GC(478) Concurrent strong roots 0,051ms
[2020-11-04T21:42:33.023+0300][66,952s][info][gc] GC(478) Concurrent evacuation 4,967ms
[2020-11-04T21:42:33.023+0300][66,953s][info][gc] GC(478) Pause Init Update Refs 0,025ms
[2020-11-04T21:42:33.043+0300][66,972s][info][gc] GC(478) Concurrent update references 19,692ms
[2020-11-04T21:42:33.043+0300][66,973s][info][gc] GC(478) Pause Final Update Refs 0,135ms
[2020-11-04T21:42:33.043+0300][66,973s][info][gc] GC(478) Concurrent cleanup 370M->165M(512M) 0,098ms
[2020-11-04T21:42:33.093+0300][67,023s][info][gc] Trigger: Average GC time (98,20 ms) is above the time for allocation rate (1659 MB/s) to deplete free headroom (161M)
[2020-11-04T21:42:33.094+0300][67,024s][info][gc] GC(479) Concurrent reset 0,561ms
[2020-11-04T21:42:33.094+0300][67,024s][info][gc] GC(479) Pause Init Mark (unload classes) 0,100ms
[2020-11-04T21:42:33.133+0300][67,063s][info][gc] GC(479) Concurrent marking (unload classes) 39,353ms
[2020-11-04T21:42:33.134+0300][67,064s][info][gc] GC(479) Pause Final Mark (unload classes) 0,663ms
[2020-11-04T21:42:33.135+0300][67,065s][info][gc] GC(479) Concurrent weak roots 0,533ms
[2020-11-04T21:42:33.135+0300][67,065s][info][gc] GC(479) Concurrent cleanup 323M->323M(512M) 0,034ms
[2020-11-04T21:42:33.136+0300][67,066s][info][gc] GC(479) Concurrent class unloading 1,226ms
[2020-11-04T21:42:33.136+0300][67,066s][info][gc] GC(479) Concurrent strong roots 0,089ms
[2020-11-04T21:42:33.144+0300][67,074s][info][gc] GC(479) Concurrent evacuation 7,447ms
[2020-11-04T21:42:33.144+0300][67,074s][info][gc] GC(479) Pause Init Update Refs 0,015ms
[2020-11-04T21:42:33.168+0300][67,098s][info][gc] GC(479) Concurrent update references 23,404ms
[2020-11-04T21:42:33.168+0300][67,098s][info][gc] GC(479) Pause Final Update Refs 0,264ms
[2020-11-04T21:42:33.169+0300][67,098s][info][gc] GC(479) Concurrent cleanup 368M->160M(512M) 0,116ms
[2020-11-04T21:42:33.227+0300][67,157s][info][gc] Trigger: Average GC time (89,91 ms) is above the time for allocation rate (1636 MB/s) to deplete free headroom (145M)
[2020-11-04T21:42:33.228+0300][67,157s][info][gc] GC(480) Concurrent reset 0,580ms
[2020-11-04T21:42:33.228+0300][67,158s][info][gc] GC(480) Pause Init Mark (process weakrefs) (unload classes) 0,139ms
[2020-11-04T21:42:33.274+0300][67,204s][info][gc] GC(480) Concurrent marking (process weakrefs) (unload classes) 45,902ms
[2020-11-04T21:42:33.274+0300][67,204s][info][gc] GC(480) Concurrent precleaning 0,160ms
[2020-11-04T21:42:33.275+0300][67,205s][info][gc] GC(480) Pause Final Mark (process weakrefs) (unload classes) 0,600ms
[2020-11-04T21:42:33.276+0300][67,205s][info][gc] GC(480) Concurrent weak roots 0,371ms
[2020-11-04T21:42:33.276+0300][67,205s][info][gc] GC(480) Concurrent cleanup 338M->338M(512M) 0,034ms
[2020-11-04T21:42:33.277+0300][67,207s][info][gc] GC(480) Concurrent class unloading 1,044ms
[2020-11-04T21:42:33.277+0300][67,207s][info][gc] GC(480) Concurrent strong roots 0,107ms
[2020-11-04T21:42:33.283+0300][67,212s][info][gc] GC(480) Concurrent evacuation 5,761ms
[2020-11-04T21:42:33.283+0300][67,213s][info][gc] GC(480) Pause Init Update Refs 0,027ms
[2020-11-04T21:42:33.310+0300][67,239s][info][gc] GC(480) Concurrent update references 26,581ms
[2020-11-04T21:42:33.310+0300][67,240s][info][gc] GC(480) Pause Final Update Refs 0,285ms
[2020-11-04T21:42:33.310+0300][67,240s][info][gc] GC(480) Concurrent cleanup 386M->167M(512M) 0,113ms
[2020-11-04T21:42:33.372+0300][67,302s][info][gc] Trigger: Average GC time (83,65 ms) is above the time for allocation rate (1573 MB/s) to deplete free headroom (129M)
[2020-11-04T21:42:33.372+0300][67,302s][info][gc] GC(481) Concurrent reset 0,602ms
[2020-11-04T21:42:33.373+0300][67,303s][info][gc] GC(481) Pause Init Mark (unload classes) 0,358ms
[2020-11-04T21:42:33.419+0300][67,349s][info][gc] GC(481) Concurrent marking (unload classes) 45,661ms
[2020-11-04T21:42:33.420+0300][67,349s][info][gc] GC(481) Pause Final Mark (unload classes) 0,454ms
[2020-11-04T21:42:33.420+0300][67,350s][info][gc] GC(481) Concurrent weak roots 0,428ms
[2020-11-04T21:42:33.420+0300][67,350s][info][gc] GC(481) Concurrent cleanup 352M->352M(512M) 0,042ms
[2020-11-04T21:42:33.421+0300][67,351s][info][gc] GC(481) Concurrent class unloading 0,766ms
[2020-11-04T21:42:33.421+0300][67,351s][info][gc] GC(481) Concurrent strong roots 0,073ms
[2020-11-04T21:42:33.427+0300][67,357s][info][gc] GC(481) Concurrent evacuation 5,556ms
[2020-11-04T21:42:33.427+0300][67,357s][info][gc] GC(481) Pause Init Update Refs 0,013ms
[2020-11-04T21:42:33.451+0300][67,381s][info][gc] GC(481) Concurrent update references 23,821ms
[2020-11-04T21:42:33.451+0300][67,381s][info][gc] GC(481) Pause Final Update Refs 0,118ms
[2020-11-04T21:42:33.452+0300][67,381s][info][gc] GC(481) Concurrent cleanup 420M->192M(512M) 0,151ms
[2020-11-04T21:42:33.506+0300][67,435s][info][gc] Trigger: Average GC time (75,54 ms) is above the time for allocation rate (1682 MB/s) to deplete free headroom (126M)
[2020-11-04T21:42:33.506+0300][67,436s][info][gc] GC(482) Concurrent reset 0,585ms
[2020-11-04T21:42:33.507+0300][67,436s][info][gc] GC(482) Pause Init Mark (unload classes) 0,127ms
[2020-11-04T21:42:33.561+0300][67,491s][info][gc] GC(482) Concurrent marking (unload classes) 54,587ms
[2020-11-04T21:42:33.562+0300][67,492s][info][gc] GC(482) Pause Final Mark (unload classes) 0,387ms
[2020-11-04T21:42:33.562+0300][67,492s][info][gc] GC(482) Concurrent weak roots 0,389ms
[2020-11-04T21:42:33.563+0300][67,492s][info][gc] GC(482) Concurrent cleanup 357M->357M(512M) 0,038ms
[2020-11-04T21:42:33.563+0300][67,493s][info][gc] GC(482) Concurrent class unloading 0,840ms
[2020-11-04T21:42:33.564+0300][67,493s][info][gc] GC(482) Concurrent strong roots 0,113ms
[2020-11-04T21:42:33.569+0300][67,499s][info][gc] GC(482) Concurrent evacuation 5,565ms
[2020-11-04T21:42:33.569+0300][67,499s][info][gc] GC(482) Pause Init Update Refs 0,014ms
[2020-11-04T21:42:33.595+0300][67,525s][info][gc] GC(482) Concurrent update references 25,197ms
[2020-11-04T21:42:33.595+0300][67,525s][info][gc] GC(482) Pause Final Update Refs 0,238ms
[2020-11-04T21:42:33.596+0300][67,525s][info][gc] GC(482) Concurrent cleanup 427M->202M(512M) 0,148ms
[2020-11-04T21:42:33.646+0300][67,576s][info][gc] Trigger: Average GC time (80,93 ms) is above the time for allocation rate (1562 MB/s) to deplete free headroom (124M)
[2020-11-04T21:42:33.647+0300][67,577s][info][gc] GC(483) Concurrent reset 0,568ms
[2020-11-04T21:42:33.647+0300][67,577s][info][gc] GC(483) Pause Init Mark (unload classes) 0,134ms
[2020-11-04T21:42:33.694+0300][67,624s][info][gc] GC(483) Concurrent marking (unload classes) 46,284ms
[2020-11-04T21:42:33.695+0300][67,624s][info][gc] GC(483) Pause Final Mark (unload classes) 0,428ms
[2020-11-04T21:42:33.695+0300][67,625s][info][gc] GC(483) Concurrent weak roots 0,442ms
[2020-11-04T21:42:33.695+0300][67,625s][info][gc] GC(483) Concurrent cleanup 357M->357M(512M) 0,034ms
[2020-11-04T21:42:33.696+0300][67,626s][info][gc] GC(483) Concurrent class unloading 0,825ms
[2020-11-04T21:42:33.696+0300][67,626s][info][gc] GC(483) Concurrent strong roots 0,135ms
[2020-11-04T21:42:33.702+0300][67,632s][info][gc] GC(483) Concurrent evacuation 5,564ms
[2020-11-04T21:42:33.702+0300][67,632s][info][gc] GC(483) Pause Init Update Refs 0,014ms
[2020-11-04T21:42:33.728+0300][67,658s][info][gc] GC(483) Concurrent update references 26,291ms
[2020-11-04T21:42:33.729+0300][67,659s][info][gc] GC(483) Pause Final Update Refs 0,148ms
[2020-11-04T21:42:33.729+0300][67,659s][info][gc] GC(483) Concurrent cleanup 425M->205M(512M) 0,113ms
[2020-11-04T21:42:33.776+0300][67,706s][info][gc] Trigger: Average GC time (82,32 ms) is above the time for allocation rate (1603 MB/s) to deplete free headroom (131M)
[2020-11-04T21:42:33.776+0300][67,706s][info][gc] GC(484) Concurrent reset 0,602ms
[2020-11-04T21:42:33.777+0300][67,707s][info][gc] GC(484) Pause Init Mark (unload classes) 0,094ms
[2020-11-04T21:42:33.826+0300][67,755s][info][gc] GC(484) Concurrent marking (unload classes) 48,752ms
[2020-11-04T21:42:33.826+0300][67,756s][info][gc] GC(484) Pause Final Mark (unload classes) 0,539ms
[2020-11-04T21:42:33.827+0300][67,757s][info][gc] GC(484) Concurrent weak roots 0,370ms
[2020-11-04T21:42:33.827+0300][67,757s][info][gc] GC(484) Concurrent cleanup 351M->351M(512M) 0,032ms
[2020-11-04T21:42:33.828+0300][67,758s][info][gc] GC(484) Concurrent class unloading 0,989ms
[2020-11-04T21:42:33.828+0300][67,758s][info][gc] GC(484) Concurrent strong roots 0,102ms
[2020-11-04T21:42:33.833+0300][67,763s][info][gc] GC(484) Concurrent evacuation 4,955ms
[2020-11-04T21:42:33.833+0300][67,763s][info][gc] GC(484) Pause Init Update Refs 0,021ms
[2020-11-04T21:42:33.862+0300][67,792s][info][gc] GC(484) Concurrent update references 28,398ms
[2020-11-04T21:42:33.862+0300][67,792s][info][gc] GC(484) Pause Final Update Refs 0,131ms
[2020-11-04T21:42:33.862+0300][67,792s][info][gc] GC(484) Concurrent cleanup 423M->216M(512M) 0,086ms
[2020-11-04T21:42:33.906+0300][67,836s][info][gc] Trigger: Average GC time (84,54 ms) is above the time for allocation rate (1553 MB/s) to deplete free headroom (130M)
[2020-11-04T21:42:33.907+0300][67,836s][info][gc] GC(485) Concurrent reset 0,590ms
[2020-11-04T21:42:33.907+0300][67,837s][info][gc] GC(485) Pause Init Mark (process weakrefs) (unload classes) 0,092ms
[2020-11-04T21:42:33.960+0300][67,890s][info][gc] GC(485) Concurrent marking (process weakrefs) (unload classes) 52,945ms
[2020-11-04T21:42:33.960+0300][67,890s][info][gc] GC(485) Concurrent precleaning 0,157ms
[2020-11-04T21:42:33.961+0300][67,891s][info][gc] GC(485) Pause Final Mark (process weakrefs) (unload classes) 0,541ms
[2020-11-04T21:42:33.961+0300][67,891s][info][gc] GC(485) Concurrent weak roots 0,397ms
[2020-11-04T21:42:33.961+0300][67,891s][info][gc] GC(485) Concurrent cleanup 352M->352M(512M) 0,035ms
[2020-11-04T21:42:33.962+0300][67,892s][info][gc] GC(485) Concurrent class unloading 0,826ms
[2020-11-04T21:42:33.962+0300][67,892s][info][gc] GC(485) Concurrent strong roots 0,129ms
[2020-11-04T21:42:33.967+0300][67,897s][info][gc] GC(485) Concurrent evacuation 4,879ms
[2020-11-04T21:42:33.968+0300][67,898s][info][gc] GC(485) Pause Init Update Refs 0,021ms
[2020-11-04T21:42:33.996+0300][67,926s][info][gc] GC(485) Concurrent update references 28,499ms
[2020-11-04T21:42:33.997+0300][67,927s][info][gc] GC(485) Pause Final Update Refs 0,154ms
[2020-11-04T21:42:33.997+0300][67,927s][info][gc] GC(485) Concurrent cleanup 427M->224M(512M) 0,109ms
[2020-11-04T21:42:34.037+0300][67,967s][info][gc] Trigger: Average GC time (86,05 ms) is above the time for allocation rate (1502 MB/s) to deplete free headroom (129M)
[2020-11-04T21:42:34.038+0300][67,968s][info][gc] GC(486) Concurrent reset 0,644ms
[2020-11-04T21:42:34.039+0300][67,968s][info][gc] GC(486) Pause Init Mark (unload classes) 0,212ms
[2020-11-04T21:42:34.097+0300][68,027s][info][gc] GC(486) Concurrent marking (unload classes) 58,450ms
[2020-11-04T21:42:34.098+0300][68,028s][info][gc] GC(486) Pause Final Mark (unload classes) 0,738ms
[2020-11-04T21:42:34.098+0300][68,028s][info][gc] GC(486) Concurrent weak roots 0,358ms
[2020-11-04T21:42:34.099+0300][68,028s][info][gc] GC(486) Concurrent cleanup 353M->353M(512M) 0,040ms
[2020-11-04T21:42:34.100+0300][68,029s][info][gc] GC(486) Concurrent class unloading 1,000ms
[2020-11-04T21:42:34.100+0300][68,030s][info][gc] GC(486) Concurrent strong roots 0,113ms
[2020-11-04T21:42:34.105+0300][68,034s][info][gc] GC(486) Concurrent evacuation 4,850ms
[2020-11-04T21:42:34.105+0300][68,035s][info][gc] GC(486) Pause Init Update Refs 0,011ms
[2020-11-04T21:42:34.148+0300][68,078s][info][gc] GC(486) Concurrent update references 42,666ms
[2020-11-04T21:42:34.148+0300][68,078s][info][gc] GC(486) Pause Final Update Refs 0,373ms
[2020-11-04T21:42:34.149+0300][68,078s][info][gc] GC(486) Concurrent cleanup 458M->260M(512M) 0,129ms
[2020-11-04T21:42:34.176+0300][68,106s][info][gc] Trigger: Average GC time (92,35 ms) is above the time for allocation rate (1397 MB/s) to deplete free headroom (127M)
[2020-11-04T21:42:34.177+0300][68,107s][info][gc] GC(487) Concurrent reset 0,548ms
[2020-11-04T21:42:34.177+0300][68,107s][info][gc] GC(487) Pause Init Mark (unload classes) 0,120ms
[2020-11-04T21:42:34.245+0300][68,175s][info][gc] GC(487) Concurrent marking (unload classes) 68,013ms
[2020-11-04T21:42:34.246+0300][68,176s][info][gc] GC(487) Pause Final Mark (unload classes) 0,637ms
[2020-11-04T21:42:34.247+0300][68,176s][info][gc] GC(487) Concurrent weak roots 0,379ms
[2020-11-04T21:42:34.247+0300][68,177s][info][gc] GC(487) Concurrent cleanup 355M->355M(512M) 0,039ms
[2020-11-04T21:42:34.247+0300][68,177s][info][gc] GC(487) Concurrent class unloading 0,716ms
[2020-11-04T21:42:34.248+0300][68,177s][info][gc] GC(487) Concurrent strong roots 0,083ms
[2020-11-04T21:42:34.253+0300][68,183s][info][gc] GC(487) Concurrent evacuation 5,549ms
[2020-11-04T21:42:34.253+0300][68,183s][info][gc] GC(487) Pause Init Update Refs 0,014ms
[2020-11-04T21:42:34.285+0300][68,215s][info][gc] GC(487) Concurrent update references 31,622ms
[2020-11-04T21:42:34.286+0300][68,216s][info][gc] GC(487) Pause Final Update Refs 0,245ms
[2020-11-04T21:42:34.286+0300][68,216s][info][gc] GC(487) Concurrent cleanup 431M->238M(512M) 0,130ms
[2020-11-04T21:42:34.331+0300][68,260s][info][gc] Trigger: Average GC time (96,29 ms) is above the time for allocation rate (1270 MB/s) to deplete free headroom (118M)
[2020-11-04T21:42:34.331+0300][68,261s][info][gc] GC(488) Concurrent reset 0,657ms
[2020-11-04T21:42:34.332+0300][68,262s][info][gc] GC(488) Pause Init Mark (unload classes) 0,384ms
[2020-11-04T21:42:34.388+0300][68,318s][info][gc] GC(488) Concurrent marking (unload classes) 56,377ms
[2020-11-04T21:42:34.389+0300][68,319s][info][gc] GC(488) Pause Final Mark (unload classes) 0,404ms
[2020-11-04T21:42:34.390+0300][68,319s][info][gc] GC(488) Concurrent weak roots 0,359ms
[2020-11-04T21:42:34.390+0300][68,319s][info][gc] GC(488) Concurrent cleanup 362M->362M(512M) 0,036ms
[2020-11-04T21:42:34.391+0300][68,320s][info][gc] GC(488) Concurrent class unloading 0,986ms
[2020-11-04T21:42:34.391+0300][68,321s][info][gc] GC(488) Concurrent strong roots 0,114ms
[2020-11-04T21:42:34.396+0300][68,326s][info][gc] GC(488) Concurrent evacuation 4,870ms
[2020-11-04T21:42:34.396+0300][68,326s][info][gc] GC(488) Pause Init Update Refs 0,015ms
[2020-11-04T21:42:34.433+0300][68,363s][info][gc] GC(488) Concurrent update references 36,773ms
[2020-11-04T21:42:34.433+0300][68,363s][info][gc] GC(488) Pause Final Update Refs 0,292ms
[2020-11-04T21:42:34.434+0300][68,364s][info][gc] GC(488) Concurrent cleanup 424M->228M(512M) 0,104ms
[2020-11-04T21:42:34.475+0300][68,405s][info][gc] Trigger: Average GC time (100,36 ms) is above the time for allocation rate (1271 MB/s) to deplete free headroom (125M)
[2020-11-04T21:42:34.476+0300][68,405s][info][gc] GC(489) Concurrent reset 0,608ms
[2020-11-04T21:42:34.476+0300][68,406s][info][gc] GC(489) Pause Init Mark (unload classes) 0,224ms
[2020-11-04T21:42:34.533+0300][68,463s][info][gc] GC(489) Concurrent marking (unload classes) 56,855ms
[2020-11-04T21:42:34.534+0300][68,464s][info][gc] GC(489) Pause Final Mark (unload classes) 0,482ms
[2020-11-04T21:42:34.534+0300][68,464s][info][gc] GC(489) Concurrent weak roots 0,457ms
[2020-11-04T21:42:34.534+0300][68,464s][info][gc] GC(489) Concurrent cleanup 355M->355M(512M) 0,036ms
[2020-11-04T21:42:34.535+0300][68,465s][info][gc] GC(489) Concurrent class unloading 0,807ms
[2020-11-04T21:42:34.535+0300][68,465s][info][gc] GC(489) Concurrent strong roots 0,059ms
[2020-11-04T21:42:34.541+0300][68,471s][info][gc] GC(489) Concurrent evacuation 5,952ms
[2020-11-04T21:42:34.542+0300][68,472s][info][gc] GC(489) Pause Init Update Refs 0,025ms
[2020-11-04T21:42:34.576+0300][68,506s][info][gc] GC(489) Concurrent update references 34,543ms
[2020-11-04T21:42:34.577+0300][68,507s][info][gc] GC(489) Pause Final Update Refs 0,272ms
[2020-11-04T21:42:34.577+0300][68,507s][info][gc] GC(489) Concurrent cleanup 431M->247M(512M) 0,112ms
[2020-11-04T21:42:34.608+0300][68,538s][info][gc] Trigger: Average GC time (103,45 ms) is above the time for allocation rate (1295 MB/s) to deplete free headroom (131M)
[2020-11-04T21:42:34.609+0300][68,538s][info][gc] GC(490) Concurrent reset 0,624ms
[2020-11-04T21:42:34.609+0300][68,539s][info][gc] GC(490) Pause Init Mark (process weakrefs) (unload classes) 0,136ms
[2020-11-04T21:42:34.673+0300][68,602s][info][gc] GC(490) Concurrent marking (process weakrefs) (unload classes) 63,503ms
[2020-11-04T21:42:34.673+0300][68,603s][info][gc] GC(490) Concurrent precleaning 0,183ms
[2020-11-04T21:42:34.674+0300][68,604s][info][gc] GC(490) Pause Final Mark (process weakrefs) (unload classes) 0,803ms
[2020-11-04T21:42:34.674+0300][68,604s][info][gc] GC(490) Concurrent weak roots 0,386ms
[2020-11-04T21:42:34.674+0300][68,604s][info][gc] GC(490) Concurrent cleanup 349M->349M(512M) 0,036ms
[2020-11-04T21:42:34.675+0300][68,605s][info][gc] GC(490) Concurrent class unloading 0,894ms
[2020-11-04T21:42:34.675+0300][68,605s][info][gc] GC(490) Concurrent strong roots 0,117ms
[2020-11-04T21:42:34.680+0300][68,610s][info][gc] GC(490) Concurrent evacuation 4,877ms
[2020-11-04T21:42:34.681+0300][68,611s][info][gc] GC(490) Pause Init Update Refs 0,019ms
[2020-11-04T21:42:34.718+0300][68,648s][info][gc] GC(490) Concurrent update references 37,518ms
[2020-11-04T21:42:34.719+0300][68,649s][info][gc] GC(490) Pause Final Update Refs 0,150ms
[2020-11-04T21:42:34.719+0300][68,649s][info][gc] GC(490) Concurrent cleanup 419M->246M(512M) 0,107ms
[2020-11-04T21:42:34.752+0300][68,682s][info][gc] Trigger: Average GC time (107,45 ms) is above the time for allocation rate (1201 MB/s) to deplete free headroom (126M)
[2020-11-04T21:42:34.753+0300][68,682s][info][gc] GC(491) Concurrent reset 0,620ms
[2020-11-04T21:42:34.753+0300][68,683s][info][gc] GC(491) Pause Init Mark (unload classes) 0,112ms
[2020-11-04T21:42:34.814+0300][68,744s][info][gc] GC(491) Concurrent marking (unload classes) 60,791ms
[2020-11-04T21:42:34.814+0300][68,744s][info][gc] GC(491) Pause Final Mark (unload classes) 0,490ms
[2020-11-04T21:42:34.815+0300][68,745s][info][gc] GC(491) Concurrent weak roots 0,380ms
[2020-11-04T21:42:34.815+0300][68,745s][info][gc] GC(491) Concurrent cleanup 354M->354M(512M) 0,034ms
[2020-11-04T21:42:34.816+0300][68,746s][info][gc] GC(491) Concurrent class unloading 0,848ms
[2020-11-04T21:42:34.816+0300][68,746s][info][gc] GC(491) Concurrent strong roots 0,141ms
[2020-11-04T21:42:34.821+0300][68,751s][info][gc] GC(491) Concurrent evacuation 4,823ms
[2020-11-04T21:42:34.821+0300][68,751s][info][gc] GC(491) Pause Init Update Refs 0,026ms
[2020-11-04T21:42:34.862+0300][68,791s][info][gc] GC(491) Concurrent update references 40,321ms
[2020-11-04T21:42:34.862+0300][68,792s][info][gc] GC(491) Pause Final Update Refs 0,202ms
[2020-11-04T21:42:34.862+0300][68,792s][info][gc] GC(491) Concurrent cleanup 422M->249M(512M) 0,156ms
[2020-11-04T21:42:34.895+0300][68,825s][info][gc] Trigger: Average GC time (107,28 ms) is above the time for allocation rate (1174 MB/s) to deplete free headroom (125M)
[2020-11-04T21:42:34.896+0300][68,826s][info][gc] GC(492) Concurrent reset 0,661ms
[2020-11-04T21:42:34.896+0300][68,826s][info][gc] GC(492) Pause Init Mark (unload classes) 0,185ms
[2020-11-04T21:42:34.984+0300][68,914s][info][gc] GC(492) Concurrent marking (unload classes) 87,395ms
[2020-11-04T21:42:34.985+0300][68,915s][info][gc] GC(492) Pause Final Mark (unload classes) 0,526ms
[2020-11-04T21:42:34.985+0300][68,915s][info][gc] GC(492) Concurrent weak roots 0,395ms
[2020-11-04T21:42:34.985+0300][68,915s][info][gc] GC(492) Concurrent cleanup 356M->356M(512M) 0,034ms
[2020-11-04T21:42:34.986+0300][68,916s][info][gc] GC(492) Concurrent class unloading 0,862ms
[2020-11-04T21:42:34.986+0300][68,916s][info][gc] GC(492) Concurrent strong roots 0,089ms
[2020-11-04T21:42:34.991+0300][68,921s][info][gc] GC(492) Concurrent evacuation 4,659ms
[2020-11-04T21:42:34.991+0300][68,921s][info][gc] GC(492) Pause Init Update Refs 0,017ms
[2020-11-04T21:42:35.028+0300][68,957s][info][gc] GC(492) Concurrent update references 36,108ms
[2020-11-04T21:42:35.028+0300][68,958s][info][gc] GC(492) Pause Final Update Refs 0,158ms
[2020-11-04T21:42:35.028+0300][68,958s][info][gc] GC(492) Concurrent cleanup 442M->273M(512M) 0,110ms
[2020-11-04T21:42:35.054+0300][68,984s][info][gc] Trigger: Average GC time (111,92 ms) is above the time for allocation rate (1076 MB/s) to deplete free headroom (118M)
[2020-11-04T21:42:35.054+0300][68,984s][info][gc] GC(493) Concurrent reset 0,604ms
[2020-11-04T21:42:35.055+0300][68,985s][info][gc] GC(493) Pause Init Mark (unload classes) 0,155ms
[2020-11-04T21:42:35.154+0300][69,084s][info][gc] GC(493) Concurrent marking (unload classes) 98,965ms
[2020-11-04T21:42:35.154+0300][69,084s][info][gc] GC(493) Pause Final Mark (unload classes) 0,350ms
[2020-11-04T21:42:35.155+0300][69,085s][info][gc] GC(493) Concurrent weak roots 0,441ms
[2020-11-04T21:42:35.155+0300][69,085s][info][gc] GC(493) Concurrent cleanup 362M->362M(512M) 0,035ms
[2020-11-04T21:42:35.156+0300][69,086s][info][gc] GC(493) Concurrent class unloading 0,870ms
[2020-11-04T21:42:35.156+0300][69,086s][info][gc] GC(493) Concurrent strong roots 0,149ms
[2020-11-04T21:42:35.162+0300][69,091s][info][gc] GC(493) Concurrent evacuation 5,400ms
[2020-11-04T21:42:35.162+0300][69,092s][info][gc] GC(493) Pause Init Update Refs 0,018ms
[2020-11-04T21:42:35.199+0300][69,129s][info][gc] GC(493) Concurrent update references 37,243ms
[2020-11-04T21:42:35.200+0300][69,130s][info][gc] GC(493) Pause Final Update Refs 0,153ms
[2020-11-04T21:42:35.200+0300][69,130s][info][gc] GC(493) Concurrent cleanup 449M->278M(512M) 0,116ms
[2020-11-04T21:42:35.224+0300][69,154s][info][gc] Trigger: Average GC time (120,54 ms) is above the time for allocation rate (981 MB/s) to deplete free headroom (116M)
[2020-11-04T21:42:35.225+0300][69,155s][info][gc] GC(494) Concurrent reset 0,611ms
[2020-11-04T21:42:35.225+0300][69,155s][info][gc] GC(494) Pause Init Mark (unload classes) 0,123ms
[2020-11-04T21:42:35.297+0300][69,226s][info][gc] GC(494) Concurrent marking (unload classes) 71,133ms
[2020-11-04T21:42:35.297+0300][69,227s][info][gc] GC(494) Pause Final Mark (unload classes) 0,547ms
[2020-11-04T21:42:35.298+0300][69,228s][info][gc] GC(494) Concurrent weak roots 0,483ms
[2020-11-04T21:42:35.298+0300][69,228s][info][gc] GC(494) Concurrent cleanup 363M->363M(512M) 0,034ms
[2020-11-04T21:42:35.299+0300][69,229s][info][gc] GC(494) Concurrent class unloading 1,119ms
[2020-11-04T21:42:35.299+0300][69,229s][info][gc] GC(494) Concurrent strong roots 0,144ms
[2020-11-04T21:42:35.305+0300][69,235s][info][gc] GC(494) Concurrent evacuation 5,458ms
[2020-11-04T21:42:35.305+0300][69,235s][info][gc] GC(494) Pause Init Update Refs 0,024ms
[2020-11-04T21:42:35.347+0300][69,277s][info][gc] GC(494) Concurrent update references 42,137ms
[2020-11-04T21:42:35.348+0300][69,278s][info][gc] GC(494) Pause Final Update Refs 0,149ms
[2020-11-04T21:42:35.348+0300][69,278s][info][gc] GC(494) Concurrent cleanup 444M->276M(512M) 0,116ms
[2020-11-04T21:42:35.383+0300][69,313s][info][gc] Trigger: Average GC time (124,86 ms) is above the time for allocation rate (988 MB/s) to deplete free headroom (122M)
[2020-11-04T21:42:35.384+0300][69,313s][info][gc] GC(495) Concurrent reset 0,643ms
[2020-11-04T21:42:35.384+0300][69,314s][info][gc] GC(495) Pause Init Mark (process weakrefs) (unload classes) 0,132ms
[2020-11-04T21:42:35.431+0300][69,361s][info][gc] GC(495) Concurrent marking (process weakrefs) (unload classes) 46,782ms
[2020-11-04T21:42:35.431+0300][69,361s][info][gc] GC(495) Concurrent precleaning 0,163ms
[2020-11-04T21:42:35.432+0300][69,362s][info][gc] GC(495) Pause Final Mark (process weakrefs) (unload classes) 0,396ms
[2020-11-04T21:42:35.432+0300][69,362s][info][gc] GC(495) Concurrent weak roots 0,542ms
[2020-11-04T21:42:35.433+0300][69,362s][info][gc] GC(495) Concurrent cleanup 357M->353M(512M) 0,044ms
[2020-11-04T21:42:35.434+0300][69,364s][info][gc] GC(495) Concurrent class unloading 1,219ms
[2020-11-04T21:42:35.434+0300][69,364s][info][gc] GC(495) Concurrent strong roots 0,118ms
[2020-11-04T21:42:35.437+0300][69,367s][info][gc] GC(495) Concurrent evacuation 2,949ms
[2020-11-04T21:42:35.437+0300][69,367s][info][gc] GC(495) Pause Init Update Refs 0,018ms
[2020-11-04T21:42:35.457+0300][69,387s][info][gc] GC(495) Concurrent update references 19,820ms
[2020-11-04T21:42:35.458+0300][69,387s][info][gc] GC(495) Pause Final Update Refs 0,169ms
[2020-11-04T21:42:35.458+0300][69,388s][info][gc] GC(495) Concurrent cleanup 387M->135M(512M) 0,148ms
[2020-11-04T21:42:35.514+0300][69,444s][info][gc] Trigger: Average GC time (117,61 ms) is above the time for allocation rate (1517 MB/s) to deplete free headroom (175M)
[2020-11-04T21:42:35.514+0300][69,444s][info][gc] GC(496) Concurrent reset 0,524ms
[2020-11-04T21:42:35.515+0300][69,445s][info][gc] GC(496) Pause Init Mark (unload classes) 0,168ms
[2020-11-04T21:42:35.554+0300][69,483s][info][gc] GC(496) Concurrent marking (unload classes) 38,532ms
[2020-11-04T21:42:35.554+0300][69,484s][info][gc] GC(496) Pause Final Mark (unload classes) 0,551ms
[2020-11-04T21:42:35.555+0300][69,485s][info][gc] GC(496) Concurrent weak roots 0,411ms
[2020-11-04T21:42:35.555+0300][69,485s][info][gc] GC(496) Concurrent cleanup 310M->310M(512M) 0,035ms
[2020-11-04T21:42:35.556+0300][69,486s][info][gc] GC(496) Concurrent class unloading 1,072ms
[2020-11-04T21:42:35.556+0300][69,486s][info][gc] GC(496) Concurrent strong roots 0,122ms
[2020-11-04T21:42:35.561+0300][69,491s][info][gc] GC(496) Concurrent evacuation 4,870ms
[2020-11-04T21:42:35.561+0300][69,491s][info][gc] GC(496) Pause Init Update Refs 0,029ms
[2020-11-04T21:42:35.584+0300][69,514s][info][gc] GC(496) Concurrent update references 22,576ms
[2020-11-04T21:42:35.585+0300][69,514s][info][gc] GC(496) Pause Final Update Refs 0,208ms
[2020-11-04T21:42:35.585+0300][69,515s][info][gc] GC(496) Concurrent cleanup 355M->156M(512M) 0,124ms
[2020-11-04T21:42:35.633+0300][69,562s][info][gc] Trigger: Average GC time (109,70 ms) is above the time for allocation rate (1613 MB/s) to deplete free headroom (176M)
[2020-11-04T21:42:35.633+0300][69,563s][info][gc] GC(497) Concurrent reset 0,513ms
[2020-11-04T21:42:35.633+0300][69,563s][info][gc] GC(497) Pause Init Mark (unload classes) 0,104ms
[2020-11-04T21:42:35.682+0300][69,612s][info][gc] GC(497) Concurrent marking (unload classes) 48,218ms
[2020-11-04T21:42:35.682+0300][69,612s][info][gc] GC(497) Pause Final Mark (unload classes) 0,418ms
[2020-11-04T21:42:35.683+0300][69,613s][info][gc] GC(497) Concurrent weak roots 0,421ms
[2020-11-04T21:42:35.683+0300][69,613s][info][gc] GC(497) Concurrent cleanup 310M->310M(512M) 0,035ms
[2020-11-04T21:42:35.684+0300][69,614s][info][gc] GC(497) Concurrent class unloading 0,914ms
[2020-11-04T21:42:35.684+0300][69,614s][info][gc] GC(497) Concurrent strong roots 0,105ms
[2020-11-04T21:42:35.689+0300][69,619s][info][gc] GC(497) Concurrent evacuation 4,966ms
[2020-11-04T21:42:35.689+0300][69,619s][info][gc] GC(497) Pause Init Update Refs 0,018ms
[2020-11-04T21:42:35.710+0300][69,640s][info][gc] GC(497) Concurrent update references 20,847ms
[2020-11-04T21:42:35.711+0300][69,641s][info][gc] GC(497) Pause Final Update Refs 0,140ms
[2020-11-04T21:42:35.711+0300][69,641s][info][gc] GC(497) Concurrent cleanup 366M->174M(512M) 0,130ms
[2020-11-04T21:42:35.759+0300][69,689s][info][gc] Trigger: Average GC time (98,79 ms) is above the time for allocation rate (1616 MB/s) to deplete free headroom (158M)
[2020-11-04T21:42:35.759+0300][69,689s][info][gc] GC(498) Concurrent reset 0,571ms
[2020-11-04T21:42:35.760+0300][69,690s][info][gc] GC(498) Pause Init Mark (unload classes) 0,101ms
[2020-11-04T21:42:35.800+0300][69,729s][info][gc] GC(498) Concurrent marking (unload classes) 39,783ms
[2020-11-04T21:42:35.800+0300][69,730s][info][gc] GC(498) Pause Final Mark (unload classes) 0,368ms
[2020-11-04T21:42:35.801+0300][69,731s][info][gc] GC(498) Concurrent weak roots 0,501ms
[2020-11-04T21:42:35.801+0300][69,731s][info][gc] GC(498) Concurrent cleanup 325M->325M(512M) 0,037ms
[2020-11-04T21:42:35.802+0300][69,732s][info][gc] GC(498) Concurrent class unloading 0,997ms
[2020-11-04T21:42:35.802+0300][69,732s][info][gc] GC(498) Concurrent strong roots 0,142ms
[2020-11-04T21:42:35.809+0300][69,738s][info][gc] GC(498) Concurrent evacuation 6,498ms
[2020-11-04T21:42:35.809+0300][69,739s][info][gc] GC(498) Pause Init Update Refs 0,018ms
[2020-11-04T21:42:35.834+0300][69,764s][info][gc] GC(498) Concurrent update references 25,418ms
[2020-11-04T21:42:35.835+0300][69,765s][info][gc] GC(498) Pause Final Update Refs 0,150ms
[2020-11-04T21:42:35.835+0300][69,765s][info][gc] GC(498) Concurrent cleanup 375M->171M(512M) 0,128ms
[2020-11-04T21:42:35.892+0300][69,822s][info][gc] Trigger: Average GC time (84,83 ms) is above the time for allocation rate (1649 MB/s) to deplete free headroom (136M)
[2020-11-04T21:42:35.893+0300][69,823s][info][gc] GC(499) Concurrent reset 0,567ms
[2020-11-04T21:42:35.893+0300][69,823s][info][gc] GC(499) Pause Init Mark (unload classes) 0,149ms
[2020-11-04T21:42:35.940+0300][69,870s][info][gc] GC(499) Concurrent marking (unload classes) 46,378ms
[2020-11-04T21:42:35.941+0300][69,870s][info][gc] GC(499) Pause Final Mark (unload classes) 0,516ms
[2020-11-04T21:42:35.941+0300][69,871s][info][gc] GC(499) Concurrent weak roots 0,560ms
[2020-11-04T21:42:35.941+0300][69,871s][info][gc] GC(499) Concurrent cleanup 345M->345M(512M) 0,044ms
[2020-11-04T21:42:35.942+0300][69,872s][info][gc] GC(499) Concurrent class unloading 1,210ms
[2020-11-04T21:42:35.943+0300][69,872s][info][gc] GC(499) Concurrent strong roots 0,091ms
[2020-11-04T21:42:35.950+0300][69,880s][info][gc] GC(499) Concurrent evacuation 7,157ms
[2020-11-04T21:42:35.950+0300][69,880s][info][gc] GC(499) Pause Init Update Refs 0,025ms
[2020-11-04T21:42:35.984+0300][69,913s][info][gc] GC(499) Concurrent update references 33,416ms
[2020-11-04T21:42:35.984+0300][69,914s][info][gc] GC(499) Pause Final Update Refs 0,204ms
[2020-11-04T21:42:35.984+0300][69,914s][info][gc] GC(499) Concurrent cleanup 436M->216M(512M) 0,104ms
[2020-11-04T21:42:36.035+0300][69,965s][info][gc] Trigger: Average GC time (78,47 ms) is above the time for allocation rate (1582 MB/s) to deplete free headroom (123M)
[2020-11-04T21:42:36.036+0300][69,966s][info][gc] GC(500) Concurrent reset 0,612ms
[2020-11-04T21:42:36.036+0300][69,966s][info][gc] GC(500) Pause Init Mark (process weakrefs) (unload classes) 0,105ms
[2020-11-04T21:42:36.088+0300][70,018s][info][gc] GC(500) Concurrent marking (process weakrefs) (unload classes) 51,934ms
[2020-11-04T21:42:36.088+0300][70,018s][info][gc] GC(500) Concurrent precleaning 0,115ms
[2020-11-04T21:42:36.089+0300][70,019s][info][gc] GC(500) Pause Final Mark (process weakrefs) (unload classes) 0,430ms
[2020-11-04T21:42:36.090+0300][70,019s][info][gc] GC(500) Concurrent weak roots 0,473ms
[2020-11-04T21:42:36.090+0300][70,019s][info][gc] GC(500) Concurrent cleanup 358M->358M(512M) 0,034ms
[2020-11-04T21:42:36.091+0300][70,020s][info][gc] GC(500) Concurrent class unloading 0,939ms
[2020-11-04T21:42:36.091+0300][70,021s][info][gc] GC(500) Concurrent strong roots 0,143ms
[2020-11-04T21:42:36.097+0300][70,027s][info][gc] GC(500) Concurrent evacuation 6,075ms
[2020-11-04T21:42:36.097+0300][70,027s][info][gc] GC(500) Pause Init Update Refs 0,016ms
[2020-11-04T21:42:36.125+0300][70,055s][info][gc] GC(500) Concurrent update references 28,205ms
[2020-11-04T21:42:36.126+0300][70,056s][info][gc] GC(500) Pause Final Update Refs 0,173ms
[2020-11-04T21:42:36.126+0300][70,056s][info][gc] GC(500) Concurrent cleanup 410M->184M(512M) 0,159ms
[2020-11-04T21:42:36.191+0300][70,121s][info][gc] Trigger: Average GC time (81,69 ms) is above the time for allocation rate (1455 MB/s) to deplete free headroom (117M)
[2020-11-04T21:42:36.191+0300][70,121s][info][gc] GC(501) Concurrent reset 0,578ms
[2020-11-04T21:42:36.192+0300][70,121s][info][gc] GC(501) Pause Init Mark (unload classes) 0,127ms
[2020-11-04T21:42:36.250+0300][70,180s][info][gc] GC(501) Concurrent marking (unload classes) 58,347ms
[2020-11-04T21:42:36.251+0300][70,181s][info][gc] GC(501) Pause Final Mark (unload classes) 0,457ms
[2020-11-04T21:42:36.251+0300][70,181s][info][gc] GC(501) Concurrent weak roots 0,436ms
[2020-11-04T21:42:36.251+0300][70,181s][info][gc] GC(501) Concurrent cleanup 364M->364M(512M) 0,037ms
[2020-11-04T21:42:36.252+0300][70,182s][info][gc] GC(501) Concurrent class unloading 0,915ms
[2020-11-04T21:42:36.252+0300][70,182s][info][gc] GC(501) Concurrent strong roots 0,062ms
[2020-11-04T21:42:36.258+0300][70,188s][info][gc] GC(501) Concurrent evacuation 5,397ms
[2020-11-04T21:42:36.258+0300][70,188s][info][gc] GC(501) Pause Init Update Refs 0,015ms
[2020-11-04T21:42:36.296+0300][70,226s][info][gc] GC(501) Concurrent update references 37,970ms
[2020-11-04T21:42:36.296+0300][70,226s][info][gc] GC(501) Pause Final Update Refs 0,145ms
[2020-11-04T21:42:36.297+0300][70,226s][info][gc] GC(501) Concurrent cleanup 460M->233M(512M) 0,086ms
[2020-11-04T21:42:36.334+0300][70,264s][info][gc] Trigger: Average GC time (88,69 ms) is above the time for allocation rate (1464 MB/s) to deplete free headroom (128M)
[2020-11-04T21:42:36.334+0300][70,264s][info][gc] GC(502) Concurrent reset 0,612ms
[2020-11-04T21:42:36.336+0300][70,266s][info][gc] GC(502) Pause Init Mark (unload classes) 0,099ms
[2020-11-04T21:42:36.391+0300][70,321s][info][gc] GC(502) Concurrent marking (unload classes) 55,547ms
[2020-11-04T21:42:36.392+0300][70,322s][info][gc] GC(502) Pause Final Mark (unload classes) 0,429ms
[2020-11-04T21:42:36.393+0300][70,322s][info][gc] GC(502) Concurrent weak roots 0,418ms
[2020-11-04T21:42:36.393+0300][70,322s][info][gc] GC(502) Concurrent cleanup 356M->356M(512M) 0,032ms
[2020-11-04T21:42:36.394+0300][70,323s][info][gc] GC(502) Concurrent class unloading 1,009ms
[2020-11-04T21:42:36.394+0300][70,324s][info][gc] GC(502) Concurrent strong roots 0,128ms
[2020-11-04T21:42:36.399+0300][70,329s][info][gc] GC(502) Concurrent evacuation 5,138ms
[2020-11-04T21:42:36.399+0300][70,329s][info][gc] GC(502) Pause Init Update Refs 0,014ms
[2020-11-04T21:42:36.428+0300][70,358s][info][gc] GC(502) Concurrent update references 28,509ms
[2020-11-04T21:42:36.428+0300][70,358s][info][gc] GC(502) Pause Final Update Refs 0,162ms
[2020-11-04T21:42:36.429+0300][70,358s][info][gc] GC(502) Concurrent cleanup 428M->217M(512M) 0,087ms
[2020-11-04T21:42:36.471+0300][70,401s][info][gc] Trigger: Average GC time (91,97 ms) is above the time for allocation rate (1469 MB/s) to deplete free headroom (132M)
[2020-11-04T21:42:36.472+0300][70,401s][info][gc] GC(503) Concurrent reset 0,596ms
[2020-11-04T21:42:36.472+0300][70,402s][info][gc] GC(503) Pause Init Mark (unload classes) 0,097ms
[2020-11-04T21:42:36.523+0300][70,452s][info][gc] GC(503) Concurrent marking (unload classes) 50,481ms
[2020-11-04T21:42:36.523+0300][70,453s][info][gc] GC(503) Pause Final Mark (unload classes) 0,344ms
[2020-11-04T21:42:36.524+0300][70,454s][info][gc] GC(503) Concurrent weak roots 0,450ms
[2020-11-04T21:42:36.524+0300][70,454s][info][gc] GC(503) Concurrent cleanup 350M->350M(512M) 0,044ms
[2020-11-04T21:42:36.525+0300][70,455s][info][gc] GC(503) Concurrent class unloading 0,868ms
[2020-11-04T21:42:36.525+0300][70,455s][info][gc] GC(503) Concurrent strong roots 0,150ms
[2020-11-04T21:42:36.530+0300][70,460s][info][gc] GC(503) Concurrent evacuation 5,440ms
[2020-11-04T21:42:36.531+0300][70,461s][info][gc] GC(503) Pause Init Update Refs 0,017ms
[2020-11-04T21:42:36.560+0300][70,490s][info][gc] GC(503) Concurrent update references 29,060ms
[2020-11-04T21:42:36.560+0300][70,490s][info][gc] GC(503) Pause Final Update Refs 0,186ms
[2020-11-04T21:42:36.561+0300][70,490s][info][gc] GC(503) Concurrent cleanup 421M->222M(512M) 0,117ms
[2020-11-04T21:42:36.605+0300][70,535s][info][gc] Trigger: Average GC time (94,62 ms) is above the time for allocation rate (1431 MB/s) to deplete free headroom (133M)
[2020-11-04T21:42:36.606+0300][70,536s][info][gc] GC(504) Concurrent reset 0,594ms
[2020-11-04T21:42:36.606+0300][70,536s][info][gc] GC(504) Pause Init Mark (unload classes) 0,121ms
[2020-11-04T21:42:36.658+0300][70,588s][info][gc] GC(504) Concurrent marking (unload classes) 52,071ms
[2020-11-04T21:42:36.659+0300][70,589s][info][gc] GC(504) Pause Final Mark (unload classes) 0,516ms
[2020-11-04T21:42:36.659+0300][70,589s][info][gc] GC(504) Concurrent weak roots 0,365ms
[2020-11-04T21:42:36.660+0300][70,589s][info][gc] GC(504) Concurrent cleanup 349M->349M(512M) 0,036ms
[2020-11-04T21:42:36.660+0300][70,590s][info][gc] GC(504) Concurrent class unloading 0,737ms
[2020-11-04T21:42:36.660+0300][70,590s][info][gc] GC(504) Concurrent strong roots 0,099ms
[2020-11-04T21:42:36.665+0300][70,595s][info][gc] GC(504) Concurrent evacuation 4,607ms
[2020-11-04T21:42:36.665+0300][70,595s][info][gc] GC(504) Pause Init Update Refs 0,025ms
[2020-11-04T21:42:36.704+0300][70,633s][info][gc] GC(504) Concurrent update references 38,130ms
[2020-11-04T21:42:36.704+0300][70,634s][info][gc] GC(504) Pause Final Update Refs 0,355ms
[2020-11-04T21:42:36.704+0300][70,634s][info][gc] GC(504) Concurrent cleanup 445M->253M(512M) 0,118ms
[2020-11-04T21:42:36.731+0300][70,661s][info][gc] Trigger: Average GC time (96,10 ms) is above the time for allocation rate (1455 MB/s) to deplete free headroom (136M)
[2020-11-04T21:42:36.732+0300][70,661s][info][gc] GC(505) Concurrent reset 0,628ms
[2020-11-04T21:42:36.732+0300][70,662s][info][gc] GC(505) Pause Init Mark (process weakrefs) (unload classes) 0,109ms
[2020-11-04T21:42:36.786+0300][70,716s][info][gc] GC(505) Concurrent marking (process weakrefs) (unload classes) 54,388ms
[2020-11-04T21:42:36.787+0300][70,716s][info][gc] GC(505) Concurrent precleaning 0,155ms
[2020-11-04T21:42:36.787+0300][70,717s][info][gc] GC(505) Pause Final Mark (process weakrefs) (unload classes) 0,630ms
[2020-11-04T21:42:36.788+0300][70,718s][info][gc] GC(505) Concurrent weak roots 0,381ms
[2020-11-04T21:42:36.788+0300][70,718s][info][gc] GC(505) Concurrent cleanup 345M->345M(512M) 0,035ms
[2020-11-04T21:42:36.789+0300][70,719s][info][gc] GC(505) Concurrent class unloading 0,838ms
[2020-11-04T21:42:36.789+0300][70,719s][info][gc] GC(505) Concurrent strong roots 0,130ms
[2020-11-04T21:42:36.794+0300][70,723s][info][gc] GC(505) Concurrent evacuation 4,566ms
[2020-11-04T21:42:36.794+0300][70,724s][info][gc] GC(505) Pause Init Update Refs 0,028ms
[2020-11-04T21:42:36.836+0300][70,765s][info][gc] GC(505) Concurrent update references 41,588ms
[2020-11-04T21:42:36.836+0300][70,766s][info][gc] GC(505) Pause Final Update Refs 0,148ms
[2020-11-04T21:42:36.836+0300][70,766s][info][gc] GC(505) Concurrent cleanup 446M->262M(512M) 0,082ms
[2020-11-04T21:42:36.859+0300][70,789s][info][gc] Trigger: Average GC time (98,97 ms) is above the time for allocation rate (1385 MB/s) to deplete free headroom (136M)
[2020-11-04T21:42:36.860+0300][70,790s][info][gc] GC(506) Concurrent reset 0,578ms
[2020-11-04T21:42:36.861+0300][70,790s][info][gc] GC(506) Pause Init Mark (unload classes) 0,151ms
[2020-11-04T21:42:36.941+0300][70,871s][info][gc] GC(506) Concurrent marking (unload classes) 80,604ms
[2020-11-04T21:42:36.942+0300][70,872s][info][gc] GC(506) Pause Final Mark (unload classes) 0,605ms
[2020-11-04T21:42:36.942+0300][70,872s][info][gc] GC(506) Concurrent weak roots 0,386ms
[2020-11-04T21:42:36.943+0300][70,872s][info][gc] GC(506) Concurrent cleanup 346M->346M(512M) 0,032ms
[2020-11-04T21:42:36.943+0300][70,873s][info][gc] GC(506) Concurrent class unloading 0,699ms
[2020-11-04T21:42:36.943+0300][70,873s][info][gc] GC(506) Concurrent strong roots 0,070ms
[2020-11-04T21:42:36.948+0300][70,877s][info][gc] GC(506) Concurrent evacuation 4,195ms
[2020-11-04T21:42:36.948+0300][70,878s][info][gc] GC(506) Pause Init Update Refs 0,010ms
[2020-11-04T21:42:36.980+0300][70,909s][info][gc] GC(506) Concurrent update references 31,568ms
[2020-11-04T21:42:36.980+0300][70,910s][info][gc] GC(506) Pause Final Update Refs 0,133ms
[2020-11-04T21:42:36.980+0300][70,910s][info][gc] GC(506) Concurrent cleanup 421M->243M(512M) 0,103ms
[2020-11-04T21:42:37.017+0300][70,947s][info][gc] Trigger: Average GC time (101,90 ms) is above the time for allocation rate (1204 MB/s) to deplete free headroom (119M)
[2020-11-04T21:42:37.018+0300][70,948s][info][gc] GC(507) Concurrent reset 0,631ms
[2020-11-04T21:42:37.018+0300][70,948s][info][gc] GC(507) Pause Init Mark (unload classes) 0,296ms
[2020-11-04T21:42:37.078+0300][71,008s][info][gc] GC(507) Concurrent marking (unload classes) 59,192ms
[2020-11-04T21:42:37.078+0300][71,008s][info][gc] GC(507) Pause Final Mark (unload classes) 0,369ms
[2020-11-04T21:42:37.079+0300][71,009s][info][gc] GC(507) Concurrent weak roots 0,427ms
[2020-11-04T21:42:37.079+0300][71,009s][info][gc] GC(507) Concurrent cleanup 360M->360M(512M) 0,031ms
[2020-11-04T21:42:37.080+0300][71,009s][info][gc] GC(507) Concurrent class unloading 0,775ms
[2020-11-04T21:42:37.080+0300][71,010s][info][gc] GC(507) Concurrent strong roots 0,165ms
[2020-11-04T21:42:37.086+0300][71,016s][info][gc] GC(507) Concurrent evacuation 6,156ms
[2020-11-04T21:42:37.086+0300][71,016s][info][gc] GC(507) Pause Init Update Refs 0,011ms
[2020-11-04T21:42:37.119+0300][71,049s][info][gc] GC(507) Concurrent update references 32,610ms
[2020-11-04T21:42:37.120+0300][71,049s][info][gc] GC(507) Pause Final Update Refs 0,321ms
[2020-11-04T21:42:37.120+0300][71,050s][info][gc] GC(507) Concurrent cleanup 447M->257M(512M) 0,117ms
[2020-11-04T21:42:37.146+0300][71,076s][info][gc] Trigger: Average GC time (103,45 ms) is above the time for allocation rate (1317 MB/s) to deplete free headroom (133M)
[2020-11-04T21:42:37.147+0300][71,077s][info][gc] GC(508) Concurrent reset 0,650ms
[2020-11-04T21:42:37.147+0300][71,077s][info][gc] GC(508) Pause Init Mark (unload classes) 0,145ms
[2020-11-04T21:42:37.205+0300][71,135s][info][gc] GC(508) Concurrent marking (unload classes) 57,541ms
[2020-11-04T21:42:37.206+0300][71,136s][info][gc] GC(508) Pause Final Mark (unload classes) 0,877ms
[2020-11-04T21:42:37.207+0300][71,136s][info][gc] GC(508) Concurrent weak roots 0,375ms
[2020-11-04T21:42:37.207+0300][71,136s][info][gc] GC(508) Concurrent cleanup 348M->348M(512M) 0,031ms
[2020-11-04T21:42:37.208+0300][71,138s][info][gc] GC(508) Concurrent class unloading 1,286ms
[2020-11-04T21:42:37.208+0300][71,138s][info][gc] GC(508) Concurrent strong roots 0,138ms
[2020-11-04T21:42:37.212+0300][71,142s][info][gc] GC(508) Concurrent evacuation 4,197ms
[2020-11-04T21:42:37.213+0300][71,142s][info][gc] GC(508) Pause Init Update Refs 0,012ms
[2020-11-04T21:42:37.247+0300][71,177s][info][gc] GC(508) Concurrent update references 34,504ms
[2020-11-04T21:42:37.248+0300][71,178s][info][gc] GC(508) Pause Final Update Refs 0,320ms
[2020-11-04T21:42:37.248+0300][71,178s][info][gc] GC(508) Concurrent cleanup 428M->257M(512M) 0,110ms
[2020-11-04T21:42:37.273+0300][71,203s][info][gc] Trigger: Average GC time (105,86 ms) is above the time for allocation rate (1285 MB/s) to deplete free headroom (135M)
[2020-11-04T21:42:37.274+0300][71,204s][info][gc] GC(509) Concurrent reset 0,687ms
[2020-11-04T21:42:37.275+0300][71,205s][info][gc] GC(509) Pause Init Mark (unload classes) 0,256ms
[2020-11-04T21:42:37.360+0300][71,290s][info][gc] GC(509) Concurrent marking (unload classes) 85,541ms
[2020-11-04T21:42:37.361+0300][71,291s][info][gc] GC(509) Pause Final Mark (unload classes) 0,603ms
[2020-11-04T21:42:37.362+0300][71,291s][info][gc] GC(509) Concurrent weak roots 0,408ms
[2020-11-04T21:42:37.362+0300][71,291s][info][gc] GC(509) Concurrent cleanup 346M->346M(512M) 0,032ms
[2020-11-04T21:42:37.363+0300][71,293s][info][gc] GC(509) Concurrent class unloading 1,134ms
[2020-11-04T21:42:37.363+0300][71,293s][info][gc] GC(509) Concurrent strong roots 0,114ms
[2020-11-04T21:42:37.367+0300][71,297s][info][gc] GC(509) Concurrent evacuation 4,106ms
[2020-11-04T21:42:37.367+0300][71,297s][info][gc] GC(509) Pause Init Update Refs 0,012ms
[2020-11-04T21:42:37.403+0300][71,333s][info][gc] GC(509) Concurrent update references 35,262ms
[2020-11-04T21:42:37.403+0300][71,333s][info][gc] GC(509) Pause Final Update Refs 0,132ms
[2020-11-04T21:42:37.403+0300][71,333s][info][gc] GC(509) Concurrent cleanup 430M->266M(512M) 0,078ms
[2020-11-04T21:42:37.431+0300][71,361s][info][gc] Trigger: Average GC time (111,94 ms) is above the time for allocation rate (1100 MB/s) to deplete free headroom (120M)
[2020-11-04T21:42:37.431+0300][71,361s][info][gc] GC(510) Concurrent reset 0,640ms
[2020-11-04T21:42:37.432+0300][71,362s][info][gc] GC(510) Pause Init Mark (process weakrefs) (unload classes) 0,287ms
[2020-11-04T21:42:37.494+0300][71,424s][info][gc] GC(510) Concurrent marking (process weakrefs) (unload classes) 61,592ms
[2020-11-04T21:42:37.494+0300][71,424s][info][gc] GC(510) Concurrent precleaning 0,176ms
[2020-11-04T21:42:37.495+0300][71,425s][info][gc] GC(510) Pause Final Mark (process weakrefs) (unload classes) 0,737ms
[2020-11-04T21:42:37.495+0300][71,425s][info][gc] GC(510) Concurrent weak roots 0,402ms
[2020-11-04T21:42:37.495+0300][71,425s][info][gc] GC(510) Concurrent cleanup 359M->359M(512M) 0,032ms
[2020-11-04T21:42:37.496+0300][71,426s][info][gc] GC(510) Concurrent class unloading 0,923ms
[2020-11-04T21:42:37.496+0300][71,426s][info][gc] GC(510) Concurrent strong roots 0,142ms
[2020-11-04T21:42:37.501+0300][71,431s][info][gc] GC(510) Concurrent evacuation 4,267ms
[2020-11-04T21:42:37.501+0300][71,431s][info][gc] GC(510) Pause Init Update Refs 0,012ms
[2020-11-04T21:42:37.538+0300][71,468s][info][gc] GC(510) Concurrent update references 37,143ms
[2020-11-04T21:42:37.539+0300][71,469s][info][gc] GC(510) Pause Final Update Refs 0,339ms
[2020-11-04T21:42:37.539+0300][71,469s][info][gc] GC(510) Concurrent cleanup 445M->271M(512M) 0,079ms
[2020-11-04T21:42:37.560+0300][71,490s][info][gc] Trigger: Average GC time (112,54 ms) is above the time for allocation rate (1211 MB/s) to deplete free headroom (132M)
[2020-11-04T21:42:37.561+0300][71,491s][info][gc] GC(511) Concurrent reset 0,620ms
[2020-11-04T21:42:37.561+0300][71,491s][info][gc] GC(511) Pause Init Mark (unload classes) 0,132ms
[2020-11-04T21:42:37.624+0300][71,554s][info][gc] GC(511) Concurrent marking (unload classes) 62,724ms
[2020-11-04T21:42:37.625+0300][71,555s][info][gc] GC(511) Pause Final Mark (unload classes) 0,389ms
[2020-11-04T21:42:37.625+0300][71,555s][info][gc] GC(511) Concurrent weak roots 0,312ms
[2020-11-04T21:42:37.625+0300][71,555s][info][gc] GC(511) Concurrent cleanup 349M->349M(512M) 0,034ms
[2020-11-04T21:42:37.626+0300][71,556s][info][gc] GC(511) Concurrent class unloading 0,766ms
[2020-11-04T21:42:37.626+0300][71,556s][info][gc] GC(511) Concurrent strong roots 0,065ms
[2020-11-04T21:42:37.630+0300][71,560s][info][gc] GC(511) Concurrent evacuation 4,158ms
[2020-11-04T21:42:37.631+0300][71,560s][info][gc] GC(511) Pause Init Update Refs 0,022ms
[2020-11-04T21:42:37.667+0300][71,597s][info][gc] GC(511) Concurrent update references 36,376ms
[2020-11-04T21:42:37.668+0300][71,597s][info][gc] GC(511) Pause Final Update Refs 0,154ms
[2020-11-04T21:42:37.668+0300][71,598s][info][gc] GC(511) Concurrent cleanup 435M->278M(512M) 0,092ms
[2020-11-04T21:42:37.687+0300][71,617s][info][gc] Trigger: Average GC time (109,92 ms) is above the time for allocation rate (1209 MB/s) to deplete free headroom (131M)
[2020-11-04T21:42:37.688+0300][71,617s][info][gc] GC(512) Concurrent reset 0,578ms
[2020-11-04T21:42:37.688+0300][71,618s][info][gc] GC(512) Pause Init Mark (unload classes) 0,154ms
[2020-11-04T21:42:37.755+0300][71,685s][info][gc] GC(512) Concurrent marking (unload classes) 66,890ms
[2020-11-04T21:42:37.756+0300][71,685s][info][gc] GC(512) Pause Final Mark (unload classes) 0,395ms
[2020-11-04T21:42:37.756+0300][71,686s][info][gc] GC(512) Concurrent weak roots 0,375ms
[2020-11-04T21:42:37.756+0300][71,686s][info][gc] GC(512) Concurrent cleanup 349M->349M(512M) 0,036ms
[2020-11-04T21:42:37.757+0300][71,687s][info][gc] GC(512) Concurrent class unloading 1,174ms
[2020-11-04T21:42:37.758+0300][71,687s][info][gc] GC(512) Concurrent strong roots 0,116ms
[2020-11-04T21:42:37.761+0300][71,691s][info][gc] GC(512) Concurrent evacuation 3,727ms
[2020-11-04T21:42:37.762+0300][71,691s][info][gc] GC(512) Pause Init Update Refs 0,011ms
[2020-11-04T21:42:37.800+0300][71,730s][info][gc] GC(512) Concurrent update references 38,703ms
[2020-11-04T21:42:37.801+0300][71,731s][info][gc] GC(512) Pause Final Update Refs 0,133ms
[2020-11-04T21:42:37.801+0300][71,731s][info][gc] GC(512) Concurrent cleanup 438M->285M(512M) 0,113ms
[2020-11-04T21:42:37.819+0300][71,749s][info][gc] Trigger: Average GC time (112,24 ms) is above the time for allocation rate (1154 MB/s) to deplete free headroom (127M)
[2020-11-04T21:42:37.820+0300][71,750s][info][gc] GC(513) Concurrent reset 0,679ms
[2020-11-04T21:42:37.820+0300][71,750s][info][gc] GC(513) Pause Init Mark (unload classes) 0,135ms
[2020-11-04T21:42:37.891+0300][71,821s][info][gc] GC(513) Concurrent marking (unload classes) 71,122ms
[2020-11-04T21:42:37.892+0300][71,822s][info][gc] GC(513) Pause Final Mark (unload classes) 0,511ms
[2020-11-04T21:42:37.893+0300][71,823s][info][gc] GC(513) Concurrent weak roots 0,436ms
[2020-11-04T21:42:37.893+0300][71,823s][info][gc] GC(513) Concurrent cleanup 354M->354M(512M) 0,033ms
[2020-11-04T21:42:37.894+0300][71,824s][info][gc] GC(513) Concurrent class unloading 0,890ms
[2020-11-04T21:42:37.894+0300][71,824s][info][gc] GC(513) Concurrent strong roots 0,166ms
[2020-11-04T21:42:37.899+0300][71,829s][info][gc] GC(513) Concurrent evacuation 4,915ms
[2020-11-04T21:42:37.899+0300][71,829s][info][gc] GC(513) Pause Init Update Refs 0,012ms
[2020-11-04T21:42:37.938+0300][71,868s][info][gc] GC(513) Concurrent update references 38,783ms
[2020-11-04T21:42:37.939+0300][71,868s][info][gc] GC(513) Pause Final Update Refs 0,165ms
[2020-11-04T21:42:37.939+0300][71,869s][info][gc] GC(513) Concurrent cleanup 425M->271M(512M) 0,116ms
[2020-11-04T21:42:37.968+0300][71,898s][info][gc] Trigger: Average GC time (115,84 ms) is above the time for allocation rate (1053 MB/s) to deplete free headroom (118M)
[2020-11-04T21:42:37.969+0300][71,899s][info][gc] GC(514) Concurrent reset 0,567ms
[2020-11-04T21:42:37.970+0300][71,899s][info][gc] GC(514) Pause Init Mark (unload classes) 0,138ms
[2020-11-04T21:42:38.021+0300][71,951s][info][gc] GC(514) Concurrent marking (unload classes) 51,379ms
[2020-11-04T21:42:38.022+0300][71,952s][info][gc] GC(514) Pause Final Mark (unload classes) 0,541ms
[2020-11-04T21:42:38.022+0300][71,952s][info][gc] GC(514) Concurrent weak roots 0,412ms
[2020-11-04T21:42:38.022+0300][71,952s][info][gc] GC(514) Concurrent cleanup 361M->357M(512M) 0,041ms
[2020-11-04T21:42:38.024+0300][71,953s][info][gc] GC(514) Concurrent class unloading 1,219ms
[2020-11-04T21:42:38.024+0300][71,954s][info][gc] GC(514) Concurrent strong roots 0,076ms
[2020-11-04T21:42:38.027+0300][71,957s][info][gc] GC(514) Concurrent evacuation 3,499ms
[2020-11-04T21:42:38.028+0300][71,957s][info][gc] GC(514) Pause Init Update Refs 0,016ms
[2020-11-04T21:42:38.047+0300][71,977s][info][gc] GC(514) Concurrent update references 19,768ms
[2020-11-04T21:42:38.048+0300][71,978s][info][gc] GC(514) Pause Final Update Refs 0,158ms
[2020-11-04T21:42:38.048+0300][71,978s][info][gc] GC(514) Concurrent cleanup 395M->142M(512M) 0,136ms
[2020-11-04T21:42:38.109+0300][72,038s][info][gc] Trigger: Average GC time (105,82 ms) is above the time for allocation rate (1521 MB/s) to deplete free headroom (157M)
[2020-11-04T21:42:38.109+0300][72,039s][info][gc] GC(515) Concurrent reset 0,597ms
[2020-11-04T21:42:38.110+0300][72,039s][info][gc] GC(515) Pause Init Mark (process weakrefs) (unload classes) 0,158ms
[2020-11-04T21:42:38.148+0300][72,078s][info][gc] GC(515) Concurrent marking (process weakrefs) (unload classes) 38,081ms
[2020-11-04T21:42:38.148+0300][72,078s][info][gc] GC(515) Concurrent precleaning 0,210ms
[2020-11-04T21:42:38.149+0300][72,079s][info][gc] GC(515) Pause Final Mark (process weakrefs) (unload classes) 0,639ms
[2020-11-04T21:42:38.149+0300][72,079s][info][gc] GC(515) Concurrent weak roots 0,409ms
[2020-11-04T21:42:38.150+0300][72,079s][info][gc] GC(515) Concurrent cleanup 326M->326M(512M) 0,032ms
[2020-11-04T21:42:38.151+0300][72,080s][info][gc] GC(515) Concurrent class unloading 1,101ms
[2020-11-04T21:42:38.151+0300][72,081s][info][gc] GC(515) Concurrent strong roots 0,150ms
[2020-11-04T21:42:38.156+0300][72,086s][info][gc] GC(515) Concurrent evacuation 5,617ms
[2020-11-04T21:42:38.157+0300][72,087s][info][gc] GC(515) Pause Init Update Refs 0,021ms
[2020-11-04T21:42:38.180+0300][72,110s][info][gc] GC(515) Concurrent update references 23,272ms
[2020-11-04T21:42:38.181+0300][72,110s][info][gc] GC(515) Pause Final Update Refs 0,132ms
[2020-11-04T21:42:38.181+0300][72,110s][info][gc] GC(515) Concurrent cleanup 372M->159M(512M) 0,093ms
[2020-11-04T21:42:38.234+0300][72,163s][info][gc] Trigger: Average GC time (98,59 ms) is above the time for allocation rate (1631 MB/s) to deplete free headroom (159M)
[2020-11-04T21:42:38.234+0300][72,164s][info][gc] GC(516) Concurrent reset 0,582ms
[2020-11-04T21:42:38.235+0300][72,165s][info][gc] GC(516) Pause Init Mark (unload classes) 0,247ms
[2020-11-04T21:42:38.274+0300][72,204s][info][gc] GC(516) Concurrent marking (unload classes) 39,465ms
[2020-11-04T21:42:38.275+0300][72,205s][info][gc] GC(516) Pause Final Mark (unload classes) 0,414ms
[2020-11-04T21:42:38.276+0300][72,205s][info][gc] GC(516) Concurrent weak roots 0,448ms
[2020-11-04T21:42:38.276+0300][72,205s][info][gc] GC(516) Concurrent cleanup 325M->325M(512M) 0,031ms
[2020-11-04T21:42:38.277+0300][72,206s][info][gc] GC(516) Concurrent class unloading 0,941ms
[2020-11-04T21:42:38.277+0300][72,207s][info][gc] GC(516) Concurrent strong roots 0,120ms
[2020-11-04T21:42:38.283+0300][72,213s][info][gc] GC(516) Concurrent evacuation 6,223ms
[2020-11-04T21:42:38.283+0300][72,213s][info][gc] GC(516) Pause Init Update Refs 0,026ms
[2020-11-04T21:42:38.314+0300][72,244s][info][gc] GC(516) Concurrent update references 30,934ms
[2020-11-04T21:42:38.315+0300][72,245s][info][gc] GC(516) Pause Final Update Refs 0,149ms
[2020-11-04T21:42:38.315+0300][72,245s][info][gc] GC(516) Concurrent cleanup 403M->198M(512M) 0,078ms
[2020-11-04T21:42:38.355+0300][72,285s][info][gc] Trigger: Average GC time (93,37 ms) is above the time for allocation rate (1672 MB/s) to deplete free headroom (155M)
[2020-11-04T21:42:38.356+0300][72,286s][info][gc] GC(517) Concurrent reset 0,602ms
[2020-11-04T21:42:38.356+0300][72,286s][info][gc] GC(517) Pause Init Mark (unload classes) 0,129ms
[2020-11-04T21:42:38.413+0300][72,343s][info][gc] GC(517) Concurrent marking (unload classes) 56,376ms
[2020-11-04T21:42:38.414+0300][72,343s][info][gc] GC(517) Pause Final Mark (unload classes) 0,447ms
[2020-11-04T21:42:38.414+0300][72,344s][info][gc] GC(517) Concurrent weak roots 0,413ms
[2020-11-04T21:42:38.414+0300][72,344s][info][gc] GC(517) Concurrent cleanup 329M->329M(512M) 0,036ms
[2020-11-04T21:42:38.415+0300][72,345s][info][gc] GC(517) Concurrent class unloading 0,970ms
[2020-11-04T21:42:38.415+0300][72,345s][info][gc] GC(517) Concurrent strong roots 0,141ms
[2020-11-04T21:42:38.420+0300][72,350s][info][gc] GC(517) Concurrent evacuation 5,137ms
[2020-11-04T21:42:38.421+0300][72,351s][info][gc] GC(517) Pause Init Update Refs 0,023ms
[2020-11-04T21:42:38.446+0300][72,376s][info][gc] GC(517) Concurrent update references 25,387ms
[2020-11-04T21:42:38.447+0300][72,377s][info][gc] GC(517) Pause Final Update Refs 0,138ms
[2020-11-04T21:42:38.447+0300][72,377s][info][gc] GC(517) Concurrent cleanup 392M->189M(512M) 0,098ms
[2020-11-04T21:42:38.500+0300][72,430s][info][gc] Trigger: Average GC time (88,85 ms) is above the time for allocation rate (1524 MB/s) to deplete free headroom (132M)
[2020-11-04T21:42:38.500+0300][72,430s][info][gc] GC(518) Concurrent reset 0,552ms
[2020-11-04T21:42:38.501+0300][72,431s][info][gc] GC(518) Pause Init Mark (unload classes) 0,121ms
[2020-11-04T21:42:38.542+0300][72,471s][info][gc] GC(518) Concurrent marking (unload classes) 40,800ms
[2020-11-04T21:42:38.542+0300][72,472s][info][gc] GC(518) Pause Final Mark (unload classes) 0,432ms
[2020-11-04T21:42:38.543+0300][72,473s][info][gc] GC(518) Concurrent weak roots 0,404ms
[2020-11-04T21:42:38.543+0300][72,473s][info][gc] GC(518) Concurrent cleanup 350M->350M(512M) 0,039ms
[2020-11-04T21:42:38.544+0300][72,474s][info][gc] GC(518) Concurrent class unloading 0,914ms
[2020-11-04T21:42:38.544+0300][72,474s][info][gc] GC(518) Concurrent strong roots 0,106ms
[2020-11-04T21:42:38.549+0300][72,479s][info][gc] GC(518) Concurrent evacuation 5,353ms
[2020-11-04T21:42:38.550+0300][72,480s][info][gc] GC(518) Pause Init Update Refs 0,022ms
[2020-11-04T21:42:38.575+0300][72,505s][info][gc] GC(518) Concurrent update references 24,866ms
[2020-11-04T21:42:38.575+0300][72,505s][info][gc] GC(518) Pause Final Update Refs 0,128ms
[2020-11-04T21:42:38.575+0300][72,505s][info][gc] GC(518) Concurrent cleanup 417M->197M(512M) 0,121ms
[2020-11-04T21:42:38.624+0300][72,554s][info][gc] Trigger: Average GC time (80,03 ms) is above the time for allocation rate (1697 MB/s) to deplete free headroom (135M)
[2020-11-04T21:42:38.625+0300][72,554s][info][gc] GC(519) Concurrent reset 0,592ms
[2020-11-04T21:42:38.625+0300][72,555s][info][gc] GC(519) Pause Init Mark (unload classes) 0,116ms
[2020-11-04T21:42:38.673+0300][72,602s][info][gc] GC(519) Concurrent marking (unload classes) 47,468ms
[2020-11-04T21:42:38.673+0300][72,603s][info][gc] GC(519) Pause Final Mark (unload classes) 0,387ms
[2020-11-04T21:42:38.674+0300][72,604s][info][gc] GC(519) Concurrent weak roots 0,503ms
[2020-11-04T21:42:38.674+0300][72,604s][info][gc] GC(519) Concurrent cleanup 348M->348M(512M) 0,034ms
[2020-11-04T21:42:38.675+0300][72,605s][info][gc] GC(519) Concurrent class unloading 0,908ms
[2020-11-04T21:42:38.675+0300][72,605s][info][gc] GC(519) Concurrent strong roots 0,075ms
[2020-11-04T21:42:38.680+0300][72,610s][info][gc] GC(519) Concurrent evacuation 5,150ms
[2020-11-04T21:42:38.681+0300][72,610s][info][gc] GC(519) Pause Init Update Refs 0,019ms
[2020-11-04T21:42:38.706+0300][72,636s][info][gc] GC(519) Concurrent update references 25,716ms
[2020-11-04T21:42:38.707+0300][72,637s][info][gc] GC(519) Pause Final Update Refs 0,184ms
[2020-11-04T21:42:38.707+0300][72,637s][info][gc] GC(519) Concurrent cleanup 416M->204M(512M) 0,113ms
[2020-11-04T21:42:38.755+0300][72,685s][info][gc] Trigger: Average GC time (80,71 ms) is above the time for allocation rate (1607 MB/s) to deplete free headroom (129M)
[2020-11-04T21:42:38.755+0300][72,685s][info][gc] GC(520) Concurrent reset 0,579ms
[2020-11-04T21:42:38.756+0300][72,686s][info][gc] GC(520) Pause Init Mark (process weakrefs) (unload classes) 0,130ms
[2020-11-04T21:42:38.808+0300][72,738s][info][gc] GC(520) Concurrent marking (process weakrefs) (unload classes) 51,928ms
[2020-11-04T21:42:38.808+0300][72,738s][info][gc] GC(520) Concurrent precleaning 0,156ms
[2020-11-04T21:42:38.809+0300][72,738s][info][gc] GC(520) Pause Final Mark (process weakrefs) (unload classes) 0,398ms
[2020-11-04T21:42:38.809+0300][72,739s][info][gc] GC(520) Concurrent weak roots 0,431ms
[2020-11-04T21:42:38.809+0300][72,739s][info][gc] GC(520) Concurrent cleanup 353M->353M(512M) 0,039ms
[2020-11-04T21:42:38.810+0300][72,740s][info][gc] GC(520) Concurrent class unloading 0,880ms
[2020-11-04T21:42:38.810+0300][72,740s][info][gc] GC(520) Concurrent strong roots 0,065ms
[2020-11-04T21:42:38.815+0300][72,745s][info][gc] GC(520) Concurrent evacuation 5,107ms
[2020-11-04T21:42:38.816+0300][72,746s][info][gc] GC(520) Pause Init Update Refs 0,015ms
[2020-11-04T21:42:38.842+0300][72,772s][info][gc] GC(520) Concurrent update references 26,624ms
[2020-11-04T21:42:38.843+0300][72,773s][info][gc] GC(520) Pause Final Update Refs 0,153ms
[2020-11-04T21:42:38.843+0300][72,773s][info][gc] GC(520) Concurrent cleanup 425M->214M(512M) 0,118ms
[2020-11-04T21:42:38.888+0300][72,817s][info][gc] Trigger: Average GC time (83,96 ms) is above the time for allocation rate (1547 MB/s) to deplete free headroom (128M)
[2020-11-04T21:42:38.888+0300][72,818s][info][gc] GC(521) Concurrent reset 0,581ms
[2020-11-04T21:42:38.889+0300][72,819s][info][gc] GC(521) Pause Init Mark (unload classes) 0,110ms
[2020-11-04T21:42:38.939+0300][72,868s][info][gc] GC(521) Concurrent marking (unload classes) 49,684ms
[2020-11-04T21:42:38.939+0300][72,869s][info][gc] GC(521) Pause Final Mark (unload classes) 0,403ms
[2020-11-04T21:42:38.940+0300][72,870s][info][gc] GC(521) Concurrent weak roots 0,476ms
[2020-11-04T21:42:38.940+0300][72,870s][info][gc] GC(521) Concurrent cleanup 354M->354M(512M) 0,035ms
[2020-11-04T21:42:38.941+0300][72,871s][info][gc] GC(521) Concurrent class unloading 0,912ms
[2020-11-04T21:42:38.941+0300][72,871s][info][gc] GC(521) Concurrent strong roots 0,056ms
[2020-11-04T21:42:38.946+0300][72,876s][info][gc] GC(521) Concurrent evacuation 4,923ms
[2020-11-04T21:42:38.946+0300][72,876s][info][gc] GC(521) Pause Init Update Refs 0,024ms
[2020-11-04T21:42:38.974+0300][72,904s][info][gc] GC(521) Concurrent update references 28,075ms
[2020-11-04T21:42:38.975+0300][72,905s][info][gc] GC(521) Pause Final Update Refs 0,156ms
[2020-11-04T21:42:38.975+0300][72,905s][info][gc] GC(521) Concurrent cleanup 428M->222M(512M) 0,095ms
[2020-11-04T21:42:39.015+0300][72,945s][info][gc] Trigger: Average GC time (85,13 ms) is above the time for allocation rate (1546 MB/s) to deplete free headroom (130M)
[2020-11-04T21:42:39.016+0300][72,946s][info][gc] GC(522) Concurrent reset 0,555ms
[2020-11-04T21:42:39.016+0300][72,946s][info][gc] GC(522) Pause Init Mark (unload classes) 0,109ms
[2020-11-04T21:42:39.074+0300][73,004s][info][gc] GC(522) Concurrent marking (unload classes) 57,747ms
[2020-11-04T21:42:39.075+0300][73,005s][info][gc] GC(522) Pause Final Mark (unload classes) 0,694ms
[2020-11-04T21:42:39.075+0300][73,005s][info][gc] GC(522) Concurrent weak roots 0,442ms
[2020-11-04T21:42:39.076+0300][73,005s][info][gc] GC(522) Concurrent cleanup 351M->351M(512M) 0,050ms
[2020-11-04T21:42:39.077+0300][73,006s][info][gc] GC(522) Concurrent class unloading 1,026ms
[2020-11-04T21:42:39.077+0300][73,007s][info][gc] GC(522) Concurrent strong roots 0,136ms
[2020-11-04T21:42:39.082+0300][73,011s][info][gc] GC(522) Concurrent evacuation 4,728ms
[2020-11-04T21:42:39.082+0300][73,012s][info][gc] GC(522) Pause Init Update Refs 0,021ms
[2020-11-04T21:42:39.121+0300][73,051s][info][gc] GC(522) Concurrent update references 38,780ms
[2020-11-04T21:42:39.121+0300][73,051s][info][gc] GC(522) Pause Final Update Refs 0,199ms
[2020-11-04T21:42:39.121+0300][73,051s][info][gc] GC(522) Concurrent cleanup 442M->245M(512M) 0,115ms
[2020-11-04T21:42:39.161+0300][73,090s][info][gc] Trigger: Average GC time (88,06 ms) is above the time for allocation rate (1381 MB/s) to deplete free headroom (121M)
[2020-11-04T21:42:39.161+0300][73,091s][info][gc] GC(523) Concurrent reset 0,522ms
[2020-11-04T21:42:39.162+0300][73,091s][info][gc] GC(523) Pause Init Mark (unload classes) 0,098ms
[2020-11-04T21:42:39.215+0300][73,145s][info][gc] GC(523) Concurrent marking (unload classes) 53,155ms
[2020-11-04T21:42:39.215+0300][73,145s][info][gc] GC(523) Pause Final Mark (unload classes) 0,455ms
[2020-11-04T21:42:39.216+0300][73,146s][info][gc] GC(523) Concurrent weak roots 0,424ms
[2020-11-04T21:42:39.216+0300][73,146s][info][gc] GC(523) Concurrent cleanup 359M->359M(512M) 0,035ms
[2020-11-04T21:42:39.217+0300][73,147s][info][gc] GC(523) Concurrent class unloading 0,945ms
[2020-11-04T21:42:39.217+0300][73,147s][info][gc] GC(523) Concurrent strong roots 0,060ms
[2020-11-04T21:42:39.222+0300][73,152s][info][gc] GC(523) Concurrent evacuation 5,242ms
[2020-11-04T21:42:39.223+0300][73,152s][info][gc] GC(523) Pause Init Update Refs 0,016ms
[2020-11-04T21:42:39.253+0300][73,183s][info][gc] GC(523) Concurrent update references 30,193ms
[2020-11-04T21:42:39.253+0300][73,183s][info][gc] GC(523) Pause Final Update Refs 0,171ms
[2020-11-04T21:42:39.254+0300][73,183s][info][gc] GC(523) Concurrent cleanup 434M->234M(512M) 0,109ms
[2020-11-04T21:42:39.290+0300][73,220s][info][gc] Trigger: Average GC time (91,56 ms) is above the time for allocation rate (1435 MB/s) to deplete free headroom (130M)
[2020-11-04T21:42:39.290+0300][73,220s][info][gc] GC(524) Concurrent reset 0,630ms
[2020-11-04T21:42:39.291+0300][73,221s][info][gc] GC(524) Pause Init Mark (unload classes) 0,089ms
[2020-11-04T21:42:39.357+0300][73,287s][info][gc] GC(524) Concurrent marking (unload classes) 66,231ms
[2020-11-04T21:42:39.358+0300][73,288s][info][gc] GC(524) Pause Final Mark (unload classes) 0,390ms
[2020-11-04T21:42:39.358+0300][73,288s][info][gc] GC(524) Concurrent weak roots 0,439ms
[2020-11-04T21:42:39.358+0300][73,288s][info][gc] GC(524) Concurrent cleanup 352M->352M(512M) 0,037ms
[2020-11-04T21:42:39.359+0300][73,289s][info][gc] GC(524) Concurrent class unloading 0,895ms
[2020-11-04T21:42:39.359+0300][73,289s][info][gc] GC(524) Concurrent strong roots 0,071ms
[2020-11-04T21:42:39.365+0300][73,295s][info][gc] GC(524) Concurrent evacuation 5,736ms
[2020-11-04T21:42:39.365+0300][73,295s][info][gc] GC(524) Pause Init Update Refs 0,027ms
[2020-11-04T21:42:39.397+0300][73,327s][info][gc] GC(524) Concurrent update references 31,214ms
[2020-11-04T21:42:39.397+0300][73,327s][info][gc] GC(524) Pause Final Update Refs 0,162ms
[2020-11-04T21:42:39.398+0300][73,327s][info][gc] GC(524) Concurrent cleanup 429M->243M(512M) 0,115ms
[2020-11-04T21:42:39.433+0300][73,362s][info][gc] Trigger: Average GC time (96,50 ms) is above the time for allocation rate (1303 MB/s) to deplete free headroom (124M)
[2020-11-04T21:42:39.433+0300][73,363s][info][gc] GC(525) Concurrent reset 0,589ms
[2020-11-04T21:42:39.434+0300][73,363s][info][gc] GC(525) Pause Init Mark (process weakrefs) (unload classes) 0,118ms
[2020-11-04T21:42:39.490+0300][73,419s][info][gc] GC(525) Concurrent marking (process weakrefs) (unload classes) 55,904ms
[2020-11-04T21:42:39.490+0300][73,420s][info][gc] GC(525) Concurrent precleaning 0,172ms
[2020-11-04T21:42:39.490+0300][73,420s][info][gc] GC(525) Pause Final Mark (process weakrefs) (unload classes) 0,438ms
[2020-11-04T21:42:39.491+0300][73,421s][info][gc] GC(525) Concurrent weak roots 0,456ms
[2020-11-04T21:42:39.491+0300][73,421s][info][gc] GC(525) Concurrent cleanup 357M->357M(512M) 0,034ms
[2020-11-04T21:42:39.492+0300][73,422s][info][gc] GC(525) Concurrent class unloading 1,121ms
[2020-11-04T21:42:39.492+0300][73,422s][info][gc] GC(525) Concurrent strong roots 0,147ms
[2020-11-04T21:42:39.497+0300][73,427s][info][gc] GC(525) Concurrent evacuation 4,503ms
[2020-11-04T21:42:39.497+0300][73,427s][info][gc] GC(525) Pause Init Update Refs 0,016ms
[2020-11-04T21:42:39.534+0300][73,464s][info][gc] GC(525) Concurrent update references 37,086ms
[2020-11-04T21:42:39.535+0300][73,465s][info][gc] GC(525) Pause Final Update Refs 0,147ms
[2020-11-04T21:42:39.535+0300][73,465s][info][gc] GC(525) Concurrent cleanup 419M->232M(512M) 0,094ms
[2020-11-04T21:42:39.574+0300][73,504s][info][gc] Trigger: Average GC time (99,31 ms) is above the time for allocation rate (1280 MB/s) to deplete free headroom (123M)
[2020-11-04T21:42:39.575+0300][73,505s][info][gc] GC(526) Concurrent reset 0,582ms
[2020-11-04T21:42:39.575+0300][73,505s][info][gc] GC(526) Pause Init Mark (unload classes) 0,091ms
[2020-11-04T21:42:39.633+0300][73,563s][info][gc] GC(526) Concurrent marking (unload classes) 57,831ms
[2020-11-04T21:42:39.634+0300][73,564s][info][gc] GC(526) Pause Final Mark (unload classes) 0,734ms
[2020-11-04T21:42:39.635+0300][73,564s][info][gc] GC(526) Concurrent weak roots 0,452ms
[2020-11-04T21:42:39.635+0300][73,564s][info][gc] GC(526) Concurrent cleanup 357M->357M(512M) 0,034ms
[2020-11-04T21:42:39.635+0300][73,565s][info][gc] GC(526) Concurrent class unloading 0,881ms
[2020-11-04T21:42:39.636+0300][73,565s][info][gc] GC(526) Concurrent strong roots 0,154ms
[2020-11-04T21:42:39.641+0300][73,570s][info][gc] GC(526) Concurrent evacuation 4,896ms
[2020-11-04T21:42:39.641+0300][73,571s][info][gc] GC(526) Pause Init Update Refs 0,018ms
[2020-11-04T21:42:39.674+0300][73,604s][info][gc] GC(526) Concurrent update references 33,179ms
[2020-11-04T21:42:39.675+0300][73,604s][info][gc] GC(526) Pause Final Update Refs 0,182ms
[2020-11-04T21:42:39.675+0300][73,605s][info][gc] GC(526) Concurrent cleanup 439M->257M(512M) 0,099ms
[2020-11-04T21:42:39.707+0300][73,636s][info][gc] Trigger: Average GC time (102,00 ms) is above the time for allocation rate (1292 MB/s) to deplete free headroom (128M)
[2020-11-04T21:42:39.707+0300][73,637s][info][gc] GC(527) Concurrent reset 0,622ms
[2020-11-04T21:42:39.708+0300][73,638s][info][gc] GC(527) Pause Init Mark (unload classes) 0,117ms
[2020-11-04T21:42:39.774+0300][73,703s][info][gc] GC(527) Concurrent marking (unload classes) 65,788ms
[2020-11-04T21:42:39.775+0300][73,704s][info][gc] GC(527) Pause Final Mark (unload classes) 0,835ms
[2020-11-04T21:42:39.775+0300][73,705s][info][gc] GC(527) Concurrent weak roots 0,433ms
[2020-11-04T21:42:39.775+0300][73,705s][info][gc] GC(527) Concurrent cleanup 352M->352M(512M) 0,035ms
[2020-11-04T21:42:39.776+0300][73,706s][info][gc] GC(527) Concurrent class unloading 1,033ms
[2020-11-04T21:42:39.776+0300][73,706s][info][gc] GC(527) Concurrent strong roots 0,162ms
[2020-11-04T21:42:39.782+0300][73,712s][info][gc] GC(527) Concurrent evacuation 5,607ms
[2020-11-04T21:42:39.782+0300][73,712s][info][gc] GC(527) Pause Init Update Refs 0,020ms
[2020-11-04T21:42:39.822+0300][73,752s][info][gc] GC(527) Concurrent update references 39,314ms
[2020-11-04T21:42:39.822+0300][73,752s][info][gc] GC(527) Pause Final Update Refs 0,282ms
[2020-11-04T21:42:39.823+0300][73,752s][info][gc] GC(527) Concurrent cleanup 420M->247M(512M) 0,106ms
[2020-11-04T21:42:39.858+0300][73,787s][info][gc] Trigger: Average GC time (103,95 ms) is above the time for allocation rate (1161 MB/s) to deplete free headroom (119M)
[2020-11-04T21:42:39.858+0300][73,788s][info][gc] GC(528) Concurrent reset 0,643ms
[2020-11-04T21:42:39.859+0300][73,789s][info][gc] GC(528) Pause Init Mark (unload classes) 0,346ms
[2020-11-04T21:42:39.932+0300][73,862s][info][gc] GC(528) Concurrent marking (unload classes) 72,792ms
[2020-11-04T21:42:39.933+0300][73,863s][info][gc] GC(528) Pause Final Mark (unload classes) 0,693ms
[2020-11-04T21:42:39.933+0300][73,863s][info][gc] GC(528) Concurrent weak roots 0,321ms
[2020-11-04T21:42:39.933+0300][73,863s][info][gc] GC(528) Concurrent cleanup 360M->360M(512M) 0,038ms
[2020-11-04T21:42:39.934+0300][73,864s][info][gc] GC(528) Concurrent class unloading 1,062ms
[2020-11-04T21:42:39.934+0300][73,864s][info][gc] GC(528) Concurrent strong roots 0,120ms
[2020-11-04T21:42:39.941+0300][73,871s][info][gc] GC(528) Concurrent evacuation 6,229ms
[2020-11-04T21:42:39.941+0300][73,871s][info][gc] GC(528) Pause Init Update Refs 0,028ms
[2020-11-04T21:42:39.981+0300][73,911s][info][gc] GC(528) Concurrent update references 40,191ms
[2020-11-04T21:42:39.982+0300][73,912s][info][gc] GC(528) Pause Final Update Refs 0,182ms
[2020-11-04T21:42:39.982+0300][73,912s][info][gc] GC(528) Concurrent cleanup 421M->245M(512M) 0,112ms
[2020-11-04T21:42:40.019+0300][73,949s][info][gc] Trigger: Average GC time (110,20 ms) is above the time for allocation rate (1080 MB/s) to deplete free headroom (116M)
[2020-11-04T21:42:40.020+0300][73,949s][info][gc] GC(529) Concurrent reset 0,592ms
[2020-11-04T21:42:40.020+0300][73,950s][info][gc] GC(529) Pause Init Mark (unload classes) 0,130ms
[2020-11-04T21:42:40.089+0300][74,018s][info][gc] GC(529) Concurrent marking (unload classes) 68,489ms
[2020-11-04T21:42:40.090+0300][74,019s][info][gc] GC(529) Pause Final Mark (unload classes) 0,581ms
[2020-11-04T21:42:40.090+0300][74,020s][info][gc] GC(529) Concurrent weak roots 0,409ms
[2020-11-04T21:42:40.090+0300][74,020s][info][gc] GC(529) Concurrent cleanup 363M->364M(512M) 0,036ms
[2020-11-04T21:42:40.091+0300][74,021s][info][gc] GC(529) Concurrent class unloading 0,802ms
[2020-11-04T21:42:40.091+0300][74,021s][info][gc] GC(529) Concurrent strong roots 0,063ms
[2020-11-04T21:42:40.096+0300][74,026s][info][gc] GC(529) Concurrent evacuation 4,698ms
[2020-11-04T21:42:40.096+0300][74,026s][info][gc] GC(529) Pause Init Update Refs 0,023ms
[2020-11-04T21:42:40.133+0300][74,062s][info][gc] GC(529) Concurrent update references 36,449ms
[2020-11-04T21:42:40.133+0300][74,063s][info][gc] GC(529) Pause Final Update Refs 0,186ms
[2020-11-04T21:42:40.133+0300][74,063s][info][gc] GC(529) Concurrent cleanup 450M->276M(512M) 0,117ms
[2020-11-04T21:42:40.155+0300][74,084s][info][gc] Trigger: Average GC time (111,52 ms) is above the time for allocation rate (1159 MB/s) to deplete free headroom (127M)
[2020-11-04T21:42:40.155+0300][74,085s][info][gc] GC(530) Concurrent reset 0,522ms
[2020-11-04T21:42:40.155+0300][74,085s][info][gc] GC(530) Pause Init Mark (process weakrefs) (unload classes) 0,107ms
[2020-11-04T21:42:40.224+0300][74,154s][info][gc] GC(530) Concurrent marking (process weakrefs) (unload classes) 68,609ms
[2020-11-04T21:42:40.224+0300][74,154s][info][gc] GC(530) Concurrent precleaning 0,214ms
[2020-11-04T21:42:40.225+0300][74,155s][info][gc] GC(530) Pause Final Mark (process weakrefs) (unload classes) 0,485ms
[2020-11-04T21:42:40.226+0300][74,155s][info][gc] GC(530) Concurrent weak roots 0,437ms
[2020-11-04T21:42:40.226+0300][74,156s][info][gc] GC(530) Concurrent cleanup 352M->352M(512M) 0,034ms
[2020-11-04T21:42:40.227+0300][74,157s][info][gc] GC(530) Concurrent class unloading 0,953ms
[2020-11-04T21:42:40.227+0300][74,157s][info][gc] GC(530) Concurrent strong roots 0,125ms
[2020-11-04T21:42:40.231+0300][74,161s][info][gc] GC(530) Concurrent evacuation 4,586ms
[2020-11-04T21:42:40.232+0300][74,162s][info][gc] GC(530) Pause Init Update Refs 0,016ms
[2020-11-04T21:42:40.274+0300][74,204s][info][gc] GC(530) Concurrent update references 42,125ms
[2020-11-04T21:42:40.274+0300][74,204s][info][gc] GC(530) Pause Final Update Refs 0,157ms
[2020-11-04T21:42:40.275+0300][74,205s][info][gc] GC(530) Concurrent cleanup 420M->263M(512M) 0,114ms
[2020-11-04T21:42:40.307+0300][74,236s][info][gc] Trigger: Average GC time (115,06 ms) is above the time for allocation rate (1055 MB/s) to deplete free headroom (119M)
[2020-11-04T21:42:40.307+0300][74,237s][info][gc] GC(531) Concurrent reset 0,615ms
[2020-11-04T21:42:40.308+0300][74,238s][info][gc] GC(531) Pause Init Mark (unload classes) 0,119ms
[2020-11-04T21:42:40.377+0300][74,307s][info][gc] GC(531) Concurrent marking (unload classes) 69,592ms
[2020-11-04T21:42:40.378+0300][74,308s][info][gc] GC(531) Pause Final Mark (unload classes) 0,344ms
[2020-11-04T21:42:40.378+0300][74,308s][info][gc] GC(531) Concurrent weak roots 0,416ms
[2020-11-04T21:42:40.378+0300][74,308s][info][gc] GC(531) Concurrent cleanup 359M->359M(512M) 0,031ms
[2020-11-04T21:42:40.379+0300][74,309s][info][gc] GC(531) Concurrent class unloading 0,733ms
[2020-11-04T21:42:40.379+0300][74,309s][info][gc] GC(531) Concurrent strong roots 0,063ms
[2020-11-04T21:42:40.383+0300][74,313s][info][gc] GC(531) Concurrent evacuation 3,913ms
[2020-11-04T21:42:40.384+0300][74,313s][info][gc] GC(531) Pause Init Update Refs 0,014ms
[2020-11-04T21:42:40.435+0300][74,365s][info][gc] GC(531) Concurrent update references 51,241ms
[2020-11-04T21:42:40.435+0300][74,365s][info][gc] GC(531) Pause Final Update Refs 0,192ms
[2020-11-04T21:42:40.435+0300][74,365s][info][gc] GC(531) Concurrent cleanup 478M->317M(512M) 0,069ms
[2020-11-04T21:42:40.441+0300][74,371s][info][gc] Trigger: Average GC time (120,70 ms) is above the time for allocation rate (1094 MB/s) to deplete free headroom (128M)
[2020-11-04T21:42:40.441+0300][74,371s][info][gc] GC(532) Concurrent reset 0,573ms
[2020-11-04T21:42:40.442+0300][74,372s][info][gc] GC(532) Pause Init Mark (unload classes) 0,100ms
[2020-11-04T21:42:40.515+0300][74,444s][info][gc] GC(532) Concurrent marking (unload classes) 72,893ms
[2020-11-04T21:42:40.515+0300][74,445s][info][gc] GC(532) Pause Final Mark (unload classes) 0,561ms
[2020-11-04T21:42:40.516+0300][74,446s][info][gc] GC(532) Concurrent weak roots 0,318ms
[2020-11-04T21:42:40.516+0300][74,446s][info][gc] GC(532) Concurrent cleanup 352M->352M(512M) 0,039ms
[2020-11-04T21:42:40.517+0300][74,447s][info][gc] GC(532) Concurrent class unloading 1,299ms
[2020-11-04T21:42:40.517+0300][74,447s][info][gc] GC(532) Concurrent strong roots 0,151ms
[2020-11-04T21:42:40.521+0300][74,451s][info][gc] GC(532) Concurrent evacuation 3,593ms
[2020-11-04T21:42:40.521+0300][74,451s][info][gc] GC(532) Pause Init Update Refs 0,015ms
[2020-11-04T21:42:40.560+0300][74,490s][info][gc] GC(532) Concurrent update references 38,970ms
[2020-11-04T21:42:40.561+0300][74,491s][info][gc] GC(532) Pause Final Update Refs 0,250ms
[2020-11-04T21:42:40.561+0300][74,491s][info][gc] GC(532) Concurrent cleanup 426M->279M(512M) 0,072ms
[2020-11-04T21:42:40.582+0300][74,512s][info][gc] Trigger: Average GC time (121,56 ms) is above the time for allocation rate (1032 MB/s) to deplete free headroom (125M)
[2020-11-04T21:42:40.583+0300][74,513s][info][gc] GC(533) Concurrent reset 0,639ms
[2020-11-04T21:42:40.583+0300][74,513s][info][gc] GC(533) Pause Init Mark (unload classes) 0,253ms
[2020-11-04T21:42:40.639+0300][74,569s][info][gc] GC(533) Concurrent marking (unload classes) 55,399ms
[2020-11-04T21:42:40.640+0300][74,570s][info][gc] GC(533) Pause Final Mark (unload classes) 0,618ms
[2020-11-04T21:42:40.640+0300][74,570s][info][gc] GC(533) Concurrent weak roots 0,396ms
[2020-11-04T21:42:40.640+0300][74,570s][info][gc] GC(533) Concurrent cleanup 355M->351M(512M) 0,034ms
[2020-11-04T21:42:40.641+0300][74,571s][info][gc] GC(533) Concurrent class unloading 1,044ms
[2020-11-04T21:42:40.642+0300][74,571s][info][gc] GC(533) Concurrent strong roots 0,147ms
[2020-11-04T21:42:40.646+0300][74,576s][info][gc] GC(533) Concurrent evacuation 4,569ms
[2020-11-04T21:42:40.646+0300][74,576s][info][gc] GC(533) Pause Init Update Refs 0,018ms
[2020-11-04T21:42:40.665+0300][74,595s][info][gc] GC(533) Concurrent update references 18,934ms
[2020-11-04T21:42:40.666+0300][74,596s][info][gc] GC(533) Pause Final Update Refs 0,340ms
[2020-11-04T21:42:40.666+0300][74,596s][info][gc] GC(533) Concurrent cleanup 403M->159M(512M) 0,134ms
[2020-11-04T21:42:40.716+0300][74,646s][info][gc] Trigger: Average GC time (113,47 ms) is above the time for allocation rate (1485 MB/s) to deplete free headroom (168M)
[2020-11-04T21:42:40.717+0300][74,646s][info][gc] GC(534) Concurrent reset 0,653ms
[2020-11-04T21:42:40.717+0300][74,647s][info][gc] GC(534) Pause Init Mark (unload classes) 0,176ms
[2020-11-04T21:42:40.757+0300][74,687s][info][gc] GC(534) Concurrent marking (unload classes) 40,171ms
[2020-11-04T21:42:40.758+0300][74,688s][info][gc] GC(534) Pause Final Mark (unload classes) 0,553ms
[2020-11-04T21:42:40.759+0300][74,688s][info][gc] GC(534) Concurrent weak roots 0,317ms
[2020-11-04T21:42:40.759+0300][74,688s][info][gc] GC(534) Concurrent cleanup 316M->316M(512M) 0,037ms
[2020-11-04T21:42:40.760+0300][74,690s][info][gc] GC(534) Concurrent class unloading 1,252ms
[2020-11-04T21:42:40.760+0300][74,690s][info][gc] GC(534) Concurrent strong roots 0,118ms
[2020-11-04T21:42:40.765+0300][74,695s][info][gc] GC(534) Concurrent evacuation 5,171ms
[2020-11-04T21:42:40.766+0300][74,695s][info][gc] GC(534) Pause Init Update Refs 0,012ms
[2020-11-04T21:42:40.788+0300][74,717s][info][gc] GC(534) Concurrent update references 21,864ms
[2020-11-04T21:42:40.788+0300][74,718s][info][gc] GC(534) Pause Final Update Refs 0,228ms
[2020-11-04T21:42:40.788+0300][74,718s][info][gc] GC(534) Concurrent cleanup 372M->174M(512M) 0,090ms
[2020-11-04T21:42:40.832+0300][74,761s][info][gc] Trigger: Average GC time (105,05 ms) is above the time for allocation rate (1645 MB/s) to deplete free headroom (170M)
[2020-11-04T21:42:40.832+0300][74,762s][info][gc] GC(535) Concurrent reset 0,493ms
[2020-11-04T21:42:40.833+0300][74,763s][info][gc] GC(535) Pause Init Mark (process weakrefs) (unload classes) 0,267ms
[2020-11-04T21:42:40.874+0300][74,804s][info][gc] GC(535) Concurrent marking (process weakrefs) (unload classes) 41,411ms
[2020-11-04T21:42:40.875+0300][74,804s][info][gc] GC(535) Concurrent precleaning 0,167ms
[2020-11-04T21:42:40.875+0300][74,805s][info][gc] GC(535) Pause Final Mark (process weakrefs) (unload classes) 0,552ms
[2020-11-04T21:42:40.876+0300][74,806s][info][gc] GC(535) Concurrent weak roots 0,385ms
[2020-11-04T21:42:40.876+0300][74,806s][info][gc] GC(535) Concurrent cleanup 314M->314M(512M) 0,043ms
[2020-11-04T21:42:40.877+0300][74,807s][info][gc] GC(535) Concurrent class unloading 0,905ms
[2020-11-04T21:42:40.877+0300][74,807s][info][gc] GC(535) Concurrent strong roots 0,067ms
[2020-11-04T21:42:40.882+0300][74,811s][info][gc] GC(535) Concurrent evacuation 4,624ms
[2020-11-04T21:42:40.882+0300][74,812s][info][gc] GC(535) Pause Init Update Refs 0,021ms
[2020-11-04T21:42:40.915+0300][74,844s][info][gc] GC(535) Concurrent update references 32,510ms
[2020-11-04T21:42:40.915+0300][74,845s][info][gc] GC(535) Pause Final Update Refs 0,142ms
[2020-11-04T21:42:40.915+0300][74,845s][info][gc] GC(535) Concurrent cleanup 395M->205M(512M) 0,138ms
[2020-11-04T21:42:40.952+0300][74,882s][info][gc] Trigger: Average GC time (97,76 ms) is above the time for allocation rate (1637 MB/s) to deplete free headroom (157M)
[2020-11-04T21:42:40.953+0300][74,883s][info][gc] GC(536) Concurrent reset 0,538ms
[2020-11-04T21:42:40.953+0300][74,883s][info][gc] GC(536) Pause Init Mark (unload classes) 0,154ms
[2020-11-04T21:42:40.997+0300][74,927s][info][gc] GC(536) Concurrent marking (unload classes) 43,925ms
[2020-11-04T21:42:40.998+0300][74,928s][info][gc] GC(536) Pause Final Mark (unload classes) 0,480ms
[2020-11-04T21:42:40.999+0300][74,929s][info][gc] GC(536) Concurrent weak roots 0,524ms
[2020-11-04T21:42:40.999+0300][74,929s][info][gc] GC(536) Concurrent cleanup 326M->326M(512M) 0,038ms
[2020-11-04T21:42:41.000+0300][74,930s][info][gc] GC(536) Concurrent class unloading 0,856ms
[2020-11-04T21:42:41.000+0300][74,930s][info][gc] GC(536) Concurrent strong roots 0,088ms
[2020-11-04T21:42:41.006+0300][74,936s][info][gc] GC(536) Concurrent evacuation 6,461ms
[2020-11-04T21:42:41.007+0300][74,936s][info][gc] GC(536) Pause Init Update Refs 0,022ms
[2020-11-04T21:42:41.030+0300][74,960s][info][gc] GC(536) Concurrent update references 23,566ms
[2020-11-04T21:42:41.031+0300][74,961s][info][gc] GC(536) Pause Final Update Refs 0,174ms
[2020-11-04T21:42:41.031+0300][74,961s][info][gc] GC(536) Concurrent cleanup 393M->195M(512M) 0,136ms
[2020-11-04T21:42:41.078+0300][75,007s][info][gc] Trigger: Average GC time (87,74 ms) is above the time for allocation rate (1650 MB/s) to deplete free headroom (142M)
[2020-11-04T21:42:41.078+0300][75,008s][info][gc] GC(537) Concurrent reset 0,541ms
[2020-11-04T21:42:41.078+0300][75,008s][info][gc] GC(537) Pause Init Mark (unload classes) 0,099ms
[2020-11-04T21:42:41.131+0300][75,061s][info][gc] GC(537) Concurrent marking (unload classes) 52,772ms
[2020-11-04T21:42:41.132+0300][75,062s][info][gc] GC(537) Pause Final Mark (unload classes) 0,420ms
[2020-11-04T21:42:41.133+0300][75,062s][info][gc] GC(537) Concurrent weak roots 0,418ms
[2020-11-04T21:42:41.133+0300][75,062s][info][gc] GC(537) Concurrent cleanup 341M->341M(512M) 0,038ms
[2020-11-04T21:42:41.133+0300][75,063s][info][gc] GC(537) Concurrent class unloading 0,776ms
[2020-11-04T21:42:41.134+0300][75,063s][info][gc] GC(537) Concurrent strong roots 0,090ms
[2020-11-04T21:42:41.139+0300][75,069s][info][gc] GC(537) Concurrent evacuation 5,653ms
[2020-11-04T21:42:41.140+0300][75,069s][info][gc] GC(537) Pause Init Update Refs 0,026ms
[2020-11-04T21:42:41.165+0300][75,095s][info][gc] GC(537) Concurrent update references 25,145ms
[2020-11-04T21:42:41.165+0300][75,095s][info][gc] GC(537) Pause Final Update Refs 0,178ms
[2020-11-04T21:42:41.166+0300][75,095s][info][gc] GC(537) Concurrent cleanup 406M->199M(512M) 0,136ms
[2020-11-04T21:42:41.216+0300][75,146s][info][gc] Trigger: Average GC time (81,28 ms) is above the time for allocation rate (1563 MB/s) to deplete free headroom (126M)
[2020-11-04T21:42:41.217+0300][75,147s][info][gc] GC(538) Concurrent reset 0,656ms
[2020-11-04T21:42:41.218+0300][75,147s][info][gc] GC(538) Pause Init Mark (unload classes) 0,120ms
[2020-11-04T21:42:41.265+0300][75,194s][info][gc] GC(538) Concurrent marking (unload classes) 46,858ms
[2020-11-04T21:42:41.265+0300][75,195s][info][gc] GC(538) Pause Final Mark (unload classes) 0,418ms
[2020-11-04T21:42:41.266+0300][75,196s][info][gc] GC(538) Concurrent weak roots 0,456ms
[2020-11-04T21:42:41.266+0300][75,196s][info][gc] GC(538) Concurrent cleanup 355M->355M(512M) 0,035ms
[2020-11-04T21:42:41.267+0300][75,197s][info][gc] GC(538) Concurrent class unloading 0,915ms
[2020-11-04T21:42:41.267+0300][75,197s][info][gc] GC(538) Concurrent strong roots 0,065ms
[2020-11-04T21:42:41.272+0300][75,202s][info][gc] GC(538) Concurrent evacuation 5,364ms
[2020-11-04T21:42:41.273+0300][75,202s][info][gc] GC(538) Pause Init Update Refs 0,022ms
[2020-11-04T21:42:41.299+0300][75,229s][info][gc] GC(538) Concurrent update references 26,771ms
[2020-11-04T21:42:41.300+0300][75,230s][info][gc] GC(538) Pause Final Update Refs 0,126ms
[2020-11-04T21:42:41.300+0300][75,230s][info][gc] GC(538) Concurrent cleanup 425M->207M(512M) 0,102ms
[2020-11-04T21:42:41.347+0300][75,276s][info][gc] Trigger: Average GC time (81,20 ms) is above the time for allocation rate (1601 MB/s) to deplete free headroom (129M)
[2020-11-04T21:42:41.347+0300][75,277s][info][gc] GC(539) Concurrent reset 0,681ms
[2020-11-04T21:42:41.349+0300][75,279s][info][gc] GC(539) Pause Init Mark (unload classes) 0,224ms
[2020-11-04T21:42:41.409+0300][75,339s][info][gc] GC(539) Concurrent marking (unload classes) 60,228ms
[2020-11-04T21:42:41.410+0300][75,340s][info][gc] GC(539) Pause Final Mark (unload classes) 0,638ms
[2020-11-04T21:42:41.410+0300][75,340s][info][gc] GC(539) Concurrent weak roots 0,384ms
[2020-11-04T21:42:41.410+0300][75,340s][info][gc] GC(539) Concurrent cleanup 355M->355M(512M) 0,034ms
[2020-11-04T21:42:41.412+0300][75,341s][info][gc] GC(539) Concurrent class unloading 1,109ms
[2020-11-04T21:42:41.412+0300][75,342s][info][gc] GC(539) Concurrent strong roots 0,095ms
[2020-11-04T21:42:41.417+0300][75,347s][info][gc] GC(539) Concurrent evacuation 5,216ms
[2020-11-04T21:42:41.417+0300][75,347s][info][gc] GC(539) Pause Init Update Refs 0,013ms
[2020-11-04T21:42:41.445+0300][75,374s][info][gc] GC(539) Concurrent update references 27,202ms
[2020-11-04T21:42:41.445+0300][75,375s][info][gc] GC(539) Pause Final Update Refs 0,361ms
[2020-11-04T21:42:41.445+0300][75,375s][info][gc] GC(539) Concurrent cleanup 429M->218M(512M) 0,136ms
[2020-11-04T21:42:41.490+0300][75,420s][info][gc] Trigger: Average GC time (86,51 ms) is above the time for allocation rate (1455 MB/s) to deplete free headroom (125M)
[2020-11-04T21:42:41.491+0300][75,420s][info][gc] GC(540) Concurrent reset 0,633ms
[2020-11-04T21:42:41.491+0300][75,421s][info][gc] GC(540) Pause Init Mark (process weakrefs) (unload classes) 0,240ms
[2020-11-04T21:42:41.544+0300][75,474s][info][gc] GC(540) Concurrent marking (process weakrefs) (unload classes) 53,308ms
[2020-11-04T21:42:41.545+0300][75,475s][info][gc] GC(540) Concurrent precleaning 0,165ms
[2020-11-04T21:42:41.545+0300][75,475s][info][gc] GC(540) Pause Final Mark (process weakrefs) (unload classes) 0,503ms
[2020-11-04T21:42:41.546+0300][75,476s][info][gc] GC(540) Concurrent weak roots 0,354ms
[2020-11-04T21:42:41.546+0300][75,476s][info][gc] GC(540) Concurrent cleanup 356M->357M(512M) 0,036ms
[2020-11-04T21:42:41.547+0300][75,477s][info][gc] GC(540) Concurrent class unloading 1,199ms
[2020-11-04T21:42:41.547+0300][75,477s][info][gc] GC(540) Concurrent strong roots 0,111ms
[2020-11-04T21:42:41.552+0300][75,482s][info][gc] GC(540) Concurrent evacuation 5,092ms
[2020-11-04T21:42:41.553+0300][75,483s][info][gc] GC(540) Pause Init Update Refs 0,021ms
[2020-11-04T21:42:41.586+0300][75,516s][info][gc] GC(540) Concurrent update references 33,127ms
[2020-11-04T21:42:41.587+0300][75,516s][info][gc] GC(540) Pause Final Update Refs 0,226ms
[2020-11-04T21:42:41.587+0300][75,517s][info][gc] GC(540) Concurrent cleanup 415M->209M(512M) 0,120ms
[2020-11-04T21:42:41.636+0300][75,565s][info][gc] Trigger: Average GC time (89,16 ms) is above the time for allocation rate (1394 MB/s) to deplete free headroom (122M)
[2020-11-04T21:42:41.636+0300][75,566s][info][gc] GC(541) Concurrent reset 0,649ms
[2020-11-04T21:42:41.637+0300][75,567s][info][gc] GC(541) Pause Init Mark (unload classes) 0,108ms
[2020-11-04T21:42:41.687+0300][75,616s][info][gc] GC(541) Concurrent marking (unload classes) 49,754ms
[2020-11-04T21:42:41.687+0300][75,617s][info][gc] GC(541) Pause Final Mark (unload classes) 0,490ms
[2020-11-04T21:42:41.688+0300][75,618s][info][gc] GC(541) Concurrent weak roots 0,414ms
[2020-11-04T21:42:41.688+0300][75,618s][info][gc] GC(541) Concurrent cleanup 358M->358M(512M) 0,033ms
[2020-11-04T21:42:41.689+0300][75,619s][info][gc] GC(541) Concurrent class unloading 1,061ms
[2020-11-04T21:42:41.689+0300][75,619s][info][gc] GC(541) Concurrent strong roots 0,154ms
[2020-11-04T21:42:41.694+0300][75,624s][info][gc] GC(541) Concurrent evacuation 5,003ms
[2020-11-04T21:42:41.694+0300][75,624s][info][gc] GC(541) Pause Init Update Refs 0,015ms
[2020-11-04T21:42:41.730+0300][75,659s][info][gc] GC(541) Concurrent update references 35,081ms
[2020-11-04T21:42:41.730+0300][75,660s][info][gc] GC(541) Pause Final Update Refs 0,144ms
[2020-11-04T21:42:41.730+0300][75,660s][info][gc] GC(541) Concurrent cleanup 416M->212M(512M) 0,103ms
[2020-11-04T21:42:41.776+0300][75,706s][info][gc] Trigger: Average GC time (92,36 ms) is above the time for allocation rate (1376 MB/s) to deplete free headroom (126M)
[2020-11-04T21:42:41.777+0300][75,706s][info][gc] GC(542) Concurrent reset 0,671ms
[2020-11-04T21:42:41.777+0300][75,707s][info][gc] GC(542) Pause Init Mark (unload classes) 0,107ms
[2020-11-04T21:42:41.830+0300][75,760s][info][gc] GC(542) Concurrent marking (unload classes) 52,756ms
[2020-11-04T21:42:41.830+0300][75,760s][info][gc] GC(542) Pause Final Mark (unload classes) 0,389ms
[2020-11-04T21:42:41.831+0300][75,761s][info][gc] GC(542) Concurrent weak roots 0,449ms
[2020-11-04T21:42:41.831+0300][75,761s][info][gc] GC(542) Concurrent cleanup 355M->355M(512M) 0,033ms
[2020-11-04T21:42:41.832+0300][75,762s][info][gc] GC(542) Concurrent class unloading 1,184ms
[2020-11-04T21:42:41.832+0300][75,762s][info][gc] GC(542) Concurrent strong roots 0,131ms
[2020-11-04T21:42:41.837+0300][75,767s][info][gc] GC(542) Concurrent evacuation 4,842ms
[2020-11-04T21:42:41.838+0300][75,767s][info][gc] GC(542) Pause Init Update Refs 0,025ms
[2020-11-04T21:42:41.873+0300][75,803s][info][gc] GC(542) Concurrent update references 35,528ms
[2020-11-04T21:42:41.874+0300][75,804s][info][gc] GC(542) Pause Final Update Refs 0,155ms
[2020-11-04T21:42:41.874+0300][75,804s][info][gc] GC(542) Concurrent cleanup 415M->222M(512M) 0,104ms
[2020-11-04T21:42:41.916+0300][75,846s][info][gc] Trigger: Average GC time (94,37 ms) is above the time for allocation rate (1339 MB/s) to deplete free headroom (125M)
[2020-11-04T21:42:41.917+0300][75,847s][info][gc] GC(543) Concurrent reset 0,578ms
[2020-11-04T21:42:41.917+0300][75,847s][info][gc] GC(543) Pause Init Mark (unload classes) 0,114ms
[2020-11-04T21:42:41.980+0300][75,910s][info][gc] GC(543) Concurrent marking (unload classes) 62,494ms
[2020-11-04T21:42:41.981+0300][75,911s][info][gc] GC(543) Pause Final Mark (unload classes) 0,460ms
[2020-11-04T21:42:41.981+0300][75,911s][info][gc] GC(543) Concurrent weak roots 0,449ms
[2020-11-04T21:42:41.981+0300][75,911s][info][gc] GC(543) Concurrent cleanup 355M->355M(512M) 0,059ms
[2020-11-04T21:42:41.982+0300][75,912s][info][gc] GC(543) Concurrent class unloading 0,888ms
[2020-11-04T21:42:41.982+0300][75,912s][info][gc] GC(543) Concurrent strong roots 0,175ms
[2020-11-04T21:42:41.987+0300][75,917s][info][gc] GC(543) Concurrent evacuation 4,880ms
[2020-11-04T21:42:41.988+0300][75,918s][info][gc] GC(543) Pause Init Update Refs 0,021ms
[2020-11-04T21:42:42.021+0300][75,951s][info][gc] GC(543) Concurrent update references 32,971ms
[2020-11-04T21:42:42.021+0300][75,951s][info][gc] GC(543) Pause Final Update Refs 0,215ms
[2020-11-04T21:42:42.022+0300][75,951s][info][gc] GC(543) Concurrent cleanup 433M->245M(512M) 0,115ms
[2020-11-04T21:42:42.054+0300][75,984s][info][gc] Trigger: Average GC time (98,70 ms) is above the time for allocation rate (1301 MB/s) to deplete free headroom (128M)
[2020-11-04T21:42:42.055+0300][75,985s][info][gc] GC(544) Concurrent reset 0,540ms
[2020-11-04T21:42:42.055+0300][75,985s][info][gc] GC(544) Pause Init Mark (unload classes) 0,201ms
[2020-11-04T21:42:42.117+0300][76,047s][info][gc] GC(544) Concurrent marking (unload classes) 61,322ms
[2020-11-04T21:42:42.118+0300][76,047s][info][gc] GC(544) Pause Final Mark (unload classes) 0,397ms
[2020-11-04T21:42:42.118+0300][76,048s][info][gc] GC(544) Concurrent weak roots 0,406ms
[2020-11-04T21:42:42.118+0300][76,048s][info][gc] GC(544) Concurrent cleanup 353M->353M(512M) 0,034ms
[2020-11-04T21:42:42.119+0300][76,049s][info][gc] GC(544) Concurrent class unloading 0,880ms
[2020-11-04T21:42:42.119+0300][76,049s][info][gc] GC(544) Concurrent strong roots 0,126ms
[2020-11-04T21:42:42.124+0300][76,054s][info][gc] GC(544) Concurrent evacuation 5,136ms
[2020-11-04T21:42:42.125+0300][76,054s][info][gc] GC(544) Pause Init Update Refs 0,020ms
[2020-11-04T21:42:42.162+0300][76,092s][info][gc] GC(544) Concurrent update references 37,382ms
[2020-11-04T21:42:42.163+0300][76,092s][info][gc] GC(544) Pause Final Update Refs 0,163ms
[2020-11-04T21:42:42.163+0300][76,093s][info][gc] GC(544) Concurrent cleanup 412M->233M(512M) 0,111ms
[2020-11-04T21:42:42.203+0300][76,133s][info][gc] Trigger: Average GC time (100,63 ms) is above the time for allocation rate (1224 MB/s) to deplete free headroom (120M)
[2020-11-04T21:42:42.204+0300][76,134s][info][gc] GC(545) Concurrent reset 0,625ms
[2020-11-04T21:42:42.204+0300][76,134s][info][gc] GC(545) Pause Init Mark (process weakrefs) (unload classes) 0,096ms
[2020-11-04T21:42:42.277+0300][76,207s][info][gc] GC(545) Concurrent marking (process weakrefs) (unload classes) 73,244ms
[2020-11-04T21:42:42.278+0300][76,207s][info][gc] GC(545) Concurrent precleaning 0,117ms
[2020-11-04T21:42:42.278+0300][76,208s][info][gc] GC(545) Pause Final Mark (process weakrefs) (unload classes) 0,620ms
[2020-11-04T21:42:42.279+0300][76,209s][info][gc] GC(545) Concurrent weak roots 0,352ms
[2020-11-04T21:42:42.279+0300][76,209s][info][gc] GC(545) Concurrent cleanup 360M->361M(512M) 0,038ms
[2020-11-04T21:42:42.280+0300][76,210s][info][gc] GC(545) Concurrent class unloading 0,787ms
[2020-11-04T21:42:42.280+0300][76,210s][info][gc] GC(545) Concurrent strong roots 0,092ms
[2020-11-04T21:42:42.284+0300][76,214s][info][gc] GC(545) Concurrent evacuation 4,421ms
[2020-11-04T21:42:42.285+0300][76,215s][info][gc] GC(545) Pause Init Update Refs 0,025ms
[2020-11-04T21:42:42.320+0300][76,250s][info][gc] GC(545) Concurrent update references 35,392ms
[2020-11-04T21:42:42.321+0300][76,250s][info][gc] GC(545) Pause Final Update Refs 0,149ms
[2020-11-04T21:42:42.321+0300][76,251s][info][gc] GC(545) Concurrent cleanup 445M->263M(512M) 0,118ms
[2020-11-04T21:42:42.349+0300][76,279s][info][gc] Trigger: Average GC time (104,76 ms) is above the time for allocation rate (1199 MB/s) to deplete free headroom (121M)
[2020-11-04T21:42:42.350+0300][76,280s][info][gc] GC(546) Concurrent reset 0,569ms
[2020-11-04T21:42:42.350+0300][76,280s][info][gc] GC(546) Pause Init Mark (unload classes) 0,123ms
[2020-11-04T21:42:42.437+0300][76,366s][info][gc] GC(546) Concurrent marking (unload classes) 86,077ms
[2020-11-04T21:42:42.437+0300][76,367s][info][gc] GC(546) Pause Final Mark (unload classes) 0,436ms
[2020-11-04T21:42:42.438+0300][76,368s][info][gc] GC(546) Concurrent weak roots 0,390ms
[2020-11-04T21:42:42.438+0300][76,368s][info][gc] GC(546) Concurrent cleanup 359M->359M(512M) 0,039ms
[2020-11-04T21:42:42.439+0300][76,368s][info][gc] GC(546) Concurrent class unloading 0,803ms
[2020-11-04T21:42:42.439+0300][76,369s][info][gc] GC(546) Concurrent strong roots 0,104ms
[2020-11-04T21:42:42.443+0300][76,373s][info][gc] GC(546) Concurrent evacuation 4,365ms
[2020-11-04T21:42:42.443+0300][76,373s][info][gc] GC(546) Pause Init Update Refs 0,021ms
[2020-11-04T21:42:42.478+0300][76,408s][info][gc] GC(546) Concurrent update references 34,551ms
[2020-11-04T21:42:42.479+0300][76,408s][info][gc] GC(546) Pause Final Update Refs 0,194ms
[2020-11-04T21:42:42.479+0300][76,409s][info][gc] GC(546) Concurrent cleanup 446M->270M(512M) 0,116ms
[2020-11-04T21:42:42.505+0300][76,435s][info][gc] Trigger: Average GC time (111,73 ms) is above the time for allocation rate (1102 MB/s) to deplete free headroom (120M)
[2020-11-04T21:42:42.506+0300][76,436s][info][gc] GC(547) Concurrent reset 0,588ms
[2020-11-04T21:42:42.506+0300][76,436s][info][gc] GC(547) Pause Init Mark (unload classes) 0,120ms
[2020-11-04T21:42:42.570+0300][76,500s][info][gc] GC(547) Concurrent marking (unload classes) 63,571ms
[2020-11-04T21:42:42.571+0300][76,500s][info][gc] GC(547) Pause Final Mark (unload classes) 0,424ms
[2020-11-04T21:42:42.571+0300][76,501s][info][gc] GC(547) Concurrent weak roots 0,400ms
[2020-11-04T21:42:42.571+0300][76,501s][info][gc] GC(547) Concurrent cleanup 359M->359M(512M) 0,037ms
[2020-11-04T21:42:42.572+0300][76,502s][info][gc] GC(547) Concurrent class unloading 0,764ms
[2020-11-04T21:42:42.572+0300][76,502s][info][gc] GC(547) Concurrent strong roots 0,066ms
[2020-11-04T21:42:42.576+0300][76,506s][info][gc] GC(547) Concurrent evacuation 4,047ms
[2020-11-04T21:42:42.576+0300][76,506s][info][gc] GC(547) Pause Init Update Refs 0,024ms
[2020-11-04T21:42:42.613+0300][76,543s][info][gc] GC(547) Concurrent update references 36,428ms
[2020-11-04T21:42:42.614+0300][76,543s][info][gc] GC(547) Pause Final Update Refs 0,279ms
[2020-11-04T21:42:42.614+0300][76,544s][info][gc] GC(547) Concurrent cleanup 441M->269M(512M) 0,095ms
[2020-11-04T21:42:42.636+0300][76,566s][info][gc] Trigger: Average GC time (113,80 ms) is above the time for allocation rate (1190 MB/s) to deplete free headroom (131M)
[2020-11-04T21:42:42.637+0300][76,566s][info][gc] GC(548) Concurrent reset 0,583ms
[2020-11-04T21:42:42.637+0300][76,567s][info][gc] GC(548) Pause Init Mark (unload classes) 0,283ms
[2020-11-04T21:42:42.703+0300][76,632s][info][gc] GC(548) Concurrent marking (unload classes) 65,371ms
[2020-11-04T21:42:42.704+0300][76,633s][info][gc] GC(548) Pause Final Mark (unload classes) 0,665ms
[2020-11-04T21:42:42.704+0300][76,634s][info][gc] GC(548) Concurrent weak roots 0,455ms
[2020-11-04T21:42:42.704+0300][76,634s][info][gc] GC(548) Concurrent cleanup 349M->349M(512M) 0,032ms
[2020-11-04T21:42:42.705+0300][76,635s][info][gc] GC(548) Concurrent class unloading 0,912ms
[2020-11-04T21:42:42.705+0300][76,635s][info][gc] GC(548) Concurrent strong roots 0,058ms
[2020-11-04T21:42:42.709+0300][76,639s][info][gc] GC(548) Concurrent evacuation 3,956ms
[2020-11-04T21:42:42.709+0300][76,639s][info][gc] GC(548) Pause Init Update Refs 0,024ms
[2020-11-04T21:42:42.747+0300][76,677s][info][gc] GC(548) Concurrent update references 37,899ms
[2020-11-04T21:42:42.748+0300][76,678s][info][gc] GC(548) Pause Final Update Refs 0,284ms
[2020-11-04T21:42:42.748+0300][76,678s][info][gc] GC(548) Concurrent cleanup 435M->279M(512M) 0,119ms
[2020-11-04T21:42:42.767+0300][76,697s][info][gc] Trigger: Average GC time (115,21 ms) is above the time for allocation rate (1158 MB/s) to deplete free headroom (130M)
[2020-11-04T21:42:42.768+0300][76,698s][info][gc] GC(549) Concurrent reset 0,573ms
[2020-11-04T21:42:42.768+0300][76,698s][info][gc] GC(549) Pause Init Mark (unload classes) 0,121ms
[2020-11-04T21:42:42.866+0300][76,796s][info][gc] GC(549) Concurrent marking (unload classes) 97,613ms
[2020-11-04T21:42:42.867+0300][76,796s][info][gc] GC(549) Pause Final Mark (unload classes) 0,390ms
[2020-11-04T21:42:42.867+0300][76,797s][info][gc] GC(549) Concurrent weak roots 0,506ms
[2020-11-04T21:42:42.867+0300][76,797s][info][gc] GC(549) Concurrent cleanup 351M->351M(512M) 0,041ms
[2020-11-04T21:42:42.868+0300][76,798s][info][gc] GC(549) Concurrent class unloading 0,766ms
[2020-11-04T21:42:42.868+0300][76,798s][info][gc] GC(549) Concurrent strong roots 0,056ms
[2020-11-04T21:42:42.873+0300][76,803s][info][gc] GC(549) Concurrent evacuation 4,854ms
[2020-11-04T21:42:42.873+0300][76,803s][info][gc] GC(549) Pause Init Update Refs 0,022ms
[2020-11-04T21:42:42.918+0300][76,848s][info][gc] GC(549) Concurrent update references 44,459ms
[2020-11-04T21:42:42.919+0300][76,848s][info][gc] GC(549) Pause Final Update Refs 0,300ms
[2020-11-04T21:42:42.919+0300][76,849s][info][gc] GC(549) Concurrent cleanup 421M->269M(512M) 0,090ms
[2020-11-04T21:42:42.948+0300][76,878s][info][gc] Trigger: Average GC time (123,82 ms) is above the time for allocation rate (915 MB/s) to deplete free headroom (112M)
[2020-11-04T21:42:42.949+0300][76,879s][info][gc] GC(550) Concurrent reset 0,615ms
[2020-11-04T21:42:42.949+0300][76,879s][info][gc] GC(550) Pause Init Mark (process weakrefs) (unload classes) 0,081ms
[2020-11-04T21:42:43.021+0300][76,951s][info][gc] GC(550) Concurrent marking (process weakrefs) (unload classes) 71,963ms
[2020-11-04T21:42:43.022+0300][76,951s][info][gc] GC(550) Concurrent precleaning 0,102ms
[2020-11-04T21:42:43.022+0300][76,952s][info][gc] GC(550) Pause Final Mark (process weakrefs) (unload classes) 0,331ms
[2020-11-04T21:42:43.023+0300][76,952s][info][gc] GC(550) Concurrent weak roots 0,417ms
[2020-11-04T21:42:43.023+0300][76,952s][info][gc] GC(550) Concurrent cleanup 366M->366M(512M) 0,040ms
[2020-11-04T21:42:43.023+0300][76,953s][info][gc] GC(550) Concurrent class unloading 0,803ms
[2020-11-04T21:42:43.024+0300][76,953s][info][gc] GC(550) Concurrent strong roots 0,139ms
[2020-11-04T21:42:43.030+0300][76,960s][info][gc] GC(550) Concurrent evacuation 6,231ms
[2020-11-04T21:42:43.030+0300][76,960s][info][gc] GC(550) Pause Init Update Refs 0,013ms
[2020-11-04T21:42:43.069+0300][76,999s][info][gc] GC(550) Concurrent update references 39,212ms
[2020-11-04T21:42:43.070+0300][77,000s][info][gc] GC(550) Pause Final Update Refs 0,374ms
[2020-11-04T21:42:43.070+0300][77,000s][info][gc] GC(550) Concurrent cleanup 457M->291M(512M) 0,117ms
[2020-11-04T21:42:43.085+0300][77,015s][info][gc] Trigger: Average GC time (124,64 ms) is above the time for allocation rate (1052 MB/s) to deplete free headroom (129M)
[2020-11-04T21:42:43.086+0300][77,016s][info][gc] GC(551) Concurrent reset 0,643ms
[2020-11-04T21:42:43.086+0300][77,016s][info][gc] GC(551) Pause Init Mark (unload classes) 0,105ms
[2020-11-04T21:42:43.155+0300][77,084s][info][gc] GC(551) Concurrent marking (unload classes) 68,216ms
[2020-11-04T21:42:43.156+0300][77,085s][info][gc] GC(551) Pause Final Mark (unload classes) 0,775ms
[2020-11-04T21:42:43.156+0300][77,086s][info][gc] GC(551) Concurrent weak roots 0,343ms
[2020-11-04T21:42:43.156+0300][77,086s][info][gc] GC(551) Concurrent cleanup 351M->351M(512M) 0,030ms
[2020-11-04T21:42:43.157+0300][77,087s][info][gc] GC(551) Concurrent class unloading 0,872ms
[2020-11-04T21:42:43.157+0300][77,087s][info][gc] GC(551) Concurrent strong roots 0,072ms
[2020-11-04T21:42:43.161+0300][77,090s][info][gc] GC(551) Concurrent evacuation 3,496ms
[2020-11-04T21:42:43.161+0300][77,091s][info][gc] GC(551) Pause Init Update Refs 0,024ms
[2020-11-04T21:42:43.203+0300][77,133s][info][gc] GC(551) Concurrent update references 41,793ms
[2020-11-04T21:42:43.203+0300][77,133s][info][gc] GC(551) Pause Final Update Refs 0,134ms
[2020-11-04T21:42:43.203+0300][77,133s][info][gc] GC(551) Concurrent cleanup 419M->275M(512M) 0,093ms
[2020-11-04T21:42:43.229+0300][77,159s][info][gc] Trigger: Average GC time (122,39 ms) is above the time for allocation rate (1024 MB/s) to deplete free headroom (122M)
[2020-11-04T21:42:43.229+0300][77,159s][info][gc] GC(552) Concurrent reset 0,577ms
[2020-11-04T21:42:43.230+0300][77,160s][info][gc] GC(552) Pause Init Mark (unload classes) 0,117ms
[2020-11-04T21:42:43.265+0300][77,194s][info][gc] GC(552) Concurrent marking (unload classes) 34,546ms
[2020-11-04T21:42:43.265+0300][77,195s][info][gc] GC(552) Pause Final Mark (unload classes) 0,418ms
[2020-11-04T21:42:43.266+0300][77,196s][info][gc] GC(552) Concurrent weak roots 0,435ms
[2020-11-04T21:42:43.266+0300][77,196s][info][gc] GC(552) Concurrent cleanup 356M->353M(512M) 0,040ms
[2020-11-04T21:42:43.267+0300][77,197s][info][gc] GC(552) Concurrent class unloading 0,917ms
[2020-11-04T21:42:43.267+0300][77,197s][info][gc] GC(552) Concurrent strong roots 0,086ms
[2020-11-04T21:42:43.271+0300][77,201s][info][gc] GC(552) Concurrent evacuation 3,861ms
[2020-11-04T21:42:43.271+0300][77,201s][info][gc] GC(552) Pause Init Update Refs 0,014ms
[2020-11-04T21:42:43.291+0300][77,221s][info][gc] GC(552) Concurrent update references 20,223ms
[2020-11-04T21:42:43.292+0300][77,222s][info][gc] GC(552) Pause Final Update Refs 0,133ms
[2020-11-04T21:42:43.292+0300][77,222s][info][gc] GC(552) Concurrent cleanup 402M->158M(512M) 0,122ms
[2020-11-04T21:42:43.336+0300][77,265s][info][gc] Trigger: Average GC time (113,35 ms) is above the time for allocation rate (1669 MB/s) to deplete free headroom (186M)
[2020-11-04T21:42:43.336+0300][77,266s][info][gc] GC(553) Concurrent reset 0,607ms
[2020-11-04T21:42:43.337+0300][77,267s][info][gc] GC(553) Pause Init Mark (unload classes) 0,243ms
[2020-11-04T21:42:43.391+0300][77,320s][info][gc] GC(553) Concurrent marking (unload classes) 53,879ms
[2020-11-04T21:42:43.391+0300][77,321s][info][gc] GC(553) Pause Final Mark (unload classes) 0,506ms
[2020-11-04T21:42:43.392+0300][77,322s][info][gc] GC(553) Concurrent weak roots 0,452ms
[2020-11-04T21:42:43.392+0300][77,322s][info][gc] GC(553) Concurrent cleanup 301M->301M(512M) 0,033ms
[2020-11-04T21:42:43.393+0300][77,323s][info][gc] GC(553) Concurrent class unloading 1,201ms
[2020-11-04T21:42:43.393+0300][77,323s][info][gc] GC(553) Concurrent strong roots 0,137ms
[2020-11-04T21:42:43.398+0300][77,328s][info][gc] GC(553) Concurrent evacuation 4,427ms
[2020-11-04T21:42:43.398+0300][77,328s][info][gc] GC(553) Pause Init Update Refs 0,014ms
[2020-11-04T21:42:43.422+0300][77,352s][info][gc] GC(553) Concurrent update references 23,848ms
[2020-11-04T21:42:43.423+0300][77,352s][info][gc] GC(553) Pause Final Update Refs 0,160ms
[2020-11-04T21:42:43.423+0300][77,352s][info][gc] GC(553) Concurrent cleanup 346M->168M(512M) 0,093ms
[2020-11-04T21:42:43.474+0300][77,403s][info][gc] Trigger: Average GC time (108,34 ms) is above the time for allocation rate (1459 MB/s) to deplete free headroom (158M)
[2020-11-04T21:42:43.474+0300][77,404s][info][gc] GC(554) Concurrent reset 0,578ms
[2020-11-04T21:42:43.475+0300][77,404s][info][gc] GC(554) Pause Init Mark (unload classes) 0,094ms
[2020-11-04T21:42:43.526+0300][77,456s][info][gc] GC(554) Concurrent marking (unload classes) 51,416ms
[2020-11-04T21:42:43.527+0300][77,456s][info][gc] GC(554) Pause Final Mark (unload classes) 0,379ms
[2020-11-04T21:42:43.527+0300][77,457s][info][gc] GC(554) Concurrent weak roots 0,374ms
[2020-11-04T21:42:43.527+0300][77,457s][info][gc] GC(554) Concurrent cleanup 326M->326M(512M) 0,036ms
[2020-11-04T21:42:43.528+0300][77,458s][info][gc] GC(554) Concurrent class unloading 0,853ms
[2020-11-04T21:42:43.528+0300][77,458s][info][gc] GC(554) Concurrent strong roots 0,140ms
[2020-11-04T21:42:43.534+0300][77,463s][info][gc] GC(554) Concurrent evacuation 5,319ms
[2020-11-04T21:42:43.534+0300][77,464s][info][gc] GC(554) Pause Init Update Refs 0,023ms
[2020-11-04T21:42:43.557+0300][77,487s][info][gc] GC(554) Concurrent update references 22,904ms
[2020-11-04T21:42:43.557+0300][77,487s][info][gc] GC(554) Pause Final Update Refs 0,169ms
[2020-11-04T21:42:43.558+0300][77,487s][info][gc] GC(554) Concurrent cleanup 387M->185M(512M) 0,119ms
[2020-11-04T21:42:43.605+0300][77,535s][info][gc] Trigger: Average GC time (94,85 ms) is above the time for allocation rate (1565 MB/s) to deplete free headroom (147M)
[2020-11-04T21:42:43.606+0300][77,536s][info][gc] GC(555) Concurrent reset 0,565ms
[2020-11-04T21:42:43.606+0300][77,536s][info][gc] GC(555) Pause Init Mark (process weakrefs) (unload classes) 0,148ms
[2020-11-04T21:42:43.653+0300][77,583s][info][gc] GC(555) Concurrent marking (process weakrefs) (unload classes) 46,846ms
[2020-11-04T21:42:43.653+0300][77,583s][info][gc] GC(555) Concurrent precleaning 0,152ms
[2020-11-04T21:42:43.655+0300][77,584s][info][gc] GC(555) Pause Final Mark (process weakrefs) (unload classes) 0,850ms
[2020-11-04T21:42:43.655+0300][77,585s][info][gc] GC(555) Concurrent weak roots 0,344ms
[2020-11-04T21:42:43.655+0300][77,585s][info][gc] GC(555) Concurrent cleanup 336M->336M(512M) 0,044ms
[2020-11-04T21:42:43.656+0300][77,586s][info][gc] GC(555) Concurrent class unloading 0,773ms
[2020-11-04T21:42:43.656+0300][77,586s][info][gc] GC(555) Concurrent strong roots 0,137ms
[2020-11-04T21:42:43.661+0300][77,591s][info][gc] GC(555) Concurrent evacuation 5,382ms
[2020-11-04T21:42:43.662+0300][77,592s][info][gc] GC(555) Pause Init Update Refs 0,012ms
[2020-11-04T21:42:43.685+0300][77,615s][info][gc] GC(555) Concurrent update references 23,447ms
[2020-11-04T21:42:43.686+0300][77,616s][info][gc] GC(555) Pause Final Update Refs 0,290ms
[2020-11-04T21:42:43.686+0300][77,616s][info][gc] GC(555) Concurrent cleanup 398M->192M(512M) 0,114ms
[2020-11-04T21:42:43.735+0300][77,664s][info][gc] Trigger: Average GC time (86,64 ms) is above the time for allocation rate (1617 MB/s) to deplete free headroom (138M)
[2020-11-04T21:42:43.735+0300][77,665s][info][gc] GC(556) Concurrent reset 0,620ms
[2020-11-04T21:42:43.736+0300][77,666s][info][gc] GC(556) Pause Init Mark (unload classes) 0,269ms
[2020-11-04T21:42:43.786+0300][77,716s][info][gc] GC(556) Concurrent marking (unload classes) 50,421ms
[2020-11-04T21:42:43.787+0300][77,717s][info][gc] GC(556) Pause Final Mark (unload classes) 0,575ms
[2020-11-04T21:42:43.787+0300][77,717s][info][gc] GC(556) Concurrent weak roots 0,352ms
[2020-11-04T21:42:43.788+0300][77,717s][info][gc] GC(556) Concurrent cleanup 344M->344M(512M) 0,030ms
[2020-11-04T21:42:43.788+0300][77,718s][info][gc] GC(556) Concurrent class unloading 0,914ms
[2020-11-04T21:42:43.789+0300][77,718s][info][gc] GC(556) Concurrent strong roots 0,072ms
[2020-11-04T21:42:43.794+0300][77,724s][info][gc] GC(556) Concurrent evacuation 5,536ms
[2020-11-04T21:42:43.794+0300][77,724s][info][gc] GC(556) Pause Init Update Refs 0,016ms
[2020-11-04T21:42:43.823+0300][77,753s][info][gc] GC(556) Concurrent update references 28,538ms
[2020-11-04T21:42:43.824+0300][77,753s][info][gc] GC(556) Pause Final Update Refs 0,279ms
[2020-11-04T21:42:43.824+0300][77,754s][info][gc] GC(556) Concurrent cleanup 395M->186M(512M) 0,123ms
[2020-11-04T21:42:43.882+0300][77,812s][info][gc] Trigger: Average GC time (80,83 ms) is above the time for allocation rate (1511 MB/s) to deplete free headroom (119M)
[2020-11-04T21:42:43.883+0300][77,813s][info][gc] GC(557) Concurrent reset 0,625ms
[2020-11-04T21:42:43.883+0300][77,813s][info][gc] GC(557) Pause Init Mark (unload classes) 0,117ms
[2020-11-04T21:42:43.937+0300][77,867s][info][gc] GC(557) Concurrent marking (unload classes) 53,826ms
[2020-11-04T21:42:43.938+0300][77,868s][info][gc] GC(557) Pause Final Mark (unload classes) 0,758ms
[2020-11-04T21:42:43.938+0300][77,868s][info][gc] GC(557) Concurrent weak roots 0,324ms
[2020-11-04T21:42:43.938+0300][77,868s][info][gc] GC(557) Concurrent cleanup 362M->362M(512M) 0,030ms
[2020-11-04T21:42:43.939+0300][77,869s][info][gc] GC(557) Concurrent class unloading 0,948ms
[2020-11-04T21:42:43.939+0300][77,869s][info][gc] GC(557) Concurrent strong roots 0,103ms
[2020-11-04T21:42:43.945+0300][77,875s][info][gc] GC(557) Concurrent evacuation 5,483ms
[2020-11-04T21:42:43.945+0300][77,875s][info][gc] GC(557) Pause Init Update Refs 0,021ms
[2020-11-04T21:42:43.975+0300][77,905s][info][gc] GC(557) Concurrent update references 30,120ms
[2020-11-04T21:42:43.976+0300][77,906s][info][gc] GC(557) Pause Final Update Refs 0,289ms
[2020-11-04T21:42:43.976+0300][77,906s][info][gc] GC(557) Concurrent cleanup 419M->196M(512M) 0,119ms
[2020-11-04T21:42:44.029+0300][77,959s][info][gc] Trigger: Average GC time (87,01 ms) is above the time for allocation rate (1443 MB/s) to deplete free headroom (123M)
[2020-11-04T21:42:44.030+0300][77,960s][info][gc] GC(558) Concurrent reset 0,638ms
[2020-11-04T21:42:44.030+0300][77,960s][info][gc] GC(558) Pause Init Mark (unload classes) 0,255ms
[2020-11-04T21:42:44.082+0300][78,012s][info][gc] GC(558) Concurrent marking (unload classes) 51,201ms
[2020-11-04T21:42:44.082+0300][78,012s][info][gc] GC(558) Pause Final Mark (unload classes) 0,401ms
[2020-11-04T21:42:44.083+0300][78,013s][info][gc] GC(558) Concurrent weak roots 0,281ms
[2020-11-04T21:42:44.083+0300][78,013s][info][gc] GC(558) Concurrent cleanup 358M->358M(512M) 0,040ms
[2020-11-04T21:42:44.084+0300][78,013s][info][gc] GC(558) Concurrent class unloading 0,848ms
[2020-11-04T21:42:44.084+0300][78,014s][info][gc] GC(558) Concurrent strong roots 0,056ms
[2020-11-04T21:42:44.089+0300][78,019s][info][gc] GC(558) Concurrent evacuation 5,055ms
[2020-11-04T21:42:44.089+0300][78,019s][info][gc] GC(558) Pause Init Update Refs 0,012ms
[2020-11-04T21:42:44.121+0300][78,050s][info][gc] GC(558) Concurrent update references 31,349ms
[2020-11-04T21:42:44.121+0300][78,051s][info][gc] GC(558) Pause Final Update Refs 0,361ms
[2020-11-04T21:42:44.121+0300][78,051s][info][gc] GC(558) Concurrent cleanup 414M->201M(512M) 0,119ms
[2020-11-04T21:42:44.172+0300][78,102s][info][gc] Trigger: Average GC time (88,00 ms) is above the time for allocation rate (1439 MB/s) to deplete free headroom (123M)
[2020-11-04T21:42:44.173+0300][78,103s][info][gc] GC(559) Concurrent reset 0,576ms
[2020-11-04T21:42:44.173+0300][78,103s][info][gc] GC(559) Pause Init Mark (unload classes) 0,149ms
[2020-11-04T21:42:44.227+0300][78,156s][info][gc] GC(559) Concurrent marking (unload classes) 53,385ms
[2020-11-04T21:42:44.228+0300][78,157s][info][gc] GC(559) Pause Final Mark (unload classes) 0,749ms
[2020-11-04T21:42:44.228+0300][78,158s][info][gc] GC(559) Concurrent weak roots 0,412ms
[2020-11-04T21:42:44.228+0300][78,158s][info][gc] GC(559) Concurrent cleanup 357M->357M(512M) 0,032ms
[2020-11-04T21:42:44.229+0300][78,159s][info][gc] GC(559) Concurrent class unloading 0,861ms
[2020-11-04T21:42:44.229+0300][78,159s][info][gc] GC(559) Concurrent strong roots 0,107ms
[2020-11-04T21:42:44.235+0300][78,165s][info][gc] GC(559) Concurrent evacuation 5,831ms
[2020-11-04T21:42:44.235+0300][78,165s][info][gc] GC(559) Pause Init Update Refs 0,013ms
[2020-11-04T21:42:44.267+0300][78,197s][info][gc] GC(559) Concurrent update references 32,017ms
[2020-11-04T21:42:44.268+0300][78,198s][info][gc] GC(559) Pause Final Update Refs 0,292ms
[2020-11-04T21:42:44.268+0300][78,198s][info][gc] GC(559) Concurrent cleanup 415M->210M(512M) 0,116ms
[2020-11-04T21:42:44.319+0300][78,249s][info][gc] Trigger: Average GC time (90,41 ms) is above the time for allocation rate (1365 MB/s) to deplete free headroom (122M)
[2020-11-04T21:42:44.320+0300][78,250s][info][gc] GC(560) Concurrent reset 0,586ms
[2020-11-04T21:42:44.320+0300][78,250s][info][gc] GC(560) Pause Init Mark (process weakrefs) (unload classes) 0,235ms
[2020-11-04T21:42:44.390+0300][78,320s][info][gc] GC(560) Concurrent marking (process weakrefs) (unload classes) 69,944ms
[2020-11-04T21:42:44.391+0300][78,320s][info][gc] GC(560) Concurrent precleaning 0,159ms
[2020-11-04T21:42:44.391+0300][78,321s][info][gc] GC(560) Pause Final Mark (process weakrefs) (unload classes) 0,603ms
[2020-11-04T21:42:44.392+0300][78,322s][info][gc] GC(560) Concurrent weak roots 0,391ms
[2020-11-04T21:42:44.392+0300][78,322s][info][gc] GC(560) Concurrent cleanup 358M->358M(512M) 0,036ms
[2020-11-04T21:42:44.393+0300][78,323s][info][gc] GC(560) Concurrent class unloading 1,216ms
[2020-11-04T21:42:44.393+0300][78,323s][info][gc] GC(560) Concurrent strong roots 0,063ms
[2020-11-04T21:42:44.398+0300][78,328s][info][gc] GC(560) Concurrent evacuation 4,981ms
[2020-11-04T21:42:44.399+0300][78,328s][info][gc] GC(560) Pause Init Update Refs 0,022ms
[2020-11-04T21:42:44.433+0300][78,363s][info][gc] GC(560) Concurrent update references 34,092ms
[2020-11-04T21:42:44.433+0300][78,363s][info][gc] GC(560) Pause Final Update Refs 0,154ms
[2020-11-04T21:42:44.433+0300][78,363s][info][gc] GC(560) Concurrent cleanup 417M->216M(512M) 0,146ms
[2020-11-04T21:42:44.482+0300][78,412s][info][gc] Trigger: Average GC time (97,15 ms) is above the time for allocation rate (1219 MB/s) to deplete free headroom (118M)
[2020-11-04T21:42:44.483+0300][78,413s][info][gc] GC(561) Concurrent reset 0,628ms
[2020-11-04T21:42:44.483+0300][78,413s][info][gc] GC(561) Pause Init Mark (unload classes) 0,106ms
[2020-11-04T21:42:44.538+0300][78,468s][info][gc] GC(561) Concurrent marking (unload classes) 54,525ms
[2020-11-04T21:42:44.539+0300][78,468s][info][gc] GC(561) Pause Final Mark (unload classes) 0,425ms
[2020-11-04T21:42:44.539+0300][78,469s][info][gc] GC(561) Concurrent weak roots 0,464ms
[2020-11-04T21:42:44.539+0300][78,469s][info][gc] GC(561) Concurrent cleanup 361M->361M(512M) 0,044ms
[2020-11-04T21:42:44.540+0300][78,470s][info][gc] GC(561) Concurrent class unloading 1,193ms
[2020-11-04T21:42:44.541+0300][78,470s][info][gc] GC(561) Concurrent strong roots 0,129ms
[2020-11-04T21:42:44.546+0300][78,476s][info][gc] GC(561) Concurrent evacuation 5,345ms
[2020-11-04T21:42:44.546+0300][78,476s][info][gc] GC(561) Pause Init Update Refs 0,035ms
[2020-11-04T21:42:44.578+0300][78,507s][info][gc] GC(561) Concurrent update references 31,199ms
[2020-11-04T21:42:44.578+0300][78,508s][info][gc] GC(561) Pause Final Update Refs 0,199ms
[2020-11-04T21:42:44.578+0300][78,508s][info][gc] GC(561) Concurrent cleanup 438M->238M(512M) 0,128ms
[2020-11-04T21:42:44.611+0300][78,541s][info][gc] Trigger: Average GC time (98,53 ms) is above the time for allocation rate (1369 MB/s) to deplete free headroom (134M)
[2020-11-04T21:42:44.612+0300][78,542s][info][gc] GC(562) Concurrent reset 0,652ms
[2020-11-04T21:42:44.612+0300][78,542s][info][gc] GC(562) Pause Init Mark (unload classes) 0,260ms
[2020-11-04T21:42:44.678+0300][78,608s][info][gc] GC(562) Concurrent marking (unload classes) 65,493ms
[2020-11-04T21:42:44.679+0300][78,608s][info][gc] GC(562) Pause Final Mark (unload classes) 0,393ms
[2020-11-04T21:42:44.679+0300][78,609s][info][gc] GC(562) Concurrent weak roots 0,435ms
[2020-11-04T21:42:44.679+0300][78,609s][info][gc] GC(562) Concurrent cleanup 347M->347M(512M) 0,031ms
[2020-11-04T21:42:44.680+0300][78,610s][info][gc] GC(562) Concurrent class unloading 1,249ms
[2020-11-04T21:42:44.681+0300][78,610s][info][gc] GC(562) Concurrent strong roots 0,145ms
[2020-11-04T21:42:44.686+0300][78,616s][info][gc] GC(562) Concurrent evacuation 5,739ms
[2020-11-04T21:42:44.687+0300][78,617s][info][gc] GC(562) Pause Init Update Refs 0,021ms
[2020-11-04T21:42:44.719+0300][78,649s][info][gc] GC(562) Concurrent update references 32,215ms
[2020-11-04T21:42:44.720+0300][78,650s][info][gc] GC(562) Pause Final Update Refs 0,387ms
[2020-11-04T21:42:44.720+0300][78,650s][info][gc] GC(562) Concurrent cleanup 428M->251M(512M) 0,105ms
[2020-11-04T21:42:44.751+0300][78,680s][info][gc] Trigger: Average GC time (101,41 ms) is above the time for allocation rate (1282 MB/s) to deplete free headroom (127M)
[2020-11-04T21:42:44.751+0300][78,681s][info][gc] GC(563) Concurrent reset 0,595ms
[2020-11-04T21:42:44.752+0300][78,682s][info][gc] GC(563) Pause Init Mark (unload classes) 0,245ms
[2020-11-04T21:42:44.834+0300][78,764s][info][gc] GC(563) Concurrent marking (unload classes) 82,202ms
[2020-11-04T21:42:44.835+0300][78,765s][info][gc] GC(563) Pause Final Mark (unload classes) 0,579ms
[2020-11-04T21:42:44.835+0300][78,765s][info][gc] GC(563) Concurrent weak roots 0,349ms
[2020-11-04T21:42:44.835+0300][78,765s][info][gc] GC(563) Concurrent cleanup 354M->354M(512M) 0,036ms
[2020-11-04T21:42:44.837+0300][78,766s][info][gc] GC(563) Concurrent class unloading 1,106ms
[2020-11-04T21:42:44.837+0300][78,766s][info][gc] GC(563) Concurrent strong roots 0,107ms
[2020-11-04T21:42:44.841+0300][78,771s][info][gc] GC(563) Concurrent evacuation 4,412ms
[2020-11-04T21:42:44.841+0300][78,771s][info][gc] GC(563) Pause Init Update Refs 0,014ms
[2020-11-04T21:42:44.875+0300][78,804s][info][gc] GC(563) Concurrent update references 33,100ms
[2020-11-04T21:42:44.875+0300][78,805s][info][gc] GC(563) Pause Final Update Refs 0,179ms
[2020-11-04T21:42:44.875+0300][78,805s][info][gc] GC(563) Concurrent cleanup 436M->257M(512M) 0,084ms
[2020-11-04T21:42:44.906+0300][78,836s][info][gc] Trigger: Average GC time (107,92 ms) is above the time for allocation rate (1154 MB/s) to deplete free headroom (121M)
[2020-11-04T21:42:44.907+0300][78,836s][info][gc] GC(564) Concurrent reset 0,510ms
[2020-11-04T21:42:44.907+0300][78,837s][info][gc] GC(564) Pause Init Mark (unload classes) 0,192ms
[2020-11-04T21:42:44.970+0300][78,900s][info][gc] GC(564) Concurrent marking (unload classes) 62,678ms
[2020-11-04T21:42:44.971+0300][78,900s][info][gc] GC(564) Pause Final Mark (unload classes) 0,487ms
[2020-11-04T21:42:44.971+0300][78,901s][info][gc] GC(564) Concurrent weak roots 0,416ms
[2020-11-04T21:42:44.971+0300][78,901s][info][gc] GC(564) Concurrent cleanup 357M->357M(512M) 0,036ms
[2020-11-04T21:42:44.972+0300][78,902s][info][gc] GC(564) Concurrent class unloading 0,923ms
[2020-11-04T21:42:44.972+0300][78,902s][info][gc] GC(564) Concurrent strong roots 0,062ms
[2020-11-04T21:42:44.977+0300][78,907s][info][gc] GC(564) Concurrent evacuation 4,713ms
[2020-11-04T21:42:44.977+0300][78,907s][info][gc] GC(564) Pause Init Update Refs 0,013ms
[2020-11-04T21:42:45.014+0300][78,944s][info][gc] GC(564) Concurrent update references 36,991ms
[2020-11-04T21:42:45.015+0300][78,944s][info][gc] GC(564) Pause Final Update Refs 0,132ms
[2020-11-04T21:42:45.015+0300][78,945s][info][gc] GC(564) Concurrent cleanup 424M->245M(512M) 0,121ms
[2020-11-04T21:42:45.048+0300][78,978s][info][gc] Trigger: Average GC time (110,50 ms) is above the time for allocation rate (1173 MB/s) to deplete free headroom (128M)
[2020-11-04T21:42:45.048+0300][78,978s][info][gc] GC(565) Concurrent reset 0,647ms
[2020-11-04T21:42:45.049+0300][78,979s][info][gc] GC(565) Pause Init Mark (process weakrefs) (unload classes) 0,102ms
[2020-11-04T21:42:45.111+0300][79,041s][info][gc] GC(565) Concurrent marking (process weakrefs) (unload classes) 61,874ms
[2020-11-04T21:42:45.111+0300][79,041s][info][gc] GC(565) Concurrent precleaning 0,172ms
[2020-11-04T21:42:45.112+0300][79,042s][info][gc] GC(565) Pause Final Mark (process weakrefs) (unload classes) 0,594ms
[2020-11-04T21:42:45.112+0300][79,042s][info][gc] GC(565) Concurrent weak roots 0,403ms
[2020-11-04T21:42:45.112+0300][79,042s][info][gc] GC(565) Concurrent cleanup 352M->352M(512M) 0,031ms
[2020-11-04T21:42:45.114+0300][79,043s][info][gc] GC(565) Concurrent class unloading 1,044ms
[2020-11-04T21:42:45.114+0300][79,044s][info][gc] GC(565) Concurrent strong roots 0,109ms
[2020-11-04T21:42:45.118+0300][79,048s][info][gc] GC(565) Concurrent evacuation 4,578ms
[2020-11-04T21:42:45.119+0300][79,048s][info][gc] GC(565) Pause Init Update Refs 0,021ms
[2020-11-04T21:42:45.157+0300][79,087s][info][gc] GC(565) Concurrent update references 38,678ms
[2020-11-04T21:42:45.158+0300][79,088s][info][gc] GC(565) Pause Final Update Refs 0,150ms
[2020-11-04T21:42:45.158+0300][79,088s][info][gc] GC(565) Concurrent cleanup 418M->251M(512M) 0,120ms
[2020-11-04T21:42:45.191+0300][79,121s][info][gc] Trigger: Average GC time (109,68 ms) is above the time for allocation rate (1162 MB/s) to deplete free headroom (124M)
[2020-11-04T21:42:45.192+0300][79,121s][info][gc] GC(566) Concurrent reset 0,628ms
[2020-11-04T21:42:45.192+0300][79,122s][info][gc] GC(566) Pause Init Mark (unload classes) 0,100ms
[2020-11-04T21:42:45.255+0300][79,185s][info][gc] GC(566) Concurrent marking (unload classes) 62,721ms
[2020-11-04T21:42:45.255+0300][79,185s][info][gc] GC(566) Pause Final Mark (unload classes) 0,379ms
[2020-11-04T21:42:45.256+0300][79,186s][info][gc] GC(566) Concurrent weak roots 0,443ms
[2020-11-04T21:42:45.256+0300][79,186s][info][gc] GC(566) Concurrent cleanup 356M->356M(512M) 0,035ms
[2020-11-04T21:42:45.257+0300][79,187s][info][gc] GC(566) Concurrent class unloading 1,073ms
[2020-11-04T21:42:45.257+0300][79,187s][info][gc] GC(566) Concurrent strong roots 0,105ms
[2020-11-04T21:42:45.262+0300][79,192s][info][gc] GC(566) Concurrent evacuation 4,715ms
[2020-11-04T21:42:45.262+0300][79,192s][info][gc] GC(566) Pause Init Update Refs 0,014ms
[2020-11-04T21:42:45.311+0300][79,241s][info][gc] GC(566) Concurrent update references 48,772ms
[2020-11-04T21:42:45.312+0300][79,241s][info][gc] GC(566) Pause Final Update Refs 0,206ms
[2020-11-04T21:42:45.312+0300][79,242s][info][gc] GC(566) Concurrent cleanup 472M->305M(512M) 0,111ms
[2020-11-04T21:42:45.319+0300][79,249s][info][gc] Trigger: Average GC time (114,63 ms) is above the time for allocation rate (1183 MB/s) to deplete free headroom (134M)
[2020-11-04T21:42:45.320+0300][79,250s][info][gc] GC(567) Concurrent reset 0,627ms
[2020-11-04T21:42:45.320+0300][79,250s][info][gc] GC(567) Pause Init Mark (unload classes) 0,105ms
[2020-11-04T21:42:45.388+0300][79,318s][info][gc] GC(567) Concurrent marking (unload classes) 67,493ms
[2020-11-04T21:42:45.389+0300][79,318s][info][gc] GC(567) Pause Final Mark (unload classes) 0,424ms
[2020-11-04T21:42:45.389+0300][79,319s][info][gc] GC(567) Concurrent weak roots 0,346ms
[2020-11-04T21:42:45.389+0300][79,319s][info][gc] GC(567) Concurrent cleanup 346M->346M(512M) 0,036ms
[2020-11-04T21:42:45.390+0300][79,320s][info][gc] GC(567) Concurrent class unloading 1,020ms
[2020-11-04T21:42:45.390+0300][79,320s][info][gc] GC(567) Concurrent strong roots 0,058ms
[2020-11-04T21:42:45.394+0300][79,324s][info][gc] GC(567) Concurrent evacuation 3,770ms
[2020-11-04T21:42:45.394+0300][79,324s][info][gc] GC(567) Pause Init Update Refs 0,014ms
[2020-11-04T21:42:45.437+0300][79,367s][info][gc] GC(567) Concurrent update references 42,469ms
[2020-11-04T21:42:45.437+0300][79,367s][info][gc] GC(567) Pause Final Update Refs 0,154ms
[2020-11-04T21:42:45.438+0300][79,367s][info][gc] GC(567) Concurrent cleanup 414M->262M(512M) 0,113ms
[2020-11-04T21:42:45.469+0300][79,399s][info][gc] Trigger: Average GC time (116,57 ms) is above the time for allocation rate (1065 MB/s) to deplete free headroom (121M)
[2020-11-04T21:42:45.470+0300][79,400s][info][gc] GC(568) Concurrent reset 0,509ms
[2020-11-04T21:42:45.470+0300][79,400s][info][gc] GC(568) Pause Init Mark (unload classes) 0,131ms
[2020-11-04T21:42:45.542+0300][79,472s][info][gc] GC(568) Concurrent marking (unload classes) 71,963ms
[2020-11-04T21:42:45.543+0300][79,473s][info][gc] GC(568) Pause Final Mark (unload classes) 0,508ms
[2020-11-04T21:42:45.544+0300][79,473s][info][gc] GC(568) Concurrent weak roots 0,475ms
[2020-11-04T21:42:45.544+0300][79,474s][info][gc] GC(568) Concurrent cleanup 359M->359M(512M) 0,034ms
[2020-11-04T21:42:45.545+0300][79,475s][info][gc] GC(568) Concurrent class unloading 1,037ms
[2020-11-04T21:42:45.545+0300][79,475s][info][gc] GC(568) Concurrent strong roots 0,140ms
[2020-11-04T21:42:45.551+0300][79,481s][info][gc] GC(568) Concurrent evacuation 5,951ms
[2020-11-04T21:42:45.551+0300][79,481s][info][gc] GC(568) Pause Init Update Refs 0,014ms
[2020-11-04T21:42:45.593+0300][79,523s][info][gc] GC(568) Concurrent update references 41,978ms
[2020-11-04T21:42:45.594+0300][79,524s][info][gc] GC(568) Pause Final Update Refs 0,143ms
[2020-11-04T21:42:45.594+0300][79,524s][info][gc] GC(568) Concurrent cleanup 435M->275M(512M) 0,080ms
[2020-11-04T21:42:45.618+0300][79,548s][info][gc] Trigger: Average GC time (116,54 ms) is above the time for allocation rate (1048 MB/s) to deplete free headroom (120M)
[2020-11-04T21:42:45.619+0300][79,549s][info][gc] GC(569) Concurrent reset 0,616ms
[2020-11-04T21:42:45.619+0300][79,549s][info][gc] GC(569) Pause Init Mark (unload classes) 0,115ms
[2020-11-04T21:42:45.690+0300][79,620s][info][gc] GC(569) Concurrent marking (unload classes) 70,771ms
[2020-11-04T21:42:45.691+0300][79,621s][info][gc] GC(569) Pause Final Mark (unload classes) 0,429ms
[2020-11-04T21:42:45.691+0300][79,621s][info][gc] GC(569) Concurrent weak roots 0,432ms
[2020-11-04T21:42:45.691+0300][79,621s][info][gc] GC(569) Concurrent cleanup 359M->359M(512M) 0,040ms
[2020-11-04T21:42:45.692+0300][79,622s][info][gc] GC(569) Concurrent class unloading 0,821ms
[2020-11-04T21:42:45.692+0300][79,622s][info][gc] GC(569) Concurrent strong roots 0,135ms
[2020-11-04T21:42:45.697+0300][79,627s][info][gc] GC(569) Concurrent evacuation 4,296ms
[2020-11-04T21:42:45.697+0300][79,627s][info][gc] GC(569) Pause Init Update Refs 0,024ms
[2020-11-04T21:42:45.739+0300][79,669s][info][gc] GC(569) Concurrent update references 41,867ms
[2020-11-04T21:42:45.739+0300][79,669s][info][gc] GC(569) Pause Final Update Refs 0,133ms
[2020-11-04T21:42:45.740+0300][79,669s][info][gc] GC(569) Concurrent cleanup 437M->281M(512M) 0,113ms
[2020-11-04T21:42:45.761+0300][79,691s][info][gc] Trigger: Average GC time (119,02 ms) is above the time for allocation rate (1047 MB/s) to deplete free headroom (122M)
[2020-11-04T21:42:45.762+0300][79,691s][info][gc] GC(570) Concurrent reset 0,646ms
[2020-11-04T21:42:45.762+0300][79,692s][info][gc] GC(570) Pause Init Mark (process weakrefs) (unload classes) 0,140ms
[2020-11-04T21:42:45.835+0300][79,765s][info][gc] GC(570) Concurrent marking (process weakrefs) (unload classes) 73,090ms
[2020-11-04T21:42:45.835+0300][79,765s][info][gc] GC(570) Concurrent precleaning 0,178ms
[2020-11-04T21:42:45.836+0300][79,766s][info][gc] GC(570) Pause Final Mark (process weakrefs) (unload classes) 0,434ms
[2020-11-04T21:42:45.837+0300][79,766s][info][gc] GC(570) Concurrent weak roots 0,443ms
[2020-11-04T21:42:45.837+0300][79,767s][info][gc] GC(570) Concurrent cleanup 357M->357M(512M) 0,035ms
[2020-11-04T21:42:45.838+0300][79,768s][info][gc] GC(570) Concurrent class unloading 1,068ms
[2020-11-04T21:42:45.838+0300][79,768s][info][gc] GC(570) Concurrent strong roots 0,138ms
[2020-11-04T21:42:45.842+0300][79,772s][info][gc] GC(570) Concurrent evacuation 3,739ms
[2020-11-04T21:42:45.842+0300][79,772s][info][gc] GC(570) Pause Init Update Refs 0,023ms
[2020-11-04T21:42:45.893+0300][79,822s][info][gc] GC(570) Concurrent update references 50,546ms
[2020-11-04T21:42:45.893+0300][79,823s][info][gc] GC(570) Pause Final Update Refs 0,201ms
[2020-11-04T21:42:45.893+0300][79,823s][info][gc] GC(570) Concurrent cleanup 457M->307M(512M) 0,092ms
[2020-11-04T21:42:45.905+0300][79,835s][info][gc] Trigger: Average GC time (123,47 ms) is above the time for allocation rate (1013 MB/s) to deplete free headroom (122M)
[2020-11-04T21:42:45.906+0300][79,836s][info][gc] GC(571) Concurrent reset 0,642ms
[2020-11-04T21:42:45.906+0300][79,836s][info][gc] GC(571) Pause Init Mark (unload classes) 0,115ms
[2020-11-04T21:42:45.943+0300][79,873s][info][gc] GC(571) Concurrent marking (unload classes) 36,876ms
[2020-11-04T21:42:45.944+0300][79,874s][info][gc] GC(571) Pause Final Mark (unload classes) 0,627ms
[2020-11-04T21:42:45.945+0300][79,874s][info][gc] GC(571) Concurrent weak roots 0,373ms
[2020-11-04T21:42:45.945+0300][79,874s][info][gc] GC(571) Concurrent cleanup 357M->353M(512M) 0,034ms
[2020-11-04T21:42:45.946+0300][79,876s][info][gc] GC(571) Concurrent class unloading 1,132ms
[2020-11-04T21:42:45.946+0300][79,876s][info][gc] GC(571) Concurrent strong roots 0,137ms
[2020-11-04T21:42:45.949+0300][79,879s][info][gc] GC(571) Concurrent evacuation 3,239ms
[2020-11-04T21:42:45.950+0300][79,879s][info][gc] GC(571) Pause Init Update Refs 0,026ms
[2020-11-04T21:42:45.976+0300][79,906s][info][gc] GC(571) Concurrent update references 26,300ms
[2020-11-04T21:42:45.976+0300][79,906s][info][gc] GC(571) Pause Final Update Refs 0,153ms
[2020-11-04T21:42:45.977+0300][79,906s][info][gc] GC(571) Concurrent cleanup 418M->176M(512M) 0,103ms
[2020-11-04T21:42:46.015+0300][79,945s][info][gc] Trigger: Average GC time (113,60 ms) is above the time for allocation rate (1644 MB/s) to deplete free headroom (183M)
[2020-11-04T21:42:46.015+0300][79,945s][info][gc] GC(572) Concurrent reset 0,590ms
[2020-11-04T21:42:46.016+0300][79,946s][info][gc] GC(572) Pause Init Mark (unload classes) 0,129ms
[2020-11-04T21:42:46.058+0300][79,988s][info][gc] GC(572) Concurrent marking (unload classes) 41,956ms
[2020-11-04T21:42:46.059+0300][79,989s][info][gc] GC(572) Pause Final Mark (unload classes) 0,568ms
[2020-11-04T21:42:46.059+0300][79,989s][info][gc] GC(572) Concurrent weak roots 0,383ms
[2020-11-04T21:42:46.059+0300][79,989s][info][gc] GC(572) Concurrent cleanup 304M->303M(512M) 0,033ms
[2020-11-04T21:42:46.060+0300][79,990s][info][gc] GC(572) Concurrent class unloading 0,929ms
[2020-11-04T21:42:46.060+0300][79,990s][info][gc] GC(572) Concurrent strong roots 0,093ms
[2020-11-04T21:42:46.065+0300][79,995s][info][gc] GC(572) Concurrent evacuation 4,303ms
[2020-11-04T21:42:46.065+0300][79,995s][info][gc] GC(572) Pause Init Update Refs 0,010ms
[2020-11-04T21:42:46.090+0300][80,019s][info][gc] GC(572) Concurrent update references 24,433ms
[2020-11-04T21:42:46.090+0300][80,020s][info][gc] GC(572) Pause Final Update Refs 0,156ms
[2020-11-04T21:42:46.090+0300][80,020s][info][gc] GC(572) Concurrent cleanup 348M->168M(512M) 0,120ms
[2020-11-04T21:42:46.139+0300][80,069s][info][gc] Trigger: Average GC time (105,05 ms) is above the time for allocation rate (1575 MB/s) to deplete free headroom (162M)
[2020-11-04T21:42:46.140+0300][80,070s][info][gc] GC(573) Concurrent reset 0,546ms
[2020-11-04T21:42:46.140+0300][80,070s][info][gc] GC(573) Pause Init Mark (unload classes) 0,168ms
[2020-11-04T21:42:46.183+0300][80,113s][info][gc] GC(573) Concurrent marking (unload classes) 43,131ms
[2020-11-04T21:42:46.184+0300][80,114s][info][gc] GC(573) Pause Final Mark (unload classes) 0,518ms
[2020-11-04T21:42:46.185+0300][80,115s][info][gc] GC(573) Concurrent weak roots 0,472ms
[2020-11-04T21:42:46.185+0300][80,115s][info][gc] GC(573) Concurrent cleanup 321M->321M(512M) 0,033ms
[2020-11-04T21:42:46.186+0300][80,116s][info][gc] GC(573) Concurrent class unloading 1,095ms
[2020-11-04T21:42:46.186+0300][80,116s][info][gc] GC(573) Concurrent strong roots 0,071ms
[2020-11-04T21:42:46.191+0300][80,121s][info][gc] GC(573) Concurrent evacuation 4,929ms
[2020-11-04T21:42:46.191+0300][80,121s][info][gc] GC(573) Pause Init Update Refs 0,016ms
[2020-11-04T21:42:46.215+0300][80,145s][info][gc] GC(573) Concurrent update references 23,383ms
[2020-11-04T21:42:46.215+0300][80,145s][info][gc] GC(573) Pause Final Update Refs 0,173ms
[2020-11-04T21:42:46.216+0300][80,145s][info][gc] GC(573) Concurrent cleanup 376M->181M(512M) 0,115ms
[2020-11-04T21:42:46.263+0300][80,193s][info][gc] Trigger: Average GC time (95,42 ms) is above the time for allocation rate (1608 MB/s) to deplete free headroom (152M)
[2020-11-04T21:42:46.264+0300][80,194s][info][gc] GC(574) Concurrent reset 0,578ms
[2020-11-04T21:42:46.264+0300][80,194s][info][gc] GC(574) Pause Init Mark (unload classes) 0,136ms
[2020-11-04T21:42:46.318+0300][80,248s][info][gc] GC(574) Concurrent marking (unload classes) 53,885ms
[2020-11-04T21:42:46.319+0300][80,249s][info][gc] GC(574) Pause Final Mark (unload classes) 0,433ms
[2020-11-04T21:42:46.320+0300][80,249s][info][gc] GC(574) Concurrent weak roots 0,522ms
[2020-11-04T21:42:46.320+0300][80,249s][info][gc] GC(574) Concurrent cleanup 331M->331M(512M) 0,034ms
[2020-11-04T21:42:46.321+0300][80,250s][info][gc] GC(574) Concurrent class unloading 0,909ms
[2020-11-04T21:42:46.321+0300][80,250s][info][gc] GC(574) Concurrent strong roots 0,061ms
[2020-11-04T21:42:46.326+0300][80,256s][info][gc] GC(574) Concurrent evacuation 5,237ms
[2020-11-04T21:42:46.326+0300][80,256s][info][gc] GC(574) Pause Init Update Refs 0,015ms
[2020-11-04T21:42:46.351+0300][80,281s][info][gc] GC(574) Concurrent update references 24,387ms
[2020-11-04T21:42:46.351+0300][80,281s][info][gc] GC(574) Pause Final Update Refs 0,168ms
[2020-11-04T21:42:46.353+0300][80,282s][info][gc] GC(574) Concurrent cleanup 391M->191M(512M) 0,095ms
[2020-11-04T21:42:46.403+0300][80,333s][info][gc] Trigger: Average GC time (89,03 ms) is above the time for allocation rate (1520 MB/s) to deplete free headroom (133M)
[2020-11-04T21:42:46.404+0300][80,334s][info][gc] GC(575) Concurrent reset 0,600ms
[2020-11-04T21:42:46.404+0300][80,334s][info][gc] GC(575) Pause Init Mark (process weakrefs) (unload classes) 0,104ms
[2020-11-04T21:42:46.457+0300][80,387s][info][gc] GC(575) Concurrent marking (process weakrefs) (unload classes) 52,211ms
[2020-11-04T21:42:46.457+0300][80,387s][info][gc] GC(575) Concurrent precleaning 0,156ms
[2020-11-04T21:42:46.458+0300][80,387s][info][gc] GC(575) Pause Final Mark (process weakrefs) (unload classes) 0,382ms
[2020-11-04T21:42:46.458+0300][80,388s][info][gc] GC(575) Concurrent weak roots 0,364ms
[2020-11-04T21:42:46.458+0300][80,388s][info][gc] GC(575) Concurrent cleanup 349M->349M(512M) 0,038ms
[2020-11-04T21:42:46.459+0300][80,389s][info][gc] GC(575) Concurrent class unloading 0,966ms
[2020-11-04T21:42:46.459+0300][80,389s][info][gc] GC(575) Concurrent strong roots 0,060ms
[2020-11-04T21:42:46.465+0300][80,395s][info][gc] GC(575) Concurrent evacuation 5,718ms
[2020-11-04T21:42:46.465+0300][80,395s][info][gc] GC(575) Pause Init Update Refs 0,013ms
[2020-11-04T21:42:46.491+0300][80,420s][info][gc] GC(575) Concurrent update references 25,320ms
[2020-11-04T21:42:46.491+0300][80,421s][info][gc] GC(575) Pause Final Update Refs 0,147ms
[2020-11-04T21:42:46.491+0300][80,421s][info][gc] GC(575) Concurrent cleanup 415M->202M(512M) 0,128ms
[2020-11-04T21:42:46.550+0300][80,479s][info][gc] Trigger: Average GC time (80,10 ms) is above the time for allocation rate (1505 MB/s) to deplete free headroom (120M)
[2020-11-04T21:42:46.550+0300][80,480s][info][gc] GC(576) Concurrent reset 0,524ms
[2020-11-04T21:42:46.550+0300][80,480s][info][gc] GC(576) Pause Init Mark (unload classes) 0,107ms
[2020-11-04T21:42:46.635+0300][80,565s][info][gc] GC(576) Concurrent marking (unload classes) 84,652ms
[2020-11-04T21:42:46.636+0300][80,565s][info][gc] GC(576) Pause Final Mark (unload classes) 0,328ms
[2020-11-04T21:42:46.636+0300][80,566s][info][gc] GC(576) Concurrent weak roots 0,321ms
[2020-11-04T21:42:46.636+0300][80,566s][info][gc] GC(576) Concurrent cleanup 361M->361M(512M) 0,027ms
[2020-11-04T21:42:46.637+0300][80,566s][info][gc] GC(576) Concurrent class unloading 0,659ms
[2020-11-04T21:42:46.637+0300][80,567s][info][gc] GC(576) Concurrent strong roots 0,039ms
[2020-11-04T21:42:46.643+0300][80,573s][info][gc] GC(576) Concurrent evacuation 6,137ms
[2020-11-04T21:42:46.643+0300][80,573s][info][gc] GC(576) Pause Init Update Refs 0,013ms
[2020-11-04T21:42:46.676+0300][80,606s][info][gc] GC(576) Concurrent update references 32,599ms
[2020-11-04T21:42:46.676+0300][80,606s][info][gc] GC(576) Pause Final Update Refs 0,109ms
[2020-11-04T21:42:46.676+0300][80,606s][info][gc] GC(576) Concurrent cleanup 417M->197M(512M) 0,098ms
[2020-11-04T21:42:46.747+0300][80,677s][info][gc] Trigger: Average GC time (91,11 ms) is above the time for allocation rate (1157 MB/s) to deplete free headroom (105M)
[2020-11-04T21:42:46.748+0300][80,678s][info][gc] GC(577) Concurrent reset 0,549ms
[2020-11-04T21:42:46.748+0300][80,678s][info][gc] GC(577) Pause Init Mark (unload classes) 0,106ms
[2020-11-04T21:42:46.826+0300][80,756s][info][gc] GC(577) Concurrent marking (unload classes) 77,774ms
[2020-11-04T21:42:46.828+0300][80,758s][info][gc] GC(577) Pause Final Mark (unload classes) 2,290ms
[2020-11-04T21:42:46.829+0300][80,759s][info][gc] GC(577) Concurrent weak roots 0,308ms
[2020-11-04T21:42:46.829+0300][80,759s][info][gc] GC(577) Concurrent cleanup 374M->374M(512M) 0,029ms
[2020-11-04T21:42:46.830+0300][80,759s][info][gc] GC(577) Concurrent class unloading 0,850ms
[2020-11-04T21:42:46.830+0300][80,760s][info][gc] GC(577) Concurrent strong roots 0,042ms
[2020-11-04T21:42:46.836+0300][80,766s][info][gc] GC(577) Concurrent evacuation 6,516ms
[2020-11-04T21:42:46.836+0300][80,766s][info][gc] GC(577) Pause Init Update Refs 0,019ms
[2020-11-04T21:42:46.872+0300][80,802s][info][gc] GC(577) Concurrent update references 35,339ms
[2020-11-04T21:42:46.872+0300][80,802s][info][gc] GC(577) Pause Final Update Refs 0,138ms
[2020-11-04T21:42:46.872+0300][80,802s][info][gc] GC(577) Concurrent cleanup 444M->215M(512M) 0,111ms
[2020-11-04T21:42:46.927+0300][80,857s][info][gc] Trigger: Average GC time (101,03 ms) is above the time for allocation rate (1176 MB/s) to deplete free headroom (115M)
[2020-11-04T21:42:46.928+0300][80,858s][info][gc] GC(578) Concurrent reset 0,562ms
[2020-11-04T21:42:46.928+0300][80,858s][info][gc] GC(578) Pause Init Mark (unload classes) 0,115ms
[2020-11-04T21:42:47.041+0300][80,971s][info][gc] GC(578) Concurrent marking (unload classes) 112,920ms
[2020-11-04T21:42:47.042+0300][80,972s][info][gc] GC(578) Pause Final Mark (unload classes) 0,262ms
[2020-11-04T21:42:47.042+0300][80,972s][info][gc] GC(578) Concurrent weak roots 0,290ms
[2020-11-04T21:42:47.042+0300][80,972s][info][gc] GC(578) Concurrent cleanup 365M->365M(512M) 0,035ms
[2020-11-04T21:42:47.043+0300][80,973s][info][gc] GC(578) Concurrent class unloading 0,728ms
[2020-11-04T21:42:47.043+0300][80,973s][info][gc] GC(578) Concurrent strong roots 0,041ms
[2020-11-04T21:42:47.049+0300][80,979s][info][gc] GC(578) Concurrent evacuation 6,311ms
[2020-11-04T21:42:47.050+0300][80,980s][info][gc] GC(578) Pause Init Update Refs 0,011ms
[2020-11-04T21:42:47.093+0300][81,023s][info][gc] GC(578) Concurrent update references 43,531ms
[2020-11-04T21:42:47.094+0300][81,024s][info][gc] GC(578) Pause Final Update Refs 0,099ms
[2020-11-04T21:42:47.094+0300][81,024s][info][gc] GC(578) Concurrent cleanup 432M->220M(512M) 0,079ms
[2020-11-04T21:42:47.146+0300][81,075s][info][gc] Trigger: Average GC time (119,02 ms) is above the time for allocation rate (958 MB/s) to deplete free headroom (112M)
[2020-11-04T21:42:47.146+0300][81,076s][info][gc] GC(579) Concurrent reset 0,561ms
[2020-11-04T21:42:47.147+0300][81,077s][info][gc] GC(579) Pause Init Mark (unload classes) 0,144ms
[2020-11-04T21:42:47.218+0300][81,148s][info][gc] GC(579) Concurrent marking (unload classes) 70,939ms
[2020-11-04T21:42:47.218+0300][81,148s][info][gc] GC(579) Pause Final Mark (unload classes) 0,386ms
[2020-11-04T21:42:47.219+0300][81,149s][info][gc] GC(579) Concurrent weak roots 0,372ms
[2020-11-04T21:42:47.219+0300][81,149s][info][gc] GC(579) Concurrent cleanup 367M->367M(512M) 0,036ms
[2020-11-04T21:42:47.220+0300][81,150s][info][gc] GC(579) Concurrent class unloading 0,989ms
[2020-11-04T21:42:47.220+0300][81,150s][info][gc] GC(579) Concurrent strong roots 0,120ms
[2020-11-04T21:42:47.225+0300][81,155s][info][gc] GC(579) Concurrent evacuation 5,077ms
[2020-11-04T21:42:47.225+0300][81,155s][info][gc] GC(579) Pause Init Update Refs 0,028ms
[2020-11-04T21:42:47.260+0300][81,190s][info][gc] GC(579) Concurrent update references 34,303ms
[2020-11-04T21:42:47.260+0300][81,190s][info][gc] GC(579) Pause Final Update Refs 0,138ms
[2020-11-04T21:42:47.260+0300][81,190s][info][gc] GC(579) Concurrent cleanup 432M->223M(512M) 0,121ms
[2020-11-04T21:42:47.299+0300][81,228s][info][gc] Trigger: Average GC time (124,10 ms) is above the time for allocation rate (1150 MB/s) to deplete free headroom (139M)
[2020-11-04T21:42:47.299+0300][81,229s][info][gc] GC(580) Concurrent reset 0,676ms
[2020-11-04T21:42:47.300+0300][81,230s][info][gc] GC(580) Pause Init Mark (process weakrefs) (unload classes) 0,318ms
[2020-11-04T21:42:47.356+0300][81,286s][info][gc] GC(580) Concurrent marking (process weakrefs) (unload classes) 56,074ms
[2020-11-04T21:42:47.356+0300][81,286s][info][gc] GC(580) Concurrent precleaning 0,182ms
[2020-11-04T21:42:47.357+0300][81,287s][info][gc] GC(580) Pause Final Mark (process weakrefs) (unload classes) 0,857ms
[2020-11-04T21:42:47.358+0300][81,288s][info][gc] GC(580) Concurrent weak roots 0,528ms
[2020-11-04T21:42:47.358+0300][81,288s][info][gc] GC(580) Concurrent cleanup 344M->344M(512M) 0,036ms
[2020-11-04T21:42:47.359+0300][81,289s][info][gc] GC(580) Concurrent class unloading 0,795ms
[2020-11-04T21:42:47.359+0300][81,289s][info][gc] GC(580) Concurrent strong roots 0,063ms
[2020-11-04T21:42:47.364+0300][81,294s][info][gc] GC(580) Concurrent evacuation 4,836ms
[2020-11-04T21:42:47.364+0300][81,294s][info][gc] GC(580) Pause Init Update Refs 0,014ms
[2020-11-04T21:42:47.397+0300][81,326s][info][gc] GC(580) Concurrent update references 32,338ms
[2020-11-04T21:42:47.397+0300][81,327s][info][gc] GC(580) Pause Final Update Refs 0,385ms
[2020-11-04T21:42:47.397+0300][81,327s][info][gc] GC(580) Concurrent cleanup 420M->244M(512M) 0,096ms
[2020-11-04T21:42:47.420+0300][81,349s][info][gc] Trigger: Average GC time (126,29 ms) is above the time for allocation rate (1267 MB/s) to deplete free headroom (156M)
[2020-11-04T21:42:47.420+0300][81,350s][info][gc] GC(581) Concurrent reset 0,599ms
[2020-11-04T21:42:47.421+0300][81,351s][info][gc] GC(581) Pause Init Mark (unload classes) 0,249ms
[2020-11-04T21:42:47.480+0300][81,410s][info][gc] GC(581) Concurrent marking (unload classes) 59,175ms
[2020-11-04T21:42:47.481+0300][81,411s][info][gc] GC(581) Pause Final Mark (unload classes) 0,813ms
[2020-11-04T21:42:47.482+0300][81,411s][info][gc] GC(581) Concurrent weak roots 0,434ms
[2020-11-04T21:42:47.482+0300][81,412s][info][gc] GC(581) Concurrent cleanup 328M->328M(512M) 0,034ms
[2020-11-04T21:42:47.483+0300][81,413s][info][gc] GC(581) Concurrent class unloading 1,050ms
[2020-11-04T21:42:47.483+0300][81,413s][info][gc] GC(581) Concurrent strong roots 0,108ms
[2020-11-04T21:42:47.487+0300][81,416s][info][gc] GC(581) Concurrent evacuation 3,670ms
[2020-11-04T21:42:47.487+0300][81,417s][info][gc] GC(581) Pause Init Update Refs 0,015ms
[2020-11-04T21:42:47.523+0300][81,453s][info][gc] GC(581) Concurrent update references 35,863ms
[2020-11-04T21:42:47.523+0300][81,453s][info][gc] GC(581) Pause Final Update Refs 0,157ms
[2020-11-04T21:42:47.524+0300][81,453s][info][gc] GC(581) Concurrent cleanup 387M->234M(512M) 0,093ms
[2020-11-04T21:42:47.554+0300][81,484s][info][gc] Trigger: Average GC time (121,77 ms) is above the time for allocation rate (1200 MB/s) to deplete free headroom (144M)
[2020-11-04T21:42:47.555+0300][81,485s][info][gc] GC(582) Concurrent reset 0,536ms
[2020-11-04T21:42:47.555+0300][81,485s][info][gc] GC(582) Pause Init Mark (unload classes) 0,135ms
[2020-11-04T21:42:47.611+0300][81,541s][info][gc] GC(582) Concurrent marking (unload classes) 55,516ms
[2020-11-04T21:42:47.612+0300][81,541s][info][gc] GC(582) Pause Final Mark (unload classes) 0,406ms
[2020-11-04T21:42:47.612+0300][81,542s][info][gc] GC(582) Concurrent weak roots 0,369ms
[2020-11-04T21:42:47.612+0300][81,542s][info][gc] GC(582) Concurrent cleanup 339M->339M(512M) 0,025ms
[2020-11-04T21:42:47.613+0300][81,543s][info][gc] GC(582) Concurrent class unloading 0,824ms
[2020-11-04T21:42:47.613+0300][81,543s][info][gc] GC(582) Concurrent strong roots 0,102ms
[2020-11-04T21:42:47.617+0300][81,547s][info][gc] GC(582) Concurrent evacuation 3,847ms
[2020-11-04T21:42:47.617+0300][81,547s][info][gc] GC(582) Pause Init Update Refs 0,012ms
[2020-11-04T21:42:47.650+0300][81,580s][info][gc] GC(582) Concurrent update references 32,636ms
[2020-11-04T21:42:47.650+0300][81,580s][info][gc] GC(582) Pause Final Update Refs 0,157ms
[2020-11-04T21:42:47.651+0300][81,580s][info][gc] GC(582) Concurrent cleanup 419M->258M(512M) 0,112ms
[2020-11-04T21:42:47.671+0300][81,601s][info][gc] Trigger: Average GC time (115,99 ms) is above the time for allocation rate (1307 MB/s) to deplete free headroom (148M)
[2020-11-04T21:42:47.671+0300][81,601s][info][gc] GC(583) Concurrent reset 0,586ms
[2020-11-04T21:42:47.672+0300][81,602s][info][gc] GC(583) Pause Init Mark (unload classes) 0,120ms
[2020-11-04T21:42:47.729+0300][81,659s][info][gc] GC(583) Concurrent marking (unload classes) 56,986ms
[2020-11-04T21:42:47.730+0300][81,660s][info][gc] GC(583) Pause Final Mark (unload classes) 0,571ms
[2020-11-04T21:42:47.730+0300][81,660s][info][gc] GC(583) Concurrent weak roots 0,422ms
[2020-11-04T21:42:47.730+0300][81,660s][info][gc] GC(583) Concurrent cleanup 335M->335M(512M) 0,034ms
[2020-11-04T21:42:47.731+0300][81,661s][info][gc] GC(583) Concurrent class unloading 1,096ms
[2020-11-04T21:42:47.732+0300][81,661s][info][gc] GC(583) Concurrent strong roots 0,133ms
[2020-11-04T21:42:47.735+0300][81,665s][info][gc] GC(583) Concurrent evacuation 3,705ms
[2020-11-04T21:42:47.736+0300][81,666s][info][gc] GC(583) Pause Init Update Refs 0,021ms
[2020-11-04T21:42:47.781+0300][81,710s][info][gc] GC(583) Concurrent update references 44,884ms
[2020-11-04T21:42:47.781+0300][81,711s][info][gc] GC(583) Pause Final Update Refs 0,165ms
[2020-11-04T21:42:47.781+0300][81,711s][info][gc] GC(583) Concurrent cleanup 441M->289M(512M) 0,105ms
[2020-11-04T21:42:47.795+0300][81,725s][info][gc] Trigger: Average GC time (104,84 ms) is above the time for allocation rate (1297 MB/s) to deplete free headroom (134M)
[2020-11-04T21:42:47.796+0300][81,726s][info][gc] GC(584) Concurrent reset 0,594ms
[2020-11-04T21:42:47.796+0300][81,726s][info][gc] GC(584) Pause Init Mark (unload classes) 0,092ms
[2020-11-04T21:42:47.867+0300][81,797s][info][gc] GC(584) Concurrent marking (unload classes) 70,827ms
[2020-11-04T21:42:47.868+0300][81,798s][info][gc] GC(584) Pause Final Mark (unload classes) 0,388ms
[2020-11-04T21:42:47.868+0300][81,798s][info][gc] GC(584) Concurrent weak roots 0,390ms
[2020-11-04T21:42:47.868+0300][81,798s][info][gc] GC(584) Concurrent cleanup 347M->347M(512M) 0,074ms
[2020-11-04T21:42:47.869+0300][81,799s][info][gc] GC(584) Concurrent class unloading 0,785ms
[2020-11-04T21:42:47.869+0300][81,799s][info][gc] GC(584) Concurrent strong roots 0,083ms
[2020-11-04T21:42:47.874+0300][81,803s][info][gc] GC(584) Concurrent evacuation 4,242ms
[2020-11-04T21:42:47.874+0300][81,804s][info][gc] GC(584) Pause Init Update Refs 0,021ms
[2020-11-04T21:42:47.909+0300][81,838s][info][gc] GC(584) Concurrent update references 34,682ms
[2020-11-04T21:42:47.909+0300][81,839s][info][gc] GC(584) Pause Final Update Refs 0,412ms
[2020-11-04T21:42:47.910+0300][81,839s][info][gc] GC(584) Concurrent cleanup 427M->265M(512M) 0,120ms
[2020-11-04T21:42:47.937+0300][81,867s][info][gc] Trigger: Average GC time (104,75 ms) is above the time for allocation rate (1195 MB/s) to deplete free headroom (121M)
[2020-11-04T21:42:47.938+0300][81,868s][info][gc] GC(585) Concurrent reset 0,628ms
[2020-11-04T21:42:47.938+0300][81,868s][info][gc] GC(585) Pause Init Mark (process weakrefs) (unload classes) 0,124ms
[2020-11-04T21:42:48.001+0300][81,930s][info][gc] GC(585) Concurrent marking (process weakrefs) (unload classes) 62,356ms
[2020-11-04T21:42:48.001+0300][81,931s][info][gc] GC(585) Concurrent precleaning 0,155ms
[2020-11-04T21:42:48.002+0300][81,932s][info][gc] GC(585) Pause Final Mark (process weakrefs) (unload classes) 0,796ms
[2020-11-04T21:42:48.002+0300][81,932s][info][gc] GC(585) Concurrent weak roots 0,388ms
[2020-11-04T21:42:48.002+0300][81,932s][info][gc] GC(585) Concurrent cleanup 358M->358M(512M) 0,035ms
[2020-11-04T21:42:48.003+0300][81,933s][info][gc] GC(585) Concurrent class unloading 0,882ms
[2020-11-04T21:42:48.003+0300][81,933s][info][gc] GC(585) Concurrent strong roots 0,174ms
[2020-11-04T21:42:48.008+0300][81,938s][info][gc] GC(585) Concurrent evacuation 4,683ms
[2020-11-04T21:42:48.009+0300][81,938s][info][gc] GC(585) Pause Init Update Refs 0,013ms
[2020-11-04T21:42:48.050+0300][81,980s][info][gc] GC(585) Concurrent update references 41,345ms
[2020-11-04T21:42:48.051+0300][81,981s][info][gc] GC(585) Pause Final Update Refs 0,400ms
[2020-11-04T21:42:48.051+0300][81,981s][info][gc] GC(585) Concurrent cleanup 422M->252M(512M) 0,144ms
[2020-11-04T21:42:48.087+0300][82,017s][info][gc] Trigger: Average GC time (107,78 ms) is above the time for allocation rate (1126 MB/s) to deplete free headroom (117M)
[2020-11-04T21:42:48.088+0300][82,018s][info][gc] GC(586) Concurrent reset 0,610ms
[2020-11-04T21:42:48.088+0300][82,018s][info][gc] GC(586) Pause Init Mark (unload classes) 0,240ms
[2020-11-04T21:42:48.181+0300][82,111s][info][gc] GC(586) Concurrent marking (unload classes) 92,348ms
[2020-11-04T21:42:48.181+0300][82,111s][info][gc] GC(586) Pause Final Mark (unload classes) 0,379ms
[2020-11-04T21:42:48.182+0300][82,112s][info][gc] GC(586) Concurrent weak roots 0,429ms
[2020-11-04T21:42:48.182+0300][82,112s][info][gc] GC(586) Concurrent cleanup 362M->362M(512M) 0,036ms
[2020-11-04T21:42:48.183+0300][82,113s][info][gc] GC(586) Concurrent class unloading 0,919ms
[2020-11-04T21:42:48.183+0300][82,113s][info][gc] GC(586) Concurrent strong roots 0,064ms
[2020-11-04T21:42:48.188+0300][82,118s][info][gc] GC(586) Concurrent evacuation 5,535ms
[2020-11-04T21:42:48.189+0300][82,119s][info][gc] GC(586) Pause Init Update Refs 0,022ms
[2020-11-04T21:42:48.226+0300][82,156s][info][gc] GC(586) Concurrent update references 37,190ms
[2020-11-04T21:42:48.227+0300][82,156s][info][gc] GC(586) Pause Final Update Refs 0,163ms
[2020-11-04T21:42:48.227+0300][82,157s][info][gc] GC(586) Concurrent cleanup 446M->276M(512M) 0,111ms
[2020-11-04T21:42:48.253+0300][82,183s][info][gc] Trigger: Average GC time (114,95 ms) is above the time for allocation rate (1012 MB/s) to deplete free headroom (113M)
[2020-11-04T21:42:48.254+0300][82,184s][info][gc] GC(587) Concurrent reset 0,590ms
[2020-11-04T21:42:48.254+0300][82,184s][info][gc] GC(587) Pause Init Mark (unload classes) 0,096ms
[2020-11-04T21:42:48.323+0300][82,253s][info][gc] GC(587) Concurrent marking (unload classes) 68,755ms
[2020-11-04T21:42:48.324+0300][82,254s][info][gc] GC(587) Pause Final Mark (unload classes) 0,515ms
[2020-11-04T21:42:48.324+0300][82,254s][info][gc] GC(587) Concurrent weak roots 0,399ms
[2020-11-04T21:42:48.325+0300][82,254s][info][gc] GC(587) Concurrent cleanup 365M->365M(512M) 0,033ms
[2020-11-04T21:42:48.326+0300][82,255s][info][gc] GC(587) Concurrent class unloading 1,054ms
[2020-11-04T21:42:48.326+0300][82,256s][info][gc] GC(587) Concurrent strong roots 0,154ms
[2020-11-04T21:42:48.330+0300][82,260s][info][gc] GC(587) Concurrent evacuation 3,979ms
[2020-11-04T21:42:48.330+0300][82,260s][info][gc] GC(587) Pause Init Update Refs 0,024ms
[2020-11-04T21:42:48.373+0300][82,303s][info][gc] GC(587) Concurrent update references 42,740ms
[2020-11-04T21:42:48.373+0300][82,303s][info][gc] GC(587) Pause Final Update Refs 0,156ms
[2020-11-04T21:42:48.374+0300][82,303s][info][gc] GC(587) Concurrent cleanup 441M->273M(512M) 0,101ms
[2020-11-04T21:42:48.397+0300][82,327s][info][gc] Trigger: Average GC time (119,75 ms) is above the time for allocation rate (1051 MB/s) to deplete free headroom (125M)
[2020-11-04T21:42:48.398+0300][82,327s][info][gc] GC(588) Concurrent reset 0,611ms
[2020-11-04T21:42:48.398+0300][82,328s][info][gc] GC(588) Pause Init Mark (unload classes) 0,109ms
[2020-11-04T21:42:48.466+0300][82,396s][info][gc] GC(588) Concurrent marking (unload classes) 68,398ms
[2020-11-04T21:42:48.467+0300][82,397s][info][gc] GC(588) Pause Final Mark (unload classes) 0,421ms
[2020-11-04T21:42:48.468+0300][82,397s][info][gc] GC(588) Concurrent weak roots 0,426ms
[2020-11-04T21:42:48.468+0300][82,397s][info][gc] GC(588) Concurrent cleanup 355M->355M(512M) 0,034ms
[2020-11-04T21:42:48.468+0300][82,398s][info][gc] GC(588) Concurrent class unloading 0,760ms
[2020-11-04T21:42:48.469+0300][82,398s][info][gc] GC(588) Concurrent strong roots 0,143ms
[2020-11-04T21:42:48.472+0300][82,402s][info][gc] GC(588) Concurrent evacuation 3,754ms
[2020-11-04T21:42:48.473+0300][82,402s][info][gc] GC(588) Pause Init Update Refs 0,025ms
[2020-11-04T21:42:48.511+0300][82,441s][info][gc] GC(588) Concurrent update references 38,026ms
[2020-11-04T21:42:48.511+0300][82,441s][info][gc] GC(588) Pause Final Update Refs 0,140ms
[2020-11-04T21:42:48.511+0300][82,441s][info][gc] GC(588) Concurrent cleanup 446M->295M(512M) 0,096ms
[2020-11-04T21:42:48.524+0300][82,454s][info][gc] Trigger: Average GC time (120,53 ms) is above the time for allocation rate (1108 MB/s) to deplete free headroom (131M)
[2020-11-04T21:42:48.525+0300][82,455s][info][gc] GC(589) Concurrent reset 0,633ms
[2020-11-04T21:42:48.525+0300][82,455s][info][gc] GC(589) Pause Init Mark (unload classes) 0,164ms
[2020-11-04T21:42:48.599+0300][82,529s][info][gc] GC(589) Concurrent marking (unload classes) 73,862ms
[2020-11-04T21:42:48.600+0300][82,530s][info][gc] GC(589) Pause Final Mark (unload classes) 0,370ms
[2020-11-04T21:42:48.600+0300][82,530s][info][gc] GC(589) Concurrent weak roots 0,456ms
[2020-11-04T21:42:48.600+0300][82,530s][info][gc] GC(589) Concurrent cleanup 350M->350M(512M) 0,035ms
[2020-11-04T21:42:48.601+0300][82,531s][info][gc] GC(589) Concurrent class unloading 0,787ms
[2020-11-04T21:42:48.601+0300][82,531s][info][gc] GC(589) Concurrent strong roots 0,092ms
[2020-11-04T21:42:48.605+0300][82,535s][info][gc] GC(589) Concurrent evacuation 3,370ms
[2020-11-04T21:42:48.605+0300][82,535s][info][gc] GC(589) Pause Init Update Refs 0,024ms
[2020-11-04T21:42:48.649+0300][82,579s][info][gc] GC(589) Concurrent update references 44,185ms
[2020-11-04T21:42:48.650+0300][82,580s][info][gc] GC(589) Pause Final Update Refs 0,198ms
[2020-11-04T21:42:48.650+0300][82,580s][info][gc] GC(589) Concurrent cleanup 416M->274M(512M) 0,089ms
[2020-11-04T21:42:48.678+0300][82,607s][info][gc] Trigger: Average GC time (122,83 ms) is above the time for allocation rate (975 MB/s) to deplete free headroom (118M)
[2020-11-04T21:42:48.678+0300][82,608s][info][gc] GC(590) Concurrent reset 0,624ms
[2020-11-04T21:42:48.679+0300][82,609s][info][gc] GC(590) Pause Init Mark (process weakrefs) (unload classes) 0,129ms
[2020-11-04T21:42:48.749+0300][82,678s][info][gc] GC(590) Concurrent marking (process weakrefs) (unload classes) 69,778ms
[2020-11-04T21:42:48.749+0300][82,679s][info][gc] GC(590) Concurrent precleaning 0,173ms
[2020-11-04T21:42:48.750+0300][82,680s][info][gc] GC(590) Pause Final Mark (process weakrefs) (unload classes) 0,742ms
[2020-11-04T21:42:48.750+0300][82,680s][info][gc] GC(590) Concurrent weak roots 0,442ms
[2020-11-04T21:42:48.750+0300][82,680s][info][gc] GC(590) Concurrent cleanup 361M->361M(512M) 0,047ms
[2020-11-04T21:42:48.751+0300][82,681s][info][gc] GC(590) Concurrent class unloading 0,773ms
[2020-11-04T21:42:48.751+0300][82,681s][info][gc] GC(590) Concurrent strong roots 0,083ms
[2020-11-04T21:42:48.756+0300][82,686s][info][gc] GC(590) Concurrent evacuation 4,814ms
[2020-11-04T21:42:48.756+0300][82,686s][info][gc] GC(590) Pause Init Update Refs 0,011ms
[2020-11-04T21:42:48.796+0300][82,726s][info][gc] GC(590) Concurrent update references 39,657ms
[2020-11-04T21:42:48.797+0300][82,726s][info][gc] GC(590) Pause Final Update Refs 0,322ms
[2020-11-04T21:42:48.797+0300][82,727s][info][gc] GC(590) Concurrent cleanup 440M->290M(512M) 0,086ms
[2020-11-04T21:42:48.814+0300][82,744s][info][gc] Trigger: Average GC time (123,85 ms) is above the time for allocation rate (1019 MB/s) to deplete free headroom (125M)
[2020-11-04T21:42:48.814+0300][82,744s][info][gc] GC(591) Concurrent reset 0,582ms
[2020-11-04T21:42:48.815+0300][82,745s][info][gc] GC(591) Pause Init Mark (unload classes) 0,282ms
[2020-11-04T21:42:48.864+0300][82,794s][info][gc] GC(591) Concurrent marking (unload classes) 49,227ms
[2020-11-04T21:42:48.865+0300][82,795s][info][gc] GC(591) Pause Final Mark (unload classes) 0,796ms
[2020-11-04T21:42:48.866+0300][82,795s][info][gc] GC(591) Concurrent weak roots 0,415ms
[2020-11-04T21:42:48.866+0300][82,796s][info][gc] GC(591) Concurrent cleanup 354M->350M(512M) 0,042ms
[2020-11-04T21:42:48.867+0300][82,796s][info][gc] GC(591) Concurrent class unloading 0,826ms
[2020-11-04T21:42:48.867+0300][82,797s][info][gc] GC(591) Concurrent strong roots 0,135ms
[2020-11-04T21:42:48.871+0300][82,801s][info][gc] GC(591) Concurrent evacuation 4,135ms
[2020-11-04T21:42:48.871+0300][82,801s][info][gc] GC(591) Pause Init Update Refs 0,013ms
[2020-11-04T21:42:48.895+0300][82,825s][info][gc] GC(591) Concurrent update references 23,516ms
[2020-11-04T21:42:48.895+0300][82,825s][info][gc] GC(591) Pause Final Update Refs 0,322ms
[2020-11-04T21:42:48.896+0300][82,825s][info][gc] GC(591) Concurrent cleanup 388M->153M(512M) 0,121ms
[2020-11-04T21:42:48.951+0300][82,880s][info][gc] Trigger: Average GC time (112,27 ms) is above the time for allocation rate (1446 MB/s) to deplete free headroom (161M)
[2020-11-04T21:42:48.951+0300][82,881s][info][gc] GC(592) Concurrent reset 0,541ms
[2020-11-04T21:42:48.952+0300][82,881s][info][gc] GC(592) Pause Init Mark (unload classes) 0,184ms
[2020-11-04T21:42:49.009+0300][82,939s][info][gc] GC(592) Concurrent marking (unload classes) 57,468ms
[2020-11-04T21:42:49.010+0300][82,940s][info][gc] GC(592) Pause Final Mark (unload classes) 0,755ms
[2020-11-04T21:42:49.011+0300][82,940s][info][gc] GC(592) Concurrent weak roots 0,430ms
[2020-11-04T21:42:49.011+0300][82,940s][info][gc] GC(592) Concurrent cleanup 323M->323M(512M) 0,034ms
[2020-11-04T21:42:49.012+0300][82,941s][info][gc] GC(592) Concurrent class unloading 0,952ms
[2020-11-04T21:42:49.012+0300][82,942s][info][gc] GC(592) Concurrent strong roots 0,133ms
[2020-11-04T21:42:49.017+0300][82,947s][info][gc] GC(592) Concurrent evacuation 5,194ms
[2020-11-04T21:42:49.017+0300][82,947s][info][gc] GC(592) Pause Init Update Refs 0,023ms
[2020-11-04T21:42:49.043+0300][82,973s][info][gc] GC(592) Concurrent update references 25,375ms
[2020-11-04T21:42:49.043+0300][82,973s][info][gc] GC(592) Pause Final Update Refs 0,216ms
[2020-11-04T21:42:49.043+0300][82,973s][info][gc] GC(592) Concurrent cleanup 368M->170M(512M) 0,125ms
[2020-11-04T21:42:49.096+0300][83,026s][info][gc] Trigger: Average GC time (106,79 ms) is above the time for allocation rate (1405 MB/s) to deplete free headroom (148M)
[2020-11-04T21:42:49.097+0300][83,027s][info][gc] GC(593) Concurrent reset 0,590ms
[2020-11-04T21:42:49.098+0300][83,027s][info][gc] GC(593) Pause Init Mark (unload classes) 0,175ms
[2020-11-04T21:42:49.154+0300][83,084s][info][gc] GC(593) Concurrent marking (unload classes) 56,177ms
[2020-11-04T21:42:49.154+0300][83,084s][info][gc] GC(593) Pause Final Mark (unload classes) 0,501ms
[2020-11-04T21:42:49.155+0300][83,085s][info][gc] GC(593) Concurrent weak roots 0,428ms
[2020-11-04T21:42:49.155+0300][83,085s][info][gc] GC(593) Concurrent cleanup 334M->334M(512M) 0,034ms
[2020-11-04T21:42:49.156+0300][83,086s][info][gc] GC(593) Concurrent class unloading 0,842ms
[2020-11-04T21:42:49.156+0300][83,086s][info][gc] GC(593) Concurrent strong roots 0,117ms
[2020-11-04T21:42:49.162+0300][83,091s][info][gc] GC(593) Concurrent evacuation 5,501ms
[2020-11-04T21:42:49.162+0300][83,092s][info][gc] GC(593) Pause Init Update Refs 0,021ms
[2020-11-04T21:42:49.186+0300][83,116s][info][gc] GC(593) Concurrent update references 24,165ms
[2020-11-04T21:42:49.187+0300][83,117s][info][gc] GC(593) Pause Final Update Refs 0,354ms
[2020-11-04T21:42:49.187+0300][83,117s][info][gc] GC(593) Concurrent cleanup 394M->188M(512M) 0,113ms
[2020-11-04T21:42:49.234+0300][83,163s][info][gc] Trigger: Average GC time (102,01 ms) is above the time for allocation rate (1460 MB/s) to deplete free headroom (147M)
[2020-11-04T21:42:49.234+0300][83,164s][info][gc] GC(594) Concurrent reset 0,557ms
[2020-11-04T21:42:49.235+0300][83,164s][info][gc] GC(594) Pause Init Mark (unload classes) 0,165ms
[2020-11-04T21:42:49.284+0300][83,214s][info][gc] GC(594) Concurrent marking (unload classes) 49,265ms
[2020-11-04T21:42:49.285+0300][83,215s][info][gc] GC(594) Pause Final Mark (unload classes) 0,657ms
[2020-11-04T21:42:49.285+0300][83,215s][info][gc] GC(594) Concurrent weak roots 0,362ms
[2020-11-04T21:42:49.285+0300][83,215s][info][gc] GC(594) Concurrent cleanup 334M->334M(512M) 0,079ms
[2020-11-04T21:42:49.286+0300][83,216s][info][gc] GC(594) Concurrent class unloading 0,780ms
[2020-11-04T21:42:49.286+0300][83,216s][info][gc] GC(594) Concurrent strong roots 0,122ms
[2020-11-04T21:42:49.292+0300][83,222s][info][gc] GC(594) Concurrent evacuation 5,453ms
[2020-11-04T21:42:49.292+0300][83,222s][info][gc] GC(594) Pause Init Update Refs 0,009ms
[2020-11-04T21:42:49.319+0300][83,249s][info][gc] GC(594) Concurrent update references 27,358ms
[2020-11-04T21:42:49.320+0300][83,250s][info][gc] GC(594) Pause Final Update Refs 0,317ms
[2020-11-04T21:42:49.320+0300][83,250s][info][gc] GC(594) Concurrent cleanup 382M->182M(512M) 0,125ms
[2020-11-04T21:42:49.374+0300][83,304s][info][gc] Trigger: Average GC time (94,19 ms) is above the time for allocation rate (1468 MB/s) to deplete free headroom (135M)
[2020-11-04T21:42:49.375+0300][83,305s][info][gc] GC(595) Concurrent reset 0,573ms
[2020-11-04T21:42:49.375+0300][83,305s][info][gc] GC(595) Pause Init Mark (process weakrefs) (unload classes) 0,147ms
[2020-11-04T21:42:49.424+0300][83,354s][info][gc] GC(595) Concurrent marking (process weakrefs) (unload classes) 48,867ms
[2020-11-04T21:42:49.425+0300][83,354s][info][gc] GC(595) Concurrent precleaning 0,123ms
[2020-11-04T21:42:49.425+0300][83,355s][info][gc] GC(595) Pause Final Mark (process weakrefs) (unload classes) 0,667ms
[2020-11-04T21:42:49.426+0300][83,356s][info][gc] GC(595) Concurrent weak roots 0,387ms
[2020-11-04T21:42:49.426+0300][83,356s][info][gc] GC(595) Concurrent cleanup 346M->346M(512M) 0,034ms
[2020-11-04T21:42:49.427+0300][83,357s][info][gc] GC(595) Concurrent class unloading 1,011ms
[2020-11-04T21:42:49.427+0300][83,357s][info][gc] GC(595) Concurrent strong roots 0,123ms
[2020-11-04T21:42:49.432+0300][83,362s][info][gc] GC(595) Concurrent evacuation 5,065ms
[2020-11-04T21:42:49.433+0300][83,362s][info][gc] GC(595) Pause Init Update Refs 0,021ms
[2020-11-04T21:42:49.462+0300][83,392s][info][gc] GC(595) Concurrent update references 29,520ms
[2020-11-04T21:42:49.463+0300][83,393s][info][gc] GC(595) Pause Final Update Refs 0,217ms
[2020-11-04T21:42:49.463+0300][83,393s][info][gc] GC(595) Concurrent cleanup 403M->196M(512M) 0,122ms
[2020-11-04T21:42:49.516+0300][83,446s][info][gc] Trigger: Average GC time (88,12 ms) is above the time for allocation rate (1462 MB/s) to deplete free headroom (128M)
[2020-11-04T21:42:49.517+0300][83,447s][info][gc] GC(596) Concurrent reset 0,597ms
[2020-11-04T21:42:49.517+0300][83,447s][info][gc] GC(596) Pause Init Mark (unload classes) 0,159ms
[2020-11-04T21:42:49.564+0300][83,494s][info][gc] GC(596) Concurrent marking (unload classes) 46,540ms
[2020-11-04T21:42:49.565+0300][83,494s][info][gc] GC(596) Pause Final Mark (unload classes) 0,540ms
[2020-11-04T21:42:49.565+0300][83,495s][info][gc] GC(596) Concurrent weak roots 0,460ms
[2020-11-04T21:42:49.565+0300][83,495s][info][gc] GC(596) Concurrent cleanup 353M->353M(512M) 0,070ms
[2020-11-04T21:42:49.566+0300][83,496s][info][gc] GC(596) Concurrent class unloading 0,832ms
[2020-11-04T21:42:49.566+0300][83,496s][info][gc] GC(596) Concurrent strong roots 0,077ms
[2020-11-04T21:42:49.573+0300][83,503s][info][gc] GC(596) Concurrent evacuation 6,578ms
[2020-11-04T21:42:49.573+0300][83,503s][info][gc] GC(596) Pause Init Update Refs 0,014ms
[2020-11-04T21:42:49.601+0300][83,531s][info][gc] GC(596) Concurrent update references 27,483ms
[2020-11-04T21:42:49.601+0300][83,531s][info][gc] GC(596) Pause Final Update Refs 0,179ms
[2020-11-04T21:42:49.601+0300][83,531s][info][gc] GC(596) Concurrent cleanup 419M->211M(512M) 0,109ms
[2020-11-04T21:42:49.645+0300][83,575s][info][gc] Trigger: Average GC time (88,82 ms) is above the time for allocation rate (1526 MB/s) to deplete free headroom (133M)
[2020-11-04T21:42:49.645+0300][83,575s][info][gc] GC(597) Concurrent reset 0,538ms
[2020-11-04T21:42:49.646+0300][83,576s][info][gc] GC(597) Pause Init Mark (unload classes) 0,123ms
[2020-11-04T21:42:49.708+0300][83,637s][info][gc] GC(597) Concurrent marking (unload classes) 61,616ms
[2020-11-04T21:42:49.708+0300][83,638s][info][gc] GC(597) Pause Final Mark (unload classes) 0,458ms
[2020-11-04T21:42:49.709+0300][83,639s][info][gc] GC(597) Concurrent weak roots 0,444ms
[2020-11-04T21:42:49.709+0300][83,639s][info][gc] GC(597) Concurrent cleanup 349M->349M(512M) 0,035ms
[2020-11-04T21:42:49.710+0300][83,640s][info][gc] GC(597) Concurrent class unloading 1,142ms
[2020-11-04T21:42:49.710+0300][83,640s][info][gc] GC(597) Concurrent strong roots 0,127ms
[2020-11-04T21:42:49.715+0300][83,645s][info][gc] GC(597) Concurrent evacuation 4,850ms
[2020-11-04T21:42:49.715+0300][83,645s][info][gc] GC(597) Pause Init Update Refs 0,014ms
[2020-11-04T21:42:49.747+0300][83,677s][info][gc] GC(597) Concurrent update references 31,757ms
[2020-11-04T21:42:49.747+0300][83,677s][info][gc] GC(597) Pause Final Update Refs 0,161ms
[2020-11-04T21:42:49.748+0300][83,677s][info][gc] GC(597) Concurrent cleanup 405M->209M(512M) 0,107ms
[2020-11-04T21:42:49.796+0300][83,726s][info][gc] Trigger: Average GC time (90,80 ms) is above the time for allocation rate (1340 MB/s) to deplete free headroom (121M)
[2020-11-04T21:42:49.797+0300][83,727s][info][gc] GC(598) Concurrent reset 0,591ms
[2020-11-04T21:42:49.797+0300][83,727s][info][gc] GC(598) Pause Init Mark (unload classes) 0,122ms
[2020-11-04T21:42:49.853+0300][83,783s][info][gc] GC(598) Concurrent marking (unload classes) 55,951ms
[2020-11-04T21:42:49.854+0300][83,784s][info][gc] GC(598) Pause Final Mark (unload classes) 0,436ms
[2020-11-04T21:42:49.855+0300][83,784s][info][gc] GC(598) Concurrent weak roots 0,430ms
[2020-11-04T21:42:49.855+0300][83,784s][info][gc] GC(598) Concurrent cleanup 359M->359M(512M) 0,037ms
[2020-11-04T21:42:49.856+0300][83,786s][info][gc] GC(598) Concurrent class unloading 1,109ms
[2020-11-04T21:42:49.856+0300][83,786s][info][gc] GC(598) Concurrent strong roots 0,151ms
[2020-11-04T21:42:49.861+0300][83,791s][info][gc] GC(598) Concurrent evacuation 5,445ms
[2020-11-04T21:42:49.862+0300][83,792s][info][gc] GC(598) Pause Init Update Refs 0,021ms
[2020-11-04T21:42:49.894+0300][83,824s][info][gc] GC(598) Concurrent update references 32,530ms
[2020-11-04T21:42:49.895+0300][83,825s][info][gc] GC(598) Pause Final Update Refs 0,236ms
[2020-11-04T21:42:49.895+0300][83,825s][info][gc] GC(598) Concurrent cleanup 419M->216M(512M) 0,144ms
[2020-11-04T21:42:49.944+0300][83,874s][info][gc] Trigger: Average GC time (92,44 ms) is above the time for allocation rate (1333 MB/s) to deplete free headroom (121M)
[2020-11-04T21:42:49.944+0300][83,874s][info][gc] GC(599) Concurrent reset 0,574ms
[2020-11-04T21:42:49.945+0300][83,875s][info][gc] GC(599) Pause Init Mark (unload classes) 0,110ms
[2020-11-04T21:42:50.000+0300][83,930s][info][gc] GC(599) Concurrent marking (unload classes) 54,868ms
[2020-11-04T21:42:50.000+0300][83,930s][info][gc] GC(599) Pause Final Mark (unload classes) 0,366ms
[2020-11-04T21:42:50.001+0300][83,931s][info][gc] GC(599) Concurrent weak roots 0,331ms
[2020-11-04T21:42:50.001+0300][83,931s][info][gc] GC(599) Concurrent cleanup 359M->359M(512M) 0,024ms
[2020-11-04T21:42:50.002+0300][83,932s][info][gc] GC(599) Concurrent class unloading 1,019ms
[2020-11-04T21:42:50.002+0300][83,932s][info][gc] GC(599) Concurrent strong roots 0,111ms
[2020-11-04T21:42:50.007+0300][83,937s][info][gc] GC(599) Concurrent evacuation 4,900ms
[2020-11-04T21:42:50.007+0300][83,937s][info][gc] GC(599) Pause Init Update Refs 0,020ms
[2020-11-04T21:42:50.042+0300][83,972s][info][gc] GC(599) Concurrent update references 34,849ms
[2020-11-04T21:42:50.043+0300][83,972s][info][gc] GC(599) Pause Final Update Refs 0,142ms
[2020-11-04T21:42:50.043+0300][83,973s][info][gc] GC(599) Concurrent cleanup 444M->247M(512M) 0,107ms
[2020-11-04T21:42:50.081+0300][84,011s][info][gc] Trigger: Average GC time (94,90 ms) is above the time for allocation rate (1352 MB/s) to deplete free headroom (127M)
[2020-11-04T21:42:50.082+0300][84,012s][info][gc] GC(600) Concurrent reset 0,665ms
[2020-11-04T21:42:50.082+0300][84,012s][info][gc] GC(600) Pause Init Mark (process weakrefs) (unload classes) 0,125ms
[2020-11-04T21:42:50.140+0300][84,070s][info][gc] GC(600) Concurrent marking (process weakrefs) (unload classes) 57,949ms
[2020-11-04T21:42:50.141+0300][84,070s][info][gc] GC(600) Concurrent precleaning 0,130ms
[2020-11-04T21:42:50.141+0300][84,071s][info][gc] GC(600) Pause Final Mark (process weakrefs) (unload classes) 0,460ms
[2020-11-04T21:42:50.142+0300][84,072s][info][gc] GC(600) Concurrent weak roots 0,592ms
[2020-11-04T21:42:50.142+0300][84,072s][info][gc] GC(600) Concurrent cleanup 354M->354M(512M) 0,036ms
[2020-11-04T21:42:50.143+0300][84,073s][info][gc] GC(600) Concurrent class unloading 1,111ms
[2020-11-04T21:42:50.143+0300][84,073s][info][gc] GC(600) Concurrent strong roots 0,107ms
[2020-11-04T21:42:50.149+0300][84,079s][info][gc] GC(600) Concurrent evacuation 5,829ms
[2020-11-04T21:42:50.149+0300][84,079s][info][gc] GC(600) Pause Init Update Refs 0,014ms
[2020-11-04T21:42:50.181+0300][84,111s][info][gc] GC(600) Concurrent update references 31,508ms
[2020-11-04T21:42:50.181+0300][84,111s][info][gc] GC(600) Pause Final Update Refs 0,149ms
[2020-11-04T21:42:50.182+0300][84,111s][info][gc] GC(600) Concurrent cleanup 434M->248M(512M) 0,101ms
[2020-11-04T21:42:50.212+0300][84,142s][info][gc] Trigger: Average GC time (97,25 ms) is above the time for allocation rate (1348 MB/s) to deplete free headroom (130M)
[2020-11-04T21:42:50.213+0300][84,143s][info][gc] GC(601) Concurrent reset 0,593ms
[2020-11-04T21:42:50.213+0300][84,143s][info][gc] GC(601) Pause Init Mark (unload classes) 0,122ms
[2020-11-04T21:42:50.279+0300][84,209s][info][gc] GC(601) Concurrent marking (unload classes) 65,889ms
[2020-11-04T21:42:50.280+0300][84,210s][info][gc] GC(601) Pause Final Mark (unload classes) 0,383ms
[2020-11-04T21:42:50.281+0300][84,210s][info][gc] GC(601) Concurrent weak roots 0,454ms
[2020-11-04T21:42:50.281+0300][84,211s][info][gc] GC(601) Concurrent cleanup 351M->351M(512M) 0,034ms
[2020-11-04T21:42:50.282+0300][84,212s][info][gc] GC(601) Concurrent class unloading 1,118ms
[2020-11-04T21:42:50.282+0300][84,212s][info][gc] GC(601) Concurrent strong roots 0,099ms
[2020-11-04T21:42:50.287+0300][84,217s][info][gc] GC(601) Concurrent evacuation 4,775ms
[2020-11-04T21:42:50.287+0300][84,217s][info][gc] GC(601) Pause Init Update Refs 0,015ms
[2020-11-04T21:42:50.329+0300][84,258s][info][gc] GC(601) Concurrent update references 41,458ms
[2020-11-04T21:42:50.329+0300][84,259s][info][gc] GC(601) Pause Final Update Refs 0,155ms
[2020-11-04T21:42:50.329+0300][84,259s][info][gc] GC(601) Concurrent cleanup 448M->272M(512M) 0,122ms
[2020-11-04T21:42:50.353+0300][84,282s][info][gc] Trigger: Average GC time (103,57 ms) is above the time for allocation rate (1250 MB/s) to deplete free headroom (126M)
[2020-11-04T21:42:50.353+0300][84,283s][info][gc] GC(602) Concurrent reset 0,602ms
[2020-11-04T21:42:50.354+0300][84,284s][info][gc] GC(602) Pause Init Mark (unload classes) 0,125ms
[2020-11-04T21:42:50.425+0300][84,355s][info][gc] GC(602) Concurrent marking (unload classes) 71,256ms
[2020-11-04T21:42:50.426+0300][84,356s][info][gc] GC(602) Pause Final Mark (unload classes) 0,736ms
[2020-11-04T21:42:50.427+0300][84,356s][info][gc] GC(602) Concurrent weak roots 0,426ms
[2020-11-04T21:42:50.427+0300][84,357s][info][gc] GC(602) Concurrent cleanup 354M->354M(512M) 0,025ms
[2020-11-04T21:42:50.428+0300][84,358s][info][gc] GC(602) Concurrent class unloading 0,988ms
[2020-11-04T21:42:50.428+0300][84,358s][info][gc] GC(602) Concurrent strong roots 0,087ms
[2020-11-04T21:42:50.432+0300][84,362s][info][gc] GC(602) Concurrent evacuation 4,314ms
[2020-11-04T21:42:50.432+0300][84,362s][info][gc] GC(602) Pause Init Update Refs 0,016ms
[2020-11-04T21:42:50.466+0300][84,396s][info][gc] GC(602) Concurrent update references 33,423ms
[2020-11-04T21:42:50.466+0300][84,396s][info][gc] GC(602) Pause Final Update Refs 0,161ms
[2020-11-04T21:42:50.467+0300][84,396s][info][gc] GC(602) Concurrent cleanup 437M->262M(512M) 0,090ms
[2020-11-04T21:42:50.494+0300][84,424s][info][gc] Trigger: Average GC time (105,81 ms) is above the time for allocation rate (1208 MB/s) to deplete free headroom (125M)
[2020-11-04T21:42:50.495+0300][84,425s][info][gc] GC(603) Concurrent reset 0,672ms
[2020-11-04T21:42:50.495+0300][84,425s][info][gc] GC(603) Pause Init Mark (unload classes) 0,152ms
[2020-11-04T21:42:50.566+0300][84,496s][info][gc] GC(603) Concurrent marking (unload classes) 70,346ms
[2020-11-04T21:42:50.567+0300][84,496s][info][gc] GC(603) Pause Final Mark (unload classes) 0,591ms
[2020-11-04T21:42:50.567+0300][84,497s][info][gc] GC(603) Concurrent weak roots 0,324ms
[2020-11-04T21:42:50.567+0300][84,497s][info][gc] GC(603) Concurrent cleanup 355M->355M(512M) 0,037ms
[2020-11-04T21:42:50.568+0300][84,498s][info][gc] GC(603) Concurrent class unloading 0,765ms
[2020-11-04T21:42:50.568+0300][84,498s][info][gc] GC(603) Concurrent strong roots 0,074ms
[2020-11-04T21:42:50.572+0300][84,502s][info][gc] GC(603) Concurrent evacuation 4,300ms
[2020-11-04T21:42:50.573+0300][84,503s][info][gc] GC(603) Pause Init Update Refs 0,013ms
[2020-11-04T21:42:50.607+0300][84,537s][info][gc] GC(603) Concurrent update references 34,411ms
[2020-11-04T21:42:50.608+0300][84,537s][info][gc] GC(603) Pause Final Update Refs 0,122ms
[2020-11-04T21:42:50.608+0300][84,538s][info][gc] GC(603) Concurrent cleanup 440M->268M(512M) 0,092ms
[2020-11-04T21:42:50.632+0300][84,562s][info][gc] Trigger: Average GC time (108,77 ms) is above the time for allocation rate (1191 MB/s) to deplete free headroom (127M)
[2020-11-04T21:42:50.633+0300][84,563s][info][gc] GC(604) Concurrent reset 0,713ms
[2020-11-04T21:42:50.633+0300][84,563s][info][gc] GC(604) Pause Init Mark (unload classes) 0,122ms
[2020-11-04T21:42:50.704+0300][84,633s][info][gc] GC(604) Concurrent marking (unload classes) 70,162ms
[2020-11-04T21:42:50.704+0300][84,634s][info][gc] GC(604) Pause Final Mark (unload classes) 0,518ms
[2020-11-04T21:42:50.705+0300][84,635s][info][gc] GC(604) Concurrent weak roots 0,366ms
[2020-11-04T21:42:50.705+0300][84,635s][info][gc] GC(604) Concurrent cleanup 353M->353M(512M) 0,036ms
[2020-11-04T21:42:50.706+0300][84,636s][info][gc] GC(604) Concurrent class unloading 0,830ms
[2020-11-04T21:42:50.706+0300][84,636s][info][gc] GC(604) Concurrent strong roots 0,134ms
[2020-11-04T21:42:50.710+0300][84,640s][info][gc] GC(604) Concurrent evacuation 4,026ms
[2020-11-04T21:42:50.710+0300][84,640s][info][gc] GC(604) Pause Init Update Refs 0,013ms
[2020-11-04T21:42:50.747+0300][84,677s][info][gc] GC(604) Concurrent update references 36,852ms
[2020-11-04T21:42:50.748+0300][84,678s][info][gc] GC(604) Pause Final Update Refs 0,225ms
[2020-11-04T21:42:50.748+0300][84,678s][info][gc] GC(604) Concurrent cleanup 438M->274M(512M) 0,120ms
[2020-11-04T21:42:50.770+0300][84,700s][info][gc] Trigger: Average GC time (112,11 ms) is above the time for allocation rate (1160 MB/s) to deplete free headroom (127M)
[2020-11-04T21:42:50.771+0300][84,701s][info][gc] GC(605) Concurrent reset 0,672ms
[2020-11-04T21:42:50.771+0300][84,701s][info][gc] GC(605) Pause Init Mark (process weakrefs) (unload classes) 0,125ms
[2020-11-04T21:42:50.847+0300][84,777s][info][gc] GC(605) Concurrent marking (process weakrefs) (unload classes) 76,068ms
[2020-11-04T21:42:50.848+0300][84,778s][info][gc] GC(605) Concurrent precleaning 0,151ms
[2020-11-04T21:42:50.848+0300][84,778s][info][gc] GC(605) Pause Final Mark (process weakrefs) (unload classes) 0,468ms
[2020-11-04T21:42:50.849+0300][84,779s][info][gc] GC(605) Concurrent weak roots 0,422ms
[2020-11-04T21:42:50.849+0300][84,779s][info][gc] GC(605) Concurrent cleanup 354M->354M(512M) 0,034ms
[2020-11-04T21:42:50.850+0300][84,780s][info][gc] GC(605) Concurrent class unloading 1,110ms
[2020-11-04T21:42:50.850+0300][84,780s][info][gc] GC(605) Concurrent strong roots 0,154ms
[2020-11-04T21:42:50.854+0300][84,784s][info][gc] GC(605) Concurrent evacuation 3,902ms
[2020-11-04T21:42:50.855+0300][84,784s][info][gc] GC(605) Pause Init Update Refs 0,018ms
[2020-11-04T21:42:50.907+0300][84,837s][info][gc] GC(605) Concurrent update references 52,592ms
[2020-11-04T21:42:50.908+0300][84,838s][info][gc] GC(605) Pause Final Update Refs 0,146ms
[2020-11-04T21:42:50.908+0300][84,838s][info][gc] GC(605) Concurrent cleanup 477M->317M(512M) 0,067ms
[2020-11-04T21:42:50.914+0300][84,844s][info][gc] Trigger: Average GC time (119,55 ms) is above the time for allocation rate (1085 MB/s) to deplete free headroom (126M)
[2020-11-04T21:42:50.915+0300][84,845s][info][gc] GC(606) Concurrent reset 0,530ms
[2020-11-04T21:42:50.915+0300][84,845s][info][gc] GC(606) Pause Init Mark (unload classes) 0,118ms
[2020-11-04T21:42:50.985+0300][84,915s][info][gc] GC(606) Concurrent marking (unload classes) 69,385ms
[2020-11-04T21:42:50.985+0300][84,915s][info][gc] GC(606) Pause Final Mark (unload classes) 0,311ms
[2020-11-04T21:42:50.986+0300][84,915s][info][gc] GC(606) Concurrent weak roots 0,314ms
[2020-11-04T21:42:50.986+0300][84,915s][info][gc] GC(606) Concurrent cleanup 354M->354M(512M) 0,036ms
[2020-11-04T21:42:50.986+0300][84,916s][info][gc] GC(606) Concurrent class unloading 0,686ms
[2020-11-04T21:42:50.986+0300][84,916s][info][gc] GC(606) Concurrent strong roots 0,145ms
[2020-11-04T21:42:50.990+0300][84,920s][info][gc] GC(606) Concurrent evacuation 3,640ms
[2020-11-04T21:42:50.990+0300][84,920s][info][gc] GC(606) Pause Init Update Refs 0,013ms
[2020-11-04T21:42:51.028+0300][84,958s][info][gc] GC(606) Concurrent update references 37,187ms
[2020-11-04T21:42:51.028+0300][84,958s][info][gc] GC(606) Pause Final Update Refs 0,152ms
[2020-11-04T21:42:51.028+0300][84,958s][info][gc] GC(606) Concurrent cleanup 440M->284M(512M) 0,109ms
[2020-11-04T21:42:51.045+0300][84,975s][info][gc] Trigger: Average GC time (118,97 ms) is above the time for allocation rate (1118 MB/s) to deplete free headroom (131M)
[2020-11-04T21:42:51.046+0300][84,976s][info][gc] GC(607) Concurrent reset 0,577ms
[2020-11-04T21:42:51.046+0300][84,976s][info][gc] GC(607) Pause Init Mark (unload classes) 0,130ms
[2020-11-04T21:42:51.147+0300][85,077s][info][gc] GC(607) Concurrent marking (unload classes) 100,611ms
[2020-11-04T21:42:51.148+0300][85,078s][info][gc] GC(607) Pause Final Mark (unload classes) 0,373ms
[2020-11-04T21:42:51.148+0300][85,078s][info][gc] GC(607) Concurrent weak roots 0,370ms
[2020-11-04T21:42:51.148+0300][85,078s][info][gc] GC(607) Concurrent cleanup 350M->350M(512M) 0,026ms
[2020-11-04T21:42:51.149+0300][85,079s][info][gc] GC(607) Concurrent class unloading 0,753ms
[2020-11-04T21:42:51.149+0300][85,079s][info][gc] GC(607) Concurrent strong roots 0,061ms
[2020-11-04T21:42:51.153+0300][85,083s][info][gc] GC(607) Concurrent evacuation 4,006ms
[2020-11-04T21:42:51.153+0300][85,083s][info][gc] GC(607) Pause Init Update Refs 0,017ms
[2020-11-04T21:42:51.193+0300][85,123s][info][gc] GC(607) Concurrent update references 39,700ms
[2020-11-04T21:42:51.194+0300][85,123s][info][gc] GC(607) Pause Final Update Refs 0,141ms
[2020-11-04T21:42:51.194+0300][85,124s][info][gc] GC(607) Concurrent cleanup 437M->290M(512M) 0,111ms
[2020-11-04T21:42:51.214+0300][85,144s][info][gc] Trigger: Average GC time (125,87 ms) is above the time for allocation rate (934 MB/s) to deplete free headroom (116M)
[2020-11-04T21:42:51.215+0300][85,145s][info][gc] GC(608) Concurrent reset 0,598ms
[2020-11-04T21:42:51.215+0300][85,145s][info][gc] GC(608) Pause Init Mark (unload classes) 0,144ms
[2020-11-04T21:42:51.288+0300][85,218s][info][gc] GC(608) Concurrent marking (unload classes) 72,789ms
[2020-11-04T21:42:51.289+0300][85,218s][info][gc] GC(608) Pause Final Mark (unload classes) 0,408ms
[2020-11-04T21:42:51.289+0300][85,219s][info][gc] GC(608) Concurrent weak roots 0,478ms
[2020-11-04T21:42:51.289+0300][85,219s][info][gc] GC(608) Concurrent cleanup 362M->362M(512M) 0,060ms
[2020-11-04T21:42:51.290+0300][85,220s][info][gc] GC(608) Concurrent class unloading 0,863ms
[2020-11-04T21:42:51.290+0300][85,220s][info][gc] GC(608) Concurrent strong roots 0,085ms
[2020-11-04T21:42:51.295+0300][85,225s][info][gc] GC(608) Concurrent evacuation 4,468ms
[2020-11-04T21:42:51.295+0300][85,225s][info][gc] GC(608) Pause Init Update Refs 0,029ms
[2020-11-04T21:42:51.338+0300][85,268s][info][gc] GC(608) Concurrent update references 42,771ms
[2020-11-04T21:42:51.338+0300][85,268s][info][gc] GC(608) Pause Final Update Refs 0,130ms
[2020-11-04T21:42:51.339+0300][85,268s][info][gc] GC(608) Concurrent cleanup 436M->278M(512M) 0,098ms
[2020-11-04T21:42:51.361+0300][85,291s][info][gc] Trigger: Average GC time (128,07 ms) is above the time for allocation rate (991 MB/s) to deplete free headroom (122M)
[2020-11-04T21:42:51.362+0300][85,291s][info][gc] GC(609) Concurrent reset 0,695ms
[2020-11-04T21:42:51.363+0300][85,293s][info][gc] GC(609) Pause Init Mark (unload classes) 0,137ms
[2020-11-04T21:42:51.438+0300][85,368s][info][gc] GC(609) Concurrent marking (unload classes) 75,407ms
[2020-11-04T21:42:51.439+0300][85,369s][info][gc] GC(609) Pause Final Mark (unload classes) 0,383ms
[2020-11-04T21:42:51.440+0300][85,369s][info][gc] GC(609) Concurrent weak roots 0,408ms
[2020-11-04T21:42:51.440+0300][85,369s][info][gc] GC(609) Concurrent cleanup 359M->359M(512M) 0,027ms
[2020-11-04T21:42:51.440+0300][85,370s][info][gc] GC(609) Concurrent class unloading 0,648ms
[2020-11-04T21:42:51.440+0300][85,370s][info][gc] GC(609) Concurrent strong roots 0,078ms
[2020-11-04T21:42:51.444+0300][85,374s][info][gc] GC(609) Concurrent evacuation 3,664ms
[2020-11-04T21:42:51.444+0300][85,374s][info][gc] GC(609) Pause Init Update Refs 0,014ms
[2020-11-04T21:42:51.484+0300][85,414s][info][gc] GC(609) Concurrent update references 39,594ms
[2020-11-04T21:42:51.484+0300][85,414s][info][gc] GC(609) Pause Final Update Refs 0,136ms
[2020-11-04T21:42:51.485+0300][85,414s][info][gc] GC(609) Concurrent cleanup 453M->304M(512M) 0,092ms
[2020-11-04T21:42:51.494+0300][85,424s][info][gc] Trigger: Average GC time (129,68 ms) is above the time for allocation rate (1022 MB/s) to deplete free headroom (130M)
[2020-11-04T21:42:51.495+0300][85,425s][info][gc] GC(610) Concurrent reset 0,553ms
[2020-11-04T21:42:51.495+0300][85,425s][info][gc] GC(610) Pause Init Mark (process weakrefs) (unload classes) 0,132ms
[2020-11-04T21:42:51.565+0300][85,495s][info][gc] GC(610) Concurrent marking (process weakrefs) (unload classes) 70,058ms
[2020-11-04T21:42:51.566+0300][85,496s][info][gc] GC(610) Concurrent precleaning 0,187ms
[2020-11-04T21:42:51.566+0300][85,496s][info][gc] GC(610) Pause Final Mark (process weakrefs) (unload classes) 0,494ms
[2020-11-04T21:42:51.567+0300][85,497s][info][gc] GC(610) Concurrent weak roots 0,378ms
[2020-11-04T21:42:51.567+0300][85,497s][info][gc] GC(610) Concurrent cleanup 352M->352M(512M) 0,037ms
[2020-11-04T21:42:51.568+0300][85,498s][info][gc] GC(610) Concurrent class unloading 0,990ms
[2020-11-04T21:42:51.568+0300][85,498s][info][gc] GC(610) Concurrent strong roots 0,064ms
[2020-11-04T21:42:51.571+0300][85,501s][info][gc] GC(610) Concurrent evacuation 3,357ms
[2020-11-04T21:42:51.572+0300][85,502s][info][gc] GC(610) Pause Init Update Refs 0,021ms
[2020-11-04T21:42:51.615+0300][85,544s][info][gc] GC(610) Concurrent update references 42,715ms
[2020-11-04T21:42:51.615+0300][85,545s][info][gc] GC(610) Pause Final Update Refs 0,141ms
[2020-11-04T21:42:51.615+0300][85,545s][info][gc] GC(610) Concurrent cleanup 445M->311M(512M) 0,088ms
[2020-11-04T21:42:51.623+0300][85,553s][info][gc] Trigger: Average GC time (126,34 ms) is above the time for allocation rate (1026 MB/s) to deplete free headroom (129M)
[2020-11-04T21:42:51.623+0300][85,553s][info][gc] GC(611) Concurrent reset 0,611ms
[2020-11-04T21:42:51.624+0300][85,554s][info][gc] GC(611) Pause Init Mark (unload classes) 0,107ms
[2020-11-04T21:42:51.668+0300][85,598s][info][gc] GC(611) Concurrent marking (unload classes) 43,958ms
[2020-11-04T21:42:51.669+0300][85,598s][info][gc] GC(611) Pause Final Mark (unload classes) 0,541ms
[2020-11-04T21:42:51.669+0300][85,599s][info][gc] GC(611) Concurrent weak roots 0,526ms
[2020-11-04T21:42:51.669+0300][85,599s][info][gc] GC(611) Concurrent cleanup 351M->347M(512M) 0,073ms
[2020-11-04T21:42:51.670+0300][85,600s][info][gc] GC(611) Concurrent class unloading 0,883ms
[2020-11-04T21:42:51.670+0300][85,600s][info][gc] GC(611) Concurrent strong roots 0,151ms
[2020-11-04T21:42:51.676+0300][85,606s][info][gc] GC(611) Concurrent evacuation 5,636ms
[2020-11-04T21:42:51.676+0300][85,606s][info][gc] GC(611) Pause Init Update Refs 0,018ms
[2020-11-04T21:42:51.697+0300][85,627s][info][gc] GC(611) Concurrent update references 20,822ms
[2020-11-04T21:42:51.698+0300][85,628s][info][gc] GC(611) Pause Final Update Refs 0,171ms
[2020-11-04T21:42:51.698+0300][85,628s][info][gc] GC(611) Concurrent cleanup 400M->171M(512M) 0,131ms
[2020-11-04T21:42:51.739+0300][85,669s][info][gc] Trigger: Average GC time (118,59 ms) is above the time for allocation rate (1520 MB/s) to deplete free headroom (179M)
[2020-11-04T21:42:51.740+0300][85,670s][info][gc] GC(612) Concurrent reset 0,565ms
[2020-11-04T21:42:51.741+0300][85,670s][info][gc] GC(612) Pause Init Mark (unload classes) 0,117ms
[2020-11-04T21:42:51.800+0300][85,730s][info][gc] GC(612) Concurrent marking (unload classes) 59,195ms
[2020-11-04T21:42:51.800+0300][85,730s][info][gc] GC(612) Pause Final Mark (unload classes) 0,443ms
[2020-11-04T21:42:51.801+0300][85,731s][info][gc] GC(612) Concurrent weak roots 0,442ms
[2020-11-04T21:42:51.801+0300][85,731s][info][gc] GC(612) Concurrent cleanup 307M->307M(512M) 0,031ms
[2020-11-04T21:42:51.802+0300][85,732s][info][gc] GC(612) Concurrent class unloading 1,063ms
[2020-11-04T21:42:51.802+0300][85,732s][info][gc] GC(612) Concurrent strong roots 0,089ms
[2020-11-04T21:42:51.807+0300][85,736s][info][gc] GC(612) Concurrent evacuation 4,306ms
[2020-11-04T21:42:51.807+0300][85,737s][info][gc] GC(612) Pause Init Update Refs 0,022ms
[2020-11-04T21:42:51.831+0300][85,761s][info][gc] GC(612) Concurrent update references 24,476ms
[2020-11-04T21:42:51.832+0300][85,762s][info][gc] GC(612) Pause Final Update Refs 0,196ms
[2020-11-04T21:42:51.832+0300][85,762s][info][gc] GC(612) Concurrent cleanup 373M->196M(512M) 0,111ms
[2020-11-04T21:42:51.874+0300][85,803s][info][gc] Trigger: Average GC time (107,44 ms) is above the time for allocation rate (1466 MB/s) to deplete free headroom (154M)
[2020-11-04T21:42:51.874+0300][85,804s][info][gc] GC(613) Concurrent reset 0,505ms
[2020-11-04T21:42:51.874+0300][85,804s][info][gc] GC(613) Pause Init Mark (unload classes) 0,112ms
[2020-11-04T21:42:51.931+0300][85,860s][info][gc] GC(613) Concurrent marking (unload classes) 55,919ms
[2020-11-04T21:42:51.931+0300][85,861s][info][gc] GC(613) Pause Final Mark (unload classes) 0,406ms
[2020-11-04T21:42:51.932+0300][85,861s][info][gc] GC(613) Concurrent weak roots 0,350ms
[2020-11-04T21:42:51.932+0300][85,862s][info][gc] GC(613) Concurrent cleanup 329M->329M(512M) 0,035ms
[2020-11-04T21:42:51.933+0300][85,862s][info][gc] GC(613) Concurrent class unloading 0,915ms
[2020-11-04T21:42:51.933+0300][85,863s][info][gc] GC(613) Concurrent strong roots 0,116ms
[2020-11-04T21:42:51.938+0300][85,867s][info][gc] GC(613) Concurrent evacuation 4,789ms
[2020-11-04T21:42:51.938+0300][85,868s][info][gc] GC(613) Pause Init Update Refs 0,014ms
[2020-11-04T21:42:51.970+0300][85,900s][info][gc] GC(613) Concurrent update references 32,242ms
[2020-11-04T21:42:51.971+0300][85,901s][info][gc] GC(613) Pause Final Update Refs 0,175ms
[2020-11-04T21:42:51.971+0300][85,901s][info][gc] GC(613) Concurrent cleanup 412M->215M(512M) 0,114ms
[2020-11-04T21:42:52.008+0300][85,938s][info][gc] Trigger: Average GC time (102,01 ms) is above the time for allocation rate (1475 MB/s) to deplete free headroom (147M)
[2020-11-04T21:42:52.009+0300][85,938s][info][gc] GC(614) Concurrent reset 0,606ms
[2020-11-04T21:42:52.009+0300][85,939s][info][gc] GC(614) Pause Init Mark (unload classes) 0,120ms
[2020-11-04T21:42:52.061+0300][85,991s][info][gc] GC(614) Concurrent marking (unload classes) 51,837ms
[2020-11-04T21:42:52.062+0300][85,992s][info][gc] GC(614) Pause Final Mark (unload classes) 0,452ms
[2020-11-04T21:42:52.062+0300][85,992s][info][gc] GC(614) Concurrent weak roots 0,483ms
[2020-11-04T21:42:52.062+0300][85,992s][info][gc] GC(614) Concurrent cleanup 336M->336M(512M) 0,036ms
[2020-11-04T21:42:52.063+0300][85,993s][info][gc] GC(614) Concurrent class unloading 0,931ms
[2020-11-04T21:42:52.063+0300][85,993s][info][gc] GC(614) Concurrent strong roots 0,076ms
[2020-11-04T21:42:52.068+0300][85,998s][info][gc] GC(614) Concurrent evacuation 4,954ms
[2020-11-04T21:42:52.069+0300][85,999s][info][gc] GC(614) Pause Init Update Refs 0,013ms
[2020-11-04T21:42:52.093+0300][86,023s][info][gc] GC(614) Concurrent update references 24,340ms
[2020-11-04T21:42:52.094+0300][86,023s][info][gc] GC(614) Pause Final Update Refs 0,199ms
[2020-11-04T21:42:52.094+0300][86,024s][info][gc] GC(614) Concurrent cleanup 403M->204M(512M) 0,112ms
[2020-11-04T21:42:52.136+0300][86,066s][info][gc] Trigger: Average GC time (94,43 ms) is above the time for allocation rate (1528 MB/s) to deplete free headroom (143M)
[2020-11-04T21:42:52.137+0300][86,067s][info][gc] GC(615) Concurrent reset 0,525ms
[2020-11-04T21:42:52.137+0300][86,067s][info][gc] GC(615) Pause Init Mark (process weakrefs) (unload classes) 0,092ms
[2020-11-04T21:42:52.187+0300][86,117s][info][gc] GC(615) Concurrent marking (process weakrefs) (unload classes) 49,811ms
[2020-11-04T21:42:52.187+0300][86,117s][info][gc] GC(615) Concurrent precleaning 0,225ms
[2020-11-04T21:42:52.188+0300][86,118s][info][gc] GC(615) Pause Final Mark (process weakrefs) (unload classes) 0,454ms
[2020-11-04T21:42:52.189+0300][86,118s][info][gc] GC(615) Concurrent weak roots 0,371ms
[2020-11-04T21:42:52.189+0300][86,118s][info][gc] GC(615) Concurrent cleanup 339M->339M(512M) 0,036ms
[2020-11-04T21:42:52.189+0300][86,119s][info][gc] GC(615) Concurrent class unloading 0,818ms
[2020-11-04T21:42:52.190+0300][86,119s][info][gc] GC(615) Concurrent strong roots 0,129ms
[2020-11-04T21:42:52.194+0300][86,124s][info][gc] GC(615) Concurrent evacuation 4,749ms
[2020-11-04T21:42:52.195+0300][86,125s][info][gc] GC(615) Pause Init Update Refs 0,014ms
[2020-11-04T21:42:52.221+0300][86,151s][info][gc] GC(615) Concurrent update references 26,417ms
[2020-11-04T21:42:52.222+0300][86,152s][info][gc] GC(615) Pause Final Update Refs 0,148ms
[2020-11-04T21:42:52.222+0300][86,152s][info][gc] GC(615) Concurrent cleanup 408M->211M(512M) 0,085ms
[2020-11-04T21:42:52.265+0300][86,195s][info][gc] Trigger: Average GC time (87,35 ms) is above the time for allocation rate (1549 MB/s) to deplete free headroom (133M)
[2020-11-04T21:42:52.266+0300][86,196s][info][gc] GC(616) Concurrent reset 0,598ms
[2020-11-04T21:42:52.267+0300][86,196s][info][gc] GC(616) Pause Init Mark (unload classes) 0,117ms
[2020-11-04T21:42:52.321+0300][86,251s][info][gc] GC(616) Concurrent marking (unload classes) 54,732ms
[2020-11-04T21:42:52.322+0300][86,252s][info][gc] GC(616) Pause Final Mark (unload classes) 0,386ms
[2020-11-04T21:42:52.322+0300][86,252s][info][gc] GC(616) Concurrent weak roots 0,364ms
[2020-11-04T21:42:52.322+0300][86,252s][info][gc] GC(616) Concurrent cleanup 349M->349M(512M) 0,024ms
[2020-11-04T21:42:52.323+0300][86,253s][info][gc] GC(616) Concurrent class unloading 0,779ms
[2020-11-04T21:42:52.323+0300][86,253s][info][gc] GC(616) Concurrent strong roots 0,113ms
[2020-11-04T21:42:52.328+0300][86,258s][info][gc] GC(616) Concurrent evacuation 4,822ms
[2020-11-04T21:42:52.329+0300][86,258s][info][gc] GC(616) Pause Init Update Refs 0,025ms
[2020-11-04T21:42:52.355+0300][86,285s][info][gc] GC(616) Concurrent update references 26,701ms
[2020-11-04T21:42:52.356+0300][86,286s][info][gc] GC(616) Pause Final Update Refs 0,170ms
[2020-11-04T21:42:52.356+0300][86,286s][info][gc] GC(616) Concurrent cleanup 421M->220M(512M) 0,112ms
[2020-11-04T21:42:52.397+0300][86,327s][info][gc] Trigger: Average GC time (90,42 ms) is above the time for allocation rate (1490 MB/s) to deplete free headroom (131M)
[2020-11-04T21:42:52.398+0300][86,328s][info][gc] GC(617) Concurrent reset 0,586ms
[2020-11-04T21:42:52.398+0300][86,328s][info][gc] GC(617) Pause Init Mark (unload classes) 0,159ms
[2020-11-04T21:42:52.456+0300][86,386s][info][gc] GC(617) Concurrent marking (unload classes) 57,953ms
[2020-11-04T21:42:52.457+0300][86,387s][info][gc] GC(617) Pause Final Mark (unload classes) 0,381ms
[2020-11-04T21:42:52.458+0300][86,387s][info][gc] GC(617) Concurrent weak roots 0,419ms
[2020-11-04T21:42:52.458+0300][86,387s][info][gc] GC(617) Concurrent cleanup 350M->350M(512M) 0,034ms
[2020-11-04T21:42:52.458+0300][86,388s][info][gc] GC(617) Concurrent class unloading 0,781ms
[2020-11-04T21:42:52.459+0300][86,388s][info][gc] GC(617) Concurrent strong roots 0,066ms
[2020-11-04T21:42:52.464+0300][86,394s][info][gc] GC(617) Concurrent evacuation 5,283ms
[2020-11-04T21:42:52.464+0300][86,394s][info][gc] GC(617) Pause Init Update Refs 0,015ms
[2020-11-04T21:42:52.494+0300][86,423s][info][gc] GC(617) Concurrent update references 29,316ms
[2020-11-04T21:42:52.494+0300][86,424s][info][gc] GC(617) Pause Final Update Refs 0,169ms
[2020-11-04T21:42:52.494+0300][86,424s][info][gc] GC(617) Concurrent cleanup 419M->222M(512M) 0,116ms
[2020-11-04T21:42:52.537+0300][86,467s][info][gc] Trigger: Average GC time (91,27 ms) is above the time for allocation rate (1410 MB/s) to deplete free headroom (126M)
[2020-11-04T21:42:52.537+0300][86,467s][info][gc] GC(618) Concurrent reset 0,649ms
[2020-11-04T21:42:52.538+0300][86,468s][info][gc] GC(618) Pause Init Mark (unload classes) 0,126ms
[2020-11-04T21:42:52.600+0300][86,530s][info][gc] GC(618) Concurrent marking (unload classes) 62,482ms
[2020-11-04T21:42:52.601+0300][86,531s][info][gc] GC(618) Pause Final Mark (unload classes) 0,563ms
[2020-11-04T21:42:52.602+0300][86,532s][info][gc] GC(618) Concurrent weak roots 0,421ms
[2020-11-04T21:42:52.602+0300][86,532s][info][gc] GC(618) Concurrent cleanup 355M->355M(512M) 0,032ms
[2020-11-04T21:42:52.603+0300][86,533s][info][gc] GC(618) Concurrent class unloading 1,060ms
[2020-11-04T21:42:52.603+0300][86,533s][info][gc] GC(618) Concurrent strong roots 0,117ms
[2020-11-04T21:42:52.608+0300][86,538s][info][gc] GC(618) Concurrent evacuation 4,773ms
[2020-11-04T21:42:52.608+0300][86,538s][info][gc] GC(618) Pause Init Update Refs 0,014ms
[2020-11-04T21:42:52.646+0300][86,576s][info][gc] GC(618) Concurrent update references 37,664ms
[2020-11-04T21:42:52.646+0300][86,576s][info][gc] GC(618) Pause Final Update Refs 0,143ms
[2020-11-04T21:42:52.647+0300][86,576s][info][gc] GC(618) Concurrent cleanup 449M->251M(512M) 0,108ms
[2020-11-04T21:42:52.678+0300][86,608s][info][gc] Trigger: Average GC time (93,77 ms) is above the time for allocation rate (1361 MB/s) to deplete free headroom (124M)
[2020-11-04T21:42:52.679+0300][86,609s][info][gc] GC(619) Concurrent reset 0,550ms
[2020-11-04T21:42:52.680+0300][86,609s][info][gc] GC(619) Pause Init Mark (unload classes) 0,118ms
[2020-11-04T21:42:52.736+0300][86,666s][info][gc] GC(619) Concurrent marking (unload classes) 56,438ms
[2020-11-04T21:42:52.737+0300][86,667s][info][gc] GC(619) Pause Final Mark (unload classes) 0,496ms
[2020-11-04T21:42:52.737+0300][86,667s][info][gc] GC(619) Concurrent weak roots 0,355ms
[2020-11-04T21:42:52.737+0300][86,667s][info][gc] GC(619) Concurrent cleanup 356M->357M(512M) 0,035ms
[2020-11-04T21:42:52.738+0300][86,668s][info][gc] GC(619) Concurrent class unloading 0,817ms
[2020-11-04T21:42:52.738+0300][86,668s][info][gc] GC(619) Concurrent strong roots 0,139ms
[2020-11-04T21:42:52.743+0300][86,673s][info][gc] GC(619) Concurrent evacuation 4,764ms
[2020-11-04T21:42:52.743+0300][86,673s][info][gc] GC(619) Pause Init Update Refs 0,026ms
[2020-11-04T21:42:52.774+0300][86,703s][info][gc] GC(619) Concurrent update references 30,177ms
[2020-11-04T21:42:52.774+0300][86,704s][info][gc] GC(619) Pause Final Update Refs 0,164ms
[2020-11-04T21:42:52.774+0300][86,704s][info][gc] GC(619) Concurrent cleanup 435M->242M(512M) 0,117ms
[2020-11-04T21:42:52.807+0300][86,737s][info][gc] Trigger: Average GC time (95,78 ms) is above the time for allocation rate (1402 MB/s) to deplete free headroom (130M)
[2020-11-04T21:42:52.808+0300][86,738s][info][gc] GC(620) Concurrent reset 0,620ms
[2020-11-04T21:42:52.808+0300][86,738s][info][gc] GC(620) Pause Init Mark (process weakrefs) (unload classes) 0,142ms
[2020-11-04T21:42:52.866+0300][86,796s][info][gc] GC(620) Concurrent marking (process weakrefs) (unload classes) 57,802ms
[2020-11-04T21:42:52.866+0300][86,796s][info][gc] GC(620) Concurrent precleaning 0,158ms
[2020-11-04T21:42:52.867+0300][86,797s][info][gc] GC(620) Pause Final Mark (process weakrefs) (unload classes) 0,657ms
[2020-11-04T21:42:52.868+0300][86,798s][info][gc] GC(620) Concurrent weak roots 0,438ms
[2020-11-04T21:42:52.868+0300][86,798s][info][gc] GC(620) Concurrent cleanup 350M->350M(512M) 0,032ms
[2020-11-04T21:42:52.869+0300][86,799s][info][gc] GC(620) Concurrent class unloading 0,975ms
[2020-11-04T21:42:52.869+0300][86,799s][info][gc] GC(620) Concurrent strong roots 0,063ms
[2020-11-04T21:42:52.873+0300][86,803s][info][gc] GC(620) Concurrent evacuation 4,403ms
[2020-11-04T21:42:52.874+0300][86,804s][info][gc] GC(620) Pause Init Update Refs 0,026ms
[2020-11-04T21:42:52.905+0300][86,835s][info][gc] GC(620) Concurrent update references 31,309ms
[2020-11-04T21:42:52.906+0300][86,836s][info][gc] GC(620) Pause Final Update Refs 0,142ms
[2020-11-04T21:42:52.906+0300][86,836s][info][gc] GC(620) Concurrent cleanup 427M->246M(512M) 0,126ms
[2020-11-04T21:42:52.942+0300][86,872s][info][gc] Trigger: Average GC time (98,40 ms) is above the time for allocation rate (1329 MB/s) to deplete free headroom (127M)
[2020-11-04T21:42:52.943+0300][86,872s][info][gc] GC(621) Concurrent reset 0,536ms
[2020-11-04T21:42:52.943+0300][86,873s][info][gc] GC(621) Pause Init Mark (unload classes) 0,119ms
[2020-11-04T21:42:53.003+0300][86,933s][info][gc] GC(621) Concurrent marking (unload classes) 60,143ms
[2020-11-04T21:42:53.004+0300][86,934s][info][gc] GC(621) Pause Final Mark (unload classes) 0,487ms
[2020-11-04T21:42:53.005+0300][86,934s][info][gc] GC(621) Concurrent weak roots 0,364ms
[2020-11-04T21:42:53.005+0300][86,934s][info][gc] GC(621) Concurrent cleanup 353M->353M(512M) 0,041ms
[2020-11-04T21:42:53.005+0300][86,935s][info][gc] GC(621) Concurrent class unloading 0,767ms
[2020-11-04T21:42:53.006+0300][86,935s][info][gc] GC(621) Concurrent strong roots 0,104ms
[2020-11-04T21:42:53.010+0300][86,940s][info][gc] GC(621) Concurrent evacuation 4,308ms
[2020-11-04T21:42:53.010+0300][86,940s][info][gc] GC(621) Pause Init Update Refs 0,034ms
[2020-11-04T21:42:53.043+0300][86,972s][info][gc] GC(621) Concurrent update references 32,152ms
[2020-11-04T21:42:53.043+0300][86,973s][info][gc] GC(621) Pause Final Update Refs 0,446ms
[2020-11-04T21:42:53.044+0300][86,973s][info][gc] GC(621) Concurrent cleanup 435M->256M(512M) 0,140ms
[2020-11-04T21:42:53.071+0300][87,001s][info][gc] Trigger: Average GC time (100,56 ms) is above the time for allocation rate (1310 MB/s) to deplete free headroom (131M)
[2020-11-04T21:42:53.072+0300][87,002s][info][gc] GC(622) Concurrent reset 0,574ms
[2020-11-04T21:42:53.072+0300][87,002s][info][gc] GC(622) Pause Init Mark (unload classes) 0,217ms
[2020-11-04T21:42:53.129+0300][87,058s][info][gc] GC(622) Concurrent marking (unload classes) 56,430ms
[2020-11-04T21:42:53.130+0300][87,059s][info][gc] GC(622) Pause Final Mark (unload classes) 0,702ms
[2020-11-04T21:42:53.130+0300][87,060s][info][gc] GC(622) Concurrent weak roots 0,391ms
[2020-11-04T21:42:53.130+0300][87,060s][info][gc] GC(622) Concurrent cleanup 350M->351M(512M) 0,038ms
[2020-11-04T21:42:53.131+0300][87,061s][info][gc] GC(622) Concurrent class unloading 0,805ms
[2020-11-04T21:42:53.131+0300][87,061s][info][gc] GC(622) Concurrent strong roots 0,100ms
[2020-11-04T21:42:53.135+0300][87,065s][info][gc] GC(622) Concurrent evacuation 4,155ms
[2020-11-04T21:42:53.136+0300][87,065s][info][gc] GC(622) Pause Init Update Refs 0,034ms
[2020-11-04T21:42:53.169+0300][87,099s][info][gc] GC(622) Concurrent update references 33,065ms
[2020-11-04T21:42:53.169+0300][87,099s][info][gc] GC(622) Pause Final Update Refs 0,120ms
[2020-11-04T21:42:53.169+0300][87,099s][info][gc] GC(622) Concurrent cleanup 433M->263M(512M) 0,138ms
[2020-11-04T21:42:53.194+0300][87,124s][info][gc] Trigger: Average GC time (100,81 ms) is above the time for allocation rate (1330 MB/s) to deplete free headroom (133M)
[2020-11-04T21:42:53.194+0300][87,124s][info][gc] GC(623) Concurrent reset 0,564ms
[2020-11-04T21:42:53.195+0300][87,125s][info][gc] GC(623) Pause Init Mark (unload classes) 0,121ms
[2020-11-04T21:42:53.255+0300][87,184s][info][gc] GC(623) Concurrent marking (unload classes) 59,744ms
[2020-11-04T21:42:53.255+0300][87,185s][info][gc] GC(623) Pause Final Mark (unload classes) 0,412ms
[2020-11-04T21:42:53.256+0300][87,186s][info][gc] GC(623) Concurrent weak roots 0,417ms
[2020-11-04T21:42:53.256+0300][87,186s][info][gc] GC(623) Concurrent cleanup 348M->348M(512M) 0,042ms
[2020-11-04T21:42:53.257+0300][87,186s][info][gc] GC(623) Concurrent class unloading 0,734ms
[2020-11-04T21:42:53.257+0300][87,187s][info][gc] GC(623) Concurrent strong roots 0,057ms
[2020-11-04T21:42:53.261+0300][87,191s][info][gc] GC(623) Concurrent evacuation 4,021ms
[2020-11-04T21:42:53.261+0300][87,191s][info][gc] GC(623) Pause Init Update Refs 0,013ms
[2020-11-04T21:42:53.295+0300][87,225s][info][gc] GC(623) Concurrent update references 34,254ms
[2020-11-04T21:42:53.296+0300][87,226s][info][gc] GC(623) Pause Final Update Refs 0,167ms
[2020-11-04T21:42:53.296+0300][87,226s][info][gc] GC(623) Concurrent cleanup 432M->268M(512M) 0,089ms
[2020-11-04T21:42:53.320+0300][87,250s][info][gc] Trigger: Average GC time (99,32 ms) is above the time for allocation rate (1290 MB/s) to deplete free headroom (127M)
[2020-11-04T21:42:53.321+0300][87,251s][info][gc] GC(624) Concurrent reset 0,581ms
[2020-11-04T21:42:53.322+0300][87,251s][info][gc] GC(624) Pause Init Mark (unload classes) 0,204ms
[2020-11-04T21:42:53.396+0300][87,326s][info][gc] GC(624) Concurrent marking (unload classes) 74,656ms
[2020-11-04T21:42:53.397+0300][87,327s][info][gc] GC(624) Pause Final Mark (unload classes) 0,476ms
[2020-11-04T21:42:53.398+0300][87,327s][info][gc] GC(624) Concurrent weak roots 0,442ms
[2020-11-04T21:42:53.398+0300][87,327s][info][gc] GC(624) Concurrent cleanup 354M->354M(512M) 0,040ms
[2020-11-04T21:42:53.398+0300][87,328s][info][gc] GC(624) Concurrent class unloading 0,795ms
[2020-11-04T21:42:53.399+0300][87,328s][info][gc] GC(624) Concurrent strong roots 0,060ms
[2020-11-04T21:42:53.403+0300][87,332s][info][gc] GC(624) Concurrent evacuation 4,059ms
[2020-11-04T21:42:53.403+0300][87,333s][info][gc] GC(624) Pause Init Update Refs 0,013ms
[2020-11-04T21:42:53.439+0300][87,369s][info][gc] GC(624) Concurrent update references 35,656ms
[2020-11-04T21:42:53.439+0300][87,369s][info][gc] GC(624) Pause Final Update Refs 0,389ms
[2020-11-04T21:42:53.440+0300][87,369s][info][gc] GC(624) Concurrent cleanup 439M->275M(512M) 0,114ms
[2020-11-04T21:42:53.464+0300][87,394s][info][gc] Trigger: Average GC time (103,97 ms) is above the time for allocation rate (1158 MB/s) to deplete free headroom (120M)
[2020-11-04T21:42:53.465+0300][87,395s][info][gc] GC(625) Concurrent reset 0,711ms
[2020-11-04T21:42:53.465+0300][87,395s][info][gc] GC(625) Pause Init Mark (process weakrefs) (unload classes) 0,131ms
[2020-11-04T21:42:53.540+0300][87,470s][info][gc] GC(625) Concurrent marking (process weakrefs) (unload classes) 74,741ms
[2020-11-04T21:42:53.540+0300][87,470s][info][gc] GC(625) Concurrent precleaning 0,227ms
[2020-11-04T21:42:53.541+0300][87,471s][info][gc] GC(625) Pause Final Mark (process weakrefs) (unload classes) 0,477ms
[2020-11-04T21:42:53.541+0300][87,471s][info][gc] GC(625) Concurrent weak roots 0,375ms
[2020-11-04T21:42:53.541+0300][87,471s][info][gc] GC(625) Concurrent cleanup 360M->360M(512M) 0,032ms
[2020-11-04T21:42:53.543+0300][87,472s][info][gc] GC(625) Concurrent class unloading 1,060ms
[2020-11-04T21:42:53.543+0300][87,473s][info][gc] GC(625) Concurrent strong roots 0,115ms
[2020-11-04T21:42:53.547+0300][87,477s][info][gc] GC(625) Concurrent evacuation 4,435ms
[2020-11-04T21:42:53.547+0300][87,477s][info][gc] GC(625) Pause Init Update Refs 0,014ms
[2020-11-04T21:42:53.588+0300][87,518s][info][gc] GC(625) Concurrent update references 40,450ms
[2020-11-04T21:42:53.589+0300][87,518s][info][gc] GC(625) Pause Final Update Refs 0,234ms
[2020-11-04T21:42:53.589+0300][87,519s][info][gc] GC(625) Concurrent cleanup 428M->261M(512M) 0,100ms
[2020-11-04T21:42:53.621+0300][87,550s][info][gc] Trigger: Average GC time (109,17 ms) is above the time for allocation rate (1069 MB/s) to deplete free headroom (114M)
[2020-11-04T21:42:53.621+0300][87,551s][info][gc] GC(626) Concurrent reset 0,595ms
[2020-11-04T21:42:53.622+0300][87,551s][info][gc] GC(626) Pause Init Mark (unload classes) 0,120ms
[2020-11-04T21:42:53.689+0300][87,619s][info][gc] GC(626) Concurrent marking (unload classes) 67,523ms
[2020-11-04T21:42:53.690+0300][87,620s][info][gc] GC(626) Pause Final Mark (unload classes) 0,421ms
[2020-11-04T21:42:53.690+0300][87,620s][info][gc] GC(626) Concurrent weak roots 0,388ms
[2020-11-04T21:42:53.690+0300][87,620s][info][gc] GC(626) Concurrent cleanup 364M->364M(512M) 0,034ms
[2020-11-04T21:42:53.691+0300][87,621s][info][gc] GC(626) Concurrent class unloading 0,965ms
[2020-11-04T21:42:53.692+0300][87,621s][info][gc] GC(626) Concurrent strong roots 0,127ms
[2020-11-04T21:42:53.696+0300][87,625s][info][gc] GC(626) Concurrent evacuation 4,027ms
[2020-11-04T21:42:53.696+0300][87,626s][info][gc] GC(626) Pause Init Update Refs 0,016ms
[2020-11-04T21:42:53.737+0300][87,666s][info][gc] GC(626) Concurrent update references 40,589ms
[2020-11-04T21:42:53.737+0300][87,667s][info][gc] GC(626) Pause Final Update Refs 0,127ms
[2020-11-04T21:42:53.737+0300][87,667s][info][gc] GC(626) Concurrent cleanup 442M->275M(512M) 0,086ms
[2020-11-04T21:42:53.762+0300][87,691s][info][gc] Trigger: Average GC time (112,19 ms) is above the time for allocation rate (1107 MB/s) to deplete free headroom (120M)
[2020-11-04T21:42:53.762+0300][87,692s][info][gc] GC(627) Concurrent reset 0,611ms
[2020-11-04T21:42:53.763+0300][87,692s][info][gc] GC(627) Pause Init Mark (unload classes) 0,259ms
[2020-11-04T21:42:53.831+0300][87,761s][info][gc] GC(627) Concurrent marking (unload classes) 68,440ms
[2020-11-04T21:42:53.832+0300][87,762s][info][gc] GC(627) Pause Final Mark (unload classes) 0,672ms
[2020-11-04T21:42:53.833+0300][87,762s][info][gc] GC(627) Concurrent weak roots 0,449ms
[2020-11-04T21:42:53.833+0300][87,762s][info][gc] GC(627) Concurrent cleanup 359M->359M(512M) 0,032ms
[2020-11-04T21:42:53.834+0300][87,764s][info][gc] GC(627) Concurrent class unloading 1,071ms
[2020-11-04T21:42:53.834+0300][87,764s][info][gc] GC(627) Concurrent strong roots 0,142ms
[2020-11-04T21:42:53.838+0300][87,768s][info][gc] GC(627) Concurrent evacuation 3,836ms
[2020-11-04T21:42:53.838+0300][87,768s][info][gc] GC(627) Pause Init Update Refs 0,012ms
[2020-11-04T21:42:53.876+0300][87,806s][info][gc] GC(627) Concurrent update references 37,707ms
[2020-11-04T21:42:53.876+0300][87,806s][info][gc] GC(627) Pause Final Update Refs 0,135ms
[2020-11-04T21:42:53.876+0300][87,806s][info][gc] GC(627) Concurrent cleanup 451M->294M(512M) 0,090ms
[2020-11-04T21:42:53.891+0300][87,821s][info][gc] Trigger: Average GC time (115,52 ms) is above the time for allocation rate (1122 MB/s) to deplete free headroom (126M)
[2020-11-04T21:42:53.892+0300][87,822s][info][gc] GC(628) Concurrent reset 0,683ms
[2020-11-04T21:42:53.892+0300][87,822s][info][gc] GC(628) Pause Init Mark (unload classes) 0,126ms
[2020-11-04T21:42:53.965+0300][87,895s][info][gc] GC(628) Concurrent marking (unload classes) 72,477ms
[2020-11-04T21:42:53.966+0300][87,896s][info][gc] GC(628) Pause Final Mark (unload classes) 0,366ms
[2020-11-04T21:42:53.966+0300][87,896s][info][gc] GC(628) Concurrent weak roots 0,403ms
[2020-11-04T21:42:53.966+0300][87,896s][info][gc] GC(628) Concurrent cleanup 354M->354M(512M) 0,055ms
[2020-11-04T21:42:53.967+0300][87,897s][info][gc] GC(628) Concurrent class unloading 1,073ms
[2020-11-04T21:42:53.967+0300][87,897s][info][gc] GC(628) Concurrent strong roots 0,077ms
[2020-11-04T21:42:53.972+0300][87,902s][info][gc] GC(628) Concurrent evacuation 4,849ms
[2020-11-04T21:42:53.973+0300][87,903s][info][gc] GC(628) Pause Init Update Refs 0,021ms
[2020-11-04T21:42:54.011+0300][87,941s][info][gc] GC(628) Concurrent update references 38,513ms
[2020-11-04T21:42:54.012+0300][87,942s][info][gc] GC(628) Pause Final Update Refs 0,140ms
[2020-11-04T21:42:54.012+0300][87,942s][info][gc] GC(628) Concurrent cleanup 442M->296M(512M) 0,113ms
[2020-11-04T21:42:54.027+0300][87,957s][info][gc] Trigger: Average GC time (119,16 ms) is above the time for allocation rate (1057 MB/s) to deplete free headroom (124M)
[2020-11-04T21:42:54.027+0300][87,957s][info][gc] GC(629) Concurrent reset 0,552ms
[2020-11-04T21:42:54.028+0300][87,958s][info][gc] GC(629) Pause Init Mark (unload classes) 0,123ms
[2020-11-04T21:42:54.100+0300][88,029s][info][gc] GC(629) Concurrent marking (unload classes) 71,702ms
[2020-11-04T21:42:54.100+0300][88,030s][info][gc] GC(629) Pause Final Mark (unload classes) 0,449ms
[2020-11-04T21:42:54.101+0300][88,031s][info][gc] GC(629) Concurrent weak roots 0,343ms
[2020-11-04T21:42:54.101+0300][88,031s][info][gc] GC(629) Concurrent cleanup 355M->355M(512M) 0,037ms
[2020-11-04T21:42:54.102+0300][88,032s][info][gc] GC(629) Concurrent class unloading 1,106ms
[2020-11-04T21:42:54.102+0300][88,032s][info][gc] GC(629) Concurrent strong roots 0,145ms
[2020-11-04T21:42:54.106+0300][88,036s][info][gc] GC(629) Concurrent evacuation 3,807ms
[2020-11-04T21:42:54.106+0300][88,036s][info][gc] GC(629) Pause Init Update Refs 0,025ms
[2020-11-04T21:42:54.156+0300][88,086s][info][gc] GC(629) Concurrent update references 49,249ms
[2020-11-04T21:42:54.156+0300][88,086s][info][gc] GC(629) Pause Final Update Refs 0,140ms
[2020-11-04T21:42:54.156+0300][88,086s][info][gc] GC(629) Concurrent cleanup 467M->324M(512M) 0,123ms
[2020-11-04T21:42:54.161+0300][88,091s][info][gc] Trigger: Average GC time (121,23 ms) is above the time for allocation rate (1035 MB/s) to deplete free headroom (124M)
[2020-11-04T21:42:54.161+0300][88,091s][info][gc] GC(630) Concurrent reset 0,484ms
[2020-11-04T21:42:54.162+0300][88,091s][info][gc] GC(630) Pause Init Mark (process weakrefs) (unload classes) 0,127ms
[2020-11-04T21:42:54.237+0300][88,167s][info][gc] GC(630) Concurrent marking (process weakrefs) (unload classes) 75,619ms
[2020-11-04T21:42:54.238+0300][88,167s][info][gc] GC(630) Concurrent precleaning 0,157ms
[2020-11-04T21:42:54.238+0300][88,168s][info][gc] GC(630) Pause Final Mark (process weakrefs) (unload classes) 0,409ms
[2020-11-04T21:42:54.239+0300][88,169s][info][gc] GC(630) Concurrent weak roots 0,309ms
[2020-11-04T21:42:54.239+0300][88,169s][info][gc] GC(630) Concurrent cleanup 355M->355M(512M) 0,036ms
[2020-11-04T21:42:54.240+0300][88,170s][info][gc] GC(630) Concurrent class unloading 0,948ms
[2020-11-04T21:42:54.240+0300][88,170s][info][gc] GC(630) Concurrent strong roots 0,079ms
[2020-11-04T21:42:54.243+0300][88,173s][info][gc] GC(630) Concurrent evacuation 3,431ms
[2020-11-04T21:42:54.244+0300][88,173s][info][gc] GC(630) Pause Init Update Refs 0,024ms
[2020-11-04T21:42:54.284+0300][88,214s][info][gc] GC(630) Concurrent update references 39,924ms
[2020-11-04T21:42:54.284+0300][88,214s][info][gc] GC(630) Pause Final Update Refs 0,132ms
[2020-11-04T21:42:54.284+0300][88,214s][info][gc] GC(630) Concurrent cleanup 433M->294M(512M) 0,135ms
[2020-11-04T21:42:54.302+0300][88,232s][info][gc] Trigger: Average GC time (121,03 ms) is above the time for allocation rate (992 MB/s) to deplete free headroom (118M)
[2020-11-04T21:42:54.303+0300][88,233s][info][gc] GC(631) Concurrent reset 0,641ms
[2020-11-04T21:42:54.304+0300][88,233s][info][gc] GC(631) Pause Init Mark (unload classes) 0,118ms
[2020-11-04T21:42:54.365+0300][88,295s][info][gc] GC(631) Concurrent marking (unload classes) 61,562ms
[2020-11-04T21:42:54.366+0300][88,296s][info][gc] GC(631) Pause Final Mark (unload classes) 0,660ms
[2020-11-04T21:42:54.367+0300][88,297s][info][gc] GC(631) Concurrent weak roots 0,486ms
[2020-11-04T21:42:54.367+0300][88,297s][info][gc] GC(631) Concurrent cleanup 360M->356M(512M) 0,038ms
[2020-11-04T21:42:54.368+0300][88,297s][info][gc] GC(631) Concurrent class unloading 0,892ms
[2020-11-04T21:42:54.368+0300][88,298s][info][gc] GC(631) Concurrent strong roots 0,078ms
[2020-11-04T21:42:54.373+0300][88,303s][info][gc] GC(631) Concurrent evacuation 5,321ms
[2020-11-04T21:42:54.373+0300][88,303s][info][gc] GC(631) Pause Init Update Refs 0,022ms
[2020-11-04T21:42:54.394+0300][88,324s][info][gc] GC(631) Concurrent update references 20,439ms
[2020-11-04T21:42:54.394+0300][88,324s][info][gc] GC(631) Pause Final Update Refs 0,146ms
[2020-11-04T21:42:54.395+0300][88,325s][info][gc] GC(631) Concurrent cleanup 407M->170M(512M) 0,137ms
[2020-11-04T21:42:54.445+0300][88,374s][info][gc] Trigger: Average GC time (116,16 ms) is above the time for allocation rate (1387 MB/s) to deplete free headroom (158M)
[2020-11-04T21:42:54.445+0300][88,375s][info][gc] GC(632) Concurrent reset 0,601ms
[2020-11-04T21:42:54.445+0300][88,375s][info][gc] GC(632) Pause Init Mark (unload classes) 0,122ms
[2020-11-04T21:42:54.505+0300][88,435s][info][gc] GC(632) Concurrent marking (unload classes) 59,847ms
[2020-11-04T21:42:54.506+0300][88,436s][info][gc] GC(632) Pause Final Mark (unload classes) 0,423ms
[2020-11-04T21:42:54.507+0300][88,436s][info][gc] GC(632) Concurrent weak roots 0,463ms
[2020-11-04T21:42:54.507+0300][88,436s][info][gc] GC(632) Concurrent cleanup 325M->325M(512M) 0,040ms
[2020-11-04T21:42:54.508+0300][88,438s][info][gc] GC(632) Concurrent class unloading 1,032ms
[2020-11-04T21:42:54.508+0300][88,438s][info][gc] GC(632) Concurrent strong roots 0,064ms
[2020-11-04T21:42:54.513+0300][88,442s][info][gc] GC(632) Concurrent evacuation 4,671ms
[2020-11-04T21:42:54.513+0300][88,443s][info][gc] GC(632) Pause Init Update Refs 0,028ms
[2020-11-04T21:42:54.536+0300][88,466s][info][gc] GC(632) Concurrent update references 23,298ms
[2020-11-04T21:42:54.537+0300][88,467s][info][gc] GC(632) Pause Final Update Refs 0,205ms
[2020-11-04T21:42:54.537+0300][88,467s][info][gc] GC(632) Concurrent cleanup 386M->189M(512M) 0,113ms
[2020-11-04T21:42:54.580+0300][88,510s][info][gc] Trigger: Average GC time (111,68 ms) is above the time for allocation rate (1428 MB/s) to deplete free headroom (155M)
[2020-11-04T21:42:54.581+0300][88,511s][info][gc] GC(633) Concurrent reset 0,553ms
[2020-11-04T21:42:54.581+0300][88,511s][info][gc] GC(633) Pause Init Mark (unload classes) 0,140ms
[2020-11-04T21:42:54.641+0300][88,571s][info][gc] GC(633) Concurrent marking (unload classes) 59,233ms
[2020-11-04T21:42:54.641+0300][88,571s][info][gc] GC(633) Pause Final Mark (unload classes) 0,419ms
[2020-11-04T21:42:54.642+0300][88,572s][info][gc] GC(633) Concurrent weak roots 0,409ms
[2020-11-04T21:42:54.642+0300][88,572s][info][gc] GC(633) Concurrent cleanup 328M->328M(512M) 0,033ms
[2020-11-04T21:42:54.643+0300][88,573s][info][gc] GC(633) Concurrent class unloading 0,881ms
[2020-11-04T21:42:54.643+0300][88,573s][info][gc] GC(633) Concurrent strong roots 0,142ms
[2020-11-04T21:42:54.648+0300][88,578s][info][gc] GC(633) Concurrent evacuation 4,621ms
[2020-11-04T21:42:54.648+0300][88,578s][info][gc] GC(633) Pause Init Update Refs 0,014ms
[2020-11-04T21:42:54.675+0300][88,605s][info][gc] GC(633) Concurrent update references 27,242ms
[2020-11-04T21:42:54.676+0300][88,606s][info][gc] GC(633) Pause Final Update Refs 0,131ms
[2020-11-04T21:42:54.676+0300][88,606s][info][gc] GC(633) Concurrent cleanup 375M->181M(512M) 0,075ms
[2020-11-04T21:42:54.727+0300][88,657s][info][gc] Trigger: Average GC time (106,66 ms) is above the time for allocation rate (1366 MB/s) to deplete free headroom (143M)
[2020-11-04T21:42:54.727+0300][88,657s][info][gc] GC(634) Concurrent reset 0,515ms
[2020-11-04T21:42:54.728+0300][88,658s][info][gc] GC(634) Pause Init Mark (unload classes) 0,104ms
[2020-11-04T21:42:54.779+0300][88,709s][info][gc] GC(634) Concurrent marking (unload classes) 51,181ms
[2020-11-04T21:42:54.780+0300][88,710s][info][gc] GC(634) Pause Final Mark (unload classes) 0,411ms
[2020-11-04T21:42:54.780+0300][88,710s][info][gc] GC(634) Concurrent weak roots 0,543ms
[2020-11-04T21:42:54.780+0300][88,710s][info][gc] GC(634) Concurrent cleanup 338M->338M(512M) 0,037ms
[2020-11-04T21:42:54.781+0300][88,711s][info][gc] GC(634) Concurrent class unloading 0,914ms
[2020-11-04T21:42:54.782+0300][88,711s][info][gc] GC(634) Concurrent strong roots 0,141ms
[2020-11-04T21:42:54.788+0300][88,718s][info][gc] GC(634) Concurrent evacuation 6,370ms
[2020-11-04T21:42:54.788+0300][88,718s][info][gc] GC(634) Pause Init Update Refs 0,021ms
[2020-11-04T21:42:54.815+0300][88,744s][info][gc] GC(634) Concurrent update references 26,244ms
[2020-11-04T21:42:54.815+0300][88,745s][info][gc] GC(634) Pause Final Update Refs 0,148ms
[2020-11-04T21:42:54.815+0300][88,745s][info][gc] GC(634) Concurrent cleanup 403M->203M(512M) 0,141ms
[2020-11-04T21:42:54.858+0300][88,788s][info][gc] Trigger: Average GC time (98,45 ms) is above the time for allocation rate (1479 MB/s) to deplete free headroom (144M)
[2020-11-04T21:42:54.858+0300][88,788s][info][gc] GC(635) Concurrent reset 0,524ms
[2020-11-04T21:42:54.859+0300][88,789s][info][gc] GC(635) Pause Init Mark (process weakrefs) (unload classes) 0,194ms
[2020-11-04T21:42:54.915+0300][88,845s][info][gc] GC(635) Concurrent marking (process weakrefs) (unload classes) 56,205ms
[2020-11-04T21:42:54.915+0300][88,845s][info][gc] GC(635) Concurrent precleaning 0,190ms
[2020-11-04T21:42:54.916+0300][88,846s][info][gc] GC(635) Pause Final Mark (process weakrefs) (unload classes) 0,556ms
[2020-11-04T21:42:54.917+0300][88,846s][info][gc] GC(635) Concurrent weak roots 0,469ms
[2020-11-04T21:42:54.917+0300][88,847s][info][gc] GC(635) Concurrent cleanup 338M->338M(512M) 0,038ms
[2020-11-04T21:42:54.918+0300][88,848s][info][gc] GC(635) Concurrent class unloading 1,191ms
[2020-11-04T21:42:54.918+0300][88,848s][info][gc] GC(635) Concurrent strong roots 0,105ms
[2020-11-04T21:42:54.923+0300][88,853s][info][gc] GC(635) Concurrent evacuation 4,799ms
[2020-11-04T21:42:54.923+0300][88,853s][info][gc] GC(635) Pause Init Update Refs 0,013ms
[2020-11-04T21:42:54.954+0300][88,884s][info][gc] GC(635) Concurrent update references 30,615ms
[2020-11-04T21:42:54.955+0300][88,884s][info][gc] GC(635) Pause Final Update Refs 0,219ms
[2020-11-04T21:42:54.955+0300][88,885s][info][gc] GC(635) Concurrent cleanup 391M->198M(512M) 0,118ms
[2020-11-04T21:42:55.006+0300][88,935s][info][gc] Trigger: Average GC time (93,12 ms) is above the time for allocation rate (1390 MB/s) to deplete free headroom (126M)
[2020-11-04T21:42:55.006+0300][88,936s][info][gc] GC(636) Concurrent reset 0,526ms
[2020-11-04T21:42:55.007+0300][88,936s][info][gc] GC(636) Pause Init Mark (unload classes) 0,132ms
[2020-11-04T21:42:55.064+0300][88,994s][info][gc] GC(636) Concurrent marking (unload classes) 57,706ms
[2020-11-04T21:42:55.065+0300][88,995s][info][gc] GC(636) Pause Final Mark (unload classes) 0,363ms
[2020-11-04T21:42:55.066+0300][88,995s][info][gc] GC(636) Concurrent weak roots 0,405ms
[2020-11-04T21:42:55.066+0300][88,995s][info][gc] GC(636) Concurrent cleanup 355M->355M(512M) 0,037ms
[2020-11-04T21:42:55.067+0300][88,996s][info][gc] GC(636) Concurrent class unloading 0,976ms
[2020-11-04T21:42:55.067+0300][88,997s][info][gc] GC(636) Concurrent strong roots 0,073ms
[2020-11-04T21:42:55.072+0300][89,002s][info][gc] GC(636) Concurrent evacuation 4,954ms
[2020-11-04T21:42:55.072+0300][89,002s][info][gc] GC(636) Pause Init Update Refs 0,017ms
[2020-11-04T21:42:55.105+0300][89,035s][info][gc] GC(636) Concurrent update references 33,008ms
[2020-11-04T21:42:55.106+0300][89,036s][info][gc] GC(636) Pause Final Update Refs 0,177ms
[2020-11-04T21:42:55.106+0300][89,036s][info][gc] GC(636) Concurrent cleanup 408M->202M(512M) 0,108ms
[2020-11-04T21:42:55.156+0300][89,086s][info][gc] Trigger: Average GC time (94,71 ms) is above the time for allocation rate (1342 MB/s) to deplete free headroom (124M)
[2020-11-04T21:42:55.156+0300][89,086s][info][gc] GC(637) Concurrent reset 0,624ms
[2020-11-04T21:42:55.157+0300][89,087s][info][gc] GC(637) Pause Init Mark (unload classes) 0,088ms
[2020-11-04T21:42:55.213+0300][89,143s][info][gc] GC(637) Concurrent marking (unload classes) 56,108ms
[2020-11-04T21:42:55.214+0300][89,143s][info][gc] GC(637) Pause Final Mark (unload classes) 0,397ms
[2020-11-04T21:42:55.214+0300][89,144s][info][gc] GC(637) Concurrent weak roots 0,345ms
[2020-11-04T21:42:55.214+0300][89,144s][info][gc] GC(637) Concurrent cleanup 356M->356M(512M) 0,034ms
[2020-11-04T21:42:55.215+0300][89,145s][info][gc] GC(637) Concurrent class unloading 0,937ms
[2020-11-04T21:42:55.215+0300][89,145s][info][gc] GC(637) Concurrent strong roots 0,079ms
[2020-11-04T21:42:55.220+0300][89,150s][info][gc] GC(637) Concurrent evacuation 4,977ms
[2020-11-04T21:42:55.221+0300][89,150s][info][gc] GC(637) Pause Init Update Refs 0,018ms
[2020-11-04T21:42:55.253+0300][89,183s][info][gc] GC(637) Concurrent update references 32,428ms
[2020-11-04T21:42:55.254+0300][89,183s][info][gc] GC(637) Pause Final Update Refs 0,132ms
[2020-11-04T21:42:55.254+0300][89,183s][info][gc] GC(637) Concurrent cleanup 414M->212M(512M) 0,089ms
[2020-11-04T21:42:55.299+0300][89,229s][info][gc] Trigger: Average GC time (95,82 ms) is above the time for allocation rate (1341 MB/s) to deplete free headroom (127M)
[2020-11-04T21:42:55.300+0300][89,230s][info][gc] GC(638) Concurrent reset 0,615ms
[2020-11-04T21:42:55.300+0300][89,230s][info][gc] GC(638) Pause Init Mark (unload classes) 0,130ms
[2020-11-04T21:42:55.357+0300][89,287s][info][gc] GC(638) Concurrent marking (unload classes) 56,358ms
[2020-11-04T21:42:55.358+0300][89,287s][info][gc] GC(638) Pause Final Mark (unload classes) 0,454ms
[2020-11-04T21:42:55.358+0300][89,288s][info][gc] GC(638) Concurrent weak roots 0,490ms
[2020-11-04T21:42:55.358+0300][89,288s][info][gc] GC(638) Concurrent cleanup 353M->353M(512M) 0,046ms
[2020-11-04T21:42:55.359+0300][89,289s][info][gc] GC(638) Concurrent class unloading 0,999ms
[2020-11-04T21:42:55.359+0300][89,289s][info][gc] GC(638) Concurrent strong roots 0,152ms
[2020-11-04T21:42:55.366+0300][89,296s][info][gc] GC(638) Concurrent evacuation 6,272ms
[2020-11-04T21:42:55.366+0300][89,296s][info][gc] GC(638) Pause Init Update Refs 0,027ms
[2020-11-04T21:42:55.400+0300][89,329s][info][gc] GC(638) Concurrent update references 33,420ms
[2020-11-04T21:42:55.400+0300][89,330s][info][gc] GC(638) Pause Final Update Refs 0,120ms
[2020-11-04T21:42:55.400+0300][89,330s][info][gc] GC(638) Concurrent cleanup 418M->225M(512M) 0,128ms
[2020-11-04T21:42:55.445+0300][89,375s][info][gc] Trigger: Average GC time (96,89 ms) is above the time for allocation rate (1300 MB/s) to deplete free headroom (125M)
[2020-11-04T21:42:55.445+0300][89,375s][info][gc] GC(639) Concurrent reset 0,669ms
[2020-11-04T21:42:55.446+0300][89,376s][info][gc] GC(639) Pause Init Mark (unload classes) 0,150ms
[2020-11-04T21:42:55.510+0300][89,440s][info][gc] GC(639) Concurrent marking (unload classes) 63,619ms
[2020-11-04T21:42:55.510+0300][89,440s][info][gc] GC(639) Pause Final Mark (unload classes) 0,413ms
[2020-11-04T21:42:55.511+0300][89,441s][info][gc] GC(639) Concurrent weak roots 0,505ms
[2020-11-04T21:42:55.511+0300][89,441s][info][gc] GC(639) Concurrent cleanup 355M->355M(512M) 0,034ms
[2020-11-04T21:42:55.512+0300][89,442s][info][gc] GC(639) Concurrent class unloading 1,097ms
[2020-11-04T21:42:55.512+0300][89,442s][info][gc] GC(639) Concurrent strong roots 0,135ms
[2020-11-04T21:42:55.517+0300][89,447s][info][gc] GC(639) Concurrent evacuation 4,694ms
[2020-11-04T21:42:55.517+0300][89,447s][info][gc] GC(639) Pause Init Update Refs 0,017ms
[2020-11-04T21:42:55.548+0300][89,478s][info][gc] GC(639) Concurrent update references 30,686ms
[2020-11-04T21:42:55.549+0300][89,478s][info][gc] GC(639) Pause Final Update Refs 0,164ms
[2020-11-04T21:42:55.549+0300][89,479s][info][gc] GC(639) Concurrent cleanup 432M->242M(512M) 0,120ms
[2020-11-04T21:42:55.582+0300][89,512s][info][gc] Trigger: Average GC time (100,00 ms) is above the time for allocation rate (1308 MB/s) to deplete free headroom (130M)
[2020-11-04T21:42:55.582+0300][89,512s][info][gc] GC(640) Concurrent reset 0,605ms
[2020-11-04T21:42:55.583+0300][89,513s][info][gc] GC(640) Pause Init Mark (process weakrefs) (unload classes) 0,136ms
[2020-11-04T21:42:55.643+0300][89,573s][info][gc] GC(640) Concurrent marking (process weakrefs) (unload classes) 60,513ms
[2020-11-04T21:42:55.643+0300][89,573s][info][gc] GC(640) Concurrent precleaning 0,094ms
[2020-11-04T21:42:55.644+0300][89,574s][info][gc] GC(640) Pause Final Mark (process weakrefs) (unload classes) 0,477ms
[2020-11-04T21:42:55.645+0300][89,574s][info][gc] GC(640) Concurrent weak roots 0,414ms
[2020-11-04T21:42:55.645+0300][89,575s][info][gc] GC(640) Concurrent cleanup 351M->351M(512M) 0,037ms
[2020-11-04T21:42:55.646+0300][89,575s][info][gc] GC(640) Concurrent class unloading 0,853ms
[2020-11-04T21:42:55.646+0300][89,575s][info][gc] GC(640) Concurrent strong roots 0,057ms
[2020-11-04T21:42:55.651+0300][89,580s][info][gc] GC(640) Concurrent evacuation 4,819ms
[2020-11-04T21:42:55.651+0300][89,581s][info][gc] GC(640) Pause Init Update Refs 0,020ms
[2020-11-04T21:42:55.683+0300][89,613s][info][gc] GC(640) Concurrent update references 32,078ms
[2020-11-04T21:42:55.683+0300][89,613s][info][gc] GC(640) Pause Final Update Refs 0,155ms
[2020-11-04T21:42:55.684+0300][89,613s][info][gc] GC(640) Concurrent cleanup 429M->249M(512M) 0,119ms
[2020-11-04T21:42:55.713+0300][89,643s][info][gc] Trigger: Average GC time (100,99 ms) is above the time for allocation rate (1311 MB/s) to deplete free headroom (131M)
[2020-11-04T21:42:55.714+0300][89,644s][info][gc] GC(641) Concurrent reset 0,550ms
[2020-11-04T21:42:55.714+0300][89,644s][info][gc] GC(641) Pause Init Mark (unload classes) 0,132ms
[2020-11-04T21:42:55.771+0300][89,701s][info][gc] GC(641) Concurrent marking (unload classes) 56,779ms
[2020-11-04T21:42:55.772+0300][89,702s][info][gc] GC(641) Pause Final Mark (unload classes) 0,378ms
[2020-11-04T21:42:55.773+0300][89,702s][info][gc] GC(641) Concurrent weak roots 0,420ms
[2020-11-04T21:42:55.773+0300][89,702s][info][gc] GC(641) Concurrent cleanup 350M->350M(512M) 0,035ms
[2020-11-04T21:42:55.773+0300][89,703s][info][gc] GC(641) Concurrent class unloading 0,846ms
[2020-11-04T21:42:55.774+0300][89,703s][info][gc] GC(641) Concurrent strong roots 0,101ms
[2020-11-04T21:42:55.779+0300][89,709s][info][gc] GC(641) Concurrent evacuation 5,357ms
[2020-11-04T21:42:55.779+0300][89,709s][info][gc] GC(641) Pause Init Update Refs 0,014ms
[2020-11-04T21:42:55.813+0300][89,743s][info][gc] GC(641) Concurrent update references 33,917ms
[2020-11-04T21:42:55.814+0300][89,744s][info][gc] GC(641) Pause Final Update Refs 0,169ms
[2020-11-04T21:42:55.814+0300][89,744s][info][gc] GC(641) Concurrent cleanup 427M->255M(512M) 0,120ms
[2020-11-04T21:42:55.843+0300][89,772s][info][gc] Trigger: Average GC time (101,08 ms) is above the time for allocation rate (1306 MB/s) to deplete free headroom (129M)
[2020-11-04T21:42:55.843+0300][89,773s][info][gc] GC(642) Concurrent reset 0,584ms
[2020-11-04T21:42:55.844+0300][89,773s][info][gc] GC(642) Pause Init Mark (unload classes) 0,127ms
[2020-11-04T21:42:55.912+0300][89,841s][info][gc] GC(642) Concurrent marking (unload classes) 67,927ms
[2020-11-04T21:42:55.912+0300][89,842s][info][gc] GC(642) Pause Final Mark (unload classes) 0,445ms
[2020-11-04T21:42:55.913+0300][89,843s][info][gc] GC(642) Concurrent weak roots 0,386ms
[2020-11-04T21:42:55.913+0300][89,843s][info][gc] GC(642) Concurrent cleanup 352M->352M(512M) 0,038ms
[2020-11-04T21:42:55.914+0300][89,844s][info][gc] GC(642) Concurrent class unloading 0,756ms
[2020-11-04T21:42:55.914+0300][89,844s][info][gc] GC(642) Concurrent strong roots 0,095ms
[2020-11-04T21:42:55.918+0300][89,848s][info][gc] GC(642) Concurrent evacuation 4,155ms
[2020-11-04T21:42:55.918+0300][89,848s][info][gc] GC(642) Pause Init Update Refs 0,028ms
[2020-11-04T21:42:55.952+0300][89,882s][info][gc] GC(642) Concurrent update references 33,765ms
[2020-11-04T21:42:55.952+0300][89,882s][info][gc] GC(642) Pause Final Update Refs 0,139ms
[2020-11-04T21:42:55.953+0300][89,883s][info][gc] GC(642) Concurrent cleanup 435M->266M(512M) 0,130ms
[2020-11-04T21:42:55.978+0300][89,908s][info][gc] Trigger: Average GC time (103,51 ms) is above the time for allocation rate (1231 MB/s) to deplete free headroom (127M)
[2020-11-04T21:42:55.979+0300][89,909s][info][gc] GC(643) Concurrent reset 0,584ms
[2020-11-04T21:42:55.979+0300][89,909s][info][gc] GC(643) Pause Init Mark (unload classes) 0,098ms
[2020-11-04T21:42:56.039+0300][89,969s][info][gc] GC(643) Concurrent marking (unload classes) 59,408ms
[2020-11-04T21:42:56.039+0300][89,969s][info][gc] GC(643) Pause Final Mark (unload classes) 0,414ms
[2020-11-04T21:42:56.040+0300][89,970s][info][gc] GC(643) Concurrent weak roots 0,445ms
[2020-11-04T21:42:56.040+0300][89,970s][info][gc] GC(643) Concurrent cleanup 353M->353M(512M) 0,050ms
[2020-11-04T21:42:56.041+0300][89,971s][info][gc] GC(643) Concurrent class unloading 0,973ms
[2020-11-04T21:42:56.041+0300][89,971s][info][gc] GC(643) Concurrent strong roots 0,093ms
[2020-11-04T21:42:56.046+0300][89,976s][info][gc] GC(643) Concurrent evacuation 5,257ms
[2020-11-04T21:42:56.047+0300][89,977s][info][gc] GC(643) Pause Init Update Refs 0,014ms
[2020-11-04T21:42:56.082+0300][90,012s][info][gc] GC(643) Concurrent update references 35,050ms
[2020-11-04T21:42:56.082+0300][90,012s][info][gc] GC(643) Pause Final Update Refs 0,146ms
[2020-11-04T21:42:56.083+0300][90,012s][info][gc] GC(643) Concurrent cleanup 439M->273M(512M) 0,096ms
[2020-11-04T21:42:56.104+0300][90,034s][info][gc] Trigger: Average GC time (104,22 ms) is above the time for allocation rate (1258 MB/s) to deplete free headroom (131M)
[2020-11-04T21:42:56.104+0300][90,034s][info][gc] GC(644) Concurrent reset 0,619ms
[2020-11-04T21:42:56.105+0300][90,035s][info][gc] GC(644) Pause Init Mark (unload classes) 0,290ms
[2020-11-04T21:42:56.166+0300][90,096s][info][gc] GC(644) Concurrent marking (unload classes) 61,153ms
[2020-11-04T21:42:56.167+0300][90,097s][info][gc] GC(644) Pause Final Mark (unload classes) 0,310ms
[2020-11-04T21:42:56.167+0300][90,097s][info][gc] GC(644) Concurrent weak roots 0,443ms
[2020-11-04T21:42:56.167+0300][90,097s][info][gc] GC(644) Concurrent cleanup 350M->350M(512M) 0,035ms
[2020-11-04T21:42:56.168+0300][90,098s][info][gc] GC(644) Concurrent class unloading 0,812ms
[2020-11-04T21:42:56.168+0300][90,098s][info][gc] GC(644) Concurrent strong roots 0,070ms
[2020-11-04T21:42:56.173+0300][90,103s][info][gc] GC(644) Concurrent evacuation 5,039ms
[2020-11-04T21:42:56.174+0300][90,104s][info][gc] GC(644) Pause Init Update Refs 0,027ms
[2020-11-04T21:42:56.210+0300][90,139s][info][gc] GC(644) Concurrent update references 35,642ms
[2020-11-04T21:42:56.210+0300][90,140s][info][gc] GC(644) Pause Final Update Refs 0,347ms
[2020-11-04T21:42:56.210+0300][90,140s][info][gc] GC(644) Concurrent cleanup 430M->272M(512M) 0,095ms
[2020-11-04T21:42:56.234+0300][90,164s][info][gc] Trigger: Average GC time (104,74 ms) is above the time for allocation rate (1216 MB/s) to deplete free headroom (126M)
[2020-11-04T21:42:56.234+0300][90,164s][info][gc] GC(645) Concurrent reset 0,481ms
[2020-11-04T21:42:56.235+0300][90,165s][info][gc] GC(645) Pause Init Mark (process weakrefs) (unload classes) 0,106ms
[2020-11-04T21:42:56.301+0300][90,231s][info][gc] GC(645) Concurrent marking (process weakrefs) (unload classes) 66,652ms
[2020-11-04T21:42:56.302+0300][90,231s][info][gc] GC(645) Concurrent precleaning 0,100ms
[2020-11-04T21:42:56.303+0300][90,232s][info][gc] GC(645) Pause Final Mark (process weakrefs) (unload classes) 0,668ms
[2020-11-04T21:42:56.303+0300][90,233s][info][gc] GC(645) Concurrent weak roots 0,415ms
[2020-11-04T21:42:56.303+0300][90,233s][info][gc] GC(645) Concurrent cleanup 354M->354M(512M) 0,034ms
[2020-11-04T21:42:56.304+0300][90,234s][info][gc] GC(645) Concurrent class unloading 0,817ms
[2020-11-04T21:42:56.304+0300][90,234s][info][gc] GC(645) Concurrent strong roots 0,056ms
[2020-11-04T21:42:56.308+0300][90,238s][info][gc] GC(645) Concurrent evacuation 3,836ms
[2020-11-04T21:42:56.308+0300][90,238s][info][gc] GC(645) Pause Init Update Refs 0,012ms
[2020-11-04T21:42:56.345+0300][90,274s][info][gc] GC(645) Concurrent update references 36,279ms
[2020-11-04T21:42:56.345+0300][90,275s][info][gc] GC(645) Pause Final Update Refs 0,219ms
[2020-11-04T21:42:56.345+0300][90,275s][info][gc] GC(645) Concurrent cleanup 441M->284M(512M) 0,094ms
[2020-11-04T21:42:56.365+0300][90,295s][info][gc] Trigger: Average GC time (106,63 ms) is above the time for allocation rate (1190 MB/s) to deplete free headroom (123M)
[2020-11-04T21:42:56.366+0300][90,296s][info][gc] GC(646) Concurrent reset 0,513ms
[2020-11-04T21:42:56.366+0300][90,296s][info][gc] GC(646) Pause Init Mark (unload classes) 0,182ms
[2020-11-04T21:42:56.436+0300][90,366s][info][gc] GC(646) Concurrent marking (unload classes) 69,603ms
[2020-11-04T21:42:56.437+0300][90,367s][info][gc] GC(646) Pause Final Mark (unload classes) 0,641ms
[2020-11-04T21:42:56.437+0300][90,367s][info][gc] GC(646) Concurrent weak roots 0,381ms
[2020-11-04T21:42:56.437+0300][90,367s][info][gc] GC(646) Concurrent cleanup 357M->357M(512M) 0,032ms
[2020-11-04T21:42:56.438+0300][90,368s][info][gc] GC(646) Concurrent class unloading 0,842ms
[2020-11-04T21:42:56.438+0300][90,368s][info][gc] GC(646) Concurrent strong roots 0,097ms
[2020-11-04T21:42:56.442+0300][90,372s][info][gc] GC(646) Concurrent evacuation 3,793ms
[2020-11-04T21:42:56.443+0300][90,372s][info][gc] GC(646) Pause Init Update Refs 0,013ms
[2020-11-04T21:42:56.480+0300][90,410s][info][gc] GC(646) Concurrent update references 37,397ms
[2020-11-04T21:42:56.480+0300][90,410s][info][gc] GC(646) Pause Final Update Refs 0,188ms
[2020-11-04T21:42:56.481+0300][90,410s][info][gc] GC(646) Concurrent cleanup 445M->288M(512M) 0,098ms
[2020-11-04T21:42:56.500+0300][90,430s][info][gc] Trigger: Average GC time (109,55 ms) is above the time for allocation rate (1145 MB/s) to deplete free headroom (121M)
[2020-11-04T21:42:56.500+0300][90,430s][info][gc] GC(647) Concurrent reset 0,565ms
[2020-11-04T21:42:56.501+0300][90,430s][info][gc] GC(647) Pause Init Mark (unload classes) 0,117ms
[2020-11-04T21:42:56.566+0300][90,496s][info][gc] GC(647) Concurrent marking (unload classes) 65,675ms
[2020-11-04T21:42:56.567+0300][90,497s][info][gc] GC(647) Pause Final Mark (unload classes) 0,372ms
[2020-11-04T21:42:56.567+0300][90,497s][info][gc] GC(647) Concurrent weak roots 0,451ms
[2020-11-04T21:42:56.568+0300][90,497s][info][gc] GC(647) Concurrent cleanup 358M->358M(512M) 0,026ms
[2020-11-04T21:42:56.568+0300][90,498s][info][gc] GC(647) Concurrent class unloading 0,778ms
[2020-11-04T21:42:56.568+0300][90,498s][info][gc] GC(647) Concurrent strong roots 0,056ms
[2020-11-04T21:42:56.572+0300][90,502s][info][gc] GC(647) Concurrent evacuation 3,771ms
[2020-11-04T21:42:56.572+0300][90,502s][info][gc] GC(647) Pause Init Update Refs 0,011ms
[2020-11-04T21:42:56.613+0300][90,543s][info][gc] GC(647) Concurrent update references 40,729ms
[2020-11-04T21:42:56.614+0300][90,544s][info][gc] GC(647) Pause Final Update Refs 0,147ms
[2020-11-04T21:42:56.614+0300][90,544s][info][gc] GC(647) Concurrent cleanup 451M->297M(512M) 0,118ms
[2020-11-04T21:42:56.629+0300][90,559s][info][gc] Trigger: Average GC time (110,36 ms) is above the time for allocation rate (1142 MB/s) to deplete free headroom (123M)
[2020-11-04T21:42:56.629+0300][90,559s][info][gc] GC(648) Concurrent reset 0,627ms
[2020-11-04T21:42:56.630+0300][90,560s][info][gc] GC(648) Pause Init Mark (unload classes) 0,142ms
[2020-11-04T21:42:56.709+0300][90,639s][info][gc] GC(648) Concurrent marking (unload classes) 79,072ms
[2020-11-04T21:42:56.710+0300][90,639s][info][gc] GC(648) Pause Final Mark (unload classes) 0,386ms
[2020-11-04T21:42:56.710+0300][90,640s][info][gc] GC(648) Concurrent weak roots 0,349ms
[2020-11-04T21:42:56.710+0300][90,640s][info][gc] GC(648) Concurrent cleanup 358M->358M(512M) 0,029ms
[2020-11-04T21:42:56.711+0300][90,641s][info][gc] GC(648) Concurrent class unloading 0,785ms
[2020-11-04T21:42:56.711+0300][90,641s][info][gc] GC(648) Concurrent strong roots 0,056ms
[2020-11-04T21:42:56.716+0300][90,646s][info][gc] GC(648) Concurrent evacuation 4,811ms
[2020-11-04T21:42:56.716+0300][90,646s][info][gc] GC(648) Pause Init Update Refs 0,010ms
[2020-11-04T21:42:56.759+0300][90,689s][info][gc] GC(648) Concurrent update references 42,701ms
[2020-11-04T21:42:56.760+0300][90,689s][info][gc] GC(648) Pause Final Update Refs 0,447ms
[2020-11-04T21:42:56.760+0300][90,690s][info][gc] GC(648) Concurrent cleanup 459M->311M(512M) 0,124ms
[2020-11-04T21:42:56.771+0300][90,701s][info][gc] Trigger: Average GC time (115,66 ms) is above the time for allocation rate (1044 MB/s) to deplete free headroom (117M)
[2020-11-04T21:42:56.772+0300][90,702s][info][gc] GC(649) Concurrent reset 0,604ms
[2020-11-04T21:42:56.773+0300][90,703s][info][gc] GC(649) Pause Init Mark (unload classes) 0,283ms
[2020-11-04T21:42:56.862+0300][90,791s][info][gc] GC(649) Concurrent marking (unload classes) 88,831ms
[2020-11-04T21:42:56.863+0300][90,792s][info][gc] GC(649) Pause Final Mark (unload classes) 0,696ms
[2020-11-04T21:42:56.863+0300][90,793s][info][gc] GC(649) Concurrent weak roots 0,448ms
[2020-11-04T21:42:56.863+0300][90,793s][info][gc] GC(649) Concurrent cleanup 362M->362M(512M) 0,034ms
[2020-11-04T21:42:56.864+0300][90,794s][info][gc] GC(649) Concurrent class unloading 0,789ms
[2020-11-04T21:42:56.864+0300][90,794s][info][gc] GC(649) Concurrent strong roots 0,090ms
[2020-11-04T21:42:56.868+0300][90,798s][info][gc] GC(649) Concurrent evacuation 4,168ms
[2020-11-04T21:42:56.869+0300][90,798s][info][gc] GC(649) Pause Init Update Refs 0,028ms
[2020-11-04T21:42:56.910+0300][90,840s][info][gc] GC(649) Concurrent update references 41,210ms
[2020-11-04T21:42:56.911+0300][90,840s][info][gc] GC(649) Pause Final Update Refs 0,325ms
[2020-11-04T21:42:56.911+0300][90,841s][info][gc] GC(649) Concurrent cleanup 455M->306M(512M) 0,114ms
[2020-11-04T21:42:56.926+0300][90,855s][info][gc] Trigger: Average GC time (122,20 ms) is above the time for allocation rate (956 MB/s) to deplete free headroom (115M)
[2020-11-04T21:42:56.926+0300][90,856s][info][gc] GC(650) Concurrent reset 0,625ms
[2020-11-04T21:42:56.927+0300][90,857s][info][gc] GC(650) Pause Init Mark (process weakrefs) (unload classes) 0,247ms
[2020-11-04T21:42:57.025+0300][90,955s][info][gc] GC(650) Concurrent marking (process weakrefs) (unload classes) 98,247ms
[2020-11-04T21:42:57.025+0300][90,955s][info][gc] GC(650) Concurrent precleaning 0,148ms
[2020-11-04T21:42:57.027+0300][90,957s][info][gc] GC(650) Pause Final Mark (process weakrefs) (unload classes) 0,903ms
[2020-11-04T21:42:57.027+0300][90,957s][info][gc] GC(650) Concurrent weak roots 0,398ms
[2020-11-04T21:42:57.027+0300][90,957s][info][gc] GC(650) Concurrent cleanup 365M->365M(512M) 0,039ms
[2020-11-04T21:42:57.028+0300][90,958s][info][gc] GC(650) Concurrent class unloading 0,799ms
[2020-11-04T21:42:57.028+0300][90,958s][info][gc] GC(650) Concurrent strong roots 0,090ms
[2020-11-04T21:42:57.032+0300][90,962s][info][gc] GC(650) Concurrent evacuation 4,003ms
[2020-11-04T21:42:57.033+0300][90,962s][info][gc] GC(650) Pause Init Update Refs 0,014ms
[2020-11-04T21:42:57.074+0300][91,004s][info][gc] GC(650) Concurrent update references 41,074ms
[2020-11-04T21:42:57.074+0300][91,004s][info][gc] GC(650) Pause Final Update Refs 0,180ms
[2020-11-04T21:42:57.075+0300][91,004s][info][gc] GC(650) Concurrent cleanup 447M->299M(512M) 0,104ms
[2020-11-04T21:42:57.100+0300][91,030s][info][gc] Trigger: Average GC time (129,70 ms) is above the time for allocation rate (861 MB/s) to deplete free headroom (108M)
[2020-11-04T21:42:57.101+0300][91,030s][info][gc] GC(651) Concurrent reset 0,628ms
[2020-11-04T21:42:57.101+0300][91,031s][info][gc] GC(651) Pause Init Mark (unload classes) 0,091ms
[2020-11-04T21:42:57.163+0300][91,093s][info][gc] GC(651) Concurrent marking (unload classes) 61,824ms
[2020-11-04T21:42:57.164+0300][91,093s][info][gc] GC(651) Pause Final Mark (unload classes) 0,488ms
[2020-11-04T21:42:57.164+0300][91,094s][info][gc] GC(651) Concurrent weak roots 0,441ms
[2020-11-04T21:42:57.164+0300][91,094s][info][gc] GC(651) Concurrent cleanup 370M->366M(512M) 0,047ms
[2020-11-04T21:42:57.165+0300][91,095s][info][gc] GC(651) Concurrent class unloading 0,912ms
[2020-11-04T21:42:57.165+0300][91,095s][info][gc] GC(651) Concurrent strong roots 0,111ms
[2020-11-04T21:42:57.168+0300][91,098s][info][gc] GC(651) Concurrent evacuation 2,942ms
[2020-11-04T21:42:57.169+0300][91,098s][info][gc] GC(651) Pause Init Update Refs 0,024ms
[2020-11-04T21:42:57.189+0300][91,119s][info][gc] GC(651) Concurrent update references 20,503ms
[2020-11-04T21:42:57.190+0300][91,120s][info][gc] GC(651) Pause Final Update Refs 0,170ms
[2020-11-04T21:42:57.190+0300][91,120s][info][gc] GC(651) Concurrent cleanup 416M->171M(512M) 0,149ms
[2020-11-04T21:42:57.237+0300][91,167s][info][gc] Trigger: Average GC time (124,67 ms) is above the time for allocation rate (1366 MB/s) to deplete free headroom (166M)
[2020-11-04T21:42:57.237+0300][91,167s][info][gc] GC(652) Concurrent reset 0,624ms
[2020-11-04T21:42:57.238+0300][91,168s][info][gc] GC(652) Pause Init Mark (unload classes) 0,128ms
[2020-11-04T21:42:57.284+0300][91,214s][info][gc] GC(652) Concurrent marking (unload classes) 46,491ms
[2020-11-04T21:42:57.285+0300][91,215s][info][gc] GC(652) Pause Final Mark (unload classes) 0,379ms
[2020-11-04T21:42:57.286+0300][91,215s][info][gc] GC(652) Concurrent weak roots 0,445ms
[2020-11-04T21:42:57.286+0300][91,216s][info][gc] GC(652) Concurrent cleanup 319M->319M(512M) 0,043ms
[2020-11-04T21:42:57.287+0300][91,216s][info][gc] GC(652) Concurrent class unloading 0,884ms
[2020-11-04T21:42:57.287+0300][91,217s][info][gc] GC(652) Concurrent strong roots 0,107ms
[2020-11-04T21:42:57.293+0300][91,223s][info][gc] GC(652) Concurrent evacuation 6,072ms
[2020-11-04T21:42:57.293+0300][91,223s][info][gc] GC(652) Pause Init Update Refs 0,011ms
[2020-11-04T21:42:57.316+0300][91,246s][info][gc] GC(652) Concurrent update references 22,957ms
[2020-11-04T21:42:57.317+0300][91,247s][info][gc] GC(652) Pause Final Update Refs 0,158ms
[2020-11-04T21:42:57.317+0300][91,247s][info][gc] GC(652) Concurrent cleanup 383M->196M(512M) 0,129ms
[2020-11-04T21:42:57.351+0300][91,281s][info][gc] Trigger: Average GC time (117,89 ms) is above the time for allocation rate (1512 MB/s) to deplete free headroom (175M)
[2020-11-04T21:42:57.351+0300][91,281s][info][gc] GC(653) Concurrent reset 0,545ms
[2020-11-04T21:42:57.352+0300][91,282s][info][gc] GC(653) Pause Init Mark (unload classes) 0,138ms
[2020-11-04T21:42:57.421+0300][91,350s][info][gc] GC(653) Concurrent marking (unload classes) 68,580ms
[2020-11-04T21:42:57.421+0300][91,351s][info][gc] GC(653) Pause Final Mark (unload classes) 0,524ms
[2020-11-04T21:42:57.422+0300][91,352s][info][gc] GC(653) Concurrent weak roots 0,484ms
[2020-11-04T21:42:57.422+0300][91,352s][info][gc] GC(653) Concurrent cleanup 311M->311M(512M) 0,037ms
[2020-11-04T21:42:57.423+0300][91,353s][info][gc] GC(653) Concurrent class unloading 1,198ms
[2020-11-04T21:42:57.423+0300][91,353s][info][gc] GC(653) Concurrent strong roots 0,063ms
[2020-11-04T21:42:57.428+0300][91,357s][info][gc] GC(653) Concurrent evacuation 4,185ms
[2020-11-04T21:42:57.428+0300][91,358s][info][gc] GC(653) Pause Init Update Refs 0,015ms
[2020-11-04T21:42:57.455+0300][91,385s][info][gc] GC(653) Concurrent update references 27,418ms
[2020-11-04T21:42:57.456+0300][91,386s][info][gc] GC(653) Pause Final Update Refs 0,198ms
[2020-11-04T21:42:57.456+0300][91,386s][info][gc] GC(653) Concurrent cleanup 358M->186M(512M) 0,078ms
[2020-11-04T21:42:57.507+0300][91,437s][info][gc] Trigger: Average GC time (112,73 ms) is above the time for allocation rate (1279 MB/s) to deplete free headroom (143M)
[2020-11-04T21:42:57.507+0300][91,437s][info][gc] GC(654) Concurrent reset 0,525ms
[2020-11-04T21:42:57.508+0300][91,438s][info][gc] GC(654) Pause Init Mark (unload classes) 0,120ms
[2020-11-04T21:42:57.567+0300][91,497s][info][gc] GC(654) Concurrent marking (unload classes) 59,481ms
[2020-11-04T21:42:57.568+0300][91,498s][info][gc] GC(654) Pause Final Mark (unload classes) 0,570ms
[2020-11-04T21:42:57.569+0300][91,499s][info][gc] GC(654) Concurrent weak roots 0,475ms
[2020-11-04T21:42:57.569+0300][91,499s][info][gc] GC(654) Concurrent cleanup 339M->339M(512M) 0,037ms
[2020-11-04T21:42:57.570+0300][91,500s][info][gc] GC(654) Concurrent class unloading 1,004ms
[2020-11-04T21:42:57.570+0300][91,500s][info][gc] GC(654) Concurrent strong roots 0,060ms
[2020-11-04T21:42:57.575+0300][91,505s][info][gc] GC(654) Concurrent evacuation 4,811ms
[2020-11-04T21:42:57.575+0300][91,505s][info][gc] GC(654) Pause Init Update Refs 0,023ms
[2020-11-04T21:42:57.600+0300][91,529s][info][gc] GC(654) Concurrent update references 24,541ms
[2020-11-04T21:42:57.600+0300][91,530s][info][gc] GC(654) Pause Final Update Refs 0,140ms
[2020-11-04T21:42:57.600+0300][91,530s][info][gc] GC(654) Concurrent cleanup 406M->206M(512M) 0,118ms
[2020-11-04T21:42:57.642+0300][91,571s][info][gc] Trigger: Average GC time (103,56 ms) is above the time for allocation rate (1425 MB/s) to deplete free headroom (144M)
[2020-11-04T21:42:57.642+0300][91,572s][info][gc] GC(655) Concurrent reset 0,518ms
[2020-11-04T21:42:57.643+0300][91,573s][info][gc] GC(655) Pause Init Mark (process weakrefs) (unload classes) 0,345ms
[2020-11-04T21:42:57.693+0300][91,623s][info][gc] GC(655) Concurrent marking (process weakrefs) (unload classes) 50,124ms
[2020-11-04T21:42:57.693+0300][91,623s][info][gc] GC(655) Concurrent precleaning 0,171ms
[2020-11-04T21:42:57.694+0300][91,624s][info][gc] GC(655) Pause Final Mark (process weakrefs) (unload classes) 0,512ms
[2020-11-04T21:42:57.695+0300][91,625s][info][gc] GC(655) Concurrent weak roots 0,501ms
[2020-11-04T21:42:57.695+0300][91,625s][info][gc] GC(655) Concurrent cleanup 340M->340M(512M) 0,035ms
[2020-11-04T21:42:57.696+0300][91,625s][info][gc] GC(655) Concurrent class unloading 0,865ms
[2020-11-04T21:42:57.696+0300][91,626s][info][gc] GC(655) Concurrent strong roots 0,098ms
[2020-11-04T21:42:57.702+0300][91,632s][info][gc] GC(655) Concurrent evacuation 6,070ms
[2020-11-04T21:42:57.702+0300][91,632s][info][gc] GC(655) Pause Init Update Refs 0,012ms
[2020-11-04T21:42:57.728+0300][91,658s][info][gc] GC(655) Concurrent update references 25,699ms
[2020-11-04T21:42:57.729+0300][91,658s][info][gc] GC(655) Pause Final Update Refs 0,272ms
[2020-11-04T21:42:57.729+0300][91,659s][info][gc] GC(655) Concurrent cleanup 412M->219M(512M) 0,086ms
[2020-11-04T21:42:57.768+0300][91,698s][info][gc] Trigger: Average GC time (91,20 ms) is above the time for allocation rate (1536 MB/s) to deplete free headroom (137M)
[2020-11-04T21:42:57.769+0300][91,698s][info][gc] GC(656) Concurrent reset 0,589ms
[2020-11-04T21:42:57.769+0300][91,699s][info][gc] GC(656) Pause Init Mark (unload classes) 0,308ms
[2020-11-04T21:42:57.818+0300][91,748s][info][gc] GC(656) Concurrent marking (unload classes) 48,821ms
[2020-11-04T21:42:57.819+0300][91,749s][info][gc] GC(656) Pause Final Mark (unload classes) 0,494ms
[2020-11-04T21:42:57.819+0300][91,749s][info][gc] GC(656) Concurrent weak roots 0,380ms
[2020-11-04T21:42:57.820+0300][91,749s][info][gc] GC(656) Concurrent cleanup 346M->346M(512M) 0,024ms
[2020-11-04T21:42:57.820+0300][91,750s][info][gc] GC(656) Concurrent class unloading 0,944ms
[2020-11-04T21:42:57.821+0300][91,750s][info][gc] GC(656) Concurrent strong roots 0,079ms
[2020-11-04T21:42:57.825+0300][91,755s][info][gc] GC(656) Concurrent evacuation 4,687ms
[2020-11-04T21:42:57.826+0300][91,755s][info][gc] GC(656) Pause Init Update Refs 0,026ms
[2020-11-04T21:42:57.856+0300][91,785s][info][gc] GC(656) Concurrent update references 29,787ms
[2020-11-04T21:42:57.856+0300][91,786s][info][gc] GC(656) Pause Final Update Refs 0,153ms
[2020-11-04T21:42:57.856+0300][91,786s][info][gc] GC(656) Concurrent cleanup 417M->222M(512M) 0,120ms
[2020-11-04T21:42:57.895+0300][91,825s][info][gc] Trigger: Average GC time (90,81 ms) is above the time for allocation rate (1498 MB/s) to deplete free headroom (135M)
[2020-11-04T21:42:57.896+0300][91,826s][info][gc] GC(657) Concurrent reset 0,564ms
[2020-11-04T21:42:57.896+0300][91,826s][info][gc] GC(657) Pause Init Mark (unload classes) 0,124ms
[2020-11-04T21:42:57.956+0300][91,886s][info][gc] GC(657) Concurrent marking (unload classes) 59,608ms
[2020-11-04T21:42:57.957+0300][91,887s][info][gc] GC(657) Pause Final Mark (unload classes) 0,423ms
[2020-11-04T21:42:57.957+0300][91,887s][info][gc] GC(657) Concurrent weak roots 0,420ms
[2020-11-04T21:42:57.957+0300][91,887s][info][gc] GC(657) Concurrent cleanup 347M->347M(512M) 0,036ms
[2020-11-04T21:42:57.958+0300][91,888s][info][gc] GC(657) Concurrent class unloading 0,765ms
[2020-11-04T21:42:57.958+0300][91,888s][info][gc] GC(657) Concurrent strong roots 0,088ms
[2020-11-04T21:42:57.963+0300][91,893s][info][gc] GC(657) Concurrent evacuation 4,588ms
[2020-11-04T21:42:57.963+0300][91,893s][info][gc] GC(657) Pause Init Update Refs 0,018ms
[2020-11-04T21:42:57.992+0300][91,922s][info][gc] GC(657) Concurrent update references 29,054ms
[2020-11-04T21:42:57.993+0300][91,923s][info][gc] GC(657) Pause Final Update Refs 0,231ms
[2020-11-04T21:42:57.993+0300][91,923s][info][gc] GC(657) Concurrent cleanup 419M->228M(512M) 0,108ms
[2020-11-04T21:42:58.032+0300][91,962s][info][gc] Trigger: Average GC time (94,30 ms) is above the time for allocation rate (1398 MB/s) to deplete free headroom (128M)
[2020-11-04T21:42:58.033+0300][91,963s][info][gc] GC(658) Concurrent reset 0,663ms
[2020-11-04T21:42:58.033+0300][91,963s][info][gc] GC(658) Pause Init Mark (unload classes) 0,157ms
[2020-11-04T21:42:58.088+0300][92,018s][info][gc] GC(658) Concurrent marking (unload classes) 54,407ms
[2020-11-04T21:42:58.089+0300][92,019s][info][gc] GC(658) Pause Final Mark (unload classes) 0,499ms
[2020-11-04T21:42:58.089+0300][92,019s][info][gc] GC(658) Concurrent weak roots 0,374ms
[2020-11-04T21:42:58.089+0300][92,019s][info][gc] GC(658) Concurrent cleanup 353M->353M(512M) 0,050ms
[2020-11-04T21:42:58.090+0300][92,020s][info][gc] GC(658) Concurrent class unloading 0,894ms
[2020-11-04T21:42:58.090+0300][92,020s][info][gc] GC(658) Concurrent strong roots 0,049ms
[2020-11-04T21:42:58.096+0300][92,025s][info][gc] GC(658) Concurrent evacuation 5,209ms
[2020-11-04T21:42:58.096+0300][92,026s][info][gc] GC(658) Pause Init Update Refs 0,019ms
[2020-11-04T21:42:58.127+0300][92,057s][info][gc] GC(658) Concurrent update references 31,347ms
[2020-11-04T21:42:58.128+0300][92,058s][info][gc] GC(658) Pause Final Update Refs 0,132ms
[2020-11-04T21:42:58.128+0300][92,058s][info][gc] GC(658) Concurrent cleanup 426M->233M(512M) 0,089ms
[2020-11-04T21:42:58.165+0300][92,095s][info][gc] Trigger: Average GC time (92,39 ms) is above the time for allocation rate (1406 MB/s) to deplete free headroom (128M)
[2020-11-04T21:42:58.166+0300][92,095s][info][gc] GC(659) Concurrent reset 0,582ms
[2020-11-04T21:42:58.166+0300][92,096s][info][gc] GC(659) Pause Init Mark (unload classes) 0,108ms
[2020-11-04T21:42:58.236+0300][92,166s][info][gc] GC(659) Concurrent marking (unload classes) 70,274ms
[2020-11-04T21:42:58.237+0300][92,167s][info][gc] GC(659) Pause Final Mark (unload classes) 0,492ms
[2020-11-04T21:42:58.238+0300][92,168s][info][gc] GC(659) Concurrent weak roots 0,456ms
[2020-11-04T21:42:58.238+0300][92,168s][info][gc] GC(659) Concurrent cleanup 353M->353M(512M) 0,034ms
[2020-11-04T21:42:58.239+0300][92,169s][info][gc] GC(659) Concurrent class unloading 1,086ms
[2020-11-04T21:42:58.239+0300][92,169s][info][gc] GC(659) Concurrent strong roots 0,113ms
[2020-11-04T21:42:58.244+0300][92,174s][info][gc] GC(659) Concurrent evacuation 4,893ms
[2020-11-04T21:42:58.244+0300][92,174s][info][gc] GC(659) Pause Init Update Refs 0,042ms
[2020-11-04T21:42:58.279+0300][92,209s][info][gc] GC(659) Concurrent update references 34,349ms
[2020-11-04T21:42:58.279+0300][92,209s][info][gc] GC(659) Pause Final Update Refs 0,183ms
[2020-11-04T21:42:58.279+0300][92,209s][info][gc] GC(659) Concurrent cleanup 409M->223M(512M) 0,112ms
[2020-11-04T21:42:58.326+0300][92,256s][info][gc] Trigger: Average GC time (96,59 ms) is above the time for allocation rate (1211 MB/s) to deplete free headroom (113M)
[2020-11-04T21:42:58.327+0300][92,256s][info][gc] GC(660) Concurrent reset 0,531ms
[2020-11-04T21:42:58.327+0300][92,257s][info][gc] GC(660) Pause Init Mark (process weakrefs) (unload classes) 0,145ms
[2020-11-04T21:42:58.384+0300][92,314s][info][gc] GC(660) Concurrent marking (process weakrefs) (unload classes) 57,217ms
[2020-11-04T21:42:58.385+0300][92,314s][info][gc] GC(660) Concurrent precleaning 0,169ms
[2020-11-04T21:42:58.386+0300][92,315s][info][gc] GC(660) Pause Final Mark (process weakrefs) (unload classes) 0,639ms
[2020-11-04T21:42:58.386+0300][92,316s][info][gc] GC(660) Concurrent weak roots 0,395ms
[2020-11-04T21:42:58.386+0300][92,316s][info][gc] GC(660) Concurrent cleanup 366M->366M(512M) 0,034ms
[2020-11-04T21:42:58.387+0300][92,317s][info][gc] GC(660) Concurrent class unloading 1,005ms
[2020-11-04T21:42:58.387+0300][92,317s][info][gc] GC(660) Concurrent strong roots 0,075ms
[2020-11-04T21:42:58.392+0300][92,322s][info][gc] GC(660) Concurrent evacuation 4,888ms
[2020-11-04T21:42:58.392+0300][92,322s][info][gc] GC(660) Pause Init Update Refs 0,019ms
[2020-11-04T21:42:58.427+0300][92,357s][info][gc] GC(660) Concurrent update references 34,385ms
[2020-11-04T21:42:58.427+0300][92,357s][info][gc] GC(660) Pause Final Update Refs 0,147ms
[2020-11-04T21:42:58.428+0300][92,358s][info][gc] GC(660) Concurrent cleanup 436M->240M(512M) 0,147ms
[2020-11-04T21:42:58.463+0300][92,392s][info][gc] Trigger: Average GC time (99,49 ms) is above the time for allocation rate (1286 MB/s) to deplete free headroom (127M)
[2020-11-04T21:42:58.463+0300][92,393s][info][gc] GC(661) Concurrent reset 0,630ms
[2020-11-04T21:42:58.464+0300][92,394s][info][gc] GC(661) Pause Init Mark (unload classes) 0,137ms
[2020-11-04T21:42:58.525+0300][92,455s][info][gc] GC(661) Concurrent marking (unload classes) 61,056ms
[2020-11-04T21:42:58.526+0300][92,455s][info][gc] GC(661) Pause Final Mark (unload classes) 0,467ms
[2020-11-04T21:42:58.526+0300][92,456s][info][gc] GC(661) Concurrent weak roots 0,370ms
[2020-11-04T21:42:58.526+0300][92,456s][info][gc] GC(661) Concurrent cleanup 353M->353M(512M) 0,027ms
[2020-11-04T21:42:58.527+0300][92,457s][info][gc] GC(661) Concurrent class unloading 0,697ms
[2020-11-04T21:42:58.527+0300][92,457s][info][gc] GC(661) Concurrent strong roots 0,162ms
[2020-11-04T21:42:58.532+0300][92,461s][info][gc] GC(661) Concurrent evacuation 4,535ms
[2020-11-04T21:42:58.532+0300][92,462s][info][gc] GC(661) Pause Init Update Refs 0,019ms
[2020-11-04T21:42:58.565+0300][92,495s][info][gc] GC(661) Concurrent update references 33,171ms
[2020-11-04T21:42:58.566+0300][92,495s][info][gc] GC(661) Pause Final Update Refs 0,137ms
[2020-11-04T21:42:58.566+0300][92,496s][info][gc] GC(661) Concurrent cleanup 429M->253M(512M) 0,072ms
[2020-11-04T21:42:58.595+0300][92,525s][info][gc] Trigger: Average GC time (102,49 ms) is above the time for allocation rate (1280 MB/s) to deplete free headroom (128M)
[2020-11-04T21:42:58.596+0300][92,526s][info][gc] GC(662) Concurrent reset 0,576ms
[2020-11-04T21:42:58.596+0300][92,526s][info][gc] GC(662) Pause Init Mark (unload classes) 0,107ms
[2020-11-04T21:42:58.655+0300][92,585s][info][gc] GC(662) Concurrent marking (unload classes) 58,687ms
[2020-11-04T21:42:58.656+0300][92,586s][info][gc] GC(662) Pause Final Mark (unload classes) 0,383ms
[2020-11-04T21:42:58.656+0300][92,586s][info][gc] GC(662) Concurrent weak roots 0,369ms
[2020-11-04T21:42:58.656+0300][92,586s][info][gc] GC(662) Concurrent cleanup 352M->353M(512M) 0,034ms
[2020-11-04T21:42:58.657+0300][92,587s][info][gc] GC(662) Concurrent class unloading 0,990ms
[2020-11-04T21:42:58.658+0300][92,587s][info][gc] GC(662) Concurrent strong roots 0,133ms
[2020-11-04T21:42:58.662+0300][92,592s][info][gc] GC(662) Concurrent evacuation 4,698ms
[2020-11-04T21:42:58.663+0300][92,592s][info][gc] GC(662) Pause Init Update Refs 0,017ms
[2020-11-04T21:42:58.701+0300][92,631s][info][gc] GC(662) Concurrent update references 37,986ms
[2020-11-04T21:42:58.701+0300][92,631s][info][gc] GC(662) Pause Final Update Refs 0,294ms
[2020-11-04T21:42:58.702+0300][92,631s][info][gc] GC(662) Concurrent cleanup 419M->248M(512M) 0,148ms
[2020-11-04T21:42:58.735+0300][92,665s][info][gc] Trigger: Average GC time (104,17 ms) is above the time for allocation rate (1217 MB/s) to deplete free headroom (123M)
[2020-11-04T21:42:58.736+0300][92,666s][info][gc] GC(663) Concurrent reset 0,587ms
[2020-11-04T21:42:58.737+0300][92,666s][info][gc] GC(663) Pause Init Mark (unload classes) 0,166ms
[2020-11-04T21:42:58.799+0300][92,729s][info][gc] GC(663) Concurrent marking (unload classes) 62,457ms
[2020-11-04T21:42:58.800+0300][92,730s][info][gc] GC(663) Pause Final Mark (unload classes) 0,399ms
[2020-11-04T21:42:58.800+0300][92,730s][info][gc] GC(663) Concurrent weak roots 0,507ms
[2020-11-04T21:42:58.800+0300][92,730s][info][gc] GC(663) Concurrent cleanup 357M->357M(512M) 0,037ms
[2020-11-04T21:42:58.801+0300][92,731s][info][gc] GC(663) Concurrent class unloading 0,785ms
[2020-11-04T21:42:58.801+0300][92,731s][info][gc] GC(663) Concurrent strong roots 0,111ms
[2020-11-04T21:42:58.806+0300][92,736s][info][gc] GC(663) Concurrent evacuation 4,705ms
[2020-11-04T21:42:58.806+0300][92,736s][info][gc] GC(663) Pause Init Update Refs 0,015ms
[2020-11-04T21:42:58.842+0300][92,772s][info][gc] GC(663) Concurrent update references 35,225ms
[2020-11-04T21:42:58.842+0300][92,772s][info][gc] GC(663) Pause Final Update Refs 0,241ms
[2020-11-04T21:42:58.843+0300][92,772s][info][gc] GC(663) Concurrent cleanup 440M->269M(512M) 0,116ms
[2020-11-04T21:42:58.867+0300][92,797s][info][gc] Trigger: Average GC time (106,48 ms) is above the time for allocation rate (1229 MB/s) to deplete free headroom (127M)
[2020-11-04T21:42:58.868+0300][92,797s][info][gc] GC(664) Concurrent reset 0,601ms
[2020-11-04T21:42:58.868+0300][92,798s][info][gc] GC(664) Pause Init Mark (unload classes) 0,288ms
[2020-11-04T21:42:58.936+0300][92,866s][info][gc] GC(664) Concurrent marking (unload classes) 68,196ms
[2020-11-04T21:42:58.937+0300][92,867s][info][gc] GC(664) Pause Final Mark (unload classes) 0,527ms
[2020-11-04T21:42:58.938+0300][92,868s][info][gc] GC(664) Concurrent weak roots 0,468ms
[2020-11-04T21:42:58.938+0300][92,868s][info][gc] GC(664) Concurrent cleanup 353M->353M(512M) 0,048ms
[2020-11-04T21:42:58.939+0300][92,869s][info][gc] GC(664) Concurrent class unloading 0,850ms
[2020-11-04T21:42:58.939+0300][92,869s][info][gc] GC(664) Concurrent strong roots 0,094ms
[2020-11-04T21:42:58.943+0300][92,873s][info][gc] GC(664) Concurrent evacuation 3,824ms
[2020-11-04T21:42:58.943+0300][92,873s][info][gc] GC(664) Pause Init Update Refs 0,010ms
[2020-11-04T21:42:58.981+0300][92,911s][info][gc] GC(664) Concurrent update references 37,687ms
[2020-11-04T21:42:58.981+0300][92,911s][info][gc] GC(664) Pause Final Update Refs 0,157ms
[2020-11-04T21:42:58.982+0300][92,911s][info][gc] GC(664) Concurrent cleanup 434M->272M(512M) 0,101ms
[2020-11-04T21:42:59.006+0300][92,936s][info][gc] Trigger: Average GC time (106,52 ms) is above the time for allocation rate (1158 MB/s) to deplete free headroom (123M)
[2020-11-04T21:42:59.007+0300][92,937s][info][gc] GC(665) Concurrent reset 0,636ms
[2020-11-04T21:42:59.007+0300][92,937s][info][gc] GC(665) Pause Init Mark (process weakrefs) (unload classes) 0,133ms
[2020-11-04T21:42:59.080+0300][93,010s][info][gc] GC(665) Concurrent marking (process weakrefs) (unload classes) 72,489ms
[2020-11-04T21:42:59.080+0300][93,010s][info][gc] GC(665) Concurrent precleaning 0,172ms
[2020-11-04T21:42:59.081+0300][93,011s][info][gc] GC(665) Pause Final Mark (process weakrefs) (unload classes) 0,526ms
[2020-11-04T21:42:59.081+0300][93,011s][info][gc] GC(665) Concurrent weak roots 0,496ms
[2020-11-04T21:42:59.081+0300][93,011s][info][gc] GC(665) Concurrent cleanup 357M->357M(512M) 0,034ms
[2020-11-04T21:42:59.082+0300][93,012s][info][gc] GC(665) Concurrent class unloading 0,903ms
[2020-11-04T21:42:59.082+0300][93,012s][info][gc] GC(665) Concurrent strong roots 0,063ms
[2020-11-04T21:42:59.088+0300][93,018s][info][gc] GC(665) Concurrent evacuation 5,183ms
[2020-11-04T21:42:59.088+0300][93,018s][info][gc] GC(665) Pause Init Update Refs 0,013ms
[2020-11-04T21:42:59.125+0300][93,055s][info][gc] GC(665) Concurrent update references 37,261ms
[2020-11-04T21:42:59.126+0300][93,056s][info][gc] GC(665) Pause Final Update Refs 0,123ms
[2020-11-04T21:42:59.126+0300][93,056s][info][gc] GC(665) Concurrent cleanup 446M->285M(512M) 0,094ms
[2020-11-04T21:42:59.146+0300][93,076s][info][gc] Trigger: Average GC time (110,16 ms) is above the time for allocation rate (1122 MB/s) to deplete free headroom (122M)
[2020-11-04T21:42:59.147+0300][93,077s][info][gc] GC(666) Concurrent reset 0,683ms
[2020-11-04T21:42:59.147+0300][93,077s][info][gc] GC(666) Pause Init Mark (unload classes) 0,115ms
[2020-11-04T21:42:59.215+0300][93,145s][info][gc] GC(666) Concurrent marking (unload classes) 67,579ms
[2020-11-04T21:42:59.216+0300][93,146s][info][gc] GC(666) Pause Final Mark (unload classes) 0,561ms
[2020-11-04T21:42:59.216+0300][93,146s][info][gc] GC(666) Concurrent weak roots 0,388ms
[2020-11-04T21:42:59.216+0300][93,146s][info][gc] GC(666) Concurrent cleanup 358M->358M(512M) 0,035ms
[2020-11-04T21:42:59.217+0300][93,147s][info][gc] GC(666) Concurrent class unloading 1,052ms
[2020-11-04T21:42:59.218+0300][93,147s][info][gc] GC(666) Concurrent strong roots 0,127ms
[2020-11-04T21:42:59.222+0300][93,151s][info][gc] GC(666) Concurrent evacuation 3,915ms
[2020-11-04T21:42:59.222+0300][93,152s][info][gc] GC(666) Pause Init Update Refs 0,020ms
[2020-11-04T21:42:59.275+0300][93,205s][info][gc] GC(666) Concurrent update references 53,040ms
[2020-11-04T21:42:59.275+0300][93,205s][info][gc] GC(666) Pause Final Update Refs 0,135ms
[2020-11-04T21:42:59.275+0300][93,205s][info][gc] GC(666) Concurrent cleanup 478M->320M(512M) 0,118ms
[2020-11-04T21:42:59.281+0300][93,211s][info][gc] Trigger: Average GC time (115,40 ms) is above the time for allocation rate (1099 MB/s) to deplete free headroom (126M)
[2020-11-04T21:42:59.281+0300][93,211s][info][gc] GC(667) Concurrent reset 0,549ms
[2020-11-04T21:42:59.282+0300][93,212s][info][gc] GC(667) Pause Init Mark (unload classes) 0,282ms
[2020-11-04T21:42:59.349+0300][93,279s][info][gc] GC(667) Concurrent marking (unload classes) 66,755ms
[2020-11-04T21:42:59.350+0300][93,279s][info][gc] GC(667) Pause Final Mark (unload classes) 0,579ms
[2020-11-04T21:42:59.350+0300][93,280s][info][gc] GC(667) Concurrent weak roots 0,395ms
[2020-11-04T21:42:59.350+0300][93,280s][info][gc] GC(667) Concurrent cleanup 353M->353M(512M) 0,041ms
[2020-11-04T21:42:59.351+0300][93,281s][info][gc] GC(667) Concurrent class unloading 0,876ms
[2020-11-04T21:42:59.351+0300][93,281s][info][gc] GC(667) Concurrent strong roots 0,144ms
[2020-11-04T21:42:59.355+0300][93,285s][info][gc] GC(667) Concurrent evacuation 3,627ms
[2020-11-04T21:42:59.355+0300][93,285s][info][gc] GC(667) Pause Init Update Refs 0,014ms
[2020-11-04T21:42:59.394+0300][93,324s][info][gc] GC(667) Concurrent update references 38,684ms
[2020-11-04T21:42:59.394+0300][93,324s][info][gc] GC(667) Pause Final Update Refs 0,174ms
[2020-11-04T21:42:59.394+0300][93,324s][info][gc] GC(667) Concurrent cleanup 443M->295M(512M) 0,065ms
[2020-11-04T21:42:59.408+0300][93,338s][info][gc] Trigger: Average GC time (116,90 ms) is above the time for allocation rate (1107 MB/s) to deplete free headroom (128M)
[2020-11-04T21:42:59.409+0300][93,339s][info][gc] GC(668) Concurrent reset 0,651ms
[2020-11-04T21:42:59.409+0300][93,339s][info][gc] GC(668) Pause Init Mark (unload classes) 0,233ms
[2020-11-04T21:42:59.478+0300][93,408s][info][gc] GC(668) Concurrent marking (unload classes) 68,118ms
[2020-11-04T21:42:59.478+0300][93,408s][info][gc] GC(668) Pause Final Mark (unload classes) 0,366ms
[2020-11-04T21:42:59.479+0300][93,409s][info][gc] GC(668) Concurrent weak roots 0,424ms
[2020-11-04T21:42:59.479+0300][93,409s][info][gc] GC(668) Concurrent cleanup 352M->352M(512M) 0,035ms
[2020-11-04T21:42:59.480+0300][93,410s][info][gc] GC(668) Concurrent class unloading 0,996ms
[2020-11-04T21:42:59.480+0300][93,410s][info][gc] GC(668) Concurrent strong roots 0,130ms
[2020-11-04T21:42:59.483+0300][93,413s][info][gc] GC(668) Concurrent evacuation 3,308ms
[2020-11-04T21:42:59.484+0300][93,413s][info][gc] GC(668) Pause Init Update Refs 0,021ms
[2020-11-04T21:42:59.537+0300][93,467s][info][gc] GC(668) Concurrent update references 53,682ms
[2020-11-04T21:42:59.538+0300][93,468s][info][gc] GC(668) Pause Final Update Refs 0,148ms
[2020-11-04T21:42:59.538+0300][93,468s][info][gc] GC(668) Concurrent cleanup 466M->324M(512M) 0,069ms
[2020-11-04T21:42:59.542+0300][93,472s][info][gc] Trigger: Average GC time (121,41 ms) is above the time for allocation rate (1056 MB/s) to deplete free headroom (124M)
[2020-11-04T21:42:59.543+0300][93,473s][info][gc] GC(669) Concurrent reset 0,601ms
[2020-11-04T21:42:59.543+0300][93,473s][info][gc] GC(669) Pause Init Mark (unload classes) 0,124ms
[2020-11-04T21:42:59.648+0300][93,577s][info][gc] GC(669) Concurrent marking (unload classes) 104,038ms
[2020-11-04T21:42:59.648+0300][93,578s][info][gc] GC(669) Pause Final Mark (unload classes) 0,403ms
[2020-11-04T21:42:59.649+0300][93,579s][info][gc] GC(669) Concurrent weak roots 0,533ms
[2020-11-04T21:42:59.649+0300][93,579s][info][gc] GC(669) Concurrent cleanup 356M->356M(512M) 0,038ms
[2020-11-04T21:42:59.650+0300][93,580s][info][gc] GC(669) Concurrent class unloading 1,065ms
[2020-11-04T21:42:59.650+0300][93,580s][info][gc] GC(669) Concurrent strong roots 0,063ms
[2020-11-04T21:42:59.654+0300][93,583s][info][gc] GC(669) Concurrent evacuation 3,430ms
[2020-11-04T21:42:59.654+0300][93,584s][info][gc] GC(669) Pause Init Update Refs 0,016ms
[2020-11-04T21:42:59.694+0300][93,624s][info][gc] GC(669) Concurrent update references 40,341ms
[2020-11-04T21:42:59.695+0300][93,624s][info][gc] GC(669) Pause Final Update Refs 0,158ms
[2020-11-04T21:42:59.695+0300][93,625s][info][gc] GC(669) Concurrent cleanup 447M->306M(512M) 0,094ms
[2020-11-04T21:42:59.711+0300][93,641s][info][gc] Trigger: Average GC time (129,01 ms) is above the time for allocation rate (889 MB/s) to deplete free headroom (112M)
[2020-11-04T21:42:59.711+0300][93,641s][info][gc] GC(670) Concurrent reset 0,611ms
[2020-11-04T21:42:59.712+0300][93,642s][info][gc] GC(670) Pause Init Mark (process weakrefs) (unload classes) 0,125ms
[2020-11-04T21:42:59.789+0300][93,719s][info][gc] GC(670) Concurrent marking (process weakrefs) (unload classes) 77,068ms
[2020-11-04T21:42:59.789+0300][93,719s][info][gc] GC(670) Concurrent precleaning 0,194ms
[2020-11-04T21:42:59.790+0300][93,720s][info][gc] GC(670) Pause Final Mark (process weakrefs) (unload classes) 0,440ms
[2020-11-04T21:42:59.790+0300][93,720s][info][gc] GC(670) Concurrent weak roots 0,420ms
[2020-11-04T21:42:59.791+0300][93,720s][info][gc] GC(670) Concurrent cleanup 366M->366M(512M) 0,038ms
[2020-11-04T21:42:59.791+0300][93,721s][info][gc] GC(670) Concurrent class unloading 0,883ms
[2020-11-04T21:42:59.792+0300][93,721s][info][gc] GC(670) Concurrent strong roots 0,129ms
[2020-11-04T21:42:59.795+0300][93,725s][info][gc] GC(670) Concurrent evacuation 3,627ms
[2020-11-04T21:42:59.796+0300][93,725s][info][gc] GC(670) Pause Init Update Refs 0,012ms
[2020-11-04T21:42:59.837+0300][93,767s][info][gc] GC(670) Concurrent update references 41,256ms
[2020-11-04T21:42:59.837+0300][93,767s][info][gc] GC(670) Pause Final Update Refs 0,193ms
[2020-11-04T21:42:59.838+0300][93,767s][info][gc] GC(670) Concurrent cleanup 462M->311M(512M) 0,098ms
[2020-11-04T21:42:59.846+0300][93,776s][info][gc] Trigger: Average GC time (130,39 ms) is above the time for allocation rate (974 MB/s) to deplete free headroom (125M)
[2020-11-04T21:42:59.847+0300][93,777s][info][gc] GC(671) Concurrent reset 0,561ms
[2020-11-04T21:42:59.847+0300][93,777s][info][gc] GC(671) Pause Init Mark (unload classes) 0,383ms
[2020-11-04T21:42:59.924+0300][93,854s][info][gc] GC(671) Concurrent marking (unload classes) 76,533ms
[2020-11-04T21:42:59.925+0300][93,854s][info][gc] GC(671) Pause Final Mark (unload classes) 0,329ms
[2020-11-04T21:42:59.925+0300][93,855s][info][gc] GC(671) Concurrent weak roots 0,386ms
[2020-11-04T21:42:59.925+0300][93,855s][info][gc] GC(671) Concurrent cleanup 354M->354M(512M) 0,037ms
[2020-11-04T21:42:59.926+0300][93,856s][info][gc] GC(671) Concurrent class unloading 1,069ms
[2020-11-04T21:42:59.926+0300][93,856s][info][gc] GC(671) Concurrent strong roots 0,146ms
[2020-11-04T21:42:59.931+0300][93,860s][info][gc] GC(671) Concurrent evacuation 4,183ms
[2020-11-04T21:42:59.931+0300][93,861s][info][gc] GC(671) Pause Init Update Refs 0,018ms
[2020-11-04T21:42:59.982+0300][93,911s][info][gc] GC(671) Concurrent update references 50,531ms
[2020-11-04T21:42:59.982+0300][93,912s][info][gc] GC(671) Pause Final Update Refs 0,144ms
[2020-11-04T21:42:59.982+0300][93,912s][info][gc] GC(671) Concurrent cleanup 445M->314M(512M) 0,068ms
[2020-11-04T21:42:59.993+0300][93,923s][info][gc] Trigger: Average GC time (131,74 ms) is above the time for allocation rate (926 MB/s) to deplete free headroom (118M)
[2020-11-04T21:42:59.994+0300][93,923s][info][gc] GC(672) Concurrent reset 0,636ms
[2020-11-04T21:42:59.994+0300][93,924s][info][gc] GC(672) Pause Init Mark (unload classes) 0,082ms
[2020-11-04T21:43:00.034+0300][93,964s][info][gc] GC(672) Concurrent marking (unload classes) 40,443ms
[2020-11-04T21:43:00.035+0300][93,965s][info][gc] GC(672) Pause Final Mark (unload classes) 0,544ms
[2020-11-04T21:43:00.036+0300][93,966s][info][gc] GC(672) Concurrent weak roots 0,503ms
[2020-11-04T21:43:00.036+0300][93,966s][info][gc] GC(672) Concurrent cleanup 360M->357M(512M) 0,039ms
[2020-11-04T21:43:00.037+0300][93,967s][info][gc] GC(672) Concurrent class unloading 1,136ms
[2020-11-04T21:43:00.037+0300][93,967s][info][gc] GC(672) Concurrent strong roots 0,117ms
[2020-11-04T21:43:00.042+0300][93,972s][info][gc] GC(672) Concurrent evacuation 5,133ms
[2020-11-04T21:43:00.043+0300][93,972s][info][gc] GC(672) Pause Init Update Refs 0,023ms
[2020-11-04T21:43:00.067+0300][93,996s][info][gc] GC(672) Concurrent update references 23,998ms
[2020-11-04T21:43:00.067+0300][93,997s][info][gc] GC(672) Pause Final Update Refs 0,144ms
[2020-11-04T21:43:00.067+0300][93,997s][info][gc] GC(672) Concurrent cleanup 404M->171M(512M) 0,144ms
[2020-11-04T21:43:00.109+0300][94,038s][info][gc] Trigger: Average GC time (123,92 ms) is above the time for allocation rate (1466 MB/s) to deplete free headroom (179M)
[2020-11-04T21:43:00.109+0300][94,039s][info][gc] GC(673) Concurrent reset 0,598ms
[2020-11-04T21:43:00.110+0300][94,040s][info][gc] GC(673) Pause Init Mark (unload classes) 0,127ms
[2020-11-04T21:43:00.171+0300][94,100s][info][gc] GC(673) Concurrent marking (unload classes) 60,823ms
[2020-11-04T21:43:00.171+0300][94,101s][info][gc] GC(673) Pause Final Mark (unload classes) 0,311ms
[2020-11-04T21:43:00.172+0300][94,101s][info][gc] GC(673) Concurrent weak roots 0,426ms
[2020-11-04T21:43:00.172+0300][94,102s][info][gc] GC(673) Concurrent cleanup 307M->307M(512M) 0,038ms
[2020-11-04T21:43:00.173+0300][94,103s][info][gc] GC(673) Concurrent class unloading 0,908ms
[2020-11-04T21:43:00.173+0300][94,103s][info][gc] GC(673) Concurrent strong roots 0,067ms
[2020-11-04T21:43:00.178+0300][94,107s][info][gc] GC(673) Concurrent evacuation 4,784ms
[2020-11-04T21:43:00.178+0300][94,108s][info][gc] GC(673) Pause Init Update Refs 0,010ms
[2020-11-04T21:43:00.204+0300][94,134s][info][gc] GC(673) Concurrent update references 25,966ms
[2020-11-04T21:43:00.205+0300][94,134s][info][gc] GC(673) Pause Final Update Refs 0,166ms
[2020-11-04T21:43:00.205+0300][94,135s][info][gc] GC(673) Concurrent cleanup 351M->180M(512M) 0,101ms
[2020-11-04T21:43:00.252+0300][94,182s][info][gc] Trigger: Average GC time (117,18 ms) is above the time for allocation rate (1326 MB/s) to deplete free headroom (153M)
[2020-11-04T21:43:00.253+0300][94,183s][info][gc] GC(674) Concurrent reset 0,519ms
[2020-11-04T21:43:00.253+0300][94,183s][info][gc] GC(674) Pause Init Mark (unload classes) 0,118ms
[2020-11-04T21:43:00.315+0300][94,245s][info][gc] GC(674) Concurrent marking (unload classes) 61,233ms
[2020-11-04T21:43:00.315+0300][94,245s][info][gc] GC(674) Pause Final Mark (unload classes) 0,407ms
[2020-11-04T21:43:00.316+0300][94,246s][info][gc] GC(674) Concurrent weak roots 0,379ms
[2020-11-04T21:43:00.316+0300][94,246s][info][gc] GC(674) Concurrent cleanup 330M->330M(512M) 0,062ms
[2020-11-04T21:43:00.317+0300][94,247s][info][gc] GC(674) Concurrent class unloading 0,889ms
[2020-11-04T21:43:00.317+0300][94,247s][info][gc] GC(674) Concurrent strong roots 0,129ms
[2020-11-04T21:43:00.322+0300][94,251s][info][gc] GC(674) Concurrent evacuation 4,580ms
[2020-11-04T21:43:00.322+0300][94,252s][info][gc] GC(674) Pause Init Update Refs 0,015ms
[2020-11-04T21:43:00.346+0300][94,276s][info][gc] GC(674) Concurrent update references 24,185ms
[2020-11-04T21:43:00.347+0300][94,277s][info][gc] GC(674) Pause Final Update Refs 0,138ms
[2020-11-04T21:43:00.347+0300][94,277s][info][gc] GC(674) Concurrent cleanup 395M->204M(512M) 0,106ms
[2020-11-04T21:43:00.388+0300][94,318s][info][gc] Trigger: Average GC time (105,57 ms) is above the time for allocation rate (1408 MB/s) to deplete free headroom (147M)
[2020-11-04T21:43:00.389+0300][94,319s][info][gc] GC(675) Concurrent reset 0,539ms
[2020-11-04T21:43:00.389+0300][94,319s][info][gc] GC(675) Pause Init Mark (process weakrefs) (unload classes) 0,108ms
[2020-11-04T21:43:00.453+0300][94,382s][info][gc] GC(675) Concurrent marking (process weakrefs) (unload classes) 63,261ms
[2020-11-04T21:43:00.453+0300][94,383s][info][gc] GC(675) Concurrent precleaning 0,146ms
[2020-11-04T21:43:00.454+0300][94,383s][info][gc] GC(675) Pause Final Mark (process weakrefs) (unload classes) 0,593ms
[2020-11-04T21:43:00.454+0300][94,384s][info][gc] GC(675) Concurrent weak roots 0,390ms
[2020-11-04T21:43:00.454+0300][94,384s][info][gc] GC(675) Concurrent cleanup 336M->336M(512M) 0,045ms
[2020-11-04T21:43:00.455+0300][94,385s][info][gc] GC(675) Concurrent class unloading 0,834ms
[2020-11-04T21:43:00.455+0300][94,385s][info][gc] GC(675) Concurrent strong roots 0,056ms
[2020-11-04T21:43:00.460+0300][94,390s][info][gc] GC(675) Concurrent evacuation 4,637ms
[2020-11-04T21:43:00.460+0300][94,390s][info][gc] GC(675) Pause Init Update Refs 0,016ms
[2020-11-04T21:43:00.485+0300][94,415s][info][gc] GC(675) Concurrent update references 25,105ms
[2020-11-04T21:43:00.486+0300][94,415s][info][gc] GC(675) Pause Final Update Refs 0,142ms
[2020-11-04T21:43:00.486+0300][94,416s][info][gc] GC(675) Concurrent cleanup 403M->211M(512M) 0,100ms
[2020-11-04T21:43:00.528+0300][94,458s][info][gc] Trigger: Average GC time (99,74 ms) is above the time for allocation rate (1403 MB/s) to deplete free headroom (137M)
[2020-11-04T21:43:00.529+0300][94,459s][info][gc] GC(676) Concurrent reset 0,565ms
[2020-11-04T21:43:00.529+0300][94,459s][info][gc] GC(676) Pause Init Mark (unload classes) 0,146ms
[2020-11-04T21:43:00.585+0300][94,515s][info][gc] GC(676) Concurrent marking (unload classes) 55,887ms
[2020-11-04T21:43:00.586+0300][94,516s][info][gc] GC(676) Pause Final Mark (unload classes) 0,632ms
[2020-11-04T21:43:00.587+0300][94,516s][info][gc] GC(676) Concurrent weak roots 0,464ms
[2020-11-04T21:43:00.587+0300][94,517s][info][gc] GC(676) Concurrent cleanup 345M->345M(512M) 0,039ms
[2020-11-04T21:43:00.588+0300][94,517s][info][gc] GC(676) Concurrent class unloading 0,813ms
[2020-11-04T21:43:00.588+0300][94,518s][info][gc] GC(676) Concurrent strong roots 0,105ms
[2020-11-04T21:43:00.594+0300][94,524s][info][gc] GC(676) Concurrent evacuation 6,175ms
[2020-11-04T21:43:00.594+0300][94,524s][info][gc] GC(676) Pause Init Update Refs 0,016ms
[2020-11-04T21:43:00.621+0300][94,551s][info][gc] GC(676) Concurrent update references 26,959ms
[2020-11-04T21:43:00.622+0300][94,552s][info][gc] GC(676) Pause Final Update Refs 0,146ms
[2020-11-04T21:43:00.622+0300][94,552s][info][gc] GC(676) Concurrent cleanup 419M->223M(512M) 0,125ms
[2020-11-04T21:43:00.662+0300][94,592s][info][gc] Trigger: Average GC time (91,28 ms) is above the time for allocation rate (1462 MB/s) to deplete free headroom (131M)
[2020-11-04T21:43:00.663+0300][94,593s][info][gc] GC(677) Concurrent reset 0,602ms
[2020-11-04T21:43:00.663+0300][94,593s][info][gc] GC(677) Pause Init Mark (unload classes) 0,116ms
[2020-11-04T21:43:00.726+0300][94,656s][info][gc] GC(677) Concurrent marking (unload classes) 62,895ms
[2020-11-04T21:43:00.727+0300][94,657s][info][gc] GC(677) Pause Final Mark (unload classes) 0,478ms
[2020-11-04T21:43:00.727+0300][94,657s][info][gc] GC(677) Concurrent weak roots 0,412ms
[2020-11-04T21:43:00.728+0300][94,657s][info][gc] GC(677) Concurrent cleanup 350M->350M(512M) 0,038ms
[2020-11-04T21:43:00.728+0300][94,658s][info][gc] GC(677) Concurrent class unloading 0,910ms
[2020-11-04T21:43:00.729+0300][94,658s][info][gc] GC(677) Concurrent strong roots 0,117ms
[2020-11-04T21:43:00.733+0300][94,663s][info][gc] GC(677) Concurrent evacuation 4,802ms
[2020-11-04T21:43:00.734+0300][94,664s][info][gc] GC(677) Pause Init Update Refs 0,021ms
[2020-11-04T21:43:00.762+0300][94,692s][info][gc] GC(677) Concurrent update references 28,000ms
[2020-11-04T21:43:00.762+0300][94,692s][info][gc] GC(677) Pause Final Update Refs 0,180ms
[2020-11-04T21:43:00.763+0300][94,692s][info][gc] GC(677) Concurrent cleanup 423M->227M(512M) 0,124ms
[2020-11-04T21:43:00.802+0300][94,732s][info][gc] Trigger: Average GC time (96,47 ms) is above the time for allocation rate (1374 MB/s) to deplete free headroom (130M)
[2020-11-04T21:43:00.802+0300][94,732s][info][gc] GC(678) Concurrent reset 0,627ms
[2020-11-04T21:43:00.803+0300][94,733s][info][gc] GC(678) Pause Init Mark (unload classes) 0,100ms
[2020-11-04T21:43:00.875+0300][94,805s][info][gc] GC(678) Concurrent marking (unload classes) 71,961ms
[2020-11-04T21:43:00.876+0300][94,805s][info][gc] GC(678) Pause Final Mark (unload classes) 0,453ms
[2020-11-04T21:43:00.876+0300][94,806s][info][gc] GC(678) Concurrent weak roots 0,444ms
[2020-11-04T21:43:00.876+0300][94,806s][info][gc] GC(678) Concurrent cleanup 352M->352M(512M) 0,034ms
[2020-11-04T21:43:00.877+0300][94,807s][info][gc] GC(678) Concurrent class unloading 1,198ms
[2020-11-04T21:43:00.877+0300][94,807s][info][gc] GC(678) Concurrent strong roots 0,101ms
[2020-11-04T21:43:00.883+0300][94,813s][info][gc] GC(678) Concurrent evacuation 5,481ms
[2020-11-04T21:43:00.883+0300][94,813s][info][gc] GC(678) Pause Init Update Refs 0,014ms
[2020-11-04T21:43:00.914+0300][94,844s][info][gc] GC(678) Concurrent update references 31,041ms
[2020-11-04T21:43:00.915+0300][94,845s][info][gc] GC(678) Pause Final Update Refs 0,170ms
[2020-11-04T21:43:00.915+0300][94,845s][info][gc] GC(678) Concurrent cleanup 426M->234M(512M) 0,078ms
[2020-11-04T21:43:00.954+0300][94,884s][info][gc] Trigger: Average GC time (99,90 ms) is above the time for allocation rate (1270 MB/s) to deplete free headroom (122M)
[2020-11-04T21:43:00.955+0300][94,885s][info][gc] GC(679) Concurrent reset 0,565ms
[2020-11-04T21:43:00.955+0300][94,885s][info][gc] GC(679) Pause Init Mark (unload classes) 0,118ms
[2020-11-04T21:43:01.018+0300][94,947s][info][gc] GC(679) Concurrent marking (unload classes) 62,273ms
[2020-11-04T21:43:01.018+0300][94,948s][info][gc] GC(679) Pause Final Mark (unload classes) 0,429ms
[2020-11-04T21:43:01.019+0300][94,949s][info][gc] GC(679) Concurrent weak roots 0,395ms
[2020-11-04T21:43:01.019+0300][94,949s][info][gc] GC(679) Concurrent cleanup 357M->357M(512M) 0,036ms
[2020-11-04T21:43:01.020+0300][94,950s][info][gc] GC(679) Concurrent class unloading 0,794ms
[2020-11-04T21:43:01.020+0300][94,950s][info][gc] GC(679) Concurrent strong roots 0,083ms
[2020-11-04T21:43:01.025+0300][94,954s][info][gc] GC(679) Concurrent evacuation 4,689ms
[2020-11-04T21:43:01.025+0300][94,955s][info][gc] GC(679) Pause Init Update Refs 0,015ms
[2020-11-04T21:43:01.055+0300][94,985s][info][gc] GC(679) Concurrent update references 30,540ms
[2020-11-04T21:43:01.056+0300][94,986s][info][gc] GC(679) Pause Final Update Refs 0,165ms
[2020-11-04T21:43:01.056+0300][94,986s][info][gc] GC(679) Concurrent cleanup 433M->240M(512M) 0,124ms
[2020-11-04T21:43:01.094+0300][95,024s][info][gc] Trigger: Average GC time (101,38 ms) is above the time for allocation rate (1296 MB/s) to deplete free headroom (128M)
[2020-11-04T21:43:01.095+0300][95,025s][info][gc] GC(680) Concurrent reset 0,578ms
[2020-11-04T21:43:01.095+0300][95,025s][info][gc] GC(680) Pause Init Mark (process weakrefs) (unload classes) 0,121ms
[2020-11-04T21:43:01.155+0300][95,085s][info][gc] GC(680) Concurrent marking (process weakrefs) (unload classes) 60,029ms
[2020-11-04T21:43:01.156+0300][95,086s][info][gc] GC(680) Concurrent precleaning 0,144ms
[2020-11-04T21:43:01.156+0300][95,086s][info][gc] GC(680) Pause Final Mark (process weakrefs) (unload classes) 0,374ms
[2020-11-04T21:43:01.157+0300][95,087s][info][gc] GC(680) Concurrent weak roots 0,378ms
[2020-11-04T21:43:01.157+0300][95,087s][info][gc] GC(680) Concurrent cleanup 352M->352M(512M) 0,045ms
[2020-11-04T21:43:01.158+0300][95,087s][info][gc] GC(680) Concurrent class unloading 0,764ms
[2020-11-04T21:43:01.158+0300][95,088s][info][gc] GC(680) Concurrent strong roots 0,088ms
[2020-11-04T21:43:01.162+0300][95,092s][info][gc] GC(680) Concurrent evacuation 4,719ms
[2020-11-04T21:43:01.163+0300][95,093s][info][gc] GC(680) Pause Init Update Refs 0,017ms
[2020-11-04T21:43:01.199+0300][95,128s][info][gc] GC(680) Concurrent update references 35,696ms
[2020-11-04T21:43:01.199+0300][95,129s][info][gc] GC(680) Pause Final Update Refs 0,331ms
[2020-11-04T21:43:01.200+0300][95,129s][info][gc] GC(680) Concurrent cleanup 407M->224M(512M) 0,123ms
[2020-11-04T21:43:01.246+0300][95,176s][info][gc] Trigger: Average GC time (102,89 ms) is above the time for allocation rate (1211 MB/s) to deplete free headroom (121M)
[2020-11-04T21:43:01.247+0300][95,177s][info][gc] GC(681) Concurrent reset 0,623ms
[2020-11-04T21:43:01.247+0300][95,177s][info][gc] GC(681) Pause Init Mark (unload classes) 0,104ms
[2020-11-04T21:43:01.315+0300][95,245s][info][gc] GC(681) Concurrent marking (unload classes) 67,925ms
[2020-11-04T21:43:01.316+0300][95,246s][info][gc] GC(681) Pause Final Mark (unload classes) 0,418ms
[2020-11-04T21:43:01.316+0300][95,246s][info][gc] GC(681) Concurrent weak roots 0,400ms
[2020-11-04T21:43:01.316+0300][95,246s][info][gc] GC(681) Concurrent cleanup 359M->359M(512M) 0,074ms
[2020-11-04T21:43:01.317+0300][95,247s][info][gc] GC(681) Concurrent class unloading 1,014ms
[2020-11-04T21:43:01.318+0300][95,247s][info][gc] GC(681) Concurrent strong roots 0,121ms
[2020-11-04T21:43:01.322+0300][95,252s][info][gc] GC(681) Concurrent evacuation 4,520ms
[2020-11-04T21:43:01.322+0300][95,252s][info][gc] GC(681) Pause Init Update Refs 0,021ms
[2020-11-04T21:43:01.356+0300][95,286s][info][gc] GC(681) Concurrent update references 33,619ms
[2020-11-04T21:43:01.357+0300][95,286s][info][gc] GC(681) Pause Final Update Refs 0,141ms
[2020-11-04T21:43:01.357+0300][95,287s][info][gc] GC(681) Concurrent cleanup 439M->255M(512M) 0,069ms
[2020-11-04T21:43:01.385+0300][95,315s][info][gc] Trigger: Average GC time (106,25 ms) is above the time for allocation rate (1225 MB/s) to deplete free headroom (129M)
[2020-11-04T21:43:01.386+0300][95,316s][info][gc] GC(682) Concurrent reset 0,551ms
[2020-11-04T21:43:01.386+0300][95,316s][info][gc] GC(682) Pause Init Mark (unload classes) 0,127ms
[2020-11-04T21:43:01.458+0300][95,388s][info][gc] GC(682) Concurrent marking (unload classes) 71,391ms
[2020-11-04T21:43:01.459+0300][95,388s][info][gc] GC(682) Pause Final Mark (unload classes) 0,404ms
[2020-11-04T21:43:01.459+0300][95,389s][info][gc] GC(682) Concurrent weak roots 0,476ms
[2020-11-04T21:43:01.459+0300][95,389s][info][gc] GC(682) Concurrent cleanup 352M->352M(512M) 0,033ms
[2020-11-04T21:43:01.460+0300][95,390s][info][gc] GC(682) Concurrent class unloading 0,930ms
[2020-11-04T21:43:01.460+0300][95,390s][info][gc] GC(682) Concurrent strong roots 0,107ms
[2020-11-04T21:43:01.466+0300][95,396s][info][gc] GC(682) Concurrent evacuation 5,576ms
[2020-11-04T21:43:01.466+0300][95,396s][info][gc] GC(682) Pause Init Update Refs 0,015ms
[2020-11-04T21:43:01.500+0300][95,429s][info][gc] GC(682) Concurrent update references 33,433ms
[2020-11-04T21:43:01.500+0300][95,430s][info][gc] GC(682) Pause Final Update Refs 0,180ms
[2020-11-04T21:43:01.500+0300][95,430s][info][gc] GC(682) Concurrent cleanup 437M->265M(512M) 0,135ms
[2020-11-04T21:43:01.526+0300][95,456s][info][gc] Trigger: Average GC time (109,16 ms) is above the time for allocation rate (1197 MB/s) to deplete free headroom (127M)
[2020-11-04T21:43:01.527+0300][95,456s][info][gc] GC(683) Concurrent reset 0,596ms
[2020-11-04T21:43:01.527+0300][95,457s][info][gc] GC(683) Pause Init Mark (unload classes) 0,115ms
[2020-11-04T21:43:01.598+0300][95,528s][info][gc] GC(683) Concurrent marking (unload classes) 71,350ms
[2020-11-04T21:43:01.599+0300][95,529s][info][gc] GC(683) Pause Final Mark (unload classes) 0,616ms
[2020-11-04T21:43:01.600+0300][95,529s][info][gc] GC(683) Concurrent weak roots 0,456ms
[2020-11-04T21:43:01.600+0300][95,530s][info][gc] GC(683) Concurrent cleanup 354M->354M(512M) 0,033ms
[2020-11-04T21:43:01.601+0300][95,530s][info][gc] GC(683) Concurrent class unloading 0,888ms
[2020-11-04T21:43:01.601+0300][95,531s][info][gc] GC(683) Concurrent strong roots 0,056ms
[2020-11-04T21:43:01.605+0300][95,535s][info][gc] GC(683) Concurrent evacuation 4,164ms
[2020-11-04T21:43:01.605+0300][95,535s][info][gc] GC(683) Pause Init Update Refs 0,019ms
[2020-11-04T21:43:01.641+0300][95,571s][info][gc] GC(683) Concurrent update references 33,995ms
[2020-11-04T21:43:01.641+0300][95,571s][info][gc] GC(683) Pause Final Update Refs 0,283ms
[2020-11-04T21:43:01.642+0300][95,571s][info][gc] GC(683) Concurrent cleanup 438M->270M(512M) 0,116ms
[2020-11-04T21:43:01.666+0300][95,596s][info][gc] Trigger: Average GC time (109,67 ms) is above the time for allocation rate (1176 MB/s) to deplete free headroom (125M)
[2020-11-04T21:43:01.667+0300][95,596s][info][gc] GC(684) Concurrent reset 0,656ms
[2020-11-04T21:43:01.667+0300][95,597s][info][gc] GC(684) Pause Init Mark (unload classes) 0,108ms
[2020-11-04T21:43:01.737+0300][95,666s][info][gc] GC(684) Concurrent marking (unload classes) 69,419ms
[2020-11-04T21:43:01.737+0300][95,667s][info][gc] GC(684) Pause Final Mark (unload classes) 0,686ms
[2020-11-04T21:43:01.738+0300][95,668s][info][gc] GC(684) Concurrent weak roots 0,432ms
[2020-11-04T21:43:01.738+0300][95,668s][info][gc] GC(684) Concurrent cleanup 355M->355M(512M) 0,038ms
[2020-11-04T21:43:01.739+0300][95,669s][info][gc] GC(684) Concurrent class unloading 0,917ms
[2020-11-04T21:43:01.739+0300][95,669s][info][gc] GC(684) Concurrent strong roots 0,132ms
[2020-11-04T21:43:01.744+0300][95,673s][info][gc] GC(684) Concurrent evacuation 4,494ms
[2020-11-04T21:43:01.744+0300][95,674s][info][gc] GC(684) Pause Init Update Refs 0,026ms
[2020-11-04T21:43:01.780+0300][95,710s][info][gc] GC(684) Concurrent update references 35,615ms
[2020-11-04T21:43:01.780+0300][95,710s][info][gc] GC(684) Pause Final Update Refs 0,138ms
[2020-11-04T21:43:01.780+0300][95,710s][info][gc] GC(684) Concurrent cleanup 436M->271M(512M) 0,115ms
[2020-11-04T21:43:01.804+0300][95,734s][info][gc] Trigger: Average GC time (112,17 ms) is above the time for allocation rate (1149 MB/s) to deplete free headroom (127M)
[2020-11-04T21:43:01.805+0300][95,734s][info][gc] GC(685) Concurrent reset 0,700ms
[2020-11-04T21:43:01.805+0300][95,735s][info][gc] GC(685) Pause Init Mark (process weakrefs) (unload classes) 0,122ms
[2020-11-04T21:43:01.874+0300][95,804s][info][gc] GC(685) Concurrent marking (process weakrefs) (unload classes) 69,074ms
[2020-11-04T21:43:01.874+0300][95,804s][info][gc] GC(685) Concurrent precleaning 0,201ms
[2020-11-04T21:43:01.875+0300][95,805s][info][gc] GC(685) Pause Final Mark (process weakrefs) (unload classes) 0,468ms
[2020-11-04T21:43:01.876+0300][95,805s][info][gc] GC(685) Concurrent weak roots 0,449ms
[2020-11-04T21:43:01.876+0300][95,805s][info][gc] GC(685) Concurrent cleanup 354M->354M(512M) 0,032ms
[2020-11-04T21:43:01.877+0300][95,807s][info][gc] GC(685) Concurrent class unloading 1,481ms
[2020-11-04T21:43:01.877+0300][95,807s][info][gc] GC(685) Concurrent strong roots 0,101ms
[2020-11-04T21:43:01.881+0300][95,811s][info][gc] GC(685) Concurrent evacuation 3,902ms
[2020-11-04T21:43:01.882+0300][95,811s][info][gc] GC(685) Pause Init Update Refs 0,017ms
[2020-11-04T21:43:01.931+0300][95,861s][info][gc] GC(685) Concurrent update references 49,661ms
[2020-11-04T21:43:01.932+0300][95,862s][info][gc] GC(685) Pause Final Update Refs 0,134ms
[2020-11-04T21:43:01.932+0300][95,862s][info][gc] GC(685) Concurrent cleanup 468M->309M(512M) 0,101ms
[2020-11-04T21:43:01.940+0300][95,870s][info][gc] Trigger: Average GC time (116,77 ms) is above the time for allocation rate (1118 MB/s) to deplete free headroom (128M)
[2020-11-04T21:43:01.941+0300][95,871s][info][gc] GC(686) Concurrent reset 0,709ms
[2020-11-04T21:43:01.942+0300][95,871s][info][gc] GC(686) Pause Init Mark (unload classes) 0,098ms
[2020-11-04T21:43:02.009+0300][95,939s][info][gc] GC(686) Concurrent marking (unload classes) 66,951ms
[2020-11-04T21:43:02.009+0300][95,939s][info][gc] GC(686) Pause Final Mark (unload classes) 0,449ms
[2020-11-04T21:43:02.010+0300][95,940s][info][gc] GC(686) Concurrent weak roots 0,319ms
[2020-11-04T21:43:02.010+0300][95,940s][info][gc] GC(686) Concurrent cleanup 352M->352M(512M) 0,044ms
[2020-11-04T21:43:02.011+0300][95,941s][info][gc] GC(686) Concurrent class unloading 1,100ms
[2020-11-04T21:43:02.011+0300][95,941s][info][gc] GC(686) Concurrent strong roots 0,159ms
[2020-11-04T21:43:02.015+0300][95,945s][info][gc] GC(686) Concurrent evacuation 3,806ms
[2020-11-04T21:43:02.015+0300][95,945s][info][gc] GC(686) Pause Init Update Refs 0,024ms
[2020-11-04T21:43:02.062+0300][95,992s][info][gc] GC(686) Concurrent update references 46,659ms
[2020-11-04T21:43:02.063+0300][95,992s][info][gc] GC(686) Pause Final Update Refs 0,133ms
[2020-11-04T21:43:02.063+0300][95,993s][info][gc] GC(686) Concurrent cleanup 452M->300M(512M) 0,073ms
[2020-11-04T21:43:02.074+0300][96,004s][info][gc] Trigger: Average GC time (119,11 ms) is above the time for allocation rate (1100 MB/s) to deplete free headroom (129M)
[2020-11-04T21:43:02.075+0300][96,005s][info][gc] GC(687) Concurrent reset 0,685ms
[2020-11-04T21:43:02.076+0300][96,005s][info][gc] GC(687) Pause Init Mark (unload classes) 0,109ms
[2020-11-04T21:43:02.152+0300][96,082s][info][gc] GC(687) Concurrent marking (unload classes) 76,718ms
[2020-11-04T21:43:02.153+0300][96,083s][info][gc] GC(687) Pause Final Mark (unload classes) 0,523ms
[2020-11-04T21:43:02.154+0300][96,084s][info][gc] GC(687) Concurrent weak roots 0,408ms
[2020-11-04T21:43:02.154+0300][96,084s][info][gc] GC(687) Concurrent cleanup 352M->352M(512M) 0,033ms
[2020-11-04T21:43:02.155+0300][96,085s][info][gc] GC(687) Concurrent class unloading 1,131ms
[2020-11-04T21:43:02.155+0300][96,085s][info][gc] GC(687) Concurrent strong roots 0,143ms
[2020-11-04T21:43:02.159+0300][96,089s][info][gc] GC(687) Concurrent evacuation 4,048ms
[2020-11-04T21:43:02.160+0300][96,089s][info][gc] GC(687) Pause Init Update Refs 0,016ms
[2020-11-04T21:43:02.209+0300][96,139s][info][gc] GC(687) Concurrent update references 49,438ms
[2020-11-04T21:43:02.210+0300][96,140s][info][gc] GC(687) Pause Final Update Refs 0,181ms
[2020-11-04T21:43:02.210+0300][96,140s][info][gc] GC(687) Concurrent cleanup 465M->317M(512M) 0,104ms
[2020-11-04T21:43:02.216+0300][96,146s][info][gc] Trigger: Average GC time (123,18 ms) is above the time for allocation rate (1033 MB/s) to deplete free headroom (125M)
[2020-11-04T21:43:02.217+0300][96,147s][info][gc] GC(688) Concurrent reset 0,610ms
[2020-11-04T21:43:02.217+0300][96,147s][info][gc] GC(688) Pause Init Mark (unload classes) 0,127ms
[2020-11-04T21:43:02.286+0300][96,216s][info][gc] GC(688) Concurrent marking (unload classes) 68,504ms
[2020-11-04T21:43:02.287+0300][96,217s][info][gc] GC(688) Pause Final Mark (unload classes) 0,558ms
[2020-11-04T21:43:02.287+0300][96,217s][info][gc] GC(688) Concurrent weak roots 0,481ms
[2020-11-04T21:43:02.287+0300][96,217s][info][gc] GC(688) Concurrent cleanup 355M->355M(512M) 0,037ms
[2020-11-04T21:43:02.288+0300][96,218s][info][gc] GC(688) Concurrent class unloading 1,074ms
[2020-11-04T21:43:02.289+0300][96,218s][info][gc] GC(688) Concurrent strong roots 0,129ms
[2020-11-04T21:43:02.294+0300][96,223s][info][gc] GC(688) Concurrent evacuation 4,892ms
[2020-11-04T21:43:02.294+0300][96,224s][info][gc] GC(688) Pause Init Update Refs 0,027ms
[2020-11-04T21:43:02.336+0300][96,266s][info][gc] GC(688) Concurrent update references 42,334ms
[2020-11-04T21:43:02.337+0300][96,267s][info][gc] GC(688) Pause Final Update Refs 0,183ms
[2020-11-04T21:43:02.337+0300][96,267s][info][gc] GC(688) Concurrent cleanup 436M->289M(512M) 0,101ms
[2020-11-04T21:43:02.354+0300][96,284s][info][gc] Trigger: Average GC time (124,19 ms) is above the time for allocation rate (1031 MB/s) to deplete free headroom (125M)
[2020-11-04T21:43:02.355+0300][96,285s][info][gc] GC(689) Concurrent reset 0,638ms
[2020-11-04T21:43:02.355+0300][96,285s][info][gc] GC(689) Pause Init Mark (unload classes) 0,115ms
[2020-11-04T21:43:02.424+0300][96,353s][info][gc] GC(689) Concurrent marking (unload classes) 68,460ms
[2020-11-04T21:43:02.424+0300][96,354s][info][gc] GC(689) Pause Final Mark (unload classes) 0,433ms
[2020-11-04T21:43:02.425+0300][96,355s][info][gc] GC(689) Concurrent weak roots 0,369ms
[2020-11-04T21:43:02.425+0300][96,355s][info][gc] GC(689) Concurrent cleanup 354M->354M(512M) 0,039ms
[2020-11-04T21:43:02.426+0300][96,355s][info][gc] GC(689) Concurrent class unloading 0,782ms
[2020-11-04T21:43:02.426+0300][96,356s][info][gc] GC(689) Concurrent strong roots 0,119ms
[2020-11-04T21:43:02.429+0300][96,359s][info][gc] GC(689) Concurrent evacuation 3,448ms
[2020-11-04T21:43:02.430+0300][96,359s][info][gc] GC(689) Pause Init Update Refs 0,026ms
[2020-11-04T21:43:02.470+0300][96,400s][info][gc] GC(689) Concurrent update references 40,709ms
[2020-11-04T21:43:02.471+0300][96,401s][info][gc] GC(689) Pause Final Update Refs 0,210ms
[2020-11-04T21:43:02.471+0300][96,401s][info][gc] GC(689) Concurrent cleanup 442M->300M(512M) 0,100ms
[2020-11-04T21:43:02.483+0300][96,413s][info][gc] Trigger: Average GC time (124,71 ms) is above the time for allocation rate (1043 MB/s) to deplete free headroom (129M)
[2020-11-04T21:43:02.484+0300][96,413s][info][gc] GC(690) Concurrent reset 0,704ms
[2020-11-04T21:43:02.484+0300][96,414s][info][gc] GC(690) Pause Init Mark (process weakrefs) (unload classes) 0,116ms
[2020-11-04T21:43:02.554+0300][96,484s][info][gc] GC(690) Concurrent marking (process weakrefs) (unload classes) 70,254ms
[2020-11-04T21:43:02.555+0300][96,484s][info][gc] GC(690) Concurrent precleaning 0,167ms
[2020-11-04T21:43:02.555+0300][96,485s][info][gc] GC(690) Pause Final Mark (process weakrefs) (unload classes) 0,379ms
[2020-11-04T21:43:02.556+0300][96,485s][info][gc] GC(690) Concurrent weak roots 0,486ms
[2020-11-04T21:43:02.556+0300][96,486s][info][gc] GC(690) Concurrent cleanup 351M->351M(512M) 0,037ms
[2020-11-04T21:43:02.557+0300][96,486s][info][gc] GC(690) Concurrent class unloading 0,893ms
[2020-11-04T21:43:02.557+0300][96,487s][info][gc] GC(690) Concurrent strong roots 0,061ms
[2020-11-04T21:43:02.560+0300][96,490s][info][gc] GC(690) Concurrent evacuation 3,275ms
[2020-11-04T21:43:02.560+0300][96,490s][info][gc] GC(690) Pause Init Update Refs 0,026ms
[2020-11-04T21:43:02.600+0300][96,530s][info][gc] GC(690) Concurrent update references 40,060ms
[2020-11-04T21:43:02.601+0300][96,531s][info][gc] GC(690) Pause Final Update Refs 0,179ms
[2020-11-04T21:43:02.601+0300][96,531s][info][gc] GC(690) Concurrent cleanup 444M->309M(512M) 0,109ms
[2020-11-04T21:43:02.611+0300][96,541s][info][gc] Trigger: Average GC time (122,76 ms) is above the time for allocation rate (1043 MB/s) to deplete free headroom (126M)
[2020-11-04T21:43:02.612+0300][96,541s][info][gc] GC(691) Concurrent reset 0,658ms
[2020-11-04T21:43:02.612+0300][96,542s][info][gc] GC(691) Pause Init Mark (unload classes) 0,121ms
[2020-11-04T21:43:02.684+0300][96,614s][info][gc] GC(691) Concurrent marking (unload classes) 71,683ms
[2020-11-04T21:43:02.684+0300][96,614s][info][gc] GC(691) Pause Final Mark (unload classes) 0,415ms
[2020-11-04T21:43:02.685+0300][96,615s][info][gc] GC(691) Concurrent weak roots 0,347ms
[2020-11-04T21:43:02.685+0300][96,615s][info][gc] GC(691) Concurrent cleanup 354M->355M(512M) 0,035ms
[2020-11-04T21:43:02.686+0300][96,616s][info][gc] GC(691) Concurrent class unloading 1,082ms
[2020-11-04T21:43:02.686+0300][96,616s][info][gc] GC(691) Concurrent strong roots 0,129ms
[2020-11-04T21:43:02.690+0300][96,620s][info][gc] GC(691) Concurrent evacuation 3,454ms
[2020-11-04T21:43:02.690+0300][96,620s][info][gc] GC(691) Pause Init Update Refs 0,026ms
[2020-11-04T21:43:02.731+0300][96,661s][info][gc] GC(691) Concurrent update references 41,412ms
[2020-11-04T21:43:02.732+0300][96,662s][info][gc] GC(691) Pause Final Update Refs 0,138ms
[2020-11-04T21:43:02.732+0300][96,662s][info][gc] GC(691) Concurrent cleanup 450M->316M(512M) 0,079ms
[2020-11-04T21:43:02.740+0300][96,669s][info][gc] Trigger: Average GC time (122,55 ms) is above the time for allocation rate (1022 MB/s) to deplete free headroom (124M)
[2020-11-04T21:43:02.740+0300][96,670s][info][gc] GC(692) Concurrent reset 0,659ms
[2020-11-04T21:43:02.741+0300][96,671s][info][gc] GC(692) Pause Init Mark (unload classes) 0,269ms
[2020-11-04T21:43:02.823+0300][96,753s][info][gc] GC(692) Concurrent marking (unload classes) 82,511ms
[2020-11-04T21:43:02.824+0300][96,754s][info][gc] GC(692) Pause Final Mark (unload classes) 0,500ms
[2020-11-04T21:43:02.825+0300][96,755s][info][gc] GC(692) Concurrent weak roots 0,515ms
[2020-11-04T21:43:02.825+0300][96,755s][info][gc] GC(692) Concurrent cleanup 357M->357M(512M) 0,035ms
[2020-11-04T21:43:02.826+0300][96,756s][info][gc] GC(692) Concurrent class unloading 0,926ms
[2020-11-04T21:43:02.826+0300][96,756s][info][gc] GC(692) Concurrent strong roots 0,133ms
[2020-11-04T21:43:02.830+0300][96,760s][info][gc] GC(692) Concurrent evacuation 4,228ms
[2020-11-04T21:43:02.831+0300][96,760s][info][gc] GC(692) Pause Init Update Refs 0,015ms
[2020-11-04T21:43:02.877+0300][96,807s][info][gc] GC(692) Concurrent update references 46,180ms
[2020-11-04T21:43:02.877+0300][96,807s][info][gc] GC(692) Pause Final Update Refs 0,199ms
[2020-11-04T21:43:02.878+0300][96,807s][info][gc] GC(692) Concurrent cleanup 431M->299M(512M) 0,107ms
[2020-11-04T21:43:02.898+0300][96,827s][info][gc] Trigger: Average GC time (123,07 ms) is above the time for allocation rate (906 MB/s) to deplete free headroom (108M)
[2020-11-04T21:43:02.898+0300][96,828s][info][gc] GC(693) Concurrent reset 0,644ms
[2020-11-04T21:43:02.899+0300][96,829s][info][gc] GC(693) Pause Init Mark (unload classes) 0,116ms
[2020-11-04T21:43:02.965+0300][96,894s][info][gc] GC(693) Concurrent marking (unload classes) 65,731ms
[2020-11-04T21:43:02.965+0300][96,895s][info][gc] GC(693) Pause Final Mark (unload classes) 0,402ms
[2020-11-04T21:43:02.966+0300][96,896s][info][gc] GC(693) Concurrent weak roots 0,374ms
[2020-11-04T21:43:02.966+0300][96,896s][info][gc] GC(693) Concurrent cleanup 369M->365M(512M) 0,039ms
[2020-11-04T21:43:02.967+0300][96,897s][info][gc] GC(693) Concurrent class unloading 1,011ms
[2020-11-04T21:43:02.967+0300][96,897s][info][gc] GC(693) Concurrent strong roots 0,122ms
[2020-11-04T21:43:02.971+0300][96,901s][info][gc] GC(693) Concurrent evacuation 3,707ms
[2020-11-04T21:43:02.971+0300][96,901s][info][gc] GC(693) Pause Init Update Refs 0,017ms
[2020-11-04T21:43:02.995+0300][96,925s][info][gc] GC(693) Concurrent update references 24,434ms
[2020-11-04T21:43:02.996+0300][96,926s][info][gc] GC(693) Pause Final Update Refs 0,275ms
[2020-11-04T21:43:02.996+0300][96,926s][info][gc] GC(693) Concurrent cleanup 408M->169M(512M) 0,159ms
[2020-11-04T21:43:03.049+0300][96,979s][info][gc] Trigger: Average GC time (118,65 ms) is above the time for allocation rate (1298 MB/s) to deplete free headroom (150M)
[2020-11-04T21:43:03.050+0300][96,980s][info][gc] GC(694) Concurrent reset 0,617ms
[2020-11-04T21:43:03.050+0300][96,980s][info][gc] GC(694) Pause Init Mark (unload classes) 0,153ms
[2020-11-04T21:43:03.098+0300][97,028s][info][gc] GC(694) Concurrent marking (unload classes) 47,451ms
[2020-11-04T21:43:03.099+0300][97,028s][info][gc] GC(694) Pause Final Mark (unload classes) 0,395ms
[2020-11-04T21:43:03.099+0300][97,029s][info][gc] GC(694) Concurrent weak roots 0,303ms
[2020-11-04T21:43:03.099+0300][97,029s][info][gc] GC(694) Concurrent cleanup 331M->331M(512M) 0,035ms
[2020-11-04T21:43:03.100+0300][97,030s][info][gc] GC(694) Concurrent class unloading 1,016ms
[2020-11-04T21:43:03.100+0300][97,030s][info][gc] GC(694) Concurrent strong roots 0,121ms
[2020-11-04T21:43:03.105+0300][97,035s][info][gc] GC(694) Concurrent evacuation 5,310ms
[2020-11-04T21:43:03.106+0300][97,036s][info][gc] GC(694) Pause Init Update Refs 0,010ms
[2020-11-04T21:43:03.139+0300][97,069s][info][gc] GC(694) Concurrent update references 32,963ms
[2020-11-04T21:43:03.139+0300][97,069s][info][gc] GC(694) Pause Final Update Refs 0,260ms
[2020-11-04T21:43:03.140+0300][97,069s][info][gc] GC(694) Concurrent cleanup 409M->212M(512M) 0,104ms
[2020-11-04T21:43:03.172+0300][97,102s][info][gc] Trigger: Average GC time (113,29 ms) is above the time for allocation rate (1459 MB/s) to deplete free headroom (161M)
[2020-11-04T21:43:03.173+0300][97,103s][info][gc] GC(695) Concurrent reset 0,556ms
[2020-11-04T21:43:03.174+0300][97,103s][info][gc] GC(695) Pause Init Mark (process weakrefs) (unload classes) 0,339ms
[2020-11-04T21:43:03.220+0300][97,149s][info][gc] GC(695) Concurrent marking (process weakrefs) (unload classes) 45,872ms
[2020-11-04T21:43:03.220+0300][97,150s][info][gc] GC(695) Concurrent precleaning 0,191ms
[2020-11-04T21:43:03.221+0300][97,150s][info][gc] GC(695) Pause Final Mark (process weakrefs) (unload classes) 0,527ms
[2020-11-04T21:43:03.221+0300][97,151s][info][gc] GC(695) Concurrent weak roots 0,399ms
[2020-11-04T21:43:03.221+0300][97,151s][info][gc] GC(695) Concurrent cleanup 323M->323M(512M) 0,034ms
[2020-11-04T21:43:03.222+0300][97,152s][info][gc] GC(695) Concurrent class unloading 0,804ms
[2020-11-04T21:43:03.222+0300][97,152s][info][gc] GC(695) Concurrent strong roots 0,129ms
[2020-11-04T21:43:03.228+0300][97,157s][info][gc] GC(695) Concurrent evacuation 5,405ms
[2020-11-04T21:43:03.228+0300][97,158s][info][gc] GC(695) Pause Init Update Refs 0,015ms
[2020-11-04T21:43:03.263+0300][97,193s][info][gc] GC(695) Concurrent update references 35,006ms
[2020-11-04T21:43:03.264+0300][97,193s][info][gc] GC(695) Pause Final Update Refs 0,386ms
[2020-11-04T21:43:03.264+0300][97,194s][info][gc] GC(695) Concurrent cleanup 409M->229M(512M) 0,099ms
[2020-11-04T21:43:03.290+0300][97,220s][info][gc] Trigger: Average GC time (107,89 ms) is above the time for allocation rate (1491 MB/s) to deplete free headroom (160M)
[2020-11-04T21:43:03.291+0300][97,221s][info][gc] GC(696) Concurrent reset 0,579ms
[2020-11-04T21:43:03.291+0300][97,221s][info][gc] GC(696) Pause Init Mark (unload classes) 0,175ms
[2020-11-04T21:43:03.354+0300][97,284s][info][gc] GC(696) Concurrent marking (unload classes) 62,663ms
[2020-11-04T21:43:03.355+0300][97,285s][info][gc] GC(696) Pause Final Mark (unload classes) 0,647ms
[2020-11-04T21:43:03.356+0300][97,285s][info][gc] GC(696) Concurrent weak roots 0,385ms
[2020-11-04T21:43:03.356+0300][97,285s][info][gc] GC(696) Concurrent cleanup 324M->324M(512M) 0,036ms
[2020-11-04T21:43:03.356+0300][97,286s][info][gc] GC(696) Concurrent class unloading 0,770ms
[2020-11-04T21:43:03.357+0300][97,286s][info][gc] GC(696) Concurrent strong roots 0,141ms
[2020-11-04T21:43:03.361+0300][97,291s][info][gc] GC(696) Concurrent evacuation 4,226ms
[2020-11-04T21:43:03.361+0300][97,291s][info][gc] GC(696) Pause Init Update Refs 0,014ms
[2020-11-04T21:43:03.387+0300][97,317s][info][gc] GC(696) Concurrent update references 25,750ms
[2020-11-04T21:43:03.387+0300][97,317s][info][gc] GC(696) Pause Final Update Refs 0,317ms
[2020-11-04T21:43:03.388+0300][97,318s][info][gc] GC(696) Concurrent cleanup 386M->210M(512M) 0,108ms
[2020-11-04T21:43:03.429+0300][97,359s][info][gc] Trigger: Average GC time (103,11 ms) is above the time for allocation rate (1377 MB/s) to deplete free headroom (140M)
[2020-11-04T21:43:03.430+0300][97,360s][info][gc] GC(697) Concurrent reset 0,589ms
[2020-11-04T21:43:03.430+0300][97,360s][info][gc] GC(697) Pause Init Mark (unload classes) 0,212ms
[2020-11-04T21:43:03.482+0300][97,412s][info][gc] GC(697) Concurrent marking (unload classes) 51,656ms
[2020-11-04T21:43:03.483+0300][97,413s][info][gc] GC(697) Pause Final Mark (unload classes) 0,589ms
[2020-11-04T21:43:03.483+0300][97,413s][info][gc] GC(697) Concurrent weak roots 0,532ms
[2020-11-04T21:43:03.483+0300][97,413s][info][gc] GC(697) Concurrent cleanup 342M->342M(512M) 0,044ms
[2020-11-04T21:43:03.484+0300][97,414s][info][gc] GC(697) Concurrent class unloading 0,801ms
[2020-11-04T21:43:03.484+0300][97,414s][info][gc] GC(697) Concurrent strong roots 0,123ms
[2020-11-04T21:43:03.490+0300][97,420s][info][gc] GC(697) Concurrent evacuation 6,016ms
[2020-11-04T21:43:03.491+0300][97,421s][info][gc] GC(697) Pause Init Update Refs 0,025ms
[2020-11-04T21:43:03.518+0300][97,447s][info][gc] GC(697) Concurrent update references 26,796ms
[2020-11-04T21:43:03.518+0300][97,448s][info][gc] GC(697) Pause Final Update Refs 0,342ms
[2020-11-04T21:43:03.518+0300][97,448s][info][gc] GC(697) Concurrent cleanup 416M->224M(512M) 0,114ms
[2020-11-04T21:43:03.556+0300][97,485s][info][gc] Trigger: Average GC time (93,38 ms) is above the time for allocation rate (1485 MB/s) to deplete free headroom (138M)
[2020-11-04T21:43:03.556+0300][97,486s][info][gc] GC(698) Concurrent reset 0,586ms
[2020-11-04T21:43:03.557+0300][97,487s][info][gc] GC(698) Pause Init Mark (unload classes) 0,251ms
[2020-11-04T21:43:03.607+0300][97,537s][info][gc] GC(698) Concurrent marking (unload classes) 50,149ms
[2020-11-04T21:43:03.608+0300][97,538s][info][gc] GC(698) Pause Final Mark (unload classes) 0,731ms
[2020-11-04T21:43:03.608+0300][97,538s][info][gc] GC(698) Concurrent weak roots 0,457ms
[2020-11-04T21:43:03.609+0300][97,538s][info][gc] GC(698) Concurrent cleanup 344M->344M(512M) 0,036ms
[2020-11-04T21:43:03.609+0300][97,539s][info][gc] GC(698) Concurrent class unloading 0,889ms
[2020-11-04T21:43:03.610+0300][97,539s][info][gc] GC(698) Concurrent strong roots 0,057ms
[2020-11-04T21:43:03.614+0300][97,544s][info][gc] GC(698) Concurrent evacuation 4,449ms
[2020-11-04T21:43:03.614+0300][97,544s][info][gc] GC(698) Pause Init Update Refs 0,014ms
[2020-11-04T21:43:03.642+0300][97,572s][info][gc] GC(698) Concurrent update references 27,542ms
[2020-11-04T21:43:03.642+0300][97,572s][info][gc] GC(698) Pause Final Update Refs 0,227ms
[2020-11-04T21:43:03.643+0300][97,572s][info][gc] GC(698) Concurrent cleanup 416M->228M(512M) 0,132ms
[2020-11-04T21:43:03.680+0300][97,609s][info][gc] Trigger: Average GC time (91,06 ms) is above the time for allocation rate (1493 MB/s) to deplete free headroom (135M)
[2020-11-04T21:43:03.680+0300][97,610s][info][gc] GC(699) Concurrent reset 0,603ms
[2020-11-04T21:43:03.681+0300][97,610s][info][gc] GC(699) Pause Init Mark (unload classes) 0,128ms
[2020-11-04T21:43:03.738+0300][97,668s][info][gc] GC(699) Concurrent marking (unload classes) 57,572ms
[2020-11-04T21:43:03.739+0300][97,669s][info][gc] GC(699) Pause Final Mark (unload classes) 0,325ms
[2020-11-04T21:43:03.739+0300][97,669s][info][gc] GC(699) Concurrent weak roots 0,321ms
[2020-11-04T21:43:03.739+0300][97,669s][info][gc] GC(699) Concurrent cleanup 347M->347M(512M) 0,033ms
[2020-11-04T21:43:03.741+0300][97,670s][info][gc] GC(699) Concurrent class unloading 1,223ms
[2020-11-04T21:43:03.741+0300][97,670s][info][gc] GC(699) Concurrent strong roots 0,062ms
[2020-11-04T21:43:03.745+0300][97,675s][info][gc] GC(699) Concurrent evacuation 4,267ms
[2020-11-04T21:43:03.745+0300][97,675s][info][gc] GC(699) Pause Init Update Refs 0,015ms
[2020-11-04T21:43:03.774+0300][97,704s][info][gc] GC(699) Concurrent update references 28,539ms
[2020-11-04T21:43:03.774+0300][97,704s][info][gc] GC(699) Pause Final Update Refs 0,161ms
[2020-11-04T21:43:03.774+0300][97,704s][info][gc] GC(699) Concurrent cleanup 417M->231M(512M) 0,114ms
[2020-11-04T21:43:03.812+0300][97,742s][info][gc] Trigger: Average GC time (91,94 ms) is above the time for allocation rate (1403 MB/s) to deplete free headroom (128M)
[2020-11-04T21:43:03.813+0300][97,743s][info][gc] GC(700) Concurrent reset 0,572ms
[2020-11-04T21:43:03.813+0300][97,743s][info][gc] GC(700) Pause Init Mark (process weakrefs) (unload classes) 0,123ms
[2020-11-04T21:43:03.885+0300][97,815s][info][gc] GC(700) Concurrent marking (process weakrefs) (unload classes) 71,227ms
[2020-11-04T21:43:03.885+0300][97,815s][info][gc] GC(700) Concurrent precleaning 0,190ms
[2020-11-04T21:43:03.886+0300][97,816s][info][gc] GC(700) Pause Final Mark (process weakrefs) (unload classes) 0,708ms
[2020-11-04T21:43:03.886+0300][97,816s][info][gc] GC(700) Concurrent weak roots 0,393ms
[2020-11-04T21:43:03.886+0300][97,816s][info][gc] GC(700) Concurrent cleanup 353M->353M(512M) 0,044ms
[2020-11-04T21:43:03.888+0300][97,817s][info][gc] GC(700) Concurrent class unloading 1,217ms
[2020-11-04T21:43:03.888+0300][97,818s][info][gc] GC(700) Concurrent strong roots 0,095ms
[2020-11-04T21:43:03.893+0300][97,823s][info][gc] GC(700) Concurrent evacuation 5,647ms
[2020-11-04T21:43:03.894+0300][97,823s][info][gc] GC(700) Pause Init Update Refs 0,016ms
[2020-11-04T21:43:03.925+0300][97,855s][info][gc] GC(700) Concurrent update references 31,140ms
[2020-11-04T21:43:03.925+0300][97,855s][info][gc] GC(700) Pause Final Update Refs 0,137ms
[2020-11-04T21:43:03.926+0300][97,855s][info][gc] GC(700) Concurrent cleanup 428M->241M(512M) 0,123ms
[2020-11-04T21:43:03.964+0300][97,893s][info][gc] Trigger: Average GC time (96,27 ms) is above the time for allocation rate (1262 MB/s) to deplete free headroom (118M)
[2020-11-04T21:43:03.964+0300][97,894s][info][gc] GC(701) Concurrent reset 0,586ms
[2020-11-04T21:43:03.965+0300][97,894s][info][gc] GC(701) Pause Init Mark (unload classes) 0,106ms
[2020-11-04T21:43:04.026+0300][97,956s][info][gc] GC(701) Concurrent marking (unload classes) 61,112ms
[2020-11-04T21:43:04.026+0300][97,956s][info][gc] GC(701) Pause Final Mark (unload classes) 0,407ms
[2020-11-04T21:43:04.027+0300][97,957s][info][gc] GC(701) Concurrent weak roots 0,339ms
[2020-11-04T21:43:04.027+0300][97,957s][info][gc] GC(701) Concurrent cleanup 361M->361M(512M) 0,026ms
[2020-11-04T21:43:04.028+0300][97,958s][info][gc] GC(701) Concurrent class unloading 1,080ms
[2020-11-04T21:43:04.028+0300][97,958s][info][gc] GC(701) Concurrent strong roots 0,093ms
[2020-11-04T21:43:04.033+0300][97,963s][info][gc] GC(701) Concurrent evacuation 5,280ms
[2020-11-04T21:43:04.034+0300][97,964s][info][gc] GC(701) Pause Init Update Refs 0,022ms
[2020-11-04T21:43:04.078+0300][98,008s][info][gc] GC(701) Concurrent update references 44,085ms
[2020-11-04T21:43:04.078+0300][98,008s][info][gc] GC(701) Pause Final Update Refs 0,150ms
[2020-11-04T21:43:04.079+0300][98,008s][info][gc] GC(701) Concurrent cleanup 466M->275M(512M) 0,125ms
[2020-11-04T21:43:04.101+0300][98,031s][info][gc] Trigger: Average GC time (99,79 ms) is above the time for allocation rate (1292 MB/s) to deplete free headroom (126M)
[2020-11-04T21:43:04.102+0300][98,031s][info][gc] GC(702) Concurrent reset 0,651ms
[2020-11-04T21:43:04.102+0300][98,032s][info][gc] GC(702) Pause Init Mark (unload classes) 0,115ms
[2020-11-04T21:43:04.166+0300][98,096s][info][gc] GC(702) Concurrent marking (unload classes) 64,110ms
[2020-11-04T21:43:04.167+0300][98,097s][info][gc] GC(702) Pause Final Mark (unload classes) 0,509ms
[2020-11-04T21:43:04.167+0300][98,097s][info][gc] GC(702) Concurrent weak roots 0,479ms
[2020-11-04T21:43:04.168+0300][98,097s][info][gc] GC(702) Concurrent cleanup 355M->355M(512M) 0,036ms
[2020-11-04T21:43:04.169+0300][98,098s][info][gc] GC(702) Concurrent class unloading 1,046ms
[2020-11-04T21:43:04.169+0300][98,099s][info][gc] GC(702) Concurrent strong roots 0,128ms
[2020-11-04T21:43:04.173+0300][98,103s][info][gc] GC(702) Concurrent evacuation 4,324ms
[2020-11-04T21:43:04.173+0300][98,103s][info][gc] GC(702) Pause Init Update Refs 0,018ms
[2020-11-04T21:43:04.210+0300][98,140s][info][gc] GC(702) Concurrent update references 36,188ms
[2020-11-04T21:43:04.210+0300][98,140s][info][gc] GC(702) Pause Final Update Refs 0,203ms
[2020-11-04T21:43:04.210+0300][98,140s][info][gc] GC(702) Concurrent cleanup 416M->238M(512M) 0,109ms
[2020-11-04T21:43:04.253+0300][98,183s][info][gc] Trigger: Average GC time (103,85 ms) is above the time for allocation rate (1170 MB/s) to deplete free headroom (121M)
[2020-11-04T21:43:04.254+0300][98,183s][info][gc] GC(703) Concurrent reset 0,618ms
[2020-11-04T21:43:04.254+0300][98,184s][info][gc] GC(703) Pause Init Mark (unload classes) 0,117ms
[2020-11-04T21:43:04.326+0300][98,255s][info][gc] GC(703) Concurrent marking (unload classes) 71,544ms
[2020-11-04T21:43:04.326+0300][98,256s][info][gc] GC(703) Pause Final Mark (unload classes) 0,415ms
[2020-11-04T21:43:04.327+0300][98,257s][info][gc] GC(703) Concurrent weak roots 0,376ms
[2020-11-04T21:43:04.327+0300][98,257s][info][gc] GC(703) Concurrent cleanup 360M->360M(512M) 0,035ms
[2020-11-04T21:43:04.328+0300][98,258s][info][gc] GC(703) Concurrent class unloading 1,163ms
[2020-11-04T21:43:04.328+0300][98,258s][info][gc] GC(703) Concurrent strong roots 0,080ms
[2020-11-04T21:43:04.332+0300][98,262s][info][gc] GC(703) Concurrent evacuation 4,289ms
[2020-11-04T21:43:04.333+0300][98,263s][info][gc] GC(703) Pause Init Update Refs 0,015ms
[2020-11-04T21:43:04.370+0300][98,300s][info][gc] GC(703) Concurrent update references 37,541ms
[2020-11-04T21:43:04.371+0300][98,301s][info][gc] GC(703) Pause Final Update Refs 0,132ms
[2020-11-04T21:43:04.371+0300][98,301s][info][gc] GC(703) Concurrent cleanup 429M->251M(512M) 0,083ms
[2020-11-04T21:43:04.408+0300][98,338s][info][gc] Trigger: Average GC time (110,04 ms) is above the time for allocation rate (1122 MB/s) to deplete free headroom (119M)
[2020-11-04T21:43:04.409+0300][98,339s][info][gc] GC(704) Concurrent reset 0,637ms
[2020-11-04T21:43:04.409+0300][98,339s][info][gc] GC(704) Pause Init Mark (unload classes) 0,253ms
[2020-11-04T21:43:04.491+0300][98,420s][info][gc] GC(704) Concurrent marking (unload classes) 81,197ms
[2020-11-04T21:43:04.491+0300][98,421s][info][gc] GC(704) Pause Final Mark (unload classes) 0,461ms
[2020-11-04T21:43:04.492+0300][98,421s][info][gc] GC(704) Concurrent weak roots 0,407ms
[2020-11-04T21:43:04.492+0300][98,422s][info][gc] GC(704) Concurrent cleanup 360M->360M(512M) 0,050ms
[2020-11-04T21:43:04.493+0300][98,422s][info][gc] GC(704) Concurrent class unloading 0,899ms
[2020-11-04T21:43:04.493+0300][98,423s][info][gc] GC(704) Concurrent strong roots 0,056ms
[2020-11-04T21:43:04.497+0300][98,427s][info][gc] GC(704) Concurrent evacuation 4,123ms
[2020-11-04T21:43:04.497+0300][98,427s][info][gc] GC(704) Pause Init Update Refs 0,016ms
[2020-11-04T21:43:04.531+0300][98,461s][info][gc] GC(704) Concurrent update references 34,130ms
[2020-11-04T21:43:04.532+0300][98,462s][info][gc] GC(704) Pause Final Update Refs 0,155ms
[2020-11-04T21:43:04.532+0300][98,462s][info][gc] GC(704) Concurrent cleanup 442M->269M(512M) 0,065ms
[2020-11-04T21:43:04.556+0300][98,486s][info][gc] Trigger: Average GC time (115,89 ms) is above the time for allocation rate (1093 MB/s) to deplete free headroom (126M)
[2020-11-04T21:43:04.557+0300][98,487s][info][gc] GC(705) Concurrent reset 0,608ms
[2020-11-04T21:43:04.557+0300][98,487s][info][gc] GC(705) Pause Init Mark (process weakrefs) (unload classes) 0,113ms
[2020-11-04T21:43:04.631+0300][98,561s][info][gc] GC(705) Concurrent marking (process weakrefs) (unload classes) 73,571ms
[2020-11-04T21:43:04.631+0300][98,561s][info][gc] GC(705) Concurrent precleaning 0,178ms
[2020-11-04T21:43:04.632+0300][98,562s][info][gc] GC(705) Pause Final Mark (process weakrefs) (unload classes) 0,481ms
[2020-11-04T21:43:04.633+0300][98,562s][info][gc] GC(705) Concurrent weak roots 0,440ms
[2020-11-04T21:43:04.633+0300][98,562s][info][gc] GC(705) Concurrent cleanup 354M->354M(512M) 0,034ms
[2020-11-04T21:43:04.634+0300][98,563s][info][gc] GC(705) Concurrent class unloading 1,014ms
[2020-11-04T21:43:04.634+0300][98,564s][info][gc] GC(705) Concurrent strong roots 0,070ms
[2020-11-04T21:43:04.638+0300][98,568s][info][gc] GC(705) Concurrent evacuation 4,087ms
[2020-11-04T21:43:04.638+0300][98,568s][info][gc] GC(705) Pause Init Update Refs 0,014ms
[2020-11-04T21:43:04.673+0300][98,603s][info][gc] GC(705) Concurrent update references 35,095ms
[2020-11-04T21:43:04.674+0300][98,604s][info][gc] GC(705) Pause Final Update Refs 0,125ms
[2020-11-04T21:43:04.674+0300][98,604s][info][gc] GC(705) Concurrent cleanup 440M->278M(512M) 0,116ms
[2020-11-04T21:43:04.694+0300][98,624s][info][gc] Trigger: Average GC time (116,80 ms) is above the time for allocation rate (1127 MB/s) to deplete free headroom (128M)
[2020-11-04T21:43:04.695+0300][98,625s][info][gc] GC(706) Concurrent reset 0,607ms
[2020-11-04T21:43:04.695+0300][98,625s][info][gc] GC(706) Pause Init Mark (unload classes) 0,149ms
[2020-11-04T21:43:04.770+0300][98,700s][info][gc] GC(706) Concurrent marking (unload classes) 74,983ms
[2020-11-04T21:43:04.771+0300][98,701s][info][gc] GC(706) Pause Final Mark (unload classes) 0,388ms
[2020-11-04T21:43:04.772+0300][98,701s][info][gc] GC(706) Concurrent weak roots 0,499ms
[2020-11-04T21:43:04.772+0300][98,701s][info][gc] GC(706) Concurrent cleanup 352M->352M(512M) 0,034ms
[2020-11-04T21:43:04.773+0300][98,702s][info][gc] GC(706) Concurrent class unloading 0,933ms
[2020-11-04T21:43:04.773+0300][98,703s][info][gc] GC(706) Concurrent strong roots 0,062ms
[2020-11-04T21:43:04.777+0300][98,707s][info][gc] GC(706) Concurrent evacuation 4,053ms
[2020-11-04T21:43:04.777+0300][98,707s][info][gc] GC(706) Pause Init Update Refs 0,010ms
[2020-11-04T21:43:04.813+0300][98,743s][info][gc] GC(706) Concurrent update references 35,802ms
[2020-11-04T21:43:04.813+0300][98,743s][info][gc] GC(706) Pause Final Update Refs 0,151ms
[2020-11-04T21:43:04.814+0300][98,743s][info][gc] GC(706) Concurrent cleanup 435M->280M(512M) 0,097ms
[2020-11-04T21:43:04.834+0300][98,764s][info][gc] Trigger: Average GC time (117,70 ms) is above the time for allocation rate (1094 MB/s) to deplete free headroom (126M)
[2020-11-04T21:43:04.834+0300][98,764s][info][gc] GC(707) Concurrent reset 0,599ms
[2020-11-04T21:43:04.835+0300][98,765s][info][gc] GC(707) Pause Init Mark (unload classes) 0,110ms
[2020-11-04T21:43:04.902+0300][98,832s][info][gc] GC(707) Concurrent marking (unload classes) 66,887ms
[2020-11-04T21:43:04.903+0300][98,832s][info][gc] GC(707) Pause Final Mark (unload classes) 0,462ms
[2020-11-04T21:43:04.903+0300][98,833s][info][gc] GC(707) Concurrent weak roots 0,342ms
[2020-11-04T21:43:04.903+0300][98,833s][info][gc] GC(707) Concurrent cleanup 354M->354M(512M) 0,031ms
[2020-11-04T21:43:04.904+0300][98,834s][info][gc] GC(707) Concurrent class unloading 0,899ms
[2020-11-04T21:43:04.904+0300][98,834s][info][gc] GC(707) Concurrent strong roots 0,061ms
[2020-11-04T21:43:04.908+0300][98,838s][info][gc] GC(707) Concurrent evacuation 4,185ms
[2020-11-04T21:43:04.909+0300][98,838s][info][gc] GC(707) Pause Init Update Refs 0,015ms
[2020-11-04T21:43:04.947+0300][98,877s][info][gc] GC(707) Concurrent update references 38,222ms
[2020-11-04T21:43:04.947+0300][98,877s][info][gc] GC(707) Pause Final Update Refs 0,134ms
[2020-11-04T21:43:04.948+0300][98,877s][info][gc] GC(707) Concurrent cleanup 440M->286M(512M) 0,097ms
[2020-11-04T21:43:04.964+0300][98,893s][info][gc] Trigger: Average GC time (118,54 ms) is above the time for allocation rate (1110 MB/s) to deplete free headroom (130M)
[2020-11-04T21:43:04.964+0300][98,894s][info][gc] GC(708) Concurrent reset 0,593ms
[2020-11-04T21:43:04.965+0300][98,895s][info][gc] GC(708) Pause Init Mark (unload classes) 0,221ms
[2020-11-04T21:43:05.035+0300][98,965s][info][gc] GC(708) Concurrent marking (unload classes) 70,428ms
[2020-11-04T21:43:05.036+0300][98,966s][info][gc] GC(708) Pause Final Mark (unload classes) 0,427ms
[2020-11-04T21:43:05.037+0300][98,966s][info][gc] GC(708) Concurrent weak roots 0,484ms
[2020-11-04T21:43:05.037+0300][98,966s][info][gc] GC(708) Concurrent cleanup 349M->349M(512M) 0,033ms
[2020-11-04T21:43:05.038+0300][98,967s][info][gc] GC(708) Concurrent class unloading 0,891ms
[2020-11-04T21:43:05.038+0300][98,967s][info][gc] GC(708) Concurrent strong roots 0,062ms
[2020-11-04T21:43:05.041+0300][98,971s][info][gc] GC(708) Concurrent evacuation 3,781ms
[2020-11-04T21:43:05.042+0300][98,972s][info][gc] GC(708) Pause Init Update Refs 0,021ms
[2020-11-04T21:43:05.080+0300][99,010s][info][gc] GC(708) Concurrent update references 38,329ms
[2020-11-04T21:43:05.081+0300][99,011s][info][gc] GC(708) Pause Final Update Refs 0,144ms
[2020-11-04T21:43:05.081+0300][99,011s][info][gc] GC(708) Concurrent cleanup 436M->291M(512M) 0,092ms
[2020-11-04T21:43:05.097+0300][99,027s][info][gc] Trigger: Average GC time (118,40 ms) is above the time for allocation rate (1085 MB/s) to deplete free headroom (126M)
[2020-11-04T21:43:05.097+0300][99,027s][info][gc] GC(709) Concurrent reset 0,569ms
[2020-11-04T21:43:05.098+0300][99,028s][info][gc] GC(709) Pause Init Mark (unload classes) 0,131ms
[2020-11-04T21:43:05.167+0300][99,097s][info][gc] GC(709) Concurrent marking (unload classes) 68,852ms
[2020-11-04T21:43:05.168+0300][99,098s][info][gc] GC(709) Pause Final Mark (unload classes) 0,525ms
[2020-11-04T21:43:05.168+0300][99,098s][info][gc] GC(709) Concurrent weak roots 0,349ms
[2020-11-04T21:43:05.168+0300][99,098s][info][gc] GC(709) Concurrent cleanup 354M->354M(512M) 0,040ms
[2020-11-04T21:43:05.169+0300][99,099s][info][gc] GC(709) Concurrent class unloading 0,883ms
[2020-11-04T21:43:05.169+0300][99,099s][info][gc] GC(709) Concurrent strong roots 0,074ms
[2020-11-04T21:43:05.174+0300][99,104s][info][gc] GC(709) Concurrent evacuation 4,641ms
[2020-11-04T21:43:05.174+0300][99,104s][info][gc] GC(709) Pause Init Update Refs 0,013ms
[2020-11-04T21:43:05.214+0300][99,143s][info][gc] GC(709) Concurrent update references 39,427ms
[2020-11-04T21:43:05.214+0300][99,144s][info][gc] GC(709) Pause Final Update Refs 0,273ms
[2020-11-04T21:43:05.214+0300][99,144s][info][gc] GC(709) Concurrent cleanup 442M->298M(512M) 0,110ms
[2020-11-04T21:43:05.228+0300][99,158s][info][gc] Trigger: Average GC time (117,12 ms) is above the time for allocation rate (1070 MB/s) to deplete free headroom (125M)
[2020-11-04T21:43:05.229+0300][99,159s][info][gc] GC(710) Concurrent reset 0,587ms
[2020-11-04T21:43:05.229+0300][99,159s][info][gc] GC(710) Pause Init Mark (process weakrefs) (unload classes) 0,210ms
[2020-11-04T21:43:05.305+0300][99,235s][info][gc] GC(710) Concurrent marking (process weakrefs) (unload classes) 75,367ms
[2020-11-04T21:43:05.305+0300][99,235s][info][gc] GC(710) Concurrent precleaning 0,156ms
[2020-11-04T21:43:05.306+0300][99,236s][info][gc] GC(710) Pause Final Mark (process weakrefs) (unload classes) 0,899ms
[2020-11-04T21:43:05.307+0300][99,237s][info][gc] GC(710) Concurrent weak roots 0,430ms
[2020-11-04T21:43:05.307+0300][99,237s][info][gc] GC(710) Concurrent cleanup 355M->355M(512M) 0,038ms
[2020-11-04T21:43:05.308+0300][99,238s][info][gc] GC(710) Concurrent class unloading 0,983ms
[2020-11-04T21:43:05.308+0300][99,238s][info][gc] GC(710) Concurrent strong roots 0,061ms
[2020-11-04T21:43:05.311+0300][99,241s][info][gc] GC(710) Concurrent evacuation 3,514ms
[2020-11-04T21:43:05.312+0300][99,242s][info][gc] GC(710) Pause Init Update Refs 0,022ms
[2020-11-04T21:43:05.364+0300][99,294s][info][gc] GC(710) Concurrent update references 52,471ms
[2020-11-04T21:43:05.365+0300][99,295s][info][gc] GC(710) Pause Final Update Refs 0,336ms
[2020-11-04T21:43:05.365+0300][99,295s][info][gc] GC(710) Concurrent cleanup 476M->335M(512M) 0,102ms
[2020-11-04T21:43:05.366+0300][99,296s][info][gc] Trigger: Average GC time (120,97 ms) is above the time for allocation rate (1020 MB/s) to deplete free headroom (121M)
[2020-11-04T21:43:05.367+0300][99,296s][info][gc] GC(711) Concurrent reset 0,405ms
[2020-11-04T21:43:05.367+0300][99,297s][info][gc] GC(711) Pause Init Mark (unload classes) 0,166ms
[2020-11-04T21:43:05.440+0300][99,369s][info][gc] GC(711) Concurrent marking (unload classes) 72,412ms
[2020-11-04T21:43:05.440+0300][99,370s][info][gc] GC(711) Pause Final Mark (unload classes) 0,636ms
[2020-11-04T21:43:05.441+0300][99,371s][info][gc] GC(711) Concurrent weak roots 0,564ms
[2020-11-04T21:43:05.441+0300][99,371s][info][gc] GC(711) Concurrent cleanup 358M->358M(512M) 0,037ms
[2020-11-04T21:43:05.442+0300][99,372s][info][gc] GC(711) Concurrent class unloading 0,874ms
[2020-11-04T21:43:05.442+0300][99,372s][info][gc] GC(711) Concurrent strong roots 0,059ms
[2020-11-04T21:43:05.446+0300][99,376s][info][gc] GC(711) Concurrent evacuation 3,811ms
[2020-11-04T21:43:05.446+0300][99,376s][info][gc] GC(711) Pause Init Update Refs 0,013ms
[2020-11-04T21:43:05.488+0300][99,417s][info][gc] GC(711) Concurrent update references 41,290ms
[2020-11-04T21:43:05.488+0300][99,418s][info][gc] GC(711) Pause Final Update Refs 0,297ms
[2020-11-04T21:43:05.488+0300][99,418s][info][gc] GC(711) Concurrent cleanup 450M->309M(512M) 0,113ms
[2020-11-04T21:43:05.499+0300][99,429s][info][gc] Trigger: Average GC time (121,50 ms) is above the time for allocation rate (1023 MB/s) to deplete free headroom (122M)
[2020-11-04T21:43:05.500+0300][99,429s][info][gc] GC(712) Concurrent reset 0,651ms
[2020-11-04T21:43:05.500+0300][99,430s][info][gc] GC(712) Pause Init Mark (unload classes) 0,258ms
[2020-11-04T21:43:05.574+0300][99,504s][info][gc] GC(712) Concurrent marking (unload classes) 73,578ms
[2020-11-04T21:43:05.575+0300][99,504s][info][gc] GC(712) Pause Final Mark (unload classes) 0,585ms
[2020-11-04T21:43:05.575+0300][99,505s][info][gc] GC(712) Concurrent weak roots 0,365ms
[2020-11-04T21:43:05.575+0300][99,505s][info][gc] GC(712) Concurrent cleanup 357M->357M(512M) 0,042ms
[2020-11-04T21:43:05.576+0300][99,506s][info][gc] GC(712) Concurrent class unloading 0,916ms
[2020-11-04T21:43:05.576+0300][99,506s][info][gc] GC(712) Concurrent strong roots 0,142ms
[2020-11-04T21:43:05.580+0300][99,510s][info][gc] GC(712) Concurrent evacuation 3,626ms
[2020-11-04T21:43:05.580+0300][99,510s][info][gc] GC(712) Pause Init Update Refs 0,024ms
[2020-11-04T21:43:05.621+0300][99,551s][info][gc] GC(712) Concurrent update references 40,740ms
[2020-11-04T21:43:05.622+0300][99,551s][info][gc] GC(712) Pause Final Update Refs 0,335ms
[2020-11-04T21:43:05.622+0300][99,552s][info][gc] GC(712) Concurrent cleanup 449M->313M(512M) 0,084ms
[2020-11-04T21:43:05.631+0300][99,561s][info][gc] Trigger: Average GC time (123,29 ms) is above the time for allocation rate (1004 MB/s) to deplete free headroom (121M)
[2020-11-04T21:43:05.632+0300][99,562s][info][gc] GC(713) Concurrent reset 0,583ms
[2020-11-04T21:43:05.632+0300][99,562s][info][gc] GC(713) Pause Init Mark (unload classes) 0,200ms
[2020-11-04T21:43:05.708+0300][99,638s][info][gc] GC(713) Concurrent marking (unload classes) 75,984ms
[2020-11-04T21:43:05.709+0300][99,639s][info][gc] GC(713) Pause Final Mark (unload classes) 0,647ms
[2020-11-04T21:43:05.710+0300][99,640s][info][gc] GC(713) Concurrent weak roots 0,427ms
[2020-11-04T21:43:05.710+0300][99,640s][info][gc] GC(713) Concurrent cleanup 358M->358M(512M) 0,033ms
[2020-11-04T21:43:05.711+0300][99,640s][info][gc] GC(713) Concurrent class unloading 0,818ms
[2020-11-04T21:43:05.711+0300][99,641s][info][gc] GC(713) Concurrent strong roots 0,132ms
[2020-11-04T21:43:05.714+0300][99,644s][info][gc] GC(713) Concurrent evacuation 3,612ms
[2020-11-04T21:43:05.715+0300][99,645s][info][gc] GC(713) Pause Init Update Refs 0,016ms
[2020-11-04T21:43:05.757+0300][99,686s][info][gc] GC(713) Concurrent update references 41,793ms
[2020-11-04T21:43:05.757+0300][99,687s][info][gc] GC(713) Pause Final Update Refs 0,290ms
[2020-11-04T21:43:05.757+0300][99,687s][info][gc] GC(713) Concurrent cleanup 433M->300M(512M) 0,095ms
[2020-11-04T21:43:05.776+0300][99,705s][info][gc] Trigger: Average GC time (125,06 ms) is above the time for allocation rate (940 MB/s) to deplete free headroom (114M)
[2020-11-04T21:43:05.776+0300][99,706s][info][gc] GC(714) Concurrent reset 0,597ms
[2020-11-04T21:43:05.777+0300][99,707s][info][gc] GC(714) Pause Init Mark (unload classes) 0,211ms
[2020-11-04T21:43:05.843+0300][99,772s][info][gc] GC(714) Concurrent marking (unload classes) 65,687ms
[2020-11-04T21:43:05.843+0300][99,773s][info][gc] GC(714) Pause Final Mark (unload classes) 0,735ms
[2020-11-04T21:43:05.844+0300][99,774s][info][gc] GC(714) Concurrent weak roots 0,401ms
[2020-11-04T21:43:05.844+0300][99,774s][info][gc] GC(714) Concurrent cleanup 364M->360M(512M) 0,037ms
[2020-11-04T21:43:05.845+0300][99,775s][info][gc] GC(714) Concurrent class unloading 1,413ms
[2020-11-04T21:43:05.846+0300][99,775s][info][gc] GC(714) Concurrent strong roots 0,142ms
[2020-11-04T21:43:05.849+0300][99,778s][info][gc] GC(714) Concurrent evacuation 2,927ms
[2020-11-04T21:43:05.849+0300][99,779s][info][gc] GC(714) Pause Init Update Refs 0,025ms
[2020-11-04T21:43:05.870+0300][99,800s][info][gc] GC(714) Concurrent update references 21,145ms
[2020-11-04T21:43:05.871+0300][99,801s][info][gc] GC(714) Pause Final Update Refs 0,354ms
[2020-11-04T21:43:05.871+0300][99,801s][info][gc] GC(714) Concurrent cleanup 412M->180M(512M) 0,125ms
[2020-11-04T21:43:05.917+0300][99,846s][info][gc] Trigger: Average GC time (120,62 ms) is above the time for allocation rate (1327 MB/s) to deplete free headroom (159M)
[2020-11-04T21:43:05.917+0300][99,847s][info][gc] GC(715) Concurrent reset 0,582ms
[2020-11-04T21:43:05.918+0300][99,848s][info][gc] GC(715) Pause Init Mark (process weakrefs) (unload classes) 0,294ms
[2020-11-04T21:43:05.990+0300][99,919s][info][gc] GC(715) Concurrent marking (process weakrefs) (unload classes) 71,690ms
[2020-11-04T21:43:05.990+0300][99,920s][info][gc] GC(715) Concurrent precleaning 0,159ms
[2020-11-04T21:43:05.991+0300][99,921s][info][gc] GC(715) Pause Final Mark (process weakrefs) (unload classes) 0,695ms
[2020-11-04T21:43:05.991+0300][99,921s][info][gc] GC(715) Concurrent weak roots 0,402ms
[2020-11-04T21:43:05.991+0300][99,921s][info][gc] GC(715) Concurrent cleanup 325M->325M(512M) 0,033ms
[2020-11-04T21:43:05.992+0300][99,922s][info][gc] GC(715) Concurrent class unloading 0,810ms
[2020-11-04T21:43:05.992+0300][99,922s][info][gc] GC(715) Concurrent strong roots 0,069ms
[2020-11-04T21:43:05.997+0300][99,927s][info][gc] GC(715) Concurrent evacuation 4,915ms
[2020-11-04T21:43:05.997+0300][99,927s][info][gc] GC(715) Pause Init Update Refs 0,021ms
[2020-11-04T21:43:06.021+0300][99,951s][info][gc] GC(715) Concurrent update references 23,377ms
[2020-11-04T21:43:06.021+0300][99,951s][info][gc] GC(715) Pause Final Update Refs 0,331ms
[2020-11-04T21:43:06.022+0300][99,951s][info][gc] GC(715) Concurrent cleanup 386M->199M(512M) 0,112ms
[2020-11-04T21:43:06.065+0300][99,995s][info][gc] Trigger: Average GC time (114,27 ms) is above the time for allocation rate (1307 MB/s) to deplete free headroom (146M)
[2020-11-04T21:43:06.066+0300][99,996s][info][gc] GC(716) Concurrent reset 0,565ms
[2020-11-04T21:43:06.066+0300][99,996s][info][gc] GC(716) Pause Init Mark (unload classes) 0,339ms
[2020-11-04T21:43:06.135+0300][100,065s][info][gc] GC(716) Concurrent marking (unload classes) 68,530ms
[2020-11-04T21:43:06.136+0300][100,066s][info][gc] GC(716) Pause Final Mark (unload classes) 0,649ms
[2020-11-04T21:43:06.137+0300][100,066s][info][gc] GC(716) Concurrent weak roots 0,465ms
[2020-11-04T21:43:06.137+0300][100,066s][info][gc] GC(716) Concurrent cleanup 336M->336M(512M) 0,038ms
[2020-11-04T21:43:06.137+0300][100,067s][info][gc] GC(716) Concurrent class unloading 0,788ms
[2020-11-04T21:43:06.138+0300][100,067s][info][gc] GC(716) Concurrent strong roots 0,064ms
[2020-11-04T21:43:06.143+0300][100,073s][info][gc] GC(716) Concurrent evacuation 5,074ms
[2020-11-04T21:43:06.143+0300][100,073s][info][gc] GC(716) Pause Init Update Refs 0,020ms
[2020-11-04T21:43:06.169+0300][100,099s][info][gc] GC(716) Concurrent update references 25,705ms
[2020-11-04T21:43:06.169+0300][100,099s][info][gc] GC(716) Pause Final Update Refs 0,229ms
[2020-11-04T21:43:06.170+0300][100,099s][info][gc] GC(716) Concurrent cleanup 397M->203M(512M) 0,106ms
[2020-11-04T21:43:06.213+0300][100,143s][info][gc] Trigger: Average GC time (110,72 ms) is above the time for allocation rate (1298 MB/s) to deplete free headroom (142M)
[2020-11-04T21:43:06.214+0300][100,143s][info][gc] GC(717) Concurrent reset 0,573ms
[2020-11-04T21:43:06.214+0300][100,144s][info][gc] GC(717) Pause Init Mark (unload classes) 0,244ms
[2020-11-04T21:43:06.268+0300][100,198s][info][gc] GC(717) Concurrent marking (unload classes) 54,305ms
[2020-11-04T21:43:06.269+0300][100,199s][info][gc] GC(717) Pause Final Mark (unload classes) 0,605ms
[2020-11-04T21:43:06.270+0300][100,200s][info][gc] GC(717) Concurrent weak roots 0,384ms
[2020-11-04T21:43:06.270+0300][100,200s][info][gc] GC(717) Concurrent cleanup 340M->340M(512M) 0,033ms
[2020-11-04T21:43:06.271+0300][100,201s][info][gc] GC(717) Concurrent class unloading 0,869ms
[2020-11-04T21:43:06.271+0300][100,201s][info][gc] GC(717) Concurrent strong roots 0,052ms
[2020-11-04T21:43:06.277+0300][100,207s][info][gc] GC(717) Concurrent evacuation 6,199ms
[2020-11-04T21:43:06.277+0300][100,207s][info][gc] GC(717) Pause Init Update Refs 0,021ms
[2020-11-04T21:43:06.307+0300][100,237s][info][gc] GC(717) Concurrent update references 29,529ms
[2020-11-04T21:43:06.308+0300][100,237s][info][gc] GC(717) Pause Final Update Refs 0,282ms
[2020-11-04T21:43:06.308+0300][100,238s][info][gc] GC(717) Concurrent cleanup 396M->203M(512M) 0,111ms
[2020-11-04T21:43:06.351+0300][100,281s][info][gc] Trigger: Average GC time (105,15 ms) is above the time for allocation rate (1355 MB/s) to deplete free headroom (141M)
[2020-11-04T21:43:06.352+0300][100,282s][info][gc] GC(718) Concurrent reset 0,621ms
[2020-11-04T21:43:06.353+0300][100,282s][info][gc] GC(718) Pause Init Mark (unload classes) 0,278ms
[2020-11-04T21:43:06.414+0300][100,344s][info][gc] GC(718) Concurrent marking (unload classes) 61,262ms
[2020-11-04T21:43:06.415+0300][100,345s][info][gc] GC(718) Pause Final Mark (unload classes) 0,658ms
[2020-11-04T21:43:06.416+0300][100,345s][info][gc] GC(718) Concurrent weak roots 0,476ms
[2020-11-04T21:43:06.416+0300][100,345s][info][gc] GC(718) Concurrent cleanup 342M->342M(512M) 0,035ms
[2020-11-04T21:43:06.417+0300][100,346s][info][gc] GC(718) Concurrent class unloading 0,961ms
[2020-11-04T21:43:06.417+0300][100,347s][info][gc] GC(718) Concurrent strong roots 0,072ms
[2020-11-04T21:43:06.423+0300][100,353s][info][gc] GC(718) Concurrent evacuation 6,078ms
[2020-11-04T21:43:06.423+0300][100,353s][info][gc] GC(718) Pause Init Update Refs 0,024ms
[2020-11-04T21:43:06.454+0300][100,384s][info][gc] GC(718) Concurrent update references 30,470ms
[2020-11-04T21:43:06.454+0300][100,384s][info][gc] GC(718) Pause Final Update Refs 0,276ms
[2020-11-04T21:43:06.454+0300][100,384s][info][gc] GC(718) Concurrent cleanup 400M->212M(512M) 0,111ms
[2020-11-04T21:43:06.499+0300][100,429s][info][gc] Trigger: Average GC time (100,55 ms) is above the time for allocation rate (1308 MB/s) to deplete free headroom (130M)
[2020-11-04T21:43:06.500+0300][100,429s][info][gc] GC(719) Concurrent reset 0,591ms
[2020-11-04T21:43:06.500+0300][100,430s][info][gc] GC(719) Pause Init Mark (unload classes) 0,348ms
[2020-11-04T21:43:06.551+0300][100,481s][info][gc] GC(719) Concurrent marking (unload classes) 50,756ms
[2020-11-04T21:43:06.552+0300][100,482s][info][gc] GC(719) Pause Final Mark (unload classes) 0,624ms
[2020-11-04T21:43:06.553+0300][100,482s][info][gc] GC(719) Concurrent weak roots 0,403ms
[2020-11-04T21:43:06.553+0300][100,482s][info][gc] GC(719) Concurrent cleanup 351M->351M(512M) 0,036ms
[2020-11-04T21:43:06.554+0300][100,484s][info][gc] GC(719) Concurrent class unloading 1,124ms
[2020-11-04T21:43:06.554+0300][100,484s][info][gc] GC(719) Concurrent strong roots 0,120ms
[2020-11-04T21:43:06.559+0300][100,489s][info][gc] GC(719) Concurrent evacuation 5,214ms
[2020-11-04T21:43:06.559+0300][100,489s][info][gc] GC(719) Pause Init Update Refs 0,016ms
[2020-11-04T21:43:06.592+0300][100,522s][info][gc] GC(719) Concurrent update references 32,356ms
[2020-11-04T21:43:06.592+0300][100,522s][info][gc] GC(719) Pause Final Update Refs 0,175ms
[2020-11-04T21:43:06.593+0300][100,522s][info][gc] GC(719) Concurrent cleanup 408M->215M(512M) 0,115ms
[2020-11-04T21:43:06.635+0300][100,565s][info][gc] Trigger: Average GC time (100,20 ms) is above the time for allocation rate (1364 MB/s) to deplete free headroom (133M)
[2020-11-04T21:43:06.636+0300][100,565s][info][gc] GC(720) Concurrent reset 0,633ms
[2020-11-04T21:43:06.637+0300][100,567s][info][gc] GC(720) Pause Init Mark (process weakrefs) (unload classes) 0,265ms
[2020-11-04T21:43:06.692+0300][100,622s][info][gc] GC(720) Concurrent marking (process weakrefs) (unload classes) 55,033ms
[2020-11-04T21:43:06.692+0300][100,622s][info][gc] GC(720) Concurrent precleaning 0,165ms
[2020-11-04T21:43:06.694+0300][100,623s][info][gc] GC(720) Pause Final Mark (process weakrefs) (unload classes) 0,863ms
[2020-11-04T21:43:06.694+0300][100,624s][info][gc] GC(720) Concurrent weak roots 0,442ms
[2020-11-04T21:43:06.694+0300][100,624s][info][gc] GC(720) Concurrent cleanup 351M->351M(512M) 0,038ms
[2020-11-04T21:43:06.695+0300][100,625s][info][gc] GC(720) Concurrent class unloading 1,064ms
[2020-11-04T21:43:06.695+0300][100,625s][info][gc] GC(720) Concurrent strong roots 0,159ms
[2020-11-04T21:43:06.700+0300][100,630s][info][gc] GC(720) Concurrent evacuation 4,713ms
[2020-11-04T21:43:06.700+0300][100,630s][info][gc] GC(720) Pause Init Update Refs 0,025ms
[2020-11-04T21:43:06.731+0300][100,660s][info][gc] GC(720) Concurrent update references 30,016ms
[2020-11-04T21:43:06.731+0300][100,661s][info][gc] GC(720) Pause Final Update Refs 0,339ms
[2020-11-04T21:43:06.731+0300][100,661s][info][gc] GC(720) Concurrent cleanup 426M->238M(512M) 0,106ms
[2020-11-04T21:43:06.764+0300][100,694s][info][gc] Trigger: Average GC time (98,48 ms) is above the time for allocation rate (1393 MB/s) to deplete free headroom (135M)
[2020-11-04T21:43:06.765+0300][100,695s][info][gc] GC(721) Concurrent reset 0,583ms
[2020-11-04T21:43:06.766+0300][100,695s][info][gc] GC(721) Pause Init Mark (unload classes) 0,266ms
[2020-11-04T21:43:06.821+0300][100,751s][info][gc] GC(721) Concurrent marking (unload classes) 55,520ms
[2020-11-04T21:43:06.822+0300][100,752s][info][gc] GC(721) Pause Final Mark (unload classes) 0,596ms
[2020-11-04T21:43:06.823+0300][100,753s][info][gc] GC(721) Concurrent weak roots 0,600ms
[2020-11-04T21:43:06.823+0300][100,753s][info][gc] GC(721) Concurrent cleanup 346M->346M(512M) 0,038ms
[2020-11-04T21:43:06.824+0300][100,754s][info][gc] GC(721) Concurrent class unloading 0,904ms
[2020-11-04T21:43:06.824+0300][100,754s][info][gc] GC(721) Concurrent strong roots 0,064ms
[2020-11-04T21:43:06.830+0300][100,759s][info][gc] GC(721) Concurrent evacuation 5,660ms
[2020-11-04T21:43:06.830+0300][100,760s][info][gc] GC(721) Pause Init Update Refs 0,026ms
[2020-11-04T21:43:06.860+0300][100,790s][info][gc] GC(721) Concurrent update references 30,564ms
[2020-11-04T21:43:06.861+0300][100,791s][info][gc] GC(721) Pause Final Update Refs 0,376ms
[2020-11-04T21:43:06.861+0300][100,791s][info][gc] GC(721) Concurrent cleanup 426M->248M(512M) 0,117ms
[2020-11-04T21:43:06.891+0300][100,821s][info][gc] Trigger: Average GC time (97,00 ms) is above the time for allocation rate (1378 MB/s) to deplete free headroom (133M)
[2020-11-04T21:43:06.892+0300][100,822s][info][gc] GC(722) Concurrent reset 0,720ms
[2020-11-04T21:43:06.892+0300][100,822s][info][gc] GC(722) Pause Init Mark (unload classes) 0,275ms
[2020-11-04T21:43:06.958+0300][100,887s][info][gc] GC(722) Concurrent marking (unload classes) 65,083ms
[2020-11-04T21:43:06.959+0300][100,888s][info][gc] GC(722) Pause Final Mark (unload classes) 0,739ms
[2020-11-04T21:43:06.959+0300][100,889s][info][gc] GC(722) Concurrent weak roots 0,470ms
[2020-11-04T21:43:06.959+0300][100,889s][info][gc] GC(722) Concurrent cleanup 349M->349M(512M) 0,037ms
[2020-11-04T21:43:06.960+0300][100,890s][info][gc] GC(722) Concurrent class unloading 0,931ms
[2020-11-04T21:43:06.960+0300][100,890s][info][gc] GC(722) Concurrent strong roots 0,064ms
[2020-11-04T21:43:06.966+0300][100,896s][info][gc] GC(722) Concurrent evacuation 5,618ms
[2020-11-04T21:43:06.966+0300][100,896s][info][gc] GC(722) Pause Init Update Refs 0,022ms
[2020-11-04T21:43:06.997+0300][100,927s][info][gc] GC(722) Concurrent update references 31,048ms
[2020-11-04T21:43:06.998+0300][100,928s][info][gc] GC(722) Pause Final Update Refs 0,378ms
[2020-11-04T21:43:06.998+0300][100,928s][info][gc] GC(722) Concurrent cleanup 431M->256M(512M) 0,099ms
[2020-11-04T21:43:07.028+0300][100,958s][info][gc] Trigger: Average GC time (99,44 ms) is above the time for allocation rate (1295 MB/s) to deplete free headroom (125M)
[2020-11-04T21:43:07.029+0300][100,958s][info][gc] GC(723) Concurrent reset 0,618ms
[2020-11-04T21:43:07.029+0300][100,959s][info][gc] GC(723) Pause Init Mark (unload classes) 0,232ms
[2020-11-04T21:43:07.093+0300][101,023s][info][gc] GC(723) Concurrent marking (unload classes) 64,323ms
[2020-11-04T21:43:07.095+0300][101,024s][info][gc] GC(723) Pause Final Mark (unload classes) 0,891ms
[2020-11-04T21:43:07.095+0300][101,025s][info][gc] GC(723) Concurrent weak roots 0,452ms
[2020-11-04T21:43:07.095+0300][101,025s][info][gc] GC(723) Concurrent cleanup 356M->356M(512M) 0,037ms
[2020-11-04T21:43:07.096+0300][101,026s][info][gc] GC(723) Concurrent class unloading 1,037ms
[2020-11-04T21:43:07.096+0300][101,026s][info][gc] GC(723) Concurrent strong roots 0,084ms
[2020-11-04T21:43:07.101+0300][101,030s][info][gc] GC(723) Concurrent evacuation 4,297ms
[2020-11-04T21:43:07.101+0300][101,031s][info][gc] GC(723) Pause Init Update Refs 0,021ms
[2020-11-04T21:43:07.134+0300][101,063s][info][gc] GC(723) Concurrent update references 32,435ms
[2020-11-04T21:43:07.134+0300][101,064s][info][gc] GC(723) Pause Final Update Refs 0,302ms
[2020-11-04T21:43:07.134+0300][101,064s][info][gc] GC(723) Concurrent cleanup 436M->258M(512M) 0,116ms
[2020-11-04T21:43:07.163+0300][101,093s][info][gc] Trigger: Average GC time (100,11 ms) is above the time for allocation rate (1274 MB/s) to deplete free headroom (125M)
[2020-11-04T21:43:07.164+0300][101,093s][info][gc] GC(724) Concurrent reset 0,662ms
[2020-11-04T21:43:07.164+0300][101,094s][info][gc] GC(724) Pause Init Mark (unload classes) 0,258ms
[2020-11-04T21:43:07.235+0300][101,165s][info][gc] GC(724) Concurrent marking (unload classes) 70,647ms
[2020-11-04T21:43:07.236+0300][101,166s][info][gc] GC(724) Pause Final Mark (unload classes) 0,553ms
[2020-11-04T21:43:07.236+0300][101,166s][info][gc] GC(724) Concurrent weak roots 0,412ms
[2020-11-04T21:43:07.236+0300][101,166s][info][gc] GC(724) Concurrent cleanup 355M->355M(512M) 0,061ms
[2020-11-04T21:43:07.237+0300][101,167s][info][gc] GC(724) Concurrent class unloading 0,836ms
[2020-11-04T21:43:07.237+0300][101,167s][info][gc] GC(724) Concurrent strong roots 0,083ms
[2020-11-04T21:43:07.241+0300][101,171s][info][gc] GC(724) Concurrent evacuation 4,148ms
[2020-11-04T21:43:07.242+0300][101,172s][info][gc] GC(724) Pause Init Update Refs 0,024ms
[2020-11-04T21:43:07.275+0300][101,204s][info][gc] GC(724) Concurrent update references 32,815ms
[2020-11-04T21:43:07.275+0300][101,205s][info][gc] GC(724) Pause Final Update Refs 0,227ms
[2020-11-04T21:43:07.275+0300][101,205s][info][gc] GC(724) Concurrent cleanup 437M->265M(512M) 0,122ms
[2020-11-04T21:43:07.302+0300][101,232s][info][gc] Trigger: Average GC time (103,86 ms) is above the time for allocation rate (1208 MB/s) to deplete free headroom (124M)
[2020-11-04T21:43:07.303+0300][101,232s][info][gc] GC(725) Concurrent reset 0,633ms
[2020-11-04T21:43:07.303+0300][101,233s][info][gc] GC(725) Pause Init Mark (process weakrefs) (unload classes) 0,342ms
[2020-11-04T21:43:07.371+0300][101,300s][info][gc] GC(725) Concurrent marking (process weakrefs) (unload classes) 67,366ms
[2020-11-04T21:43:07.371+0300][101,301s][info][gc] GC(725) Concurrent precleaning 0,187ms
[2020-11-04T21:43:07.372+0300][101,302s][info][gc] GC(725) Pause Final Mark (process weakrefs) (unload classes) 0,752ms
[2020-11-04T21:43:07.372+0300][101,302s][info][gc] GC(725) Concurrent weak roots 0,432ms
[2020-11-04T21:43:07.372+0300][101,302s][info][gc] GC(725) Concurrent cleanup 356M->356M(512M) 0,034ms
[2020-11-04T21:43:07.373+0300][101,303s][info][gc] GC(725) Concurrent class unloading 0,829ms
[2020-11-04T21:43:07.373+0300][101,303s][info][gc] GC(725) Concurrent strong roots 0,112ms
[2020-11-04T21:43:07.378+0300][101,307s][info][gc] GC(725) Concurrent evacuation 4,154ms
[2020-11-04T21:43:07.378+0300][101,308s][info][gc] GC(725) Pause Init Update Refs 0,025ms
[2020-11-04T21:43:07.422+0300][101,352s][info][gc] GC(725) Concurrent update references 43,976ms
[2020-11-04T21:43:07.422+0300][101,352s][info][gc] GC(725) Pause Final Update Refs 0,150ms
[2020-11-04T21:43:07.423+0300][101,352s][info][gc] GC(725) Concurrent cleanup 461M->293M(512M) 0,086ms
[2020-11-04T21:43:07.438+0300][101,367s][info][gc] Trigger: Average GC time (108,70 ms) is above the time for allocation rate (1178 MB/s) to deplete free headroom (128M)
[2020-11-04T21:43:07.438+0300][101,368s][info][gc] GC(726) Concurrent reset 0,559ms
[2020-11-04T21:43:07.438+0300][101,368s][info][gc] GC(726) Pause Init Mark (unload classes) 0,098ms
[2020-11-04T21:43:07.571+0300][101,501s][info][gc] GC(726) Concurrent marking (unload classes) 132,739ms
[2020-11-04T21:43:07.572+0300][101,502s][info][gc] GC(726) Pause Final Mark (unload classes) 0,353ms
[2020-11-04T21:43:07.572+0300][101,502s][info][gc] GC(726) Concurrent weak roots 0,309ms
[2020-11-04T21:43:07.572+0300][101,502s][info][gc] GC(726) Concurrent cleanup 353M->353M(512M) 0,029ms
[2020-11-04T21:43:07.573+0300][101,503s][info][gc] GC(726) Concurrent class unloading 0,913ms
[2020-11-04T21:43:07.573+0300][101,503s][info][gc] GC(726) Concurrent strong roots 0,040ms
[2020-11-04T21:43:07.579+0300][101,508s][info][gc] GC(726) Concurrent evacuation 5,332ms
[2020-11-04T21:43:07.579+0300][101,509s][info][gc] GC(726) Pause Init Update Refs 0,010ms
[2020-11-04T21:43:07.632+0300][101,562s][info][gc] GC(726) Concurrent update references 53,106ms
[2020-11-04T21:43:07.632+0300][101,562s][info][gc] GC(726) Pause Final Update Refs 0,124ms
[2020-11-04T21:43:07.632+0300][101,562s][info][gc] GC(726) Concurrent cleanup 459M->300M(512M) 0,061ms
[2020-11-04T21:43:07.659+0300][101,589s][info][gc] Trigger: Average GC time (128,30 ms) is above the time for allocation rate (809 MB/s) to deplete free headroom (103M)
[2020-11-04T21:43:07.660+0300][101,589s][info][gc] GC(727) Concurrent reset 0,505ms
[2020-11-04T21:43:07.660+0300][101,590s][info][gc] GC(727) Pause Init Mark (unload classes) 0,091ms
[2020-11-04T21:43:07.749+0300][101,679s][info][gc] GC(727) Concurrent marking (unload classes) 88,942ms
[2020-11-04T21:43:07.749+0300][101,679s][info][gc] GC(727) Pause Final Mark (unload classes) 0,344ms
[2020-11-04T21:43:07.750+0300][101,679s][info][gc] GC(727) Concurrent weak roots 0,282ms
[2020-11-04T21:43:07.750+0300][101,680s][info][gc] GC(727) Concurrent cleanup 374M->374M(512M) 0,024ms
[2020-11-04T21:43:07.751+0300][101,680s][info][gc] GC(727) Concurrent class unloading 0,803ms
[2020-11-04T21:43:07.751+0300][101,680s][info][gc] GC(727) Concurrent strong roots 0,054ms
[2020-11-04T21:43:07.757+0300][101,687s][info][gc] GC(727) Concurrent evacuation 6,072ms
[2020-11-04T21:43:07.757+0300][101,687s][info][gc] GC(727) Pause Init Update Refs 0,012ms
[2020-11-04T21:43:07.812+0300][101,742s][info][gc] GC(727) Concurrent update references 55,211ms
[2020-11-04T21:43:07.812+0300][101,742s][info][gc] GC(727) Pause Final Update Refs 0,087ms
[2020-11-04T21:43:07.813+0300][101,742s][info][gc] GC(727) Concurrent cleanup 477M->298M(512M) 0,092ms
[2020-11-04T21:43:07.842+0300][101,772s][info][gc] Trigger: Average GC time (137,58 ms) is above the time for allocation rate (868 MB/s) to deplete free headroom (118M)
[2020-11-04T21:43:07.843+0300][101,773s][info][gc] GC(728) Concurrent reset 0,529ms
[2020-11-04T21:43:07.843+0300][101,773s][info][gc] GC(728) Pause Init Mark (unload classes) 0,062ms
[2020-11-04T21:43:07.944+0300][101,873s][info][gc] GC(728) Concurrent marking (unload classes) 100,426ms
[2020-11-04T21:43:07.944+0300][101,874s][info][gc] GC(728) Pause Final Mark (unload classes) 0,258ms
[2020-11-04T21:43:07.945+0300][101,875s][info][gc] GC(728) Concurrent weak roots 0,880ms
[2020-11-04T21:43:07.945+0300][101,875s][info][gc] GC(728) Concurrent cleanup 361M->361M(512M) 0,028ms
[2020-11-04T21:43:07.946+0300][101,876s][info][gc] GC(728) Concurrent class unloading 0,894ms
[2020-11-04T21:43:07.946+0300][101,876s][info][gc] GC(728) Concurrent strong roots 0,042ms
[2020-11-04T21:43:07.950+0300][101,880s][info][gc] GC(728) Concurrent evacuation 4,451ms
[2020-11-04T21:43:07.951+0300][101,880s][info][gc] GC(728) Pause Init Update Refs 0,010ms
[2020-11-04T21:43:07.999+0300][101,929s][info][gc] GC(728) Concurrent update references 48,098ms
[2020-11-04T21:43:07.999+0300][101,929s][info][gc] GC(728) Pause Final Update Refs 0,086ms
[2020-11-04T21:43:07.999+0300][101,929s][info][gc] GC(728) Concurrent cleanup 429M->270M(512M) 0,076ms
[2020-11-04T21:43:08.029+0300][101,959s][info][gc] Trigger: Average GC time (147,64 ms) is above the time for allocation rate (817 MB/s) to deplete free headroom (120M)
[2020-11-04T21:43:08.029+0300][101,959s][info][gc] GC(729) Concurrent reset 0,541ms
[2020-11-04T21:43:08.030+0300][101,960s][info][gc] GC(729) Pause Init Mark (unload classes) 0,092ms
[2020-11-04T21:43:08.120+0300][102,050s][info][gc] GC(729) Concurrent marking (unload classes) 90,670ms
[2020-11-04T21:43:08.121+0300][102,051s][info][gc] GC(729) Pause Final Mark (unload classes) 0,308ms
[2020-11-04T21:43:08.121+0300][102,051s][info][gc] GC(729) Concurrent weak roots 0,263ms
[2020-11-04T21:43:08.121+0300][102,051s][info][gc] GC(729) Concurrent cleanup 360M->360M(512M) 0,060ms
[2020-11-04T21:43:08.122+0300][102,052s][info][gc] GC(729) Concurrent class unloading 0,746ms
[2020-11-04T21:43:08.122+0300][102,052s][info][gc] GC(729) Concurrent strong roots 0,053ms
[2020-11-04T21:43:08.126+0300][102,056s][info][gc] GC(729) Concurrent evacuation 3,647ms
[2020-11-04T21:43:08.126+0300][102,056s][info][gc] GC(729) Pause Init Update Refs 0,012ms
[2020-11-04T21:43:08.165+0300][102,095s][info][gc] GC(729) Concurrent update references 38,731ms
[2020-11-04T21:43:08.165+0300][102,095s][info][gc] GC(729) Pause Final Update Refs 0,184ms
[2020-11-04T21:43:08.166+0300][102,095s][info][gc] GC(729) Concurrent cleanup 450M->297M(512M) 0,096ms
[2020-11-04T21:43:08.176+0300][102,106s][info][gc] Trigger: Average GC time (152,52 ms) is above the time for allocation rate (904 MB/s) to deplete free headroom (135M)
[2020-11-04T21:43:08.177+0300][102,107s][info][gc] GC(730) Concurrent reset 0,667ms
[2020-11-04T21:43:08.177+0300][102,107s][info][gc] GC(730) Pause Init Mark (process weakrefs) (unload classes) 0,133ms
[2020-11-04T21:43:08.255+0300][102,185s][info][gc] GC(730) Concurrent marking (process weakrefs) (unload classes) 78,049ms
[2020-11-04T21:43:08.256+0300][102,185s][info][gc] GC(730) Concurrent precleaning 0,158ms
[2020-11-04T21:43:08.256+0300][102,186s][info][gc] GC(730) Pause Final Mark (process weakrefs) (unload classes) 0,570ms
[2020-11-04T21:43:08.257+0300][102,187s][info][gc] GC(730) Concurrent weak roots 0,409ms
[2020-11-04T21:43:08.257+0300][102,187s][info][gc] GC(730) Concurrent cleanup 346M->346M(512M) 0,034ms
[2020-11-04T21:43:08.258+0300][102,188s][info][gc] GC(730) Concurrent class unloading 0,804ms
[2020-11-04T21:43:08.258+0300][102,188s][info][gc] GC(730) Concurrent strong roots 0,077ms
[2020-11-04T21:43:08.261+0300][102,191s][info][gc] GC(730) Concurrent evacuation 3,118ms
[2020-11-04T21:43:08.261+0300][102,191s][info][gc] GC(730) Pause Init Update Refs 0,042ms
[2020-11-04T21:43:08.310+0300][102,240s][info][gc] GC(730) Concurrent update references 48,724ms
[2020-11-04T21:43:08.310+0300][102,240s][info][gc] GC(730) Pause Final Update Refs 0,110ms
[2020-11-04T21:43:08.311+0300][102,240s][info][gc] GC(730) Concurrent cleanup 460M->326M(512M) 0,069ms
[2020-11-04T21:43:08.312+0300][102,242s][info][gc] Trigger: Average GC time (155,23 ms) is above the time for allocation rate (984 MB/s) to deplete free headroom (131M)
[2020-11-04T21:43:08.312+0300][102,242s][info][gc] GC(731) Concurrent reset 0,335ms
[2020-11-04T21:43:08.312+0300][102,242s][info][gc] GC(731) Pause Init Mark (unload classes) 0,117ms
[2020-11-04T21:43:08.381+0300][102,310s][info][gc] GC(731) Concurrent marking (unload classes) 68,110ms
[2020-11-04T21:43:08.381+0300][102,311s][info][gc] GC(731) Pause Final Mark (unload classes) 0,475ms
[2020-11-04T21:43:08.382+0300][102,312s][info][gc] GC(731) Concurrent weak roots 0,479ms
[2020-11-04T21:43:08.382+0300][102,312s][info][gc] GC(731) Concurrent cleanup 349M->349M(512M) 0,033ms
[2020-11-04T21:43:08.383+0300][102,313s][info][gc] GC(731) Concurrent class unloading 0,890ms
[2020-11-04T21:43:08.383+0300][102,313s][info][gc] GC(731) Concurrent strong roots 0,061ms
[2020-11-04T21:43:08.386+0300][102,316s][info][gc] GC(731) Concurrent evacuation 3,146ms
[2020-11-04T21:43:08.386+0300][102,316s][info][gc] GC(731) Pause Init Update Refs 0,024ms
[2020-11-04T21:43:08.426+0300][102,356s][info][gc] GC(731) Concurrent update references 39,634ms
[2020-11-04T21:43:08.426+0300][102,356s][info][gc] GC(731) Pause Final Update Refs 0,196ms
[2020-11-04T21:43:08.427+0300][102,356s][info][gc] GC(731) Concurrent cleanup 435M->303M(512M) 0,071ms
[2020-11-04T21:43:08.434+0300][102,364s][info][gc] Trigger: Average GC time (139,22 ms) is above the time for allocation rate (998 MB/s) to deplete free headroom (137M)
[2020-11-04T21:43:08.435+0300][102,365s][info][gc] GC(732) Concurrent reset 0,614ms
[2020-11-04T21:43:08.435+0300][102,365s][info][gc] GC(732) Pause Init Mark (unload classes) 0,078ms
[2020-11-04T21:43:08.520+0300][102,449s][info][gc] GC(732) Concurrent marking (unload classes) 84,505ms
[2020-11-04T21:43:08.520+0300][102,450s][info][gc] GC(732) Pause Final Mark (unload classes) 0,413ms
[2020-11-04T21:43:08.521+0300][102,451s][info][gc] GC(732) Concurrent weak roots 0,433ms
[2020-11-04T21:43:08.521+0300][102,451s][info][gc] GC(732) Concurrent cleanup 344M->344M(512M) 0,039ms
[2020-11-04T21:43:08.522+0300][102,451s][info][gc] GC(732) Concurrent class unloading 0,798ms
[2020-11-04T21:43:08.522+0300][102,452s][info][gc] GC(732) Concurrent strong roots 0,132ms
[2020-11-04T21:43:08.525+0300][102,455s][info][gc] GC(732) Concurrent evacuation 2,908ms
[2020-11-04T21:43:08.525+0300][102,455s][info][gc] GC(732) Pause Init Update Refs 0,019ms
[2020-11-04T21:43:08.566+0300][102,496s][info][gc] GC(732) Concurrent update references 40,619ms
[2020-11-04T21:43:08.566+0300][102,496s][info][gc] GC(732) Pause Final Update Refs 0,128ms
[2020-11-04T21:43:08.566+0300][102,496s][info][gc] GC(732) Concurrent cleanup 434M->311M(512M) 0,069ms
[2020-11-04T21:43:08.576+0300][102,506s][info][gc] Trigger: Average GC time (134,95 ms) is above the time for allocation rate (936 MB/s) to deplete free headroom (124M)
[2020-11-04T21:43:08.576+0300][102,506s][info][gc] GC(733) Concurrent reset 0,595ms
[2020-11-04T21:43:08.577+0300][102,507s][info][gc] GC(733) Pause Init Mark (unload classes) 0,101ms
[2020-11-04T21:43:08.648+0300][102,578s][info][gc] GC(733) Concurrent marking (unload classes) 71,306ms
[2020-11-04T21:43:08.649+0300][102,578s][info][gc] GC(733) Pause Final Mark (unload classes) 0,330ms
[2020-11-04T21:43:08.649+0300][102,579s][info][gc] GC(733) Concurrent weak roots 0,448ms
[2020-11-04T21:43:08.649+0300][102,579s][info][gc] GC(733) Concurrent cleanup 356M->356M(512M) 0,035ms
[2020-11-04T21:43:08.650+0300][102,580s][info][gc] GC(733) Concurrent class unloading 0,899ms
[2020-11-04T21:43:08.650+0300][102,580s][info][gc] GC(733) Concurrent strong roots 0,063ms
[2020-11-04T21:43:08.654+0300][102,583s][info][gc] GC(733) Concurrent evacuation 3,367ms
[2020-11-04T21:43:08.654+0300][102,584s][info][gc] GC(733) Pause Init Update Refs 0,015ms
[2020-11-04T21:43:08.695+0300][102,625s][info][gc] GC(733) Concurrent update references 40,740ms
[2020-11-04T21:43:08.695+0300][102,625s][info][gc] GC(733) Pause Final Update Refs 0,191ms
[2020-11-04T21:43:08.695+0300][102,625s][info][gc] GC(733) Concurrent cleanup 451M->318M(512M) 0,115ms
[2020-11-04T21:43:08.702+0300][102,632s][info][gc] Trigger: Average GC time (127,52 ms) is above the time for allocation rate (1016 MB/s) to deplete free headroom (125M)
[2020-11-04T21:43:08.702+0300][102,632s][info][gc] GC(734) Concurrent reset 0,624ms
[2020-11-04T21:43:08.703+0300][102,633s][info][gc] GC(734) Pause Init Mark (unload classes) 0,105ms
[2020-11-04T21:43:08.775+0300][102,705s][info][gc] GC(734) Concurrent marking (unload classes) 71,825ms
[2020-11-04T21:43:08.775+0300][102,705s][info][gc] GC(734) Pause Final Mark (unload classes) 0,401ms
[2020-11-04T21:43:08.776+0300][102,706s][info][gc] GC(734) Concurrent weak roots 0,385ms
[2020-11-04T21:43:08.776+0300][102,706s][info][gc] GC(734) Concurrent cleanup 355M->355M(512M) 0,038ms
[2020-11-04T21:43:08.777+0300][102,707s][info][gc] GC(734) Concurrent class unloading 0,895ms
[2020-11-04T21:43:08.777+0300][102,707s][info][gc] GC(734) Concurrent strong roots 0,153ms
[2020-11-04T21:43:08.780+0300][102,710s][info][gc] GC(734) Concurrent evacuation 3,133ms
[2020-11-04T21:43:08.780+0300][102,710s][info][gc] GC(734) Pause Init Update Refs 0,023ms
[2020-11-04T21:43:08.834+0300][102,764s][info][gc] GC(734) Concurrent update references 53,871ms
[2020-11-04T21:43:08.835+0300][102,765s][info][gc] GC(734) Pause Final Update Refs 0,346ms
[2020-11-04T21:43:08.835+0300][102,765s][info][gc] GC(734) Concurrent cleanup 476M->348M(512M) 0,110ms
[2020-11-04T21:43:08.836+0300][102,766s][info][gc] Trigger: Average GC time (126,83 ms) is above the time for allocation rate (1049 MB/s) to deplete free headroom (108M)
[2020-11-04T21:43:08.837+0300][102,766s][info][gc] GC(735) Concurrent reset 0,380ms
[2020-11-04T21:43:08.837+0300][102,767s][info][gc] GC(735) Pause Init Mark (process weakrefs) (unload classes) 0,274ms
[2020-11-04T21:43:08.938+0300][102,868s][info][gc] GC(735) Concurrent marking (process weakrefs) (unload classes) 100,951ms
[2020-11-04T21:43:08.938+0300][102,868s][info][gc] GC(735) Concurrent precleaning 0,137ms
[2020-11-04T21:43:08.939+0300][102,869s][info][gc] GC(735) Pause Final Mark (process weakrefs) (unload classes) 0,554ms
[2020-11-04T21:43:08.940+0300][102,870s][info][gc] GC(735) Concurrent weak roots 0,495ms
[2020-11-04T21:43:08.940+0300][102,870s][info][gc] GC(735) Concurrent cleanup 369M->369M(512M) 0,051ms
[2020-11-04T21:43:08.941+0300][102,871s][info][gc] GC(735) Concurrent class unloading 1,001ms
[2020-11-04T21:43:08.941+0300][102,871s][info][gc] GC(735) Concurrent strong roots 0,061ms
[2020-11-04T21:43:08.945+0300][102,874s][info][gc] GC(735) Concurrent evacuation 3,676ms
[2020-11-04T21:43:08.945+0300][102,875s][info][gc] GC(735) Pause Init Update Refs 0,015ms
[2020-11-04T21:43:08.990+0300][102,919s][info][gc] GC(735) Concurrent update references 44,658ms
[2020-11-04T21:43:08.990+0300][102,920s][info][gc] GC(735) Pause Final Update Refs 0,318ms
[2020-11-04T21:43:08.991+0300][102,920s][info][gc] GC(735) Concurrent cleanup 466M->326M(512M) 0,094ms
[2020-11-04T21:43:09.000+0300][102,930s][info][gc] Trigger: Average GC time (130,82 ms) is above the time for allocation rate (832 MB/s) to deplete free headroom (108M)
[2020-11-04T21:43:09.001+0300][102,931s][info][gc] GC(736) Concurrent reset 0,651ms
[2020-11-04T21:43:09.001+0300][102,931s][info][gc] GC(736) Pause Init Mark (unload classes) 0,111ms
[2020-11-04T21:43:09.069+0300][102,999s][info][gc] GC(736) Concurrent marking (unload classes) 68,133ms
[2020-11-04T21:43:09.070+0300][103,000s][info][gc] GC(736) Pause Final Mark (unload classes) 0,732ms
[2020-11-04T21:43:09.071+0300][103,001s][info][gc] GC(736) Concurrent weak roots 0,522ms
[2020-11-04T21:43:09.071+0300][103,001s][info][gc] GC(736) Concurrent cleanup 369M->365M(512M) 0,038ms
[2020-11-04T21:43:09.072+0300][103,002s][info][gc] GC(736) Concurrent class unloading 1,021ms
[2020-11-04T21:43:09.072+0300][103,002s][info][gc] GC(736) Concurrent strong roots 0,086ms
[2020-11-04T21:43:09.078+0300][103,008s][info][gc] GC(736) Concurrent evacuation 5,994ms
[2020-11-04T21:43:09.079+0300][103,009s][info][gc] GC(736) Pause Init Update Refs 0,021ms
[2020-11-04T21:43:09.102+0300][103,032s][info][gc] GC(736) Concurrent update references 23,399ms
[2020-11-04T21:43:09.103+0300][103,033s][info][gc] GC(736) Pause Final Update Refs 0,167ms
[2020-11-04T21:43:09.103+0300][103,033s][info][gc] GC(736) Concurrent cleanup 428M->193M(512M) 0,131ms
[2020-11-04T21:43:09.143+0300][103,073s][info][gc] Trigger: Average GC time (128,42 ms) is above the time for allocation rate (1263 MB/s) to deplete free headroom (160M)
[2020-11-04T21:43:09.144+0300][103,074s][info][gc] GC(737) Concurrent reset 0,589ms
[2020-11-04T21:43:09.144+0300][103,074s][info][gc] GC(737) Pause Init Mark (unload classes) 0,178ms
[2020-11-04T21:43:09.191+0300][103,121s][info][gc] GC(737) Concurrent marking (unload classes) 46,435ms
[2020-11-04T21:43:09.192+0300][103,122s][info][gc] GC(737) Pause Final Mark (unload classes) 0,452ms
[2020-11-04T21:43:09.192+0300][103,122s][info][gc] GC(737) Concurrent weak roots 0,384ms
[2020-11-04T21:43:09.192+0300][103,122s][info][gc] GC(737) Concurrent cleanup 324M->324M(512M) 0,041ms
[2020-11-04T21:43:09.194+0300][103,123s][info][gc] GC(737) Concurrent class unloading 1,344ms
[2020-11-04T21:43:09.194+0300][103,124s][info][gc] GC(737) Concurrent strong roots 0,079ms
[2020-11-04T21:43:09.198+0300][103,128s][info][gc] GC(737) Concurrent evacuation 4,372ms
[2020-11-04T21:43:09.199+0300][103,128s][info][gc] GC(737) Pause Init Update Refs 0,023ms
[2020-11-04T21:43:09.230+0300][103,160s][info][gc] GC(737) Concurrent update references 31,249ms
[2020-11-04T21:43:09.231+0300][103,160s][info][gc] GC(737) Pause Final Update Refs 0,366ms
[2020-11-04T21:43:09.231+0300][103,161s][info][gc] GC(737) Concurrent cleanup 398M->217M(512M) 0,102ms
[2020-11-04T21:43:09.258+0300][103,188s][info][gc] Trigger: Average GC time (119,49 ms) is above the time for allocation rate (1444 MB/s) to deplete free headroom (169M)
[2020-11-04T21:43:09.259+0300][103,189s][info][gc] GC(738) Concurrent reset 0,547ms
[2020-11-04T21:43:09.259+0300][103,189s][info][gc] GC(738) Pause Init Mark (unload classes) 0,194ms
[2020-11-04T21:43:09.306+0300][103,236s][info][gc] GC(738) Concurrent marking (unload classes) 46,778ms
[2020-11-04T21:43:09.307+0300][103,237s][info][gc] GC(738) Pause Final Mark (unload classes) 0,592ms
[2020-11-04T21:43:09.308+0300][103,237s][info][gc] GC(738) Concurrent weak roots 0,379ms
[2020-11-04T21:43:09.308+0300][103,237s][info][gc] GC(738) Concurrent cleanup 315M->315M(512M) 0,024ms
[2020-11-04T21:43:09.309+0300][103,239s][info][gc] GC(738) Concurrent class unloading 1,111ms
[2020-11-04T21:43:09.309+0300][103,239s][info][gc] GC(738) Concurrent strong roots 0,106ms
[2020-11-04T21:43:09.313+0300][103,243s][info][gc] GC(738) Concurrent evacuation 4,442ms
[2020-11-04T21:43:09.314+0300][103,243s][info][gc] GC(738) Pause Init Update Refs 0,014ms
[2020-11-04T21:43:09.342+0300][103,272s][info][gc] GC(738) Concurrent update references 28,683ms
[2020-11-04T21:43:09.343+0300][103,273s][info][gc] GC(738) Pause Final Update Refs 0,107ms
[2020-11-04T21:43:09.343+0300][103,273s][info][gc] GC(738) Concurrent cleanup 363M->197M(512M) 0,065ms
[2020-11-04T21:43:09.383+0300][103,313s][info][gc] Trigger: Average GC time (112,47 ms) is above the time for allocation rate (1403 MB/s) to deplete free headroom (155M)
[2020-11-04T21:43:09.384+0300][103,314s][info][gc] GC(739) Concurrent reset 0,602ms
[2020-11-04T21:43:09.384+0300][103,314s][info][gc] GC(739) Pause Init Mark (unload classes) 0,242ms
[2020-11-04T21:43:09.435+0300][103,365s][info][gc] GC(739) Concurrent marking (unload classes) 50,386ms
[2020-11-04T21:43:09.435+0300][103,365s][info][gc] GC(739) Pause Final Mark (unload classes) 0,406ms
[2020-11-04T21:43:09.436+0300][103,366s][info][gc] GC(739) Concurrent weak roots 0,420ms
[2020-11-04T21:43:09.436+0300][103,366s][info][gc] GC(739) Concurrent cleanup 327M->327M(512M) 0,036ms
[2020-11-04T21:43:09.437+0300][103,367s][info][gc] GC(739) Concurrent class unloading 0,981ms
[2020-11-04T21:43:09.437+0300][103,367s][info][gc] GC(739) Concurrent strong roots 0,072ms
[2020-11-04T21:43:09.442+0300][103,371s][info][gc] GC(739) Concurrent evacuation 4,388ms
[2020-11-04T21:43:09.442+0300][103,372s][info][gc] GC(739) Pause Init Update Refs 0,017ms
[2020-11-04T21:43:09.468+0300][103,398s][info][gc] GC(739) Concurrent update references 25,900ms
[2020-11-04T21:43:09.469+0300][103,398s][info][gc] GC(739) Pause Final Update Refs 0,387ms
[2020-11-04T21:43:09.469+0300][103,399s][info][gc] GC(739) Concurrent cleanup 395M->219M(512M) 0,113ms
[2020-11-04T21:43:09.504+0300][103,434s][info][gc] Trigger: Average GC time (102,91 ms) is above the time for allocation rate (1474 MB/s) to deplete free headroom (148M)
[2020-11-04T21:43:09.504+0300][103,434s][info][gc] GC(740) Concurrent reset 0,511ms
[2020-11-04T21:43:09.505+0300][103,435s][info][gc] GC(740) Pause Init Mark (process weakrefs) (unload classes) 0,275ms
[2020-11-04T21:43:09.570+0300][103,500s][info][gc] GC(740) Concurrent marking (process weakrefs) (unload classes) 64,773ms
[2020-11-04T21:43:09.570+0300][103,500s][info][gc] GC(740) Concurrent precleaning 0,169ms
[2020-11-04T21:43:09.571+0300][103,500s][info][gc] GC(740) Pause Final Mark (process weakrefs) (unload classes) 0,467ms
[2020-11-04T21:43:09.571+0300][103,501s][info][gc] GC(740) Concurrent weak roots 0,475ms
[2020-11-04T21:43:09.571+0300][103,501s][info][gc] GC(740) Concurrent cleanup 336M->336M(512M) 0,055ms
[2020-11-04T21:43:09.572+0300][103,502s][info][gc] GC(740) Concurrent class unloading 0,899ms
[2020-11-04T21:43:09.572+0300][103,502s][info][gc] GC(740) Concurrent strong roots 0,086ms
[2020-11-04T21:43:09.577+0300][103,507s][info][gc] GC(740) Concurrent evacuation 4,414ms
[2020-11-04T21:43:09.577+0300][103,507s][info][gc] GC(740) Pause Init Update Refs 0,013ms
[2020-11-04T21:43:09.604+0300][103,534s][info][gc] GC(740) Concurrent update references 26,985ms
[2020-11-04T21:43:09.605+0300][103,534s][info][gc] GC(740) Pause Final Update Refs 0,302ms
[2020-11-04T21:43:09.605+0300][103,535s][info][gc] GC(740) Concurrent cleanup 408M->230M(512M) 0,114ms
[2020-11-04T21:43:09.644+0300][103,574s][info][gc] Trigger: Average GC time (92,28 ms) is above the time for allocation rate (1383 MB/s) to deplete free headroom (126M)
[2020-11-04T21:43:09.645+0300][103,575s][info][gc] GC(741) Concurrent reset 0,610ms
[2020-11-04T21:43:09.645+0300][103,575s][info][gc] GC(741) Pause Init Mark (unload classes) 0,246ms
[2020-11-04T21:43:09.703+0300][103,633s][info][gc] GC(741) Concurrent marking (unload classes) 57,830ms
[2020-11-04T21:43:09.704+0300][103,634s][info][gc] GC(741) Pause Final Mark (unload classes) 0,759ms
[2020-11-04T21:43:09.705+0300][103,635s][info][gc] GC(741) Concurrent weak roots 0,483ms
[2020-11-04T21:43:09.705+0300][103,635s][info][gc] GC(741) Concurrent cleanup 355M->355M(512M) 0,034ms
[2020-11-04T21:43:09.706+0300][103,636s][info][gc] GC(741) Concurrent class unloading 0,929ms
[2020-11-04T21:43:09.706+0300][103,636s][info][gc] GC(741) Concurrent strong roots 0,064ms
[2020-11-04T21:43:09.711+0300][103,640s][info][gc] GC(741) Concurrent evacuation 4,778ms
[2020-11-04T21:43:09.711+0300][103,641s][info][gc] GC(741) Pause Init Update Refs 0,014ms
[2020-11-04T21:43:09.740+0300][103,669s][info][gc] GC(741) Concurrent update references 28,511ms
[2020-11-04T21:43:09.740+0300][103,670s][info][gc] GC(741) Pause Final Update Refs 0,268ms
[2020-11-04T21:43:09.740+0300][103,670s][info][gc] GC(741) Concurrent cleanup 427M->232M(512M) 0,119ms
[2020-11-04T21:43:09.778+0300][103,708s][info][gc] Trigger: Average GC time (90,95 ms) is above the time for allocation rate (1404 MB/s) to deplete free headroom (126M)
[2020-11-04T21:43:09.779+0300][103,709s][info][gc] GC(742) Concurrent reset 0,639ms
[2020-11-04T21:43:09.779+0300][103,709s][info][gc] GC(742) Pause Init Mark (unload classes) 0,116ms
[2020-11-04T21:43:09.842+0300][103,772s][info][gc] GC(742) Concurrent marking (unload classes) 62,425ms
[2020-11-04T21:43:09.843+0300][103,772s][info][gc] GC(742) Pause Final Mark (unload classes) 0,343ms
[2020-11-04T21:43:09.843+0300][103,773s][info][gc] GC(742) Concurrent weak roots 0,386ms
[2020-11-04T21:43:09.843+0300][103,773s][info][gc] GC(742) Concurrent cleanup 354M->354M(512M) 0,027ms
[2020-11-04T21:43:09.844+0300][103,774s][info][gc] GC(742) Concurrent class unloading 0,822ms
[2020-11-04T21:43:09.844+0300][103,774s][info][gc] GC(742) Concurrent strong roots 0,102ms
[2020-11-04T21:43:09.849+0300][103,779s][info][gc] GC(742) Concurrent evacuation 4,843ms
[2020-11-04T21:43:09.849+0300][103,779s][info][gc] GC(742) Pause Init Update Refs 0,014ms
[2020-11-04T21:43:09.879+0300][103,809s][info][gc] GC(742) Concurrent update references 29,851ms
[2020-11-04T21:43:09.880+0300][103,809s][info][gc] GC(742) Pause Final Update Refs 0,123ms
[2020-11-04T21:43:09.880+0300][103,810s][info][gc] GC(742) Concurrent cleanup 427M->238M(512M) 0,074ms
[2020-11-04T21:43:09.917+0300][103,847s][info][gc] Trigger: Average GC time (93,74 ms) is above the time for allocation rate (1349 MB/s) to deplete free headroom (122M)
[2020-11-04T21:43:09.917+0300][103,847s][info][gc] GC(743) Concurrent reset 0,625ms
[2020-11-04T21:43:09.918+0300][103,848s][info][gc] GC(743) Pause Init Mark (unload classes) 0,283ms
[2020-11-04T21:43:09.990+0300][103,919s][info][gc] GC(743) Concurrent marking (unload classes) 71,436ms
[2020-11-04T21:43:09.990+0300][103,920s][info][gc] GC(743) Pause Final Mark (unload classes) 0,433ms
[2020-11-04T21:43:09.991+0300][103,921s][info][gc] GC(743) Concurrent weak roots 0,436ms
[2020-11-04T21:43:09.991+0300][103,921s][info][gc] GC(743) Concurrent cleanup 359M->359M(512M) 0,041ms
[2020-11-04T21:43:09.992+0300][103,922s][info][gc] GC(743) Concurrent class unloading 0,895ms
[2020-11-04T21:43:09.992+0300][103,922s][info][gc] GC(743) Concurrent strong roots 0,057ms
[2020-11-04T21:43:09.996+0300][103,926s][info][gc] GC(743) Concurrent evacuation 4,543ms
[2020-11-04T21:43:09.997+0300][103,927s][info][gc] GC(743) Pause Init Update Refs 0,023ms
[2020-11-04T21:43:10.028+0300][103,958s][info][gc] GC(743) Concurrent update references 30,895ms
[2020-11-04T21:43:10.028+0300][103,958s][info][gc] GC(743) Pause Final Update Refs 0,177ms
[2020-11-04T21:43:10.028+0300][103,958s][info][gc] GC(743) Concurrent cleanup 437M->250M(512M) 0,102ms
[2020-11-04T21:43:10.061+0300][103,991s][info][gc] Trigger: Average GC time (99,15 ms) is above the time for allocation rate (1261 MB/s) to deplete free headroom (122M)
[2020-11-04T21:43:10.062+0300][103,992s][info][gc] GC(744) Concurrent reset 0,621ms
[2020-11-04T21:43:10.062+0300][103,992s][info][gc] GC(744) Pause Init Mark (unload classes) 0,138ms
[2020-11-04T21:43:10.129+0300][104,059s][info][gc] GC(744) Concurrent marking (unload classes) 66,662ms
[2020-11-04T21:43:10.130+0300][104,060s][info][gc] GC(744) Pause Final Mark (unload classes) 0,454ms
[2020-11-04T21:43:10.130+0300][104,060s][info][gc] GC(744) Concurrent weak roots 0,437ms
[2020-11-04T21:43:10.130+0300][104,060s][info][gc] GC(744) Concurrent cleanup 358M->358M(512M) 0,038ms
[2020-11-04T21:43:10.131+0300][104,061s][info][gc] GC(744) Concurrent class unloading 0,949ms
[2020-11-04T21:43:10.132+0300][104,061s][info][gc] GC(744) Concurrent strong roots 0,172ms
[2020-11-04T21:43:10.136+0300][104,066s][info][gc] GC(744) Concurrent evacuation 4,363ms
[2020-11-04T21:43:10.136+0300][104,066s][info][gc] GC(744) Pause Init Update Refs 0,014ms
[2020-11-04T21:43:10.168+0300][104,098s][info][gc] GC(744) Concurrent update references 31,963ms
[2020-11-04T21:43:10.169+0300][104,099s][info][gc] GC(744) Pause Final Update Refs 0,312ms
[2020-11-04T21:43:10.169+0300][104,099s][info][gc] GC(744) Concurrent cleanup 439M->257M(512M) 0,115ms
[2020-11-04T21:43:10.198+0300][104,128s][info][gc] Trigger: Average GC time (103,62 ms) is above the time for allocation rate (1256 MB/s) to deplete free headroom (127M)
[2020-11-04T21:43:10.198+0300][104,128s][info][gc] GC(745) Concurrent reset 0,603ms
[2020-11-04T21:43:10.199+0300][104,129s][info][gc] GC(745) Pause Init Mark (process weakrefs) (unload classes) 0,175ms
[2020-11-04T21:43:10.268+0300][104,198s][info][gc] GC(745) Concurrent marking (process weakrefs) (unload classes) 69,085ms
[2020-11-04T21:43:10.268+0300][104,198s][info][gc] GC(745) Concurrent precleaning 0,225ms
[2020-11-04T21:43:10.269+0300][104,199s][info][gc] GC(745) Pause Final Mark (process weakrefs) (unload classes) 0,589ms
[2020-11-04T21:43:10.270+0300][104,200s][info][gc] GC(745) Concurrent weak roots 0,493ms
[2020-11-04T21:43:10.270+0300][104,200s][info][gc] GC(745) Concurrent cleanup 353M->353M(512M) 0,033ms
[2020-11-04T21:43:10.271+0300][104,201s][info][gc] GC(745) Concurrent class unloading 0,965ms
[2020-11-04T21:43:10.271+0300][104,201s][info][gc] GC(745) Concurrent strong roots 0,055ms
[2020-11-04T21:43:10.276+0300][104,206s][info][gc] GC(745) Concurrent evacuation 5,090ms
[2020-11-04T21:43:10.276+0300][104,206s][info][gc] GC(745) Pause Init Update Refs 0,014ms
[2020-11-04T21:43:10.309+0300][104,239s][info][gc] GC(745) Concurrent update references 32,392ms
[2020-11-04T21:43:10.309+0300][104,239s][info][gc] GC(745) Pause Final Update Refs 0,367ms
[2020-11-04T21:43:10.310+0300][104,239s][info][gc] GC(745) Concurrent cleanup 435M->263M(512M) 0,103ms
[2020-11-04T21:43:10.336+0300][104,266s][info][gc] Trigger: Average GC time (105,75 ms) is above the time for allocation rate (1210 MB/s) to deplete free headroom (126M)
[2020-11-04T21:43:10.337+0300][104,267s][info][gc] GC(746) Concurrent reset 0,677ms
[2020-11-04T21:43:10.337+0300][104,267s][info][gc] GC(746) Pause Init Mark (unload classes) 0,285ms
[2020-11-04T21:43:10.404+0300][104,333s][info][gc] GC(746) Concurrent marking (unload classes) 65,987ms
[2020-11-04T21:43:10.404+0300][104,334s][info][gc] GC(746) Pause Final Mark (unload classes) 0,605ms
[2020-11-04T21:43:10.405+0300][104,335s][info][gc] GC(746) Concurrent weak roots 0,408ms
[2020-11-04T21:43:10.405+0300][104,335s][info][gc] GC(746) Concurrent cleanup 354M->354M(512M) 0,034ms
[2020-11-04T21:43:10.406+0300][104,336s][info][gc] GC(746) Concurrent class unloading 0,905ms
[2020-11-04T21:43:10.406+0300][104,336s][info][gc] GC(746) Concurrent strong roots 0,070ms
[2020-11-04T21:43:10.410+0300][104,340s][info][gc] GC(746) Concurrent evacuation 4,109ms
[2020-11-04T21:43:10.410+0300][104,340s][info][gc] GC(746) Pause Init Update Refs 0,016ms
[2020-11-04T21:43:10.444+0300][104,374s][info][gc] GC(746) Concurrent update references 33,408ms
[2020-11-04T21:43:10.444+0300][104,374s][info][gc] GC(746) Pause Final Update Refs 0,142ms
[2020-11-04T21:43:10.444+0300][104,374s][info][gc] GC(746) Concurrent cleanup 436M->268M(512M) 0,106ms
[2020-11-04T21:43:10.469+0300][104,399s][info][gc] Trigger: Average GC time (108,17 ms) is above the time for allocation rate (1211 MB/s) to deplete free headroom (128M)
[2020-11-04T21:43:10.470+0300][104,399s][info][gc] GC(747) Concurrent reset 0,601ms
[2020-11-04T21:43:10.470+0300][104,400s][info][gc] GC(747) Pause Init Mark (unload classes) 0,262ms
[2020-11-04T21:43:10.555+0300][104,484s][info][gc] GC(747) Concurrent marking (unload classes) 84,490ms
[2020-11-04T21:43:10.555+0300][104,485s][info][gc] GC(747) Pause Final Mark (unload classes) 0,554ms
[2020-11-04T21:43:10.556+0300][104,486s][info][gc] GC(747) Concurrent weak roots 0,418ms
[2020-11-04T21:43:10.556+0300][104,486s][info][gc] GC(747) Concurrent cleanup 352M->352M(512M) 0,035ms
[2020-11-04T21:43:10.557+0300][104,487s][info][gc] GC(747) Concurrent class unloading 1,002ms
[2020-11-04T21:43:10.557+0300][104,487s][info][gc] GC(747) Concurrent strong roots 0,057ms
[2020-11-04T21:43:10.562+0300][104,492s][info][gc] GC(747) Concurrent evacuation 5,228ms
[2020-11-04T21:43:10.563+0300][104,493s][info][gc] GC(747) Pause Init Update Refs 0,023ms
[2020-11-04T21:43:10.600+0300][104,530s][info][gc] GC(747) Concurrent update references 36,864ms
[2020-11-04T21:43:10.600+0300][104,530s][info][gc] GC(747) Pause Final Update Refs 0,275ms
[2020-11-04T21:43:10.600+0300][104,530s][info][gc] GC(747) Concurrent cleanup 438M->278M(512M) 0,077ms
[2020-11-04T21:43:10.628+0300][104,558s][info][gc] Trigger: Average GC time (114,21 ms) is above the time for allocation rate (1048 MB/s) to deplete free headroom (117M)
[2020-11-04T21:43:10.629+0300][104,559s][info][gc] GC(748) Concurrent reset 0,591ms
[2020-11-04T21:43:10.629+0300][104,559s][info][gc] GC(748) Pause Init Mark (unload classes) 0,333ms
[2020-11-04T21:43:10.694+0300][104,624s][info][gc] GC(748) Concurrent marking (unload classes) 64,470ms
[2020-11-04T21:43:10.695+0300][104,625s][info][gc] GC(748) Pause Final Mark (unload classes) 0,545ms
[2020-11-04T21:43:10.695+0300][104,625s][info][gc] GC(748) Concurrent weak roots 0,394ms
[2020-11-04T21:43:10.695+0300][104,625s][info][gc] GC(748) Concurrent cleanup 362M->362M(512M) 0,037ms
[2020-11-04T21:43:10.696+0300][104,626s][info][gc] GC(748) Concurrent class unloading 0,756ms
[2020-11-04T21:43:10.696+0300][104,626s][info][gc] GC(748) Concurrent strong roots 0,077ms
[2020-11-04T21:43:10.701+0300][104,631s][info][gc] GC(748) Concurrent evacuation 4,586ms
[2020-11-04T21:43:10.701+0300][104,631s][info][gc] GC(748) Pause Init Update Refs 0,026ms
[2020-11-04T21:43:10.737+0300][104,667s][info][gc] GC(748) Concurrent update references 35,729ms
[2020-11-04T21:43:10.737+0300][104,667s][info][gc] GC(748) Pause Final Update Refs 0,166ms
[2020-11-04T21:43:10.737+0300][104,667s][info][gc] GC(748) Concurrent cleanup 447M->280M(512M) 0,126ms
[2020-11-04T21:43:10.763+0300][104,693s][info][gc] Trigger: Average GC time (113,74 ms) is above the time for allocation rate (1132 MB/s) to deplete free headroom (126M)
[2020-11-04T21:43:10.764+0300][104,693s][info][gc] GC(749) Concurrent reset 0,621ms
[2020-11-04T21:43:10.764+0300][104,694s][info][gc] GC(749) Pause Init Mark (unload classes) 0,132ms
[2020-11-04T21:43:10.839+0300][104,769s][info][gc] GC(749) Concurrent marking (unload classes) 75,049ms
[2020-11-04T21:43:10.840+0300][104,770s][info][gc] GC(749) Pause Final Mark (unload classes) 0,410ms
[2020-11-04T21:43:10.840+0300][104,770s][info][gc] GC(749) Concurrent weak roots 0,358ms
[2020-11-04T21:43:10.840+0300][104,770s][info][gc] GC(749) Concurrent cleanup 355M->355M(512M) 0,036ms
[2020-11-04T21:43:10.842+0300][104,771s][info][gc] GC(749) Concurrent class unloading 1,063ms
[2020-11-04T21:43:10.842+0300][104,772s][info][gc] GC(749) Concurrent strong roots 0,117ms
[2020-11-04T21:43:10.846+0300][104,775s][info][gc] GC(749) Concurrent evacuation 3,824ms
[2020-11-04T21:43:10.846+0300][104,776s][info][gc] GC(749) Pause Init Update Refs 0,021ms
[2020-11-04T21:43:10.896+0300][104,826s][info][gc] GC(749) Concurrent update references 49,685ms
[2020-11-04T21:43:10.896+0300][104,826s][info][gc] GC(749) Pause Final Update Refs 0,162ms
[2020-11-04T21:43:10.896+0300][104,826s][info][gc] GC(749) Concurrent cleanup 471M->317M(512M) 0,064ms
[2020-11-04T21:43:10.903+0300][104,833s][info][gc] Trigger: Average GC time (118,84 ms) is above the time for allocation rate (1068 MB/s) to deplete free headroom (125M)
[2020-11-04T21:43:10.903+0300][104,833s][info][gc] GC(750) Concurrent reset 0,636ms
[2020-11-04T21:43:10.904+0300][104,834s][info][gc] GC(750) Pause Init Mark (process weakrefs) (unload classes) 0,124ms
[2020-11-04T21:43:10.968+0300][104,898s][info][gc] GC(750) Concurrent marking (process weakrefs) (unload classes) 64,181ms
[2020-11-04T21:43:10.968+0300][104,898s][info][gc] GC(750) Concurrent precleaning 0,119ms
[2020-11-04T21:43:10.969+0300][104,899s][info][gc] GC(750) Pause Final Mark (process weakrefs) (unload classes) 0,487ms
[2020-11-04T21:43:10.970+0300][104,900s][info][gc] GC(750) Concurrent weak roots 0,536ms
[2020-11-04T21:43:10.970+0300][104,900s][info][gc] GC(750) Concurrent cleanup 355M->355M(512M) 0,035ms
[2020-11-04T21:43:10.971+0300][104,900s][info][gc] GC(750) Concurrent class unloading 0,879ms
[2020-11-04T21:43:10.971+0300][104,901s][info][gc] GC(750) Concurrent strong roots 0,094ms
[2020-11-04T21:43:10.976+0300][104,905s][info][gc] GC(750) Concurrent evacuation 4,788ms
[2020-11-04T21:43:10.976+0300][104,906s][info][gc] GC(750) Pause Init Update Refs 0,021ms
[2020-11-04T21:43:11.014+0300][104,943s][info][gc] GC(750) Concurrent update references 37,555ms
[2020-11-04T21:43:11.014+0300][104,944s][info][gc] GC(750) Pause Final Update Refs 0,141ms
[2020-11-04T21:43:11.014+0300][104,944s][info][gc] GC(750) Concurrent cleanup 441M->291M(512M) 0,109ms
[2020-11-04T21:43:11.029+0300][104,959s][info][gc] Trigger: Average GC time (118,79 ms) is above the time for allocation rate (1118 MB/s) to deplete free headroom (129M)
[2020-11-04T21:43:11.030+0300][104,960s][info][gc] GC(751) Concurrent reset 0,610ms
[2020-11-04T21:43:11.030+0300][104,960s][info][gc] GC(751) Pause Init Mark (unload classes) 0,116ms
[2020-11-04T21:43:11.106+0300][105,036s][info][gc] GC(751) Concurrent marking (unload classes) 75,609ms
[2020-11-04T21:43:11.107+0300][105,036s][info][gc] GC(751) Pause Final Mark (unload classes) 0,378ms
[2020-11-04T21:43:11.107+0300][105,037s][info][gc] GC(751) Concurrent weak roots 0,377ms
[2020-11-04T21:43:11.107+0300][105,037s][info][gc] GC(751) Concurrent cleanup 351M->351M(512M) 0,036ms
[2020-11-04T21:43:11.108+0300][105,038s][info][gc] GC(751) Concurrent class unloading 1,304ms
[2020-11-04T21:43:11.109+0300][105,038s][info][gc] GC(751) Concurrent strong roots 0,124ms
[2020-11-04T21:43:11.113+0300][105,042s][info][gc] GC(751) Concurrent evacuation 3,997ms
[2020-11-04T21:43:11.113+0300][105,043s][info][gc] GC(751) Pause Init Update Refs 0,014ms
[2020-11-04T21:43:11.168+0300][105,097s][info][gc] GC(751) Concurrent update references 54,674ms
[2020-11-04T21:43:11.168+0300][105,098s][info][gc] GC(751) Pause Final Update Refs 0,102ms
[2020-11-04T21:43:11.168+0300][105,098s][info][gc] GC(751) Concurrent cleanup 475M->333M(512M) 0,055ms
[2020-11-04T21:43:11.169+0300][105,099s][info][gc] Trigger: Average GC time (124,88 ms) is above the time for allocation rate (1023 MB/s) to deplete free headroom (123M)
[2020-11-04T21:43:11.170+0300][105,099s][info][gc] GC(752) Concurrent reset 0,413ms
[2020-11-04T21:43:11.170+0300][105,100s][info][gc] GC(752) Pause Init Mark (unload classes) 0,257ms
[2020-11-04T21:43:11.254+0300][105,184s][info][gc] GC(752) Concurrent marking (unload classes) 83,783ms
[2020-11-04T21:43:11.255+0300][105,185s][info][gc] GC(752) Pause Final Mark (unload classes) 0,722ms
[2020-11-04T21:43:11.255+0300][105,185s][info][gc] GC(752) Concurrent weak roots 0,412ms
[2020-11-04T21:43:11.255+0300][105,185s][info][gc] GC(752) Concurrent cleanup 357M->357M(512M) 0,031ms
[2020-11-04T21:43:11.256+0300][105,186s][info][gc] GC(752) Concurrent class unloading 0,960ms
[2020-11-04T21:43:11.257+0300][105,186s][info][gc] GC(752) Concurrent strong roots 0,133ms
[2020-11-04T21:43:11.261+0300][105,191s][info][gc] GC(752) Concurrent evacuation 4,609ms
[2020-11-04T21:43:11.262+0300][105,191s][info][gc] GC(752) Pause Init Update Refs 0,011ms
[2020-11-04T21:43:11.301+0300][105,230s][info][gc] GC(752) Concurrent update references 39,045ms
[2020-11-04T21:43:11.301+0300][105,231s][info][gc] GC(752) Pause Final Update Refs 0,341ms
[2020-11-04T21:43:11.301+0300][105,231s][info][gc] GC(752) Concurrent cleanup 450M->308M(512M) 0,089ms
[2020-11-04T21:43:11.313+0300][105,243s][info][gc] Trigger: Average GC time (125,04 ms) is above the time for allocation rate (977 MB/s) to deplete free headroom (121M)
[2020-11-04T21:43:11.314+0300][105,244s][info][gc] GC(753) Concurrent reset 0,597ms
[2020-11-04T21:43:11.314+0300][105,244s][info][gc] GC(753) Pause Init Mark (unload classes) 0,102ms
[2020-11-04T21:43:11.411+0300][105,341s][info][gc] GC(753) Concurrent marking (unload classes) 96,433ms
[2020-11-04T21:43:11.411+0300][105,341s][info][gc] GC(753) Pause Final Mark (unload classes) 0,339ms
[2020-11-04T21:43:11.412+0300][105,342s][info][gc] GC(753) Concurrent weak roots 0,405ms
[2020-11-04T21:43:11.412+0300][105,342s][info][gc] GC(753) Concurrent cleanup 359M->359M(512M) 0,033ms
[2020-11-04T21:43:11.413+0300][105,342s][info][gc] GC(753) Concurrent class unloading 0,800ms
[2020-11-04T21:43:11.413+0300][105,343s][info][gc] GC(753) Concurrent strong roots 0,143ms
[2020-11-04T21:43:11.417+0300][105,347s][info][gc] GC(753) Concurrent evacuation 3,950ms
[2020-11-04T21:43:11.417+0300][105,347s][info][gc] GC(753) Pause Init Update Refs 0,009ms
[2020-11-04T21:43:11.457+0300][105,387s][info][gc] GC(753) Concurrent update references 39,933ms
[2020-11-04T21:43:11.458+0300][105,387s][info][gc] GC(753) Pause Final Update Refs 0,149ms
[2020-11-04T21:43:11.458+0300][105,388s][info][gc] GC(753) Concurrent cleanup 451M->310M(512M) 0,071ms
[2020-11-04T21:43:11.470+0300][105,400s][info][gc] Trigger: Average GC time (132,10 ms) is above the time for allocation rate (900 MB/s) to deplete free headroom (116M)
[2020-11-04T21:43:11.471+0300][105,401s][info][gc] GC(754) Concurrent reset 0,617ms
[2020-11-04T21:43:11.472+0300][105,401s][info][gc] GC(754) Pause Init Mark (unload classes) 0,127ms
[2020-11-04T21:43:11.546+0300][105,476s][info][gc] GC(754) Concurrent marking (unload classes) 74,655ms
[2020-11-04T21:43:11.547+0300][105,477s][info][gc] GC(754) Pause Final Mark (unload classes) 0,478ms
[2020-11-04T21:43:11.548+0300][105,477s][info][gc] GC(754) Concurrent weak roots 0,452ms
[2020-11-04T21:43:11.548+0300][105,477s][info][gc] GC(754) Concurrent cleanup 362M->362M(512M) 0,036ms
[2020-11-04T21:43:11.548+0300][105,478s][info][gc] GC(754) Concurrent class unloading 0,733ms
[2020-11-04T21:43:11.548+0300][105,478s][info][gc] GC(754) Concurrent strong roots 0,067ms
[2020-11-04T21:43:11.552+0300][105,482s][info][gc] GC(754) Concurrent evacuation 3,499ms
[2020-11-04T21:43:11.552+0300][105,482s][info][gc] GC(754) Pause Init Update Refs 0,014ms
[2020-11-04T21:43:11.593+0300][105,523s][info][gc] GC(754) Concurrent update references 40,572ms
[2020-11-04T21:43:11.593+0300][105,523s][info][gc] GC(754) Pause Final Update Refs 0,187ms
[2020-11-04T21:43:11.594+0300][105,523s][info][gc] GC(754) Concurrent cleanup 457M->315M(512M) 0,062ms
[2020-11-04T21:43:11.601+0300][105,531s][info][gc] Trigger: Average GC time (130,05 ms) is above the time for allocation rate (990 MB/s) to deplete free headroom (124M)
[2020-11-04T21:43:11.602+0300][105,532s][info][gc] GC(755) Concurrent reset 0,620ms
[2020-11-04T21:43:11.602+0300][105,532s][info][gc] GC(755) Pause Init Mark (process weakrefs) (unload classes) 0,097ms
[2020-11-04T21:43:11.675+0300][105,605s][info][gc] GC(755) Concurrent marking (process weakrefs) (unload classes) 72,978ms
[2020-11-04T21:43:11.675+0300][105,605s][info][gc] GC(755) Concurrent precleaning 0,189ms
[2020-11-04T21:43:11.677+0300][105,607s][info][gc] GC(755) Pause Final Mark (process weakrefs) (unload classes) 0,426ms
[2020-11-04T21:43:11.678+0300][105,608s][info][gc] GC(755) Concurrent weak roots 0,410ms
[2020-11-04T21:43:11.678+0300][105,608s][info][gc] GC(755) Concurrent cleanup 355M->355M(512M) 0,035ms
[2020-11-04T21:43:11.679+0300][105,609s][info][gc] GC(755) Concurrent class unloading 1,132ms
[2020-11-04T21:43:11.679+0300][105,609s][info][gc] GC(755) Concurrent strong roots 0,074ms
[2020-11-04T21:43:11.683+0300][105,613s][info][gc] GC(755) Concurrent evacuation 3,715ms
[2020-11-04T21:43:11.683+0300][105,613s][info][gc] GC(755) Pause Init Update Refs 0,014ms
[2020-11-04T21:43:11.725+0300][105,655s][info][gc] GC(755) Concurrent update references 41,661ms
[2020-11-04T21:43:11.726+0300][105,656s][info][gc] GC(755) Pause Final Update Refs 0,314ms
[2020-11-04T21:43:11.726+0300][105,656s][info][gc] GC(755) Concurrent cleanup 448M->319M(512M) 0,088ms
[2020-11-04T21:43:11.732+0300][105,662s][info][gc] Trigger: Average GC time (132,71 ms) is above the time for allocation rate (957 MB/s) to deplete free headroom (124M)
[2020-11-04T21:43:11.733+0300][105,663s][info][gc] GC(756) Concurrent reset 0,546ms
[2020-11-04T21:43:11.733+0300][105,663s][info][gc] GC(756) Pause Init Mark (unload classes) 0,128ms
[2020-11-04T21:43:11.812+0300][105,742s][info][gc] GC(756) Concurrent marking (unload classes) 78,175ms
[2020-11-04T21:43:11.813+0300][105,742s][info][gc] GC(756) Pause Final Mark (unload classes) 0,712ms
[2020-11-04T21:43:11.813+0300][105,743s][info][gc] GC(756) Concurrent weak roots 0,447ms
[2020-11-04T21:43:11.813+0300][105,743s][info][gc] GC(756) Concurrent cleanup 356M->356M(512M) 0,038ms
[2020-11-04T21:43:11.814+0300][105,744s][info][gc] GC(756) Concurrent class unloading 0,905ms
[2020-11-04T21:43:11.814+0300][105,744s][info][gc] GC(756) Concurrent strong roots 0,071ms
[2020-11-04T21:43:11.818+0300][105,748s][info][gc] GC(756) Concurrent evacuation 4,165ms
[2020-11-04T21:43:11.819+0300][105,749s][info][gc] GC(756) Pause Init Update Refs 0,016ms
[2020-11-04T21:43:11.862+0300][105,792s][info][gc] GC(756) Concurrent update references 43,165ms
[2020-11-04T21:43:11.863+0300][105,793s][info][gc] GC(756) Pause Final Update Refs 0,406ms
[2020-11-04T21:43:11.863+0300][105,793s][info][gc] GC(756) Concurrent cleanup 451M->324M(512M) 0,085ms
[2020-11-04T21:43:11.869+0300][105,799s][info][gc] Trigger: Average GC time (131,07 ms) is above the time for allocation rate (933 MB/s) to deplete free headroom (118M)
[2020-11-04T21:43:11.870+0300][105,800s][info][gc] GC(757) Concurrent reset 0,578ms
[2020-11-04T21:43:11.870+0300][105,800s][info][gc] GC(757) Pause Init Mark (unload classes) 0,151ms
[2020-11-04T21:43:11.954+0300][105,884s][info][gc] GC(757) Concurrent marking (unload classes) 83,183ms
[2020-11-04T21:43:11.955+0300][105,884s][info][gc] GC(757) Pause Final Mark (unload classes) 0,635ms
[2020-11-04T21:43:11.955+0300][105,885s][info][gc] GC(757) Concurrent weak roots 0,514ms
[2020-11-04T21:43:11.955+0300][105,885s][info][gc] GC(757) Concurrent cleanup 360M->360M(512M) 0,037ms
[2020-11-04T21:43:11.956+0300][105,886s][info][gc] GC(757) Concurrent class unloading 0,901ms
[2020-11-04T21:43:11.956+0300][105,886s][info][gc] GC(757) Concurrent strong roots 0,060ms
[2020-11-04T21:43:11.960+0300][105,889s][info][gc] GC(757) Concurrent evacuation 3,234ms
[2020-11-04T21:43:11.960+0300][105,890s][info][gc] GC(757) Pause Init Update Refs 0,015ms
[2020-11-04T21:43:12.004+0300][105,934s][info][gc] GC(757) Concurrent update references 44,029ms
[2020-11-04T21:43:12.005+0300][105,934s][info][gc] GC(757) Pause Final Update Refs 0,406ms
[2020-11-04T21:43:12.005+0300][105,935s][info][gc] GC(757) Concurrent cleanup 452M->324M(512M) 0,094ms
[2020-11-04T21:43:12.012+0300][105,942s][info][gc] Trigger: Average GC time (131,70 ms) is above the time for allocation rate (889 MB/s) to deplete free headroom (116M)
[2020-11-04T21:43:12.013+0300][105,943s][info][gc] GC(758) Concurrent reset 0,593ms
[2020-11-04T21:43:12.013+0300][105,943s][info][gc] GC(758) Pause Init Mark (unload classes) 0,183ms
[2020-11-04T21:43:12.064+0300][105,994s][info][gc] GC(758) Concurrent marking (unload classes) 50,506ms
[2020-11-04T21:43:12.065+0300][105,995s][info][gc] GC(758) Pause Final Mark (unload classes) 0,506ms
[2020-11-04T21:43:12.065+0300][105,995s][info][gc] GC(758) Concurrent weak roots 0,405ms
[2020-11-04T21:43:12.065+0300][105,995s][info][gc] GC(758) Concurrent cleanup 362M->359M(512M) 0,037ms
[2020-11-04T21:43:12.067+0300][105,996s][info][gc] GC(758) Concurrent class unloading 1,166ms
[2020-11-04T21:43:12.067+0300][105,997s][info][gc] GC(758) Concurrent strong roots 0,113ms
[2020-11-04T21:43:12.072+0300][106,002s][info][gc] GC(758) Concurrent evacuation 4,960ms
[2020-11-04T21:43:12.072+0300][106,002s][info][gc] GC(758) Pause Init Update Refs 0,013ms
[2020-11-04T21:43:12.099+0300][106,029s][info][gc] GC(758) Concurrent update references 26,865ms
[2020-11-04T21:43:12.100+0300][106,029s][info][gc] GC(758) Pause Final Update Refs 0,331ms
[2020-11-04T21:43:12.100+0300][106,030s][info][gc] GC(758) Concurrent cleanup 405M->180M(512M) 0,125ms
[2020-11-04T21:43:12.144+0300][106,074s][info][gc] Trigger: Average GC time (120,29 ms) is above the time for allocation rate (1344 MB/s) to deplete free headroom (161M)
[2020-11-04T21:43:12.145+0300][106,075s][info][gc] GC(759) Concurrent reset 0,618ms
[2020-11-04T21:43:12.145+0300][106,075s][info][gc] GC(759) Pause Init Mark (unload classes) 0,137ms
[2020-11-04T21:43:12.200+0300][106,130s][info][gc] GC(759) Concurrent marking (unload classes) 54,354ms
[2020-11-04T21:43:12.201+0300][106,130s][info][gc] GC(759) Pause Final Mark (unload classes) 0,638ms
[2020-11-04T21:43:12.201+0300][106,131s][info][gc] GC(759) Concurrent weak roots 0,520ms
[2020-11-04T21:43:12.201+0300][106,131s][info][gc] GC(759) Concurrent cleanup 322M->322M(512M) 0,045ms
[2020-11-04T21:43:12.202+0300][106,132s][info][gc] GC(759) Concurrent class unloading 0,873ms
[2020-11-04T21:43:12.202+0300][106,132s][info][gc] GC(759) Concurrent strong roots 0,099ms
[2020-11-04T21:43:12.208+0300][106,138s][info][gc] GC(759) Concurrent evacuation 5,755ms
[2020-11-04T21:43:12.209+0300][106,138s][info][gc] GC(759) Pause Init Update Refs 0,025ms
[2020-11-04T21:43:12.237+0300][106,167s][info][gc] GC(759) Concurrent update references 28,218ms
[2020-11-04T21:43:12.237+0300][106,167s][info][gc] GC(759) Pause Final Update Refs 0,298ms
[2020-11-04T21:43:12.238+0300][106,167s][info][gc] GC(759) Concurrent cleanup 374M->197M(512M) 0,116ms
[2020-11-04T21:43:12.285+0300][106,215s][info][gc] Trigger: Average GC time (114,35 ms) is above the time for allocation rate (1320 MB/s) to deplete free headroom (147M)
[2020-11-04T21:43:12.286+0300][106,216s][info][gc] GC(760) Concurrent reset 0,566ms
[2020-11-04T21:43:12.286+0300][106,216s][info][gc] GC(760) Pause Init Mark (process weakrefs) (unload classes) 0,106ms
[2020-11-04T21:43:12.366+0300][106,296s][info][gc] GC(760) Concurrent marking (process weakrefs) (unload classes) 79,377ms
[2020-11-04T21:43:12.366+0300][106,296s][info][gc] GC(760) Concurrent precleaning 0,168ms
[2020-11-04T21:43:12.367+0300][106,297s][info][gc] GC(760) Pause Final Mark (process weakrefs) (unload classes) 0,453ms
[2020-11-04T21:43:12.367+0300][106,297s][info][gc] GC(760) Concurrent weak roots 0,443ms
[2020-11-04T21:43:12.367+0300][106,297s][info][gc] GC(760) Concurrent cleanup 336M->336M(512M) 0,037ms
[2020-11-04T21:43:12.369+0300][106,299s][info][gc] GC(760) Concurrent class unloading 1,267ms
[2020-11-04T21:43:12.369+0300][106,299s][info][gc] GC(760) Concurrent strong roots 0,121ms
[2020-11-04T21:43:12.373+0300][106,303s][info][gc] GC(760) Concurrent evacuation 4,578ms
[2020-11-04T21:43:12.374+0300][106,304s][info][gc] GC(760) Pause Init Update Refs 0,025ms
[2020-11-04T21:43:12.399+0300][106,329s][info][gc] GC(760) Concurrent update references 25,602ms
[2020-11-04T21:43:12.400+0300][106,330s][info][gc] GC(760) Pause Final Update Refs 0,133ms
[2020-11-04T21:43:12.400+0300][106,330s][info][gc] GC(760) Concurrent cleanup 403M->217M(512M) 0,108ms
[2020-11-04T21:43:12.440+0300][106,370s][info][gc] Trigger: Average GC time (112,31 ms) is above the time for allocation rate (1240 MB/s) to deplete free headroom (135M)
[2020-11-04T21:43:12.441+0300][106,371s][info][gc] GC(761) Concurrent reset 0,645ms
[2020-11-04T21:43:12.441+0300][106,371s][info][gc] GC(761) Pause Init Mark (unload classes) 0,139ms
[2020-11-04T21:43:12.499+0300][106,428s][info][gc] GC(761) Concurrent marking (unload classes) 56,961ms
[2020-11-04T21:43:12.499+0300][106,429s][info][gc] GC(761) Pause Final Mark (unload classes) 0,437ms
[2020-11-04T21:43:12.500+0300][106,430s][info][gc] GC(761) Concurrent weak roots 0,419ms
[2020-11-04T21:43:12.500+0300][106,430s][info][gc] GC(761) Concurrent cleanup 347M->347M(512M) 0,035ms
[2020-11-04T21:43:12.501+0300][106,431s][info][gc] GC(761) Concurrent class unloading 0,879ms
[2020-11-04T21:43:12.501+0300][106,431s][info][gc] GC(761) Concurrent strong roots 0,059ms
[2020-11-04T21:43:12.507+0300][106,437s][info][gc] GC(761) Concurrent evacuation 6,133ms
[2020-11-04T21:43:12.507+0300][106,437s][info][gc] GC(761) Pause Init Update Refs 0,016ms
[2020-11-04T21:43:12.535+0300][106,465s][info][gc] GC(761) Concurrent update references 27,937ms
[2020-11-04T21:43:12.536+0300][106,466s][info][gc] GC(761) Pause Final Update Refs 0,156ms
[2020-11-04T21:43:12.536+0300][106,466s][info][gc] GC(761) Concurrent cleanup 421M->228M(512M) 0,104ms
[2020-11-04T21:43:12.569+0300][106,499s][info][gc] Trigger: Average GC time (105,33 ms) is above the time for allocation rate (1381 MB/s) to deplete free headroom (145M)
[2020-11-04T21:43:12.570+0300][106,499s][info][gc] GC(762) Concurrent reset 0,589ms
[2020-11-04T21:43:12.570+0300][106,500s][info][gc] GC(762) Pause Init Mark (unload classes) 0,094ms
[2020-11-04T21:43:12.626+0300][106,555s][info][gc] GC(762) Concurrent marking (unload classes) 55,503ms
[2020-11-04T21:43:12.626+0300][106,556s][info][gc] GC(762) Pause Final Mark (unload classes) 0,484ms
[2020-11-04T21:43:12.627+0300][106,557s][info][gc] GC(762) Concurrent weak roots 0,439ms
[2020-11-04T21:43:12.627+0300][106,557s][info][gc] GC(762) Concurrent cleanup 337M->337M(512M) 0,038ms
[2020-11-04T21:43:12.628+0300][106,558s][info][gc] GC(762) Concurrent class unloading 0,885ms
[2020-11-04T21:43:12.628+0300][106,558s][info][gc] GC(762) Concurrent strong roots 0,058ms
[2020-11-04T21:43:12.632+0300][106,562s][info][gc] GC(762) Concurrent evacuation 4,261ms
[2020-11-04T21:43:12.632+0300][106,562s][info][gc] GC(762) Pause Init Update Refs 0,024ms
[2020-11-04T21:43:12.662+0300][106,592s][info][gc] GC(762) Concurrent update references 29,244ms
[2020-11-04T21:43:12.662+0300][106,592s][info][gc] GC(762) Pause Final Update Refs 0,147ms
[2020-11-04T21:43:12.662+0300][106,592s][info][gc] GC(762) Concurrent cleanup 409M->231M(512M) 0,069ms
[2020-11-04T21:43:12.697+0300][106,627s][info][gc] Trigger: Average GC time (96,94 ms) is above the time for allocation rate (1413 MB/s) to deplete free headroom (136M)
[2020-11-04T21:43:12.698+0300][106,628s][info][gc] GC(763) Concurrent reset 0,579ms
[2020-11-04T21:43:12.699+0300][106,628s][info][gc] GC(763) Pause Init Mark (unload classes) 0,156ms
[2020-11-04T21:43:12.767+0300][106,697s][info][gc] GC(763) Concurrent marking (unload classes) 68,098ms
[2020-11-04T21:43:12.767+0300][106,697s][info][gc] GC(763) Pause Final Mark (unload classes) 0,433ms
[2020-11-04T21:43:12.768+0300][106,698s][info][gc] GC(763) Concurrent weak roots 0,339ms
[2020-11-04T21:43:12.768+0300][106,698s][info][gc] GC(763) Concurrent cleanup 346M->346M(512M) 0,034ms
[2020-11-04T21:43:12.769+0300][106,699s][info][gc] GC(763) Concurrent class unloading 0,928ms
[2020-11-04T21:43:12.769+0300][106,699s][info][gc] GC(763) Concurrent strong roots 0,139ms
[2020-11-04T21:43:12.774+0300][106,704s][info][gc] GC(763) Concurrent evacuation 5,063ms
[2020-11-04T21:43:12.774+0300][106,704s][info][gc] GC(763) Pause Init Update Refs 0,022ms
[2020-11-04T21:43:12.813+0300][106,743s][info][gc] GC(763) Concurrent update references 38,484ms
[2020-11-04T21:43:12.814+0300][106,743s][info][gc] GC(763) Pause Final Update Refs 0,228ms
[2020-11-04T21:43:12.814+0300][106,744s][info][gc] GC(763) Concurrent cleanup 439M->257M(512M) 0,117ms
[2020-11-04T21:43:12.841+0300][106,771s][info][gc] Trigger: Average GC time (102,71 ms) is above the time for allocation rate (1267 MB/s) to deplete free headroom (129M)
[2020-11-04T21:43:12.842+0300][106,772s][info][gc] GC(764) Concurrent reset 0,604ms
[2020-11-04T21:43:12.842+0300][106,772s][info][gc] GC(764) Pause Init Mark (unload classes) 0,136ms
[2020-11-04T21:43:12.900+0300][106,830s][info][gc] GC(764) Concurrent marking (unload classes) 57,900ms
[2020-11-04T21:43:12.901+0300][106,831s][info][gc] GC(764) Pause Final Mark (unload classes) 0,390ms
[2020-11-04T21:43:12.902+0300][106,831s][info][gc] GC(764) Concurrent weak roots 0,396ms
[2020-11-04T21:43:12.902+0300][106,832s][info][gc] GC(764) Concurrent cleanup 352M->352M(512M) 0,043ms
[2020-11-04T21:43:12.903+0300][106,833s][info][gc] GC(764) Concurrent class unloading 1,056ms
[2020-11-04T21:43:12.903+0300][106,833s][info][gc] GC(764) Concurrent strong roots 0,178ms
[2020-11-04T21:43:12.907+0300][106,837s][info][gc] GC(764) Concurrent evacuation 4,475ms
[2020-11-04T21:43:12.908+0300][106,838s][info][gc] GC(764) Pause Init Update Refs 0,015ms
[2020-11-04T21:43:12.940+0300][106,869s][info][gc] GC(764) Concurrent update references 31,668ms
[2020-11-04T21:43:12.940+0300][106,870s][info][gc] GC(764) Pause Final Update Refs 0,133ms
[2020-11-04T21:43:12.940+0300][106,870s][info][gc] GC(764) Concurrent cleanup 425M->241M(512M) 0,085ms
[2020-11-04T21:43:12.972+0300][106,902s][info][gc] Trigger: Average GC time (103,76 ms) is above the time for allocation rate (1322 MB/s) to deplete free headroom (134M)
[2020-11-04T21:43:12.973+0300][106,902s][info][gc] GC(765) Concurrent reset 0,614ms
[2020-11-04T21:43:12.973+0300][106,903s][info][gc] GC(765) Pause Init Mark (process weakrefs) (unload classes) 0,128ms
[2020-11-04T21:43:13.038+0300][106,968s][info][gc] GC(765) Concurrent marking (process weakrefs) (unload classes) 64,934ms
[2020-11-04T21:43:13.038+0300][106,968s][info][gc] GC(765) Concurrent precleaning 0,166ms
[2020-11-04T21:43:13.039+0300][106,969s][info][gc] GC(765) Pause Final Mark (process weakrefs) (unload classes) 0,404ms
[2020-11-04T21:43:13.039+0300][106,969s][info][gc] GC(765) Concurrent weak roots 0,447ms
[2020-11-04T21:43:13.040+0300][106,969s][info][gc] GC(765) Concurrent cleanup 348M->348M(512M) 0,033ms
[2020-11-04T21:43:13.040+0300][106,970s][info][gc] GC(765) Concurrent class unloading 0,851ms
[2020-11-04T21:43:13.041+0300][106,970s][info][gc] GC(765) Concurrent strong roots 0,150ms
[2020-11-04T21:43:13.045+0300][106,975s][info][gc] GC(765) Concurrent evacuation 4,160ms
[2020-11-04T21:43:13.045+0300][106,975s][info][gc] GC(765) Pause Init Update Refs 0,010ms
[2020-11-04T21:43:13.076+0300][107,006s][info][gc] GC(765) Concurrent update references 30,914ms
[2020-11-04T21:43:13.077+0300][107,007s][info][gc] GC(765) Pause Final Update Refs 0,145ms
[2020-11-04T21:43:13.077+0300][107,007s][info][gc] GC(765) Concurrent cleanup 425M->253M(512M) 0,121ms
[2020-11-04T21:43:13.107+0300][107,036s][info][gc] Trigger: Average GC time (101,82 ms) is above the time for allocation rate (1287 MB/s) to deplete free headroom (128M)
[2020-11-04T21:43:13.107+0300][107,037s][info][gc] GC(766) Concurrent reset 0,587ms
[2020-11-04T21:43:13.108+0300][107,038s][info][gc] GC(766) Pause Init Mark (unload classes) 0,116ms
[2020-11-04T21:43:13.175+0300][107,105s][info][gc] GC(766) Concurrent marking (unload classes) 67,091ms
[2020-11-04T21:43:13.175+0300][107,105s][info][gc] GC(766) Pause Final Mark (unload classes) 0,403ms
[2020-11-04T21:43:13.176+0300][107,106s][info][gc] GC(766) Concurrent weak roots 0,423ms
[2020-11-04T21:43:13.176+0300][107,106s][info][gc] GC(766) Concurrent cleanup 352M->352M(512M) 0,033ms
[2020-11-04T21:43:13.177+0300][107,107s][info][gc] GC(766) Concurrent class unloading 0,857ms
[2020-11-04T21:43:13.177+0300][107,107s][info][gc] GC(766) Concurrent strong roots 0,146ms
[2020-11-04T21:43:13.181+0300][107,111s][info][gc] GC(766) Concurrent evacuation 4,189ms
[2020-11-04T21:43:13.182+0300][107,111s][info][gc] GC(766) Pause Init Update Refs 0,016ms
[2020-11-04T21:43:13.214+0300][107,143s][info][gc] GC(766) Concurrent update references 31,920ms
[2020-11-04T21:43:13.214+0300][107,144s][info][gc] GC(766) Pause Final Update Refs 0,198ms
[2020-11-04T21:43:13.214+0300][107,144s][info][gc] GC(766) Concurrent cleanup 432M->258M(512M) 0,117ms
[2020-11-04T21:43:13.242+0300][107,172s][info][gc] Trigger: Average GC time (104,22 ms) is above the time for allocation rate (1242 MB/s) to deplete free headroom (128M)
[2020-11-04T21:43:13.243+0300][107,172s][info][gc] GC(767) Concurrent reset 0,619ms
[2020-11-04T21:43:13.243+0300][107,173s][info][gc] GC(767) Pause Init Mark (unload classes) 0,100ms
[2020-11-04T21:43:13.305+0300][107,235s][info][gc] GC(767) Concurrent marking (unload classes) 62,146ms
[2020-11-04T21:43:13.306+0300][107,236s][info][gc] GC(767) Pause Final Mark (unload classes) 0,333ms
[2020-11-04T21:43:13.306+0300][107,236s][info][gc] GC(767) Concurrent weak roots 0,426ms
[2020-11-04T21:43:13.306+0300][107,236s][info][gc] GC(767) Concurrent cleanup 352M->352M(512M) 0,035ms
[2020-11-04T21:43:13.307+0300][107,237s][info][gc] GC(767) Concurrent class unloading 0,821ms
[2020-11-04T21:43:13.307+0300][107,237s][info][gc] GC(767) Concurrent strong roots 0,079ms
[2020-11-04T21:43:13.312+0300][107,241s][info][gc] GC(767) Concurrent evacuation 4,219ms
[2020-11-04T21:43:13.312+0300][107,242s][info][gc] GC(767) Pause Init Update Refs 0,015ms
[2020-11-04T21:43:13.345+0300][107,275s][info][gc] GC(767) Concurrent update references 32,717ms
[2020-11-04T21:43:13.345+0300][107,275s][info][gc] GC(767) Pause Final Update Refs 0,108ms
[2020-11-04T21:43:13.345+0300][107,275s][info][gc] GC(767) Concurrent cleanup 433M->264M(512M) 0,084ms
[2020-11-04T21:43:13.370+0300][107,300s][info][gc] Trigger: Average GC time (106,19 ms) is above the time for allocation rate (1255 MB/s) to deplete free headroom (131M)
[2020-11-04T21:43:13.370+0300][107,300s][info][gc] GC(768) Concurrent reset 0,632ms
[2020-11-04T21:43:13.371+0300][107,301s][info][gc] GC(768) Pause Init Mark (unload classes) 0,163ms
[2020-11-04T21:43:13.437+0300][107,367s][info][gc] GC(768) Concurrent marking (unload classes) 66,326ms
[2020-11-04T21:43:13.438+0300][107,368s][info][gc] GC(768) Pause Final Mark (unload classes) 0,355ms
[2020-11-04T21:43:13.438+0300][107,368s][info][gc] GC(768) Concurrent weak roots 0,444ms
[2020-11-04T21:43:13.438+0300][107,368s][info][gc] GC(768) Concurrent cleanup 349M->349M(512M) 0,040ms
[2020-11-04T21:43:13.439+0300][107,369s][info][gc] GC(768) Concurrent class unloading 0,805ms
[2020-11-04T21:43:13.439+0300][107,369s][info][gc] GC(768) Concurrent strong roots 0,059ms
[2020-11-04T21:43:13.443+0300][107,373s][info][gc] GC(768) Concurrent evacuation 4,021ms
[2020-11-04T21:43:13.444+0300][107,374s][info][gc] GC(768) Pause Init Update Refs 0,023ms
[2020-11-04T21:43:13.477+0300][107,407s][info][gc] GC(768) Concurrent update references 33,307ms
[2020-11-04T21:43:13.478+0300][107,407s][info][gc] GC(768) Pause Final Update Refs 0,156ms
[2020-11-04T21:43:13.478+0300][107,408s][info][gc] GC(768) Concurrent cleanup 430M->270M(512M) 0,096ms
[2020-11-04T21:43:13.502+0300][107,432s][info][gc] Trigger: Average GC time (104,52 ms) is above the time for allocation rate (1220 MB/s) to deplete free headroom (125M)
[2020-11-04T21:43:13.503+0300][107,433s][info][gc] GC(769) Concurrent reset 0,576ms
[2020-11-04T21:43:13.503+0300][107,433s][info][gc] GC(769) Pause Init Mark (unload classes) 0,160ms
[2020-11-04T21:43:13.571+0300][107,501s][info][gc] GC(769) Concurrent marking (unload classes) 67,482ms
[2020-11-04T21:43:13.572+0300][107,501s][info][gc] GC(769) Pause Final Mark (unload classes) 0,419ms
[2020-11-04T21:43:13.572+0300][107,502s][info][gc] GC(769) Concurrent weak roots 0,478ms
[2020-11-04T21:43:13.572+0300][107,502s][info][gc] GC(769) Concurrent cleanup 355M->355M(512M) 0,035ms
[2020-11-04T21:43:13.573+0300][107,503s][info][gc] GC(769) Concurrent class unloading 0,886ms
[2020-11-04T21:43:13.573+0300][107,503s][info][gc] GC(769) Concurrent strong roots 0,063ms
[2020-11-04T21:43:13.577+0300][107,507s][info][gc] GC(769) Concurrent evacuation 4,058ms
[2020-11-04T21:43:13.578+0300][107,507s][info][gc] GC(769) Pause Init Update Refs 0,025ms
[2020-11-04T21:43:13.612+0300][107,542s][info][gc] GC(769) Concurrent update references 34,541ms
[2020-11-04T21:43:13.613+0300][107,542s][info][gc] GC(769) Pause Final Update Refs 0,175ms
[2020-11-04T21:43:13.613+0300][107,543s][info][gc] GC(769) Concurrent cleanup 440M->278M(512M) 0,100ms
[2020-11-04T21:43:13.634+0300][107,564s][info][gc] Trigger: Average GC time (106,90 ms) is above the time for allocation rate (1191 MB/s) to deplete free headroom (125M)
[2020-11-04T21:43:13.635+0300][107,565s][info][gc] GC(770) Concurrent reset 0,616ms
[2020-11-04T21:43:13.635+0300][107,565s][info][gc] GC(770) Pause Init Mark (process weakrefs) (unload classes) 0,095ms
[2020-11-04T21:43:13.701+0300][107,631s][info][gc] GC(770) Concurrent marking (process weakrefs) (unload classes) 65,814ms
[2020-11-04T21:43:13.701+0300][107,631s][info][gc] GC(770) Concurrent precleaning 0,154ms
[2020-11-04T21:43:13.702+0300][107,632s][info][gc] GC(770) Pause Final Mark (process weakrefs) (unload classes) 0,471ms
[2020-11-04T21:43:13.703+0300][107,632s][info][gc] GC(770) Concurrent weak roots 0,430ms
[2020-11-04T21:43:13.703+0300][107,633s][info][gc] GC(770) Concurrent cleanup 355M->355M(512M) 0,037ms
[2020-11-04T21:43:13.704+0300][107,633s][info][gc] GC(770) Concurrent class unloading 0,810ms
[2020-11-04T21:43:13.704+0300][107,633s][info][gc] GC(770) Concurrent strong roots 0,061ms
[2020-11-04T21:43:13.708+0300][107,637s][info][gc] GC(770) Concurrent evacuation 3,866ms
[2020-11-04T21:43:13.708+0300][107,638s][info][gc] GC(770) Pause Init Update Refs 0,022ms
[2020-11-04T21:43:13.744+0300][107,674s][info][gc] GC(770) Concurrent update references 35,765ms
[2020-11-04T21:43:13.744+0300][107,674s][info][gc] GC(770) Pause Final Update Refs 0,147ms
[2020-11-04T21:43:13.744+0300][107,674s][info][gc] GC(770) Concurrent cleanup 441M->284M(512M) 0,107ms
[2020-11-04T21:43:13.765+0300][107,694s][info][gc] Trigger: Average GC time (107,97 ms) is above the time for allocation rate (1179 MB/s) to deplete free headroom (123M)
[2020-11-04T21:43:13.765+0300][107,695s][info][gc] GC(771) Concurrent reset 0,547ms
[2020-11-04T21:43:13.766+0300][107,695s][info][gc] GC(771) Pause Init Mark (unload classes) 0,138ms
[2020-11-04T21:43:13.846+0300][107,776s][info][gc] GC(771) Concurrent marking (unload classes) 80,459ms
[2020-11-04T21:43:13.847+0300][107,777s][info][gc] GC(771) Pause Final Mark (unload classes) 0,490ms
[2020-11-04T21:43:13.847+0300][107,777s][info][gc] GC(771) Concurrent weak roots 0,457ms
[2020-11-04T21:43:13.847+0300][107,777s][info][gc] GC(771) Concurrent cleanup 356M->356M(512M) 0,034ms
[2020-11-04T21:43:13.848+0300][107,778s][info][gc] GC(771) Concurrent class unloading 0,858ms
[2020-11-04T21:43:13.848+0300][107,778s][info][gc] GC(771) Concurrent strong roots 0,069ms
[2020-11-04T21:43:13.852+0300][107,782s][info][gc] GC(771) Concurrent evacuation 3,767ms
[2020-11-04T21:43:13.853+0300][107,782s][info][gc] GC(771) Pause Init Update Refs 0,015ms
[2020-11-04T21:43:13.890+0300][107,820s][info][gc] GC(771) Concurrent update references 37,156ms
[2020-11-04T21:43:13.890+0300][107,820s][info][gc] GC(771) Pause Final Update Refs 0,143ms
[2020-11-04T21:43:13.890+0300][107,820s][info][gc] GC(771) Concurrent cleanup 442M->287M(512M) 0,101ms
[2020-11-04T21:43:13.912+0300][107,841s][info][gc] Trigger: Average GC time (111,59 ms) is above the time for allocation rate (1068 MB/s) to deplete free headroom (116M)
[2020-11-04T21:43:13.912+0300][107,842s][info][gc] GC(772) Concurrent reset 0,618ms
[2020-11-04T21:43:13.913+0300][107,843s][info][gc] GC(772) Pause Init Mark (unload classes) 0,122ms
[2020-11-04T21:43:13.983+0300][107,912s][info][gc] GC(772) Concurrent marking (unload classes) 69,869ms
[2020-11-04T21:43:13.983+0300][107,913s][info][gc] GC(772) Pause Final Mark (unload classes) 0,541ms
[2020-11-04T21:43:13.984+0300][107,914s][info][gc] GC(772) Concurrent weak roots 0,389ms
[2020-11-04T21:43:13.984+0300][107,914s][info][gc] GC(772) Concurrent cleanup 362M->362M(512M) 0,034ms
[2020-11-04T21:43:13.985+0300][107,915s][info][gc] GC(772) Concurrent class unloading 0,802ms
[2020-11-04T21:43:13.985+0300][107,915s][info][gc] GC(772) Concurrent strong roots 0,135ms
[2020-11-04T21:43:13.989+0300][107,919s][info][gc] GC(772) Concurrent evacuation 3,936ms
[2020-11-04T21:43:13.989+0300][107,919s][info][gc] GC(772) Pause Init Update Refs 0,013ms
[2020-11-04T21:43:14.028+0300][107,958s][info][gc] GC(772) Concurrent update references 38,652ms
[2020-11-04T21:43:14.028+0300][107,958s][info][gc] GC(772) Pause Final Update Refs 0,147ms
[2020-11-04T21:43:14.029+0300][107,958s][info][gc] GC(772) Concurrent cleanup 452M->294M(512M) 0,100ms
[2020-11-04T21:43:14.045+0300][107,974s][info][gc] Trigger: Average GC time (114,33 ms) is above the time for allocation rate (1093 MB/s) to deplete free headroom (123M)
[2020-11-04T21:43:14.045+0300][107,975s][info][gc] GC(773) Concurrent reset 0,593ms
[2020-11-04T21:43:14.046+0300][107,975s][info][gc] GC(773) Pause Init Mark (unload classes) 0,123ms
[2020-11-04T21:43:14.116+0300][108,046s][info][gc] GC(773) Concurrent marking (unload classes) 70,132ms
[2020-11-04T21:43:14.117+0300][108,046s][info][gc] GC(773) Pause Final Mark (unload classes) 0,395ms
[2020-11-04T21:43:14.117+0300][108,047s][info][gc] GC(773) Concurrent weak roots 0,373ms
[2020-11-04T21:43:14.117+0300][108,047s][info][gc] GC(773) Concurrent cleanup 356M->356M(512M) 0,035ms
[2020-11-04T21:43:14.118+0300][108,048s][info][gc] GC(773) Concurrent class unloading 0,830ms
[2020-11-04T21:43:14.118+0300][108,048s][info][gc] GC(773) Concurrent strong roots 0,062ms
[2020-11-04T21:43:14.122+0300][108,051s][info][gc] GC(773) Concurrent evacuation 3,657ms
[2020-11-04T21:43:14.122+0300][108,052s][info][gc] GC(773) Pause Init Update Refs 0,014ms
[2020-11-04T21:43:14.160+0300][108,090s][info][gc] GC(773) Concurrent update references 38,298ms
[2020-11-04T21:43:14.161+0300][108,091s][info][gc] GC(773) Pause Final Update Refs 0,144ms
[2020-11-04T21:43:14.161+0300][108,091s][info][gc] GC(773) Concurrent cleanup 446M->300M(512M) 0,107ms
[2020-11-04T21:43:14.175+0300][108,105s][info][gc] Trigger: Average GC time (116,04 ms) is above the time for allocation rate (1080 MB/s) to deplete free headroom (123M)
[2020-11-04T21:43:14.176+0300][108,105s][info][gc] GC(774) Concurrent reset 0,631ms
[2020-11-04T21:43:14.176+0300][108,106s][info][gc] GC(774) Pause Init Mark (unload classes) 0,115ms
[2020-11-04T21:43:14.258+0300][108,187s][info][gc] GC(774) Concurrent marking (unload classes) 81,516ms
[2020-11-04T21:43:14.258+0300][108,188s][info][gc] GC(774) Pause Final Mark (unload classes) 0,366ms
[2020-11-04T21:43:14.259+0300][108,189s][info][gc] GC(774) Concurrent weak roots 0,418ms
[2020-11-04T21:43:14.259+0300][108,189s][info][gc] GC(774) Concurrent cleanup 356M->356M(512M) 0,036ms
[2020-11-04T21:43:14.260+0300][108,189s][info][gc] GC(774) Concurrent class unloading 0,912ms
[2020-11-04T21:43:14.260+0300][108,190s][info][gc] GC(774) Concurrent strong roots 0,136ms
[2020-11-04T21:43:14.264+0300][108,193s][info][gc] GC(774) Concurrent evacuation 3,700ms
[2020-11-04T21:43:14.264+0300][108,194s][info][gc] GC(774) Pause Init Update Refs 0,014ms
[2020-11-04T21:43:14.303+0300][108,233s][info][gc] GC(774) Concurrent update references 39,141ms
[2020-11-04T21:43:14.304+0300][108,233s][info][gc] GC(774) Pause Final Update Refs 0,162ms
[2020-11-04T21:43:14.304+0300][108,234s][info][gc] GC(774) Concurrent cleanup 445M->303M(512M) 0,101ms
[2020-11-04T21:43:14.319+0300][108,248s][info][gc] Trigger: Average GC time (119,68 ms) is above the time for allocation rate (1001 MB/s) to deplete free headroom (116M)
[2020-11-04T21:43:14.319+0300][108,249s][info][gc] GC(775) Concurrent reset 0,669ms
[2020-11-04T21:43:14.320+0300][108,250s][info][gc] GC(775) Pause Init Mark (process weakrefs) (unload classes) 0,155ms
[2020-11-04T21:43:14.401+0300][108,331s][info][gc] GC(775) Concurrent marking (process weakrefs) (unload classes) 81,345ms
[2020-11-04T21:43:14.401+0300][108,331s][info][gc] GC(775) Concurrent precleaning 0,157ms
[2020-11-04T21:43:14.402+0300][108,332s][info][gc] GC(775) Pause Final Mark (process weakrefs) (unload classes) 0,407ms
[2020-11-04T21:43:14.403+0300][108,333s][info][gc] GC(775) Concurrent weak roots 0,528ms
[2020-11-04T21:43:14.403+0300][108,333s][info][gc] GC(775) Concurrent cleanup 363M->363M(512M) 0,038ms
[2020-11-04T21:43:14.404+0300][108,333s][info][gc] GC(775) Concurrent class unloading 0,874ms
[2020-11-04T21:43:14.404+0300][108,334s][info][gc] GC(775) Concurrent strong roots 0,087ms
[2020-11-04T21:43:14.408+0300][108,338s][info][gc] GC(775) Concurrent evacuation 4,650ms
[2020-11-04T21:43:14.409+0300][108,339s][info][gc] GC(775) Pause Init Update Refs 0,026ms
[2020-11-04T21:43:14.449+0300][108,379s][info][gc] GC(775) Concurrent update references 40,508ms
[2020-11-04T21:43:14.450+0300][108,380s][info][gc] GC(775) Pause Final Update Refs 0,159ms
[2020-11-04T21:43:14.450+0300][108,380s][info][gc] GC(775) Concurrent cleanup 454M->309M(512M) 0,097ms
[2020-11-04T21:43:14.463+0300][108,393s][info][gc] Trigger: Average GC time (123,89 ms) is above the time for allocation rate (963 MB/s) to deplete free headroom (117M)
[2020-11-04T21:43:14.463+0300][108,393s][info][gc] GC(776) Concurrent reset 0,568ms
[2020-11-04T21:43:14.464+0300][108,394s][info][gc] GC(776) Pause Init Mark (unload classes) 0,129ms
[2020-11-04T21:43:14.538+0300][108,468s][info][gc] GC(776) Concurrent marking (unload classes) 74,304ms
[2020-11-04T21:43:14.539+0300][108,469s][info][gc] GC(776) Pause Final Mark (unload classes) 0,416ms
[2020-11-04T21:43:14.539+0300][108,469s][info][gc] GC(776) Concurrent weak roots 0,364ms
[2020-11-04T21:43:14.539+0300][108,469s][info][gc] GC(776) Concurrent cleanup 361M->361M(512M) 0,082ms
[2020-11-04T21:43:14.540+0300][108,470s][info][gc] GC(776) Concurrent class unloading 0,819ms
[2020-11-04T21:43:14.540+0300][108,470s][info][gc] GC(776) Concurrent strong roots 0,132ms
[2020-11-04T21:43:14.544+0300][108,474s][info][gc] GC(776) Concurrent evacuation 3,347ms
[2020-11-04T21:43:14.544+0300][108,474s][info][gc] GC(776) Pause Init Update Refs 0,028ms
[2020-11-04T21:43:14.585+0300][108,514s][info][gc] GC(776) Concurrent update references 40,331ms
[2020-11-04T21:43:14.585+0300][108,515s][info][gc] GC(776) Pause Final Update Refs 0,172ms
[2020-11-04T21:43:14.585+0300][108,515s][info][gc] GC(776) Concurrent cleanup 456M->317M(512M) 0,107ms
[2020-11-04T21:43:14.594+0300][108,524s][info][gc] Trigger: Average GC time (123,21 ms) is above the time for allocation rate (1008 MB/s) to deplete free headroom (120M)
[2020-11-04T21:43:14.594+0300][108,524s][info][gc] GC(777) Concurrent reset 0,572ms
[2020-11-04T21:43:14.595+0300][108,525s][info][gc] GC(777) Pause Init Mark (unload classes) 0,119ms
[2020-11-04T21:43:14.667+0300][108,596s][info][gc] GC(777) Concurrent marking (unload classes) 71,678ms
[2020-11-04T21:43:14.667+0300][108,597s][info][gc] GC(777) Pause Final Mark (unload classes) 0,386ms
[2020-11-04T21:43:14.668+0300][108,598s][info][gc] GC(777) Concurrent weak roots 0,427ms
[2020-11-04T21:43:14.668+0300][108,598s][info][gc] GC(777) Concurrent cleanup 359M->359M(512M) 0,040ms
[2020-11-04T21:43:14.669+0300][108,598s][info][gc] GC(777) Concurrent class unloading 0,753ms
[2020-11-04T21:43:14.669+0300][108,599s][info][gc] GC(777) Concurrent strong roots 0,087ms
[2020-11-04T21:43:14.672+0300][108,602s][info][gc] GC(777) Concurrent evacuation 3,261ms
[2020-11-04T21:43:14.672+0300][108,602s][info][gc] GC(777) Pause Init Update Refs 0,014ms
[2020-11-04T21:43:14.714+0300][108,644s][info][gc] GC(777) Concurrent update references 41,845ms
[2020-11-04T21:43:14.715+0300][108,645s][info][gc] GC(777) Pause Final Update Refs 0,163ms
[2020-11-04T21:43:14.715+0300][108,645s][info][gc] GC(777) Concurrent cleanup 450M->318M(512M) 0,095ms
[2020-11-04T21:43:14.722+0300][108,652s][info][gc] Trigger: Average GC time (124,05 ms) is above the time for allocation rate (984 MB/s) to deplete free headroom (121M)
[2020-11-04T21:43:14.723+0300][108,653s][info][gc] GC(778) Concurrent reset 0,564ms
[2020-11-04T21:43:14.723+0300][108,653s][info][gc] GC(778) Pause Init Mark (unload classes) 0,104ms
[2020-11-04T21:43:14.805+0300][108,735s][info][gc] GC(778) Concurrent marking (unload classes) 81,547ms
[2020-11-04T21:43:14.806+0300][108,735s][info][gc] GC(778) Pause Final Mark (unload classes) 0,315ms
[2020-11-04T21:43:14.806+0300][108,736s][info][gc] GC(778) Concurrent weak roots 0,350ms
[2020-11-04T21:43:14.806+0300][108,736s][info][gc] GC(778) Concurrent cleanup 358M->358M(512M) 0,037ms
[2020-11-04T21:43:14.807+0300][108,737s][info][gc] GC(778) Concurrent class unloading 0,854ms
[2020-11-04T21:43:14.807+0300][108,737s][info][gc] GC(778) Concurrent strong roots 0,139ms
[2020-11-04T21:43:14.810+0300][108,740s][info][gc] GC(778) Concurrent evacuation 3,022ms
[2020-11-04T21:43:14.811+0300][108,740s][info][gc] GC(778) Pause Init Update Refs 0,014ms
[2020-11-04T21:43:14.863+0300][108,793s][info][gc] GC(778) Concurrent update references 52,638ms
[2020-11-04T21:43:14.864+0300][108,794s][info][gc] GC(778) Pause Final Update Refs 0,197ms
[2020-11-04T21:43:14.864+0300][108,794s][info][gc] GC(778) Concurrent cleanup 476M->349M(512M) 0,093ms
[2020-11-04T21:43:14.865+0300][108,795s][info][gc] Trigger: Average GC time (129,02 ms) is above the time for allocation rate (961 MB/s) to deplete free headroom (107M)
[2020-11-04T21:43:14.865+0300][108,795s][info][gc] GC(779) Concurrent reset 0,399ms
[2020-11-04T21:43:14.866+0300][108,796s][info][gc] GC(779) Pause Init Mark (unload classes) 0,107ms
[2020-11-04T21:43:14.948+0300][108,877s][info][gc] GC(779) Concurrent marking (unload classes) 81,802ms
[2020-11-04T21:43:14.948+0300][108,878s][info][gc] GC(779) Pause Final Mark (unload classes) 0,660ms
[2020-11-04T21:43:14.949+0300][108,879s][info][gc] GC(779) Concurrent weak roots 0,431ms
[2020-11-04T21:43:14.949+0300][108,879s][info][gc] GC(779) Concurrent cleanup 370M->370M(512M) 0,033ms
[2020-11-04T21:43:14.950+0300][108,880s][info][gc] GC(779) Concurrent class unloading 0,835ms
[2020-11-04T21:43:14.950+0300][108,880s][info][gc] GC(779) Concurrent strong roots 0,062ms
[2020-11-04T21:43:14.953+0300][108,883s][info][gc] GC(779) Concurrent evacuation 3,034ms
[2020-11-04T21:43:14.953+0300][108,883s][info][gc] GC(779) Pause Init Update Refs 0,016ms
[2020-11-04T21:43:14.996+0300][108,926s][info][gc] GC(779) Concurrent update references 42,614ms
[2020-11-04T21:43:14.996+0300][108,926s][info][gc] GC(779) Pause Final Update Refs 0,257ms
[2020-11-04T21:43:14.997+0300][108,926s][info][gc] GC(779) Concurrent cleanup 453M->316M(512M) 0,108ms
[2020-11-04T21:43:15.008+0300][108,938s][info][gc] Trigger: Average GC time (129,60 ms) is above the time for allocation rate (891 MB/s) to deplete free headroom (112M)
[2020-11-04T21:43:15.009+0300][108,939s][info][gc] GC(780) Concurrent reset 0,591ms
[2020-11-04T21:43:15.009+0300][108,939s][info][gc] GC(780) Pause Init Mark (process weakrefs) (unload classes) 0,209ms
[2020-11-04T21:43:15.054+0300][108,984s][info][gc] GC(780) Concurrent marking (process weakrefs) (unload classes) 44,337ms
[2020-11-04T21:43:15.054+0300][108,984s][info][gc] GC(780) Concurrent precleaning 0,168ms
[2020-11-04T21:43:15.055+0300][108,985s][info][gc] GC(780) Pause Final Mark (process weakrefs) (unload classes) 0,746ms
[2020-11-04T21:43:15.055+0300][108,985s][info][gc] GC(780) Concurrent weak roots 0,367ms
[2020-11-04T21:43:15.056+0300][108,985s][info][gc] GC(780) Concurrent cleanup 365M->361M(512M) 0,053ms
[2020-11-04T21:43:15.056+0300][108,986s][info][gc] GC(780) Concurrent class unloading 0,722ms
[2020-11-04T21:43:15.056+0300][108,986s][info][gc] GC(780) Concurrent strong roots 0,077ms
[2020-11-04T21:43:15.061+0300][108,990s][info][gc] GC(780) Concurrent evacuation 4,197ms
[2020-11-04T21:43:15.061+0300][108,991s][info][gc] GC(780) Pause Init Update Refs 0,038ms
[2020-11-04T21:43:15.084+0300][109,014s][info][gc] GC(780) Concurrent update references 22,909ms
[2020-11-04T21:43:15.084+0300][109,014s][info][gc] GC(780) Pause Final Update Refs 0,172ms
[2020-11-04T21:43:15.084+0300][109,014s][info][gc] GC(780) Concurrent cleanup 419M->193M(512M) 0,085ms
[2020-11-04T21:43:15.120+0300][109,050s][info][gc] Trigger: Average GC time (118,56 ms) is above the time for allocation rate (1473 MB/s) to deplete free headroom (171M)
[2020-11-04T21:43:15.121+0300][109,051s][info][gc] GC(781) Concurrent reset 0,620ms
[2020-11-04T21:43:15.122+0300][109,051s][info][gc] GC(781) Pause Init Mark (unload classes) 0,292ms
[2020-11-04T21:43:15.191+0300][109,121s][info][gc] GC(781) Concurrent marking (unload classes) 69,077ms
[2020-11-04T21:43:15.191+0300][109,121s][info][gc] GC(781) Pause Final Mark (unload classes) 0,372ms
[2020-11-04T21:43:15.192+0300][109,122s][info][gc] GC(781) Concurrent weak roots 0,378ms
[2020-11-04T21:43:15.192+0300][109,122s][info][gc] GC(781) Concurrent cleanup 314M->314M(512M) 0,035ms
[2020-11-04T21:43:15.193+0300][109,123s][info][gc] GC(781) Concurrent class unloading 0,870ms
[2020-11-04T21:43:15.193+0300][109,123s][info][gc] GC(781) Concurrent strong roots 0,135ms
[2020-11-04T21:43:15.197+0300][109,127s][info][gc] GC(781) Concurrent evacuation 4,013ms
[2020-11-04T21:43:15.197+0300][109,127s][info][gc] GC(781) Pause Init Update Refs 0,016ms
[2020-11-04T21:43:15.222+0300][109,152s][info][gc] GC(781) Concurrent update references 24,383ms
[2020-11-04T21:43:15.222+0300][109,152s][info][gc] GC(781) Pause Final Update Refs 0,156ms
[2020-11-04T21:43:15.222+0300][109,152s][info][gc] GC(781) Concurrent cleanup 378M->213M(512M) 0,112ms
[2020-11-04T21:43:15.260+0300][109,190s][info][gc] Trigger: Average GC time (114,43 ms) is above the time for allocation rate (1320 MB/s) to deplete free headroom (147M)
[2020-11-04T21:43:15.261+0300][109,191s][info][gc] GC(782) Concurrent reset 0,540ms
[2020-11-04T21:43:15.261+0300][109,191s][info][gc] GC(782) Pause Init Mark (unload classes) 0,088ms
[2020-11-04T21:43:15.313+0300][109,243s][info][gc] GC(782) Concurrent marking (unload classes) 51,407ms
[2020-11-04T21:43:15.313+0300][109,243s][info][gc] GC(782) Pause Final Mark (unload classes) 0,395ms
[2020-11-04T21:43:15.314+0300][109,244s][info][gc] GC(782) Concurrent weak roots 0,385ms
[2020-11-04T21:43:15.314+0300][109,244s][info][gc] GC(782) Concurrent cleanup 335M->335M(512M) 0,034ms
[2020-11-04T21:43:15.315+0300][109,245s][info][gc] GC(782) Concurrent class unloading 0,858ms
[2020-11-04T21:43:15.315+0300][109,245s][info][gc] GC(782) Concurrent strong roots 0,123ms
[2020-11-04T21:43:15.320+0300][109,249s][info][gc] GC(782) Concurrent evacuation 4,450ms
[2020-11-04T21:43:15.320+0300][109,250s][info][gc] GC(782) Pause Init Update Refs 0,016ms
[2020-11-04T21:43:15.346+0300][109,276s][info][gc] GC(782) Concurrent update references 26,048ms
[2020-11-04T21:43:15.346+0300][109,276s][info][gc] GC(782) Pause Final Update Refs 0,159ms
[2020-11-04T21:43:15.346+0300][109,276s][info][gc] GC(782) Concurrent cleanup 401M->216M(512M) 0,101ms
[2020-11-04T21:43:15.380+0300][109,310s][info][gc] Trigger: Average GC time (107,38 ms) is above the time for allocation rate (1442 MB/s) to deplete free headroom (153M)
[2020-11-04T21:43:15.381+0300][109,311s][info][gc] GC(783) Concurrent reset 0,574ms
[2020-11-04T21:43:15.382+0300][109,311s][info][gc] GC(783) Pause Init Mark (unload classes) 0,431ms
[2020-11-04T21:43:15.452+0300][109,382s][info][gc] GC(783) Concurrent marking (unload classes) 70,064ms
[2020-11-04T21:43:15.452+0300][109,382s][info][gc] GC(783) Pause Final Mark (unload classes) 0,410ms
[2020-11-04T21:43:15.453+0300][109,383s][info][gc] GC(783) Concurrent weak roots 0,405ms
[2020-11-04T21:43:15.453+0300][109,383s][info][gc] GC(783) Concurrent cleanup 330M->330M(512M) 0,032ms
[2020-11-04T21:43:15.454+0300][109,384s][info][gc] GC(783) Concurrent class unloading 0,838ms
[2020-11-04T21:43:15.454+0300][109,384s][info][gc] GC(783) Concurrent strong roots 0,120ms
[2020-11-04T21:43:15.458+0300][109,388s][info][gc] GC(783) Concurrent evacuation 4,118ms
[2020-11-04T21:43:15.458+0300][109,388s][info][gc] GC(783) Pause Init Update Refs 0,013ms
[2020-11-04T21:43:15.495+0300][109,424s][info][gc] GC(783) Concurrent update references 36,098ms
[2020-11-04T21:43:15.495+0300][109,425s][info][gc] GC(783) Pause Final Update Refs 0,144ms
[2020-11-04T21:43:15.495+0300][109,425s][info][gc] GC(783) Concurrent cleanup 411M->238M(512M) 0,070ms
[2020-11-04T21:43:15.530+0300][109,460s][info][gc] Trigger: Average GC time (102,06 ms) is above the time for allocation rate (1284 MB/s) to deplete free headroom (129M)
[2020-11-04T21:43:15.531+0300][109,461s][info][gc] GC(784) Concurrent reset 0,544ms
[2020-11-04T21:43:15.531+0300][109,461s][info][gc] GC(784) Pause Init Mark (unload classes) 0,078ms
[2020-11-04T21:43:15.598+0300][109,528s][info][gc] GC(784) Concurrent marking (unload classes) 66,966ms
[2020-11-04T21:43:15.599+0300][109,529s][info][gc] GC(784) Pause Final Mark (unload classes) 0,614ms
[2020-11-04T21:43:15.600+0300][109,529s][info][gc] GC(784) Concurrent weak roots 0,457ms
[2020-11-04T21:43:15.600+0300][109,529s][info][gc] GC(784) Concurrent cleanup 351M->351M(512M) 0,033ms
[2020-11-04T21:43:15.601+0300][109,530s][info][gc] GC(784) Concurrent class unloading 0,834ms
[2020-11-04T21:43:15.601+0300][109,530s][info][gc] GC(784) Concurrent strong roots 0,064ms
[2020-11-04T21:43:15.606+0300][109,535s][info][gc] GC(784) Concurrent evacuation 5,003ms
[2020-11-04T21:43:15.606+0300][109,536s][info][gc] GC(784) Pause Init Update Refs 0,013ms
[2020-11-04T21:43:15.634+0300][109,564s][info][gc] GC(784) Concurrent update references 28,153ms
[2020-11-04T21:43:15.635+0300][109,565s][info][gc] GC(784) Pause Final Update Refs 0,141ms
[2020-11-04T21:43:15.635+0300][109,565s][info][gc] GC(784) Concurrent cleanup 420M->228M(512M) 0,105ms
[2020-11-04T21:43:15.675+0300][109,605s][info][gc] Trigger: Average GC time (96,64 ms) is above the time for allocation rate (1320 MB/s) to deplete free headroom (124M)
[2020-11-04T21:43:15.676+0300][109,606s][info][gc] GC(785) Concurrent reset 0,649ms
[2020-11-04T21:43:15.676+0300][109,606s][info][gc] GC(785) Pause Init Mark (process weakrefs) (unload classes) 0,142ms
[2020-11-04T21:43:15.745+0300][109,675s][info][gc] GC(785) Concurrent marking (process weakrefs) (unload classes) 69,100ms
[2020-11-04T21:43:15.746+0300][109,676s][info][gc] GC(785) Concurrent precleaning 0,172ms
[2020-11-04T21:43:15.746+0300][109,676s][info][gc] GC(785) Pause Final Mark (process weakrefs) (unload classes) 0,421ms
[2020-11-04T21:43:15.747+0300][109,677s][info][gc] GC(785) Concurrent weak roots 0,448ms
[2020-11-04T21:43:15.747+0300][109,677s][info][gc] GC(785) Concurrent cleanup 357M->357M(512M) 0,034ms
[2020-11-04T21:43:15.748+0300][109,678s][info][gc] GC(785) Concurrent class unloading 0,931ms
[2020-11-04T21:43:15.748+0300][109,678s][info][gc] GC(785) Concurrent strong roots 0,064ms
[2020-11-04T21:43:15.753+0300][109,683s][info][gc] GC(785) Concurrent evacuation 5,229ms
[2020-11-04T21:43:15.754+0300][109,683s][info][gc] GC(785) Pause Init Update Refs 0,017ms
[2020-11-04T21:43:15.786+0300][109,716s][info][gc] GC(785) Concurrent update references 32,464ms
[2020-11-04T21:43:15.787+0300][109,716s][info][gc] GC(785) Pause Final Update Refs 0,189ms
[2020-11-04T21:43:15.787+0300][109,717s][info][gc] GC(785) Concurrent cleanup 415M->223M(512M) 0,119ms
[2020-11-04T21:43:15.830+0300][109,760s][info][gc] Trigger: Average GC time (103,76 ms) is above the time for allocation rate (1199 MB/s) to deplete free headroom (124M)
[2020-11-04T21:43:15.831+0300][109,761s][info][gc] GC(786) Concurrent reset 0,605ms
[2020-11-04T21:43:15.831+0300][109,761s][info][gc] GC(786) Pause Init Mark (unload classes) 0,122ms
[2020-11-04T21:43:15.901+0300][109,831s][info][gc] GC(786) Concurrent marking (unload classes) 69,119ms
[2020-11-04T21:43:15.901+0300][109,831s][info][gc] GC(786) Pause Final Mark (unload classes) 0,474ms
[2020-11-04T21:43:15.902+0300][109,832s][info][gc] GC(786) Concurrent weak roots 0,560ms
[2020-11-04T21:43:15.902+0300][109,832s][info][gc] GC(786) Concurrent cleanup 356M->356M(512M) 0,039ms
[2020-11-04T21:43:15.903+0300][109,833s][info][gc] GC(786) Concurrent class unloading 0,985ms
[2020-11-04T21:43:15.903+0300][109,833s][info][gc] GC(786) Concurrent strong roots 0,152ms
[2020-11-04T21:43:15.909+0300][109,839s][info][gc] GC(786) Concurrent evacuation 6,037ms
[2020-11-04T21:43:15.910+0300][109,840s][info][gc] GC(786) Pause Init Update Refs 0,016ms
[2020-11-04T21:43:15.944+0300][109,874s][info][gc] GC(786) Concurrent update references 33,920ms
[2020-11-04T21:43:15.944+0300][109,874s][info][gc] GC(786) Pause Final Update Refs 0,140ms
[2020-11-04T21:43:15.944+0300][109,874s][info][gc] GC(786) Concurrent cleanup 421M->235M(512M) 0,108ms
[2020-11-04T21:43:15.983+0300][109,912s][info][gc] Trigger: Average GC time (106,21 ms) is above the time for allocation rate (1189 MB/s) to deplete free headroom (123M)
[2020-11-04T21:43:15.983+0300][109,913s][info][gc] GC(787) Concurrent reset 0,576ms
[2020-11-04T21:43:15.984+0300][109,914s][info][gc] GC(787) Pause Init Mark (unload classes) 0,125ms
[2020-11-04T21:43:16.064+0300][109,994s][info][gc] GC(787) Concurrent marking (unload classes) 80,353ms
[2020-11-04T21:43:16.065+0300][109,995s][info][gc] GC(787) Pause Final Mark (unload classes) 0,433ms
[2020-11-04T21:43:16.065+0300][109,995s][info][gc] GC(787) Concurrent weak roots 0,387ms
[2020-11-04T21:43:16.065+0300][109,995s][info][gc] GC(787) Concurrent cleanup 357M->357M(512M) 0,041ms
[2020-11-04T21:43:16.066+0300][109,996s][info][gc] GC(787) Concurrent class unloading 0,853ms
[2020-11-04T21:43:16.066+0300][109,996s][info][gc] GC(787) Concurrent strong roots 0,136ms
[2020-11-04T21:43:16.071+0300][110,001s][info][gc] GC(787) Concurrent evacuation 4,869ms
[2020-11-04T21:43:16.072+0300][110,001s][info][gc] GC(787) Pause Init Update Refs 0,021ms
[2020-11-04T21:43:16.104+0300][110,033s][info][gc] GC(787) Concurrent update references 31,914ms
[2020-11-04T21:43:16.104+0300][110,034s][info][gc] GC(787) Pause Final Update Refs 0,139ms
[2020-11-04T21:43:16.104+0300][110,034s][info][gc] GC(787) Concurrent cleanup 431M->250M(512M) 0,103ms
[2020-11-04T21:43:16.136+0300][110,066s][info][gc] Trigger: Average GC time (113,33 ms) is above the time for allocation rate (1135 MB/s) to deplete free headroom (125M)
[2020-11-04T21:43:16.137+0300][110,067s][info][gc] GC(788) Concurrent reset 0,700ms
[2020-11-04T21:43:16.137+0300][110,067s][info][gc] GC(788) Pause Init Mark (unload classes) 0,289ms
[2020-11-04T21:43:16.203+0300][110,132s][info][gc] GC(788) Concurrent marking (unload classes) 65,149ms
[2020-11-04T21:43:16.203+0300][110,133s][info][gc] GC(788) Pause Final Mark (unload classes) 0,514ms
[2020-11-04T21:43:16.204+0300][110,134s][info][gc] GC(788) Concurrent weak roots 0,455ms
[2020-11-04T21:43:16.204+0300][110,134s][info][gc] GC(788) Concurrent cleanup 356M->356M(512M) 0,036ms
[2020-11-04T21:43:16.205+0300][110,135s][info][gc] GC(788) Concurrent class unloading 0,841ms
[2020-11-04T21:43:16.205+0300][110,135s][info][gc] GC(788) Concurrent strong roots 0,065ms
[2020-11-04T21:43:16.209+0300][110,139s][info][gc] GC(788) Concurrent evacuation 4,291ms
[2020-11-04T21:43:16.209+0300][110,139s][info][gc] GC(788) Pause Init Update Refs 0,021ms
[2020-11-04T21:43:16.242+0300][110,171s][info][gc] GC(788) Concurrent update references 31,960ms
[2020-11-04T21:43:16.242+0300][110,172s][info][gc] GC(788) Pause Final Update Refs 0,388ms
[2020-11-04T21:43:16.242+0300][110,172s][info][gc] GC(788) Concurrent cleanup 436M->261M(512M) 0,102ms
[2020-11-04T21:43:16.267+0300][110,197s][info][gc] Trigger: Average GC time (111,64 ms) is above the time for allocation rate (1230 MB/s) to deplete free headroom (133M)
[2020-11-04T21:43:16.267+0300][110,197s][info][gc] GC(789) Concurrent reset 0,636ms
[2020-11-04T21:43:16.268+0300][110,198s][info][gc] GC(789) Pause Init Mark (unload classes) 0,303ms
[2020-11-04T21:43:16.344+0300][110,274s][info][gc] GC(789) Concurrent marking (unload classes) 76,222ms
[2020-11-04T21:43:16.345+0300][110,275s][info][gc] GC(789) Pause Final Mark (unload classes) 0,439ms
[2020-11-04T21:43:16.346+0300][110,276s][info][gc] GC(789) Concurrent weak roots 0,429ms
[2020-11-04T21:43:16.346+0300][110,276s][info][gc] GC(789) Concurrent cleanup 349M->349M(512M) 0,036ms
[2020-11-04T21:43:16.347+0300][110,277s][info][gc] GC(789) Concurrent class unloading 0,886ms
[2020-11-04T21:43:16.347+0300][110,277s][info][gc] GC(789) Concurrent strong roots 0,112ms
[2020-11-04T21:43:16.351+0300][110,281s][info][gc] GC(789) Concurrent evacuation 4,434ms
[2020-11-04T21:43:16.352+0300][110,281s][info][gc] GC(789) Pause Init Update Refs 0,016ms
[2020-11-04T21:43:16.384+0300][110,314s][info][gc] GC(789) Concurrent update references 32,680ms
[2020-11-04T21:43:16.385+0300][110,315s][info][gc] GC(789) Pause Final Update Refs 0,192ms
[2020-11-04T21:43:16.385+0300][110,315s][info][gc] GC(789) Concurrent cleanup 428M->267M(512M) 0,075ms
[2020-11-04T21:43:16.410+0300][110,339s][info][gc] Trigger: Average GC time (114,39 ms) is above the time for allocation rate (1137 MB/s) to deplete free headroom (127M)
[2020-11-04T21:43:16.410+0300][110,340s][info][gc] GC(790) Concurrent reset 0,593ms
[2020-11-04T21:43:16.411+0300][110,340s][info][gc] GC(790) Pause Init Mark (process weakrefs) (unload classes) 0,121ms
[2020-11-04T21:43:16.478+0300][110,408s][info][gc] GC(790) Concurrent marking (process weakrefs) (unload classes) 67,837ms
[2020-11-04T21:43:16.479+0300][110,408s][info][gc] GC(790) Concurrent precleaning 0,154ms
[2020-11-04T21:43:16.479+0300][110,409s][info][gc] GC(790) Pause Final Mark (process weakrefs) (unload classes) 0,526ms
[2020-11-04T21:43:16.480+0300][110,410s][info][gc] GC(790) Concurrent weak roots 0,374ms
[2020-11-04T21:43:16.480+0300][110,410s][info][gc] GC(790) Concurrent cleanup 353M->353M(512M) 0,034ms
[2020-11-04T21:43:16.481+0300][110,411s][info][gc] GC(790) Concurrent class unloading 0,859ms
[2020-11-04T21:43:16.481+0300][110,411s][info][gc] GC(790) Concurrent strong roots 0,079ms
[2020-11-04T21:43:16.485+0300][110,415s][info][gc] GC(790) Concurrent evacuation 3,919ms
[2020-11-04T21:43:16.485+0300][110,415s][info][gc] GC(790) Pause Init Update Refs 0,013ms
[2020-11-04T21:43:16.523+0300][110,453s][info][gc] GC(790) Concurrent update references 37,922ms
[2020-11-04T21:43:16.524+0300][110,454s][info][gc] GC(790) Pause Final Update Refs 0,297ms
[2020-11-04T21:43:16.524+0300][110,454s][info][gc] GC(790) Concurrent cleanup 419M->257M(512M) 0,068ms
[2020-11-04T21:43:16.558+0300][110,488s][info][gc] Trigger: Average GC time (114,95 ms) is above the time for allocation rate (1085 MB/s) to deplete free headroom (124M)
[2020-11-04T21:43:16.559+0300][110,488s][info][gc] GC(791) Concurrent reset 0,671ms
[2020-11-04T21:43:16.559+0300][110,489s][info][gc] GC(791) Pause Init Mark (unload classes) 0,269ms
[2020-11-04T21:43:16.644+0300][110,574s][info][gc] GC(791) Concurrent marking (unload classes) 84,820ms
[2020-11-04T21:43:16.645+0300][110,575s][info][gc] GC(791) Pause Final Mark (unload classes) 0,427ms
[2020-11-04T21:43:16.645+0300][110,575s][info][gc] GC(791) Concurrent weak roots 0,304ms
[2020-11-04T21:43:16.645+0300][110,575s][info][gc] GC(791) Concurrent cleanup 356M->356M(512M) 0,034ms
[2020-11-04T21:43:16.646+0300][110,576s][info][gc] GC(791) Concurrent class unloading 1,010ms
[2020-11-04T21:43:16.646+0300][110,576s][info][gc] GC(791) Concurrent strong roots 0,117ms
[2020-11-04T21:43:16.651+0300][110,580s][info][gc] GC(791) Concurrent evacuation 4,253ms
[2020-11-04T21:43:16.651+0300][110,581s][info][gc] GC(791) Pause Init Update Refs 0,018ms
[2020-11-04T21:43:16.697+0300][110,627s][info][gc] GC(791) Concurrent update references 45,999ms
[2020-11-04T21:43:16.698+0300][110,627s][info][gc] GC(791) Pause Final Update Refs 0,137ms
[2020-11-04T21:43:16.699+0300][110,629s][info][gc] GC(791) Concurrent cleanup 461M->299M(512M) 0,073ms
[2020-11-04T21:43:16.714+0300][110,644s][info][gc] Trigger: Average GC time (120,33 ms) is above the time for allocation rate (1019 MB/s) to deplete free headroom (121M)
[2020-11-04T21:43:16.714+0300][110,644s][info][gc] GC(792) Concurrent reset 0,590ms
[2020-11-04T21:43:16.715+0300][110,645s][info][gc] GC(792) Pause Init Mark (unload classes) 0,115ms
[2020-11-04T21:43:16.801+0300][110,731s][info][gc] GC(792) Concurrent marking (unload classes) 86,402ms
[2020-11-04T21:43:16.802+0300][110,732s][info][gc] GC(792) Pause Final Mark (unload classes) 0,508ms
[2020-11-04T21:43:16.803+0300][110,733s][info][gc] GC(792) Concurrent weak roots 0,437ms
[2020-11-04T21:43:16.803+0300][110,733s][info][gc] GC(792) Concurrent cleanup 359M->359M(512M) 0,034ms
[2020-11-04T21:43:16.804+0300][110,734s][info][gc] GC(792) Concurrent class unloading 0,892ms
[2020-11-04T21:43:16.804+0300][110,734s][info][gc] GC(792) Concurrent strong roots 0,120ms
[2020-11-04T21:43:16.808+0300][110,738s][info][gc] GC(792) Concurrent evacuation 3,937ms
[2020-11-04T21:43:16.808+0300][110,738s][info][gc] GC(792) Pause Init Update Refs 0,014ms
[2020-11-04T21:43:16.844+0300][110,774s][info][gc] GC(792) Concurrent update references 35,567ms
[2020-11-04T21:43:16.844+0300][110,774s][info][gc] GC(792) Pause Final Update Refs 0,179ms
[2020-11-04T21:43:16.845+0300][110,774s][info][gc] GC(792) Concurrent cleanup 446M->287M(512M) 0,096ms
[2020-11-04T21:43:16.868+0300][110,798s][info][gc] Trigger: Average GC time (122,17 ms) is above the time for allocation rate (999 MB/s) to deplete free headroom (121M)
[2020-11-04T21:43:16.869+0300][110,798s][info][gc] GC(793) Concurrent reset 0,620ms
[2020-11-04T21:43:16.869+0300][110,799s][info][gc] GC(793) Pause Init Mark (unload classes) 0,127ms
[2020-11-04T21:43:16.935+0300][110,865s][info][gc] GC(793) Concurrent marking (unload classes) 65,741ms
[2020-11-04T21:43:16.936+0300][110,865s][info][gc] GC(793) Pause Final Mark (unload classes) 0,391ms
[2020-11-04T21:43:16.936+0300][110,866s][info][gc] GC(793) Concurrent weak roots 0,421ms
[2020-11-04T21:43:16.936+0300][110,866s][info][gc] GC(793) Concurrent cleanup 358M->358M(512M) 0,037ms
[2020-11-04T21:43:16.937+0300][110,867s][info][gc] GC(793) Concurrent class unloading 0,707ms
[2020-11-04T21:43:16.937+0300][110,867s][info][gc] GC(793) Concurrent strong roots 0,056ms
[2020-11-04T21:43:16.941+0300][110,871s][info][gc] GC(793) Concurrent evacuation 3,852ms
[2020-11-04T21:43:16.941+0300][110,871s][info][gc] GC(793) Pause Init Update Refs 0,028ms
[2020-11-04T21:43:16.978+0300][110,908s][info][gc] GC(793) Concurrent update references 37,235ms
[2020-11-04T21:43:16.979+0300][110,909s][info][gc] GC(793) Pause Final Update Refs 0,167ms
[2020-11-04T21:43:16.979+0300][110,909s][info][gc] GC(793) Concurrent cleanup 445M->291M(512M) 0,109ms
[2020-11-04T21:43:16.993+0300][110,923s][info][gc] Trigger: Average GC time (123,11 ms) is above the time for allocation rate (1109 MB/s) to deplete free headroom (132M)
[2020-11-04T21:43:16.994+0300][110,923s][info][gc] GC(794) Concurrent reset 0,643ms
[2020-11-04T21:43:16.994+0300][110,924s][info][gc] GC(794) Pause Init Mark (unload classes) 0,140ms
[2020-11-04T21:43:17.076+0300][111,005s][info][gc] GC(794) Concurrent marking (unload classes) 81,509ms
[2020-11-04T21:43:17.076+0300][111,006s][info][gc] GC(794) Pause Final Mark (unload classes) 0,526ms
[2020-11-04T21:43:17.077+0300][111,007s][info][gc] GC(794) Concurrent weak roots 0,381ms
[2020-11-04T21:43:17.077+0300][111,007s][info][gc] GC(794) Concurrent cleanup 349M->349M(512M) 0,040ms
[2020-11-04T21:43:17.078+0300][111,008s][info][gc] GC(794) Concurrent class unloading 0,912ms
[2020-11-04T21:43:17.078+0300][111,008s][info][gc] GC(794) Concurrent strong roots 0,163ms
[2020-11-04T21:43:17.082+0300][111,012s][info][gc] GC(794) Concurrent evacuation 3,725ms
[2020-11-04T21:43:17.082+0300][111,012s][info][gc] GC(794) Pause Init Update Refs 0,020ms
[2020-11-04T21:43:17.119+0300][111,049s][info][gc] GC(794) Concurrent update references 37,198ms
[2020-11-04T21:43:17.120+0300][111,050s][info][gc] GC(794) Pause Final Update Refs 0,167ms
[2020-11-04T21:43:17.120+0300][111,050s][info][gc] GC(794) Concurrent cleanup 437M->298M(512M) 0,106ms
[2020-11-04T21:43:17.135+0300][111,065s][info][gc] Trigger: Average GC time (124,86 ms) is above the time for allocation rate (1014 MB/s) to deplete free headroom (122M)
[2020-11-04T21:43:17.136+0300][111,065s][info][gc] GC(795) Concurrent reset 0,630ms
[2020-11-04T21:43:17.136+0300][111,066s][info][gc] GC(795) Pause Init Mark (process weakrefs) (unload classes) 0,122ms
[2020-11-04T21:43:17.204+0300][111,134s][info][gc] GC(795) Concurrent marking (process weakrefs) (unload classes) 68,245ms
[2020-11-04T21:43:17.205+0300][111,134s][info][gc] GC(795) Concurrent precleaning 0,184ms
[2020-11-04T21:43:17.205+0300][111,135s][info][gc] GC(795) Pause Final Mark (process weakrefs) (unload classes) 0,435ms
[2020-11-04T21:43:17.206+0300][111,136s][info][gc] GC(795) Concurrent weak roots 0,384ms
[2020-11-04T21:43:17.206+0300][111,136s][info][gc] GC(795) Concurrent cleanup 357M->357M(512M) 0,048ms
[2020-11-04T21:43:17.207+0300][111,137s][info][gc] GC(795) Concurrent class unloading 1,038ms
[2020-11-04T21:43:17.207+0300][111,137s][info][gc] GC(795) Concurrent strong roots 0,134ms
[2020-11-04T21:43:17.211+0300][111,141s][info][gc] GC(795) Concurrent evacuation 3,636ms
[2020-11-04T21:43:17.211+0300][111,141s][info][gc] GC(795) Pause Init Update Refs 0,017ms
[2020-11-04T21:43:17.256+0300][111,186s][info][gc] GC(795) Concurrent update references 45,149ms
[2020-11-04T21:43:17.257+0300][111,186s][info][gc] GC(795) Pause Final Update Refs 0,140ms
[2020-11-04T21:43:17.257+0300][111,187s][info][gc] GC(795) Concurrent cleanup 463M->318M(512M) 0,064ms
[2020-11-04T21:43:17.261+0300][111,191s][info][gc] Trigger: Average GC time (126,34 ms) is above the time for allocation rate (1051 MB/s) to deplete free headroom (130M)
[2020-11-04T21:43:17.262+0300][111,192s][info][gc] GC(796) Concurrent reset 0,556ms
[2020-11-04T21:43:17.262+0300][111,192s][info][gc] GC(796) Pause Init Mark (unload classes) 0,080ms
[2020-11-04T21:43:17.331+0300][111,261s][info][gc] GC(796) Concurrent marking (unload classes) 69,312ms
[2020-11-04T21:43:17.332+0300][111,262s][info][gc] GC(796) Pause Final Mark (unload classes) 0,357ms
[2020-11-04T21:43:17.333+0300][111,262s][info][gc] GC(796) Concurrent weak roots 0,473ms
[2020-11-04T21:43:17.333+0300][111,262s][info][gc] GC(796) Concurrent cleanup 350M->350M(512M) 0,035ms
[2020-11-04T21:43:17.333+0300][111,263s][info][gc] GC(796) Concurrent class unloading 0,781ms
[2020-11-04T21:43:17.334+0300][111,263s][info][gc] GC(796) Concurrent strong roots 0,118ms
[2020-11-04T21:43:17.337+0300][111,267s][info][gc] GC(796) Concurrent evacuation 3,650ms
[2020-11-04T21:43:17.338+0300][111,267s][info][gc] GC(796) Pause Init Update Refs 0,029ms
[2020-11-04T21:43:17.378+0300][111,308s][info][gc] GC(796) Concurrent update references 40,363ms
[2020-11-04T21:43:17.379+0300][111,308s][info][gc] GC(796) Pause Final Update Refs 0,129ms
[2020-11-04T21:43:17.379+0300][111,309s][info][gc] GC(796) Concurrent cleanup 438M->305M(512M) 0,099ms
[2020-11-04T21:43:17.390+0300][111,320s][info][gc] Trigger: Average GC time (121,67 ms) is above the time for allocation rate (1048 MB/s) to deplete free headroom (123M)
[2020-11-04T21:43:17.391+0300][111,321s][info][gc] GC(797) Concurrent reset 0,579ms
[2020-11-04T21:43:17.391+0300][111,321s][info][gc] GC(797) Pause Init Mark (unload classes) 0,150ms
[2020-11-04T21:43:17.463+0300][111,393s][info][gc] GC(797) Concurrent marking (unload classes) 71,202ms
[2020-11-04T21:43:17.463+0300][111,393s][info][gc] GC(797) Pause Final Mark (unload classes) 0,431ms
[2020-11-04T21:43:17.464+0300][111,394s][info][gc] GC(797) Concurrent weak roots 0,314ms
[2020-11-04T21:43:17.464+0300][111,394s][info][gc] GC(797) Concurrent cleanup 356M->356M(512M) 0,036ms
[2020-11-04T21:43:17.465+0300][111,394s][info][gc] GC(797) Concurrent class unloading 0,699ms
[2020-11-04T21:43:17.465+0300][111,394s][info][gc] GC(797) Concurrent strong roots 0,057ms
[2020-11-04T21:43:17.468+0300][111,398s][info][gc] GC(797) Concurrent evacuation 3,442ms
[2020-11-04T21:43:17.468+0300][111,398s][info][gc] GC(797) Pause Init Update Refs 0,036ms
[2020-11-04T21:43:17.509+0300][111,438s][info][gc] GC(797) Concurrent update references 40,066ms
[2020-11-04T21:43:17.509+0300][111,439s][info][gc] GC(797) Pause Final Update Refs 0,124ms
[2020-11-04T21:43:17.509+0300][111,439s][info][gc] GC(797) Concurrent cleanup 449M->313M(512M) 0,074ms
[2020-11-04T21:43:17.519+0300][111,449s][info][gc] Trigger: Average GC time (119,28 ms) is above the time for allocation rate (1045 MB/s) to deplete free headroom (121M)
[2020-11-04T21:43:17.519+0300][111,449s][info][gc] GC(798) Concurrent reset 0,579ms
[2020-11-04T21:43:17.520+0300][111,450s][info][gc] GC(798) Pause Init Mark (unload classes) 0,107ms
[2020-11-04T21:43:17.591+0300][111,521s][info][gc] GC(798) Concurrent marking (unload classes) 71,467ms
[2020-11-04T21:43:17.592+0300][111,522s][info][gc] GC(798) Pause Final Mark (unload classes) 0,422ms
[2020-11-04T21:43:17.592+0300][111,522s][info][gc] GC(798) Concurrent weak roots 0,353ms
[2020-11-04T21:43:17.593+0300][111,522s][info][gc] GC(798) Concurrent cleanup 359M->359M(512M) 0,043ms
[2020-11-04T21:43:17.593+0300][111,523s][info][gc] GC(798) Concurrent class unloading 0,728ms
[2020-11-04T21:43:17.593+0300][111,523s][info][gc] GC(798) Concurrent strong roots 0,065ms
[2020-11-04T21:43:17.597+0300][111,527s][info][gc] GC(798) Concurrent evacuation 3,430ms
[2020-11-04T21:43:17.597+0300][111,527s][info][gc] GC(798) Pause Init Update Refs 0,016ms
[2020-11-04T21:43:17.638+0300][111,568s][info][gc] GC(798) Concurrent update references 41,269ms
[2020-11-04T21:43:17.639+0300][111,569s][info][gc] GC(798) Pause Final Update Refs 0,189ms
[2020-11-04T21:43:17.639+0300][111,569s][info][gc] GC(798) Concurrent cleanup 453M->319M(512M) 0,108ms
[2020-11-04T21:43:17.647+0300][111,576s][info][gc] Trigger: Average GC time (121,15 ms) is above the time for allocation rate (1015 MB/s) to deplete free headroom (121M)
[2020-11-04T21:43:17.647+0300][111,577s][info][gc] GC(799) Concurrent reset 0,607ms
[2020-11-04T21:43:17.648+0300][111,578s][info][gc] GC(799) Pause Init Mark (unload classes) 0,131ms
[2020-11-04T21:43:17.722+0300][111,651s][info][gc] GC(799) Concurrent marking (unload classes) 73,793ms
[2020-11-04T21:43:17.722+0300][111,652s][info][gc] GC(799) Pause Final Mark (unload classes) 0,445ms
[2020-11-04T21:43:17.723+0300][111,653s][info][gc] GC(799) Concurrent weak roots 0,376ms
[2020-11-04T21:43:17.723+0300][111,653s][info][gc] GC(799) Concurrent cleanup 358M->358M(512M) 0,027ms
[2020-11-04T21:43:17.724+0300][111,654s][info][gc] GC(799) Concurrent class unloading 0,848ms
[2020-11-04T21:43:17.724+0300][111,654s][info][gc] GC(799) Concurrent strong roots 0,114ms
[2020-11-04T21:43:17.727+0300][111,657s][info][gc] GC(799) Concurrent evacuation 3,174ms
[2020-11-04T21:43:17.727+0300][111,657s][info][gc] GC(799) Pause Init Update Refs 0,014ms
[2020-11-04T21:43:17.768+0300][111,698s][info][gc] GC(799) Concurrent update references 40,956ms
[2020-11-04T21:43:17.769+0300][111,699s][info][gc] GC(799) Pause Final Update Refs 0,146ms
[2020-11-04T21:43:17.769+0300][111,699s][info][gc] GC(799) Concurrent cleanup 454M->323M(512M) 0,060ms
[2020-11-04T21:43:17.777+0300][111,706s][info][gc] Trigger: Average GC time (120,20 ms) is above the time for allocation rate (1007 MB/s) to deplete free headroom (117M)
[2020-11-04T21:43:17.777+0300][111,707s][info][gc] GC(800) Concurrent reset 0,673ms
[2020-11-04T21:43:17.778+0300][111,707s][info][gc] GC(800) Pause Init Mark (process weakrefs) (unload classes) 0,102ms
[2020-11-04T21:43:17.858+0300][111,788s][info][gc] GC(800) Concurrent marking (process weakrefs) (unload classes) 80,665ms
[2020-11-04T21:43:17.859+0300][111,788s][info][gc] GC(800) Concurrent precleaning 0,155ms
[2020-11-04T21:43:17.859+0300][111,789s][info][gc] GC(800) Pause Final Mark (process weakrefs) (unload classes) 0,401ms
[2020-11-04T21:43:17.860+0300][111,790s][info][gc] GC(800) Concurrent weak roots 0,447ms
[2020-11-04T21:43:17.860+0300][111,790s][info][gc] GC(800) Concurrent cleanup 362M->362M(512M) 0,034ms
[2020-11-04T21:43:17.861+0300][111,791s][info][gc] GC(800) Concurrent class unloading 0,841ms
[2020-11-04T21:43:17.861+0300][111,791s][info][gc] GC(800) Concurrent strong roots 0,147ms
[2020-11-04T21:43:17.864+0300][111,794s][info][gc] GC(800) Concurrent evacuation 3,221ms
[2020-11-04T21:43:17.864+0300][111,794s][info][gc] GC(800) Pause Init Update Refs 0,014ms
[2020-11-04T21:43:17.906+0300][111,836s][info][gc] GC(800) Concurrent update references 41,734ms
[2020-11-04T21:43:17.907+0300][111,837s][info][gc] GC(800) Pause Final Update Refs 0,167ms
[2020-11-04T21:43:17.907+0300][111,837s][info][gc] GC(800) Concurrent cleanup 458M->327M(512M) 0,089ms
[2020-11-04T21:43:17.920+0300][111,850s][info][gc] Trigger: Average GC time (121,92 ms) is above the time for allocation rate (934 MB/s) to deplete free headroom (109M)
[2020-11-04T21:43:17.920+0300][111,850s][info][gc] GC(801) Concurrent reset 0,654ms
[2020-11-04T21:43:17.921+0300][111,851s][info][gc] GC(801) Pause Init Mark (unload classes) 0,099ms
[2020-11-04T21:43:18.014+0300][111,944s][info][gc] GC(801) Concurrent marking (unload classes) 93,403ms
[2020-11-04T21:43:18.015+0300][111,945s][info][gc] GC(801) Pause Final Mark (unload classes) 0,364ms
[2020-11-04T21:43:18.015+0300][111,945s][info][gc] GC(801) Concurrent weak roots 0,384ms
[2020-11-04T21:43:18.015+0300][111,945s][info][gc] GC(801) Concurrent cleanup 369M->369M(512M) 0,037ms
[2020-11-04T21:43:18.016+0300][111,946s][info][gc] GC(801) Concurrent class unloading 0,936ms
[2020-11-04T21:43:18.017+0300][111,946s][info][gc] GC(801) Concurrent strong roots 0,085ms
[2020-11-04T21:43:18.020+0300][111,950s][info][gc] GC(801) Concurrent evacuation 3,696ms
[2020-11-04T21:43:18.021+0300][111,950s][info][gc] GC(801) Pause Init Update Refs 0,022ms
[2020-11-04T21:43:18.064+0300][111,994s][info][gc] GC(801) Concurrent update references 43,040ms
[2020-11-04T21:43:18.064+0300][111,994s][info][gc] GC(801) Pause Final Update Refs 0,138ms
[2020-11-04T21:43:18.064+0300][111,994s][info][gc] GC(801) Concurrent cleanup 447M->313M(512M) 0,098ms
[2020-11-04T21:43:18.080+0300][112,010s][info][gc] Trigger: Average GC time (127,31 ms) is above the time for allocation rate (840 MB/s) to deplete free headroom (105M)
[2020-11-04T21:43:18.081+0300][112,011s][info][gc] GC(802) Concurrent reset 0,608ms
[2020-11-04T21:43:18.081+0300][112,011s][info][gc] GC(802) Pause Init Mark (unload classes) 0,115ms
[2020-11-04T21:43:18.154+0300][112,084s][info][gc] GC(802) Concurrent marking (unload classes) 72,305ms
[2020-11-04T21:43:18.155+0300][112,084s][info][gc] GC(802) Pause Final Mark (unload classes) 0,471ms
[2020-11-04T21:43:18.155+0300][112,085s][info][gc] GC(802) Concurrent weak roots 0,354ms
[2020-11-04T21:43:18.155+0300][112,085s][info][gc] GC(802) Concurrent cleanup 372M->368M(512M) 0,040ms
[2020-11-04T21:43:18.156+0300][112,086s][info][gc] GC(802) Concurrent class unloading 1,023ms
[2020-11-04T21:43:18.156+0300][112,086s][info][gc] GC(802) Concurrent strong roots 0,126ms
[2020-11-04T21:43:18.160+0300][112,090s][info][gc] GC(802) Concurrent evacuation 3,418ms
[2020-11-04T21:43:18.160+0300][112,090s][info][gc] GC(802) Pause Init Update Refs 0,010ms
[2020-11-04T21:43:18.185+0300][112,115s][info][gc] GC(802) Concurrent update references 25,215ms
[2020-11-04T21:43:18.186+0300][112,116s][info][gc] GC(802) Pause Final Update Refs 0,160ms
[2020-11-04T21:43:18.186+0300][112,116s][info][gc] GC(802) Concurrent cleanup 413M->182M(512M) 0,142ms
[2020-11-04T21:43:18.237+0300][112,167s][info][gc] Trigger: Average GC time (124,70 ms) is above the time for allocation rate (1194 MB/s) to deplete free headroom (148M)
[2020-11-04T21:43:18.238+0300][112,167s][info][gc] GC(803) Concurrent reset 0,604ms
[2020-11-04T21:43:18.238+0300][112,168s][info][gc] GC(803) Pause Init Mark (unload classes) 0,168ms
[2020-11-04T21:43:18.308+0300][112,238s][info][gc] GC(803) Concurrent marking (unload classes) 70,211ms
[2020-11-04T21:43:18.309+0300][112,239s][info][gc] GC(803) Pause Final Mark (unload classes) 0,339ms
[2020-11-04T21:43:18.309+0300][112,239s][info][gc] GC(803) Concurrent weak roots 0,542ms
[2020-11-04T21:43:18.310+0300][112,239s][info][gc] GC(803) Concurrent cleanup 334M->334M(512M) 0,034ms
[2020-11-04T21:43:18.310+0300][112,240s][info][gc] GC(803) Concurrent class unloading 0,952ms
[2020-11-04T21:43:18.311+0300][112,240s][info][gc] GC(803) Concurrent strong roots 0,124ms
[2020-11-04T21:43:18.315+0300][112,245s][info][gc] GC(803) Concurrent evacuation 4,574ms
[2020-11-04T21:43:18.316+0300][112,245s][info][gc] GC(803) Pause Init Update Refs 0,016ms
[2020-11-04T21:43:18.344+0300][112,273s][info][gc] GC(803) Concurrent update references 27,875ms
[2020-11-04T21:43:18.344+0300][112,274s][info][gc] GC(803) Pause Final Update Refs 0,194ms
[2020-11-04T21:43:18.344+0300][112,274s][info][gc] GC(803) Concurrent cleanup 385M->197M(512M) 0,134ms
[2020-11-04T21:43:18.389+0300][112,319s][info][gc] Trigger: Average GC time (122,08 ms) is above the time for allocation rate (1207 MB/s) to deplete free headroom (146M)
[2020-11-04T21:43:18.390+0300][112,319s][info][gc] GC(804) Concurrent reset 0,586ms
[2020-11-04T21:43:18.390+0300][112,320s][info][gc] GC(804) Pause Init Mark (unload classes) 0,146ms
[2020-11-04T21:43:18.459+0300][112,388s][info][gc] GC(804) Concurrent marking (unload classes) 68,551ms
[2020-11-04T21:43:18.459+0300][112,389s][info][gc] GC(804) Pause Final Mark (unload classes) 0,347ms
[2020-11-04T21:43:18.460+0300][112,389s][info][gc] GC(804) Concurrent weak roots 0,349ms
[2020-11-04T21:43:18.460+0300][112,390s][info][gc] GC(804) Concurrent cleanup 335M->335M(512M) 0,036ms
[2020-11-04T21:43:18.461+0300][112,391s][info][gc] GC(804) Concurrent class unloading 1,153ms
[2020-11-04T21:43:18.461+0300][112,391s][info][gc] GC(804) Concurrent strong roots 0,063ms
[2020-11-04T21:43:18.466+0300][112,396s][info][gc] GC(804) Concurrent evacuation 4,863ms
[2020-11-04T21:43:18.466+0300][112,396s][info][gc] GC(804) Pause Init Update Refs 0,014ms
[2020-11-04T21:43:18.492+0300][112,422s][info][gc] GC(804) Concurrent update references 26,179ms
[2020-11-04T21:43:18.493+0300][112,423s][info][gc] GC(804) Pause Final Update Refs 0,177ms
[2020-11-04T21:43:18.493+0300][112,423s][info][gc] GC(804) Concurrent cleanup 402M->218M(512M) 0,088ms
[2020-11-04T21:43:18.528+0300][112,458s][info][gc] Trigger: Average GC time (118,45 ms) is above the time for allocation rate (1263 MB/s) to deplete free headroom (148M)
[2020-11-04T21:43:18.529+0300][112,459s][info][gc] GC(805) Concurrent reset 0,631ms
[2020-11-04T21:43:18.529+0300][112,459s][info][gc] GC(805) Pause Init Mark (process weakrefs) (unload classes) 0,126ms
[2020-11-04T21:43:18.602+0300][112,532s][info][gc] GC(805) Concurrent marking (process weakrefs) (unload classes) 72,746ms
[2020-11-04T21:43:18.602+0300][112,532s][info][gc] GC(805) Concurrent precleaning 0,162ms
[2020-11-04T21:43:18.603+0300][112,533s][info][gc] GC(805) Pause Final Mark (process weakrefs) (unload classes) 0,674ms
[2020-11-04T21:43:18.603+0300][112,533s][info][gc] GC(805) Concurrent weak roots 0,391ms
[2020-11-04T21:43:18.604+0300][112,533s][info][gc] GC(805) Concurrent cleanup 335M->335M(512M) 0,030ms
[2020-11-04T21:43:18.605+0300][112,534s][info][gc] GC(805) Concurrent class unloading 0,983ms
[2020-11-04T21:43:18.605+0300][112,534s][info][gc] GC(805) Concurrent strong roots 0,114ms
[2020-11-04T21:43:18.609+0300][112,539s][info][gc] GC(805) Concurrent evacuation 4,645ms
[2020-11-04T21:43:18.610+0300][112,539s][info][gc] GC(805) Pause Init Update Refs 0,012ms
[2020-11-04T21:43:18.640+0300][112,570s][info][gc] GC(805) Concurrent update references 30,411ms
[2020-11-04T21:43:18.641+0300][112,571s][info][gc] GC(805) Pause Final Update Refs 0,358ms
[2020-11-04T21:43:18.641+0300][112,571s][info][gc] GC(805) Concurrent cleanup 386M->210M(512M) 0,113ms
[2020-11-04T21:43:18.684+0300][112,614s][info][gc] Trigger: Average GC time (114,92 ms) is above the time for allocation rate (1181 MB/s) to deplete free headroom (134M)
[2020-11-04T21:43:18.685+0300][112,615s][info][gc] GC(806) Concurrent reset 0,616ms
[2020-11-04T21:43:18.686+0300][112,615s][info][gc] GC(806) Pause Init Mark (unload classes) 0,197ms
[2020-11-04T21:43:18.760+0300][112,689s][info][gc] GC(806) Concurrent marking (unload classes) 73,928ms
[2020-11-04T21:43:18.761+0300][112,690s][info][gc] GC(806) Pause Final Mark (unload classes) 0,822ms
[2020-11-04T21:43:18.761+0300][112,691s][info][gc] GC(806) Concurrent weak roots 0,404ms
[2020-11-04T21:43:18.761+0300][112,691s][info][gc] GC(806) Concurrent cleanup 347M->347M(512M) 0,032ms
[2020-11-04T21:43:18.762+0300][112,692s][info][gc] GC(806) Concurrent class unloading 0,976ms
[2020-11-04T21:43:18.762+0300][112,692s][info][gc] GC(806) Concurrent strong roots 0,072ms
[2020-11-04T21:43:18.767+0300][112,697s][info][gc] GC(806) Concurrent evacuation 4,988ms
[2020-11-04T21:43:18.768+0300][112,697s][info][gc] GC(806) Pause Init Update Refs 0,026ms
[2020-11-04T21:43:18.800+0300][112,729s][info][gc] GC(806) Concurrent update references 31,967ms
[2020-11-04T21:43:18.800+0300][112,730s][info][gc] GC(806) Pause Final Update Refs 0,283ms
[2020-11-04T21:43:18.800+0300][112,730s][info][gc] GC(806) Concurrent cleanup 401M->216M(512M) 0,156ms
[2020-11-04T21:43:18.857+0300][112,787s][info][gc] Trigger: Average GC time (109,19 ms) is above the time for allocation rate (1126 MB/s) to deplete free headroom (120M)
[2020-11-04T21:43:18.857+0300][112,787s][info][gc] GC(807) Concurrent reset 0,639ms
[2020-11-04T21:43:18.858+0300][112,788s][info][gc] GC(807) Pause Init Mark (unload classes) 0,255ms
[2020-11-04T21:43:18.915+0300][112,845s][info][gc] GC(807) Concurrent marking (unload classes) 56,669ms
[2020-11-04T21:43:18.915+0300][112,845s][info][gc] GC(807) Pause Final Mark (unload classes) 0,488ms
[2020-11-04T21:43:18.916+0300][112,846s][info][gc] GC(807) Concurrent weak roots 0,450ms
[2020-11-04T21:43:18.916+0300][112,846s][info][gc] GC(807) Concurrent cleanup 360M->360M(512M) 0,036ms
[2020-11-04T21:43:18.917+0300][112,847s][info][gc] GC(807) Concurrent class unloading 1,042ms
[2020-11-04T21:43:18.917+0300][112,847s][info][gc] GC(807) Concurrent strong roots 0,075ms
[2020-11-04T21:43:18.922+0300][112,852s][info][gc] GC(807) Concurrent evacuation 4,788ms
[2020-11-04T21:43:18.922+0300][112,852s][info][gc] GC(807) Pause Init Update Refs 0,019ms
[2020-11-04T21:43:18.956+0300][112,886s][info][gc] GC(807) Concurrent update references 33,757ms
[2020-11-04T21:43:18.957+0300][112,887s][info][gc] GC(807) Pause Final Update Refs 0,161ms
[2020-11-04T21:43:18.957+0300][112,887s][info][gc] GC(807) Concurrent cleanup 418M->224M(512M) 0,101ms
[2020-11-04T21:43:18.995+0300][112,925s][info][gc] Trigger: Average GC time (108,09 ms) is above the time for allocation rate (1256 MB/s) to deplete free headroom (134M)
[2020-11-04T21:43:18.996+0300][112,926s][info][gc] GC(808) Concurrent reset 0,671ms
[2020-11-04T21:43:18.996+0300][112,926s][info][gc] GC(808) Pause Init Mark (unload classes) 0,120ms
[2020-11-04T21:43:19.066+0300][112,996s][info][gc] GC(808) Concurrent marking (unload classes) 69,614ms
[2020-11-04T21:43:19.066+0300][112,996s][info][gc] GC(808) Pause Final Mark (unload classes) 0,321ms
[2020-11-04T21:43:19.067+0300][112,997s][info][gc] GC(808) Concurrent weak roots 0,321ms
[2020-11-04T21:43:19.067+0300][112,997s][info][gc] GC(808) Concurrent cleanup 347M->347M(512M) 0,027ms
[2020-11-04T21:43:19.068+0300][112,998s][info][gc] GC(808) Concurrent class unloading 0,768ms
[2020-11-04T21:43:19.068+0300][112,998s][info][gc] GC(808) Concurrent strong roots 0,067ms
[2020-11-04T21:43:19.072+0300][113,002s][info][gc] GC(808) Concurrent evacuation 4,349ms
[2020-11-04T21:43:19.073+0300][113,002s][info][gc] GC(808) Pause Init Update Refs 0,017ms
[2020-11-04T21:43:19.105+0300][113,034s][info][gc] GC(808) Concurrent update references 32,044ms
[2020-11-04T21:43:19.105+0300][113,035s][info][gc] GC(808) Pause Final Update Refs 0,120ms
[2020-11-04T21:43:19.105+0300][113,035s][info][gc] GC(808) Concurrent cleanup 418M->244M(512M) 0,070ms
[2020-11-04T21:43:19.138+0300][113,068s][info][gc] Trigger: Average GC time (108,63 ms) is above the time for allocation rate (1219 MB/s) to deplete free headroom (128M)
[2020-11-04T21:43:19.139+0300][113,068s][info][gc] GC(809) Concurrent reset 0,539ms
[2020-11-04T21:43:19.139+0300][113,069s][info][gc] GC(809) Pause Init Mark (unload classes) 0,322ms
[2020-11-04T21:43:19.200+0300][113,130s][info][gc] GC(809) Concurrent marking (unload classes) 60,688ms
[2020-11-04T21:43:19.201+0300][113,131s][info][gc] GC(809) Pause Final Mark (unload classes) 0,369ms
[2020-11-04T21:43:19.201+0300][113,131s][info][gc] GC(809) Concurrent weak roots 0,396ms
[2020-11-04T21:43:19.201+0300][113,131s][info][gc] GC(809) Concurrent cleanup 352M->352M(512M) 0,036ms
[2020-11-04T21:43:19.202+0300][113,132s][info][gc] GC(809) Concurrent class unloading 0,783ms
[2020-11-04T21:43:19.202+0300][113,132s][info][gc] GC(809) Concurrent strong roots 0,112ms
[2020-11-04T21:43:19.207+0300][113,137s][info][gc] GC(809) Concurrent evacuation 4,617ms
[2020-11-04T21:43:19.207+0300][113,137s][info][gc] GC(809) Pause Init Update Refs 0,016ms
[2020-11-04T21:43:19.239+0300][113,169s][info][gc] GC(809) Concurrent update references 32,246ms
[2020-11-04T21:43:19.240+0300][113,170s][info][gc] GC(809) Pause Final Update Refs 0,154ms
[2020-11-04T21:43:19.240+0300][113,170s][info][gc] GC(809) Concurrent cleanup 428M->254M(512M) 0,112ms
[2020-11-04T21:43:19.267+0300][113,197s][info][gc] Trigger: Average GC time (108,20 ms) is above the time for allocation rate (1262 MB/s) to deplete free headroom (135M)
[2020-11-04T21:43:19.267+0300][113,197s][info][gc] GC(810) Concurrent reset 0,646ms
[2020-11-04T21:43:19.268+0300][113,198s][info][gc] GC(810) Pause Init Mark (process weakrefs) (unload classes) 0,110ms
[2020-11-04T21:43:19.329+0300][113,259s][info][gc] GC(810) Concurrent marking (process weakrefs) (unload classes) 61,474ms
[2020-11-04T21:43:19.330+0300][113,259s][info][gc] GC(810) Concurrent precleaning 0,127ms
[2020-11-04T21:43:19.330+0300][113,260s][info][gc] GC(810) Pause Final Mark (process weakrefs) (unload classes) 0,372ms
[2020-11-04T21:43:19.331+0300][113,260s][info][gc] GC(810) Concurrent weak roots 0,436ms
[2020-11-04T21:43:19.331+0300][113,261s][info][gc] GC(810) Concurrent cleanup 345M->345M(512M) 0,034ms
[2020-11-04T21:43:19.332+0300][113,261s][info][gc] GC(810) Concurrent class unloading 0,897ms
[2020-11-04T21:43:19.332+0300][113,262s][info][gc] GC(810) Concurrent strong roots 0,140ms
[2020-11-04T21:43:19.336+0300][113,266s][info][gc] GC(810) Concurrent evacuation 3,885ms
[2020-11-04T21:43:19.336+0300][113,266s][info][gc] GC(810) Pause Init Update Refs 0,025ms
[2020-11-04T21:43:19.373+0300][113,303s][info][gc] GC(810) Concurrent update references 36,855ms
[2020-11-04T21:43:19.374+0300][113,303s][info][gc] GC(810) Pause Final Update Refs 0,227ms
[2020-11-04T21:43:19.374+0300][113,304s][info][gc] GC(810) Concurrent cleanup 407M->244M(512M) 0,105ms
[2020-11-04T21:43:19.408+0300][113,338s][info][gc] Trigger: Average GC time (107,07 ms) is above the time for allocation rate (1192 MB/s) to deplete free headroom (125M)
[2020-11-04T21:43:19.408+0300][113,338s][info][gc] GC(811) Concurrent reset 0,649ms
[2020-11-04T21:43:19.409+0300][113,339s][info][gc] GC(811) Pause Init Mark (unload classes) 0,132ms
[2020-11-04T21:43:19.478+0300][113,408s][info][gc] GC(811) Concurrent marking (unload classes) 69,428ms
[2020-11-04T21:43:19.479+0300][113,409s][info][gc] GC(811) Pause Final Mark (unload classes) 0,462ms
[2020-11-04T21:43:19.480+0300][113,410s][info][gc] GC(811) Concurrent weak roots 0,521ms
[2020-11-04T21:43:19.480+0300][113,410s][info][gc] GC(811) Concurrent cleanup 355M->355M(512M) 0,035ms
[2020-11-04T21:43:19.481+0300][113,410s][info][gc] GC(811) Concurrent class unloading 0,820ms
[2020-11-04T21:43:19.481+0300][113,411s][info][gc] GC(811) Concurrent strong roots 0,064ms
[2020-11-04T21:43:19.486+0300][113,415s][info][gc] GC(811) Concurrent evacuation 4,801ms
[2020-11-04T21:43:19.486+0300][113,416s][info][gc] GC(811) Pause Init Update Refs 0,015ms
[2020-11-04T21:43:19.520+0300][113,450s][info][gc] GC(811) Concurrent update references 34,406ms
[2020-11-04T21:43:19.521+0300][113,451s][info][gc] GC(811) Pause Final Update Refs 0,164ms
[2020-11-04T21:43:19.521+0300][113,451s][info][gc] GC(811) Concurrent cleanup 433M->265M(512M) 0,115ms
[2020-11-04T21:43:19.549+0300][113,478s][info][gc] Trigger: Average GC time (106,53 ms) is above the time for allocation rate (1174 MB/s) to deplete free headroom (123M)
[2020-11-04T21:43:19.549+0300][113,479s][info][gc] GC(812) Concurrent reset 0,574ms
[2020-11-04T21:43:19.550+0300][113,479s][info][gc] GC(812) Pause Init Mark (unload classes) 0,118ms
[2020-11-04T21:43:19.617+0300][113,547s][info][gc] GC(812) Concurrent marking (unload classes) 67,780ms
[2020-11-04T21:43:19.618+0300][113,548s][info][gc] GC(812) Pause Final Mark (unload classes) 0,435ms
[2020-11-04T21:43:19.619+0300][113,548s][info][gc] GC(812) Concurrent weak roots 0,372ms
[2020-11-04T21:43:19.619+0300][113,549s][info][gc] GC(812) Concurrent cleanup 357M->357M(512M) 0,034ms
[2020-11-04T21:43:19.620+0300][113,550s][info][gc] GC(812) Concurrent class unloading 1,073ms
[2020-11-04T21:43:19.620+0300][113,550s][info][gc] GC(812) Concurrent strong roots 0,099ms
[2020-11-04T21:43:19.624+0300][113,554s][info][gc] GC(812) Concurrent evacuation 3,907ms
[2020-11-04T21:43:19.624+0300][113,554s][info][gc] GC(812) Pause Init Update Refs 0,012ms
[2020-11-04T21:43:19.664+0300][113,594s][info][gc] GC(812) Concurrent update references 39,462ms
[2020-11-04T21:43:19.664+0300][113,594s][info][gc] GC(812) Pause Final Update Refs 0,144ms
[2020-11-04T21:43:19.664+0300][113,594s][info][gc] GC(812) Concurrent cleanup 424M->259M(512M) 0,099ms
[2020-11-04T21:43:19.694+0300][113,624s][info][gc] Trigger: Average GC time (109,65 ms) is above the time for allocation rate (1111 MB/s) to deplete free headroom (121M)
[2020-11-04T21:43:19.695+0300][113,625s][info][gc] GC(813) Concurrent reset 0,629ms
[2020-11-04T21:43:19.695+0300][113,625s][info][gc] GC(813) Pause Init Mark (unload classes) 0,262ms
[2020-11-04T21:43:19.765+0300][113,695s][info][gc] GC(813) Concurrent marking (unload classes) 69,883ms
[2020-11-04T21:43:19.766+0300][113,696s][info][gc] GC(813) Pause Final Mark (unload classes) 0,570ms
[2020-11-04T21:43:19.767+0300][113,697s][info][gc] GC(813) Concurrent weak roots 0,439ms
[2020-11-04T21:43:19.767+0300][113,697s][info][gc] GC(813) Concurrent cleanup 359M->359M(512M) 0,033ms
[2020-11-04T21:43:19.768+0300][113,698s][info][gc] GC(813) Concurrent class unloading 1,092ms
[2020-11-04T21:43:19.768+0300][113,698s][info][gc] GC(813) Concurrent strong roots 0,131ms
[2020-11-04T21:43:19.773+0300][113,702s][info][gc] GC(813) Concurrent evacuation 4,521ms
[2020-11-04T21:43:19.773+0300][113,703s][info][gc] GC(813) Pause Init Update Refs 0,013ms
[2020-11-04T21:43:19.814+0300][113,743s][info][gc] GC(813) Concurrent update references 40,536ms
[2020-11-04T21:43:19.814+0300][113,744s][info][gc] GC(813) Pause Final Update Refs 0,180ms
[2020-11-04T21:43:19.814+0300][113,744s][info][gc] GC(813) Concurrent cleanup 421M->259M(512M) 0,113ms
[2020-11-04T21:43:19.846+0300][113,776s][info][gc] Trigger: Average GC time (111,67 ms) is above the time for allocation rate (1073 MB/s) to deplete free headroom (116M)
[2020-11-04T21:43:19.847+0300][113,777s][info][gc] GC(814) Concurrent reset 0,601ms
[2020-11-04T21:43:19.847+0300][113,777s][info][gc] GC(814) Pause Init Mark (unload classes) 0,124ms
[2020-11-04T21:43:19.915+0300][113,845s][info][gc] GC(814) Concurrent marking (unload classes) 67,998ms
[2020-11-04T21:43:19.916+0300][113,846s][info][gc] GC(814) Pause Final Mark (unload classes) 0,449ms
[2020-11-04T21:43:19.916+0300][113,846s][info][gc] GC(814) Concurrent weak roots 0,404ms
[2020-11-04T21:43:19.916+0300][113,846s][info][gc] GC(814) Concurrent cleanup 363M->363M(512M) 0,034ms
[2020-11-04T21:43:19.917+0300][113,847s][info][gc] GC(814) Concurrent class unloading 0,841ms
[2020-11-04T21:43:19.918+0300][113,847s][info][gc] GC(814) Concurrent strong roots 0,139ms
[2020-11-04T21:43:19.921+0300][113,851s][info][gc] GC(814) Concurrent evacuation 3,772ms
[2020-11-04T21:43:19.922+0300][113,851s][info][gc] GC(814) Pause Init Update Refs 0,014ms
[2020-11-04T21:43:19.958+0300][113,888s][info][gc] GC(814) Concurrent update references 36,228ms
[2020-11-04T21:43:19.958+0300][113,888s][info][gc] GC(814) Pause Final Update Refs 0,143ms
[2020-11-04T21:43:19.959+0300][113,888s][info][gc] GC(814) Concurrent cleanup 446M->283M(512M) 0,102ms
[2020-11-04T21:43:19.978+0300][113,908s][info][gc] Trigger: Average GC time (113,77 ms) is above the time for allocation rate (1130 MB/s) to deplete free headroom (125M)
[2020-11-04T21:43:19.978+0300][113,908s][info][gc] GC(815) Concurrent reset 0,628ms
[2020-11-04T21:43:19.979+0300][113,909s][info][gc] GC(815) Pause Init Mark (process weakrefs) (unload classes) 0,103ms
[2020-11-04T21:43:20.060+0300][113,989s][info][gc] GC(815) Concurrent marking (process weakrefs) (unload classes) 80,657ms
[2020-11-04T21:43:20.060+0300][113,990s][info][gc] GC(815) Concurrent precleaning 0,131ms
[2020-11-04T21:43:20.061+0300][113,991s][info][gc] GC(815) Pause Final Mark (process weakrefs) (unload classes) 0,727ms
[2020-11-04T21:43:20.061+0300][113,991s][info][gc] GC(815) Concurrent weak roots 0,515ms
[2020-11-04T21:43:20.061+0300][113,991s][info][gc] GC(815) Concurrent cleanup 355M->355M(512M) 0,046ms
[2020-11-04T21:43:20.062+0300][113,992s][info][gc] GC(815) Concurrent class unloading 0,797ms
[2020-11-04T21:43:20.062+0300][113,992s][info][gc] GC(815) Concurrent strong roots 0,110ms
[2020-11-04T21:43:20.066+0300][113,996s][info][gc] GC(815) Concurrent evacuation 4,111ms
[2020-11-04T21:43:20.067+0300][113,997s][info][gc] GC(815) Pause Init Update Refs 0,022ms
[2020-11-04T21:43:20.104+0300][114,034s][info][gc] GC(815) Concurrent update references 37,181ms
[2020-11-04T21:43:20.105+0300][114,035s][info][gc] GC(815) Pause Final Update Refs 0,365ms
[2020-11-04T21:43:20.105+0300][114,035s][info][gc] GC(815) Concurrent cleanup 441M->292M(512M) 0,110ms
[2020-11-04T21:43:20.131+0300][114,060s][info][gc] Trigger: Average GC time (117,78 ms) is above the time for allocation rate (1010 MB/s) to deplete free headroom (115M)
[2020-11-04T21:43:20.131+0300][114,061s][info][gc] GC(816) Concurrent reset 0,523ms
[2020-11-04T21:43:20.132+0300][114,062s][info][gc] GC(816) Pause Init Mark (unload classes) 0,225ms
[2020-11-04T21:43:20.216+0300][114,146s][info][gc] GC(816) Concurrent marking (unload classes) 84,280ms
[2020-11-04T21:43:20.217+0300][114,147s][info][gc] GC(816) Pause Final Mark (unload classes) 0,653ms
[2020-11-04T21:43:20.218+0300][114,147s][info][gc] GC(816) Concurrent weak roots 0,468ms
[2020-11-04T21:43:20.218+0300][114,147s][info][gc] GC(816) Concurrent cleanup 363M->363M(512M) 0,040ms
[2020-11-04T21:43:20.219+0300][114,148s][info][gc] GC(816) Concurrent class unloading 0,817ms
[2020-11-04T21:43:20.219+0300][114,148s][info][gc] GC(816) Concurrent strong roots 0,099ms
[2020-11-04T21:43:20.223+0300][114,152s][info][gc] GC(816) Concurrent evacuation 3,873ms
[2020-11-04T21:43:20.223+0300][114,153s][info][gc] GC(816) Pause Init Update Refs 0,022ms
[2020-11-04T21:43:20.261+0300][114,190s][info][gc] GC(816) Concurrent update references 37,623ms
[2020-11-04T21:43:20.261+0300][114,191s][info][gc] GC(816) Pause Final Update Refs 0,352ms
[2020-11-04T21:43:20.262+0300][114,191s][info][gc] GC(816) Concurrent cleanup 454M->300M(512M) 0,113ms
[2020-11-04T21:43:20.277+0300][114,207s][info][gc] Trigger: Average GC time (121,30 ms) is above the time for allocation rate (1003 MB/s) to deplete free headroom (117M)
[2020-11-04T21:43:20.278+0300][114,208s][info][gc] GC(817) Concurrent reset 0,585ms
[2020-11-04T21:43:20.279+0300][114,208s][info][gc] GC(817) Pause Init Mark (unload classes) 0,168ms
[2020-11-04T21:43:20.375+0300][114,305s][info][gc] GC(817) Concurrent marking (unload classes) 96,052ms
[2020-11-04T21:43:20.376+0300][114,305s][info][gc] GC(817) Pause Final Mark (unload classes) 0,532ms
[2020-11-04T21:43:20.376+0300][114,306s][info][gc] GC(817) Concurrent weak roots 0,408ms
[2020-11-04T21:43:20.376+0300][114,306s][info][gc] GC(817) Concurrent cleanup 362M->362M(512M) 0,036ms
[2020-11-04T21:43:20.377+0300][114,307s][info][gc] GC(817) Concurrent class unloading 1,042ms
[2020-11-04T21:43:20.377+0300][114,307s][info][gc] GC(817) Concurrent strong roots 0,145ms
[2020-11-04T21:43:20.381+0300][114,311s][info][gc] GC(817) Concurrent evacuation 3,630ms
[2020-11-04T21:43:20.381+0300][114,311s][info][gc] GC(817) Pause Init Update Refs 0,021ms
[2020-11-04T21:43:20.421+0300][114,351s][info][gc] GC(817) Concurrent update references 39,402ms
[2020-11-04T21:43:20.421+0300][114,351s][info][gc] GC(817) Pause Final Update Refs 0,160ms
[2020-11-04T21:43:20.421+0300][114,351s][info][gc] GC(817) Concurrent cleanup 454M->305M(512M) 0,076ms
[2020-11-04T21:43:20.436+0300][114,366s][info][gc] Trigger: Average GC time (126,94 ms) is above the time for allocation rate (919 MB/s) to deplete free headroom (115M)
[2020-11-04T21:43:20.437+0300][114,367s][info][gc] GC(818) Concurrent reset 0,621ms
[2020-11-04T21:43:20.437+0300][114,367s][info][gc] GC(818) Pause Init Mark (unload classes) 0,103ms
[2020-11-04T21:43:20.509+0300][114,439s][info][gc] GC(818) Concurrent marking (unload classes) 71,560ms
[2020-11-04T21:43:20.510+0300][114,440s][info][gc] GC(818) Pause Final Mark (unload classes) 0,519ms
[2020-11-04T21:43:20.510+0300][114,440s][info][gc] GC(818) Concurrent weak roots 0,436ms
[2020-11-04T21:43:20.511+0300][114,440s][info][gc] GC(818) Concurrent cleanup 364M->364M(512M) 0,040ms
[2020-11-04T21:43:20.512+0300][114,442s][info][gc] GC(818) Concurrent class unloading 1,183ms
[2020-11-04T21:43:20.512+0300][114,442s][info][gc] GC(818) Concurrent strong roots 0,162ms
[2020-11-04T21:43:20.515+0300][114,445s][info][gc] GC(818) Concurrent evacuation 3,541ms
[2020-11-04T21:43:20.516+0300][114,446s][info][gc] GC(818) Pause Init Update Refs 0,022ms
[2020-11-04T21:43:20.563+0300][114,493s][info][gc] GC(818) Concurrent update references 47,465ms
[2020-11-04T21:43:20.564+0300][114,494s][info][gc] GC(818) Pause Final Update Refs 0,180ms
[2020-11-04T21:43:20.564+0300][114,494s][info][gc] GC(818) Concurrent cleanup 472M->325M(512M) 0,103ms
[2020-11-04T21:43:20.567+0300][114,497s][info][gc] Trigger: Average GC time (128,45 ms) is above the time for allocation rate (1001 MB/s) to deplete free headroom (126M)
[2020-11-04T21:43:20.568+0300][114,498s][info][gc] GC(819) Concurrent reset 0,567ms
[2020-11-04T21:43:20.568+0300][114,498s][info][gc] GC(819) Pause Init Mark (unload classes) 0,138ms
[2020-11-04T21:43:20.679+0300][114,609s][info][gc] GC(819) Concurrent marking (unload classes) 110,401ms
[2020-11-04T21:43:20.680+0300][114,610s][info][gc] GC(819) Pause Final Mark (unload classes) 0,616ms
[2020-11-04T21:43:20.680+0300][114,610s][info][gc] GC(819) Concurrent weak roots 0,518ms
[2020-11-04T21:43:20.681+0300][114,610s][info][gc] GC(819) Concurrent cleanup 356M->356M(512M) 0,032ms
[2020-11-04T21:43:20.681+0300][114,611s][info][gc] GC(819) Concurrent class unloading 0,919ms
[2020-11-04T21:43:20.682+0300][114,611s][info][gc] GC(819) Concurrent strong roots 0,064ms
[2020-11-04T21:43:20.686+0300][114,616s][info][gc] GC(819) Concurrent evacuation 4,359ms
[2020-11-04T21:43:20.686+0300][114,616s][info][gc] GC(819) Pause Init Update Refs 0,013ms
[2020-11-04T21:43:20.727+0300][114,656s][info][gc] GC(819) Concurrent update references 40,330ms
[2020-11-04T21:43:20.727+0300][114,657s][info][gc] GC(819) Pause Final Update Refs 0,185ms
[2020-11-04T21:43:20.727+0300][114,657s][info][gc] GC(819) Concurrent cleanup 451M->320M(512M) 0,122ms
[2020-11-04T21:43:20.738+0300][114,668s][info][gc] Trigger: Average GC time (137,92 ms) is above the time for allocation rate (829 MB/s) to deplete free headroom (112M)
[2020-11-04T21:43:20.739+0300][114,668s][info][gc] GC(820) Concurrent reset 0,618ms
[2020-11-04T21:43:20.739+0300][114,669s][info][gc] GC(820) Pause Init Mark (process weakrefs) (unload classes) 0,104ms
[2020-11-04T21:43:20.822+0300][114,752s][info][gc] GC(820) Concurrent marking (process weakrefs) (unload classes) 82,879ms
[2020-11-04T21:43:20.822+0300][114,752s][info][gc] GC(820) Concurrent precleaning 0,156ms
[2020-11-04T21:43:20.823+0300][114,753s][info][gc] GC(820) Pause Final Mark (process weakrefs) (unload classes) 0,557ms
[2020-11-04T21:43:20.824+0300][114,753s][info][gc] GC(820) Concurrent weak roots 0,509ms
[2020-11-04T21:43:20.824+0300][114,754s][info][gc] GC(820) Concurrent cleanup 366M->366M(512M) 0,034ms
[2020-11-04T21:43:20.825+0300][114,754s][info][gc] GC(820) Concurrent class unloading 0,874ms
[2020-11-04T21:43:20.825+0300][114,755s][info][gc] GC(820) Concurrent strong roots 0,101ms
[2020-11-04T21:43:20.828+0300][114,758s][info][gc] GC(820) Concurrent evacuation 3,453ms
[2020-11-04T21:43:20.829+0300][114,758s][info][gc] GC(820) Pause Init Update Refs 0,016ms
[2020-11-04T21:43:20.869+0300][114,799s][info][gc] GC(820) Concurrent update references 40,614ms
[2020-11-04T21:43:20.870+0300][114,800s][info][gc] GC(820) Pause Final Update Refs 0,155ms
[2020-11-04T21:43:20.870+0300][114,800s][info][gc] GC(820) Concurrent cleanup 460M->319M(512M) 0,123ms
[2020-11-04T21:43:20.876+0300][114,806s][info][gc] Trigger: Average GC time (138,89 ms) is above the time for allocation rate (904 MB/s) to deplete free headroom (123M)
[2020-11-04T21:43:20.877+0300][114,807s][info][gc] GC(821) Concurrent reset 0,586ms
[2020-11-04T21:43:20.877+0300][114,807s][info][gc] GC(821) Pause Init Mark (unload classes) 0,140ms
[2020-11-04T21:43:20.960+0300][114,890s][info][gc] GC(821) Concurrent marking (unload classes) 82,779ms
[2020-11-04T21:43:20.961+0300][114,891s][info][gc] GC(821) Pause Final Mark (unload classes) 0,438ms
[2020-11-04T21:43:20.961+0300][114,891s][info][gc] GC(821) Concurrent weak roots 0,379ms
[2020-11-04T21:43:20.961+0300][114,891s][info][gc] GC(821) Concurrent cleanup 356M->357M(512M) 0,032ms
[2020-11-04T21:43:20.962+0300][114,892s][info][gc] GC(821) Concurrent class unloading 0,877ms
[2020-11-04T21:43:20.962+0300][114,892s][info][gc] GC(821) Concurrent strong roots 0,059ms
[2020-11-04T21:43:20.966+0300][114,895s][info][gc] GC(821) Concurrent evacuation 3,071ms
[2020-11-04T21:43:20.966+0300][114,896s][info][gc] GC(821) Pause Init Update Refs 0,016ms
[2020-11-04T21:43:21.008+0300][114,937s][info][gc] GC(821) Concurrent update references 41,583ms
[2020-11-04T21:43:21.008+0300][114,938s][info][gc] GC(821) Pause Final Update Refs 0,137ms
[2020-11-04T21:43:21.008+0300][114,938s][info][gc] GC(821) Concurrent cleanup 452M->327M(512M) 0,077ms
[2020-11-04T21:43:21.012+0300][114,941s][info][gc] Trigger: Average GC time (139,09 ms) is above the time for allocation rate (897 MB/s) to deplete free headroom (124M)
[2020-11-04T21:43:21.012+0300][114,942s][info][gc] GC(822) Concurrent reset 0,506ms
[2020-11-04T21:43:21.012+0300][114,942s][info][gc] GC(822) Pause Init Mark (unload classes) 0,115ms
[2020-11-04T21:43:21.086+0300][115,016s][info][gc] GC(822) Concurrent marking (unload classes) 73,612ms
[2020-11-04T21:43:21.087+0300][115,017s][info][gc] GC(822) Pause Final Mark (unload classes) 0,483ms
[2020-11-04T21:43:21.087+0300][115,017s][info][gc] GC(822) Concurrent weak roots 0,398ms
[2020-11-04T21:43:21.087+0300][115,017s][info][gc] GC(822) Concurrent cleanup 355M->355M(512M) 0,035ms
[2020-11-04T21:43:21.088+0300][115,018s][info][gc] GC(822) Concurrent class unloading 0,756ms
[2020-11-04T21:43:21.088+0300][115,018s][info][gc] GC(822) Concurrent strong roots 0,155ms
[2020-11-04T21:43:21.092+0300][115,021s][info][gc] GC(822) Concurrent evacuation 3,213ms
[2020-11-04T21:43:21.092+0300][115,022s][info][gc] GC(822) Pause Init Update Refs 0,013ms
[2020-11-04T21:43:21.135+0300][115,065s][info][gc] GC(822) Concurrent update references 42,788ms
[2020-11-04T21:43:21.135+0300][115,065s][info][gc] GC(822) Pause Final Update Refs 0,152ms
[2020-11-04T21:43:21.135+0300][115,065s][info][gc] GC(822) Concurrent cleanup 450M->329M(512M) 0,064ms
[2020-11-04T21:43:21.138+0300][115,067s][info][gc] Trigger: Average GC time (135,09 ms) is above the time for allocation rate (928 MB/s) to deplete free headroom (124M)
[2020-11-04T21:43:21.138+0300][115,068s][info][gc] GC(823) Concurrent reset 0,428ms
[2020-11-04T21:43:21.138+0300][115,068s][info][gc] GC(823) Pause Init Mark (unload classes) 0,083ms
[2020-11-04T21:43:21.222+0300][115,152s][info][gc] GC(823) Concurrent marking (unload classes) 83,883ms
[2020-11-04T21:43:21.223+0300][115,153s][info][gc] GC(823) Pause Final Mark (unload classes) 0,414ms
[2020-11-04T21:43:21.224+0300][115,153s][info][gc] GC(823) Concurrent weak roots 0,446ms
[2020-11-04T21:43:21.224+0300][115,153s][info][gc] GC(823) Concurrent cleanup 354M->354M(512M) 0,034ms
[2020-11-04T21:43:21.225+0300][115,154s][info][gc] GC(823) Concurrent class unloading 0,923ms
[2020-11-04T21:43:21.225+0300][115,155s][info][gc] GC(823) Concurrent strong roots 0,118ms
[2020-11-04T21:43:21.229+0300][115,158s][info][gc] GC(823) Concurrent evacuation 3,756ms
[2020-11-04T21:43:21.229+0300][115,159s][info][gc] GC(823) Pause Init Update Refs 0,015ms
[2020-11-04T21:43:21.272+0300][115,202s][info][gc] GC(823) Concurrent update references 43,068ms
[2020-11-04T21:43:21.272+0300][115,202s][info][gc] GC(823) Pause Final Update Refs 0,206ms
[2020-11-04T21:43:21.273+0300][115,202s][info][gc] GC(823) Concurrent cleanup 449M->333M(512M) 0,094ms
[2020-11-04T21:43:21.287+0300][115,217s][info][gc] Trigger: Average GC time (136,55 ms) is above the time for allocation rate (831 MB/s) to deplete free headroom (113M)
[2020-11-04T21:43:21.288+0300][115,218s][info][gc] GC(824) Concurrent reset 0,600ms
[2020-11-04T21:43:21.289+0300][115,218s][info][gc] GC(824) Pause Init Mark (unload classes) 0,130ms
[2020-11-04T21:43:21.334+0300][115,263s][info][gc] GC(824) Concurrent marking (unload classes) 44,860ms
[2020-11-04T21:43:21.334+0300][115,264s][info][gc] GC(824) Pause Final Mark (unload classes) 0,660ms
[2020-11-04T21:43:21.335+0300][115,265s][info][gc] GC(824) Concurrent weak roots 0,480ms
[2020-11-04T21:43:21.335+0300][115,265s][info][gc] GC(824) Concurrent cleanup 364M->360M(512M) 0,036ms
[2020-11-04T21:43:21.336+0300][115,266s][info][gc] GC(824) Concurrent class unloading 1,374ms
[2020-11-04T21:43:21.337+0300][115,266s][info][gc] GC(824) Concurrent strong roots 0,164ms
[2020-11-04T21:43:21.339+0300][115,269s][info][gc] GC(824) Concurrent evacuation 2,065ms
[2020-11-04T21:43:21.339+0300][115,269s][info][gc] GC(824) Pause Init Update Refs 0,015ms
[2020-11-04T21:43:21.370+0300][115,300s][info][gc] GC(824) Concurrent update references 31,098ms
[2020-11-04T21:43:21.371+0300][115,301s][info][gc] GC(824) Pause Final Update Refs 0,180ms
[2020-11-04T21:43:21.371+0300][115,301s][info][gc] GC(824) Concurrent cleanup 429M->208M(512M) 0,137ms
[2020-11-04T21:43:21.401+0300][115,330s][info][gc] Trigger: Average GC time (121,25 ms) is above the time for allocation rate (1428 MB/s) to deplete free headroom (172M)
[2020-11-04T21:43:21.401+0300][115,331s][info][gc] GC(825) Concurrent reset 0,548ms
[2020-11-04T21:43:21.402+0300][115,331s][info][gc] GC(825) Pause Init Mark (process weakrefs) (unload classes) 0,092ms
[2020-11-04T21:43:21.472+0300][115,402s][info][gc] GC(825) Concurrent marking (process weakrefs) (unload classes) 70,370ms
[2020-11-04T21:43:21.472+0300][115,402s][info][gc] GC(825) Concurrent precleaning 0,191ms
[2020-11-04T21:43:21.473+0300][115,403s][info][gc] GC(825) Pause Final Mark (process weakrefs) (unload classes) 0,616ms
[2020-11-04T21:43:21.474+0300][115,404s][info][gc] GC(825) Concurrent weak roots 0,456ms
[2020-11-04T21:43:21.474+0300][115,404s][info][gc] GC(825) Concurrent cleanup 312M->312M(512M) 0,034ms
[2020-11-04T21:43:21.475+0300][115,405s][info][gc] GC(825) Concurrent class unloading 0,918ms
[2020-11-04T21:43:21.475+0300][115,405s][info][gc] GC(825) Concurrent strong roots 0,124ms
[2020-11-04T21:43:21.479+0300][115,409s][info][gc] GC(825) Concurrent evacuation 3,899ms
[2020-11-04T21:43:21.479+0300][115,409s][info][gc] GC(825) Pause Init Update Refs 0,035ms
[2020-11-04T21:43:21.508+0300][115,438s][info][gc] GC(825) Concurrent update references 28,432ms
[2020-11-04T21:43:21.508+0300][115,438s][info][gc] GC(825) Pause Final Update Refs 0,420ms
[2020-11-04T21:43:21.509+0300][115,438s][info][gc] GC(825) Concurrent cleanup 358M->196M(512M) 0,105ms
[2020-11-04T21:43:21.555+0300][115,485s][info][gc] Trigger: Average GC time (116,46 ms) is above the time for allocation rate (1226 MB/s) to deplete free headroom (139M)
[2020-11-04T21:43:21.556+0300][115,486s][info][gc] GC(826) Concurrent reset 0,535ms
[2020-11-04T21:43:21.556+0300][115,486s][info][gc] GC(826) Pause Init Mark (unload classes) 0,132ms
[2020-11-04T21:43:21.624+0300][115,553s][info][gc] GC(826) Concurrent marking (unload classes) 67,130ms
[2020-11-04T21:43:21.624+0300][115,554s][info][gc] GC(826) Pause Final Mark (unload classes) 0,698ms
[2020-11-04T21:43:21.625+0300][115,555s][info][gc] GC(826) Concurrent weak roots 0,423ms
[2020-11-04T21:43:21.625+0300][115,555s][info][gc] GC(826) Concurrent cleanup 342M->342M(512M) 0,032ms
[2020-11-04T21:43:21.626+0300][115,556s][info][gc] GC(826) Concurrent class unloading 0,806ms
[2020-11-04T21:43:21.626+0300][115,556s][info][gc] GC(826) Concurrent strong roots 0,119ms
[2020-11-04T21:43:21.632+0300][115,562s][info][gc] GC(826) Concurrent evacuation 5,884ms
[2020-11-04T21:43:21.632+0300][115,562s][info][gc] GC(826) Pause Init Update Refs 0,010ms
[2020-11-04T21:43:21.662+0300][115,591s][info][gc] GC(826) Concurrent update references 29,339ms
[2020-11-04T21:43:21.662+0300][115,592s][info][gc] GC(826) Pause Final Update Refs 0,381ms
[2020-11-04T21:43:21.662+0300][115,592s][info][gc] GC(826) Concurrent cleanup 391M->201M(512M) 0,086ms
[2020-11-04T21:43:21.709+0300][115,639s][info][gc] Trigger: Average GC time (111,50 ms) is above the time for allocation rate (1227 MB/s) to deplete free headroom (135M)
[2020-11-04T21:43:21.710+0300][115,639s][info][gc] GC(827) Concurrent reset 0,572ms
[2020-11-04T21:43:21.711+0300][115,641s][info][gc] GC(827) Pause Init Mark (unload classes) 0,222ms
[2020-11-04T21:43:21.791+0300][115,721s][info][gc] GC(827) Concurrent marking (unload classes) 79,926ms
[2020-11-04T21:43:21.792+0300][115,722s][info][gc] GC(827) Pause Final Mark (unload classes) 0,708ms
[2020-11-04T21:43:21.792+0300][115,722s][info][gc] GC(827) Concurrent weak roots 0,357ms
[2020-11-04T21:43:21.793+0300][115,722s][info][gc] GC(827) Concurrent cleanup 348M->348M(512M) 0,031ms
[2020-11-04T21:43:21.793+0300][115,723s][info][gc] GC(827) Concurrent class unloading 0,708ms
[2020-11-04T21:43:21.793+0300][115,723s][info][gc] GC(827) Concurrent strong roots 0,061ms
[2020-11-04T21:43:21.799+0300][115,729s][info][gc] GC(827) Concurrent evacuation 6,103ms
[2020-11-04T21:43:21.800+0300][115,730s][info][gc] GC(827) Pause Init Update Refs 0,012ms
[2020-11-04T21:43:21.832+0300][115,761s][info][gc] GC(827) Concurrent update references 31,865ms
[2020-11-04T21:43:21.832+0300][115,762s][info][gc] GC(827) Pause Final Update Refs 0,315ms
[2020-11-04T21:43:21.832+0300][115,762s][info][gc] GC(827) Concurrent cleanup 395M->204M(512M) 0,137ms
[2020-11-04T21:43:21.882+0300][115,812s][info][gc] Trigger: Average GC time (111,39 ms) is above the time for allocation rate (1135 MB/s) to deplete free headroom (124M)
[2020-11-04T21:43:21.883+0300][115,813s][info][gc] GC(828) Concurrent reset 0,598ms
[2020-11-04T21:43:21.883+0300][115,813s][info][gc] GC(828) Pause Init Mark (unload classes) 0,104ms
[2020-11-04T21:43:21.940+0300][115,870s][info][gc] GC(828) Concurrent marking (unload classes) 57,090ms
[2020-11-04T21:43:21.941+0300][115,871s][info][gc] GC(828) Pause Final Mark (unload classes) 0,656ms
[2020-11-04T21:43:21.942+0300][115,872s][info][gc] GC(828) Concurrent weak roots 0,430ms
[2020-11-04T21:43:21.942+0300][115,872s][info][gc] GC(828) Concurrent cleanup 356M->356M(512M) 0,034ms
[2020-11-04T21:43:21.943+0300][115,873s][info][gc] GC(828) Concurrent class unloading 1,042ms
[2020-11-04T21:43:21.943+0300][115,873s][info][gc] GC(828) Concurrent strong roots 0,113ms
[2020-11-04T21:43:21.949+0300][115,878s][info][gc] GC(828) Concurrent evacuation 5,394ms
[2020-11-04T21:43:21.949+0300][115,879s][info][gc] GC(828) Pause Init Update Refs 0,017ms
[2020-11-04T21:43:21.981+0300][115,911s][info][gc] GC(828) Concurrent update references 32,096ms
[2020-11-04T21:43:21.981+0300][115,911s][info][gc] GC(828) Pause Final Update Refs 0,158ms
[2020-11-04T21:43:21.982+0300][115,912s][info][gc] GC(828) Concurrent cleanup 411M->216M(512M) 0,109ms
[2020-11-04T21:43:22.024+0300][115,954s][info][gc] Trigger: Average GC time (104,26 ms) is above the time for allocation rate (1284 MB/s) to deplete free headroom (131M)
[2020-11-04T21:43:22.025+0300][115,955s][info][gc] GC(829) Concurrent reset 0,586ms
[2020-11-04T21:43:22.025+0300][115,955s][info][gc] GC(829) Pause Init Mark (unload classes) 0,103ms
[2020-11-04T21:43:22.101+0300][116,030s][info][gc] GC(829) Concurrent marking (unload classes) 75,358ms
[2020-11-04T21:43:22.102+0300][116,032s][info][gc] GC(829) Pause Final Mark (unload classes) 0,817ms
[2020-11-04T21:43:22.102+0300][116,032s][info][gc] GC(829) Concurrent weak roots 0,522ms
[2020-11-04T21:43:22.102+0300][116,032s][info][gc] GC(829) Concurrent cleanup 350M->350M(512M) 0,039ms
[2020-11-04T21:43:22.103+0300][116,033s][info][gc] GC(829) Concurrent class unloading 0,783ms
[2020-11-04T21:43:22.103+0300][116,033s][info][gc] GC(829) Concurrent strong roots 0,064ms
[2020-11-04T21:43:22.108+0300][116,038s][info][gc] GC(829) Concurrent evacuation 4,762ms
[2020-11-04T21:43:22.108+0300][116,038s][info][gc] GC(829) Pause Init Update Refs 0,013ms
[2020-11-04T21:43:22.140+0300][116,069s][info][gc] GC(829) Concurrent update references 31,124ms
[2020-11-04T21:43:22.140+0300][116,070s][info][gc] GC(829) Pause Final Update Refs 0,409ms
[2020-11-04T21:43:22.141+0300][116,070s][info][gc] GC(829) Concurrent cleanup 420M->238M(512M) 0,122ms
[2020-11-04T21:43:22.175+0300][116,105s][info][gc] Trigger: Average GC time (110,85 ms) is above the time for allocation rate (1185 MB/s) to deplete free headroom (128M)
[2020-11-04T21:43:22.176+0300][116,106s][info][gc] GC(830) Concurrent reset 0,529ms
[2020-11-04T21:43:22.176+0300][116,106s][info][gc] GC(830) Pause Init Mark (process weakrefs) (unload classes) 0,102ms
[2020-11-04T21:43:22.259+0300][116,189s][info][gc] GC(830) Concurrent marking (process weakrefs) (unload classes) 82,402ms
[2020-11-04T21:43:22.259+0300][116,189s][info][gc] GC(830) Concurrent precleaning 0,197ms
[2020-11-04T21:43:22.260+0300][116,190s][info][gc] GC(830) Pause Final Mark (process weakrefs) (unload classes) 0,657ms
[2020-11-04T21:43:22.261+0300][116,191s][info][gc] GC(830) Concurrent weak roots 0,499ms
[2020-11-04T21:43:22.261+0300][116,191s][info][gc] GC(830) Concurrent cleanup 353M->353M(512M) 0,038ms
[2020-11-04T21:43:22.262+0300][116,192s][info][gc] GC(830) Concurrent class unloading 1,202ms
[2020-11-04T21:43:22.262+0300][116,192s][info][gc] GC(830) Concurrent strong roots 0,098ms
[2020-11-04T21:43:22.267+0300][116,197s][info][gc] GC(830) Concurrent evacuation 4,968ms
[2020-11-04T21:43:22.267+0300][116,197s][info][gc] GC(830) Pause Init Update Refs 0,015ms
[2020-11-04T21:43:22.304+0300][116,234s][info][gc] GC(830) Concurrent update references 36,469ms
[2020-11-04T21:43:22.304+0300][116,234s][info][gc] GC(830) Pause Final Update Refs 0,160ms
[2020-11-04T21:43:22.305+0300][116,234s][info][gc] GC(830) Concurrent cleanup 441M->262M(512M) 0,076ms
[2020-11-04T21:43:22.331+0300][116,261s][info][gc] Trigger: Average GC time (115,09 ms) is above the time for allocation rate (1116 MB/s) to deplete free headroom (128M)
[2020-11-04T21:43:22.332+0300][116,262s][info][gc] GC(831) Concurrent reset 0,624ms
[2020-11-04T21:43:22.332+0300][116,262s][info][gc] GC(831) Pause Init Mark (unload classes) 0,146ms
[2020-11-04T21:43:22.404+0300][116,334s][info][gc] GC(831) Concurrent marking (unload classes) 71,500ms
[2020-11-04T21:43:22.405+0300][116,334s][info][gc] GC(831) Pause Final Mark (unload classes) 0,456ms
[2020-11-04T21:43:22.405+0300][116,335s][info][gc] GC(831) Concurrent weak roots 0,457ms
[2020-11-04T21:43:22.405+0300][116,335s][info][gc] GC(831) Concurrent cleanup 352M->352M(512M) 0,034ms
[2020-11-04T21:43:22.406+0300][116,336s][info][gc] GC(831) Concurrent class unloading 0,842ms
[2020-11-04T21:43:22.406+0300][116,336s][info][gc] GC(831) Concurrent strong roots 0,069ms
[2020-11-04T21:43:22.410+0300][116,340s][info][gc] GC(831) Concurrent evacuation 4,186ms
[2020-11-04T21:43:22.411+0300][116,341s][info][gc] GC(831) Pause Init Update Refs 0,022ms
[2020-11-04T21:43:22.447+0300][116,376s][info][gc] GC(831) Concurrent update references 35,763ms
[2020-11-04T21:43:22.447+0300][116,377s][info][gc] GC(831) Pause Final Update Refs 0,190ms
[2020-11-04T21:43:22.447+0300][116,377s][info][gc] GC(831) Concurrent cleanup 408M->234M(512M) 0,106ms
[2020-11-04T21:43:22.484+0300][116,414s][info][gc] Trigger: Average GC time (116,87 ms) is above the time for allocation rate (1105 MB/s) to deplete free headroom (127M)
[2020-11-04T21:43:22.485+0300][116,415s][info][gc] GC(832) Concurrent reset 0,570ms
[2020-11-04T21:43:22.485+0300][116,415s][info][gc] GC(832) Pause Init Mark (unload classes) 0,138ms
[2020-11-04T21:43:22.555+0300][116,484s][info][gc] GC(832) Concurrent marking (unload classes) 69,115ms
[2020-11-04T21:43:22.555+0300][116,485s][info][gc] GC(832) Pause Final Mark (unload classes) 0,406ms
[2020-11-04T21:43:22.556+0300][116,486s][info][gc] GC(832) Concurrent weak roots 0,331ms
[2020-11-04T21:43:22.556+0300][116,486s][info][gc] GC(832) Concurrent cleanup 353M->353M(512M) 0,035ms
[2020-11-04T21:43:22.557+0300][116,486s][info][gc] GC(832) Concurrent class unloading 0,873ms
[2020-11-04T21:43:22.557+0300][116,487s][info][gc] GC(832) Concurrent strong roots 0,143ms
[2020-11-04T21:43:22.561+0300][116,491s][info][gc] GC(832) Concurrent evacuation 4,115ms
[2020-11-04T21:43:22.561+0300][116,491s][info][gc] GC(832) Pause Init Update Refs 0,012ms
[2020-11-04T21:43:22.596+0300][116,526s][info][gc] GC(832) Concurrent update references 34,711ms
[2020-11-04T21:43:22.597+0300][116,526s][info][gc] GC(832) Pause Final Update Refs 0,276ms
[2020-11-04T21:43:22.597+0300][116,527s][info][gc] GC(832) Concurrent cleanup 429M->259M(512M) 0,110ms
[2020-11-04T21:43:22.623+0300][116,553s][info][gc] Trigger: Average GC time (114,68 ms) is above the time for allocation rate (1167 MB/s) to deplete free headroom (130M)
[2020-11-04T21:43:22.624+0300][116,554s][info][gc] GC(833) Concurrent reset 0,651ms
[2020-11-04T21:43:22.624+0300][116,554s][info][gc] GC(833) Pause Init Mark (unload classes) 0,181ms
[2020-11-04T21:43:22.694+0300][116,624s][info][gc] GC(833) Concurrent marking (unload classes) 70,007ms
[2020-11-04T21:43:22.696+0300][116,625s][info][gc] GC(833) Pause Final Mark (unload classes) 0,803ms
[2020-11-04T21:43:22.696+0300][116,626s][info][gc] GC(833) Concurrent weak roots 0,384ms
[2020-11-04T21:43:22.696+0300][116,626s][info][gc] GC(833) Concurrent cleanup 351M->351M(512M) 0,046ms
[2020-11-04T21:43:22.697+0300][116,627s][info][gc] GC(833) Concurrent class unloading 0,909ms
[2020-11-04T21:43:22.697+0300][116,627s][info][gc] GC(833) Concurrent strong roots 0,147ms
[2020-11-04T21:43:22.701+0300][116,631s][info][gc] GC(833) Concurrent evacuation 3,882ms
[2020-11-04T21:43:22.701+0300][116,631s][info][gc] GC(833) Pause Init Update Refs 0,016ms
[2020-11-04T21:43:22.735+0300][116,664s][info][gc] GC(833) Concurrent update references 33,142ms
[2020-11-04T21:43:22.735+0300][116,665s][info][gc] GC(833) Pause Final Update Refs 0,128ms
[2020-11-04T21:43:22.735+0300][116,665s][info][gc] GC(833) Concurrent cleanup 430M->268M(512M) 0,095ms
[2020-11-04T21:43:22.757+0300][116,687s][info][gc] Trigger: Average GC time (117,17 ms) is above the time for allocation rate (1152 MB/s) to deplete free headroom (133M)
[2020-11-04T21:43:22.758+0300][116,688s][info][gc] GC(834) Concurrent reset 0,638ms
[2020-11-04T21:43:22.759+0300][116,689s][info][gc] GC(834) Pause Init Mark (unload classes) 0,314ms
[2020-11-04T21:43:22.828+0300][116,758s][info][gc] GC(834) Concurrent marking (unload classes) 68,872ms
[2020-11-04T21:43:22.828+0300][116,758s][info][gc] GC(834) Pause Final Mark (unload classes) 0,492ms
[2020-11-04T21:43:22.829+0300][116,759s][info][gc] GC(834) Concurrent weak roots 0,466ms
[2020-11-04T21:43:22.829+0300][116,759s][info][gc] GC(834) Concurrent cleanup 348M->348M(512M) 0,039ms
[2020-11-04T21:43:22.830+0300][116,760s][info][gc] GC(834) Concurrent class unloading 0,800ms
[2020-11-04T21:43:22.830+0300][116,760s][info][gc] GC(834) Concurrent strong roots 0,107ms
[2020-11-04T21:43:22.835+0300][116,765s][info][gc] GC(834) Concurrent evacuation 5,000ms
[2020-11-04T21:43:22.835+0300][116,765s][info][gc] GC(834) Pause Init Update Refs 0,014ms
[2020-11-04T21:43:22.870+0300][116,800s][info][gc] GC(834) Concurrent update references 34,986ms
[2020-11-04T21:43:22.871+0300][116,801s][info][gc] GC(834) Pause Final Update Refs 0,154ms
[2020-11-04T21:43:22.871+0300][116,801s][info][gc] GC(834) Concurrent cleanup 433M->278M(512M) 0,110ms
[2020-11-04T21:43:22.890+0300][116,820s][info][gc] Trigger: Average GC time (116,61 ms) is above the time for allocation rate (1142 MB/s) to deplete free headroom (131M)
[2020-11-04T21:43:22.891+0300][116,821s][info][gc] GC(835) Concurrent reset 0,560ms
[2020-11-04T21:43:22.891+0300][116,821s][info][gc] GC(835) Pause Init Mark (process weakrefs) (unload classes) 0,106ms
[2020-11-04T21:43:22.961+0300][116,891s][info][gc] GC(835) Concurrent marking (process weakrefs) (unload classes) 70,015ms
[2020-11-04T21:43:22.962+0300][116,891s][info][gc] GC(835) Concurrent precleaning 0,160ms
[2020-11-04T21:43:22.962+0300][116,892s][info][gc] GC(835) Pause Final Mark (process weakrefs) (unload classes) 0,508ms
[2020-11-04T21:43:22.963+0300][116,893s][info][gc] GC(835) Concurrent weak roots 0,419ms
[2020-11-04T21:43:22.963+0300][116,893s][info][gc] GC(835) Concurrent cleanup 349M->349M(512M) 0,037ms
[2020-11-04T21:43:22.964+0300][116,894s][info][gc] GC(835) Concurrent class unloading 0,921ms
[2020-11-04T21:43:22.964+0300][116,894s][info][gc] GC(835) Concurrent strong roots 0,098ms
[2020-11-04T21:43:22.968+0300][116,897s][info][gc] GC(835) Concurrent evacuation 3,715ms
[2020-11-04T21:43:22.968+0300][116,898s][info][gc] GC(835) Pause Init Update Refs 0,016ms
[2020-11-04T21:43:23.003+0300][116,933s][info][gc] GC(835) Concurrent update references 35,117ms
[2020-11-04T21:43:23.004+0300][116,933s][info][gc] GC(835) Pause Final Update Refs 0,156ms
[2020-11-04T21:43:23.004+0300][116,934s][info][gc] GC(835) Concurrent cleanup 433M->281M(512M) 0,078ms
[2020-11-04T21:43:23.024+0300][116,954s][info][gc] Trigger: Average GC time (113,50 ms) is above the time for allocation rate (1139 MB/s) to deplete free headroom (126M)
[2020-11-04T21:43:23.025+0300][116,954s][info][gc] GC(836) Concurrent reset 0,558ms
[2020-11-04T21:43:23.025+0300][116,955s][info][gc] GC(836) Pause Init Mark (unload classes) 0,149ms
[2020-11-04T21:43:23.096+0300][117,026s][info][gc] GC(836) Concurrent marking (unload classes) 71,063ms
[2020-11-04T21:43:23.097+0300][117,027s][info][gc] GC(836) Pause Final Mark (unload classes) 0,391ms
[2020-11-04T21:43:23.097+0300][117,027s][info][gc] GC(836) Concurrent weak roots 0,432ms
[2020-11-04T21:43:23.097+0300][117,027s][info][gc] GC(836) Concurrent cleanup 355M->355M(512M) 0,038ms
[2020-11-04T21:43:23.098+0300][117,028s][info][gc] GC(836) Concurrent class unloading 0,778ms
[2020-11-04T21:43:23.098+0300][117,028s][info][gc] GC(836) Concurrent strong roots 0,120ms
[2020-11-04T21:43:23.103+0300][117,033s][info][gc] GC(836) Concurrent evacuation 4,413ms
[2020-11-04T21:43:23.103+0300][117,033s][info][gc] GC(836) Pause Init Update Refs 0,014ms
[2020-11-04T21:43:23.140+0300][117,069s][info][gc] GC(836) Concurrent update references 36,301ms
[2020-11-04T21:43:23.140+0300][117,070s][info][gc] GC(836) Pause Final Update Refs 0,149ms
[2020-11-04T21:43:23.140+0300][117,070s][info][gc] GC(836) Concurrent cleanup 439M->285M(512M) 0,122ms
[2020-11-04T21:43:23.159+0300][117,089s][info][gc] Trigger: Average GC time (113,55 ms) is above the time for allocation rate (1109 MB/s) to deplete free headroom (124M)
[2020-11-04T21:43:23.160+0300][117,090s][info][gc] GC(837) Concurrent reset 0,573ms
[2020-11-04T21:43:23.160+0300][117,090s][info][gc] GC(837) Pause Init Mark (unload classes) 0,130ms
[2020-11-04T21:43:23.254+0300][117,184s][info][gc] GC(837) Concurrent marking (unload classes) 93,849ms
[2020-11-04T21:43:23.255+0300][117,185s][info][gc] GC(837) Pause Final Mark (unload classes) 0,342ms
[2020-11-04T21:43:23.255+0300][117,185s][info][gc] GC(837) Concurrent weak roots 0,386ms
[2020-11-04T21:43:23.255+0300][117,185s][info][gc] GC(837) Concurrent cleanup 356M->356M(512M) 0,037ms
[2020-11-04T21:43:23.256+0300][117,186s][info][gc] GC(837) Concurrent class unloading 0,895ms
[2020-11-04T21:43:23.256+0300][117,186s][info][gc] GC(837) Concurrent strong roots 0,078ms
[2020-11-04T21:43:23.261+0300][117,191s][info][gc] GC(837) Concurrent evacuation 4,507ms
[2020-11-04T21:43:23.261+0300][117,191s][info][gc] GC(837) Pause Init Update Refs 0,020ms
[2020-11-04T21:43:23.299+0300][117,229s][info][gc] GC(837) Concurrent update references 37,447ms
[2020-11-04T21:43:23.299+0300][117,229s][info][gc] GC(837) Pause Final Update Refs 0,168ms
[2020-11-04T21:43:23.300+0300][117,229s][info][gc] GC(837) Concurrent cleanup 442M->291M(512M) 0,125ms
[2020-11-04T21:43:23.321+0300][117,251s][info][gc] Trigger: Average GC time (119,13 ms) is above the time for allocation rate (972 MB/s) to deplete free headroom (113M)
[2020-11-04T21:43:23.322+0300][117,251s][info][gc] GC(838) Concurrent reset 0,596ms
[2020-11-04T21:43:23.322+0300][117,252s][info][gc] GC(838) Pause Init Mark (unload classes) 0,111ms
[2020-11-04T21:43:23.403+0300][117,332s][info][gc] GC(838) Concurrent marking (unload classes) 80,630ms
[2020-11-04T21:43:23.403+0300][117,333s][info][gc] GC(838) Pause Final Mark (unload classes) 0,407ms
[2020-11-04T21:43:23.404+0300][117,334s][info][gc] GC(838) Concurrent weak roots 0,400ms
[2020-11-04T21:43:23.404+0300][117,334s][info][gc] GC(838) Concurrent cleanup 366M->366M(512M) 0,035ms
[2020-11-04T21:43:23.405+0300][117,334s][info][gc] GC(838) Concurrent class unloading 0,787ms
[2020-11-04T21:43:23.405+0300][117,335s][info][gc] GC(838) Concurrent strong roots 0,058ms
[2020-11-04T21:43:23.409+0300][117,338s][info][gc] GC(838) Concurrent evacuation 3,733ms
[2020-11-04T21:43:23.409+0300][117,339s][info][gc] GC(838) Pause Init Update Refs 0,016ms
[2020-11-04T21:43:23.446+0300][117,376s][info][gc] GC(838) Concurrent update references 37,275ms
[2020-11-04T21:43:23.447+0300][117,377s][info][gc] GC(838) Pause Final Update Refs 0,162ms
[2020-11-04T21:43:23.447+0300][117,377s][info][gc] GC(838) Concurrent cleanup 454M->297M(512M) 0,114ms
[2020-11-04T21:43:23.463+0300][117,393s][info][gc] Trigger: Average GC time (121,96 ms) is above the time for allocation rate (1018 MB/s) to deplete free headroom (120M)
[2020-11-04T21:43:23.463+0300][117,393s][info][gc] GC(839) Concurrent reset 0,598ms
[2020-11-04T21:43:23.464+0300][117,394s][info][gc] GC(839) Pause Init Mark (unload classes) 0,116ms
[2020-11-04T21:43:23.534+0300][117,464s][info][gc] GC(839) Concurrent marking (unload classes) 69,746ms
[2020-11-04T21:43:23.534+0300][117,464s][info][gc] GC(839) Pause Final Mark (unload classes) 0,410ms
[2020-11-04T21:43:23.535+0300][117,465s][info][gc] GC(839) Concurrent weak roots 0,457ms
[2020-11-04T21:43:23.535+0300][117,465s][info][gc] GC(839) Concurrent cleanup 358M->358M(512M) 0,032ms
[2020-11-04T21:43:23.536+0300][117,466s][info][gc] GC(839) Concurrent class unloading 0,888ms
[2020-11-04T21:43:23.536+0300][117,466s][info][gc] GC(839) Concurrent strong roots 0,146ms
[2020-11-04T21:43:23.540+0300][117,469s][info][gc] GC(839) Concurrent evacuation 3,538ms
[2020-11-04T21:43:23.540+0300][117,470s][info][gc] GC(839) Pause Init Update Refs 0,015ms
[2020-11-04T21:43:23.578+0300][117,508s][info][gc] GC(839) Concurrent update references 38,284ms
[2020-11-04T21:43:23.579+0300][117,509s][info][gc] GC(839) Pause Final Update Refs 0,114ms
[2020-11-04T21:43:23.579+0300][117,509s][info][gc] GC(839) Concurrent cleanup 447M->302M(512M) 0,089ms
[2020-11-04T21:43:23.591+0300][117,520s][info][gc] Trigger: Average GC time (122,45 ms) is above the time for allocation rate (1045 MB/s) to deplete free headroom (127M)
[2020-11-04T21:43:23.591+0300][117,521s][info][gc] GC(840) Concurrent reset 0,570ms
[2020-11-04T21:43:23.592+0300][117,522s][info][gc] GC(840) Pause Init Mark (process weakrefs) (unload classes) 0,112ms
[2020-11-04T21:43:23.676+0300][117,605s][info][gc] GC(840) Concurrent marking (process weakrefs) (unload classes) 83,796ms
[2020-11-04T21:43:23.676+0300][117,606s][info][gc] GC(840) Concurrent precleaning 0,170ms
[2020-11-04T21:43:23.676+0300][117,606s][info][gc] GC(840) Pause Final Mark (process weakrefs) (unload classes) 0,414ms
[2020-11-04T21:43:23.677+0300][117,607s][info][gc] GC(840) Concurrent weak roots 0,474ms
[2020-11-04T21:43:23.677+0300][117,607s][info][gc] GC(840) Concurrent cleanup 353M->353M(512M) 0,032ms
[2020-11-04T21:43:23.678+0300][117,608s][info][gc] GC(840) Concurrent class unloading 1,046ms
[2020-11-04T21:43:23.678+0300][117,608s][info][gc] GC(840) Concurrent strong roots 0,081ms
[2020-11-04T21:43:23.682+0300][117,611s][info][gc] GC(840) Concurrent evacuation 3,255ms
[2020-11-04T21:43:23.682+0300][117,612s][info][gc] GC(840) Pause Init Update Refs 0,011ms
[2020-11-04T21:43:23.721+0300][117,651s][info][gc] GC(840) Concurrent update references 38,882ms
[2020-11-04T21:43:23.721+0300][117,651s][info][gc] GC(840) Pause Final Update Refs 0,170ms
[2020-11-04T21:43:23.722+0300][117,651s][info][gc] GC(840) Concurrent cleanup 443M->309M(512M) 0,121ms
[2020-11-04T21:43:23.733+0300][117,663s][info][gc] Trigger: Average GC time (125,92 ms) is above the time for allocation rate (964 MB/s) to deplete free headroom (119M)
[2020-11-04T21:43:23.734+0300][117,664s][info][gc] GC(841) Concurrent reset 0,577ms
[2020-11-04T21:43:23.734+0300][117,664s][info][gc] GC(841) Pause Init Mark (unload classes) 0,145ms
[2020-11-04T21:43:23.819+0300][117,749s][info][gc] GC(841) Concurrent marking (unload classes) 84,405ms
[2020-11-04T21:43:23.820+0300][117,749s][info][gc] GC(841) Pause Final Mark (unload classes) 0,377ms
[2020-11-04T21:43:23.820+0300][117,750s][info][gc] GC(841) Concurrent weak roots 0,350ms
[2020-11-04T21:43:23.820+0300][117,750s][info][gc] GC(841) Concurrent cleanup 360M->360M(512M) 0,022ms
[2020-11-04T21:43:23.821+0300][117,751s][info][gc] GC(841) Concurrent class unloading 0,950ms
[2020-11-04T21:43:23.821+0300][117,751s][info][gc] GC(841) Concurrent strong roots 0,095ms
[2020-11-04T21:43:23.825+0300][117,755s][info][gc] GC(841) Concurrent evacuation 3,717ms
[2020-11-04T21:43:23.825+0300][117,755s][info][gc] GC(841) Pause Init Update Refs 0,009ms
[2020-11-04T21:43:23.866+0300][117,796s][info][gc] GC(841) Concurrent update references 40,600ms
[2020-11-04T21:43:23.866+0300][117,796s][info][gc] GC(841) Pause Final Update Refs 0,253ms
[2020-11-04T21:43:23.866+0300][117,796s][info][gc] GC(841) Concurrent cleanup 450M->313M(512M) 0,080ms
[2020-11-04T21:43:23.877+0300][117,807s][info][gc] Trigger: Average GC time (129,27 ms) is above the time for allocation rate (934 MB/s) to deplete free headroom (118M)
[2020-11-04T21:43:23.878+0300][117,808s][info][gc] GC(842) Concurrent reset 0,623ms
[2020-11-04T21:43:23.878+0300][117,808s][info][gc] GC(842) Pause Init Mark (unload classes) 0,143ms
[2020-11-04T21:43:23.976+0300][117,906s][info][gc] GC(842) Concurrent marking (unload classes) 97,571ms
[2020-11-04T21:43:23.976+0300][117,906s][info][gc] GC(842) Pause Final Mark (unload classes) 0,463ms
[2020-11-04T21:43:23.977+0300][117,907s][info][gc] GC(842) Concurrent weak roots 0,385ms
[2020-11-04T21:43:23.977+0300][117,907s][info][gc] GC(842) Concurrent cleanup 361M->361M(512M) 0,032ms
[2020-11-04T21:43:23.978+0300][117,908s][info][gc] GC(842) Concurrent class unloading 1,007ms
[2020-11-04T21:43:23.978+0300][117,908s][info][gc] GC(842) Concurrent strong roots 0,097ms
[2020-11-04T21:43:23.983+0300][117,913s][info][gc] GC(842) Concurrent evacuation 5,078ms
[2020-11-04T21:43:23.984+0300][117,913s][info][gc] GC(842) Pause Init Update Refs 0,021ms
[2020-11-04T21:43:24.025+0300][117,955s][info][gc] GC(842) Concurrent update references 41,177ms
[2020-11-04T21:43:24.025+0300][117,955s][info][gc] GC(842) Pause Final Update Refs 0,335ms
[2020-11-04T21:43:24.026+0300][117,955s][info][gc] GC(842) Concurrent cleanup 456M->322M(512M) 0,085ms
[2020-11-04T21:43:24.035+0300][117,965s][info][gc] Trigger: Average GC time (130,91 ms) is above the time for allocation rate (862 MB/s) to deplete free headroom (112M)
[2020-11-04T21:43:24.036+0300][117,966s][info][gc] GC(843) Concurrent reset 0,681ms
[2020-11-04T21:43:24.036+0300][117,966s][info][gc] GC(843) Pause Init Mark (unload classes) 0,169ms
[2020-11-04T21:43:24.126+0300][118,056s][info][gc] GC(843) Concurrent marking (unload classes) 89,916ms
[2020-11-04T21:43:24.127+0300][118,057s][info][gc] GC(843) Pause Final Mark (unload classes) 0,719ms
[2020-11-04T21:43:24.128+0300][118,057s][info][gc] GC(843) Concurrent weak roots 0,367ms
[2020-11-04T21:43:24.128+0300][118,058s][info][gc] GC(843) Concurrent cleanup 366M->366M(512M) 0,036ms
[2020-11-04T21:43:24.129+0300][118,058s][info][gc] GC(843) Concurrent class unloading 0,844ms
[2020-11-04T21:43:24.129+0300][118,058s][info][gc] GC(843) Concurrent strong roots 0,092ms
[2020-11-04T21:43:24.132+0300][118,062s][info][gc] GC(843) Concurrent evacuation 3,686ms
[2020-11-04T21:43:24.133+0300][118,063s][info][gc] GC(843) Pause Init Update Refs 0,015ms
[2020-11-04T21:43:24.174+0300][118,104s][info][gc] GC(843) Concurrent update references 41,607ms
[2020-11-04T21:43:24.175+0300][118,105s][info][gc] GC(843) Pause Final Update Refs 0,291ms
[2020-11-04T21:43:24.175+0300][118,105s][info][gc] GC(843) Concurrent cleanup 458M->321M(512M) 0,112ms
[2020-11-04T21:43:24.185+0300][118,115s][info][gc] Trigger: Average GC time (133,69 ms) is above the time for allocation rate (880 MB/s) to deplete free headroom (113M)
[2020-11-04T21:43:24.185+0300][118,115s][info][gc] GC(844) Concurrent reset 0,614ms
[2020-11-04T21:43:24.186+0300][118,115s][info][gc] GC(844) Pause Init Mark (unload classes) 0,102ms
[2020-11-04T21:43:24.263+0300][118,193s][info][gc] GC(844) Concurrent marking (unload classes) 77,333ms
[2020-11-04T21:43:24.264+0300][118,193s][info][gc] GC(844) Pause Final Mark (unload classes) 0,376ms
[2020-11-04T21:43:24.264+0300][118,194s][info][gc] GC(844) Concurrent weak roots 0,377ms
[2020-11-04T21:43:24.264+0300][118,194s][info][gc] GC(844) Concurrent cleanup 364M->364M(512M) 0,039ms
[2020-11-04T21:43:24.265+0300][118,195s][info][gc] GC(844) Concurrent class unloading 0,826ms
[2020-11-04T21:43:24.265+0300][118,195s][info][gc] GC(844) Concurrent strong roots 0,056ms
[2020-11-04T21:43:24.268+0300][118,198s][info][gc] GC(844) Concurrent evacuation 3,271ms
[2020-11-04T21:43:24.269+0300][118,198s][info][gc] GC(844) Pause Init Update Refs 0,016ms
[2020-11-04T21:43:24.311+0300][118,240s][info][gc] GC(844) Concurrent update references 41,820ms
[2020-11-04T21:43:24.311+0300][118,241s][info][gc] GC(844) Pause Final Update Refs 0,157ms
[2020-11-04T21:43:24.311+0300][118,241s][info][gc] GC(844) Concurrent cleanup 462M->331M(512M) 0,082ms
[2020-11-04T21:43:24.315+0300][118,245s][info][gc] Trigger: Average GC time (135,75 ms) is above the time for allocation rate (909 MB/s) to deplete free headroom (122M)
[2020-11-04T21:43:24.316+0300][118,246s][info][gc] GC(845) Concurrent reset 0,493ms
[2020-11-04T21:43:24.316+0300][118,246s][info][gc] GC(845) Pause Init Mark (process weakrefs) (unload classes) 0,183ms
[2020-11-04T21:43:24.397+0300][118,327s][info][gc] GC(845) Concurrent marking (process weakrefs) (unload classes) 80,989ms
[2020-11-04T21:43:24.398+0300][118,328s][info][gc] GC(845) Concurrent precleaning 0,165ms
[2020-11-04T21:43:24.398+0300][118,328s][info][gc] GC(845) Pause Final Mark (process weakrefs) (unload classes) 0,441ms
[2020-11-04T21:43:24.399+0300][118,329s][info][gc] GC(845) Concurrent weak roots 0,337ms
[2020-11-04T21:43:24.399+0300][118,329s][info][gc] GC(845) Concurrent cleanup 356M->356M(512M) 0,038ms
[2020-11-04T21:43:24.400+0300][118,330s][info][gc] GC(845) Concurrent class unloading 0,982ms
[2020-11-04T21:43:24.400+0300][118,330s][info][gc] GC(845) Concurrent strong roots 0,145ms
[2020-11-04T21:43:24.403+0300][118,333s][info][gc] GC(845) Concurrent evacuation 2,800ms
[2020-11-04T21:43:24.403+0300][118,333s][info][gc] GC(845) Pause Init Update Refs 0,025ms
[2020-11-04T21:43:24.452+0300][118,381s][info][gc] GC(845) Concurrent update references 48,480ms
[2020-11-04T21:43:24.452+0300][118,382s][info][gc] GC(845) Pause Final Update Refs 0,140ms
[2020-11-04T21:43:24.452+0300][118,382s][info][gc] GC(845) Concurrent cleanup 432M->313M(512M) 0,095ms
[2020-11-04T21:43:24.466+0300][118,396s][info][gc] Trigger: Average GC time (136,90 ms) is above the time for allocation rate (841 MB/s) to deplete free headroom (111M)
[2020-11-04T21:43:24.467+0300][118,397s][info][gc] GC(846) Concurrent reset 0,628ms
[2020-11-04T21:43:24.467+0300][118,397s][info][gc] GC(846) Pause Init Mark (unload classes) 0,138ms
[2020-11-04T21:43:24.551+0300][118,481s][info][gc] GC(846) Concurrent marking (unload classes) 83,648ms
[2020-11-04T21:43:24.551+0300][118,481s][info][gc] GC(846) Pause Final Mark (unload classes) 0,406ms
[2020-11-04T21:43:24.552+0300][118,482s][info][gc] GC(846) Concurrent weak roots 0,506ms
[2020-11-04T21:43:24.552+0300][118,482s][info][gc] GC(846) Concurrent cleanup 367M->367M(512M) 0,032ms
[2020-11-04T21:43:24.553+0300][118,483s][info][gc] GC(846) Concurrent class unloading 0,938ms
[2020-11-04T21:43:24.553+0300][118,483s][info][gc] GC(846) Concurrent strong roots 0,136ms
[2020-11-04T21:43:24.557+0300][118,487s][info][gc] GC(846) Concurrent evacuation 4,071ms
[2020-11-04T21:43:24.558+0300][118,487s][info][gc] GC(846) Pause Init Update Refs 0,022ms
[2020-11-04T21:43:24.607+0300][118,536s][info][gc] GC(846) Concurrent update references 48,850ms
[2020-11-04T21:43:24.607+0300][118,537s][info][gc] GC(846) Pause Final Update Refs 0,155ms
[2020-11-04T21:43:24.607+0300][118,537s][info][gc] GC(846) Concurrent cleanup 431M->304M(512M) 0,157ms
[2020-11-04T21:43:24.629+0300][118,558s][info][gc] Trigger: Average GC time (138,55 ms) is above the time for allocation rate (786 MB/s) to deplete free headroom (106M)
[2020-11-04T21:43:24.629+0300][118,559s][info][gc] GC(847) Concurrent reset 0,622ms
[2020-11-04T21:43:24.630+0300][118,559s][info][gc] GC(847) Pause Init Mark (unload classes) 0,102ms
[2020-11-04T21:43:24.676+0300][118,606s][info][gc] GC(847) Concurrent marking (unload classes) 45,965ms
[2020-11-04T21:43:24.676+0300][118,606s][info][gc] GC(847) Pause Final Mark (unload classes) 0,399ms
[2020-11-04T21:43:24.677+0300][118,607s][info][gc] GC(847) Concurrent weak roots 0,347ms
[2020-11-04T21:43:24.677+0300][118,607s][info][gc] GC(847) Concurrent cleanup 370M->366M(512M) 0,040ms
[2020-11-04T21:43:24.678+0300][118,608s][info][gc] GC(847) Concurrent class unloading 0,933ms
[2020-11-04T21:43:24.678+0300][118,608s][info][gc] GC(847) Concurrent strong roots 0,108ms
[2020-11-04T21:43:24.681+0300][118,611s][info][gc] GC(847) Concurrent evacuation 3,111ms
[2020-11-04T21:43:24.681+0300][118,611s][info][gc] GC(847) Pause Init Update Refs 0,012ms
[2020-11-04T21:43:24.714+0300][118,644s][info][gc] GC(847) Concurrent update references 32,846ms
[2020-11-04T21:43:24.715+0300][118,644s][info][gc] GC(847) Pause Final Update Refs 0,128ms
[2020-11-04T21:43:24.715+0300][118,645s][info][gc] GC(847) Concurrent cleanup 446M->222M(512M) 0,098ms
[2020-11-04T21:43:24.738+0300][118,668s][info][gc] Trigger: Average GC time (126,11 ms) is above the time for allocation rate (1403 MB/s) to deplete free headroom (176M)
[2020-11-04T21:43:24.739+0300][118,669s][info][gc] GC(848) Concurrent reset 0,618ms
[2020-11-04T21:43:24.739+0300][118,669s][info][gc] GC(848) Pause Init Mark (unload classes) 0,174ms
[2020-11-04T21:43:24.811+0300][118,741s][info][gc] GC(848) Concurrent marking (unload classes) 71,934ms
[2020-11-04T21:43:24.812+0300][118,742s][info][gc] GC(848) Pause Final Mark (unload classes) 0,510ms
[2020-11-04T21:43:24.813+0300][118,742s][info][gc] GC(848) Concurrent weak roots 0,421ms
[2020-11-04T21:43:24.813+0300][118,742s][info][gc] GC(848) Concurrent cleanup 310M->310M(512M) 0,031ms
[2020-11-04T21:43:24.814+0300][118,744s][info][gc] GC(848) Concurrent class unloading 1,060ms
[2020-11-04T21:43:24.814+0300][118,744s][info][gc] GC(848) Concurrent strong roots 0,154ms
[2020-11-04T21:43:24.818+0300][118,748s][info][gc] GC(848) Concurrent evacuation 3,741ms
[2020-11-04T21:43:24.818+0300][118,748s][info][gc] GC(848) Pause Init Update Refs 0,013ms
[2020-11-04T21:43:24.853+0300][118,783s][info][gc] GC(848) Concurrent update references 34,922ms
[2020-11-04T21:43:24.854+0300][118,783s][info][gc] GC(848) Pause Final Update Refs 0,357ms
[2020-11-04T21:43:24.854+0300][118,784s][info][gc] GC(848) Concurrent cleanup 396M->242M(512M) 0,092ms
[2020-11-04T21:43:24.880+0300][118,810s][info][gc] Trigger: Average GC time (121,23 ms) is above the time for allocation rate (1252 MB/s) to deplete free headroom (148M)
[2020-11-04T21:43:24.881+0300][118,811s][info][gc] GC(849) Concurrent reset 0,581ms
[2020-11-04T21:43:24.881+0300][118,811s][info][gc] GC(849) Pause Init Mark (unload classes) 0,152ms
[2020-11-04T21:43:24.963+0300][118,893s][info][gc] GC(849) Concurrent marking (unload classes) 81,686ms
[2020-11-04T21:43:24.964+0300][118,894s][info][gc] GC(849) Pause Final Mark (unload classes) 0,551ms
[2020-11-04T21:43:24.964+0300][118,894s][info][gc] GC(849) Concurrent weak roots 0,300ms
[2020-11-04T21:43:24.964+0300][118,894s][info][gc] GC(849) Concurrent cleanup 335M->335M(512M) 0,039ms
[2020-11-04T21:43:24.965+0300][118,895s][info][gc] GC(849) Concurrent class unloading 1,013ms
[2020-11-04T21:43:24.965+0300][118,895s][info][gc] GC(849) Concurrent strong roots 0,123ms
[2020-11-04T21:43:24.970+0300][118,900s][info][gc] GC(849) Concurrent evacuation 4,294ms
[2020-11-04T21:43:24.970+0300][118,900s][info][gc] GC(849) Pause Init Update Refs 0,013ms
[2020-11-04T21:43:25.000+0300][118,930s][info][gc] GC(849) Concurrent update references 30,077ms
[2020-11-04T21:43:25.001+0300][118,931s][info][gc] GC(849) Pause Final Update Refs 0,430ms
[2020-11-04T21:43:25.001+0300][118,931s][info][gc] GC(849) Concurrent cleanup 386M->208M(512M) 0,116ms
[2020-11-04T21:43:25.046+0300][118,975s][info][gc] Trigger: Average GC time (120,10 ms) is above the time for allocation rate (1127 MB/s) to deplete free headroom (134M)
[2020-11-04T21:43:25.046+0300][118,976s][info][gc] GC(850) Concurrent reset 0,525ms
[2020-11-04T21:43:25.047+0300][118,977s][info][gc] GC(850) Pause Init Mark (process weakrefs) (unload classes) 0,250ms
[2020-11-04T21:43:25.112+0300][119,042s][info][gc] GC(850) Concurrent marking (process weakrefs) (unload classes) 65,277ms
[2020-11-04T21:43:25.112+0300][119,042s][info][gc] GC(850) Concurrent precleaning 0,150ms
[2020-11-04T21:43:25.113+0300][119,043s][info][gc] GC(850) Pause Final Mark (process weakrefs) (unload classes) 0,586ms
[2020-11-04T21:43:25.113+0300][119,043s][info][gc] GC(850) Concurrent weak roots 0,419ms
[2020-11-04T21:43:25.114+0300][119,043s][info][gc] GC(850) Concurrent cleanup 347M->347M(512M) 0,032ms
[2020-11-04T21:43:25.115+0300][119,045s][info][gc] GC(850) Concurrent class unloading 1,135ms
[2020-11-04T21:43:25.115+0300][119,045s][info][gc] GC(850) Concurrent strong roots 0,105ms
[2020-11-04T21:43:25.119+0300][119,049s][info][gc] GC(850) Concurrent evacuation 4,591ms
[2020-11-04T21:43:25.120+0300][119,050s][info][gc] GC(850) Pause Init Update Refs 0,026ms
[2020-11-04T21:43:25.151+0300][119,081s][info][gc] GC(850) Concurrent update references 31,265ms
[2020-11-04T21:43:25.151+0300][119,081s][info][gc] GC(850) Pause Final Update Refs 0,155ms
[2020-11-04T21:43:25.152+0300][119,081s][info][gc] GC(850) Concurrent cleanup 402M->216M(512M) 0,083ms
[2020-11-04T21:43:25.192+0300][119,122s][info][gc] Trigger: Average GC time (113,95 ms) is above the time for allocation rate (1212 MB/s) to deplete free headroom (137M)
[2020-11-04T21:43:25.193+0300][119,122s][info][gc] GC(851) Concurrent reset 0,623ms
[2020-11-04T21:43:25.193+0300][119,123s][info][gc] GC(851) Pause Init Mark (unload classes) 0,244ms
[2020-11-04T21:43:25.266+0300][119,196s][info][gc] GC(851) Concurrent marking (unload classes) 72,622ms
[2020-11-04T21:43:25.266+0300][119,196s][info][gc] GC(851) Pause Final Mark (unload classes) 0,426ms
[2020-11-04T21:43:25.267+0300][119,197s][info][gc] GC(851) Concurrent weak roots 0,405ms
[2020-11-04T21:43:25.267+0300][119,197s][info][gc] GC(851) Concurrent cleanup 345M->345M(512M) 0,035ms
[2020-11-04T21:43:25.268+0300][119,198s][info][gc] GC(851) Concurrent class unloading 1,056ms
[2020-11-04T21:43:25.268+0300][119,198s][info][gc] GC(851) Concurrent strong roots 0,136ms
[2020-11-04T21:43:25.275+0300][119,205s][info][gc] GC(851) Concurrent evacuation 6,485ms
[2020-11-04T21:43:25.275+0300][119,205s][info][gc] GC(851) Pause Init Update Refs 0,028ms
[2020-11-04T21:43:25.308+0300][119,237s][info][gc] GC(851) Concurrent update references 32,453ms
[2020-11-04T21:43:25.308+0300][119,238s][info][gc] GC(851) Pause Final Update Refs 0,136ms
[2020-11-04T21:43:25.308+0300][119,238s][info][gc] GC(851) Concurrent cleanup 402M->224M(512M) 0,140ms
[2020-11-04T21:43:25.354+0300][119,284s][info][gc] Trigger: Average GC time (108,97 ms) is above the time for allocation rate (1144 MB/s) to deplete free headroom (124M)
[2020-11-04T21:43:25.355+0300][119,284s][info][gc] GC(852) Concurrent reset 0,549ms
[2020-11-04T21:43:25.355+0300][119,285s][info][gc] GC(852) Pause Init Mark (unload classes) 0,104ms
[2020-11-04T21:43:25.425+0300][119,355s][info][gc] GC(852) Concurrent marking (unload classes) 70,103ms
[2020-11-04T21:43:25.426+0300][119,356s][info][gc] GC(852) Pause Final Mark (unload classes) 0,452ms
[2020-11-04T21:43:25.426+0300][119,356s][info][gc] GC(852) Concurrent weak roots 0,421ms
[2020-11-04T21:43:25.427+0300][119,356s][info][gc] GC(852) Concurrent cleanup 356M->356M(512M) 0,037ms
[2020-11-04T21:43:25.427+0300][119,357s][info][gc] GC(852) Concurrent class unloading 0,948ms
[2020-11-04T21:43:25.428+0300][119,357s][info][gc] GC(852) Concurrent strong roots 0,083ms
[2020-11-04T21:43:25.433+0300][119,363s][info][gc] GC(852) Concurrent evacuation 5,225ms
[2020-11-04T21:43:25.433+0300][119,363s][info][gc] GC(852) Pause Init Update Refs 0,014ms
[2020-11-04T21:43:25.464+0300][119,394s][info][gc] GC(852) Concurrent update references 30,520ms
[2020-11-04T21:43:25.464+0300][119,394s][info][gc] GC(852) Pause Final Update Refs 0,150ms
[2020-11-04T21:43:25.464+0300][119,394s][info][gc] GC(852) Concurrent cleanup 429M->244M(512M) 0,118ms
[2020-11-04T21:43:25.500+0300][119,429s][info][gc] Trigger: Average GC time (113,79 ms) is above the time for allocation rate (1185 MB/s) to deplete free headroom (132M)
[2020-11-04T21:43:25.500+0300][119,430s][info][gc] GC(853) Concurrent reset 0,637ms
[2020-11-04T21:43:25.501+0300][119,431s][info][gc] GC(853) Pause Init Mark (unload classes) 0,249ms
[2020-11-04T21:43:25.572+0300][119,502s][info][gc] GC(853) Concurrent marking (unload classes) 71,335ms
[2020-11-04T21:43:25.573+0300][119,503s][info][gc] GC(853) Pause Final Mark (unload classes) 0,788ms
[2020-11-04T21:43:25.574+0300][119,503s][info][gc] GC(853) Concurrent weak roots 0,424ms
[2020-11-04T21:43:25.574+0300][119,503s][info][gc] GC(853) Concurrent cleanup 350M->350M(512M) 0,031ms
[2020-11-04T21:43:25.575+0300][119,505s][info][gc] GC(853) Concurrent class unloading 1,068ms
[2020-11-04T21:43:25.575+0300][119,505s][info][gc] GC(853) Concurrent strong roots 0,111ms
[2020-11-04T21:43:25.579+0300][119,509s][info][gc] GC(853) Concurrent evacuation 4,356ms
[2020-11-04T21:43:25.580+0300][119,509s][info][gc] GC(853) Pause Init Update Refs 0,024ms
[2020-11-04T21:43:25.610+0300][119,540s][info][gc] GC(853) Concurrent update references 30,339ms
[2020-11-04T21:43:25.610+0300][119,540s][info][gc] GC(853) Pause Final Update Refs 0,215ms
[2020-11-04T21:43:25.611+0300][119,540s][info][gc] GC(853) Concurrent cleanup 427M->254M(512M) 0,109ms
[2020-11-04T21:43:25.638+0300][119,568s][info][gc] Trigger: Average GC time (112,91 ms) is above the time for allocation rate (1205 MB/s) to deplete free headroom (132M)
[2020-11-04T21:43:25.639+0300][119,569s][info][gc] GC(854) Concurrent reset 0,611ms
[2020-11-04T21:43:25.639+0300][119,569s][info][gc] GC(854) Pause Init Mark (unload classes) 0,113ms
[2020-11-04T21:43:25.711+0300][119,641s][info][gc] GC(854) Concurrent marking (unload classes) 72,008ms
[2020-11-04T21:43:25.712+0300][119,642s][info][gc] GC(854) Pause Final Mark (unload classes) 0,783ms
[2020-11-04T21:43:25.713+0300][119,643s][info][gc] GC(854) Concurrent weak roots 0,400ms
[2020-11-04T21:43:25.713+0300][119,643s][info][gc] GC(854) Concurrent cleanup 349M->349M(512M) 0,037ms
[2020-11-04T21:43:25.714+0300][119,644s][info][gc] GC(854) Concurrent class unloading 0,878ms
[2020-11-04T21:43:25.714+0300][119,644s][info][gc] GC(854) Concurrent strong roots 0,133ms
[2020-11-04T21:43:25.719+0300][119,649s][info][gc] GC(854) Concurrent evacuation 5,454ms
[2020-11-04T21:43:25.720+0300][119,650s][info][gc] GC(854) Pause Init Update Refs 0,026ms
[2020-11-04T21:43:25.751+0300][119,681s][info][gc] GC(854) Concurrent update references 31,686ms
[2020-11-04T21:43:25.752+0300][119,682s][info][gc] GC(854) Pause Final Update Refs 0,378ms
[2020-11-04T21:43:25.752+0300][119,682s][info][gc] GC(854) Concurrent cleanup 431M->263M(512M) 0,114ms
[2020-11-04T21:43:25.778+0300][119,708s][info][gc] Trigger: Average GC time (111,59 ms) is above the time for allocation rate (1186 MB/s) to deplete free headroom (129M)
[2020-11-04T21:43:25.779+0300][119,708s][info][gc] GC(855) Concurrent reset 0,745ms
[2020-11-04T21:43:25.779+0300][119,709s][info][gc] GC(855) Pause Init Mark (process weakrefs) (unload classes) 0,229ms
[2020-11-04T21:43:25.878+0300][119,807s][info][gc] GC(855) Concurrent marking (process weakrefs) (unload classes) 98,317ms
[2020-11-04T21:43:25.878+0300][119,808s][info][gc] GC(855) Concurrent precleaning 0,143ms
[2020-11-04T21:43:25.879+0300][119,808s][info][gc] GC(855) Pause Final Mark (process weakrefs) (unload classes) 0,601ms
[2020-11-04T21:43:25.879+0300][119,809s][info][gc] GC(855) Concurrent weak roots 0,489ms
[2020-11-04T21:43:25.879+0300][119,809s][info][gc] GC(855) Concurrent cleanup 353M->353M(512M) 0,049ms
[2020-11-04T21:43:25.880+0300][119,810s][info][gc] GC(855) Concurrent class unloading 0,978ms
[2020-11-04T21:43:25.880+0300][119,810s][info][gc] GC(855) Concurrent strong roots 0,139ms
[2020-11-04T21:43:25.885+0300][119,815s][info][gc] GC(855) Concurrent evacuation 4,603ms
[2020-11-04T21:43:25.885+0300][119,815s][info][gc] GC(855) Pause Init Update Refs 0,014ms
[2020-11-04T21:43:25.918+0300][119,848s][info][gc] GC(855) Concurrent update references 32,569ms
[2020-11-04T21:43:25.918+0300][119,848s][info][gc] GC(855) Pause Final Update Refs 0,318ms
[2020-11-04T21:43:25.919+0300][119,848s][info][gc] GC(855) Concurrent cleanup 433M->267M(512M) 0,104ms
[2020-11-04T21:43:25.947+0300][119,877s][info][gc] Trigger: Average GC time (118,57 ms) is above the time for allocation rate (1018 MB/s) to deplete free headroom (117M)
[2020-11-04T21:43:25.948+0300][119,878s][info][gc] GC(856) Concurrent reset 0,600ms
[2020-11-04T21:43:25.948+0300][119,878s][info][gc] GC(856) Pause Init Mark (unload classes) 0,221ms
[2020-11-04T21:43:26.023+0300][119,952s][info][gc] GC(856) Concurrent marking (unload classes) 74,082ms
[2020-11-04T21:43:26.024+0300][119,953s][info][gc] GC(856) Pause Final Mark (unload classes) 0,768ms
[2020-11-04T21:43:26.024+0300][119,954s][info][gc] GC(856) Concurrent weak roots 0,501ms
[2020-11-04T21:43:26.024+0300][119,954s][info][gc] GC(856) Concurrent cleanup 362M->362M(512M) 0,056ms
[2020-11-04T21:43:26.025+0300][119,955s][info][gc] GC(856) Concurrent class unloading 0,898ms
[2020-11-04T21:43:26.025+0300][119,955s][info][gc] GC(856) Concurrent strong roots 0,075ms
[2020-11-04T21:43:26.031+0300][119,961s][info][gc] GC(856) Concurrent evacuation 5,620ms
[2020-11-04T21:43:26.031+0300][119,961s][info][gc] GC(856) Pause Init Update Refs 0,013ms
[2020-11-04T21:43:26.066+0300][119,996s][info][gc] GC(856) Concurrent update references 34,403ms
[2020-11-04T21:43:26.066+0300][119,996s][info][gc] GC(856) Pause Final Update Refs 0,245ms
[2020-11-04T21:43:26.066+0300][119,996s][info][gc] GC(856) Concurrent cleanup 448M->276M(512M) 0,105ms
[2020-11-04T21:43:26.087+0300][120,016s][info][gc] Trigger: Average GC time (119,09 ms) is above the time for allocation rate (1110 MB/s) to deplete free headroom (130M)
[2020-11-04T21:43:26.087+0300][120,017s][info][gc] GC(857) Concurrent reset 0,609ms
[2020-11-04T21:43:26.088+0300][120,018s][info][gc] GC(857) Pause Init Mark (unload classes) 0,282ms
[2020-11-04T21:43:26.151+0300][120,080s][info][gc] GC(857) Concurrent marking (unload classes) 62,615ms
[2020-11-04T21:43:26.151+0300][120,081s][info][gc] GC(857) Pause Final Mark (unload classes) 0,586ms
[2020-11-04T21:43:26.152+0300][120,082s][info][gc] GC(857) Concurrent weak roots 0,540ms
[2020-11-04T21:43:26.152+0300][120,082s][info][gc] GC(857) Concurrent cleanup 350M->350M(512M) 0,035ms
[2020-11-04T21:43:26.153+0300][120,083s][info][gc] GC(857) Concurrent class unloading 0,875ms
[2020-11-04T21:43:26.153+0300][120,083s][info][gc] GC(857) Concurrent strong roots 0,065ms
[2020-11-04T21:43:26.158+0300][120,088s][info][gc] GC(857) Concurrent evacuation 5,022ms
[2020-11-04T21:43:26.158+0300][120,088s][info][gc] GC(857) Pause Init Update Refs 0,022ms
[2020-11-04T21:43:26.193+0300][120,123s][info][gc] GC(857) Concurrent update references 34,887ms
[2020-11-04T21:43:26.194+0300][120,124s][info][gc] GC(857) Pause Final Update Refs 0,380ms
[2020-11-04T21:43:26.194+0300][120,124s][info][gc] GC(857) Concurrent cleanup 436M->281M(512M) 0,108ms
[2020-11-04T21:43:26.210+0300][120,140s][info][gc] Trigger: Average GC time (118,55 ms) is above the time for allocation rate (1167 MB/s) to deplete free headroom (136M)
[2020-11-04T21:43:26.211+0300][120,141s][info][gc] GC(858) Concurrent reset 0,667ms
[2020-11-04T21:43:26.211+0300][120,141s][info][gc] GC(858) Pause Init Mark (unload classes) 0,181ms
[2020-11-04T21:43:26.296+0300][120,226s][info][gc] GC(858) Concurrent marking (unload classes) 84,754ms
[2020-11-04T21:43:26.297+0300][120,227s][info][gc] GC(858) Pause Final Mark (unload classes) 0,448ms
[2020-11-04T21:43:26.298+0300][120,227s][info][gc] GC(858) Concurrent weak roots 0,449ms
[2020-11-04T21:43:26.298+0300][120,227s][info][gc] GC(858) Concurrent cleanup 346M->346M(512M) 0,037ms
[2020-11-04T21:43:26.299+0300][120,229s][info][gc] GC(858) Concurrent class unloading 1,083ms
[2020-11-04T21:43:26.299+0300][120,229s][info][gc] GC(858) Concurrent strong roots 0,073ms
[2020-11-04T21:43:26.302+0300][120,232s][info][gc] GC(858) Concurrent evacuation 3,618ms
[2020-11-04T21:43:26.303+0300][120,233s][info][gc] GC(858) Pause Init Update Refs 0,017ms
[2020-11-04T21:43:26.339+0300][120,269s][info][gc] GC(858) Concurrent update references 36,443ms
[2020-11-04T21:43:26.340+0300][120,270s][info][gc] GC(858) Pause Final Update Refs 0,353ms
[2020-11-04T21:43:26.340+0300][120,270s][info][gc] GC(858) Concurrent cleanup 428M->284M(512M) 0,106ms
[2020-11-04T21:43:26.361+0300][120,291s][info][gc] Trigger: Average GC time (122,30 ms) is above the time for allocation rate (1020 MB/s) to deplete free headroom (122M)
[2020-11-04T21:43:26.362+0300][120,292s][info][gc] GC(859) Concurrent reset 0,489ms
[2020-11-04T21:43:26.362+0300][120,292s][info][gc] GC(859) Pause Init Mark (unload classes) 0,181ms
[2020-11-04T21:43:26.429+0300][120,359s][info][gc] GC(859) Concurrent marking (unload classes) 67,024ms
[2020-11-04T21:43:26.430+0300][120,360s][info][gc] GC(859) Pause Final Mark (unload classes) 0,411ms
[2020-11-04T21:43:26.431+0300][120,360s][info][gc] GC(859) Concurrent weak roots 0,424ms
[2020-11-04T21:43:26.431+0300][120,360s][info][gc] GC(859) Concurrent cleanup 357M->357M(512M) 0,039ms
[2020-11-04T21:43:26.432+0300][120,362s][info][gc] GC(859) Concurrent class unloading 1,214ms
[2020-11-04T21:43:26.432+0300][120,362s][info][gc] GC(859) Concurrent strong roots 0,101ms
[2020-11-04T21:43:26.436+0300][120,366s][info][gc] GC(859) Concurrent evacuation 3,808ms
[2020-11-04T21:43:26.436+0300][120,366s][info][gc] GC(859) Pause Init Update Refs 0,030ms
[2020-11-04T21:43:26.474+0300][120,404s][info][gc] GC(859) Concurrent update references 37,810ms
[2020-11-04T21:43:26.474+0300][120,404s][info][gc] GC(859) Pause Final Update Refs 0,115ms
[2020-11-04T21:43:26.475+0300][120,404s][info][gc] GC(859) Concurrent cleanup 444M->290M(512M) 0,082ms
[2020-11-04T21:43:26.489+0300][120,419s][info][gc] Trigger: Average GC time (122,12 ms) is above the time for allocation rate (1097 MB/s) to deplete free headroom (131M)
[2020-11-04T21:43:26.490+0300][120,420s][info][gc] GC(860) Concurrent reset 0,603ms
[2020-11-04T21:43:26.490+0300][120,420s][info][gc] GC(860) Pause Init Mark (process weakrefs) (unload classes) 0,108ms
[2020-11-04T21:43:26.558+0300][120,488s][info][gc] GC(860) Concurrent marking (process weakrefs) (unload classes) 67,198ms
[2020-11-04T21:43:26.558+0300][120,488s][info][gc] GC(860) Concurrent precleaning 0,169ms
[2020-11-04T21:43:26.559+0300][120,488s][info][gc] GC(860) Pause Final Mark (process weakrefs) (unload classes) 0,485ms
[2020-11-04T21:43:26.559+0300][120,489s][info][gc] GC(860) Concurrent weak roots 0,397ms
[2020-11-04T21:43:26.559+0300][120,489s][info][gc] GC(860) Concurrent cleanup 349M->349M(512M) 0,039ms
[2020-11-04T21:43:26.560+0300][120,490s][info][gc] GC(860) Concurrent class unloading 0,880ms
[2020-11-04T21:43:26.560+0300][120,490s][info][gc] GC(860) Concurrent strong roots 0,044ms
[2020-11-04T21:43:26.564+0300][120,493s][info][gc] GC(860) Concurrent evacuation 3,462ms
[2020-11-04T21:43:26.564+0300][120,494s][info][gc] GC(860) Pause Init Update Refs 0,015ms
[2020-11-04T21:43:26.601+0300][120,531s][info][gc] GC(860) Concurrent update references 37,170ms
[2020-11-04T21:43:26.602+0300][120,531s][info][gc] GC(860) Pause Final Update Refs 0,154ms
[2020-11-04T21:43:26.602+0300][120,532s][info][gc] GC(860) Concurrent cleanup 436M->295M(512M) 0,082ms
[2020-11-04T21:43:26.617+0300][120,546s][info][gc] Trigger: Average GC time (116,41 ms) is above the time for allocation rate (1116 MB/s) to deplete free headroom (125M)
[2020-11-04T21:43:26.617+0300][120,547s][info][gc] GC(861) Concurrent reset 0,572ms
[2020-11-04T21:43:26.618+0300][120,547s][info][gc] GC(861) Pause Init Mark (unload classes) 0,131ms
[2020-11-04T21:43:26.692+0300][120,622s][info][gc] GC(861) Concurrent marking (unload classes) 74,451ms
[2020-11-04T21:43:26.693+0300][120,623s][info][gc] GC(861) Pause Final Mark (unload classes) 0,380ms
[2020-11-04T21:43:26.693+0300][120,623s][info][gc] GC(861) Concurrent weak roots 0,399ms
[2020-11-04T21:43:26.693+0300][120,623s][info][gc] GC(861) Concurrent cleanup 354M->354M(512M) 0,056ms
[2020-11-04T21:43:26.694+0300][120,624s][info][gc] GC(861) Concurrent class unloading 0,985ms
[2020-11-04T21:43:26.695+0300][120,624s][info][gc] GC(861) Concurrent strong roots 0,101ms
[2020-11-04T21:43:26.698+0300][120,628s][info][gc] GC(861) Concurrent evacuation 3,543ms
[2020-11-04T21:43:26.698+0300][120,628s][info][gc] GC(861) Pause Init Update Refs 0,025ms
[2020-11-04T21:43:26.736+0300][120,666s][info][gc] GC(861) Concurrent update references 37,896ms
[2020-11-04T21:43:26.737+0300][120,667s][info][gc] GC(861) Pause Final Update Refs 0,156ms
[2020-11-04T21:43:26.738+0300][120,668s][info][gc] GC(861) Concurrent cleanup 444M->302M(512M) 0,100ms
[2020-11-04T21:43:26.752+0300][120,682s][info][gc] Trigger: Average GC time (116,93 ms) is above the time for allocation rate (1045 MB/s) to deplete free headroom (122M)
[2020-11-04T21:43:26.753+0300][120,683s][info][gc] GC(862) Concurrent reset 0,630ms
[2020-11-04T21:43:26.753+0300][120,683s][info][gc] GC(862) Pause Init Mark (unload classes) 0,110ms
[2020-11-04T21:43:26.824+0300][120,754s][info][gc] GC(862) Concurrent marking (unload classes) 70,988ms
[2020-11-04T21:43:26.825+0300][120,755s][info][gc] GC(862) Pause Final Mark (unload classes) 0,465ms
[2020-11-04T21:43:26.825+0300][120,755s][info][gc] GC(862) Concurrent weak roots 0,416ms
[2020-11-04T21:43:26.825+0300][120,755s][info][gc] GC(862) Concurrent cleanup 357M->357M(512M) 0,033ms
[2020-11-04T21:43:26.826+0300][120,756s][info][gc] GC(862) Concurrent class unloading 0,977ms
[2020-11-04T21:43:26.827+0300][120,756s][info][gc] GC(862) Concurrent strong roots 0,127ms
[2020-11-04T21:43:26.830+0300][120,760s][info][gc] GC(862) Concurrent evacuation 3,348ms
[2020-11-04T21:43:26.830+0300][120,760s][info][gc] GC(862) Pause Init Update Refs 0,019ms
[2020-11-04T21:43:26.871+0300][120,800s][info][gc] GC(862) Concurrent update references 40,079ms
[2020-11-04T21:43:26.871+0300][120,801s][info][gc] GC(862) Pause Final Update Refs 0,180ms
[2020-11-04T21:43:26.871+0300][120,801s][info][gc] GC(862) Concurrent cleanup 443M->302M(512M) 0,070ms
[2020-11-04T21:43:26.885+0300][120,815s][info][gc] Trigger: Average GC time (119,21 ms) is above the time for allocation rate (1035 MB/s) to deplete free headroom (121M)
[2020-11-04T21:43:26.886+0300][120,815s][info][gc] GC(863) Concurrent reset 0,626ms
[2020-11-04T21:43:26.886+0300][120,816s][info][gc] GC(863) Pause Init Mark (unload classes) 0,277ms
[2020-11-04T21:43:26.970+0300][120,900s][info][gc] GC(863) Concurrent marking (unload classes) 83,960ms
[2020-11-04T21:43:26.971+0300][120,901s][info][gc] GC(863) Pause Final Mark (unload classes) 0,513ms
[2020-11-04T21:43:26.972+0300][120,901s][info][gc] GC(863) Concurrent weak roots 0,558ms
[2020-11-04T21:43:26.972+0300][120,902s][info][gc] GC(863) Concurrent cleanup 358M->358M(512M) 0,033ms
[2020-11-04T21:43:26.973+0300][120,902s][info][gc] GC(863) Concurrent class unloading 0,959ms
[2020-11-04T21:43:26.973+0300][120,903s][info][gc] GC(863) Concurrent strong roots 0,075ms
[2020-11-04T21:43:26.976+0300][120,906s][info][gc] GC(863) Concurrent evacuation 3,444ms
[2020-11-04T21:43:26.977+0300][120,906s][info][gc] GC(863) Pause Init Update Refs 0,020ms
[2020-11-04T21:43:27.016+0300][120,946s][info][gc] GC(863) Concurrent update references 39,121ms
[2020-11-04T21:43:27.016+0300][120,946s][info][gc] GC(863) Pause Final Update Refs 0,169ms
[2020-11-04T21:43:27.016+0300][120,946s][info][gc] GC(863) Concurrent cleanup 450M->312M(512M) 0,096ms
[2020-11-04T21:43:27.029+0300][120,959s][info][gc] Trigger: Average GC time (119,52 ms) is above the time for allocation rate (976 MB/s) to deplete free headroom (114M)
[2020-11-04T21:43:27.030+0300][120,960s][info][gc] GC(864) Concurrent reset 0,601ms
[2020-11-04T21:43:27.030+0300][120,960s][info][gc] GC(864) Pause Init Mark (unload classes) 0,266ms
[2020-11-04T21:43:27.134+0300][121,064s][info][gc] GC(864) Concurrent marking (unload classes) 103,252ms
[2020-11-04T21:43:27.134+0300][121,064s][info][gc] GC(864) Pause Final Mark (unload classes) 0,380ms
[2020-11-04T21:43:27.135+0300][121,065s][info][gc] GC(864) Concurrent weak roots 0,380ms
[2020-11-04T21:43:27.135+0300][121,065s][info][gc] GC(864) Concurrent cleanup 365M->365M(512M) 0,048ms
[2020-11-04T21:43:27.136+0300][121,066s][info][gc] GC(864) Concurrent class unloading 0,963ms
[2020-11-04T21:43:27.136+0300][121,066s][info][gc] GC(864) Concurrent strong roots 0,131ms
[2020-11-04T21:43:27.140+0300][121,070s][info][gc] GC(864) Concurrent evacuation 3,982ms
[2020-11-04T21:43:27.140+0300][121,070s][info][gc] GC(864) Pause Init Update Refs 0,019ms
[2020-11-04T21:43:27.192+0300][121,122s][info][gc] GC(864) Concurrent update references 51,494ms
[2020-11-04T21:43:27.192+0300][121,122s][info][gc] GC(864) Pause Final Update Refs 0,165ms
[2020-11-04T21:43:27.193+0300][121,122s][info][gc] GC(864) Concurrent cleanup 478M->337M(512M) 0,062ms
[2020-11-04T21:43:27.198+0300][121,128s][info][gc] Trigger: Average GC time (129,55 ms) is above the time for allocation rate (845 MB/s) to deplete free headroom (108M)
[2020-11-04T21:43:27.199+0300][121,128s][info][gc] GC(865) Concurrent reset 0,575ms
[2020-11-04T21:43:27.199+0300][121,129s][info][gc] GC(865) Pause Init Mark (process weakrefs) (unload classes) 0,114ms
[2020-11-04T21:43:27.307+0300][121,237s][info][gc] GC(865) Concurrent marking (process weakrefs) (unload classes) 107,816ms
[2020-11-04T21:43:27.307+0300][121,237s][info][gc] GC(865) Concurrent precleaning 0,162ms
[2020-11-04T21:43:27.308+0300][121,238s][info][gc] GC(865) Pause Final Mark (process weakrefs) (unload classes) 0,808ms
[2020-11-04T21:43:27.309+0300][121,239s][info][gc] GC(865) Concurrent weak roots 0,536ms
[2020-11-04T21:43:27.309+0300][121,239s][info][gc] GC(865) Concurrent cleanup 371M->371M(512M) 0,040ms
[2020-11-04T21:43:27.310+0300][121,240s][info][gc] GC(865) Concurrent class unloading 0,923ms
[2020-11-04T21:43:27.310+0300][121,240s][info][gc] GC(865) Concurrent strong roots 0,077ms
[2020-11-04T21:43:27.314+0300][121,244s][info][gc] GC(865) Concurrent evacuation 3,838ms
[2020-11-04T21:43:27.314+0300][121,244s][info][gc] GC(865) Pause Init Update Refs 0,027ms
[2020-11-04T21:43:27.356+0300][121,286s][info][gc] GC(865) Concurrent update references 41,742ms
[2020-11-04T21:43:27.357+0300][121,286s][info][gc] GC(865) Pause Final Update Refs 0,311ms
[2020-11-04T21:43:27.357+0300][121,287s][info][gc] GC(865) Concurrent cleanup 465M->322M(512M) 0,110ms
[2020-11-04T21:43:27.367+0300][121,297s][info][gc] Trigger: Average GC time (138,85 ms) is above the time for allocation rate (811 MB/s) to deplete free headroom (109M)
[2020-11-04T21:43:27.368+0300][121,298s][info][gc] GC(866) Concurrent reset 0,564ms
[2020-11-04T21:43:27.368+0300][121,298s][info][gc] GC(866) Pause Init Mark (unload classes) 0,108ms
[2020-11-04T21:43:27.452+0300][121,381s][info][gc] GC(866) Concurrent marking (unload classes) 83,034ms
[2020-11-04T21:43:27.453+0300][121,382s][info][gc] GC(866) Pause Final Mark (unload classes) 0,820ms
[2020-11-04T21:43:27.453+0300][121,383s][info][gc] GC(866) Concurrent weak roots 0,446ms
[2020-11-04T21:43:27.453+0300][121,383s][info][gc] GC(866) Concurrent cleanup 368M->368M(512M) 0,036ms
[2020-11-04T21:43:27.454+0300][121,384s][info][gc] GC(866) Concurrent class unloading 1,035ms
[2020-11-04T21:43:27.454+0300][121,384s][info][gc] GC(866) Concurrent strong roots 0,137ms
[2020-11-04T21:43:27.458+0300][121,388s][info][gc] GC(866) Concurrent evacuation 3,317ms
[2020-11-04T21:43:27.458+0300][121,388s][info][gc] GC(866) Pause Init Update Refs 0,026ms
[2020-11-04T21:43:27.505+0300][121,435s][info][gc] GC(866) Concurrent update references 47,274ms
[2020-11-04T21:43:27.506+0300][121,436s][info][gc] GC(866) Pause Final Update Refs 0,293ms
[2020-11-04T21:43:27.506+0300][121,436s][info][gc] GC(866) Concurrent cleanup 450M->312M(512M) 0,083ms
[2020-11-04T21:43:27.518+0300][121,448s][info][gc] Trigger: Average GC time (142,29 ms) is above the time for allocation rate (837 MB/s) to deplete free headroom (116M)
[2020-11-04T21:43:27.519+0300][121,448s][info][gc] GC(867) Concurrent reset 0,590ms
[2020-11-04T21:43:27.519+0300][121,449s][info][gc] GC(867) Pause Init Mark (unload classes) 0,281ms
[2020-11-04T21:43:27.606+0300][121,536s][info][gc] GC(867) Concurrent marking (unload classes) 86,893ms
[2020-11-04T21:43:27.607+0300][121,537s][info][gc] GC(867) Pause Final Mark (unload classes) 0,823ms
[2020-11-04T21:43:27.608+0300][121,538s][info][gc] GC(867) Concurrent weak roots 0,482ms
[2020-11-04T21:43:27.608+0300][121,538s][info][gc] GC(867) Concurrent cleanup 362M->362M(512M) 0,034ms
[2020-11-04T21:43:27.609+0300][121,539s][info][gc] GC(867) Concurrent class unloading 0,958ms
[2020-11-04T21:43:27.609+0300][121,539s][info][gc] GC(867) Concurrent strong roots 0,063ms
[2020-11-04T21:43:27.613+0300][121,543s][info][gc] GC(867) Concurrent evacuation 4,085ms
[2020-11-04T21:43:27.613+0300][121,543s][info][gc] GC(867) Pause Init Update Refs 0,029ms
[2020-11-04T21:43:27.656+0300][121,586s][info][gc] GC(867) Concurrent update references 42,804ms
[2020-11-04T21:43:27.657+0300][121,587s][info][gc] GC(867) Pause Final Update Refs 0,149ms
[2020-11-04T21:43:27.657+0300][121,587s][info][gc] GC(867) Concurrent cleanup 455M->330M(512M) 0,082ms
[2020-11-04T21:43:27.661+0300][121,591s][info][gc] Trigger: Average GC time (146,25 ms) is above the time for allocation rate (836 MB/s) to deplete free headroom (119M)
[2020-11-04T21:43:27.662+0300][121,592s][info][gc] GC(868) Concurrent reset 0,577ms
[2020-11-04T21:43:27.662+0300][121,592s][info][gc] GC(868) Pause Init Mark (unload classes) 0,094ms
[2020-11-04T21:43:27.745+0300][121,674s][info][gc] GC(868) Concurrent marking (unload classes) 82,264ms
[2020-11-04T21:43:27.745+0300][121,675s][info][gc] GC(868) Pause Final Mark (unload classes) 0,382ms
[2020-11-04T21:43:27.746+0300][121,676s][info][gc] GC(868) Concurrent weak roots 0,443ms
[2020-11-04T21:43:27.746+0300][121,676s][info][gc] GC(868) Concurrent cleanup 359M->359M(512M) 0,035ms
[2020-11-04T21:43:27.747+0300][121,677s][info][gc] GC(868) Concurrent class unloading 1,057ms
[2020-11-04T21:43:27.747+0300][121,677s][info][gc] GC(868) Concurrent strong roots 0,064ms
[2020-11-04T21:43:27.750+0300][121,680s][info][gc] GC(868) Concurrent evacuation 3,258ms
[2020-11-04T21:43:27.751+0300][121,680s][info][gc] GC(868) Pause Init Update Refs 0,025ms
[2020-11-04T21:43:27.796+0300][121,725s][info][gc] GC(868) Concurrent update references 44,925ms
[2020-11-04T21:43:27.796+0300][121,726s][info][gc] GC(868) Pause Final Update Refs 0,334ms
[2020-11-04T21:43:27.796+0300][121,726s][info][gc] GC(868) Concurrent cleanup 456M->336M(512M) 0,086ms
[2020-11-04T21:43:27.798+0300][121,727s][info][gc] Trigger: Average GC time (147,02 ms) is above the time for allocation rate (838 MB/s) to deplete free headroom (121M)
[2020-11-04T21:43:27.798+0300][121,728s][info][gc] GC(869) Concurrent reset 0,429ms
[2020-11-04T21:43:27.798+0300][121,728s][info][gc] GC(869) Pause Init Mark (unload classes) 0,106ms
[2020-11-04T21:43:27.884+0300][121,814s][info][gc] GC(869) Concurrent marking (unload classes) 85,194ms
[2020-11-04T21:43:27.884+0300][121,814s][info][gc] GC(869) Pause Final Mark (unload classes) 0,417ms
[2020-11-04T21:43:27.885+0300][121,815s][info][gc] GC(869) Concurrent weak roots 0,431ms
[2020-11-04T21:43:27.885+0300][121,815s][info][gc] GC(869) Concurrent cleanup 358M->358M(512M) 0,037ms
[2020-11-04T21:43:27.886+0300][121,816s][info][gc] GC(869) Concurrent class unloading 0,967ms
[2020-11-04T21:43:27.886+0300][121,816s][info][gc] GC(869) Concurrent strong roots 0,062ms
[2020-11-04T21:43:27.889+0300][121,819s][info][gc] GC(869) Concurrent evacuation 3,168ms
[2020-11-04T21:43:27.889+0300][121,819s][info][gc] GC(869) Pause Init Update Refs 0,014ms
[2020-11-04T21:43:27.937+0300][121,867s][info][gc] GC(869) Concurrent update references 47,852ms
[2020-11-04T21:43:27.938+0300][121,868s][info][gc] GC(869) Pause Final Update Refs 0,311ms
[2020-11-04T21:43:27.938+0300][121,868s][info][gc] GC(869) Concurrent cleanup 427M->312M(512M) 0,086ms
[2020-11-04T21:43:27.958+0300][121,888s][info][gc] Trigger: Average GC time (142,45 ms) is above the time for allocation rate (774 MB/s) to deplete free headroom (108M)
[2020-11-04T21:43:27.959+0300][121,889s][info][gc] GC(870) Concurrent reset 0,637ms
[2020-11-04T21:43:27.959+0300][121,889s][info][gc] GC(870) Pause Init Mark (process weakrefs) (unload classes) 0,280ms
[2020-11-04T21:43:28.024+0300][121,954s][info][gc] GC(870) Concurrent marking (process weakrefs) (unload classes) 64,671ms
[2020-11-04T21:43:28.024+0300][121,954s][info][gc] GC(870) Concurrent precleaning 0,147ms
[2020-11-04T21:43:28.025+0300][121,955s][info][gc] GC(870) Pause Final Mark (process weakrefs) (unload classes) 0,672ms
[2020-11-04T21:43:28.026+0300][121,956s][info][gc] GC(870) Concurrent weak roots 0,431ms
[2020-11-04T21:43:28.026+0300][121,956s][info][gc] GC(870) Concurrent cleanup 369M->365M(512M) 0,036ms
[2020-11-04T21:43:28.027+0300][121,957s][info][gc] GC(870) Concurrent class unloading 0,851ms
[2020-11-04T21:43:28.027+0300][121,957s][info][gc] GC(870) Concurrent strong roots 0,071ms
[2020-11-04T21:43:28.030+0300][121,960s][info][gc] GC(870) Concurrent evacuation 2,793ms
[2020-11-04T21:43:28.030+0300][121,960s][info][gc] GC(870) Pause Init Update Refs 0,011ms
[2020-11-04T21:43:28.055+0300][121,985s][info][gc] GC(870) Concurrent update references 24,525ms
[2020-11-04T21:43:28.055+0300][121,985s][info][gc] GC(870) Pause Final Update Refs 0,289ms
[2020-11-04T21:43:28.056+0300][121,985s][info][gc] GC(870) Concurrent cleanup 419M->199M(512M) 0,096ms
[2020-11-04T21:43:28.094+0300][122,023s][info][gc] Trigger: Average GC time (130,17 ms) is above the time for allocation rate (1252 MB/s) to deplete free headroom (159M)
[2020-11-04T21:43:28.094+0300][122,024s][info][gc] GC(871) Concurrent reset 0,614ms
[2020-11-04T21:43:28.095+0300][122,025s][info][gc] GC(871) Pause Init Mark (unload classes) 0,250ms
[2020-11-04T21:43:28.171+0300][122,101s][info][gc] GC(871) Concurrent marking (unload classes) 75,998ms
[2020-11-04T21:43:28.172+0300][122,101s][info][gc] GC(871) Pause Final Mark (unload classes) 0,462ms
[2020-11-04T21:43:28.172+0300][122,102s][info][gc] GC(871) Concurrent weak roots 0,355ms
[2020-11-04T21:43:28.172+0300][122,102s][info][gc] GC(871) Concurrent cleanup 325M->325M(512M) 0,041ms
[2020-11-04T21:43:28.173+0300][122,103s][info][gc] GC(871) Concurrent class unloading 0,933ms
[2020-11-04T21:43:28.173+0300][122,103s][info][gc] GC(871) Concurrent strong roots 0,061ms
[2020-11-04T21:43:28.177+0300][122,107s][info][gc] GC(871) Concurrent evacuation 4,119ms
[2020-11-04T21:43:28.178+0300][122,108s][info][gc] GC(871) Pause Init Update Refs 0,022ms
[2020-11-04T21:43:28.214+0300][122,144s][info][gc] GC(871) Concurrent update references 36,271ms
[2020-11-04T21:43:28.215+0300][122,144s][info][gc] GC(871) Pause Final Update Refs 0,232ms
[2020-11-04T21:43:28.215+0300][122,145s][info][gc] GC(871) Concurrent cleanup 413M->242M(512M) 0,122ms
[2020-11-04T21:43:28.241+0300][122,171s][info][gc] Trigger: Average GC time (126,63 ms) is above the time for allocation rate (1189 MB/s) to deplete free headroom (148M)
[2020-11-04T21:43:28.242+0300][122,172s][info][gc] GC(872) Concurrent reset 0,552ms
[2020-11-04T21:43:28.242+0300][122,172s][info][gc] GC(872) Pause Init Mark (unload classes) 0,151ms
[2020-11-04T21:43:28.314+0300][122,243s][info][gc] GC(872) Concurrent marking (unload classes) 71,099ms
[2020-11-04T21:43:28.314+0300][122,244s][info][gc] GC(872) Pause Final Mark (unload classes) 0,541ms
[2020-11-04T21:43:28.315+0300][122,245s][info][gc] GC(872) Concurrent weak roots 0,587ms
[2020-11-04T21:43:28.315+0300][122,245s][info][gc] GC(872) Concurrent cleanup 334M->334M(512M) 0,035ms
[2020-11-04T21:43:28.316+0300][122,246s][info][gc] GC(872) Concurrent class unloading 0,842ms
[2020-11-04T21:43:28.316+0300][122,246s][info][gc] GC(872) Concurrent strong roots 0,079ms
[2020-11-04T21:43:28.323+0300][122,252s][info][gc] GC(872) Concurrent evacuation 6,494ms
[2020-11-04T21:43:28.323+0300][122,253s][info][gc] GC(872) Pause Init Update Refs 0,026ms
[2020-11-04T21:43:28.354+0300][122,283s][info][gc] GC(872) Concurrent update references 30,534ms
[2020-11-04T21:43:28.354+0300][122,284s][info][gc] GC(872) Pause Final Update Refs 0,138ms
[2020-11-04T21:43:28.354+0300][122,284s][info][gc] GC(872) Concurrent cleanup 391M->215M(512M) 0,096ms
[2020-11-04T21:43:28.397+0300][122,326s][info][gc] Trigger: Average GC time (121,41 ms) is above the time for allocation rate (1159 MB/s) to deplete free headroom (138M)
[2020-11-04T21:43:28.397+0300][122,327s][info][gc] GC(873) Concurrent reset 0,535ms
[2020-11-04T21:43:28.398+0300][122,327s][info][gc] GC(873) Pause Init Mark (unload classes) 0,123ms
[2020-11-04T21:43:28.476+0300][122,406s][info][gc] GC(873) Concurrent marking (unload classes) 78,108ms
[2020-11-04T21:43:28.476+0300][122,406s][info][gc] GC(873) Pause Final Mark (unload classes) 0,402ms
[2020-11-04T21:43:28.477+0300][122,407s][info][gc] GC(873) Concurrent weak roots 0,374ms
[2020-11-04T21:43:28.477+0300][122,407s][info][gc] GC(873) Concurrent cleanup 343M->343M(512M) 0,031ms
[2020-11-04T21:43:28.478+0300][122,408s][info][gc] GC(873) Concurrent class unloading 1,017ms
[2020-11-04T21:43:28.478+0300][122,408s][info][gc] GC(873) Concurrent strong roots 0,156ms
[2020-11-04T21:43:28.483+0300][122,413s][info][gc] GC(873) Concurrent evacuation 5,372ms
[2020-11-04T21:43:28.484+0300][122,413s][info][gc] GC(873) Pause Init Update Refs 0,011ms
[2020-11-04T21:43:28.517+0300][122,447s][info][gc] GC(873) Concurrent update references 33,508ms
[2020-11-04T21:43:28.518+0300][122,447s][info][gc] GC(873) Pause Final Update Refs 0,133ms
[2020-11-04T21:43:28.518+0300][122,448s][info][gc] GC(873) Concurrent cleanup 410M->230M(512M) 0,102ms
[2020-11-04T21:43:28.574+0300][122,504s][info][gc] Trigger: Average GC time (118,59 ms) is above the time for allocation rate (1065 MB/s) to deplete free headroom (124M)
[2020-11-04T21:43:28.574+0300][122,504s][info][gc] GC(874) Concurrent reset 0,541ms
[2020-11-04T21:43:28.575+0300][122,505s][info][gc] GC(874) Pause Init Mark (unload classes) 0,080ms
[2020-11-04T21:43:28.665+0300][122,595s][info][gc] GC(874) Concurrent marking (unload classes) 90,024ms
[2020-11-04T21:43:28.665+0300][122,595s][info][gc] GC(874) Pause Final Mark (unload classes) 0,218ms
[2020-11-04T21:43:28.666+0300][122,596s][info][gc] GC(874) Concurrent weak roots 0,709ms
[2020-11-04T21:43:28.666+0300][122,596s][info][gc] GC(874) Concurrent cleanup 355M->355M(512M) 0,029ms
[2020-11-04T21:43:28.667+0300][122,597s][info][gc] GC(874) Concurrent class unloading 0,932ms
[2020-11-04T21:43:28.667+0300][122,597s][info][gc] GC(874) Concurrent strong roots 0,062ms
[2020-11-04T21:43:28.672+0300][122,602s][info][gc] GC(874) Concurrent evacuation 5,197ms
[2020-11-04T21:43:28.672+0300][122,602s][info][gc] GC(874) Pause Init Update Refs 0,011ms
[2020-11-04T21:43:28.704+0300][122,634s][info][gc] GC(874) Concurrent update references 31,620ms
[2020-11-04T21:43:28.704+0300][122,634s][info][gc] GC(874) Pause Final Update Refs 0,117ms
[2020-11-04T21:43:28.704+0300][122,634s][info][gc] GC(874) Concurrent cleanup 407M->219M(512M) 0,100ms
[2020-11-04T21:43:28.797+0300][122,726s][info][gc] Trigger: Average GC time (116,59 ms) is above the time for allocation rate (908 MB/s) to deplete free headroom (104M)
[2020-11-04T21:43:28.797+0300][122,727s][info][gc] GC(875) Concurrent reset 0,499ms
[2020-11-04T21:43:28.797+0300][122,727s][info][gc] GC(875) Pause Init Mark (process weakrefs) (unload classes) 0,112ms
[2020-11-04T21:43:28.897+0300][122,827s][info][gc] GC(875) Concurrent marking (process weakrefs) (unload classes) 99,490ms
[2020-11-04T21:43:28.897+0300][122,827s][info][gc] GC(875) Concurrent precleaning 0,076ms
[2020-11-04T21:43:28.897+0300][122,827s][info][gc] GC(875) Pause Final Mark (process weakrefs) (unload classes) 0,273ms
[2020-11-04T21:43:28.898+0300][122,828s][info][gc] GC(875) Concurrent weak roots 0,333ms
[2020-11-04T21:43:28.898+0300][122,828s][info][gc] GC(875) Concurrent cleanup 374M->374M(512M) 0,030ms
[2020-11-04T21:43:28.899+0300][122,829s][info][gc] GC(875) Concurrent class unloading 0,856ms
[2020-11-04T21:43:28.899+0300][122,829s][info][gc] GC(875) Concurrent strong roots 0,043ms
[2020-11-04T21:43:28.905+0300][122,835s][info][gc] GC(875) Concurrent evacuation 6,472ms
[2020-11-04T21:43:28.905+0300][122,835s][info][gc] GC(875) Pause Init Update Refs 0,009ms
[2020-11-04T21:43:28.942+0300][122,872s][info][gc] GC(875) Concurrent update references 36,293ms
[2020-11-04T21:43:28.942+0300][122,872s][info][gc] GC(875) Pause Final Update Refs 0,109ms
[2020-11-04T21:43:28.942+0300][122,872s][info][gc] GC(875) Concurrent cleanup 450M->247M(512M) 0,073ms
[2020-11-04T21:43:28.985+0300][122,914s][info][gc] Trigger: Average GC time (126,22 ms) is above the time for allocation rate (967 MB/s) to deplete free headroom (119M)
[2020-11-04T21:43:28.985+0300][122,915s][info][gc] GC(876) Concurrent reset 0,536ms
[2020-11-04T21:43:28.986+0300][122,915s][info][gc] GC(876) Pause Init Mark (unload classes) 0,096ms
[2020-11-04T21:43:29.077+0300][123,007s][info][gc] GC(876) Concurrent marking (unload classes) 91,432ms
[2020-11-04T21:43:29.077+0300][123,007s][info][gc] GC(876) Pause Final Mark (unload classes) 0,287ms
[2020-11-04T21:43:29.078+0300][123,008s][info][gc] GC(876) Concurrent weak roots 0,324ms
[2020-11-04T21:43:29.078+0300][123,008s][info][gc] GC(876) Concurrent cleanup 359M->359M(512M) 0,025ms
[2020-11-04T21:43:29.079+0300][123,009s][info][gc] GC(876) Concurrent class unloading 0,895ms
[2020-11-04T21:43:29.079+0300][123,009s][info][gc] GC(876) Concurrent strong roots 0,039ms
[2020-11-04T21:43:29.084+0300][123,014s][info][gc] GC(876) Concurrent evacuation 4,901ms
[2020-11-04T21:43:29.084+0300][123,014s][info][gc] GC(876) Pause Init Update Refs 0,012ms
[2020-11-04T21:43:29.130+0300][123,060s][info][gc] GC(876) Concurrent update references 45,892ms
[2020-11-04T21:43:29.130+0300][123,060s][info][gc] GC(876) Pause Final Update Refs 0,140ms
[2020-11-04T21:43:29.130+0300][123,060s][info][gc] GC(876) Concurrent cleanup 459M->277M(512M) 0,105ms
[2020-11-04T21:43:29.151+0300][123,080s][info][gc] Trigger: Average GC time (131,13 ms) is above the time for allocation rate (998 MB/s) to deplete free headroom (130M)
[2020-11-04T21:43:29.151+0300][123,081s][info][gc] GC(877) Concurrent reset 0,580ms
[2020-11-04T21:43:29.152+0300][123,081s][info][gc] GC(877) Pause Init Mark (unload classes) 0,111ms
[2020-11-04T21:43:29.217+0300][123,147s][info][gc] GC(877) Concurrent marking (unload classes) 65,831ms
[2020-11-04T21:43:29.218+0300][123,148s][info][gc] GC(877) Pause Final Mark (unload classes) 0,391ms
[2020-11-04T21:43:29.218+0300][123,148s][info][gc] GC(877) Concurrent weak roots 0,374ms
[2020-11-04T21:43:29.219+0300][123,148s][info][gc] GC(877) Concurrent cleanup 351M->351M(512M) 0,040ms
[2020-11-04T21:43:29.219+0300][123,149s][info][gc] GC(877) Concurrent class unloading 0,732ms
[2020-11-04T21:43:29.219+0300][123,149s][info][gc] GC(877) Concurrent strong roots 0,058ms
[2020-11-04T21:43:29.224+0300][123,153s][info][gc] GC(877) Concurrent evacuation 4,165ms
[2020-11-04T21:43:29.224+0300][123,154s][info][gc] GC(877) Pause Init Update Refs 0,028ms
[2020-11-04T21:43:29.257+0300][123,187s][info][gc] GC(877) Concurrent update references 33,096ms
[2020-11-04T21:43:29.258+0300][123,187s][info][gc] GC(877) Pause Final Update Refs 0,167ms
[2020-11-04T21:43:29.258+0300][123,188s][info][gc] GC(877) Concurrent cleanup 431M->265M(512M) 0,137ms
[2020-11-04T21:43:29.276+0300][123,206s][info][gc] Trigger: Average GC time (130,02 ms) is above the time for allocation rate (1149 MB/s) to deplete free headroom (147M)
[2020-11-04T21:43:29.276+0300][123,206s][info][gc] GC(878) Concurrent reset 0,578ms
[2020-11-04T21:43:29.277+0300][123,207s][info][gc] GC(878) Pause Init Mark (unload classes) 0,119ms
[2020-11-04T21:43:29.344+0300][123,274s][info][gc] GC(878) Concurrent marking (unload classes) 66,904ms
[2020-11-04T21:43:29.345+0300][123,274s][info][gc] GC(878) Pause Final Mark (unload classes) 0,451ms
[2020-11-04T21:43:29.345+0300][123,275s][info][gc] GC(878) Concurrent weak roots 0,379ms
[2020-11-04T21:43:29.345+0300][123,275s][info][gc] GC(878) Concurrent cleanup 336M->336M(512M) 0,040ms
[2020-11-04T21:43:29.346+0300][123,276s][info][gc] GC(878) Concurrent class unloading 0,787ms
[2020-11-04T21:43:29.346+0300][123,276s][info][gc] GC(878) Concurrent strong roots 0,078ms
[2020-11-04T21:43:29.350+0300][123,279s][info][gc] GC(878) Concurrent evacuation 3,559ms
[2020-11-04T21:43:29.350+0300][123,280s][info][gc] GC(878) Pause Init Update Refs 0,028ms
[2020-11-04T21:43:29.383+0300][123,313s][info][gc] GC(878) Concurrent update references 33,288ms
[2020-11-04T21:43:29.384+0300][123,314s][info][gc] GC(878) Pause Final Update Refs 0,168ms
[2020-11-04T21:43:29.384+0300][123,314s][info][gc] GC(878) Concurrent cleanup 415M->271M(512M) 0,112ms
[2020-11-04T21:43:29.401+0300][123,331s][info][gc] Trigger: Average GC time (127,41 ms) is above the time for allocation rate (1147 MB/s) to deplete free headroom (144M)
[2020-11-04T21:43:29.402+0300][123,331s][info][gc] GC(879) Concurrent reset 0,571ms
[2020-11-04T21:43:29.402+0300][123,332s][info][gc] GC(879) Pause Init Mark (unload classes) 0,094ms
[2020-11-04T21:43:29.472+0300][123,402s][info][gc] GC(879) Concurrent marking (unload classes) 69,960ms
[2020-11-04T21:43:29.473+0300][123,402s][info][gc] GC(879) Pause Final Mark (unload classes) 0,371ms
[2020-11-04T21:43:29.473+0300][123,403s][info][gc] GC(879) Concurrent weak roots 0,448ms
[2020-11-04T21:43:29.473+0300][123,403s][info][gc] GC(879) Concurrent cleanup 337M->337M(512M) 0,039ms
[2020-11-04T21:43:29.474+0300][123,404s][info][gc] GC(879) Concurrent class unloading 0,929ms
[2020-11-04T21:43:29.474+0300][123,404s][info][gc] GC(879) Concurrent strong roots 0,102ms
[2020-11-04T21:43:29.478+0300][123,408s][info][gc] GC(879) Concurrent evacuation 3,478ms
[2020-11-04T21:43:29.478+0300][123,408s][info][gc] GC(879) Pause Init Update Refs 0,017ms
[2020-11-04T21:43:29.514+0300][123,443s][info][gc] GC(879) Concurrent update references 35,431ms
[2020-11-04T21:43:29.514+0300][123,444s][info][gc] GC(879) Pause Final Update Refs 0,134ms
[2020-11-04T21:43:29.514+0300][123,444s][info][gc] GC(879) Concurrent cleanup 417M->274M(512M) 0,083ms
[2020-11-04T21:43:29.533+0300][123,463s][info][gc] Trigger: Average GC time (123,93 ms) is above the time for allocation rate (1118 MB/s) to deplete free headroom (135M)
[2020-11-04T21:43:29.534+0300][123,464s][info][gc] GC(880) Concurrent reset 0,540ms
[2020-11-04T21:43:29.534+0300][123,464s][info][gc] GC(880) Pause Init Mark (process weakrefs) (unload classes) 0,156ms
[2020-11-04T21:43:29.612+0300][123,542s][info][gc] GC(880) Concurrent marking (process weakrefs) (unload classes) 77,463ms
[2020-11-04T21:43:29.612+0300][123,542s][info][gc] GC(880) Concurrent precleaning 0,119ms
[2020-11-04T21:43:29.613+0300][123,543s][info][gc] GC(880) Pause Final Mark (process weakrefs) (unload classes) 0,544ms
[2020-11-04T21:43:29.613+0300][123,543s][info][gc] GC(880) Concurrent weak roots 0,432ms
[2020-11-04T21:43:29.613+0300][123,543s][info][gc] GC(880) Concurrent cleanup 347M->347M(512M) 0,039ms
[2020-11-04T21:43:29.614+0300][123,544s][info][gc] GC(880) Concurrent class unloading 0,792ms
[2020-11-04T21:43:29.614+0300][123,544s][info][gc] GC(880) Concurrent strong roots 0,099ms
[2020-11-04T21:43:29.618+0300][123,548s][info][gc] GC(880) Concurrent evacuation 3,574ms
[2020-11-04T21:43:29.618+0300][123,548s][info][gc] GC(880) Pause Init Update Refs 0,028ms
[2020-11-04T21:43:29.654+0300][123,584s][info][gc] GC(880) Concurrent update references 35,473ms
[2020-11-04T21:43:29.654+0300][123,584s][info][gc] GC(880) Pause Final Update Refs 0,170ms
[2020-11-04T21:43:29.655+0300][123,584s][info][gc] GC(880) Concurrent cleanup 429M->282M(512M) 0,108ms
[2020-11-04T21:43:29.675+0300][123,605s][info][gc] Trigger: Average GC time (119,11 ms) is above the time for allocation rate (1084 MB/s) to deplete free headroom (125M)
[2020-11-04T21:43:29.675+0300][123,605s][info][gc] GC(881) Concurrent reset 0,657ms
[2020-11-04T21:43:29.676+0300][123,606s][info][gc] GC(881) Pause Init Mark (unload classes) 0,111ms
[2020-11-04T21:43:29.755+0300][123,685s][info][gc] GC(881) Concurrent marking (unload classes) 78,955ms
[2020-11-04T21:43:29.756+0300][123,685s][info][gc] GC(881) Pause Final Mark (unload classes) 0,423ms
[2020-11-04T21:43:29.756+0300][123,686s][info][gc] GC(881) Concurrent weak roots 0,437ms
[2020-11-04T21:43:29.756+0300][123,686s][info][gc] GC(881) Concurrent cleanup 356M->356M(512M) 0,035ms
[2020-11-04T21:43:29.757+0300][123,687s][info][gc] GC(881) Concurrent class unloading 0,970ms
[2020-11-04T21:43:29.757+0300][123,687s][info][gc] GC(881) Concurrent strong roots 0,082ms
[2020-11-04T21:43:29.761+0300][123,691s][info][gc] GC(881) Concurrent evacuation 4,065ms
[2020-11-04T21:43:29.762+0300][123,691s][info][gc] GC(881) Pause Init Update Refs 0,016ms
[2020-11-04T21:43:29.801+0300][123,731s][info][gc] GC(881) Concurrent update references 39,344ms
[2020-11-04T21:43:29.801+0300][123,731s][info][gc] GC(881) Pause Final Update Refs 0,147ms
[2020-11-04T21:43:29.801+0300][123,731s][info][gc] GC(881) Concurrent cleanup 425M->270M(512M) 0,066ms
[2020-11-04T21:43:29.829+0300][123,759s][info][gc] Trigger: Average GC time (115,31 ms) is above the time for allocation rate (1023 MB/s) to deplete free headroom (117M)
[2020-11-04T21:43:29.830+0300][123,760s][info][gc] GC(882) Concurrent reset 0,610ms
[2020-11-04T21:43:29.830+0300][123,760s][info][gc] GC(882) Pause Init Mark (unload classes) 0,132ms
[2020-11-04T21:43:29.910+0300][123,840s][info][gc] GC(882) Concurrent marking (unload classes) 79,547ms
[2020-11-04T21:43:29.910+0300][123,840s][info][gc] GC(882) Pause Final Mark (unload classes) 0,444ms
[2020-11-04T21:43:29.911+0300][123,841s][info][gc] GC(882) Concurrent weak roots 0,362ms
[2020-11-04T21:43:29.911+0300][123,841s][info][gc] GC(882) Concurrent cleanup 363M->363M(512M) 0,037ms
[2020-11-04T21:43:29.912+0300][123,842s][info][gc] GC(882) Concurrent class unloading 0,918ms
[2020-11-04T21:43:29.912+0300][123,842s][info][gc] GC(882) Concurrent strong roots 0,126ms
[2020-11-04T21:43:29.916+0300][123,846s][info][gc] GC(882) Concurrent evacuation 4,331ms
[2020-11-04T21:43:29.917+0300][123,847s][info][gc] GC(882) Pause Init Update Refs 0,019ms
[2020-11-04T21:43:29.958+0300][123,888s][info][gc] GC(882) Concurrent update references 41,659ms
[2020-11-04T21:43:29.959+0300][123,889s][info][gc] GC(882) Pause Final Update Refs 0,151ms
[2020-11-04T21:43:29.959+0300][123,889s][info][gc] GC(882) Concurrent cleanup 426M->268M(512M) 0,093ms
[2020-11-04T21:43:29.988+0300][123,918s][info][gc] Trigger: Average GC time (119,86 ms) is above the time for allocation rate (971 MB/s) to deplete free headroom (115M)
[2020-11-04T21:43:29.988+0300][123,918s][info][gc] GC(883) Concurrent reset 0,583ms
[2020-11-04T21:43:29.989+0300][123,919s][info][gc] GC(883) Pause Init Mark (unload classes) 0,103ms
[2020-11-04T21:43:30.070+0300][123,999s][info][gc] GC(883) Concurrent marking (unload classes) 80,760ms
[2020-11-04T21:43:30.070+0300][124,000s][info][gc] GC(883) Pause Final Mark (unload classes) 0,366ms
[2020-11-04T21:43:30.071+0300][124,001s][info][gc] GC(883) Concurrent weak roots 0,447ms
[2020-11-04T21:43:30.071+0300][124,001s][info][gc] GC(883) Concurrent cleanup 363M->363M(512M) 0,033ms
[2020-11-04T21:43:30.072+0300][124,002s][info][gc] GC(883) Concurrent class unloading 0,921ms
[2020-11-04T21:43:30.072+0300][124,002s][info][gc] GC(883) Concurrent strong roots 0,062ms
[2020-11-04T21:43:30.076+0300][124,006s][info][gc] GC(883) Concurrent evacuation 4,146ms
[2020-11-04T21:43:30.076+0300][124,006s][info][gc] GC(883) Pause Init Update Refs 0,040ms
[2020-11-04T21:43:30.114+0300][124,044s][info][gc] GC(883) Concurrent update references 37,651ms
[2020-11-04T21:43:30.115+0300][124,044s][info][gc] GC(883) Pause Final Update Refs 0,164ms
[2020-11-04T21:43:30.115+0300][124,045s][info][gc] GC(883) Concurrent cleanup 450M->296M(512M) 0,102ms
[2020-11-04T21:43:30.131+0300][124,060s][info][gc] Trigger: Average GC time (123,61 ms) is above the time for allocation rate (1005 MB/s) to deplete free headroom (121M)
[2020-11-04T21:43:30.131+0300][124,061s][info][gc] GC(884) Concurrent reset 0,580ms
[2020-11-04T21:43:30.132+0300][124,062s][info][gc] GC(884) Pause Init Mark (unload classes) 0,104ms
[2020-11-04T21:43:30.207+0300][124,137s][info][gc] GC(884) Concurrent marking (unload classes) 75,345ms
[2020-11-04T21:43:30.208+0300][124,138s][info][gc] GC(884) Pause Final Mark (unload classes) 0,364ms
[2020-11-04T21:43:30.208+0300][124,138s][info][gc] GC(884) Concurrent weak roots 0,433ms
[2020-11-04T21:43:30.208+0300][124,138s][info][gc] GC(884) Concurrent cleanup 358M->358M(512M) 0,036ms
[2020-11-04T21:43:30.209+0300][124,139s][info][gc] GC(884) Concurrent class unloading 0,868ms
[2020-11-04T21:43:30.209+0300][124,139s][info][gc] GC(884) Concurrent strong roots 0,085ms
[2020-11-04T21:43:30.213+0300][124,143s][info][gc] GC(884) Concurrent evacuation 3,613ms
[2020-11-04T21:43:30.213+0300][124,143s][info][gc] GC(884) Pause Init Update Refs 0,017ms
[2020-11-04T21:43:30.251+0300][124,181s][info][gc] GC(884) Concurrent update references 37,612ms
[2020-11-04T21:43:30.252+0300][124,181s][info][gc] GC(884) Pause Final Update Refs 0,202ms
[2020-11-04T21:43:30.252+0300][124,181s][info][gc] GC(884) Concurrent cleanup 449M->305M(512M) 0,078ms
[2020-11-04T21:43:30.263+0300][124,193s][info][gc] Trigger: Average GC time (125,17 ms) is above the time for allocation rate (1027 MB/s) to deplete free headroom (125M)
[2020-11-04T21:43:30.264+0300][124,194s][info][gc] GC(885) Concurrent reset 0,557ms
[2020-11-04T21:43:30.265+0300][124,194s][info][gc] GC(885) Pause Init Mark (process weakrefs) (unload classes) 0,282ms
[2020-11-04T21:43:30.350+0300][124,280s][info][gc] GC(885) Concurrent marking (process weakrefs) (unload classes) 85,617ms
[2020-11-04T21:43:30.350+0300][124,280s][info][gc] GC(885) Concurrent precleaning 0,101ms
[2020-11-04T21:43:30.351+0300][124,281s][info][gc] GC(885) Pause Final Mark (process weakrefs) (unload classes) 0,775ms
[2020-11-04T21:43:30.352+0300][124,282s][info][gc] GC(885) Concurrent weak roots 0,379ms
[2020-11-04T21:43:30.352+0300][124,282s][info][gc] GC(885) Concurrent cleanup 355M->355M(512M) 0,036ms
[2020-11-04T21:43:30.353+0300][124,283s][info][gc] GC(885) Concurrent class unloading 1,021ms
[2020-11-04T21:43:30.353+0300][124,283s][info][gc] GC(885) Concurrent strong roots 0,142ms
[2020-11-04T21:43:30.357+0300][124,287s][info][gc] GC(885) Concurrent evacuation 3,662ms
[2020-11-04T21:43:30.357+0300][124,287s][info][gc] GC(885) Pause Init Update Refs 0,015ms
[2020-11-04T21:43:30.400+0300][124,330s][info][gc] GC(885) Concurrent update references 43,343ms
[2020-11-04T21:43:30.401+0300][124,331s][info][gc] GC(885) Pause Final Update Refs 0,301ms
[2020-11-04T21:43:30.401+0300][124,331s][info][gc] GC(885) Concurrent cleanup 424M->287M(512M) 0,089ms
[2020-11-04T21:43:30.424+0300][124,354s][info][gc] Trigger: Average GC time (128,44 ms) is above the time for allocation rate (888 MB/s) to deplete free headroom (114M)
[2020-11-04T21:43:30.425+0300][124,355s][info][gc] GC(886) Concurrent reset 0,592ms
[2020-11-04T21:43:30.426+0300][124,355s][info][gc] GC(886) Pause Init Mark (unload classes) 0,218ms
[2020-11-04T21:43:30.500+0300][124,430s][info][gc] GC(886) Concurrent marking (unload classes) 74,126ms
[2020-11-04T21:43:30.501+0300][124,431s][info][gc] GC(886) Pause Final Mark (unload classes) 0,733ms
[2020-11-04T21:43:30.501+0300][124,431s][info][gc] GC(886) Concurrent weak roots 0,406ms
[2020-11-04T21:43:30.501+0300][124,431s][info][gc] GC(886) Concurrent cleanup 364M->364M(512M) 0,031ms
[2020-11-04T21:43:30.502+0300][124,432s][info][gc] GC(886) Concurrent class unloading 0,960ms
[2020-11-04T21:43:30.502+0300][124,432s][info][gc] GC(886) Concurrent strong roots 0,118ms
[2020-11-04T21:43:30.506+0300][124,436s][info][gc] GC(886) Concurrent evacuation 3,547ms
[2020-11-04T21:43:30.506+0300][124,436s][info][gc] GC(886) Pause Init Update Refs 0,013ms
[2020-11-04T21:43:30.562+0300][124,492s][info][gc] GC(886) Concurrent update references 55,492ms
[2020-11-04T21:43:30.562+0300][124,492s][info][gc] GC(886) Pause Final Update Refs 0,130ms
[2020-11-04T21:43:30.562+0300][124,492s][info][gc] GC(886) Concurrent cleanup 478M->335M(512M) 0,111ms
[2020-11-04T21:43:30.564+0300][124,494s][info][gc] Trigger: Average GC time (130,65 ms) is above the time for allocation rate (942 MB/s) to deplete free headroom (120M)
[2020-11-04T21:43:30.565+0300][124,495s][info][gc] GC(887) Concurrent reset 0,525ms
[2020-11-04T21:43:30.565+0300][124,495s][info][gc] GC(887) Pause Init Mark (unload classes) 0,089ms
[2020-11-04T21:43:30.653+0300][124,582s][info][gc] GC(887) Concurrent marking (unload classes) 87,180ms
[2020-11-04T21:43:30.653+0300][124,583s][info][gc] GC(887) Pause Final Mark (unload classes) 0,707ms
[2020-11-04T21:43:30.654+0300][124,584s][info][gc] GC(887) Concurrent weak roots 0,462ms
[2020-11-04T21:43:30.654+0300][124,584s][info][gc] GC(887) Concurrent cleanup 359M->359M(512M) 0,037ms
[2020-11-04T21:43:30.655+0300][124,585s][info][gc] GC(887) Concurrent class unloading 0,875ms
[2020-11-04T21:43:30.655+0300][124,585s][info][gc] GC(887) Concurrent strong roots 0,060ms
[2020-11-04T21:43:30.659+0300][124,589s][info][gc] GC(887) Concurrent evacuation 4,312ms
[2020-11-04T21:43:30.660+0300][124,589s][info][gc] GC(887) Pause Init Update Refs 0,015ms
[2020-11-04T21:43:30.700+0300][124,630s][info][gc] GC(887) Concurrent update references 40,402ms
[2020-11-04T21:43:30.701+0300][124,630s][info][gc] GC(887) Pause Final Update Refs 0,369ms
[2020-11-04T21:43:30.701+0300][124,631s][info][gc] GC(887) Concurrent cleanup 455M->323M(512M) 0,096ms
[2020-11-04T21:43:30.708+0300][124,638s][info][gc] Trigger: Average GC time (131,94 ms) is above the time for allocation rate (919 MB/s) to deplete free headroom (117M)
[2020-11-04T21:43:30.709+0300][124,639s][info][gc] GC(888) Concurrent reset 0,649ms
[2020-11-04T21:43:30.709+0300][124,639s][info][gc] GC(888) Pause Init Mark (unload classes) 0,154ms
[2020-11-04T21:43:30.786+0300][124,716s][info][gc] GC(888) Concurrent marking (unload classes) 76,886ms
[2020-11-04T21:43:30.787+0300][124,717s][info][gc] GC(888) Pause Final Mark (unload classes) 0,389ms
[2020-11-04T21:43:30.788+0300][124,717s][info][gc] GC(888) Concurrent weak roots 0,471ms
[2020-11-04T21:43:30.788+0300][124,717s][info][gc] GC(888) Concurrent cleanup 361M->361M(512M) 0,038ms
[2020-11-04T21:43:30.789+0300][124,718s][info][gc] GC(888) Concurrent class unloading 1,050ms
[2020-11-04T21:43:30.789+0300][124,719s][info][gc] GC(888) Concurrent strong roots 0,054ms
[2020-11-04T21:43:30.793+0300][124,723s][info][gc] GC(888) Concurrent evacuation 4,224ms
[2020-11-04T21:43:30.793+0300][124,723s][info][gc] GC(888) Pause Init Update Refs 0,031ms
[2020-11-04T21:43:30.835+0300][124,765s][info][gc] GC(888) Concurrent update references 41,416ms
[2020-11-04T21:43:30.835+0300][124,765s][info][gc] GC(888) Pause Final Update Refs 0,145ms
[2020-11-04T21:43:30.835+0300][124,765s][info][gc] GC(888) Concurrent cleanup 458M->326M(512M) 0,079ms
[2020-11-04T21:43:30.840+0300][124,769s][info][gc] Trigger: Average GC time (131,94 ms) is above the time for allocation rate (936 MB/s) to deplete free headroom (122M)
[2020-11-04T21:43:30.840+0300][124,770s][info][gc] GC(889) Concurrent reset 0,614ms
[2020-11-04T21:43:30.841+0300][124,770s][info][gc] GC(889) Pause Init Mark (unload classes) 0,119ms
[2020-11-04T21:43:30.915+0300][124,845s][info][gc] GC(889) Concurrent marking (unload classes) 74,388ms
[2020-11-04T21:43:30.916+0300][124,845s][info][gc] GC(889) Pause Final Mark (unload classes) 0,413ms
[2020-11-04T21:43:30.916+0300][124,846s][info][gc] GC(889) Concurrent weak roots 0,424ms
[2020-11-04T21:43:30.916+0300][124,846s][info][gc] GC(889) Concurrent cleanup 357M->357M(512M) 0,036ms
[2020-11-04T21:43:30.918+0300][124,847s][info][gc] GC(889) Concurrent class unloading 1,325ms
[2020-11-04T21:43:30.918+0300][124,848s][info][gc] GC(889) Concurrent strong roots 0,151ms
[2020-11-04T21:43:30.921+0300][124,851s][info][gc] GC(889) Concurrent evacuation 2,985ms
[2020-11-04T21:43:30.921+0300][124,851s][info][gc] GC(889) Pause Init Update Refs 0,024ms
[2020-11-04T21:43:30.968+0300][124,898s][info][gc] GC(889) Concurrent update references 46,884ms
[2020-11-04T21:43:30.968+0300][124,898s][info][gc] GC(889) Pause Final Update Refs 0,199ms
[2020-11-04T21:43:30.969+0300][124,898s][info][gc] GC(889) Concurrent cleanup 438M->315M(512M) 0,096ms
[2020-11-04T21:43:30.982+0300][124,912s][info][gc] Trigger: Average GC time (133,54 ms) is above the time for allocation rate (879 MB/s) to deplete free headroom (116M)
[2020-11-04T21:43:30.983+0300][124,913s][info][gc] GC(890) Concurrent reset 0,634ms
[2020-11-04T21:43:30.983+0300][124,913s][info][gc] GC(890) Pause Init Mark (process weakrefs) (unload classes) 0,104ms
[2020-11-04T21:43:31.073+0300][125,003s][info][gc] GC(890) Concurrent marking (process weakrefs) (unload classes) 89,293ms
[2020-11-04T21:43:31.073+0300][125,003s][info][gc] GC(890) Concurrent precleaning 0,185ms
[2020-11-04T21:43:31.074+0300][125,004s][info][gc] GC(890) Pause Final Mark (process weakrefs) (unload classes) 0,539ms
[2020-11-04T21:43:31.074+0300][125,004s][info][gc] GC(890) Concurrent weak roots 0,398ms
[2020-11-04T21:43:31.074+0300][125,004s][info][gc] GC(890) Concurrent cleanup 363M->363M(512M) 0,033ms
[2020-11-04T21:43:31.075+0300][125,005s][info][gc] GC(890) Concurrent class unloading 0,932ms
[2020-11-04T21:43:31.075+0300][125,005s][info][gc] GC(890) Concurrent strong roots 0,073ms
[2020-11-04T21:43:31.079+0300][125,008s][info][gc] GC(890) Concurrent evacuation 3,102ms
[2020-11-04T21:43:31.079+0300][125,009s][info][gc] GC(890) Pause Init Update Refs 0,027ms
[2020-11-04T21:43:31.127+0300][125,057s][info][gc] GC(890) Concurrent update references 48,377ms
[2020-11-04T21:43:31.128+0300][125,058s][info][gc] GC(890) Pause Final Update Refs 0,276ms
[2020-11-04T21:43:31.128+0300][125,058s][info][gc] GC(890) Concurrent cleanup 435M->309M(512M) 0,082ms
[2020-11-04T21:43:31.145+0300][125,075s][info][gc] Trigger: Average GC time (135,11 ms) is above the time for allocation rate (814 MB/s) to deplete free headroom (106M)
[2020-11-04T21:43:31.146+0300][125,075s][info][gc] GC(891) Concurrent reset 0,601ms
[2020-11-04T21:43:31.146+0300][125,076s][info][gc] GC(891) Pause Init Mark (unload classes) 0,120ms
[2020-11-04T21:43:31.227+0300][125,156s][info][gc] GC(891) Concurrent marking (unload classes) 80,583ms
[2020-11-04T21:43:31.227+0300][125,157s][info][gc] GC(891) Pause Final Mark (unload classes) 0,427ms
[2020-11-04T21:43:31.228+0300][125,158s][info][gc] GC(891) Concurrent weak roots 0,561ms
[2020-11-04T21:43:31.228+0300][125,158s][info][gc] GC(891) Concurrent cleanup 372M->372M(512M) 0,035ms
[2020-11-04T21:43:31.229+0300][125,159s][info][gc] GC(891) Concurrent class unloading 1,287ms
[2020-11-04T21:43:31.229+0300][125,159s][info][gc] GC(891) Concurrent strong roots 0,161ms
[2020-11-04T21:43:31.234+0300][125,164s][info][gc] GC(891) Concurrent evacuation 4,260ms
[2020-11-04T21:43:31.234+0300][125,164s][info][gc] GC(891) Pause Init Update Refs 0,015ms
[2020-11-04T21:43:31.282+0300][125,212s][info][gc] GC(891) Concurrent update references 47,961ms
[2020-11-04T21:43:31.283+0300][125,212s][info][gc] GC(891) Pause Final Update Refs 0,227ms
[2020-11-04T21:43:31.283+0300][125,213s][info][gc] GC(891) Concurrent cleanup 454M->322M(512M) 0,095ms
[2020-11-04T21:43:31.293+0300][125,223s][info][gc] Trigger: Average GC time (135,11 ms) is above the time for allocation rate (843 MB/s) to deplete free headroom (109M)
[2020-11-04T21:43:31.294+0300][125,224s][info][gc] GC(892) Concurrent reset 0,663ms
[2020-11-04T21:43:31.294+0300][125,224s][info][gc] GC(892) Pause Init Mark (unload classes) 0,153ms
[2020-11-04T21:43:31.421+0300][125,350s][info][gc] GC(892) Concurrent marking (unload classes) 126,128ms
[2020-11-04T21:43:31.421+0300][125,351s][info][gc] GC(892) Pause Final Mark (unload classes) 0,373ms
[2020-11-04T21:43:31.422+0300][125,352s][info][gc] GC(892) Concurrent weak roots 0,472ms
[2020-11-04T21:43:31.422+0300][125,352s][info][gc] GC(892) Concurrent cleanup 369M->369M(512M) 0,035ms
[2020-11-04T21:43:31.423+0300][125,352s][info][gc] GC(892) Concurrent class unloading 0,866ms
[2020-11-04T21:43:31.423+0300][125,353s][info][gc] GC(892) Concurrent strong roots 0,103ms
[2020-11-04T21:43:31.426+0300][125,356s][info][gc] GC(892) Concurrent evacuation 3,528ms
[2020-11-04T21:43:31.427+0300][125,356s][info][gc] GC(892) Pause Init Update Refs 0,014ms
[2020-11-04T21:43:31.472+0300][125,402s][info][gc] GC(892) Concurrent update references 45,180ms
[2020-11-04T21:43:31.472+0300][125,402s][info][gc] GC(892) Pause Final Update Refs 0,129ms
[2020-11-04T21:43:31.472+0300][125,402s][info][gc] GC(892) Concurrent cleanup 462M->337M(512M) 0,105ms
[2020-11-04T21:43:31.491+0300][125,421s][info][gc] Trigger: Average GC time (143,61 ms) is above the time for allocation rate (679 MB/s) to deplete free headroom (98842K)
[2020-11-04T21:43:31.492+0300][125,422s][info][gc] GC(893) Concurrent reset 0,619ms
[2020-11-04T21:43:31.492+0300][125,422s][info][gc] GC(893) Pause Init Mark (unload classes) 0,102ms
[2020-11-04T21:43:31.544+0300][125,474s][info][gc] GC(893) Concurrent marking (unload classes) 51,438ms
[2020-11-04T21:43:31.545+0300][125,475s][info][gc] GC(893) Pause Final Mark (unload classes) 0,830ms
[2020-11-04T21:43:31.546+0300][125,475s][info][gc] GC(893) Concurrent weak roots 0,424ms
[2020-11-04T21:43:31.546+0300][125,476s][info][gc] GC(893) Concurrent cleanup 380M->376M(512M) 0,037ms
[2020-11-04T21:43:31.547+0300][125,477s][info][gc] GC(893) Concurrent class unloading 1,050ms
[2020-11-04T21:43:31.547+0300][125,477s][info][gc] GC(893) Concurrent strong roots 0,117ms
[2020-11-04T21:43:31.549+0300][125,479s][info][gc] GC(893) Concurrent evacuation 2,359ms
[2020-11-04T21:43:31.550+0300][125,479s][info][gc] GC(893) Pause Init Update Refs 0,017ms
[2020-11-04T21:43:31.573+0300][125,503s][info][gc] GC(893) Concurrent update references 23,206ms
[2020-11-04T21:43:31.573+0300][125,503s][info][gc] GC(893) Pause Final Update Refs 0,184ms
[2020-11-04T21:43:31.573+0300][125,503s][info][gc] GC(893) Concurrent cleanup 431M->202M(512M) 0,096ms
[2020-11-04T21:43:31.604+0300][125,534s][info][gc] Trigger: Average GC time (134,63 ms) is above the time for allocation rate (1329 MB/s) to deplete free headroom (176M)
[2020-11-04T21:43:31.605+0300][125,535s][info][gc] GC(894) Concurrent reset 0,645ms
[2020-11-04T21:43:31.605+0300][125,535s][info][gc] GC(894) Pause Init Mark (unload classes) 0,248ms
[2020-11-04T21:43:31.654+0300][125,583s][info][gc] GC(894) Concurrent marking (unload classes) 48,112ms
[2020-11-04T21:43:31.654+0300][125,584s][info][gc] GC(894) Pause Final Mark (unload classes) 0,751ms
[2020-11-04T21:43:31.655+0300][125,585s][info][gc] GC(894) Concurrent weak roots 0,505ms
[2020-11-04T21:43:31.655+0300][125,585s][info][gc] GC(894) Concurrent cleanup 309M->309M(512M) 0,042ms
[2020-11-04T21:43:31.656+0300][125,586s][info][gc] GC(894) Concurrent class unloading 0,994ms
[2020-11-04T21:43:31.656+0300][125,586s][info][gc] GC(894) Concurrent strong roots 0,080ms
[2020-11-04T21:43:31.661+0300][125,590s][info][gc] GC(894) Concurrent evacuation 4,306ms
[2020-11-04T21:43:31.661+0300][125,591s][info][gc] GC(894) Pause Init Update Refs 0,020ms
[2020-11-04T21:43:31.686+0300][125,616s][info][gc] GC(894) Concurrent update references 25,215ms
[2020-11-04T21:43:31.687+0300][125,616s][info][gc] GC(894) Pause Final Update Refs 0,147ms
[2020-11-04T21:43:31.687+0300][125,617s][info][gc] GC(894) Concurrent cleanup 370M->219M(512M) 0,064ms
[2020-11-04T21:43:31.713+0300][125,643s][info][gc] Trigger: Average GC time (125,36 ms) is above the time for allocation rate (1385 MB/s) to deplete free headroom (171M)
[2020-11-04T21:43:31.714+0300][125,644s][info][gc] GC(895) Concurrent reset 0,518ms
[2020-11-04T21:43:31.714+0300][125,644s][info][gc] GC(895) Pause Init Mark (process weakrefs) (unload classes) 0,233ms
[2020-11-04T21:43:31.801+0300][125,731s][info][gc] GC(895) Concurrent marking (process weakrefs) (unload classes) 86,499ms
[2020-11-04T21:43:31.801+0300][125,731s][info][gc] GC(895) Concurrent precleaning 0,162ms
[2020-11-04T21:43:31.804+0300][125,733s][info][gc] GC(895) Pause Final Mark (process weakrefs) (unload classes) 0,722ms
[2020-11-04T21:43:31.804+0300][125,734s][info][gc] GC(895) Concurrent weak roots 0,383ms
[2020-11-04T21:43:31.804+0300][125,734s][info][gc] GC(895) Concurrent cleanup 315M->315M(512M) 0,037ms
[2020-11-04T21:43:31.805+0300][125,735s][info][gc] GC(895) Concurrent class unloading 0,879ms
[2020-11-04T21:43:31.805+0300][125,735s][info][gc] GC(895) Concurrent strong roots 0,117ms
[2020-11-04T21:43:31.809+0300][125,739s][info][gc] GC(895) Concurrent evacuation 3,916ms
[2020-11-04T21:43:31.810+0300][125,739s][info][gc] GC(895) Pause Init Update Refs 0,022ms
[2020-11-04T21:43:31.843+0300][125,773s][info][gc] GC(895) Concurrent update references 33,231ms
[2020-11-04T21:43:31.843+0300][125,773s][info][gc] GC(895) Pause Final Update Refs 0,169ms
[2020-11-04T21:43:31.844+0300][125,773s][info][gc] GC(895) Concurrent cleanup 395M->245M(512M) 0,100ms
[2020-11-04T21:43:31.873+0300][125,803s][info][gc] Trigger: Average GC time (122,29 ms) is above the time for allocation rate (1131 MB/s) to deplete free headroom (136M)
[2020-11-04T21:43:31.874+0300][125,804s][info][gc] GC(896) Concurrent reset 0,510ms
[2020-11-04T21:43:31.874+0300][125,804s][info][gc] GC(896) Pause Init Mark (unload classes) 0,130ms
[2020-11-04T21:43:31.931+0300][125,860s][info][gc] GC(896) Concurrent marking (unload classes) 56,393ms
[2020-11-04T21:43:31.932+0300][125,861s][info][gc] GC(896) Pause Final Mark (unload classes) 0,780ms
[2020-11-04T21:43:31.932+0300][125,862s][info][gc] GC(896) Concurrent weak roots 0,508ms
[2020-11-04T21:43:31.932+0300][125,862s][info][gc] GC(896) Concurrent cleanup 345M->345M(512M) 0,044ms
[2020-11-04T21:43:31.933+0300][125,863s][info][gc] GC(896) Concurrent class unloading 0,890ms
[2020-11-04T21:43:31.933+0300][125,863s][info][gc] GC(896) Concurrent strong roots 0,068ms
[2020-11-04T21:43:31.939+0300][125,869s][info][gc] GC(896) Concurrent evacuation 5,760ms
[2020-11-04T21:43:31.939+0300][125,869s][info][gc] GC(896) Pause Init Update Refs 0,016ms
[2020-11-04T21:43:31.967+0300][125,897s][info][gc] GC(896) Concurrent update references 27,276ms
[2020-11-04T21:43:31.967+0300][125,897s][info][gc] GC(896) Pause Final Update Refs 0,313ms
[2020-11-04T21:43:31.968+0300][125,897s][info][gc] GC(896) Concurrent cleanup 419M->238M(512M) 0,108ms
[2020-11-04T21:43:31.995+0300][125,925s][info][gc] Trigger: Average GC time (113,63 ms) is above the time for allocation rate (1338 MB/s) to deplete free headroom (149M)
[2020-11-04T21:43:31.996+0300][125,926s][info][gc] GC(897) Concurrent reset 0,646ms
[2020-11-04T21:43:31.996+0300][125,926s][info][gc] GC(897) Pause Init Mark (unload classes) 0,186ms
[2020-11-04T21:43:32.052+0300][125,982s][info][gc] GC(897) Concurrent marking (unload classes) 55,410ms
[2020-11-04T21:43:32.053+0300][125,983s][info][gc] GC(897) Pause Final Mark (unload classes) 0,496ms
[2020-11-04T21:43:32.053+0300][125,983s][info][gc] GC(897) Concurrent weak roots 0,514ms
[2020-11-04T21:43:32.053+0300][125,983s][info][gc] GC(897) Concurrent cleanup 335M->335M(512M) 0,036ms
[2020-11-04T21:43:32.054+0300][125,984s][info][gc] GC(897) Concurrent class unloading 0,845ms
[2020-11-04T21:43:32.054+0300][125,984s][info][gc] GC(897) Concurrent strong roots 0,060ms
[2020-11-04T21:43:32.059+0300][125,989s][info][gc] GC(897) Concurrent evacuation 4,468ms
[2020-11-04T21:43:32.059+0300][125,989s][info][gc] GC(897) Pause Init Update Refs 0,011ms
[2020-11-04T21:43:32.088+0300][126,017s][info][gc] GC(897) Concurrent update references 28,315ms
[2020-11-04T21:43:32.088+0300][126,018s][info][gc] GC(897) Pause Final Update Refs 0,175ms
[2020-11-04T21:43:32.088+0300][126,018s][info][gc] GC(897) Concurrent cleanup 405M->242M(512M) 0,098ms
[2020-11-04T21:43:32.120+0300][126,050s][info][gc] Trigger: Average GC time (96,42 ms) is above the time for allocation rate (1398 MB/s) to deplete free headroom (133M)
[2020-11-04T21:43:32.121+0300][126,051s][info][gc] GC(898) Concurrent reset 0,628ms
[2020-11-04T21:43:32.121+0300][126,051s][info][gc] GC(898) Pause Init Mark (unload classes) 0,113ms
[2020-11-04T21:43:32.183+0300][126,113s][info][gc] GC(898) Concurrent marking (unload classes) 62,154ms
[2020-11-04T21:43:32.184+0300][126,114s][info][gc] GC(898) Pause Final Mark (unload classes) 0,348ms
[2020-11-04T21:43:32.184+0300][126,114s][info][gc] GC(898) Concurrent weak roots 0,428ms
[2020-11-04T21:43:32.185+0300][126,114s][info][gc] GC(898) Concurrent cleanup 347M->347M(512M) 0,051ms
[2020-11-04T21:43:32.185+0300][126,115s][info][gc] GC(898) Concurrent class unloading 0,750ms
[2020-11-04T21:43:32.185+0300][126,115s][info][gc] GC(898) Concurrent strong roots 0,065ms
[2020-11-04T21:43:32.190+0300][126,120s][info][gc] GC(898) Concurrent evacuation 4,325ms
[2020-11-04T21:43:32.190+0300][126,120s][info][gc] GC(898) Pause Init Update Refs 0,015ms
[2020-11-04T21:43:32.223+0300][126,153s][info][gc] GC(898) Concurrent update references 32,786ms
[2020-11-04T21:43:32.224+0300][126,153s][info][gc] GC(898) Pause Final Update Refs 0,223ms
[2020-11-04T21:43:32.224+0300][126,154s][info][gc] GC(898) Concurrent cleanup 401M->227M(512M) 0,119ms
[2020-11-04T21:43:32.268+0300][126,198s][info][gc] Trigger: Average GC time (100,75 ms) is above the time for allocation rate (1230 MB/s) to deplete free headroom (120M)
[2020-11-04T21:43:32.269+0300][126,199s][info][gc] GC(899) Concurrent reset 0,644ms
[2020-11-04T21:43:32.269+0300][126,199s][info][gc] GC(899) Pause Init Mark (unload classes) 0,189ms
[2020-11-04T21:43:32.336+0300][126,266s][info][gc] GC(899) Concurrent marking (unload classes) 66,850ms
[2020-11-04T21:43:32.337+0300][126,267s][info][gc] GC(899) Pause Final Mark (unload classes) 0,402ms
[2020-11-04T21:43:32.337+0300][126,267s][info][gc] GC(899) Concurrent weak roots 0,315ms
[2020-11-04T21:43:32.338+0300][126,267s][info][gc] GC(899) Concurrent cleanup 360M->360M(512M) 0,033ms
[2020-11-04T21:43:32.338+0300][126,268s][info][gc] GC(899) Concurrent class unloading 0,864ms
[2020-11-04T21:43:32.339+0300][126,268s][info][gc] GC(899) Concurrent strong roots 0,114ms
[2020-11-04T21:43:32.344+0300][126,274s][info][gc] GC(899) Concurrent evacuation 5,316ms
[2020-11-04T21:43:32.344+0300][126,274s][info][gc] GC(899) Pause Init Update Refs 0,012ms
[2020-11-04T21:43:32.377+0300][126,306s][info][gc] GC(899) Concurrent update references 32,250ms
[2020-11-04T21:43:32.377+0300][126,307s][info][gc] GC(899) Pause Final Update Refs 0,368ms
[2020-11-04T21:43:32.377+0300][126,307s][info][gc] GC(899) Concurrent cleanup 436M->253M(512M) 0,118ms
[2020-11-04T21:43:32.407+0300][126,337s][info][gc] Trigger: Average GC time (106,05 ms) is above the time for allocation rate (1215 MB/s) to deplete free headroom (128M)
[2020-11-04T21:43:32.408+0300][126,338s][info][gc] GC(900) Concurrent reset 0,637ms
[2020-11-04T21:43:32.408+0300][126,338s][info][gc] GC(900) Pause Init Mark (process weakrefs) (unload classes) 0,140ms
[2020-11-04T21:43:32.486+0300][126,416s][info][gc] GC(900) Concurrent marking (process weakrefs) (unload classes) 77,785ms
[2020-11-04T21:43:32.486+0300][126,416s][info][gc] GC(900) Concurrent precleaning 0,169ms
[2020-11-04T21:43:32.487+0300][126,417s][info][gc] GC(900) Pause Final Mark (process weakrefs) (unload classes) 0,762ms
[2020-11-04T21:43:32.488+0300][126,418s][info][gc] GC(900) Concurrent weak roots 0,523ms
[2020-11-04T21:43:32.488+0300][126,418s][info][gc] GC(900) Concurrent cleanup 353M->353M(512M) 0,037ms
[2020-11-04T21:43:32.489+0300][126,419s][info][gc] GC(900) Concurrent class unloading 0,829ms
[2020-11-04T21:43:32.489+0300][126,419s][info][gc] GC(900) Concurrent strong roots 0,060ms
[2020-11-04T21:43:32.494+0300][126,424s][info][gc] GC(900) Concurrent evacuation 5,418ms
[2020-11-04T21:43:32.495+0300][126,424s][info][gc] GC(900) Pause Init Update Refs 0,034ms
[2020-11-04T21:43:32.527+0300][126,457s][info][gc] GC(900) Concurrent update references 32,101ms
[2020-11-04T21:43:32.527+0300][126,457s][info][gc] GC(900) Pause Final Update Refs 0,415ms
[2020-11-04T21:43:32.528+0300][126,457s][info][gc] GC(900) Concurrent cleanup 435M->266M(512M) 0,104ms
[2020-11-04T21:43:32.556+0300][126,486s][info][gc] Trigger: Average GC time (104,13 ms) is above the time for allocation rate (1168 MB/s) to deplete free headroom (118M)
[2020-11-04T21:43:32.557+0300][126,487s][info][gc] GC(901) Concurrent reset 0,598ms
[2020-11-04T21:43:32.557+0300][126,487s][info][gc] GC(901) Pause Init Mark (unload classes) 0,147ms
[2020-11-04T21:43:32.620+0300][126,550s][info][gc] GC(901) Concurrent marking (unload classes) 62,293ms
[2020-11-04T21:43:32.621+0300][126,551s][info][gc] GC(901) Pause Final Mark (unload classes) 0,910ms
[2020-11-04T21:43:32.621+0300][126,551s][info][gc] GC(901) Concurrent weak roots 0,438ms
[2020-11-04T21:43:32.622+0300][126,551s][info][gc] GC(901) Concurrent cleanup 361M->361M(512M) 0,037ms
[2020-11-04T21:43:32.622+0300][126,552s][info][gc] GC(901) Concurrent class unloading 0,907ms
[2020-11-04T21:43:32.623+0300][126,552s][info][gc] GC(901) Concurrent strong roots 0,111ms
[2020-11-04T21:43:32.627+0300][126,557s][info][gc] GC(901) Concurrent evacuation 4,702ms
[2020-11-04T21:43:32.628+0300][126,557s][info][gc] GC(901) Pause Init Update Refs 0,026ms
[2020-11-04T21:43:32.660+0300][126,590s][info][gc] GC(901) Concurrent update references 32,539ms
[2020-11-04T21:43:32.661+0300][126,591s][info][gc] GC(901) Pause Final Update Refs 0,391ms
[2020-11-04T21:43:32.661+0300][126,591s][info][gc] GC(901) Concurrent cleanup 441M->266M(512M) 0,113ms
[2020-11-04T21:43:32.686+0300][126,615s][info][gc] Trigger: Average GC time (106,21 ms) is above the time for allocation rate (1227 MB/s) to deplete free headroom (129M)
[2020-11-04T21:43:32.686+0300][126,616s][info][gc] GC(902) Concurrent reset 0,655ms
[2020-11-04T21:43:32.687+0300][126,617s][info][gc] GC(902) Pause Init Mark (unload classes) 0,208ms
[2020-11-04T21:43:32.756+0300][126,686s][info][gc] GC(902) Concurrent marking (unload classes) 69,640ms
[2020-11-04T21:43:32.757+0300][126,687s][info][gc] GC(902) Pause Final Mark (unload classes) 0,715ms
[2020-11-04T21:43:32.758+0300][126,688s][info][gc] GC(902) Concurrent weak roots 0,592ms
[2020-11-04T21:43:32.758+0300][126,688s][info][gc] GC(902) Concurrent cleanup 352M->352M(512M) 0,036ms
[2020-11-04T21:43:32.759+0300][126,689s][info][gc] GC(902) Concurrent class unloading 1,119ms
[2020-11-04T21:43:32.760+0300][126,689s][info][gc] GC(902) Concurrent strong roots 0,156ms
[2020-11-04T21:43:32.765+0300][126,694s][info][gc] GC(902) Concurrent evacuation 5,071ms
[2020-11-04T21:43:32.765+0300][126,695s][info][gc] GC(902) Pause Init Update Refs 0,014ms
[2020-11-04T21:43:32.805+0300][126,735s][info][gc] GC(902) Concurrent update references 39,814ms
[2020-11-04T21:43:32.805+0300][126,735s][info][gc] GC(902) Pause Final Update Refs 0,295ms
[2020-11-04T21:43:32.806+0300][126,735s][info][gc] GC(902) Concurrent cleanup 447M->288M(512M) 0,110ms
[2020-11-04T21:43:32.823+0300][126,752s][info][gc] Trigger: Average GC time (111,65 ms) is above the time for allocation rate (1144 MB/s) to deplete free headroom (126M)
[2020-11-04T21:43:32.823+0300][126,753s][info][gc] GC(903) Concurrent reset 0,668ms
[2020-11-04T21:43:32.824+0300][126,754s][info][gc] GC(903) Pause Init Mark (unload classes) 0,104ms
[2020-11-04T21:43:32.896+0300][126,826s][info][gc] GC(903) Concurrent marking (unload classes) 72,392ms
[2020-11-04T21:43:32.897+0300][126,827s][info][gc] GC(903) Pause Final Mark (unload classes) 0,623ms
[2020-11-04T21:43:32.898+0300][126,827s][info][gc] GC(903) Concurrent weak roots 0,465ms
[2020-11-04T21:43:32.898+0300][126,827s][info][gc] GC(903) Concurrent cleanup 354M->354M(512M) 0,035ms
[2020-11-04T21:43:32.899+0300][126,828s][info][gc] GC(903) Concurrent class unloading 0,904ms
[2020-11-04T21:43:32.899+0300][126,829s][info][gc] GC(903) Concurrent strong roots 0,088ms
[2020-11-04T21:43:32.903+0300][126,833s][info][gc] GC(903) Concurrent evacuation 4,754ms
[2020-11-04T21:43:32.904+0300][126,834s][info][gc] GC(903) Pause Init Update Refs 0,014ms
[2020-11-04T21:43:32.939+0300][126,868s][info][gc] GC(903) Concurrent update references 34,838ms
[2020-11-04T21:43:32.939+0300][126,869s][info][gc] GC(903) Pause Final Update Refs 0,134ms
[2020-11-04T21:43:32.939+0300][126,869s][info][gc] GC(903) Concurrent cleanup 434M->277M(512M) 0,061ms
[2020-11-04T21:43:32.961+0300][126,891s][info][gc] Trigger: Average GC time (114,21 ms) is above the time for allocation rate (1112 MB/s) to deplete free headroom (124M)
[2020-11-04T21:43:32.962+0300][126,892s][info][gc] GC(904) Concurrent reset 0,729ms
[2020-11-04T21:43:32.963+0300][126,892s][info][gc] GC(904) Pause Init Mark (unload classes) 0,267ms
[2020-11-04T21:43:33.041+0300][126,971s][info][gc] GC(904) Concurrent marking (unload classes) 78,726ms
[2020-11-04T21:43:33.042+0300][126,972s][info][gc] GC(904) Pause Final Mark (unload classes) 0,438ms
[2020-11-04T21:43:33.043+0300][126,972s][info][gc] GC(904) Concurrent weak roots 0,355ms
[2020-11-04T21:43:33.043+0300][126,972s][info][gc] GC(904) Concurrent cleanup 356M->356M(512M) 0,032ms
[2020-11-04T21:43:33.043+0300][126,973s][info][gc] GC(904) Concurrent class unloading 0,803ms
[2020-11-04T21:43:33.043+0300][126,973s][info][gc] GC(904) Concurrent strong roots 0,065ms
[2020-11-04T21:43:33.047+0300][126,977s][info][gc] GC(904) Concurrent evacuation 3,789ms
[2020-11-04T21:43:33.048+0300][126,977s][info][gc] GC(904) Pause Init Update Refs 0,011ms
[2020-11-04T21:43:33.084+0300][127,014s][info][gc] GC(904) Concurrent update references 36,511ms
[2020-11-04T21:43:33.085+0300][127,014s][info][gc] GC(904) Pause Final Update Refs 0,202ms
[2020-11-04T21:43:33.085+0300][127,015s][info][gc] GC(904) Concurrent cleanup 442M->287M(512M) 0,061ms
[2020-11-04T21:43:33.104+0300][127,034s][info][gc] Trigger: Average GC time (117,08 ms) is above the time for allocation rate (1065 MB/s) to deplete free headroom (122M)
[2020-11-04T21:43:33.105+0300][127,034s][info][gc] GC(905) Concurrent reset 0,656ms
[2020-11-04T21:43:33.105+0300][127,035s][info][gc] GC(905) Pause Init Mark (process weakrefs) (unload classes) 0,283ms
[2020-11-04T21:43:33.183+0300][127,113s][info][gc] GC(905) Concurrent marking (process weakrefs) (unload classes) 77,555ms
[2020-11-04T21:43:33.183+0300][127,113s][info][gc] GC(905) Concurrent precleaning 0,156ms
[2020-11-04T21:43:33.184+0300][127,114s][info][gc] GC(905) Pause Final Mark (process weakrefs) (unload classes) 0,685ms
[2020-11-04T21:43:33.184+0300][127,114s][info][gc] GC(905) Concurrent weak roots 0,405ms
[2020-11-04T21:43:33.184+0300][127,114s][info][gc] GC(905) Concurrent cleanup 358M->358M(512M) 0,031ms
[2020-11-04T21:43:33.186+0300][127,115s][info][gc] GC(905) Concurrent class unloading 1,189ms
[2020-11-04T21:43:33.186+0300][127,116s][info][gc] GC(905) Concurrent strong roots 0,062ms
[2020-11-04T21:43:33.189+0300][127,119s][info][gc] GC(905) Concurrent evacuation 3,714ms
[2020-11-04T21:43:33.190+0300][127,120s][info][gc] GC(905) Pause Init Update Refs 0,013ms
[2020-11-04T21:43:33.228+0300][127,158s][info][gc] GC(905) Concurrent update references 38,051ms
[2020-11-04T21:43:33.228+0300][127,158s][info][gc] GC(905) Pause Final Update Refs 0,219ms
[2020-11-04T21:43:33.228+0300][127,158s][info][gc] GC(905) Concurrent cleanup 444M->292M(512M) 0,075ms
[2020-11-04T21:43:33.246+0300][127,176s][info][gc] Trigger: Average GC time (117,85 ms) is above the time for allocation rate (1042 MB/s) to deplete free headroom (120M)
[2020-11-04T21:43:33.247+0300][127,177s][info][gc] GC(906) Concurrent reset 0,561ms
[2020-11-04T21:43:33.248+0300][127,177s][info][gc] GC(906) Pause Init Mark (unload classes) 0,251ms
[2020-11-04T21:43:33.328+0300][127,258s][info][gc] GC(906) Concurrent marking (unload classes) 80,049ms
[2020-11-04T21:43:33.328+0300][127,258s][info][gc] GC(906) Pause Final Mark (unload classes) 0,491ms
[2020-11-04T21:43:33.329+0300][127,259s][info][gc] GC(906) Concurrent weak roots 0,523ms
[2020-11-04T21:43:33.329+0300][127,259s][info][gc] GC(906) Concurrent cleanup 359M->359M(512M) 0,036ms
[2020-11-04T21:43:33.330+0300][127,260s][info][gc] GC(906) Concurrent class unloading 1,131ms
[2020-11-04T21:43:33.330+0300][127,260s][info][gc] GC(906) Concurrent strong roots 0,057ms
[2020-11-04T21:43:33.335+0300][127,265s][info][gc] GC(906) Concurrent evacuation 4,735ms
[2020-11-04T21:43:33.335+0300][127,265s][info][gc] GC(906) Pause Init Update Refs 0,016ms
[2020-11-04T21:43:33.373+0300][127,302s][info][gc] GC(906) Concurrent update references 37,060ms
[2020-11-04T21:43:33.373+0300][127,303s][info][gc] GC(906) Pause Final Update Refs 0,413ms
[2020-11-04T21:43:33.374+0300][127,303s][info][gc] GC(906) Concurrent cleanup 449M->300M(512M) 0,100ms
[2020-11-04T21:43:33.388+0300][127,318s][info][gc] Trigger: Average GC time (122,30 ms) is above the time for allocation rate (1016 MB/s) to deplete free headroom (120M)
[2020-11-04T21:43:33.389+0300][127,319s][info][gc] GC(907) Concurrent reset 0,537ms
[2020-11-04T21:43:33.390+0300][127,319s][info][gc] GC(907) Pause Init Mark (unload classes) 0,248ms
[2020-11-04T21:43:33.478+0300][127,408s][info][gc] GC(907) Concurrent marking (unload classes) 88,146ms
[2020-11-04T21:43:33.479+0300][127,409s][info][gc] GC(907) Pause Final Mark (unload classes) 0,630ms
[2020-11-04T21:43:33.479+0300][127,409s][info][gc] GC(907) Concurrent weak roots 0,453ms
[2020-11-04T21:43:33.479+0300][127,409s][info][gc] GC(907) Concurrent cleanup 359M->359M(512M) 0,035ms
[2020-11-04T21:43:33.481+0300][127,410s][info][gc] GC(907) Concurrent class unloading 1,178ms
[2020-11-04T21:43:33.481+0300][127,410s][info][gc] GC(907) Concurrent strong roots 0,061ms
[2020-11-04T21:43:33.484+0300][127,414s][info][gc] GC(907) Concurrent evacuation 3,466ms
[2020-11-04T21:43:33.484+0300][127,414s][info][gc] GC(907) Pause Init Update Refs 0,022ms
[2020-11-04T21:43:33.523+0300][127,453s][info][gc] GC(907) Concurrent update references 38,181ms
[2020-11-04T21:43:33.523+0300][127,453s][info][gc] GC(907) Pause Final Update Refs 0,160ms
[2020-11-04T21:43:33.523+0300][127,453s][info][gc] GC(907) Concurrent cleanup 448M->304M(512M) 0,094ms
[2020-11-04T21:43:33.538+0300][127,468s][info][gc] Trigger: Average GC time (125,28 ms) is above the time for allocation rate (961 MB/s) to deplete free headroom (116M)
[2020-11-04T21:43:33.539+0300][127,469s][info][gc] GC(908) Concurrent reset 0,597ms
[2020-11-04T21:43:33.539+0300][127,469s][info][gc] GC(908) Pause Init Mark (unload classes) 0,120ms
[2020-11-04T21:43:33.634+0300][127,564s][info][gc] GC(908) Concurrent marking (unload classes) 94,781ms
[2020-11-04T21:43:33.635+0300][127,565s][info][gc] GC(908) Pause Final Mark (unload classes) 0,549ms
[2020-11-04T21:43:33.636+0300][127,566s][info][gc] GC(908) Concurrent weak roots 0,566ms
[2020-11-04T21:43:33.636+0300][127,566s][info][gc] GC(908) Concurrent cleanup 363M->363M(512M) 0,038ms
[2020-11-04T21:43:33.637+0300][127,567s][info][gc] GC(908) Concurrent class unloading 0,904ms
[2020-11-04T21:43:33.637+0300][127,567s][info][gc] GC(908) Concurrent strong roots 0,065ms
[2020-11-04T21:43:33.643+0300][127,572s][info][gc] GC(908) Concurrent evacuation 5,574ms
[2020-11-04T21:43:33.643+0300][127,573s][info][gc] GC(908) Pause Init Update Refs 0,017ms
[2020-11-04T21:43:33.682+0300][127,612s][info][gc] GC(908) Concurrent update references 38,811ms
[2020-11-04T21:43:33.682+0300][127,612s][info][gc] GC(908) Pause Final Update Refs 0,161ms
[2020-11-04T21:43:33.683+0300][127,612s][info][gc] GC(908) Concurrent cleanup 454M->309M(512M) 0,108ms
[2020-11-04T21:43:33.696+0300][127,626s][info][gc] Trigger: Average GC time (130,81 ms) is above the time for allocation rate (902 MB/s) to deplete free headroom (114M)
[2020-11-04T21:43:33.697+0300][127,627s][info][gc] GC(909) Concurrent reset 0,661ms
[2020-11-04T21:43:33.698+0300][127,627s][info][gc] GC(909) Pause Init Mark (unload classes) 0,166ms
[2020-11-04T21:43:33.790+0300][127,720s][info][gc] GC(909) Concurrent marking (unload classes) 92,216ms
[2020-11-04T21:43:33.791+0300][127,720s][info][gc] GC(909) Pause Final Mark (unload classes) 0,435ms
[2020-11-04T21:43:33.791+0300][127,721s][info][gc] GC(909) Concurrent weak roots 0,409ms
[2020-11-04T21:43:33.791+0300][127,721s][info][gc] GC(909) Concurrent cleanup 365M->365M(512M) 0,040ms
[2020-11-04T21:43:33.792+0300][127,722s][info][gc] GC(909) Concurrent class unloading 0,831ms
[2020-11-04T21:43:33.792+0300][127,722s][info][gc] GC(909) Concurrent strong roots 0,130ms
[2020-11-04T21:43:33.796+0300][127,725s][info][gc] GC(909) Concurrent evacuation 3,385ms
[2020-11-04T21:43:33.796+0300][127,726s][info][gc] GC(909) Pause Init Update Refs 0,011ms
[2020-11-04T21:43:33.846+0300][127,776s][info][gc] GC(909) Concurrent update references 50,017ms
[2020-11-04T21:43:33.847+0300][127,776s][info][gc] GC(909) Pause Final Update Refs 0,239ms
[2020-11-04T21:43:33.847+0300][127,777s][info][gc] GC(909) Concurrent cleanup 476M->333M(512M) 0,071ms
[2020-11-04T21:43:33.850+0300][127,780s][info][gc] Trigger: Average GC time (136,20 ms) is above the time for allocation rate (874 MB/s) to deplete free headroom (118M)
[2020-11-04T21:43:33.851+0300][127,780s][info][gc] GC(910) Concurrent reset 0,509ms
[2020-11-04T21:43:33.851+0300][127,781s][info][gc] GC(910) Pause Init Mark (process weakrefs) (unload classes) 0,289ms
[2020-11-04T21:43:33.927+0300][127,856s][info][gc] GC(910) Concurrent marking (process weakrefs) (unload classes) 75,463ms
[2020-11-04T21:43:33.927+0300][127,857s][info][gc] GC(910) Concurrent precleaning 0,163ms
[2020-11-04T21:43:33.928+0300][127,857s][info][gc] GC(910) Pause Final Mark (process weakrefs) (unload classes) 0,596ms
[2020-11-04T21:43:33.928+0300][127,858s][info][gc] GC(910) Concurrent weak roots 0,496ms
[2020-11-04T21:43:33.928+0300][127,858s][info][gc] GC(910) Concurrent cleanup 359M->359M(512M) 0,034ms
[2020-11-04T21:43:33.929+0300][127,859s][info][gc] GC(910) Concurrent class unloading 0,940ms
[2020-11-04T21:43:33.929+0300][127,859s][info][gc] GC(910) Concurrent strong roots 0,069ms
[2020-11-04T21:43:33.934+0300][127,864s][info][gc] GC(910) Concurrent evacuation 4,252ms
[2020-11-04T21:43:33.934+0300][127,864s][info][gc] GC(910) Pause Init Update Refs 0,010ms
[2020-11-04T21:43:33.975+0300][127,904s][info][gc] GC(910) Concurrent update references 40,475ms
[2020-11-04T21:43:33.975+0300][127,905s][info][gc] GC(910) Pause Final Update Refs 0,221ms
[2020-11-04T21:43:33.975+0300][127,905s][info][gc] GC(910) Concurrent cleanup 453M->320M(512M) 0,098ms
[2020-11-04T21:43:33.981+0300][127,911s][info][gc] Trigger: Average GC time (136,38 ms) is above the time for allocation rate (930 MB/s) to deplete free headroom (126M)
[2020-11-04T21:43:33.981+0300][127,911s][info][gc] GC(911) Concurrent reset 0,513ms
[2020-11-04T21:43:33.982+0300][127,912s][info][gc] GC(911) Pause Init Mark (unload classes) 0,228ms
[2020-11-04T21:43:34.057+0300][127,987s][info][gc] GC(911) Concurrent marking (unload classes) 75,225ms
[2020-11-04T21:43:34.058+0300][127,988s][info][gc] GC(911) Pause Final Mark (unload classes) 0,691ms
[2020-11-04T21:43:34.059+0300][127,989s][info][gc] GC(911) Concurrent weak roots 0,521ms
[2020-11-04T21:43:34.059+0300][127,989s][info][gc] GC(911) Concurrent cleanup 353M->353M(512M) 0,033ms
[2020-11-04T21:43:34.060+0300][127,990s][info][gc] GC(911) Concurrent class unloading 0,969ms
[2020-11-04T21:43:34.060+0300][127,990s][info][gc] GC(911) Concurrent strong roots 0,062ms
[2020-11-04T21:43:34.064+0300][127,994s][info][gc] GC(911) Concurrent evacuation 3,864ms
[2020-11-04T21:43:34.064+0300][127,994s][info][gc] GC(911) Pause Init Update Refs 0,010ms
[2020-11-04T21:43:34.105+0300][128,035s][info][gc] GC(911) Concurrent update references 40,843ms
[2020-11-04T21:43:34.106+0300][128,035s][info][gc] GC(911) Pause Final Update Refs 0,352ms
[2020-11-04T21:43:34.106+0300][128,036s][info][gc] GC(911) Concurrent cleanup 447M->326M(512M) 0,085ms
[2020-11-04T21:43:34.110+0300][128,040s][info][gc] Trigger: Average GC time (135,97 ms) is above the time for allocation rate (937 MB/s) to deplete free headroom (123M)
[2020-11-04T21:43:34.111+0300][128,040s][info][gc] GC(912) Concurrent reset 0,504ms
[2020-11-04T21:43:34.111+0300][128,041s][info][gc] GC(912) Pause Init Mark (unload classes) 0,260ms
[2020-11-04T21:43:34.187+0300][128,117s][info][gc] GC(912) Concurrent marking (unload classes) 76,104ms
[2020-11-04T21:43:34.188+0300][128,118s][info][gc] GC(912) Pause Final Mark (unload classes) 0,436ms
[2020-11-04T21:43:34.189+0300][128,118s][info][gc] GC(912) Concurrent weak roots 0,506ms
[2020-11-04T21:43:34.189+0300][128,118s][info][gc] GC(912) Concurrent cleanup 356M->356M(512M) 0,033ms
[2020-11-04T21:43:34.190+0300][128,120s][info][gc] GC(912) Concurrent class unloading 1,203ms
[2020-11-04T21:43:34.190+0300][128,120s][info][gc] GC(912) Concurrent strong roots 0,105ms
[2020-11-04T21:43:34.193+0300][128,123s][info][gc] GC(912) Concurrent evacuation 2,922ms
[2020-11-04T21:43:34.193+0300][128,123s][info][gc] GC(912) Pause Init Update Refs 0,016ms
[2020-11-04T21:43:34.239+0300][128,169s][info][gc] GC(912) Concurrent update references 45,437ms
[2020-11-04T21:43:34.239+0300][128,169s][info][gc] GC(912) Pause Final Update Refs 0,139ms
[2020-11-04T21:43:34.239+0300][128,169s][info][gc] GC(912) Concurrent cleanup 435M->314M(512M) 0,099ms
[2020-11-04T21:43:34.251+0300][128,181s][info][gc] Trigger: Average GC time (134,85 ms) is above the time for allocation rate (890 MB/s) to deplete free headroom (115M)
[2020-11-04T21:43:34.252+0300][128,182s][info][gc] GC(913) Concurrent reset 0,634ms
[2020-11-04T21:43:34.252+0300][128,182s][info][gc] GC(913) Pause Init Mark (unload classes) 0,112ms
[2020-11-04T21:43:34.330+0300][128,260s][info][gc] GC(913) Concurrent marking (unload classes) 78,087ms
[2020-11-04T21:43:34.331+0300][128,261s][info][gc] GC(913) Pause Final Mark (unload classes) 0,522ms
[2020-11-04T21:43:34.332+0300][128,261s][info][gc] GC(913) Concurrent weak roots 0,411ms
[2020-11-04T21:43:34.332+0300][128,262s][info][gc] GC(913) Concurrent cleanup 364M->364M(512M) 0,034ms
[2020-11-04T21:43:34.333+0300][128,263s][info][gc] GC(913) Concurrent class unloading 1,183ms
[2020-11-04T21:43:34.333+0300][128,263s][info][gc] GC(913) Concurrent strong roots 0,105ms
[2020-11-04T21:43:34.336+0300][128,266s][info][gc] GC(913) Concurrent evacuation 3,068ms
[2020-11-04T21:43:34.337+0300][128,266s][info][gc] GC(913) Pause Init Update Refs 0,025ms
[2020-11-04T21:43:34.384+0300][128,314s][info][gc] GC(913) Concurrent update references 47,267ms
[2020-11-04T21:43:34.384+0300][128,314s][info][gc] GC(913) Pause Final Update Refs 0,156ms
[2020-11-04T21:43:34.385+0300][128,314s][info][gc] GC(913) Concurrent cleanup 441M->315M(512M) 0,097ms
[2020-11-04T21:43:34.402+0300][128,331s][info][gc] Trigger: Average GC time (132,70 ms) is above the time for allocation rate (848 MB/s) to deplete free headroom (110M)
[2020-11-04T21:43:34.402+0300][128,332s][info][gc] GC(914) Concurrent reset 0,586ms
[2020-11-04T21:43:34.403+0300][128,332s][info][gc] GC(914) Pause Init Mark (unload classes) 0,086ms
[2020-11-04T21:43:34.519+0300][128,448s][info][gc] GC(914) Concurrent marking (unload classes) 115,944ms
[2020-11-04T21:43:34.519+0300][128,449s][info][gc] GC(914) Pause Final Mark (unload classes) 0,417ms
[2020-11-04T21:43:34.520+0300][128,450s][info][gc] GC(914) Concurrent weak roots 0,425ms
[2020-11-04T21:43:34.520+0300][128,450s][info][gc] GC(914) Concurrent cleanup 368M->368M(512M) 0,037ms
[2020-11-04T21:43:34.521+0300][128,451s][info][gc] GC(914) Concurrent class unloading 1,361ms
[2020-11-04T21:43:34.521+0300][128,451s][info][gc] GC(914) Concurrent strong roots 0,113ms
[2020-11-04T21:43:34.525+0300][128,455s][info][gc] GC(914) Concurrent evacuation 3,387ms
[2020-11-04T21:43:34.525+0300][128,455s][info][gc] GC(914) Pause Init Update Refs 0,015ms
[2020-11-04T21:43:34.580+0300][128,510s][info][gc] GC(914) Concurrent update references 54,766ms
[2020-11-04T21:43:34.580+0300][128,510s][info][gc] GC(914) Pause Final Update Refs 0,166ms
[2020-11-04T21:43:34.580+0300][128,510s][info][gc] GC(914) Concurrent cleanup 479M->352M(512M) 0,090ms
[2020-11-04T21:43:34.584+0300][128,514s][info][gc] Trigger: Average GC time (138,40 ms) is above the time for allocation rate (728 MB/s) to deplete free headroom (100M)
[2020-11-04T21:43:34.584+0300][128,514s][info][gc] GC(915) Concurrent reset 0,462ms
[2020-11-04T21:43:34.585+0300][128,515s][info][gc] GC(915) Pause Init Mark (process weakrefs) (unload classes) 0,348ms
[2020-11-04T21:43:34.672+0300][128,602s][info][gc] GC(915) Concurrent marking (process weakrefs) (unload classes) 87,165ms
[2020-11-04T21:43:34.672+0300][128,602s][info][gc] GC(915) Concurrent precleaning 0,206ms
[2020-11-04T21:43:34.674+0300][128,603s][info][gc] GC(915) Pause Final Mark (process weakrefs) (unload classes) 0,814ms
[2020-11-04T21:43:34.674+0300][128,604s][info][gc] GC(915) Concurrent weak roots 0,429ms
[2020-11-04T21:43:34.674+0300][128,604s][info][gc] GC(915) Concurrent cleanup 377M->377M(512M) 0,037ms
[2020-11-04T21:43:34.675+0300][128,605s][info][gc] GC(915) Concurrent class unloading 1,170ms
[2020-11-04T21:43:34.675+0300][128,605s][info][gc] GC(915) Concurrent strong roots 0,139ms
[2020-11-04T21:43:34.679+0300][128,609s][info][gc] GC(915) Concurrent evacuation 3,314ms
[2020-11-04T21:43:34.679+0300][128,609s][info][gc] GC(915) Pause Init Update Refs 0,010ms
[2020-11-04T21:43:34.735+0300][128,665s][info][gc] GC(915) Concurrent update references 55,673ms
[2020-11-04T21:43:34.736+0300][128,665s][info][gc] GC(915) Pause Final Update Refs 0,374ms
[2020-11-04T21:43:34.736+0300][128,666s][info][gc] GC(915) Concurrent cleanup 479M->346M(512M) 0,093ms
[2020-11-04T21:43:34.738+0300][128,668s][info][gc] Trigger: Average GC time (143,72 ms) is above the time for allocation rate (782 MB/s) to deplete free headroom (109M)
[2020-11-04T21:43:34.738+0300][128,668s][info][gc] GC(916) Concurrent reset 0,438ms
[2020-11-04T21:43:34.739+0300][128,669s][info][gc] GC(916) Pause Init Mark (unload classes) 0,096ms
[2020-11-04T21:43:34.823+0300][128,753s][info][gc] GC(916) Concurrent marking (unload classes) 84,316ms
[2020-11-04T21:43:34.824+0300][128,754s][info][gc] GC(916) Pause Final Mark (unload classes) 0,435ms
[2020-11-04T21:43:34.824+0300][128,754s][info][gc] GC(916) Concurrent weak roots 0,407ms
[2020-11-04T21:43:34.824+0300][128,754s][info][gc] GC(916) Concurrent cleanup 368M->368M(512M) 0,037ms
[2020-11-04T21:43:34.826+0300][128,755s][info][gc] GC(916) Concurrent class unloading 1,114ms
[2020-11-04T21:43:34.826+0300][128,756s][info][gc] GC(916) Concurrent strong roots 0,142ms
[2020-11-04T21:43:34.829+0300][128,759s][info][gc] GC(916) Concurrent evacuation 3,058ms
[2020-11-04T21:43:34.829+0300][128,759s][info][gc] GC(916) Pause Init Update Refs 0,023ms
[2020-11-04T21:43:34.891+0300][128,821s][info][gc] GC(916) Concurrent update references 62,014ms
[2020-11-04T21:43:34.892+0300][128,822s][info][gc] GC(916) Pause Final Update Refs 0,364ms
[2020-11-04T21:43:34.892+0300][128,822s][info][gc] GC(916) Concurrent cleanup 478M->357M(512M) 0,089ms
[2020-11-04T21:43:34.893+0300][128,823s][info][gc] Trigger: Average GC time (149,53 ms) is above the time for allocation rate (810 MB/s) to deplete free headroom (100M)
[2020-11-04T21:43:34.894+0300][128,823s][info][gc] GC(917) Concurrent reset 0,401ms
[2020-11-04T21:43:34.894+0300][128,824s][info][gc] GC(917) Pause Init Mark (unload classes) 0,140ms
[2020-11-04T21:43:34.940+0300][128,870s][info][gc] GC(917) Concurrent marking (unload classes) 46,297ms
[2020-11-04T21:43:34.941+0300][128,871s][info][gc] GC(917) Pause Final Mark (unload classes) 0,747ms
[2020-11-04T21:43:34.942+0300][128,872s][info][gc] GC(917) Concurrent weak roots 0,496ms
[2020-11-04T21:43:34.942+0300][128,872s][info][gc] GC(917) Concurrent cleanup 376M->372M(512M) 0,040ms
[2020-11-04T21:43:34.943+0300][128,873s][info][gc] GC(917) Concurrent class unloading 0,943ms
[2020-11-04T21:43:34.943+0300][128,873s][info][gc] GC(917) Concurrent strong roots 0,138ms
[2020-11-04T21:43:34.947+0300][128,877s][info][gc] GC(917) Concurrent evacuation 4,377ms
[2020-11-04T21:43:34.948+0300][128,878s][info][gc] GC(917) Pause Init Update Refs 0,015ms
[2020-11-04T21:43:34.972+0300][128,902s][info][gc] GC(917) Concurrent update references 24,581ms
[2020-11-04T21:43:34.973+0300][128,903s][info][gc] GC(917) Pause Final Update Refs 0,294ms
[2020-11-04T21:43:34.973+0300][128,903s][info][gc] GC(917) Concurrent cleanup 435M->212M(512M) 0,121ms
[2020-11-04T21:43:34.998+0300][128,927s][info][gc] Trigger: Average GC time (139,67 ms) is above the time for allocation rate (1322 MB/s) to deplete free headroom (184M)
[2020-11-04T21:43:34.998+0300][128,928s][info][gc] GC(918) Concurrent reset 0,608ms
[2020-11-04T21:43:34.999+0300][128,929s][info][gc] GC(918) Pause Init Mark (unload classes) 0,126ms
[2020-11-04T21:43:35.048+0300][128,978s][info][gc] GC(918) Concurrent marking (unload classes) 48,923ms
[2020-11-04T21:43:35.049+0300][128,979s][info][gc] GC(918) Pause Final Mark (unload classes) 0,838ms
[2020-11-04T21:43:35.049+0300][128,979s][info][gc] GC(918) Concurrent weak roots 0,352ms
[2020-11-04T21:43:35.049+0300][128,979s][info][gc] GC(918) Concurrent cleanup 302M->302M(512M) 0,045ms
[2020-11-04T21:43:35.050+0300][128,980s][info][gc] GC(918) Concurrent class unloading 0,824ms
[2020-11-04T21:43:35.050+0300][128,980s][info][gc] GC(918) Concurrent strong roots 0,180ms
[2020-11-04T21:43:35.054+0300][128,984s][info][gc] GC(918) Concurrent evacuation 3,317ms
[2020-11-04T21:43:35.054+0300][128,984s][info][gc] GC(918) Pause Init Update Refs 0,020ms
[2020-11-04T21:43:35.080+0300][129,010s][info][gc] GC(918) Concurrent update references 25,758ms
[2020-11-04T21:43:35.080+0300][129,010s][info][gc] GC(918) Pause Final Update Refs 0,144ms
[2020-11-04T21:43:35.081+0300][129,010s][info][gc] GC(918) Concurrent cleanup 364M->226M(512M) 0,092ms
[2020-11-04T21:43:35.103+0300][129,033s][info][gc] Trigger: Average GC time (129,58 ms) is above the time for allocation rate (1364 MB/s) to deplete free headroom (175M)
[2020-11-04T21:43:35.103+0300][129,033s][info][gc] GC(919) Concurrent reset 0,531ms
[2020-11-04T21:43:35.104+0300][129,034s][info][gc] GC(919) Pause Init Mark (unload classes) 0,271ms
[2020-11-04T21:43:35.158+0300][129,088s][info][gc] GC(919) Concurrent marking (unload classes) 54,055ms
[2020-11-04T21:43:35.159+0300][129,089s][info][gc] GC(919) Pause Final Mark (unload classes) 0,739ms
[2020-11-04T21:43:35.160+0300][129,090s][info][gc] GC(919) Concurrent weak roots 0,420ms
[2020-11-04T21:43:35.160+0300][129,090s][info][gc] GC(919) Concurrent cleanup 310M->310M(512M) 0,040ms
[2020-11-04T21:43:35.161+0300][129,091s][info][gc] GC(919) Concurrent class unloading 0,986ms
[2020-11-04T21:43:35.161+0300][129,091s][info][gc] GC(919) Concurrent strong roots 0,127ms
[2020-11-04T21:43:35.165+0300][129,094s][info][gc] GC(919) Concurrent evacuation 3,581ms
[2020-11-04T21:43:35.165+0300][129,095s][info][gc] GC(919) Pause Init Update Refs 0,020ms
[2020-11-04T21:43:35.193+0300][129,123s][info][gc] GC(919) Concurrent update references 28,493ms
[2020-11-04T21:43:35.194+0300][129,124s][info][gc] GC(919) Pause Final Update Refs 0,277ms
[2020-11-04T21:43:35.194+0300][129,124s][info][gc] GC(919) Concurrent cleanup 377M->233M(512M) 0,091ms
[2020-11-04T21:43:35.223+0300][129,153s][info][gc] Trigger: Average GC time (112,07 ms) is above the time for allocation rate (1359 MB/s) to deplete free headroom (151M)
[2020-11-04T21:43:35.223+0300][129,153s][info][gc] GC(920) Concurrent reset 0,580ms
[2020-11-04T21:43:35.224+0300][129,154s][info][gc] GC(920) Pause Init Mark (process weakrefs) (unload classes) 0,256ms
[2020-11-04T21:43:35.306+0300][129,236s][info][gc] GC(920) Concurrent marking (process weakrefs) (unload classes) 82,407ms
[2020-11-04T21:43:35.307+0300][129,237s][info][gc] GC(920) Concurrent precleaning 0,167ms
[2020-11-04T21:43:35.307+0300][129,237s][info][gc] GC(920) Pause Final Mark (process weakrefs) (unload classes) 0,449ms
[2020-11-04T21:43:35.308+0300][129,238s][info][gc] GC(920) Concurrent weak roots 0,459ms
[2020-11-04T21:43:35.308+0300][129,238s][info][gc] GC(920) Concurrent cleanup 333M->333M(512M) 0,038ms
[2020-11-04T21:43:35.309+0300][129,239s][info][gc] GC(920) Concurrent class unloading 0,830ms
[2020-11-04T21:43:35.309+0300][129,239s][info][gc] GC(920) Concurrent strong roots 0,127ms
[2020-11-04T21:43:35.314+0300][129,244s][info][gc] GC(920) Concurrent evacuation 4,667ms
[2020-11-04T21:43:35.314+0300][129,244s][info][gc] GC(920) Pause Init Update Refs 0,029ms
[2020-11-04T21:43:35.342+0300][129,272s][info][gc] GC(920) Concurrent update references 28,031ms
[2020-11-04T21:43:35.343+0300][129,272s][info][gc] GC(920) Pause Final Update Refs 0,165ms
[2020-11-04T21:43:35.343+0300][129,273s][info][gc] GC(920) Concurrent cleanup 401M->238M(512M) 0,068ms
[2020-11-04T21:43:35.380+0300][129,310s][info][gc] Trigger: Average GC time (105,66 ms) is above the time for allocation rate (1182 MB/s) to deplete free headroom (123M)
[2020-11-04T21:43:35.380+0300][129,310s][info][gc] GC(921) Concurrent reset 0,541ms
[2020-11-04T21:43:35.381+0300][129,311s][info][gc] GC(921) Pause Init Mark (unload classes) 0,118ms
[2020-11-04T21:43:35.441+0300][129,370s][info][gc] GC(921) Concurrent marking (unload classes) 59,645ms
[2020-11-04T21:43:35.441+0300][129,371s][info][gc] GC(921) Pause Final Mark (unload classes) 0,348ms
[2020-11-04T21:43:35.442+0300][129,371s][info][gc] GC(921) Concurrent weak roots 0,408ms
[2020-11-04T21:43:35.442+0300][129,372s][info][gc] GC(921) Concurrent cleanup 355M->355M(512M) 0,047ms
[2020-11-04T21:43:35.443+0300][129,372s][info][gc] GC(921) Concurrent class unloading 0,922ms
[2020-11-04T21:43:35.443+0300][129,373s][info][gc] GC(921) Concurrent strong roots 0,115ms
[2020-11-04T21:43:35.447+0300][129,377s][info][gc] GC(921) Concurrent evacuation 4,449ms
[2020-11-04T21:43:35.448+0300][129,377s][info][gc] GC(921) Pause Init Update Refs 0,020ms
[2020-11-04T21:43:35.481+0300][129,411s][info][gc] GC(921) Concurrent update references 33,474ms
[2020-11-04T21:43:35.482+0300][129,411s][info][gc] GC(921) Pause Final Update Refs 0,155ms
[2020-11-04T21:43:35.482+0300][129,412s][info][gc] GC(921) Concurrent cleanup 411M->226M(512M) 0,110ms
[2020-11-04T21:43:35.525+0300][129,455s][info][gc] Trigger: Average GC time (95,23 ms) is above the time for allocation rate (1271 MB/s) to deplete free headroom (119M)
[2020-11-04T21:43:35.526+0300][129,456s][info][gc] GC(922) Concurrent reset 0,539ms
[2020-11-04T21:43:35.526+0300][129,456s][info][gc] GC(922) Pause Init Mark (unload classes) 0,180ms
[2020-11-04T21:43:35.588+0300][129,518s][info][gc] GC(922) Concurrent marking (unload classes) 61,788ms
[2020-11-04T21:43:35.589+0300][129,519s][info][gc] GC(922) Pause Final Mark (unload classes) 0,552ms
[2020-11-04T21:43:35.590+0300][129,519s][info][gc] GC(922) Concurrent weak roots 0,446ms
[2020-11-04T21:43:35.590+0300][129,519s][info][gc] GC(922) Concurrent cleanup 360M->360M(512M) 0,042ms
[2020-11-04T21:43:35.591+0300][129,520s][info][gc] GC(922) Concurrent class unloading 0,908ms
[2020-11-04T21:43:35.591+0300][129,521s][info][gc] GC(922) Concurrent strong roots 0,138ms
[2020-11-04T21:43:35.596+0300][129,526s][info][gc] GC(922) Concurrent evacuation 4,956ms
[2020-11-04T21:43:35.596+0300][129,526s][info][gc] GC(922) Pause Init Update Refs 0,021ms
[2020-11-04T21:43:35.637+0300][129,567s][info][gc] GC(922) Concurrent update references 40,897ms
[2020-11-04T21:43:35.638+0300][129,568s][info][gc] GC(922) Pause Final Update Refs 0,303ms
[2020-11-04T21:43:35.638+0300][129,568s][info][gc] GC(922) Concurrent cleanup 456M->271M(512M) 0,112ms
[2020-11-04T21:43:35.661+0300][129,591s][info][gc] Trigger: Average GC time (101,74 ms) is above the time for allocation rate (1260 MB/s) to deplete free headroom (127M)
[2020-11-04T21:43:35.662+0300][129,592s][info][gc] GC(923) Concurrent reset 0,628ms
[2020-11-04T21:43:35.662+0300][129,592s][info][gc] GC(923) Pause Init Mark (unload classes) 0,100ms
[2020-11-04T21:43:35.736+0300][129,666s][info][gc] GC(923) Concurrent marking (unload classes) 73,967ms
[2020-11-04T21:43:35.737+0300][129,667s][info][gc] GC(923) Pause Final Mark (unload classes) 0,362ms
[2020-11-04T21:43:35.738+0300][129,667s][info][gc] GC(923) Concurrent weak roots 0,541ms
[2020-11-04T21:43:35.738+0300][129,667s][info][gc] GC(923) Concurrent cleanup 354M->354M(512M) 0,033ms
[2020-11-04T21:43:35.739+0300][129,668s][info][gc] GC(923) Concurrent class unloading 1,004ms
[2020-11-04T21:43:35.739+0300][129,669s][info][gc] GC(923) Concurrent strong roots 0,147ms
[2020-11-04T21:43:35.743+0300][129,673s][info][gc] GC(923) Concurrent evacuation 4,506ms
[2020-11-04T21:43:35.744+0300][129,674s][info][gc] GC(923) Pause Init Update Refs 0,025ms
[2020-11-04T21:43:35.779+0300][129,708s][info][gc] GC(923) Concurrent update references 34,698ms
[2020-11-04T21:43:35.779+0300][129,709s][info][gc] GC(923) Pause Final Update Refs 0,192ms
[2020-11-04T21:43:35.779+0300][129,709s][info][gc] GC(923) Concurrent cleanup 412M->241M(512M) 0,107ms
[2020-11-04T21:43:35.818+0300][129,748s][info][gc] Trigger: Average GC time (108,75 ms) is above the time for allocation rate (1114 MB/s) to deplete free headroom (119M)
[2020-11-04T21:43:35.819+0300][129,749s][info][gc] GC(924) Concurrent reset 0,606ms
[2020-11-04T21:43:35.820+0300][129,749s][info][gc] GC(924) Pause Init Mark (unload classes) 0,269ms
[2020-11-04T21:43:35.902+0300][129,831s][info][gc] GC(924) Concurrent marking (unload classes) 81,890ms
[2020-11-04T21:43:35.902+0300][129,832s][info][gc] GC(924) Pause Final Mark (unload classes) 0,371ms
[2020-11-04T21:43:35.903+0300][129,832s][info][gc] GC(924) Concurrent weak roots 0,288ms
[2020-11-04T21:43:35.903+0300][129,832s][info][gc] GC(924) Concurrent cleanup 361M->361M(512M) 0,031ms
[2020-11-04T21:43:35.903+0300][129,833s][info][gc] GC(924) Concurrent class unloading 0,744ms
[2020-11-04T21:43:35.903+0300][129,833s][info][gc] GC(924) Concurrent strong roots 0,084ms
[2020-11-04T21:43:35.908+0300][129,838s][info][gc] GC(924) Concurrent evacuation 4,190ms
[2020-11-04T21:43:35.908+0300][129,838s][info][gc] GC(924) Pause Init Update Refs 0,011ms
[2020-11-04T21:43:35.941+0300][129,870s][info][gc] GC(924) Concurrent update references 32,731ms
[2020-11-04T21:43:35.941+0300][129,871s][info][gc] GC(924) Pause Final Update Refs 0,118ms
[2020-11-04T21:43:35.941+0300][129,871s][info][gc] GC(924) Concurrent cleanup 441M->267M(512M) 0,070ms
[2020-11-04T21:43:35.968+0300][129,898s][info][gc] Trigger: Average GC time (115,02 ms) is above the time for allocation rate (1098 MB/s) to deplete free headroom (124M)
[2020-11-04T21:43:35.968+0300][129,898s][info][gc] GC(925) Concurrent reset 0,594ms
[2020-11-04T21:43:35.969+0300][129,899s][info][gc] GC(925) Pause Init Mark (process weakrefs) (unload classes) 0,133ms
[2020-11-04T21:43:36.044+0300][129,974s][info][gc] GC(925) Concurrent marking (process weakrefs) (unload classes) 74,929ms
[2020-11-04T21:43:36.044+0300][129,974s][info][gc] GC(925) Concurrent precleaning 0,152ms
[2020-11-04T21:43:36.045+0300][129,975s][info][gc] GC(925) Pause Final Mark (process weakrefs) (unload classes) 0,745ms
[2020-11-04T21:43:36.045+0300][129,975s][info][gc] GC(925) Concurrent weak roots 0,452ms
[2020-11-04T21:43:36.045+0300][129,975s][info][gc] GC(925) Concurrent cleanup 356M->356M(512M) 0,034ms
[2020-11-04T21:43:36.046+0300][129,976s][info][gc] GC(925) Concurrent class unloading 0,989ms
[2020-11-04T21:43:36.047+0300][129,976s][info][gc] GC(925) Concurrent strong roots 0,111ms
[2020-11-04T21:43:36.051+0300][129,980s][info][gc] GC(925) Concurrent evacuation 3,940ms
[2020-11-04T21:43:36.051+0300][129,981s][info][gc] GC(925) Pause Init Update Refs 0,015ms
[2020-11-04T21:43:36.088+0300][130,018s][info][gc] GC(925) Concurrent update references 37,550ms
[2020-11-04T21:43:36.089+0300][130,019s][info][gc] GC(925) Pause Final Update Refs 0,180ms
[2020-11-04T21:43:36.089+0300][130,019s][info][gc] GC(925) Concurrent cleanup 422M->258M(512M) 0,107ms
[2020-11-04T21:43:36.120+0300][130,050s][info][gc] Trigger: Average GC time (115,30 ms) is above the time for allocation rate (1075 MB/s) to deplete free headroom (120M)
[2020-11-04T21:43:36.121+0300][130,050s][info][gc] GC(926) Concurrent reset 0,642ms
[2020-11-04T21:43:36.121+0300][130,051s][info][gc] GC(926) Pause Init Mark (unload classes) 0,120ms
[2020-11-04T21:43:36.203+0300][130,133s][info][gc] GC(926) Concurrent marking (unload classes) 82,033ms
[2020-11-04T21:43:36.204+0300][130,133s][info][gc] GC(926) Pause Final Mark (unload classes) 0,473ms
[2020-11-04T21:43:36.204+0300][130,134s][info][gc] GC(926) Concurrent weak roots 0,529ms
[2020-11-04T21:43:36.204+0300][130,134s][info][gc] GC(926) Concurrent cleanup 361M->361M(512M) 0,034ms
[2020-11-04T21:43:36.205+0300][130,135s][info][gc] GC(926) Concurrent class unloading 0,987ms
[2020-11-04T21:43:36.205+0300][130,135s][info][gc] GC(926) Concurrent strong roots 0,084ms
[2020-11-04T21:43:36.210+0300][130,140s][info][gc] GC(926) Concurrent evacuation 4,436ms
[2020-11-04T21:43:36.210+0300][130,140s][info][gc] GC(926) Pause Init Update Refs 0,013ms
[2020-11-04T21:43:36.249+0300][130,179s][info][gc] GC(926) Concurrent update references 38,861ms
[2020-11-04T21:43:36.250+0300][130,179s][info][gc] GC(926) Pause Final Update Refs 0,169ms
[2020-11-04T21:43:36.250+0300][130,180s][info][gc] GC(926) Concurrent cleanup 423M->259M(512M) 0,099ms
[2020-11-04T21:43:36.282+0300][130,211s][info][gc] Trigger: Average GC time (120,90 ms) is above the time for allocation rate (995 MB/s) to deplete free headroom (118M)
[2020-11-04T21:43:36.282+0300][130,212s][info][gc] GC(927) Concurrent reset 0,546ms
[2020-11-04T21:43:36.283+0300][130,213s][info][gc] GC(927) Pause Init Mark (unload classes) 0,113ms
[2020-11-04T21:43:36.352+0300][130,281s][info][gc] GC(927) Concurrent marking (unload classes) 68,826ms
[2020-11-04T21:43:36.352+0300][130,282s][info][gc] GC(927) Pause Final Mark (unload classes) 0,555ms
[2020-11-04T21:43:36.353+0300][130,283s][info][gc] GC(927) Concurrent weak roots 0,479ms
[2020-11-04T21:43:36.353+0300][130,283s][info][gc] GC(927) Concurrent cleanup 361M->361M(512M) 0,035ms
[2020-11-04T21:43:36.354+0300][130,284s][info][gc] GC(927) Concurrent class unloading 0,909ms
[2020-11-04T21:43:36.354+0300][130,284s][info][gc] GC(927) Concurrent strong roots 0,065ms
[2020-11-04T21:43:36.358+0300][130,288s][info][gc] GC(927) Concurrent evacuation 4,323ms
[2020-11-04T21:43:36.359+0300][130,289s][info][gc] GC(927) Pause Init Update Refs 0,025ms
[2020-11-04T21:43:36.395+0300][130,325s][info][gc] GC(927) Concurrent update references 36,055ms
[2020-11-04T21:43:36.395+0300][130,325s][info][gc] GC(927) Pause Final Update Refs 0,135ms
[2020-11-04T21:43:36.396+0300][130,325s][info][gc] GC(927) Concurrent cleanup 442M->281M(512M) 0,107ms
[2020-11-04T21:43:36.414+0300][130,343s][info][gc] Trigger: Average GC time (121,15 ms) is above the time for allocation rate (1086 MB/s) to deplete free headroom (131M)
[2020-11-04T21:43:36.414+0300][130,344s][info][gc] GC(928) Concurrent reset 0,544ms
[2020-11-04T21:43:36.415+0300][130,344s][info][gc] GC(928) Pause Init Mark (unload classes) 0,118ms
[2020-11-04T21:43:36.491+0300][130,420s][info][gc] GC(928) Concurrent marking (unload classes) 75,893ms
[2020-11-04T21:43:36.491+0300][130,421s][info][gc] GC(928) Pause Final Mark (unload classes) 0,364ms
[2020-11-04T21:43:36.492+0300][130,422s][info][gc] GC(928) Concurrent weak roots 0,454ms
[2020-11-04T21:43:36.492+0300][130,422s][info][gc] GC(928) Concurrent cleanup 350M->350M(512M) 0,034ms
[2020-11-04T21:43:36.493+0300][130,423s][info][gc] GC(928) Concurrent class unloading 1,118ms
[2020-11-04T21:43:36.493+0300][130,423s][info][gc] GC(928) Concurrent strong roots 0,149ms
[2020-11-04T21:43:36.497+0300][130,427s][info][gc] GC(928) Concurrent evacuation 3,950ms
[2020-11-04T21:43:36.498+0300][130,427s][info][gc] GC(928) Pause Init Update Refs 0,011ms
[2020-11-04T21:43:36.535+0300][130,465s][info][gc] GC(928) Concurrent update references 37,490ms
[2020-11-04T21:43:36.536+0300][130,465s][info][gc] GC(928) Pause Final Update Refs 0,179ms
[2020-11-04T21:43:36.536+0300][130,466s][info][gc] GC(928) Concurrent cleanup 433M->289M(512M) 0,105ms
[2020-11-04T21:43:36.553+0300][130,483s][info][gc] Trigger: Average GC time (121,99 ms) is above the time for allocation rate (1041 MB/s) to deplete free headroom (125M)
[2020-11-04T21:43:36.553+0300][130,483s][info][gc] GC(929) Concurrent reset 0,679ms
[2020-11-04T21:43:36.554+0300][130,484s][info][gc] GC(929) Pause Init Mark (unload classes) 0,100ms
[2020-11-04T21:43:36.628+0300][130,558s][info][gc] GC(929) Concurrent marking (unload classes) 73,749ms
[2020-11-04T21:43:36.629+0300][130,558s][info][gc] GC(929) Pause Final Mark (unload classes) 0,543ms
[2020-11-04T21:43:36.629+0300][130,559s][info][gc] GC(929) Concurrent weak roots 0,462ms
[2020-11-04T21:43:36.629+0300][130,559s][info][gc] GC(929) Concurrent cleanup 355M->355M(512M) 0,035ms
[2020-11-04T21:43:36.630+0300][130,560s][info][gc] GC(929) Concurrent class unloading 1,094ms
[2020-11-04T21:43:36.630+0300][130,560s][info][gc] GC(929) Concurrent strong roots 0,086ms
[2020-11-04T21:43:36.634+0300][130,564s][info][gc] GC(929) Concurrent evacuation 3,556ms
[2020-11-04T21:43:36.634+0300][130,564s][info][gc] GC(929) Pause Init Update Refs 0,019ms
[2020-11-04T21:43:36.675+0300][130,604s][info][gc] GC(929) Concurrent update references 40,247ms
[2020-11-04T21:43:36.675+0300][130,605s][info][gc] GC(929) Pause Final Update Refs 0,169ms
[2020-11-04T21:43:36.675+0300][130,605s][info][gc] GC(929) Concurrent cleanup 426M->281M(512M) 0,101ms
[2020-11-04T21:43:36.698+0300][130,627s][info][gc] Trigger: Average GC time (121,96 ms) is above the time for allocation rate (1006 MB/s) to deplete free headroom (120M)
[2020-11-04T21:43:36.698+0300][130,628s][info][gc] GC(930) Concurrent reset 0,568ms
[2020-11-04T21:43:36.699+0300][130,629s][info][gc] GC(930) Pause Init Mark (process weakrefs) (unload classes) 0,131ms
[2020-11-04T21:43:36.768+0300][130,697s][info][gc] GC(930) Concurrent marking (process weakrefs) (unload classes) 68,730ms
[2020-11-04T21:43:36.768+0300][130,698s][info][gc] GC(930) Concurrent precleaning 0,156ms
[2020-11-04T21:43:36.768+0300][130,698s][info][gc] GC(930) Pause Final Mark (process weakrefs) (unload classes) 0,499ms
[2020-11-04T21:43:36.769+0300][130,699s][info][gc] GC(930) Concurrent weak roots 0,459ms
[2020-11-04T21:43:36.769+0300][130,699s][info][gc] GC(930) Concurrent cleanup 359M->359M(512M) 0,034ms
[2020-11-04T21:43:36.770+0300][130,700s][info][gc] GC(930) Concurrent class unloading 0,899ms
[2020-11-04T21:43:36.770+0300][130,700s][info][gc] GC(930) Concurrent strong roots 0,057ms
[2020-11-04T21:43:36.774+0300][130,704s][info][gc] GC(930) Concurrent evacuation 3,578ms
[2020-11-04T21:43:36.774+0300][130,704s][info][gc] GC(930) Pause Init Update Refs 0,015ms
[2020-11-04T21:43:36.812+0300][130,742s][info][gc] GC(930) Concurrent update references 37,895ms
[2020-11-04T21:43:36.812+0300][130,742s][info][gc] GC(930) Pause Final Update Refs 0,183ms
[2020-11-04T21:43:36.814+0300][130,744s][info][gc] GC(930) Concurrent cleanup 446M->300M(512M) 0,097ms
[2020-11-04T21:43:36.827+0300][130,756s][info][gc] Trigger: Average GC time (120,92 ms) is above the time for allocation rate (1054 MB/s) to deplete free headroom (126M)
[2020-11-04T21:43:36.827+0300][130,757s][info][gc] GC(931) Concurrent reset 0,611ms
[2020-11-04T21:43:36.827+0300][130,757s][info][gc] GC(931) Pause Init Mark (unload classes) 0,126ms
[2020-11-04T21:43:36.904+0300][130,834s][info][gc] GC(931) Concurrent marking (unload classes) 76,287ms
[2020-11-04T21:43:36.904+0300][130,834s][info][gc] GC(931) Pause Final Mark (unload classes) 0,463ms
[2020-11-04T21:43:36.905+0300][130,835s][info][gc] GC(931) Concurrent weak roots 0,460ms
[2020-11-04T21:43:36.905+0300][130,835s][info][gc] GC(931) Concurrent cleanup 354M->354M(512M) 0,024ms
[2020-11-04T21:43:36.906+0300][130,836s][info][gc] GC(931) Concurrent class unloading 0,801ms
[2020-11-04T21:43:36.906+0300][130,836s][info][gc] GC(931) Concurrent strong roots 0,046ms
[2020-11-04T21:43:36.909+0300][130,839s][info][gc] GC(931) Concurrent evacuation 3,539ms
[2020-11-04T21:43:36.910+0300][130,840s][info][gc] GC(931) Pause Init Update Refs 0,014ms
[2020-11-04T21:43:36.948+0300][130,878s][info][gc] GC(931) Concurrent update references 37,900ms
[2020-11-04T21:43:36.948+0300][130,878s][info][gc] GC(931) Pause Final Update Refs 0,209ms
[2020-11-04T21:43:36.948+0300][130,878s][info][gc] GC(931) Concurrent cleanup 442M->307M(512M) 0,105ms
[2020-11-04T21:43:36.961+0300][130,891s][info][gc] Trigger: Average GC time (119,28 ms) is above the time for allocation rate (1030 MB/s) to deplete free headroom (119M)
[2020-11-04T21:43:36.962+0300][130,892s][info][gc] GC(932) Concurrent reset 0,607ms
[2020-11-04T21:43:36.962+0300][130,892s][info][gc] GC(932) Pause Init Mark (unload classes) 0,088ms
[2020-11-04T21:43:37.040+0300][130,970s][info][gc] GC(932) Concurrent marking (unload classes) 77,629ms
[2020-11-04T21:43:37.040+0300][130,970s][info][gc] GC(932) Pause Final Mark (unload classes) 0,495ms
[2020-11-04T21:43:37.041+0300][130,971s][info][gc] GC(932) Concurrent weak roots 0,481ms
[2020-11-04T21:43:37.041+0300][130,971s][info][gc] GC(932) Concurrent cleanup 360M->360M(512M) 0,036ms
[2020-11-04T21:43:37.042+0300][130,972s][info][gc] GC(932) Concurrent class unloading 0,887ms
[2020-11-04T21:43:37.042+0300][130,972s][info][gc] GC(932) Concurrent strong roots 0,064ms
[2020-11-04T21:43:37.046+0300][130,976s][info][gc] GC(932) Concurrent evacuation 3,789ms
[2020-11-04T21:43:37.046+0300][130,976s][info][gc] GC(932) Pause Init Update Refs 0,016ms
[2020-11-04T21:43:37.086+0300][131,016s][info][gc] GC(932) Concurrent update references 40,104ms
[2020-11-04T21:43:37.087+0300][131,017s][info][gc] GC(932) Pause Final Update Refs 0,213ms
[2020-11-04T21:43:37.087+0300][131,017s][info][gc] GC(932) Concurrent cleanup 451M->312M(512M) 0,094ms
[2020-11-04T21:43:37.099+0300][131,029s][info][gc] Trigger: Average GC time (121,69 ms) is above the time for allocation rate (994 MB/s) to deplete free headroom (116M)
[2020-11-04T21:43:37.100+0300][131,029s][info][gc] GC(933) Concurrent reset 0,705ms
[2020-11-04T21:43:37.100+0300][131,030s][info][gc] GC(933) Pause Init Mark (unload classes) 0,105ms
[2020-11-04T21:43:37.183+0300][131,113s][info][gc] GC(933) Concurrent marking (unload classes) 83,306ms
[2020-11-04T21:43:37.184+0300][131,114s][info][gc] GC(933) Pause Final Mark (unload classes) 0,303ms
[2020-11-04T21:43:37.184+0300][131,114s][info][gc] GC(933) Concurrent weak roots 0,324ms
[2020-11-04T21:43:37.184+0300][131,114s][info][gc] GC(933) Concurrent cleanup 362M->362M(512M) 0,037ms
[2020-11-04T21:43:37.185+0300][131,115s][info][gc] GC(933) Concurrent class unloading 0,816ms
[2020-11-04T21:43:37.185+0300][131,115s][info][gc] GC(933) Concurrent strong roots 0,118ms
[2020-11-04T21:43:37.189+0300][131,119s][info][gc] GC(933) Concurrent evacuation 3,738ms
[2020-11-04T21:43:37.189+0300][131,119s][info][gc] GC(933) Pause Init Update Refs 0,014ms
[2020-11-04T21:43:37.229+0300][131,159s][info][gc] GC(933) Concurrent update references 40,146ms
[2020-11-04T21:43:37.230+0300][131,160s][info][gc] GC(933) Pause Final Update Refs 0,336ms
[2020-11-04T21:43:37.230+0300][131,160s][info][gc] GC(933) Concurrent cleanup 452M->315M(512M) 0,090ms
[2020-11-04T21:43:37.242+0300][131,172s][info][gc] Trigger: Average GC time (123,53 ms) is above the time for allocation rate (948 MB/s) to deplete free headroom (114M)
[2020-11-04T21:43:37.242+0300][131,172s][info][gc] GC(934) Concurrent reset 0,625ms
[2020-11-04T21:43:37.243+0300][131,173s][info][gc] GC(934) Pause Init Mark (unload classes) 0,180ms
[2020-11-04T21:43:37.323+0300][131,252s][info][gc] GC(934) Concurrent marking (unload classes) 79,542ms
[2020-11-04T21:43:37.323+0300][131,253s][info][gc] GC(934) Pause Final Mark (unload classes) 0,543ms
[2020-11-04T21:43:37.324+0300][131,254s][info][gc] GC(934) Concurrent weak roots 0,404ms
[2020-11-04T21:43:37.324+0300][131,254s][info][gc] GC(934) Concurrent cleanup 364M->364M(512M) 0,035ms
[2020-11-04T21:43:37.325+0300][131,255s][info][gc] GC(934) Concurrent class unloading 0,881ms
[2020-11-04T21:43:37.325+0300][131,255s][info][gc] GC(934) Concurrent strong roots 0,150ms
[2020-11-04T21:43:37.328+0300][131,258s][info][gc] GC(934) Concurrent evacuation 3,271ms
[2020-11-04T21:43:37.329+0300][131,258s][info][gc] GC(934) Pause Init Update Refs 0,025ms
[2020-11-04T21:43:37.370+0300][131,300s][info][gc] GC(934) Concurrent update references 41,137ms
[2020-11-04T21:43:37.370+0300][131,300s][info][gc] GC(934) Pause Final Update Refs 0,182ms
[2020-11-04T21:43:37.371+0300][131,300s][info][gc] GC(934) Concurrent cleanup 456M->320M(512M) 0,105ms
[2020-11-04T21:43:37.379+0300][131,309s][info][gc] Trigger: Average GC time (124,76 ms) is above the time for allocation rate (940 MB/s) to deplete free headroom (117M)
[2020-11-04T21:43:37.380+0300][131,310s][info][gc] GC(935) Concurrent reset 0,620ms
[2020-11-04T21:43:37.380+0300][131,310s][info][gc] GC(935) Pause Init Mark (process weakrefs) (unload classes) 0,090ms
[2020-11-04T21:43:37.474+0300][131,404s][info][gc] GC(935) Concurrent marking (process weakrefs) (unload classes) 93,731ms
[2020-11-04T21:43:37.474+0300][131,404s][info][gc] GC(935) Concurrent precleaning 0,144ms
[2020-11-04T21:43:37.475+0300][131,405s][info][gc] GC(935) Pause Final Mark (process weakrefs) (unload classes) 0,449ms
[2020-11-04T21:43:37.475+0300][131,405s][info][gc] GC(935) Concurrent weak roots 0,463ms
[2020-11-04T21:43:37.475+0300][131,405s][info][gc] GC(935) Concurrent cleanup 363M->363M(512M) 0,034ms
[2020-11-04T21:43:37.477+0300][131,406s][info][gc] GC(935) Concurrent class unloading 1,194ms
[2020-11-04T21:43:37.477+0300][131,407s][info][gc] GC(935) Concurrent strong roots 0,090ms
[2020-11-04T21:43:37.480+0300][131,410s][info][gc] GC(935) Concurrent evacuation 3,117ms
[2020-11-04T21:43:37.480+0300][131,410s][info][gc] GC(935) Pause Init Update Refs 0,016ms
[2020-11-04T21:43:37.526+0300][131,455s][info][gc] GC(935) Concurrent update references 45,302ms
[2020-11-04T21:43:37.526+0300][131,456s][info][gc] GC(935) Pause Final Update Refs 0,195ms
[2020-11-04T21:43:37.526+0300][131,456s][info][gc] GC(935) Concurrent cleanup 442M->313M(512M) 0,104ms
[2020-11-04T21:43:37.548+0300][131,478s][info][gc] Trigger: Average GC time (130,99 ms) is above the time for allocation rate (816 MB/s) to deplete free headroom (104M)
[2020-11-04T21:43:37.548+0300][131,478s][info][gc] GC(936) Concurrent reset 0,605ms
[2020-11-04T21:43:37.549+0300][131,479s][info][gc] GC(936) Pause Init Mark (unload classes) 0,269ms
[2020-11-04T21:43:37.629+0300][131,559s][info][gc] GC(936) Concurrent marking (unload classes) 79,907ms
[2020-11-04T21:43:37.630+0300][131,560s][info][gc] GC(936) Pause Final Mark (unload classes) 0,507ms
[2020-11-04T21:43:37.630+0300][131,560s][info][gc] GC(936) Concurrent weak roots 0,310ms
[2020-11-04T21:43:37.630+0300][131,560s][info][gc] GC(936) Concurrent cleanup 374M->374M(512M) 0,037ms
[2020-11-04T21:43:37.631+0300][131,561s][info][gc] GC(936) Concurrent class unloading 0,982ms
[2020-11-04T21:43:37.631+0300][131,561s][info][gc] GC(936) Concurrent strong roots 0,063ms
[2020-11-04T21:43:37.635+0300][131,565s][info][gc] GC(936) Concurrent evacuation 3,665ms
[2020-11-04T21:43:37.635+0300][131,565s][info][gc] GC(936) Pause Init Update Refs 0,014ms
[2020-11-04T21:43:37.678+0300][131,608s][info][gc] GC(936) Concurrent update references 42,667ms
[2020-11-04T21:43:37.679+0300][131,609s][info][gc] GC(936) Pause Final Update Refs 0,355ms
[2020-11-04T21:43:37.679+0300][131,609s][info][gc] GC(936) Concurrent cleanup 470M->333M(512M) 0,095ms
[2020-11-04T21:43:37.683+0300][131,613s][info][gc] Trigger: Average GC time (132,88 ms) is above the time for allocation rate (902 MB/s) to deplete free headroom (115M)
[2020-11-04T21:43:37.684+0300][131,614s][info][gc] GC(937) Concurrent reset 0,593ms
[2020-11-04T21:43:37.684+0300][131,614s][info][gc] GC(937) Pause Init Mark (unload classes) 0,212ms
[2020-11-04T21:43:37.825+0300][131,755s][info][gc] GC(937) Concurrent marking (unload classes) 140,483ms
[2020-11-04T21:43:37.826+0300][131,756s][info][gc] GC(937) Pause Final Mark (unload classes) 0,742ms
[2020-11-04T21:43:37.826+0300][131,756s][info][gc] GC(937) Concurrent weak roots 0,397ms
[2020-11-04T21:43:37.826+0300][131,756s][info][gc] GC(937) Concurrent cleanup 364M->364M(512M) 0,037ms
[2020-11-04T21:43:37.827+0300][131,757s][info][gc] GC(937) Concurrent class unloading 0,994ms
[2020-11-04T21:43:37.828+0300][131,757s][info][gc] GC(937) Concurrent strong roots 0,058ms
[2020-11-04T21:43:37.831+0300][131,761s][info][gc] GC(937) Concurrent evacuation 3,370ms
[2020-11-04T21:43:37.831+0300][131,761s][info][gc] GC(937) Pause Init Update Refs 0,013ms
[2020-11-04T21:43:37.879+0300][131,808s][info][gc] GC(937) Concurrent update references 47,405ms
[2020-11-04T21:43:37.879+0300][131,809s][info][gc] GC(937) Pause Final Update Refs 0,193ms
[2020-11-04T21:43:37.879+0300][131,809s][info][gc] GC(937) Concurrent cleanup 447M->324M(512M) 0,107ms
[2020-11-04T21:43:37.900+0300][131,829s][info][gc] Trigger: Average GC time (146,91 ms) is above the time for allocation rate (656 MB/s) to deplete free headroom (94746K)
[2020-11-04T21:43:37.900+0300][131,830s][info][gc] GC(938) Concurrent reset 0,635ms
[2020-11-04T21:43:37.901+0300][131,831s][info][gc] GC(938) Pause Init Mark (unload classes) 0,292ms
[2020-11-04T21:43:37.985+0300][131,915s][info][gc] GC(938) Concurrent marking (unload classes) 83,795ms
[2020-11-04T21:43:37.986+0300][131,916s][info][gc] GC(938) Pause Final Mark (unload classes) 0,810ms
[2020-11-04T21:43:37.986+0300][131,916s][info][gc] GC(938) Concurrent weak roots 0,436ms
[2020-11-04T21:43:37.986+0300][131,916s][info][gc] GC(938) Concurrent cleanup 383M->383M(512M) 0,032ms
[2020-11-04T21:43:37.987+0300][131,917s][info][gc] GC(938) Concurrent class unloading 1,055ms
[2020-11-04T21:43:37.987+0300][131,917s][info][gc] GC(938) Concurrent strong roots 0,101ms
[2020-11-04T21:43:37.991+0300][131,921s][info][gc] GC(938) Concurrent evacuation 3,759ms
[2020-11-04T21:43:37.992+0300][131,921s][info][gc] GC(938) Pause Init Update Refs 0,024ms
[2020-11-04T21:43:38.040+0300][131,970s][info][gc] GC(938) Concurrent update references 48,612ms
[2020-11-04T21:43:38.041+0300][131,971s][info][gc] GC(938) Pause Final Update Refs 0,346ms
[2020-11-04T21:43:38.041+0300][131,971s][info][gc] GC(938) Concurrent cleanup 461M->319M(512M) 0,117ms
[2020-11-04T21:43:38.052+0300][131,982s][info][gc] Trigger: Average GC time (148,99 ms) is above the time for allocation rate (773 MB/s) to deplete free headroom (112M)
[2020-11-04T21:43:38.053+0300][131,982s][info][gc] GC(939) Concurrent reset 0,608ms
[2020-11-04T21:43:38.053+0300][131,983s][info][gc] GC(939) Pause Init Mark (unload classes) 0,187ms
[2020-11-04T21:43:38.147+0300][132,077s][info][gc] GC(939) Concurrent marking (unload classes) 93,800ms
[2020-11-04T21:43:38.148+0300][132,078s][info][gc] GC(939) Pause Final Mark (unload classes) 0,489ms
[2020-11-04T21:43:38.148+0300][132,078s][info][gc] GC(939) Concurrent weak roots 0,455ms
[2020-11-04T21:43:38.148+0300][132,078s][info][gc] GC(939) Concurrent cleanup 367M->367M(512M) 0,044ms
[2020-11-04T21:43:38.149+0300][132,079s][info][gc] GC(939) Concurrent class unloading 1,068ms
[2020-11-04T21:43:38.150+0300][132,079s][info][gc] GC(939) Concurrent strong roots 0,121ms
[2020-11-04T21:43:38.153+0300][132,083s][info][gc] GC(939) Concurrent evacuation 3,102ms
[2020-11-04T21:43:38.153+0300][132,083s][info][gc] GC(939) Pause Init Update Refs 0,022ms
[2020-11-04T21:43:38.197+0300][132,127s][info][gc] GC(939) Concurrent update references 44,119ms
[2020-11-04T21:43:38.198+0300][132,128s][info][gc] GC(939) Pause Final Update Refs 0,335ms
[2020-11-04T21:43:38.198+0300][132,128s][info][gc] GC(939) Concurrent cleanup 467M->349M(512M) 0,102ms
[2020-11-04T21:43:38.199+0300][132,129s][info][gc] Trigger: Average GC time (152,49 ms) is above the time for allocation rate (808 MB/s) to deplete free headroom (107M)
[2020-11-04T21:43:38.200+0300][132,129s][info][gc] GC(940) Concurrent reset 0,356ms
[2020-11-04T21:43:38.200+0300][132,130s][info][gc] GC(940) Pause Init Mark (process weakrefs) (unload classes) 0,135ms
[2020-11-04T21:43:38.299+0300][132,229s][info][gc] GC(940) Concurrent marking (process weakrefs) (unload classes) 98,562ms
[2020-11-04T21:43:38.299+0300][132,229s][info][gc] GC(940) Concurrent precleaning 0,179ms
[2020-11-04T21:43:38.300+0300][132,230s][info][gc] GC(940) Pause Final Mark (process weakrefs) (unload classes) 0,533ms
[2020-11-04T21:43:38.300+0300][132,230s][info][gc] GC(940) Concurrent weak roots 0,444ms
[2020-11-04T21:43:38.301+0300][132,230s][info][gc] GC(940) Concurrent cleanup 371M->371M(512M) 0,037ms
[2020-11-04T21:43:38.302+0300][132,232s][info][gc] GC(940) Concurrent class unloading 1,192ms
[2020-11-04T21:43:38.302+0300][132,232s][info][gc] GC(940) Concurrent strong roots 0,109ms
[2020-11-04T21:43:38.305+0300][132,235s][info][gc] GC(940) Concurrent evacuation 3,004ms
[2020-11-04T21:43:38.305+0300][132,235s][info][gc] GC(940) Pause Init Update Refs 0,012ms
[2020-11-04T21:43:38.353+0300][132,283s][info][gc] GC(940) Concurrent update references 47,413ms
[2020-11-04T21:43:38.353+0300][132,283s][info][gc] GC(940) Pause Final Update Refs 0,151ms
[2020-11-04T21:43:38.353+0300][132,283s][info][gc] GC(940) Concurrent cleanup 461M->342M(512M) 0,133ms
[2020-11-04T21:43:38.357+0300][132,286s][info][gc] Trigger: Average GC time (153,85 ms) is above the time for allocation rate (723 MB/s) to deplete free headroom (109M)
[2020-11-04T21:43:38.357+0300][132,287s][info][gc] GC(941) Concurrent reset 0,530ms
[2020-11-04T21:43:38.358+0300][132,287s][info][gc] GC(941) Pause Init Mark (unload classes) 0,123ms
[2020-11-04T21:43:38.406+0300][132,336s][info][gc] GC(941) Concurrent marking (unload classes) 48,780ms
[2020-11-04T21:43:38.407+0300][132,337s][info][gc] GC(941) Pause Final Mark (unload classes) 0,571ms
[2020-11-04T21:43:38.408+0300][132,338s][info][gc] GC(941) Concurrent weak roots 0,440ms
[2020-11-04T21:43:38.408+0300][132,338s][info][gc] GC(941) Concurrent cleanup 368M->364M(512M) 0,036ms
[2020-11-04T21:43:38.409+0300][132,339s][info][gc] GC(941) Concurrent class unloading 1,148ms
[2020-11-04T21:43:38.409+0300][132,339s][info][gc] GC(941) Concurrent strong roots 0,114ms
[2020-11-04T21:43:38.413+0300][132,343s][info][gc] GC(941) Concurrent evacuation 3,918ms
[2020-11-04T21:43:38.413+0300][132,343s][info][gc] GC(941) Pause Init Update Refs 0,024ms
[2020-11-04T21:43:38.439+0300][132,369s][info][gc] GC(941) Concurrent update references 25,248ms
[2020-11-04T21:43:38.439+0300][132,369s][info][gc] GC(941) Pause Final Update Refs 0,143ms
[2020-11-04T21:43:38.439+0300][132,369s][info][gc] GC(941) Concurrent cleanup 424M->212M(512M) 0,117ms
[2020-11-04T21:43:38.465+0300][132,395s][info][gc] Trigger: Average GC time (144,16 ms) is above the time for allocation rate (1287 MB/s) to deplete free headroom (180M)
[2020-11-04T21:43:38.466+0300][132,395s][info][gc] GC(942) Concurrent reset 0,616ms
[2020-11-04T21:43:38.466+0300][132,396s][info][gc] GC(942) Pause Init Mark (unload classes) 0,151ms
[2020-11-04T21:43:38.540+0300][132,469s][info][gc] GC(942) Concurrent marking (unload classes) 73,423ms
[2020-11-04T21:43:38.540+0300][132,470s][info][gc] GC(942) Pause Final Mark (unload classes) 0,462ms
[2020-11-04T21:43:38.541+0300][132,470s][info][gc] GC(942) Concurrent weak roots 0,403ms
[2020-11-04T21:43:38.541+0300][132,470s][info][gc] GC(942) Concurrent cleanup 305M->305M(512M) 0,036ms
[2020-11-04T21:43:38.541+0300][132,471s][info][gc] GC(942) Concurrent class unloading 0,773ms
[2020-11-04T21:43:38.542+0300][132,471s][info][gc] GC(942) Concurrent strong roots 0,154ms
[2020-11-04T21:43:38.545+0300][132,475s][info][gc] GC(942) Concurrent evacuation 3,372ms
[2020-11-04T21:43:38.545+0300][132,475s][info][gc] GC(942) Pause Init Update Refs 0,013ms
[2020-11-04T21:43:38.572+0300][132,501s][info][gc] GC(942) Concurrent update references 26,161ms
[2020-11-04T21:43:38.572+0300][132,502s][info][gc] GC(942) Pause Final Update Refs 0,142ms
[2020-11-04T21:43:38.572+0300][132,502s][info][gc] GC(942) Concurrent cleanup 368M->229M(512M) 0,076ms
[2020-11-04T21:43:38.603+0300][132,533s][info][gc] Trigger: Average GC time (126,39 ms) is above the time for allocation rate (1201 MB/s) to deplete free headroom (150M)
[2020-11-04T21:43:38.603+0300][132,533s][info][gc] GC(943) Concurrent reset 0,542ms
[2020-11-04T21:43:38.604+0300][132,534s][info][gc] GC(943) Pause Init Mark (unload classes) 0,251ms
[2020-11-04T21:43:38.658+0300][132,588s][info][gc] GC(943) Concurrent marking (unload classes) 54,066ms
[2020-11-04T21:43:38.659+0300][132,589s][info][gc] GC(943) Pause Final Mark (unload classes) 0,791ms
[2020-11-04T21:43:38.660+0300][132,589s][info][gc] GC(943) Concurrent weak roots 0,389ms
[2020-11-04T21:43:38.660+0300][132,590s][info][gc] GC(943) Concurrent cleanup 333M->333M(512M) 0,040ms
[2020-11-04T21:43:38.661+0300][132,590s][info][gc] GC(943) Concurrent class unloading 0,805ms
[2020-11-04T21:43:38.661+0300][132,591s][info][gc] GC(943) Concurrent strong roots 0,088ms
[2020-11-04T21:43:38.665+0300][132,595s][info][gc] GC(943) Concurrent evacuation 4,135ms
[2020-11-04T21:43:38.665+0300][132,595s][info][gc] GC(943) Pause Init Update Refs 0,025ms
[2020-11-04T21:43:38.694+0300][132,624s][info][gc] GC(943) Concurrent update references 28,593ms
[2020-11-04T21:43:38.694+0300][132,624s][info][gc] GC(943) Pause Final Update Refs 0,174ms
[2020-11-04T21:43:38.695+0300][132,624s][info][gc] GC(943) Concurrent cleanup 403M->237M(512M) 0,120ms
[2020-11-04T21:43:38.721+0300][132,651s][info][gc] Trigger: Average GC time (116,39 ms) is above the time for allocation rate (1335 MB/s) to deplete free headroom (153M)
[2020-11-04T21:43:38.722+0300][132,651s][info][gc] GC(944) Concurrent reset 0,586ms
[2020-11-04T21:43:38.722+0300][132,652s][info][gc] GC(944) Pause Init Mark (unload classes) 0,084ms
[2020-11-04T21:43:38.801+0300][132,731s][info][gc] GC(944) Concurrent marking (unload classes) 78,750ms
[2020-11-04T21:43:38.802+0300][132,731s][info][gc] GC(944) Pause Final Mark (unload classes) 0,510ms
[2020-11-04T21:43:38.802+0300][132,732s][info][gc] GC(944) Concurrent weak roots 0,486ms
[2020-11-04T21:43:38.802+0300][132,732s][info][gc] GC(944) Concurrent cleanup 330M->330M(512M) 0,042ms
[2020-11-04T21:43:38.803+0300][132,733s][info][gc] GC(944) Concurrent class unloading 1,017ms
[2020-11-04T21:43:38.803+0300][132,733s][info][gc] GC(944) Concurrent strong roots 0,117ms
[2020-11-04T21:43:38.809+0300][132,739s][info][gc] GC(944) Concurrent evacuation 5,198ms
[2020-11-04T21:43:38.809+0300][132,739s][info][gc] GC(944) Pause Init Update Refs 0,015ms
[2020-11-04T21:43:38.847+0300][132,777s][info][gc] GC(944) Concurrent update references 38,004ms
[2020-11-04T21:43:38.848+0300][132,778s][info][gc] GC(944) Pause Final Update Refs 0,320ms
[2020-11-04T21:43:38.848+0300][132,778s][info][gc] GC(944) Concurrent cleanup 426M->268M(512M) 0,109ms
[2020-11-04T21:43:38.871+0300][132,801s][info][gc] Trigger: Average GC time (112,53 ms) is above the time for allocation rate (1170 MB/s) to deplete free headroom (130M)
[2020-11-04T21:43:38.872+0300][132,802s][info][gc] GC(945) Concurrent reset 0,549ms
[2020-11-04T21:43:38.872+0300][132,802s][info][gc] GC(945) Pause Init Mark (process weakrefs) (unload classes) 0,122ms
[2020-11-04T21:43:38.942+0300][132,872s][info][gc] GC(945) Concurrent marking (process weakrefs) (unload classes) 70,106ms
[2020-11-04T21:43:38.943+0300][132,873s][info][gc] GC(945) Concurrent precleaning 0,183ms
[2020-11-04T21:43:38.943+0300][132,873s][info][gc] GC(945) Pause Final Mark (process weakrefs) (unload classes) 0,402ms
[2020-11-04T21:43:38.944+0300][132,873s][info][gc] GC(945) Concurrent weak roots 0,328ms
[2020-11-04T21:43:38.944+0300][132,873s][info][gc] GC(945) Concurrent cleanup 350M->350M(512M) 0,048ms
[2020-11-04T21:43:38.945+0300][132,875s][info][gc] GC(945) Concurrent class unloading 1,031ms
[2020-11-04T21:43:38.945+0300][132,875s][info][gc] GC(945) Concurrent strong roots 0,120ms
[2020-11-04T21:43:38.951+0300][132,880s][info][gc] GC(945) Concurrent evacuation 5,651ms
[2020-11-04T21:43:38.951+0300][132,881s][info][gc] GC(945) Pause Init Update Refs 0,015ms
[2020-11-04T21:43:38.992+0300][132,922s][info][gc] GC(945) Concurrent update references 40,798ms
[2020-11-04T21:43:38.992+0300][132,922s][info][gc] GC(945) Pause Final Update Refs 0,183ms
[2020-11-04T21:43:38.993+0300][132,922s][info][gc] GC(945) Concurrent cleanup 451M->275M(512M) 0,118ms
[2020-11-04T21:43:39.015+0300][132,945s][info][gc] Trigger: Average GC time (105,95 ms) is above the time for allocation rate (1222 MB/s) to deplete free headroom (126M)
[2020-11-04T21:43:39.015+0300][132,945s][info][gc] GC(946) Concurrent reset 0,576ms
[2020-11-04T21:43:39.016+0300][132,946s][info][gc] GC(946) Pause Init Mark (unload classes) 0,106ms
[2020-11-04T21:43:39.095+0300][133,025s][info][gc] GC(946) Concurrent marking (unload classes) 78,893ms
[2020-11-04T21:43:39.096+0300][133,025s][info][gc] GC(946) Pause Final Mark (unload classes) 0,563ms
[2020-11-04T21:43:39.096+0300][133,026s][info][gc] GC(946) Concurrent weak roots 0,390ms
[2020-11-04T21:43:39.096+0300][133,026s][info][gc] GC(946) Concurrent cleanup 355M->355M(512M) 0,041ms
[2020-11-04T21:43:39.097+0300][133,027s][info][gc] GC(946) Concurrent class unloading 0,760ms
[2020-11-04T21:43:39.097+0300][133,027s][info][gc] GC(946) Concurrent strong roots 0,080ms
[2020-11-04T21:43:39.102+0300][133,032s][info][gc] GC(946) Concurrent evacuation 4,815ms
[2020-11-04T21:43:39.102+0300][133,032s][info][gc] GC(946) Pause Init Update Refs 0,015ms
[2020-11-04T21:43:39.133+0300][133,063s][info][gc] GC(946) Concurrent update references 30,749ms
[2020-11-04T21:43:39.133+0300][133,063s][info][gc] GC(946) Pause Final Update Refs 0,165ms
[2020-11-04T21:43:39.134+0300][133,063s][info][gc] GC(946) Concurrent cleanup 431M->255M(512M) 0,133ms
[2020-11-04T21:43:39.163+0300][133,093s][info][gc] Trigger: Average GC time (113,16 ms) is above the time for allocation rate (1142 MB/s) to deplete free headroom (126M)
[2020-11-04T21:43:39.164+0300][133,094s][info][gc] GC(947) Concurrent reset 0,601ms
[2020-11-04T21:43:39.164+0300][133,094s][info][gc] GC(947) Pause Init Mark (unload classes) 0,101ms
[2020-11-04T21:43:39.244+0300][133,174s][info][gc] GC(947) Concurrent marking (unload classes) 79,313ms
[2020-11-04T21:43:39.245+0300][133,174s][info][gc] GC(947) Pause Final Mark (unload classes) 0,532ms
[2020-11-04T21:43:39.245+0300][133,175s][info][gc] GC(947) Concurrent weak roots 0,345ms
[2020-11-04T21:43:39.245+0300][133,175s][info][gc] GC(947) Concurrent cleanup 355M->355M(512M) 0,040ms
[2020-11-04T21:43:39.246+0300][133,176s][info][gc] GC(947) Concurrent class unloading 0,834ms
[2020-11-04T21:43:39.246+0300][133,176s][info][gc] GC(947) Concurrent strong roots 0,080ms
[2020-11-04T21:43:39.250+0300][133,180s][info][gc] GC(947) Concurrent evacuation 4,224ms
[2020-11-04T21:43:39.251+0300][133,180s][info][gc] GC(947) Pause Init Update Refs 0,016ms
[2020-11-04T21:43:39.285+0300][133,215s][info][gc] GC(947) Concurrent update references 34,724ms
[2020-11-04T21:43:39.286+0300][133,216s][info][gc] GC(947) Pause Final Update Refs 0,126ms
[2020-11-04T21:43:39.286+0300][133,216s][info][gc] GC(947) Concurrent cleanup 421M->251M(512M) 0,073ms
[2020-11-04T21:43:39.318+0300][133,248s][info][gc] Trigger: Average GC time (116,28 ms) is above the time for allocation rate (1081 MB/s) to deplete free headroom (124M)
[2020-11-04T21:43:39.319+0300][133,248s][info][gc] GC(948) Concurrent reset 0,678ms
[2020-11-04T21:43:39.319+0300][133,249s][info][gc] GC(948) Pause Init Mark (unload classes) 0,111ms
[2020-11-04T21:43:39.398+0300][133,328s][info][gc] GC(948) Concurrent marking (unload classes) 78,663ms
[2020-11-04T21:43:39.398+0300][133,328s][info][gc] GC(948) Pause Final Mark (unload classes) 0,530ms
[2020-11-04T21:43:39.399+0300][133,329s][info][gc] GC(948) Concurrent weak roots 0,467ms
[2020-11-04T21:43:39.399+0300][133,329s][info][gc] GC(948) Concurrent cleanup 357M->357M(512M) 0,035ms
[2020-11-04T21:43:39.400+0300][133,330s][info][gc] GC(948) Concurrent class unloading 1,023ms
[2020-11-04T21:43:39.400+0300][133,330s][info][gc] GC(948) Concurrent strong roots 0,096ms
[2020-11-04T21:43:39.404+0300][133,334s][info][gc] GC(948) Concurrent evacuation 4,114ms
[2020-11-04T21:43:39.405+0300][133,334s][info][gc] GC(948) Pause Init Update Refs 0,015ms
[2020-11-04T21:43:39.443+0300][133,373s][info][gc] GC(948) Concurrent update references 38,423ms
[2020-11-04T21:43:39.444+0300][133,373s][info][gc] GC(948) Pause Final Update Refs 0,155ms
[2020-11-04T21:43:39.444+0300][133,374s][info][gc] GC(948) Concurrent cleanup 420M->252M(512M) 0,081ms
[2020-11-04T21:43:39.476+0300][133,405s][info][gc] Trigger: Average GC time (123,12 ms) is above the time for allocation rate (1034 MB/s) to deplete free headroom (123M)
[2020-11-04T21:43:39.476+0300][133,406s][info][gc] GC(949) Concurrent reset 0,588ms
[2020-11-04T21:43:39.477+0300][133,407s][info][gc] GC(949) Pause Init Mark (unload classes) 0,106ms
[2020-11-04T21:43:39.549+0300][133,479s][info][gc] GC(949) Concurrent marking (unload classes) 72,262ms
[2020-11-04T21:43:39.550+0300][133,480s][info][gc] GC(949) Pause Final Mark (unload classes) 0,440ms
[2020-11-04T21:43:39.550+0300][133,480s][info][gc] GC(949) Concurrent weak roots 0,367ms
[2020-11-04T21:43:39.550+0300][133,480s][info][gc] GC(949) Concurrent cleanup 357M->357M(512M) 0,038ms
[2020-11-04T21:43:39.551+0300][133,481s][info][gc] GC(949) Concurrent class unloading 0,853ms
[2020-11-04T21:43:39.551+0300][133,481s][info][gc] GC(949) Concurrent strong roots 0,133ms
[2020-11-04T21:43:39.555+0300][133,485s][info][gc] GC(949) Concurrent evacuation 3,990ms
[2020-11-04T21:43:39.556+0300][133,485s][info][gc] GC(949) Pause Init Update Refs 0,022ms
[2020-11-04T21:43:39.595+0300][133,524s][info][gc] GC(949) Concurrent update references 38,873ms
[2020-11-04T21:43:39.595+0300][133,525s][info][gc] GC(949) Pause Final Update Refs 0,128ms
[2020-11-04T21:43:39.595+0300][133,525s][info][gc] GC(949) Concurrent cleanup 415M->252M(512M) 0,115ms
[2020-11-04T21:43:39.627+0300][133,557s][info][gc] Trigger: Average GC time (121,68 ms) is above the time for allocation rate (1040 MB/s) to deplete free headroom (124M)
[2020-11-04T21:43:39.628+0300][133,558s][info][gc] GC(950) Concurrent reset 0,633ms
[2020-11-04T21:43:39.628+0300][133,558s][info][gc] GC(950) Pause Init Mark (process weakrefs) (unload classes) 0,141ms
[2020-11-04T21:43:39.704+0300][133,634s][info][gc] GC(950) Concurrent marking (process weakrefs) (unload classes) 76,075ms
[2020-11-04T21:43:39.705+0300][133,634s][info][gc] GC(950) Concurrent precleaning 0,141ms
[2020-11-04T21:43:39.705+0300][133,635s][info][gc] GC(950) Pause Final Mark (process weakrefs) (unload classes) 0,505ms
[2020-11-04T21:43:39.706+0300][133,636s][info][gc] GC(950) Concurrent weak roots 0,377ms
[2020-11-04T21:43:39.706+0300][133,636s][info][gc] GC(950) Concurrent cleanup 357M->357M(512M) 0,036ms
[2020-11-04T21:43:39.707+0300][133,636s][info][gc] GC(950) Concurrent class unloading 0,795ms
[2020-11-04T21:43:39.707+0300][133,637s][info][gc] GC(950) Concurrent strong roots 0,124ms
[2020-11-04T21:43:39.711+0300][133,641s][info][gc] GC(950) Concurrent evacuation 4,187ms
[2020-11-04T21:43:39.711+0300][133,641s][info][gc] GC(950) Pause Init Update Refs 0,022ms
[2020-11-04T21:43:39.746+0300][133,676s][info][gc] GC(950) Concurrent update references 34,506ms
[2020-11-04T21:43:39.746+0300][133,676s][info][gc] GC(950) Pause Final Update Refs 0,140ms
[2020-11-04T21:43:39.747+0300][133,676s][info][gc] GC(950) Concurrent cleanup 439M->281M(512M) 0,097ms
[2020-11-04T21:43:39.766+0300][133,696s][info][gc] Trigger: Average GC time (121,34 ms) is above the time for allocation rate (1073 MB/s) to deplete free headroom (127M)
[2020-11-04T21:43:39.766+0300][133,696s][info][gc] GC(951) Concurrent reset 0,595ms
[2020-11-04T21:43:39.767+0300][133,697s][info][gc] GC(951) Pause Init Mark (unload classes) 0,118ms
[2020-11-04T21:43:39.846+0300][133,776s][info][gc] GC(951) Concurrent marking (unload classes) 78,969ms
[2020-11-04T21:43:39.846+0300][133,776s][info][gc] GC(951) Pause Final Mark (unload classes) 0,374ms
[2020-11-04T21:43:39.847+0300][133,777s][info][gc] GC(951) Concurrent weak roots 0,414ms
[2020-11-04T21:43:39.847+0300][133,777s][info][gc] GC(951) Concurrent cleanup 352M->352M(512M) 0,035ms
[2020-11-04T21:43:39.848+0300][133,778s][info][gc] GC(951) Concurrent class unloading 0,854ms
[2020-11-04T21:43:39.848+0300][133,778s][info][gc] GC(951) Concurrent strong roots 0,136ms
[2020-11-04T21:43:39.852+0300][133,782s][info][gc] GC(951) Concurrent evacuation 3,691ms
[2020-11-04T21:43:39.852+0300][133,782s][info][gc] GC(951) Pause Init Update Refs 0,013ms
[2020-11-04T21:43:39.891+0300][133,820s][info][gc] GC(951) Concurrent update references 38,387ms
[2020-11-04T21:43:39.891+0300][133,821s][info][gc] GC(951) Pause Final Update Refs 0,158ms
[2020-11-04T21:43:39.891+0300][133,821s][info][gc] GC(951) Concurrent cleanup 422M->272M(512M) 0,074ms
[2020-11-04T21:43:39.920+0300][133,850s][info][gc] Trigger: Average GC time (122,68 ms) is above the time for allocation rate (996 MB/s) to deplete free headroom (118M)
[2020-11-04T21:43:39.921+0300][133,850s][info][gc] GC(952) Concurrent reset 0,584ms
[2020-11-04T21:43:39.921+0300][133,851s][info][gc] GC(952) Pause Init Mark (unload classes) 0,132ms
[2020-11-04T21:43:39.995+0300][133,925s][info][gc] GC(952) Concurrent marking (unload classes) 73,965ms
[2020-11-04T21:43:39.996+0300][133,925s][info][gc] GC(952) Pause Final Mark (unload classes) 0,462ms
[2020-11-04T21:43:39.996+0300][133,926s][info][gc] GC(952) Concurrent weak roots 0,563ms
[2020-11-04T21:43:39.996+0300][133,926s][info][gc] GC(952) Concurrent cleanup 360M->360M(512M) 0,041ms
[2020-11-04T21:43:39.997+0300][133,927s][info][gc] GC(952) Concurrent class unloading 0,795ms
[2020-11-04T21:43:39.997+0300][133,927s][info][gc] GC(952) Concurrent strong roots 0,083ms
[2020-11-04T21:43:40.001+0300][133,931s][info][gc] GC(952) Concurrent evacuation 3,779ms
[2020-11-04T21:43:40.001+0300][133,931s][info][gc] GC(952) Pause Init Update Refs 0,015ms
[2020-11-04T21:43:40.042+0300][133,972s][info][gc] GC(952) Concurrent update references 40,532ms
[2020-11-04T21:43:40.042+0300][133,972s][info][gc] GC(952) Pause Final Update Refs 0,146ms
[2020-11-04T21:43:40.043+0300][133,972s][info][gc] GC(952) Concurrent cleanup 428M->274M(512M) 0,094ms
[2020-11-04T21:43:40.070+0300][134,000s][info][gc] Trigger: Average GC time (122,67 ms) is above the time for allocation rate (985 MB/s) to deplete free headroom (119M)
[2020-11-04T21:43:40.071+0300][134,001s][info][gc] GC(953) Concurrent reset 0,591ms
[2020-11-04T21:43:40.071+0300][134,001s][info][gc] GC(953) Pause Init Mark (unload classes) 0,149ms
[2020-11-04T21:43:40.144+0300][134,074s][info][gc] GC(953) Concurrent marking (unload classes) 72,316ms
[2020-11-04T21:43:40.144+0300][134,074s][info][gc] GC(953) Pause Final Mark (unload classes) 0,397ms
[2020-11-04T21:43:40.145+0300][134,075s][info][gc] GC(953) Concurrent weak roots 0,453ms
[2020-11-04T21:43:40.145+0300][134,075s][info][gc] GC(953) Concurrent cleanup 360M->360M(512M) 0,033ms
[2020-11-04T21:43:40.146+0300][134,076s][info][gc] GC(953) Concurrent class unloading 0,935ms
[2020-11-04T21:43:40.146+0300][134,076s][info][gc] GC(953) Concurrent strong roots 0,060ms
[2020-11-04T21:43:40.150+0300][134,080s][info][gc] GC(953) Concurrent evacuation 3,960ms
[2020-11-04T21:43:40.150+0300][134,080s][info][gc] GC(953) Pause Init Update Refs 0,012ms
[2020-11-04T21:43:40.187+0300][134,117s][info][gc] GC(953) Concurrent update references 36,846ms
[2020-11-04T21:43:40.188+0300][134,118s][info][gc] GC(953) Pause Final Update Refs 0,169ms
[2020-11-04T21:43:40.188+0300][134,118s][info][gc] GC(953) Concurrent cleanup 445M->296M(512M) 0,094ms
[2020-11-04T21:43:40.203+0300][134,133s][info][gc] Trigger: Average GC time (121,00 ms) is above the time for allocation rate (1051 MB/s) to deplete free headroom (124M)
[2020-11-04T21:43:40.203+0300][134,133s][info][gc] GC(954) Concurrent reset 0,666ms
[2020-11-04T21:43:40.204+0300][134,134s][info][gc] GC(954) Pause Init Mark (unload classes) 0,108ms
[2020-11-04T21:43:40.292+0300][134,222s][info][gc] GC(954) Concurrent marking (unload classes) 87,823ms
[2020-11-04T21:43:40.292+0300][134,222s][info][gc] GC(954) Pause Final Mark (unload classes) 0,408ms
[2020-11-04T21:43:40.293+0300][134,223s][info][gc] GC(954) Concurrent weak roots 0,415ms
[2020-11-04T21:43:40.293+0300][134,223s][info][gc] GC(954) Concurrent cleanup 357M->357M(512M) 0,034ms
[2020-11-04T21:43:40.294+0300][134,224s][info][gc] GC(954) Concurrent class unloading 1,093ms
[2020-11-04T21:43:40.294+0300][134,224s][info][gc] GC(954) Concurrent strong roots 0,114ms
[2020-11-04T21:43:40.298+0300][134,227s][info][gc] GC(954) Concurrent evacuation 3,377ms
[2020-11-04T21:43:40.298+0300][134,228s][info][gc] GC(954) Pause Init Update Refs 0,022ms
[2020-11-04T21:43:40.340+0300][134,270s][info][gc] GC(954) Concurrent update references 41,738ms
[2020-11-04T21:43:40.340+0300][134,270s][info][gc] GC(954) Pause Final Update Refs 0,170ms
[2020-11-04T21:43:40.340+0300][134,270s][info][gc] GC(954) Concurrent cleanup 432M->292M(512M) 0,090ms
[2020-11-04T21:43:40.361+0300][134,290s][info][gc] Trigger: Average GC time (124,59 ms) is above the time for allocation rate (924 MB/s) to deplete free headroom (114M)
[2020-11-04T21:43:40.361+0300][134,291s][info][gc] GC(955) Concurrent reset 0,632ms
[2020-11-04T21:43:40.362+0300][134,292s][info][gc] GC(955) Pause Init Mark (process weakrefs) (unload classes) 0,271ms
[2020-11-04T21:43:40.441+0300][134,371s][info][gc] GC(955) Concurrent marking (process weakrefs) (unload classes) 79,377ms
[2020-11-04T21:43:40.442+0300][134,371s][info][gc] GC(955) Concurrent precleaning 0,150ms
[2020-11-04T21:43:40.443+0300][134,372s][info][gc] GC(955) Pause Final Mark (process weakrefs) (unload classes) 0,712ms
[2020-11-04T21:43:40.443+0300][134,373s][info][gc] GC(955) Concurrent weak roots 0,444ms
[2020-11-04T21:43:40.443+0300][134,373s][info][gc] GC(955) Concurrent cleanup 365M->365M(512M) 0,042ms
[2020-11-04T21:43:40.444+0300][134,374s][info][gc] GC(955) Concurrent class unloading 1,297ms
[2020-11-04T21:43:40.445+0300][134,374s][info][gc] GC(955) Concurrent strong roots 0,057ms
[2020-11-04T21:43:40.448+0300][134,378s][info][gc] GC(955) Concurrent evacuation 3,601ms
[2020-11-04T21:43:40.448+0300][134,378s][info][gc] GC(955) Pause Init Update Refs 0,016ms
[2020-11-04T21:43:40.488+0300][134,418s][info][gc] GC(955) Concurrent update references 39,142ms
[2020-11-04T21:43:40.488+0300][134,418s][info][gc] GC(955) Pause Final Update Refs 0,290ms
[2020-11-04T21:43:40.489+0300][134,418s][info][gc] GC(955) Concurrent cleanup 455M->308M(512M) 0,106ms
[2020-11-04T21:43:40.500+0300][134,430s][info][gc] Trigger: Average GC time (126,26 ms) is above the time for allocation rate (969 MB/s) to deplete free headroom (120M)
[2020-11-04T21:43:40.501+0300][134,431s][info][gc] GC(956) Concurrent reset 0,643ms
[2020-11-04T21:43:40.502+0300][134,431s][info][gc] GC(956) Pause Init Mark (unload classes) 0,264ms
[2020-11-04T21:43:40.575+0300][134,504s][info][gc] GC(956) Concurrent marking (unload classes) 72,877ms
[2020-11-04T21:43:40.575+0300][134,505s][info][gc] GC(956) Pause Final Mark (unload classes) 0,543ms
[2020-11-04T21:43:40.576+0300][134,506s][info][gc] GC(956) Concurrent weak roots 0,485ms
[2020-11-04T21:43:40.576+0300][134,506s][info][gc] GC(956) Concurrent cleanup 358M->358M(512M) 0,041ms
[2020-11-04T21:43:40.577+0300][134,507s][info][gc] GC(956) Concurrent class unloading 0,797ms
[2020-11-04T21:43:40.577+0300][134,507s][info][gc] GC(956) Concurrent strong roots 0,099ms
[2020-11-04T21:43:40.580+0300][134,510s][info][gc] GC(956) Concurrent evacuation 3,425ms
[2020-11-04T21:43:40.581+0300][134,511s][info][gc] GC(956) Pause Init Update Refs 0,016ms
[2020-11-04T21:43:40.620+0300][134,550s][info][gc] GC(956) Concurrent update references 39,127ms
[2020-11-04T21:43:40.620+0300][134,550s][info][gc] GC(956) Pause Final Update Refs 0,152ms
[2020-11-04T21:43:40.621+0300][134,550s][info][gc] GC(956) Concurrent cleanup 451M->315M(512M) 0,116ms
[2020-11-04T21:43:40.629+0300][134,559s][info][gc] Trigger: Average GC time (125,22 ms) is above the time for allocation rate (1005 MB/s) to deplete free headroom (122M)
[2020-11-04T21:43:40.630+0300][134,560s][info][gc] GC(957) Concurrent reset 0,595ms
[2020-11-04T21:43:40.630+0300][134,560s][info][gc] GC(957) Pause Init Mark (unload classes) 0,102ms
[2020-11-04T21:43:40.704+0300][134,634s][info][gc] GC(957) Concurrent marking (unload classes) 73,433ms
[2020-11-04T21:43:40.705+0300][134,634s][info][gc] GC(957) Pause Final Mark (unload classes) 0,541ms
[2020-11-04T21:43:40.705+0300][134,635s][info][gc] GC(957) Concurrent weak roots 0,447ms
[2020-11-04T21:43:40.705+0300][134,635s][info][gc] GC(957) Concurrent cleanup 357M->357M(512M) 0,041ms
[2020-11-04T21:43:40.706+0300][134,636s][info][gc] GC(957) Concurrent class unloading 0,795ms
[2020-11-04T21:43:40.706+0300][134,636s][info][gc] GC(957) Concurrent strong roots 0,103ms
[2020-11-04T21:43:40.710+0300][134,640s][info][gc] GC(957) Concurrent evacuation 3,999ms
[2020-11-04T21:43:40.711+0300][134,640s][info][gc] GC(957) Pause Init Update Refs 0,025ms
[2020-11-04T21:43:40.750+0300][134,680s][info][gc] GC(957) Concurrent update references 39,830ms
[2020-11-04T21:43:40.751+0300][134,681s][info][gc] GC(957) Pause Final Update Refs 0,148ms
[2020-11-04T21:43:40.751+0300][134,681s][info][gc] GC(957) Concurrent cleanup 451M->322M(512M) 0,072ms
[2020-11-04T21:43:40.757+0300][134,687s][info][gc] Trigger: Average GC time (125,05 ms) is above the time for allocation rate (991 MB/s) to deplete free headroom (120M)
[2020-11-04T21:43:40.758+0300][134,688s][info][gc] GC(958) Concurrent reset 0,544ms
[2020-11-04T21:43:40.758+0300][134,688s][info][gc] GC(958) Pause Init Mark (unload classes) 0,098ms
[2020-11-04T21:43:40.838+0300][134,768s][info][gc] GC(958) Concurrent marking (unload classes) 79,391ms
[2020-11-04T21:43:40.839+0300][134,768s][info][gc] GC(958) Pause Final Mark (unload classes) 0,434ms
[2020-11-04T21:43:40.839+0300][134,769s][info][gc] GC(958) Concurrent weak roots 0,479ms
[2020-11-04T21:43:40.839+0300][134,769s][info][gc] GC(958) Concurrent cleanup 358M->358M(512M) 0,038ms
[2020-11-04T21:43:40.840+0300][134,770s][info][gc] GC(958) Concurrent class unloading 0,949ms
[2020-11-04T21:43:40.840+0300][134,770s][info][gc] GC(958) Concurrent strong roots 0,153ms
[2020-11-04T21:43:40.843+0300][134,773s][info][gc] GC(958) Concurrent evacuation 3,086ms
[2020-11-04T21:43:40.844+0300][134,774s][info][gc] GC(958) Pause Init Update Refs 0,024ms
[2020-11-04T21:43:40.887+0300][134,816s][info][gc] GC(958) Concurrent update references 42,645ms
[2020-11-04T21:43:40.887+0300][134,817s][info][gc] GC(958) Pause Final Update Refs 0,128ms
[2020-11-04T21:43:40.887+0300][134,817s][info][gc] GC(958) Concurrent cleanup 448M->321M(512M) 0,106ms
[2020-11-04T21:43:40.896+0300][134,826s][info][gc] Trigger: Average GC time (127,48 ms) is above the time for allocation rate (924 MB/s) to deplete free headroom (116M)
[2020-11-04T21:43:40.896+0300][134,826s][info][gc] GC(959) Concurrent reset 0,667ms
[2020-11-04T21:43:40.897+0300][134,827s][info][gc] GC(959) Pause Init Mark (unload classes) 0,102ms
[2020-11-04T21:43:40.984+0300][134,914s][info][gc] GC(959) Concurrent marking (unload classes) 87,280ms
[2020-11-04T21:43:40.985+0300][134,915s][info][gc] GC(959) Pause Final Mark (unload classes) 0,562ms
[2020-11-04T21:43:40.986+0300][134,915s][info][gc] GC(959) Concurrent weak roots 0,406ms
[2020-11-04T21:43:40.986+0300][134,915s][info][gc] GC(959) Concurrent cleanup 363M->363M(512M) 0,039ms
[2020-11-04T21:43:40.987+0300][134,916s][info][gc] GC(959) Concurrent class unloading 0,995ms
[2020-11-04T21:43:40.987+0300][134,917s][info][gc] GC(959) Concurrent strong roots 0,092ms
[2020-11-04T21:43:40.990+0300][134,920s][info][gc] GC(959) Concurrent evacuation 3,107ms
[2020-11-04T21:43:40.990+0300][134,920s][info][gc] GC(959) Pause Init Update Refs 0,020ms
[2020-11-04T21:43:41.038+0300][134,968s][info][gc] GC(959) Concurrent update references 47,438ms
[2020-11-04T21:43:41.038+0300][134,968s][info][gc] GC(959) Pause Final Update Refs 0,155ms
[2020-11-04T21:43:41.039+0300][134,968s][info][gc] GC(959) Concurrent cleanup 471M->343M(512M) 0,111ms
[2020-11-04T21:43:41.041+0300][134,971s][info][gc] Trigger: Average GC time (128,50 ms) is above the time for allocation rate (893 MB/s) to deplete free headroom (111M)
[2020-11-04T21:43:41.041+0300][134,971s][info][gc] GC(960) Concurrent reset 0,444ms
[2020-11-04T21:43:41.042+0300][134,971s][info][gc] GC(960) Pause Init Mark (process weakrefs) (unload classes) 0,137ms
[2020-11-04T21:43:41.122+0300][135,052s][info][gc] GC(960) Concurrent marking (process weakrefs) (unload classes) 80,786ms
[2020-11-04T21:43:41.123+0300][135,053s][info][gc] GC(960) Concurrent precleaning 0,139ms
[2020-11-04T21:43:41.124+0300][135,053s][info][gc] GC(960) Pause Final Mark (process weakrefs) (unload classes) 0,741ms
[2020-11-04T21:43:41.124+0300][135,054s][info][gc] GC(960) Concurrent weak roots 0,398ms
[2020-11-04T21:43:41.124+0300][135,054s][info][gc] GC(960) Concurrent cleanup 367M->367M(512M) 0,040ms
[2020-11-04T21:43:41.125+0300][135,055s][info][gc] GC(960) Concurrent class unloading 0,902ms
[2020-11-04T21:43:41.125+0300][135,055s][info][gc] GC(960) Concurrent strong roots 0,104ms
[2020-11-04T21:43:41.129+0300][135,058s][info][gc] GC(960) Concurrent evacuation 3,436ms
[2020-11-04T21:43:41.129+0300][135,059s][info][gc] GC(960) Pause Init Update Refs 0,010ms
[2020-11-04T21:43:41.180+0300][135,110s][info][gc] GC(960) Concurrent update references 51,218ms
[2020-11-04T21:43:41.181+0300][135,111s][info][gc] GC(960) Pause Final Update Refs 0,343ms
[2020-11-04T21:43:41.181+0300][135,111s][info][gc] GC(960) Concurrent cleanup 479M->349M(512M) 0,081ms
[2020-11-04T21:43:41.182+0300][135,112s][info][gc] Trigger: Average GC time (131,00 ms) is above the time for allocation rate (910 MB/s) to deplete free headroom (107M)
[2020-11-04T21:43:41.183+0300][135,112s][info][gc] GC(961) Concurrent reset 0,451ms
[2020-11-04T21:43:41.183+0300][135,113s][info][gc] GC(961) Pause Init Mark (unload classes) 0,153ms
[2020-11-04T21:43:41.267+0300][135,196s][info][gc] GC(961) Concurrent marking (unload classes) 83,481ms
[2020-11-04T21:43:41.267+0300][135,197s][info][gc] GC(961) Pause Final Mark (unload classes) 0,687ms
[2020-11-04T21:43:41.268+0300][135,198s][info][gc] GC(961) Concurrent weak roots 0,405ms
[2020-11-04T21:43:41.268+0300][135,198s][info][gc] GC(961) Concurrent cleanup 370M->370M(512M) 0,037ms
[2020-11-04T21:43:41.269+0300][135,199s][info][gc] GC(961) Concurrent class unloading 0,774ms
[2020-11-04T21:43:41.269+0300][135,199s][info][gc] GC(961) Concurrent strong roots 0,059ms
[2020-11-04T21:43:41.272+0300][135,202s][info][gc] GC(961) Concurrent evacuation 3,167ms
[2020-11-04T21:43:41.272+0300][135,202s][info][gc] GC(961) Pause Init Update Refs 0,015ms
[2020-11-04T21:43:41.320+0300][135,250s][info][gc] GC(961) Concurrent update references 47,324ms
[2020-11-04T21:43:41.320+0300][135,250s][info][gc] GC(961) Pause Final Update Refs 0,271ms
[2020-11-04T21:43:41.321+0300][135,250s][info][gc] GC(961) Concurrent cleanup 453M->323M(512M) 0,094ms
[2020-11-04T21:43:41.331+0300][135,261s][info][gc] Trigger: Average GC time (134,62 ms) is above the time for allocation rate (835 MB/s) to deplete free headroom (108M)
[2020-11-04T21:43:41.332+0300][135,262s][info][gc] GC(962) Concurrent reset 0,594ms
[2020-11-04T21:43:41.332+0300][135,262s][info][gc] GC(962) Pause Init Mark (unload classes) 0,095ms
[2020-11-04T21:43:41.413+0300][135,343s][info][gc] GC(962) Concurrent marking (unload classes) 80,626ms
[2020-11-04T21:43:41.414+0300][135,344s][info][gc] GC(962) Pause Final Mark (unload classes) 0,690ms
[2020-11-04T21:43:41.414+0300][135,344s][info][gc] GC(962) Concurrent weak roots 0,365ms
[2020-11-04T21:43:41.414+0300][135,344s][info][gc] GC(962) Concurrent cleanup 369M->369M(512M) 0,036ms
[2020-11-04T21:43:41.415+0300][135,345s][info][gc] GC(962) Concurrent class unloading 0,856ms
[2020-11-04T21:43:41.415+0300][135,345s][info][gc] GC(962) Concurrent strong roots 0,128ms
[2020-11-04T21:43:41.418+0300][135,348s][info][gc] GC(962) Concurrent evacuation 3,103ms
[2020-11-04T21:43:41.419+0300][135,349s][info][gc] GC(962) Pause Init Update Refs 0,015ms
[2020-11-04T21:43:41.463+0300][135,393s][info][gc] GC(962) Concurrent update references 43,968ms
[2020-11-04T21:43:41.463+0300][135,393s][info][gc] GC(962) Pause Final Update Refs 0,307ms
[2020-11-04T21:43:41.464+0300][135,393s][info][gc] GC(962) Concurrent cleanup 469M->345M(512M) 0,092ms
[2020-11-04T21:43:41.465+0300][135,395s][info][gc] Trigger: Average GC time (136,73 ms) is above the time for allocation rate (875 MB/s) to deplete free headroom (112M)
[2020-11-04T21:43:41.465+0300][135,395s][info][gc] GC(963) Concurrent reset 0,420ms
[2020-11-04T21:43:41.465+0300][135,395s][info][gc] GC(963) Pause Init Mark (unload classes) 0,094ms
[2020-11-04T21:43:41.583+0300][135,513s][info][gc] GC(963) Concurrent marking (unload classes) 117,377ms
[2020-11-04T21:43:41.584+0300][135,514s][info][gc] GC(963) Pause Final Mark (unload classes) 0,718ms
[2020-11-04T21:43:41.584+0300][135,514s][info][gc] GC(963) Concurrent weak roots 0,487ms
[2020-11-04T21:43:41.584+0300][135,514s][info][gc] GC(963) Concurrent cleanup 367M->367M(512M) 0,034ms
[2020-11-04T21:43:41.585+0300][135,515s][info][gc] GC(963) Concurrent class unloading 0,917ms
[2020-11-04T21:43:41.586+0300][135,515s][info][gc] GC(963) Concurrent strong roots 0,060ms
[2020-11-04T21:43:41.589+0300][135,519s][info][gc] GC(963) Concurrent evacuation 3,390ms
[2020-11-04T21:43:41.589+0300][135,519s][info][gc] GC(963) Pause Init Update Refs 0,013ms
[2020-11-04T21:43:41.637+0300][135,567s][info][gc] GC(963) Concurrent update references 48,092ms
[2020-11-04T21:43:41.638+0300][135,568s][info][gc] GC(963) Pause Final Update Refs 0,129ms
[2020-11-04T21:43:41.638+0300][135,568s][info][gc] GC(963) Concurrent cleanup 451M->334M(512M) 0,088ms
[2020-11-04T21:43:41.649+0300][135,579s][info][gc] Trigger: Average GC time (145,44 ms) is above the time for allocation rate (693 MB/s) to deplete free headroom (100378K)
[2020-11-04T21:43:41.649+0300][135,579s][info][gc] GC(964) Concurrent reset 0,549ms
[2020-11-04T21:43:41.650+0300][135,580s][info][gc] GC(964) Pause Init Mark (unload classes) 0,147ms
[2020-11-04T21:43:41.770+0300][135,700s][info][gc] GC(964) Concurrent marking (unload classes) 120,633ms
[2020-11-04T21:43:41.771+0300][135,701s][info][gc] GC(964) Pause Final Mark (unload classes) 0,501ms
[2020-11-04T21:43:41.772+0300][135,701s][info][gc] GC(964) Concurrent weak roots 0,373ms
[2020-11-04T21:43:41.772+0300][135,702s][info][gc] GC(964) Concurrent cleanup 379M->379M(512M) 0,026ms
[2020-11-04T21:43:41.772+0300][135,702s][info][gc] GC(964) Concurrent class unloading 0,760ms
[2020-11-04T21:43:41.773+0300][135,702s][info][gc] GC(964) Concurrent strong roots 0,096ms
[2020-11-04T21:43:41.776+0300][135,706s][info][gc] GC(964) Concurrent evacuation 3,166ms
[2020-11-04T21:43:41.776+0300][135,706s][info][gc] GC(964) Pause Init Update Refs 0,013ms
[2020-11-04T21:43:41.821+0300][135,751s][info][gc] GC(964) Concurrent update references 45,213ms
[2020-11-04T21:43:41.822+0300][135,752s][info][gc] GC(964) Pause Final Update Refs 0,167ms
[2020-11-04T21:43:41.823+0300][135,753s][info][gc] GC(964) Concurrent cleanup 466M->338M(512M) 0,133ms
[2020-11-04T21:43:41.832+0300][135,762s][info][gc] Trigger: Average GC time (151,80 ms) is above the time for allocation rate (665 MB/s) to deplete free headroom (102170K)
[2020-11-04T21:43:41.833+0300][135,762s][info][gc] GC(965) Concurrent reset 0,618ms
[2020-11-04T21:43:41.833+0300][135,763s][info][gc] GC(965) Pause Init Mark (process weakrefs) (unload classes) 0,126ms
[2020-11-04T21:43:41.885+0300][135,815s][info][gc] GC(965) Concurrent marking (process weakrefs) (unload classes) 51,836ms
[2020-11-04T21:43:41.885+0300][135,815s][info][gc] GC(965) Concurrent precleaning 0,158ms
[2020-11-04T21:43:41.886+0300][135,816s][info][gc] GC(965) Pause Final Mark (process weakrefs) (unload classes) 0,474ms
[2020-11-04T21:43:41.886+0300][135,816s][info][gc] GC(965) Concurrent weak roots 0,518ms
[2020-11-04T21:43:41.886+0300][135,816s][info][gc] GC(965) Concurrent cleanup 376M->372M(512M) 0,035ms
[2020-11-04T21:43:41.888+0300][135,817s][info][gc] GC(965) Concurrent class unloading 1,100ms
[2020-11-04T21:43:41.888+0300][135,818s][info][gc] GC(965) Concurrent strong roots 0,077ms
[2020-11-04T21:43:41.891+0300][135,820s][info][gc] GC(965) Concurrent evacuation 2,865ms
[2020-11-04T21:43:41.891+0300][135,821s][info][gc] GC(965) Pause Init Update Refs 0,023ms
[2020-11-04T21:43:41.925+0300][135,855s][info][gc] GC(965) Concurrent update references 34,406ms
[2020-11-04T21:43:41.926+0300][135,856s][info][gc] GC(965) Pause Final Update Refs 0,257ms
[2020-11-04T21:43:41.926+0300][135,856s][info][gc] GC(965) Concurrent cleanup 449M->230M(512M) 0,109ms
[2020-11-04T21:43:41.946+0300][135,876s][info][gc] Trigger: Average GC time (142,58 ms) is above the time for allocation rate (1239 MB/s) to deplete free headroom (176M)
[2020-11-04T21:43:41.947+0300][135,877s][info][gc] GC(966) Concurrent reset 0,606ms
[2020-11-04T21:43:41.948+0300][135,877s][info][gc] GC(966) Pause Init Mark (unload classes) 0,252ms
[2020-11-04T21:43:42.027+0300][135,957s][info][gc] GC(966) Concurrent marking (unload classes) 79,224ms
[2020-11-04T21:43:42.028+0300][135,957s][info][gc] GC(966) Pause Final Mark (unload classes) 0,360ms
[2020-11-04T21:43:42.028+0300][135,958s][info][gc] GC(966) Concurrent weak roots 0,356ms
[2020-11-04T21:43:42.028+0300][135,958s][info][gc] GC(966) Concurrent cleanup 310M->310M(512M) 0,038ms
[2020-11-04T21:43:42.029+0300][135,959s][info][gc] GC(966) Concurrent class unloading 0,810ms
[2020-11-04T21:43:42.029+0300][135,959s][info][gc] GC(966) Concurrent strong roots 0,056ms
[2020-11-04T21:43:42.033+0300][135,962s][info][gc] GC(966) Concurrent evacuation 3,517ms
[2020-11-04T21:43:42.033+0300][135,963s][info][gc] GC(966) Pause Init Update Refs 0,022ms
[2020-11-04T21:43:42.060+0300][135,990s][info][gc] GC(966) Concurrent update references 26,759ms
[2020-11-04T21:43:42.060+0300][135,990s][info][gc] GC(966) Pause Final Update Refs 0,206ms
[2020-11-04T21:43:42.060+0300][135,990s][info][gc] GC(966) Concurrent cleanup 376M->233M(512M) 0,061ms
[2020-11-04T21:43:42.088+0300][136,018s][info][gc] Trigger: Average GC time (137,72 ms) is above the time for allocation rate (1135 MB/s) to deplete free headroom (153M)
[2020-11-04T21:43:42.089+0300][136,018s][info][gc] GC(967) Concurrent reset 0,514ms
[2020-11-04T21:43:42.089+0300][136,019s][info][gc] GC(967) Pause Init Mark (unload classes) 0,132ms
[2020-11-04T21:43:42.152+0300][136,082s][info][gc] GC(967) Concurrent marking (unload classes) 62,538ms
[2020-11-04T21:43:42.152+0300][136,082s][info][gc] GC(967) Pause Final Mark (unload classes) 0,524ms
[2020-11-04T21:43:42.153+0300][136,083s][info][gc] GC(967) Concurrent weak roots 0,455ms
[2020-11-04T21:43:42.153+0300][136,083s][info][gc] GC(967) Concurrent cleanup 329M->329M(512M) 0,036ms
[2020-11-04T21:43:42.154+0300][136,084s][info][gc] GC(967) Concurrent class unloading 0,951ms
[2020-11-04T21:43:42.154+0300][136,084s][info][gc] GC(967) Concurrent strong roots 0,064ms
[2020-11-04T21:43:42.158+0300][136,088s][info][gc] GC(967) Concurrent evacuation 4,277ms
[2020-11-04T21:43:42.159+0300][136,089s][info][gc] GC(967) Pause Init Update Refs 0,025ms
[2020-11-04T21:43:42.186+0300][136,116s][info][gc] GC(967) Concurrent update references 27,267ms
[2020-11-04T21:43:42.187+0300][136,117s][info][gc] GC(967) Pause Final Update Refs 0,145ms
[2020-11-04T21:43:42.187+0300][136,117s][info][gc] GC(967) Concurrent cleanup 395M->235M(512M) 0,108ms
[2020-11-04T21:43:42.212+0300][136,142s][info][gc] Trigger: Average GC time (131,03 ms) is above the time for allocation rate (1218 MB/s) to deplete free headroom (157M)
[2020-11-04T21:43:42.213+0300][136,143s][info][gc] GC(968) Concurrent reset 0,584ms
[2020-11-04T21:43:42.213+0300][136,143s][info][gc] GC(968) Pause Init Mark (unload classes) 0,117ms
[2020-11-04T21:43:42.267+0300][136,197s][info][gc] GC(968) Concurrent marking (unload classes) 53,265ms
[2020-11-04T21:43:42.268+0300][136,197s][info][gc] GC(968) Pause Final Mark (unload classes) 0,482ms
[2020-11-04T21:43:42.268+0300][136,198s][info][gc] GC(968) Concurrent weak roots 0,471ms
[2020-11-04T21:43:42.268+0300][136,198s][info][gc] GC(968) Concurrent cleanup 327M->327M(512M) 0,043ms
[2020-11-04T21:43:42.269+0300][136,199s][info][gc] GC(968) Concurrent class unloading 1,213ms
[2020-11-04T21:43:42.270+0300][136,199s][info][gc] GC(968) Concurrent strong roots 0,114ms
[2020-11-04T21:43:42.273+0300][136,203s][info][gc] GC(968) Concurrent evacuation 3,645ms
[2020-11-04T21:43:42.274+0300][136,203s][info][gc] GC(968) Pause Init Update Refs 0,024ms
[2020-11-04T21:43:42.305+0300][136,235s][info][gc] GC(968) Concurrent update references 31,516ms
[2020-11-04T21:43:42.305+0300][136,235s][info][gc] GC(968) Pause Final Update Refs 0,136ms
[2020-11-04T21:43:42.306+0300][136,235s][info][gc] GC(968) Concurrent cleanup 381M->229M(512M) 0,094ms
[2020-11-04T21:43:42.337+0300][136,267s][info][gc] Trigger: Average GC time (115,01 ms) is above the time for allocation rate (1270 MB/s) to deplete free headroom (146M)
[2020-11-04T21:43:42.338+0300][136,268s][info][gc] GC(969) Concurrent reset 0,539ms
[2020-11-04T21:43:42.338+0300][136,268s][info][gc] GC(969) Pause Init Mark (unload classes) 0,093ms
[2020-11-04T21:43:42.418+0300][136,348s][info][gc] GC(969) Concurrent marking (unload classes) 79,286ms
[2020-11-04T21:43:42.418+0300][136,348s][info][gc] GC(969) Pause Final Mark (unload classes) 0,422ms
[2020-11-04T21:43:42.419+0300][136,349s][info][gc] GC(969) Concurrent weak roots 0,400ms
[2020-11-04T21:43:42.419+0300][136,349s][info][gc] GC(969) Concurrent cleanup 337M->337M(512M) 0,037ms
[2020-11-04T21:43:42.420+0300][136,350s][info][gc] GC(969) Concurrent class unloading 0,959ms
[2020-11-04T21:43:42.420+0300][136,350s][info][gc] GC(969) Concurrent strong roots 0,069ms
[2020-11-04T21:43:42.424+0300][136,354s][info][gc] GC(969) Concurrent evacuation 3,808ms
[2020-11-04T21:43:42.424+0300][136,354s][info][gc] GC(969) Pause Init Update Refs 0,012ms
[2020-11-04T21:43:42.455+0300][136,385s][info][gc] GC(969) Concurrent update references 31,002ms
[2020-11-04T21:43:42.456+0300][136,386s][info][gc] GC(969) Pause Final Update Refs 0,329ms
[2020-11-04T21:43:42.456+0300][136,386s][info][gc] GC(969) Concurrent cleanup 409M->251M(512M) 0,099ms
[2020-11-04T21:43:42.489+0300][136,419s][info][gc] Trigger: Average GC time (103,80 ms) is above the time for allocation rate (1176 MB/s) to deplete free headroom (121M)
[2020-11-04T21:43:42.490+0300][136,419s][info][gc] GC(970) Concurrent reset 0,617ms
[2020-11-04T21:43:42.490+0300][136,420s][info][gc] GC(970) Pause Init Mark (process weakrefs) (unload classes) 0,239ms
[2020-11-04T21:43:42.555+0300][136,485s][info][gc] GC(970) Concurrent marking (process weakrefs) (unload classes) 64,661ms
[2020-11-04T21:43:42.555+0300][136,485s][info][gc] GC(970) Concurrent precleaning 0,153ms
[2020-11-04T21:43:42.556+0300][136,486s][info][gc] GC(970) Pause Final Mark (process weakrefs) (unload classes) 0,654ms
[2020-11-04T21:43:42.557+0300][136,486s][info][gc] GC(970) Concurrent weak roots 0,414ms
[2020-11-04T21:43:42.557+0300][136,486s][info][gc] GC(970) Concurrent cleanup 359M->359M(512M) 0,037ms
[2020-11-04T21:43:42.557+0300][136,487s][info][gc] GC(970) Concurrent class unloading 0,835ms
[2020-11-04T21:43:42.558+0300][136,487s][info][gc] GC(970) Concurrent strong roots 0,134ms
[2020-11-04T21:43:42.562+0300][136,492s][info][gc] GC(970) Concurrent evacuation 4,379ms
[2020-11-04T21:43:42.562+0300][136,492s][info][gc] GC(970) Pause Init Update Refs 0,013ms
[2020-11-04T21:43:42.593+0300][136,523s][info][gc] GC(970) Concurrent update references 30,798ms
[2020-11-04T21:43:42.594+0300][136,524s][info][gc] GC(970) Pause Final Update Refs 0,315ms
[2020-11-04T21:43:42.594+0300][136,524s][info][gc] GC(970) Concurrent cleanup 437M->258M(512M) 0,102ms
[2020-11-04T21:43:42.621+0300][136,550s][info][gc] Trigger: Average GC time (105,97 ms) is above the time for allocation rate (1246 MB/s) to deplete free headroom (131M)
[2020-11-04T21:43:42.621+0300][136,551s][info][gc] GC(971) Concurrent reset 0,597ms
[2020-11-04T21:43:42.622+0300][136,552s][info][gc] GC(971) Pause Init Mark (unload classes) 0,273ms
[2020-11-04T21:43:42.701+0300][136,631s][info][gc] GC(971) Concurrent marking (unload classes) 79,131ms
[2020-11-04T21:43:42.702+0300][136,632s][info][gc] GC(971) Pause Final Mark (unload classes) 0,608ms
[2020-11-04T21:43:42.702+0300][136,632s][info][gc] GC(971) Concurrent weak roots 0,440ms
[2020-11-04T21:43:42.702+0300][136,632s][info][gc] GC(971) Concurrent cleanup 351M->351M(512M) 0,036ms
[2020-11-04T21:43:42.703+0300][136,633s][info][gc] GC(971) Concurrent class unloading 0,830ms
[2020-11-04T21:43:42.703+0300][136,633s][info][gc] GC(971) Concurrent strong roots 0,062ms
[2020-11-04T21:43:42.708+0300][136,638s][info][gc] GC(971) Concurrent evacuation 4,524ms
[2020-11-04T21:43:42.708+0300][136,638s][info][gc] GC(971) Pause Init Update Refs 0,014ms
[2020-11-04T21:43:42.740+0300][136,670s][info][gc] GC(971) Concurrent update references 31,628ms
[2020-11-04T21:43:42.741+0300][136,670s][info][gc] GC(971) Pause Final Update Refs 0,378ms
[2020-11-04T21:43:42.741+0300][136,671s][info][gc] GC(971) Concurrent cleanup 427M->263M(512M) 0,101ms
[2020-11-04T21:43:42.774+0300][136,704s][info][gc] Trigger: Average GC time (107,21 ms) is above the time for allocation rate (1119 MB/s) to deplete free headroom (118M)
[2020-11-04T21:43:42.775+0300][136,704s][info][gc] GC(972) Concurrent reset 0,667ms
[2020-11-04T21:43:42.775+0300][136,705s][info][gc] GC(972) Pause Init Mark (unload classes) 0,281ms
[2020-11-04T21:43:42.848+0300][136,777s][info][gc] GC(972) Concurrent marking (unload classes) 72,367ms
[2020-11-04T21:43:42.849+0300][136,778s][info][gc] GC(972) Pause Final Mark (unload classes) 0,743ms
[2020-11-04T21:43:42.849+0300][136,779s][info][gc] GC(972) Concurrent weak roots 0,421ms
[2020-11-04T21:43:42.849+0300][136,779s][info][gc] GC(972) Concurrent cleanup 361M->361M(512M) 0,034ms
[2020-11-04T21:43:42.850+0300][136,780s][info][gc] GC(972) Concurrent class unloading 0,903ms
[2020-11-04T21:43:42.850+0300][136,780s][info][gc] GC(972) Concurrent strong roots 0,134ms
[2020-11-04T21:43:42.855+0300][136,785s][info][gc] GC(972) Concurrent evacuation 4,685ms
[2020-11-04T21:43:42.855+0300][136,785s][info][gc] GC(972) Pause Init Update Refs 0,022ms
[2020-11-04T21:43:42.891+0300][136,821s][info][gc] GC(972) Concurrent update references 35,700ms
[2020-11-04T21:43:42.891+0300][136,821s][info][gc] GC(972) Pause Final Update Refs 0,149ms
[2020-11-04T21:43:42.892+0300][136,821s][info][gc] GC(972) Concurrent cleanup 426M->254M(512M) 0,095ms
[2020-11-04T21:43:42.924+0300][136,854s][info][gc] Trigger: Average GC time (110,96 ms) is above the time for allocation rate (1106 MB/s) to deplete free headroom (118M)
[2020-11-04T21:43:42.925+0300][136,855s][info][gc] GC(973) Concurrent reset 0,610ms
[2020-11-04T21:43:42.926+0300][136,855s][info][gc] GC(973) Pause Init Mark (unload classes) 0,255ms
[2020-11-04T21:43:43.005+0300][136,935s][info][gc] GC(973) Concurrent marking (unload classes) 79,378ms
[2020-11-04T21:43:43.006+0300][136,936s][info][gc] GC(973) Pause Final Mark (unload classes) 0,622ms
[2020-11-04T21:43:43.006+0300][136,936s][info][gc] GC(973) Concurrent weak roots 0,432ms
[2020-11-04T21:43:43.007+0300][136,936s][info][gc] GC(973) Concurrent cleanup 361M->361M(512M) 0,033ms
[2020-11-04T21:43:43.008+0300][136,937s][info][gc] GC(973) Concurrent class unloading 1,058ms
[2020-11-04T21:43:43.008+0300][136,938s][info][gc] GC(973) Concurrent strong roots 0,124ms
[2020-11-04T21:43:43.012+0300][136,942s][info][gc] GC(973) Concurrent evacuation 4,487ms
[2020-11-04T21:43:43.013+0300][136,942s][info][gc] GC(973) Pause Init Update Refs 0,022ms
[2020-11-04T21:43:43.050+0300][136,980s][info][gc] GC(973) Concurrent update references 36,980ms
[2020-11-04T21:43:43.050+0300][136,980s][info][gc] GC(973) Pause Final Update Refs 0,302ms
[2020-11-04T21:43:43.050+0300][136,980s][info][gc] GC(973) Concurrent cleanup 426M->260M(512M) 0,095ms
[2020-11-04T21:43:43.084+0300][137,014s][info][gc] Trigger: Average GC time (117,51 ms) is above the time for allocation rate (1016 MB/s) to deplete free headroom (117M)
[2020-11-04T21:43:43.085+0300][137,015s][info][gc] GC(974) Concurrent reset 0,586ms
[2020-11-04T21:43:43.086+0300][137,015s][info][gc] GC(974) Pause Init Mark (unload classes) 0,246ms
[2020-11-04T21:43:43.161+0300][137,091s][info][gc] GC(974) Concurrent marking (unload classes) 75,348ms
[2020-11-04T21:43:43.162+0300][137,092s][info][gc] GC(974) Pause Final Mark (unload classes) 0,509ms
[2020-11-04T21:43:43.162+0300][137,092s][info][gc] GC(974) Concurrent weak roots 0,382ms
[2020-11-04T21:43:43.162+0300][137,092s][info][gc] GC(974) Concurrent cleanup 362M->362M(512M) 0,052ms
[2020-11-04T21:43:43.163+0300][137,093s][info][gc] GC(974) Concurrent class unloading 0,762ms
[2020-11-04T21:43:43.163+0300][137,093s][info][gc] GC(974) Concurrent strong roots 0,063ms
[2020-11-04T21:43:43.168+0300][137,097s][info][gc] GC(974) Concurrent evacuation 4,397ms
[2020-11-04T21:43:43.168+0300][137,098s][info][gc] GC(974) Pause Init Update Refs 0,011ms
[2020-11-04T21:43:43.206+0300][137,136s][info][gc] GC(974) Concurrent update references 38,491ms
[2020-11-04T21:43:43.207+0300][137,137s][info][gc] GC(974) Pause Final Update Refs 0,256ms
[2020-11-04T21:43:43.207+0300][137,137s][info][gc] GC(974) Concurrent cleanup 426M->263M(512M) 0,102ms
[2020-11-04T21:43:43.242+0300][137,172s][info][gc] Trigger: Average GC time (118,31 ms) is above the time for allocation rate (1009 MB/s) to deplete free headroom (116M)
[2020-11-04T21:43:43.243+0300][137,173s][info][gc] GC(975) Concurrent reset 0,633ms
[2020-11-04T21:43:43.243+0300][137,173s][info][gc] GC(975) Pause Init Mark (process weakrefs) (unload classes) 0,169ms
[2020-11-04T21:43:43.324+0300][137,254s][info][gc] GC(975) Concurrent marking (process weakrefs) (unload classes) 80,324ms
[2020-11-04T21:43:43.324+0300][137,254s][info][gc] GC(975) Concurrent precleaning 0,155ms
[2020-11-04T21:43:43.325+0300][137,255s][info][gc] GC(975) Pause Final Mark (process weakrefs) (unload classes) 0,658ms
[2020-11-04T21:43:43.325+0300][137,255s][info][gc] GC(975) Concurrent weak roots 0,442ms
[2020-11-04T21:43:43.325+0300][137,255s][info][gc] GC(975) Concurrent cleanup 363M->363M(512M) 0,032ms
[2020-11-04T21:43:43.326+0300][137,256s][info][gc] GC(975) Concurrent class unloading 0,787ms
[2020-11-04T21:43:43.326+0300][137,256s][info][gc] GC(975) Concurrent strong roots 0,185ms
[2020-11-04T21:43:43.332+0300][137,261s][info][gc] GC(975) Concurrent evacuation 5,266ms
[2020-11-04T21:43:43.332+0300][137,262s][info][gc] GC(975) Pause Init Update Refs 0,011ms
[2020-11-04T21:43:43.372+0300][137,302s][info][gc] GC(975) Concurrent update references 39,883ms
[2020-11-04T21:43:43.372+0300][137,302s][info][gc] GC(975) Pause Final Update Refs 0,262ms
[2020-11-04T21:43:43.373+0300][137,302s][info][gc] GC(975) Concurrent cleanup 433M->274M(512M) 0,093ms
[2020-11-04T21:43:43.398+0300][137,328s][info][gc] Trigger: Average GC time (123,38 ms) is above the time for allocation rate (979 MB/s) to deplete free headroom (118M)
[2020-11-04T21:43:43.399+0300][137,329s][info][gc] GC(976) Concurrent reset 0,608ms
[2020-11-04T21:43:43.399+0300][137,329s][info][gc] GC(976) Pause Init Mark (unload classes) 0,167ms
[2020-11-04T21:43:43.495+0300][137,425s][info][gc] GC(976) Concurrent marking (unload classes) 95,984ms
[2020-11-04T21:43:43.496+0300][137,426s][info][gc] GC(976) Pause Final Mark (unload classes) 0,636ms
[2020-11-04T21:43:43.497+0300][137,426s][info][gc] GC(976) Concurrent weak roots 0,405ms
[2020-11-04T21:43:43.497+0300][137,426s][info][gc] GC(976) Concurrent cleanup 361M->361M(512M) 0,033ms
[2020-11-04T21:43:43.498+0300][137,427s][info][gc] GC(976) Concurrent class unloading 0,964ms
[2020-11-04T21:43:43.498+0300][137,428s][info][gc] GC(976) Concurrent strong roots 0,117ms
[2020-11-04T21:43:43.502+0300][137,431s][info][gc] GC(976) Concurrent evacuation 3,706ms
[2020-11-04T21:43:43.502+0300][137,432s][info][gc] GC(976) Pause Init Update Refs 0,026ms
[2020-11-04T21:43:43.544+0300][137,474s][info][gc] GC(976) Concurrent update references 41,974ms
[2020-11-04T21:43:43.544+0300][137,474s][info][gc] GC(976) Pause Final Update Refs 0,299ms
[2020-11-04T21:43:43.545+0300][137,474s][info][gc] GC(976) Concurrent cleanup 426M->273M(512M) 0,089ms
[2020-11-04T21:43:43.573+0300][137,503s][info][gc] Trigger: Average GC time (128,63 ms) is above the time for allocation rate (884 MB/s) to deplete free headroom (111M)
[2020-11-04T21:43:43.574+0300][137,504s][info][gc] GC(977) Concurrent reset 0,595ms
[2020-11-04T21:43:43.574+0300][137,504s][info][gc] GC(977) Pause Init Mark (unload classes) 0,096ms
[2020-11-04T21:43:43.652+0300][137,581s][info][gc] GC(977) Concurrent marking (unload classes) 77,176ms
[2020-11-04T21:43:43.652+0300][137,582s][info][gc] GC(977) Pause Final Mark (unload classes) 0,678ms
[2020-11-04T21:43:43.653+0300][137,583s][info][gc] GC(977) Concurrent weak roots 0,466ms
[2020-11-04T21:43:43.653+0300][137,583s][info][gc] GC(977) Concurrent cleanup 367M->367M(512M) 0,037ms
[2020-11-04T21:43:43.654+0300][137,584s][info][gc] GC(977) Concurrent class unloading 0,902ms
[2020-11-04T21:43:43.654+0300][137,584s][info][gc] GC(977) Concurrent strong roots 0,064ms
[2020-11-04T21:43:43.659+0300][137,589s][info][gc] GC(977) Concurrent evacuation 5,058ms
[2020-11-04T21:43:43.659+0300][137,589s][info][gc] GC(977) Pause Init Update Refs 0,021ms
[2020-11-04T21:43:43.697+0300][137,627s][info][gc] GC(977) Concurrent update references 37,457ms
[2020-11-04T21:43:43.698+0300][137,627s][info][gc] GC(977) Pause Final Update Refs 0,408ms
[2020-11-04T21:43:43.698+0300][137,628s][info][gc] GC(977) Concurrent cleanup 458M->303M(512M) 0,094ms
[2020-11-04T21:43:43.710+0300][137,639s][info][gc] Trigger: Average GC time (130,01 ms) is above the time for allocation rate (998 MB/s) to deplete free headroom (125M)
[2020-11-04T21:43:43.710+0300][137,640s][info][gc] GC(978) Concurrent reset 0,657ms
[2020-11-04T21:43:43.711+0300][137,641s][info][gc] GC(978) Pause Init Mark (unload classes) 0,256ms
[2020-11-04T21:43:43.798+0300][137,727s][info][gc] GC(978) Concurrent marking (unload classes) 86,733ms
[2020-11-04T21:43:43.799+0300][137,728s][info][gc] GC(978) Pause Final Mark (unload classes) 0,703ms
[2020-11-04T21:43:43.799+0300][137,729s][info][gc] GC(978) Concurrent weak roots 0,432ms
[2020-11-04T21:43:43.799+0300][137,729s][info][gc] GC(978) Concurrent cleanup 356M->356M(512M) 0,036ms
[2020-11-04T21:43:43.800+0300][137,730s][info][gc] GC(978) Concurrent class unloading 0,787ms
[2020-11-04T21:43:43.800+0300][137,730s][info][gc] GC(978) Concurrent strong roots 0,116ms
[2020-11-04T21:43:43.804+0300][137,733s][info][gc] GC(978) Concurrent evacuation 3,435ms
[2020-11-04T21:43:43.804+0300][137,734s][info][gc] GC(978) Pause Init Update Refs 0,014ms
[2020-11-04T21:43:43.852+0300][137,782s][info][gc] GC(978) Concurrent update references 48,262ms
[2020-11-04T21:43:43.853+0300][137,783s][info][gc] GC(978) Pause Final Update Refs 0,289ms
[2020-11-04T21:43:43.853+0300][137,783s][info][gc] GC(978) Concurrent cleanup 469M->332M(512M) 0,094ms
[2020-11-04T21:43:43.855+0300][137,785s][info][gc] Trigger: Average GC time (133,47 ms) is above the time for allocation rate (935 MB/s) to deplete free headroom (122M)
[2020-11-04T21:43:43.856+0300][137,785s][info][gc] GC(979) Concurrent reset 0,448ms
[2020-11-04T21:43:43.856+0300][137,786s][info][gc] GC(979) Pause Init Mark (unload classes) 0,129ms
[2020-11-04T21:43:43.935+0300][137,865s][info][gc] GC(979) Concurrent marking (unload classes) 79,447ms
[2020-11-04T21:43:43.936+0300][137,866s][info][gc] GC(979) Pause Final Mark (unload classes) 0,695ms
[2020-11-04T21:43:43.937+0300][137,867s][info][gc] GC(979) Concurrent weak roots 0,421ms
[2020-11-04T21:43:43.937+0300][137,867s][info][gc] GC(979) Concurrent cleanup 357M->357M(512M) 0,033ms
[2020-11-04T21:43:43.938+0300][137,868s][info][gc] GC(979) Concurrent class unloading 0,895ms
[2020-11-04T21:43:43.938+0300][137,868s][info][gc] GC(979) Concurrent strong roots 0,109ms
[2020-11-04T21:43:43.941+0300][137,871s][info][gc] GC(979) Concurrent evacuation 3,373ms
[2020-11-04T21:43:43.942+0300][137,872s][info][gc] GC(979) Pause Init Update Refs 0,016ms
[2020-11-04T21:43:43.981+0300][137,911s][info][gc] GC(979) Concurrent update references 38,999ms
[2020-11-04T21:43:43.981+0300][137,911s][info][gc] GC(979) Pause Final Update Refs 0,142ms
[2020-11-04T21:43:43.981+0300][137,911s][info][gc] GC(979) Concurrent cleanup 445M->309M(512M) 0,058ms
[2020-11-04T21:43:43.991+0300][137,921s][info][gc] Trigger: Average GC time (134,24 ms) is above the time for allocation rate (947 MB/s) to deplete free headroom (125M)
[2020-11-04T21:43:43.992+0300][137,922s][info][gc] GC(980) Concurrent reset 0,682ms
[2020-11-04T21:43:43.992+0300][137,922s][info][gc] GC(980) Pause Init Mark (process weakrefs) (unload classes) 0,168ms
[2020-11-04T21:43:44.064+0300][137,994s][info][gc] GC(980) Concurrent marking (process weakrefs) (unload classes) 71,552ms
[2020-11-04T21:43:44.064+0300][137,994s][info][gc] GC(980) Concurrent precleaning 0,187ms
[2020-11-04T21:43:44.065+0300][137,995s][info][gc] GC(980) Pause Final Mark (process weakrefs) (unload classes) 0,677ms
[2020-11-04T21:43:44.065+0300][137,995s][info][gc] GC(980) Concurrent weak roots 0,386ms
[2020-11-04T21:43:44.065+0300][137,995s][info][gc] GC(980) Concurrent cleanup 356M->356M(512M) 0,038ms
[2020-11-04T21:43:44.066+0300][137,996s][info][gc] GC(980) Concurrent class unloading 0,959ms
[2020-11-04T21:43:44.067+0300][137,996s][info][gc] GC(980) Concurrent strong roots 0,065ms
[2020-11-04T21:43:44.070+0300][138,000s][info][gc] GC(980) Concurrent evacuation 3,597ms
[2020-11-04T21:43:44.070+0300][138,000s][info][gc] GC(980) Pause Init Update Refs 0,014ms
[2020-11-04T21:43:44.111+0300][138,041s][info][gc] GC(980) Concurrent update references 41,035ms
[2020-11-04T21:43:44.112+0300][138,042s][info][gc] GC(980) Pause Final Update Refs 0,191ms
[2020-11-04T21:43:44.112+0300][138,042s][info][gc] GC(980) Concurrent cleanup 445M->316M(512M) 0,105ms
[2020-11-04T21:43:44.118+0300][138,048s][info][gc] Trigger: Average GC time (132,35 ms) is above the time for allocation rate (968 MB/s) to deplete free headroom (127M)
[2020-11-04T21:43:44.119+0300][138,049s][info][gc] GC(981) Concurrent reset 0,544ms
[2020-11-04T21:43:44.119+0300][138,049s][info][gc] GC(981) Pause Init Mark (unload classes) 0,107ms
[2020-11-04T21:43:44.194+0300][138,123s][info][gc] GC(981) Concurrent marking (unload classes) 74,085ms
[2020-11-04T21:43:44.194+0300][138,124s][info][gc] GC(981) Pause Final Mark (unload classes) 0,619ms
[2020-11-04T21:43:44.195+0300][138,125s][info][gc] GC(981) Concurrent weak roots 0,451ms
[2020-11-04T21:43:44.195+0300][138,125s][info][gc] GC(981) Concurrent cleanup 353M->353M(512M) 0,037ms
[2020-11-04T21:43:44.196+0300][138,126s][info][gc] GC(981) Concurrent class unloading 1,146ms
[2020-11-04T21:43:44.196+0300][138,126s][info][gc] GC(981) Concurrent strong roots 0,076ms
[2020-11-04T21:43:44.199+0300][138,129s][info][gc] GC(981) Concurrent evacuation 3,064ms
[2020-11-04T21:43:44.200+0300][138,129s][info][gc] GC(981) Pause Init Update Refs 0,016ms
[2020-11-04T21:43:44.245+0300][138,175s][info][gc] GC(981) Concurrent update references 45,744ms
[2020-11-04T21:43:44.246+0300][138,176s][info][gc] GC(981) Pause Final Update Refs 0,121ms
[2020-11-04T21:43:44.246+0300][138,176s][info][gc] GC(981) Concurrent cleanup 420M->297M(512M) 0,084ms
[2020-11-04T21:43:44.264+0300][138,194s][info][gc] Trigger: Average GC time (128,54 ms) is above the time for allocation rate (904 MB/s) to deplete free headroom (115M)
[2020-11-04T21:43:44.265+0300][138,194s][info][gc] GC(982) Concurrent reset 0,613ms
[2020-11-04T21:43:44.265+0300][138,195s][info][gc] GC(982) Pause Init Mark (unload classes) 0,109ms
[2020-11-04T21:43:44.343+0300][138,273s][info][gc] GC(982) Concurrent marking (unload classes) 77,573ms
[2020-11-04T21:43:44.343+0300][138,273s][info][gc] GC(982) Pause Final Mark (unload classes) 0,452ms
[2020-11-04T21:43:44.344+0300][138,274s][info][gc] GC(982) Concurrent weak roots 0,461ms
[2020-11-04T21:43:44.344+0300][138,274s][info][gc] GC(982) Concurrent cleanup 364M->364M(512M) 0,035ms
[2020-11-04T21:43:44.345+0300][138,275s][info][gc] GC(982) Concurrent class unloading 1,148ms
[2020-11-04T21:43:44.345+0300][138,275s][info][gc] GC(982) Concurrent strong roots 0,130ms
[2020-11-04T21:43:44.349+0300][138,279s][info][gc] GC(982) Concurrent evacuation 3,452ms
[2020-11-04T21:43:44.349+0300][138,279s][info][gc] GC(982) Pause Init Update Refs 0,016ms
[2020-11-04T21:43:44.390+0300][138,320s][info][gc] GC(982) Concurrent update references 40,841ms
[2020-11-04T21:43:44.390+0300][138,320s][info][gc] GC(982) Pause Final Update Refs 0,145ms
[2020-11-04T21:43:44.390+0300][138,320s][info][gc] GC(982) Concurrent cleanup 460M->328M(512M) 0,087ms
[2020-11-04T21:43:44.395+0300][138,325s][info][gc] Trigger: Average GC time (128,92 ms) is above the time for allocation rate (935 MB/s) to deplete free headroom (120M)
[2020-11-04T21:43:44.395+0300][138,325s][info][gc] GC(983) Concurrent reset 0,647ms
[2020-11-04T21:43:44.396+0300][138,326s][info][gc] GC(983) Pause Init Mark (unload classes) 0,142ms
[2020-11-04T21:43:44.476+0300][138,405s][info][gc] GC(983) Concurrent marking (unload classes) 79,707ms
[2020-11-04T21:43:44.476+0300][138,406s][info][gc] GC(983) Pause Final Mark (unload classes) 0,475ms
[2020-11-04T21:43:44.477+0300][138,407s][info][gc] GC(983) Concurrent weak roots 0,432ms
[2020-11-04T21:43:44.477+0300][138,407s][info][gc] GC(983) Concurrent cleanup 358M->358M(512M) 0,033ms
[2020-11-04T21:43:44.478+0300][138,408s][info][gc] GC(983) Concurrent class unloading 0,889ms
[2020-11-04T21:43:44.478+0300][138,408s][info][gc] GC(983) Concurrent strong roots 0,123ms
[2020-11-04T21:43:44.481+0300][138,411s][info][gc] GC(983) Concurrent evacuation 3,174ms
[2020-11-04T21:43:44.482+0300][138,411s][info][gc] GC(983) Pause Init Update Refs 0,025ms
[2020-11-04T21:43:44.523+0300][138,453s][info][gc] GC(983) Concurrent update references 41,867ms
[2020-11-04T21:43:44.524+0300][138,454s][info][gc] GC(983) Pause Final Update Refs 0,197ms
[2020-11-04T21:43:44.524+0300][138,454s][info][gc] GC(983) Concurrent cleanup 451M->328M(512M) 0,084ms
[2020-11-04T21:43:44.531+0300][138,460s][info][gc] Trigger: Average GC time (126,14 ms) is above the time for allocation rate (921 MB/s) to deplete free headroom (114M)
[2020-11-04T21:43:44.531+0300][138,461s][info][gc] GC(984) Concurrent reset 0,556ms
[2020-11-04T21:43:44.531+0300][138,461s][info][gc] GC(984) Pause Init Mark (unload classes) 0,117ms
[2020-11-04T21:43:44.623+0300][138,553s][info][gc] GC(984) Concurrent marking (unload classes) 91,605ms
[2020-11-04T21:43:44.624+0300][138,554s][info][gc] GC(984) Pause Final Mark (unload classes) 0,411ms
[2020-11-04T21:43:44.625+0300][138,554s][info][gc] GC(984) Concurrent weak roots 0,521ms
[2020-11-04T21:43:44.625+0300][138,554s][info][gc] GC(984) Concurrent cleanup 364M->364M(512M) 0,036ms
[2020-11-04T21:43:44.625+0300][138,555s][info][gc] GC(984) Concurrent class unloading 0,734ms
[2020-11-04T21:43:44.625+0300][138,555s][info][gc] GC(984) Concurrent strong roots 0,123ms
[2020-11-04T21:43:44.629+0300][138,559s][info][gc] GC(984) Concurrent evacuation 3,477ms
[2020-11-04T21:43:44.629+0300][138,559s][info][gc] GC(984) Pause Init Update Refs 0,032ms
[2020-11-04T21:43:44.673+0300][138,603s][info][gc] GC(984) Concurrent update references 43,514ms
[2020-11-04T21:43:44.673+0300][138,603s][info][gc] GC(984) Pause Final Update Refs 0,167ms
[2020-11-04T21:43:44.674+0300][138,603s][info][gc] GC(984) Concurrent cleanup 458M->333M(512M) 0,056ms
[2020-11-04T21:43:44.681+0300][138,611s][info][gc] Trigger: Average GC time (129,45 ms) is above the time for allocation rate (856 MB/s) to deplete free headroom (106M)
[2020-11-04T21:43:44.682+0300][138,611s][info][gc] GC(985) Concurrent reset 0,580ms
[2020-11-04T21:43:44.682+0300][138,612s][info][gc] GC(985) Pause Init Mark (process weakrefs) (unload classes) 0,128ms
[2020-11-04T21:43:44.762+0300][138,692s][info][gc] GC(985) Concurrent marking (process weakrefs) (unload classes) 80,272ms
[2020-11-04T21:43:44.763+0300][138,693s][info][gc] GC(985) Concurrent precleaning 0,182ms
[2020-11-04T21:43:44.764+0300][138,693s][info][gc] GC(985) Pause Final Mark (process weakrefs) (unload classes) 0,581ms
[2020-11-04T21:43:44.764+0300][138,694s][info][gc] GC(985) Concurrent weak roots 0,431ms
[2020-11-04T21:43:44.764+0300][138,694s][info][gc] GC(985) Concurrent cleanup 371M->371M(512M) 0,036ms
[2020-11-04T21:43:44.765+0300][138,695s][info][gc] GC(985) Concurrent class unloading 1,028ms
[2020-11-04T21:43:44.765+0300][138,695s][info][gc] GC(985) Concurrent strong roots 0,063ms
[2020-11-04T21:43:44.769+0300][138,699s][info][gc] GC(985) Concurrent evacuation 3,498ms
[2020-11-04T21:43:44.769+0300][138,699s][info][gc] GC(985) Pause Init Update Refs 0,016ms
[2020-11-04T21:43:44.814+0300][138,744s][info][gc] GC(985) Concurrent update references 44,793ms
[2020-11-04T21:43:44.814+0300][138,744s][info][gc] GC(985) Pause Final Update Refs 0,119ms
[2020-11-04T21:43:44.814+0300][138,744s][info][gc] GC(985) Concurrent cleanup 469M->339M(512M) 0,113ms
[2020-11-04T21:43:44.818+0300][138,747s][info][gc] Trigger: Average GC time (131,92 ms) is above the time for allocation rate (879 MB/s) to deplete free headroom (111M)
[2020-11-04T21:43:44.818+0300][138,748s][info][gc] GC(986) Concurrent reset 0,472ms
[2020-11-04T21:43:44.818+0300][138,748s][info][gc] GC(986) Pause Init Mark (unload classes) 0,091ms
[2020-11-04T21:43:44.924+0300][138,853s][info][gc] GC(986) Concurrent marking (unload classes) 105,151ms
[2020-11-04T21:43:44.924+0300][138,854s][info][gc] GC(986) Pause Final Mark (unload classes) 0,541ms
[2020-11-04T21:43:44.925+0300][138,855s][info][gc] GC(986) Concurrent weak roots 0,421ms
[2020-11-04T21:43:44.925+0300][138,855s][info][gc] GC(986) Concurrent cleanup 368M->368M(512M) 0,033ms
[2020-11-04T21:43:44.926+0300][138,856s][info][gc] GC(986) Concurrent class unloading 0,982ms
[2020-11-04T21:43:44.926+0300][138,856s][info][gc] GC(986) Concurrent strong roots 0,068ms
[2020-11-04T21:43:44.929+0300][138,859s][info][gc] GC(986) Concurrent evacuation 3,087ms
[2020-11-04T21:43:44.930+0300][138,859s][info][gc] GC(986) Pause Init Update Refs 0,013ms
[2020-11-04T21:43:44.974+0300][138,904s][info][gc] GC(986) Concurrent update references 44,845ms
[2020-11-04T21:43:44.975+0300][138,905s][info][gc] GC(986) Pause Final Update Refs 0,152ms
[2020-11-04T21:43:44.975+0300][138,905s][info][gc] GC(986) Concurrent cleanup 469M->348M(512M) 0,097ms
[2020-11-04T21:43:44.977+0300][138,907s][info][gc] Trigger: Average GC time (137,90 ms) is above the time for allocation rate (770 MB/s) to deplete free headroom (105M)
[2020-11-04T21:43:44.978+0300][138,908s][info][gc] GC(987) Concurrent reset 0,525ms
[2020-11-04T21:43:44.978+0300][138,908s][info][gc] GC(987) Pause Init Mark (unload classes) 0,102ms
[2020-11-04T21:43:45.072+0300][139,002s][info][gc] GC(987) Concurrent marking (unload classes) 93,593ms
[2020-11-04T21:43:45.072+0300][139,002s][info][gc] GC(987) Pause Final Mark (unload classes) 0,408ms
[2020-11-04T21:43:45.073+0300][139,003s][info][gc] GC(987) Concurrent weak roots 0,424ms
[2020-11-04T21:43:45.073+0300][139,003s][info][gc] GC(987) Concurrent cleanup 372M->372M(512M) 0,034ms
[2020-11-04T21:43:45.074+0300][139,004s][info][gc] GC(987) Concurrent class unloading 1,145ms
[2020-11-04T21:43:45.074+0300][139,004s][info][gc] GC(987) Concurrent strong roots 0,155ms
[2020-11-04T21:43:45.078+0300][139,007s][info][gc] GC(987) Concurrent evacuation 3,264ms
[2020-11-04T21:43:45.078+0300][139,008s][info][gc] GC(987) Pause Init Update Refs 0,016ms
[2020-11-04T21:43:45.134+0300][139,064s][info][gc] GC(987) Concurrent update references 56,461ms
[2020-11-04T21:43:45.135+0300][139,064s][info][gc] GC(987) Pause Final Update Refs 0,117ms
[2020-11-04T21:43:45.135+0300][139,065s][info][gc] GC(987) Concurrent cleanup 479M->355M(512M) 0,091ms
[2020-11-04T21:43:45.136+0300][139,066s][info][gc] Trigger: Average GC time (144,13 ms) is above the time for allocation rate (780 MB/s) to deplete free headroom (101M)
[2020-11-04T21:43:45.136+0300][139,066s][info][gc] GC(988) Concurrent reset 0,363ms
[2020-11-04T21:43:45.137+0300][139,066s][info][gc] GC(988) Pause Init Mark (unload classes) 0,084ms
[2020-11-04T21:43:45.232+0300][139,162s][info][gc] GC(988) Concurrent marking (unload classes) 95,540ms
[2020-11-04T21:43:45.233+0300][139,163s][info][gc] GC(988) Pause Final Mark (unload classes) 0,393ms
[2020-11-04T21:43:45.233+0300][139,163s][info][gc] GC(988) Concurrent weak roots 0,340ms
[2020-11-04T21:43:45.233+0300][139,163s][info][gc] GC(988) Concurrent cleanup 375M->375M(512M) 0,053ms
[2020-11-04T21:43:45.234+0300][139,164s][info][gc] GC(988) Concurrent class unloading 0,789ms
[2020-11-04T21:43:45.234+0300][139,164s][info][gc] GC(988) Concurrent strong roots 0,061ms
[2020-11-04T21:43:45.238+0300][139,168s][info][gc] GC(988) Concurrent evacuation 4,090ms
[2020-11-04T21:43:45.239+0300][139,168s][info][gc] GC(988) Pause Init Update Refs 0,030ms
[2020-11-04T21:43:45.286+0300][139,215s][info][gc] GC(988) Concurrent update references 46,915ms
[2020-11-04T21:43:45.286+0300][139,216s][info][gc] GC(988) Pause Final Update Refs 0,129ms
[2020-11-04T21:43:45.286+0300][139,216s][info][gc] GC(988) Concurrent cleanup 477M->353M(512M) 0,077ms
[2020-11-04T21:43:45.287+0300][139,217s][info][gc] Trigger: Average GC time (148,28 ms) is above the time for allocation rate (774 MB/s) to deplete free headroom (103M)
[2020-11-04T21:43:45.288+0300][139,217s][info][gc] GC(989) Concurrent reset 0,371ms
[2020-11-04T21:43:45.288+0300][139,218s][info][gc] GC(989) Pause Init Mark (unload classes) 0,123ms
[2020-11-04T21:43:45.392+0300][139,322s][info][gc] GC(989) Concurrent marking (unload classes) 104,212ms
[2020-11-04T21:43:45.393+0300][139,323s][info][gc] GC(989) Pause Final Mark (unload classes) 0,409ms
[2020-11-04T21:43:45.393+0300][139,323s][info][gc] GC(989) Concurrent weak roots 0,336ms
[2020-11-04T21:43:45.393+0300][139,323s][info][gc] GC(989) Concurrent cleanup 377M->377M(512M) 0,037ms
[2020-11-04T21:43:45.394+0300][139,324s][info][gc] GC(989) Concurrent class unloading 0,900ms
[2020-11-04T21:43:45.394+0300][139,324s][info][gc] GC(989) Concurrent strong roots 0,060ms
[2020-11-04T21:43:45.398+0300][139,328s][info][gc] GC(989) Concurrent evacuation 3,736ms
[2020-11-04T21:43:45.398+0300][139,328s][info][gc] GC(989) Pause Init Update Refs 0,017ms
[2020-11-04T21:43:45.446+0300][139,376s][info][gc] GC(989) Concurrent update references 47,275ms
[2020-11-04T21:43:45.446+0300][139,376s][info][gc] GC(989) Pause Final Update Refs 0,210ms
[2020-11-04T21:43:45.446+0300][139,376s][info][gc] GC(989) Concurrent cleanup 477M->359M(512M) 0,116ms
[2020-11-04T21:43:45.447+0300][139,377s][info][gc] Trigger: Average GC time (151,52 ms) is above the time for allocation rate (749 MB/s) to deplete free headroom (99610K)
[2020-11-04T21:43:45.448+0300][139,378s][info][gc] GC(990) Concurrent reset 0,419ms
[2020-11-04T21:43:45.448+0300][139,378s][info][gc] GC(990) Pause Init Mark (process weakrefs) (unload classes) 0,095ms
[2020-11-04T21:43:45.499+0300][139,429s][info][gc] GC(990) Concurrent marking (process weakrefs) (unload classes) 50,460ms
[2020-11-04T21:43:45.499+0300][139,429s][info][gc] GC(990) Concurrent precleaning 0,111ms
[2020-11-04T21:43:45.499+0300][139,429s][info][gc] GC(990) Pause Final Mark (process weakrefs) (unload classes) 0,406ms
[2020-11-04T21:43:45.500+0300][139,430s][info][gc] GC(990) Concurrent weak roots 0,346ms
[2020-11-04T21:43:45.500+0300][139,430s][info][gc] GC(990) Concurrent cleanup 379M->375M(512M) 0,028ms
[2020-11-04T21:43:45.501+0300][139,431s][info][gc] GC(990) Concurrent class unloading 0,801ms
[2020-11-04T21:43:45.501+0300][139,431s][info][gc] GC(990) Concurrent strong roots 0,058ms
[2020-11-04T21:43:45.505+0300][139,435s][info][gc] GC(990) Concurrent evacuation 4,015ms
[2020-11-04T21:43:45.505+0300][139,435s][info][gc] GC(990) Pause Init Update Refs 0,015ms
[2020-11-04T21:43:45.531+0300][139,461s][info][gc] GC(990) Concurrent update references 25,889ms
[2020-11-04T21:43:45.531+0300][139,461s][info][gc] GC(990) Pause Final Update Refs 0,152ms
[2020-11-04T21:43:45.532+0300][139,461s][info][gc] GC(990) Concurrent cleanup 443M->225M(512M) 0,098ms
[2020-11-04T21:43:45.553+0300][139,483s][info][gc] Trigger: Average GC time (141,65 ms) is above the time for allocation rate (1278 MB/s) to deplete free headroom (179M)
[2020-11-04T21:43:45.553+0300][139,483s][info][gc] GC(991) Concurrent reset 0,583ms
[2020-11-04T21:43:45.554+0300][139,484s][info][gc] GC(991) Pause Init Mark (unload classes) 0,106ms
[2020-11-04T21:43:45.636+0300][139,566s][info][gc] GC(991) Concurrent marking (unload classes) 82,570ms
[2020-11-04T21:43:45.637+0300][139,567s][info][gc] GC(991) Pause Final Mark (unload classes) 0,556ms
[2020-11-04T21:43:45.638+0300][139,567s][info][gc] GC(991) Concurrent weak roots 0,446ms
[2020-11-04T21:43:45.638+0300][139,568s][info][gc] GC(991) Concurrent cleanup 307M->307M(512M) 0,034ms
[2020-11-04T21:43:45.639+0300][139,568s][info][gc] GC(991) Concurrent class unloading 0,876ms
[2020-11-04T21:43:45.639+0300][139,569s][info][gc] GC(991) Concurrent strong roots 0,061ms
[2020-11-04T21:43:45.643+0300][139,573s][info][gc] GC(991) Concurrent evacuation 4,397ms
[2020-11-04T21:43:45.643+0300][139,573s][info][gc] GC(991) Pause Init Update Refs 0,021ms
[2020-11-04T21:43:45.672+0300][139,602s][info][gc] GC(991) Concurrent update references 28,305ms
[2020-11-04T21:43:45.672+0300][139,602s][info][gc] GC(991) Pause Final Update Refs 0,212ms
[2020-11-04T21:43:45.673+0300][139,602s][info][gc] GC(991) Concurrent cleanup 372M->237M(512M) 0,102ms
[2020-11-04T21:43:45.702+0300][139,632s][info][gc] Trigger: Average GC time (134,15 ms) is above the time for allocation rate (1107 MB/s) to deplete free headroom (144M)
[2020-11-04T21:43:45.703+0300][139,633s][info][gc] GC(992) Concurrent reset 0,579ms
[2020-11-04T21:43:45.703+0300][139,633s][info][gc] GC(992) Pause Init Mark (unload classes) 0,129ms
[2020-11-04T21:43:45.760+0300][139,690s][info][gc] GC(992) Concurrent marking (unload classes) 56,965ms
[2020-11-04T21:43:45.761+0300][139,691s][info][gc] GC(992) Pause Final Mark (unload classes) 0,434ms
[2020-11-04T21:43:45.762+0300][139,691s][info][gc] GC(992) Concurrent weak roots 0,414ms
[2020-11-04T21:43:45.762+0300][139,692s][info][gc] GC(992) Concurrent cleanup 338M->338M(512M) 0,037ms
[2020-11-04T21:43:45.763+0300][139,692s][info][gc] GC(992) Concurrent class unloading 0,959ms
[2020-11-04T21:43:45.763+0300][139,693s][info][gc] GC(992) Concurrent strong roots 0,150ms
[2020-11-04T21:43:45.767+0300][139,697s][info][gc] GC(992) Concurrent evacuation 4,448ms
[2020-11-04T21:43:45.768+0300][139,697s][info][gc] GC(992) Pause Init Update Refs 0,018ms
[2020-11-04T21:43:45.797+0300][139,726s][info][gc] GC(992) Concurrent update references 28,866ms
[2020-11-04T21:43:45.797+0300][139,727s][info][gc] GC(992) Pause Final Update Refs 0,334ms
[2020-11-04T21:43:45.797+0300][139,727s][info][gc] GC(992) Concurrent cleanup 406M->240M(512M) 0,108ms
[2020-11-04T21:43:45.823+0300][139,753s][info][gc] Trigger: Average GC time (121,64 ms) is above the time for allocation rate (1274 MB/s) to deplete free headroom (152M)
[2020-11-04T21:43:45.823+0300][139,753s][info][gc] GC(993) Concurrent reset 0,543ms
[2020-11-04T21:43:45.824+0300][139,754s][info][gc] GC(993) Pause Init Mark (unload classes) 0,148ms
[2020-11-04T21:43:45.908+0300][139,838s][info][gc] GC(993) Concurrent marking (unload classes) 84,450ms
[2020-11-04T21:43:45.909+0300][139,839s][info][gc] GC(993) Pause Final Mark (unload classes) 0,363ms
[2020-11-04T21:43:45.910+0300][139,839s][info][gc] GC(993) Concurrent weak roots 0,439ms
[2020-11-04T21:43:45.910+0300][139,839s][info][gc] GC(993) Concurrent cleanup 331M->331M(512M) 0,036ms
[2020-11-04T21:43:45.911+0300][139,840s][info][gc] GC(993) Concurrent class unloading 0,940ms
[2020-11-04T21:43:45.911+0300][139,841s][info][gc] GC(993) Concurrent strong roots 0,151ms
[2020-11-04T21:43:45.915+0300][139,845s][info][gc] GC(993) Concurrent evacuation 4,354ms
[2020-11-04T21:43:45.915+0300][139,845s][info][gc] GC(993) Pause Init Update Refs 0,022ms
[2020-11-04T21:43:45.945+0300][139,875s][info][gc] GC(993) Concurrent update references 29,423ms
[2020-11-04T21:43:45.945+0300][139,875s][info][gc] GC(993) Pause Final Update Refs 0,150ms
[2020-11-04T21:43:45.945+0300][139,875s][info][gc] GC(993) Concurrent cleanup 399M->246M(512M) 0,070ms
[2020-11-04T21:43:45.978+0300][139,908s][info][gc] Trigger: Average GC time (116,12 ms) is above the time for allocation rate (1112 MB/s) to deplete free headroom (127M)
[2020-11-04T21:43:45.979+0300][139,909s][info][gc] GC(994) Concurrent reset 0,576ms
[2020-11-04T21:43:45.979+0300][139,909s][info][gc] GC(994) Pause Init Mark (unload classes) 0,121ms
[2020-11-04T21:43:46.050+0300][139,979s][info][gc] GC(994) Concurrent marking (unload classes) 70,158ms
[2020-11-04T21:43:46.050+0300][139,980s][info][gc] GC(994) Pause Final Mark (unload classes) 0,395ms
[2020-11-04T21:43:46.051+0300][139,981s][info][gc] GC(994) Concurrent weak roots 0,319ms
[2020-11-04T21:43:46.051+0300][139,981s][info][gc] GC(994) Concurrent cleanup 352M->352M(512M) 0,045ms
[2020-11-04T21:43:46.052+0300][139,982s][info][gc] GC(994) Concurrent class unloading 0,914ms
[2020-11-04T21:43:46.052+0300][139,982s][info][gc] GC(994) Concurrent strong roots 0,080ms
[2020-11-04T21:43:46.056+0300][139,986s][info][gc] GC(994) Concurrent evacuation 4,187ms
[2020-11-04T21:43:46.056+0300][139,986s][info][gc] GC(994) Pause Init Update Refs 0,015ms
[2020-11-04T21:43:46.087+0300][140,016s][info][gc] GC(994) Concurrent update references 30,066ms
[2020-11-04T21:43:46.087+0300][140,017s][info][gc] GC(994) Pause Final Update Refs 0,236ms
[2020-11-04T21:43:46.087+0300][140,017s][info][gc] GC(994) Concurrent cleanup 428M->255M(512M) 0,148ms
[2020-11-04T21:43:46.117+0300][140,047s][info][gc] Trigger: Average GC time (106,10 ms) is above the time for allocation rate (1214 MB/s) to deplete free headroom (127M)
[2020-11-04T21:43:46.118+0300][140,047s][info][gc] GC(995) Concurrent reset 0,579ms
[2020-11-04T21:43:46.118+0300][140,048s][info][gc] GC(995) Pause Init Mark (process weakrefs) (unload classes) 0,126ms
[2020-11-04T21:43:46.182+0300][140,111s][info][gc] GC(995) Concurrent marking (process weakrefs) (unload classes) 63,358ms
[2020-11-04T21:43:46.182+0300][140,112s][info][gc] GC(995) Concurrent precleaning 0,140ms
[2020-11-04T21:43:46.183+0300][140,112s][info][gc] GC(995) Pause Final Mark (process weakrefs) (unload classes) 0,762ms
[2020-11-04T21:43:46.183+0300][140,113s][info][gc] GC(995) Concurrent weak roots 0,473ms
[2020-11-04T21:43:46.183+0300][140,113s][info][gc] GC(995) Concurrent cleanup 354M->354M(512M) 0,056ms
[2020-11-04T21:43:46.184+0300][140,114s][info][gc] GC(995) Concurrent class unloading 0,978ms
[2020-11-04T21:43:46.184+0300][140,114s][info][gc] GC(995) Concurrent strong roots 0,093ms
[2020-11-04T21:43:46.189+0300][140,119s][info][gc] GC(995) Concurrent evacuation 4,722ms
[2020-11-04T21:43:46.190+0300][140,119s][info][gc] GC(995) Pause Init Update Refs 0,016ms
[2020-11-04T21:43:46.225+0300][140,154s][info][gc] GC(995) Concurrent update references 34,898ms
[2020-11-04T21:43:46.225+0300][140,155s][info][gc] GC(995) Pause Final Update Refs 0,147ms
[2020-11-04T21:43:46.225+0300][140,155s][info][gc] GC(995) Concurrent cleanup 415M->246M(512M) 0,132ms
[2020-11-04T21:43:46.265+0300][140,194s][info][gc] Trigger: Average GC time (110,93 ms) is above the time for allocation rate (1140 MB/s) to deplete free headroom (123M)
[2020-11-04T21:43:46.265+0300][140,195s][info][gc] GC(996) Concurrent reset 0,622ms
[2020-11-04T21:43:46.266+0300][140,195s][info][gc] GC(996) Pause Init Mark (unload classes) 0,111ms
[2020-11-04T21:43:46.345+0300][140,275s][info][gc] GC(996) Concurrent marking (unload classes) 79,515ms
[2020-11-04T21:43:46.346+0300][140,276s][info][gc] GC(996) Pause Final Mark (unload classes) 0,529ms
[2020-11-04T21:43:46.346+0300][140,276s][info][gc] GC(996) Concurrent weak roots 0,472ms
[2020-11-04T21:43:46.347+0300][140,276s][info][gc] GC(996) Concurrent cleanup 357M->357M(512M) 0,048ms
[2020-11-04T21:43:46.347+0300][140,277s][info][gc] GC(996) Concurrent class unloading 0,870ms
[2020-11-04T21:43:46.348+0300][140,277s][info][gc] GC(996) Concurrent strong roots 0,131ms
[2020-11-04T21:43:46.352+0300][140,282s][info][gc] GC(996) Concurrent evacuation 4,108ms
[2020-11-04T21:43:46.352+0300][140,282s][info][gc] GC(996) Pause Init Update Refs 0,014ms
[2020-11-04T21:43:46.384+0300][140,314s][info][gc] GC(996) Concurrent update references 32,012ms
[2020-11-04T21:43:46.384+0300][140,314s][info][gc] GC(996) Pause Final Update Refs 0,132ms
[2020-11-04T21:43:46.385+0300][140,314s][info][gc] GC(996) Concurrent cleanup 433M->265M(512M) 0,077ms
[2020-11-04T21:43:46.412+0300][140,342s][info][gc] Trigger: Average GC time (110,99 ms) is above the time for allocation rate (1111 MB/s) to deplete free headroom (122M)
[2020-11-04T21:43:46.413+0300][140,343s][info][gc] GC(997) Concurrent reset 0,654ms
[2020-11-04T21:43:46.413+0300][140,343s][info][gc] GC(997) Pause Init Mark (unload classes) 0,141ms
[2020-11-04T21:43:46.482+0300][140,411s][info][gc] GC(997) Concurrent marking (unload classes) 68,213ms
[2020-11-04T21:43:46.482+0300][140,412s][info][gc] GC(997) Pause Final Mark (unload classes) 0,435ms
[2020-11-04T21:43:46.483+0300][140,413s][info][gc] GC(997) Concurrent weak roots 0,396ms
[2020-11-04T21:43:46.483+0300][140,413s][info][gc] GC(997) Concurrent cleanup 358M->358M(512M) 0,025ms
[2020-11-04T21:43:46.484+0300][140,413s][info][gc] GC(997) Concurrent class unloading 0,868ms
[2020-11-04T21:43:46.484+0300][140,414s][info][gc] GC(997) Concurrent strong roots 0,136ms
[2020-11-04T21:43:46.488+0300][140,418s][info][gc] GC(997) Concurrent evacuation 4,338ms
[2020-11-04T21:43:46.488+0300][140,418s][info][gc] GC(997) Pause Init Update Refs 0,017ms
[2020-11-04T21:43:46.522+0300][140,452s][info][gc] GC(997) Concurrent update references 33,754ms
[2020-11-04T21:43:46.523+0300][140,453s][info][gc] GC(997) Pause Final Update Refs 0,199ms
[2020-11-04T21:43:46.523+0300][140,453s][info][gc] GC(997) Concurrent cleanup 437M->273M(512M) 0,118ms
[2020-11-04T21:43:46.545+0300][140,475s][info][gc] Trigger: Average GC time (114,09 ms) is above the time for allocation rate (1150 MB/s) to deplete free headroom (128M)
[2020-11-04T21:43:46.546+0300][140,476s][info][gc] GC(998) Concurrent reset 0,608ms
[2020-11-04T21:43:46.546+0300][140,476s][info][gc] GC(998) Pause Init Mark (unload classes) 0,120ms
[2020-11-04T21:43:46.634+0300][140,564s][info][gc] GC(998) Concurrent marking (unload classes) 88,109ms
[2020-11-04T21:43:46.635+0300][140,565s][info][gc] GC(998) Pause Final Mark (unload classes) 0,456ms
[2020-11-04T21:43:46.635+0300][140,565s][info][gc] GC(998) Concurrent weak roots 0,422ms
[2020-11-04T21:43:46.636+0300][140,565s][info][gc] GC(998) Concurrent cleanup 354M->354M(512M) 0,026ms
[2020-11-04T21:43:46.636+0300][140,566s][info][gc] GC(998) Concurrent class unloading 0,815ms
[2020-11-04T21:43:46.636+0300][140,566s][info][gc] GC(998) Concurrent strong roots 0,102ms
[2020-11-04T21:43:46.641+0300][140,571s][info][gc] GC(998) Concurrent evacuation 4,897ms
[2020-11-04T21:43:46.642+0300][140,571s][info][gc] GC(998) Pause Init Update Refs 0,018ms
[2020-11-04T21:43:46.675+0300][140,605s][info][gc] GC(998) Concurrent update references 33,793ms
[2020-11-04T21:43:46.676+0300][140,606s][info][gc] GC(998) Pause Final Update Refs 0,170ms
[2020-11-04T21:43:46.676+0300][140,606s][info][gc] GC(998) Concurrent cleanup 439M->286M(512M) 0,099ms
[2020-11-04T21:43:46.697+0300][140,627s][info][gc] Trigger: Average GC time (115,74 ms) is above the time for allocation rate (1044 MB/s) to deplete free headroom (118M)
[2020-11-04T21:43:46.698+0300][140,628s][info][gc] GC(999) Concurrent reset 0,570ms
[2020-11-04T21:43:46.698+0300][140,628s][info][gc] GC(999) Pause Init Mark (unload classes) 0,137ms
[2020-11-04T21:43:46.773+0300][140,703s][info][gc] GC(999) Concurrent marking (unload classes) 75,009ms
[2020-11-04T21:43:46.774+0300][140,704s][info][gc] GC(999) Pause Final Mark (unload classes) 0,652ms
[2020-11-04T21:43:46.775+0300][140,704s][info][gc] GC(999) Concurrent weak roots 0,421ms
[2020-11-04T21:43:46.775+0300][140,705s][info][gc] GC(999) Concurrent cleanup 362M->362M(512M) 0,037ms
[2020-11-04T21:43:46.776+0300][140,706s][info][gc] GC(999) Concurrent class unloading 1,021ms
[2020-11-04T21:43:46.776+0300][140,706s][info][gc] GC(999) Concurrent strong roots 0,109ms
[2020-11-04T21:43:46.780+0300][140,710s][info][gc] GC(999) Concurrent evacuation 3,891ms
[2020-11-04T21:43:46.780+0300][140,710s][info][gc] GC(999) Pause Init Update Refs 0,013ms
[2020-11-04T21:43:46.815+0300][140,745s][info][gc] GC(999) Concurrent update references 35,216ms
[2020-11-04T21:43:46.816+0300][140,746s][info][gc] GC(999) Pause Final Update Refs 0,355ms
[2020-11-04T21:43:46.816+0300][140,746s][info][gc] GC(999) Concurrent cleanup 447M->287M(512M) 0,123ms
[2020-11-04T21:43:46.834+0300][140,764s][info][gc] Trigger: Average GC time (117,70 ms) is above the time for allocation rate (1080 MB/s) to deplete free headroom (124M)
[2020-11-04T21:43:46.835+0300][140,765s][info][gc] GC(1000) Concurrent reset 0,639ms
[2020-11-04T21:43:46.836+0300][140,766s][info][gc] GC(1000) Pause Init Mark (process weakrefs) (unload classes) 0,218ms
[2020-11-04T21:43:46.915+0300][140,845s][info][gc] GC(1000) Concurrent marking (process weakrefs) (unload classes) 79,149ms
[2020-11-04T21:43:46.916+0300][140,845s][info][gc] GC(1000) Concurrent precleaning 0,156ms
[2020-11-04T21:43:46.917+0300][140,846s][info][gc] GC(1000) Pause Final Mark (process weakrefs) (unload classes) 0,781ms
[2020-11-04T21:43:46.917+0300][140,847s][info][gc] GC(1000) Concurrent weak roots 0,402ms
[2020-11-04T21:43:46.917+0300][140,847s][info][gc] GC(1000) Concurrent cleanup 359M->359M(512M) 0,037ms
[2020-11-04T21:43:46.918+0300][140,848s][info][gc] GC(1000) Concurrent class unloading 0,993ms
[2020-11-04T21:43:46.918+0300][140,848s][info][gc] GC(1000) Concurrent strong roots 0,089ms
[2020-11-04T21:43:46.922+0300][140,852s][info][gc] GC(1000) Concurrent evacuation 3,917ms
[2020-11-04T21:43:46.922+0300][140,852s][info][gc] GC(1000) Pause Init Update Refs 0,012ms
[2020-11-04T21:43:46.960+0300][140,890s][info][gc] GC(1000) Concurrent update references 37,600ms
[2020-11-04T21:43:46.961+0300][140,891s][info][gc] GC(1000) Pause Final Update Refs 0,341ms
[2020-11-04T21:43:46.961+0300][140,891s][info][gc] GC(1000) Concurrent cleanup 443M->293M(512M) 0,108ms
[2020-11-04T21:43:46.978+0300][140,908s][info][gc] Trigger: Average GC time (121,40 ms) is above the time for allocation rate (1032 MB/s) to deplete free headroom (122M)
[2020-11-04T21:43:46.979+0300][140,908s][info][gc] GC(1001) Concurrent reset 0,686ms
[2020-11-04T21:43:46.979+0300][140,909s][info][gc] GC(1001) Pause Init Mark (unload classes) 0,246ms
[2020-11-04T21:43:47.062+0300][140,992s][info][gc] GC(1001) Concurrent marking (unload classes) 82,851ms
[2020-11-04T21:43:47.063+0300][140,993s][info][gc] GC(1001) Pause Final Mark (unload classes) 0,634ms
[2020-11-04T21:43:47.063+0300][140,993s][info][gc] GC(1001) Concurrent weak roots 0,508ms
[2020-11-04T21:43:47.063+0300][140,993s][info][gc] GC(1001) Concurrent cleanup 359M->359M(512M) 0,027ms
[2020-11-04T21:43:47.064+0300][140,994s][info][gc] GC(1001) Concurrent class unloading 0,999ms
[2020-11-04T21:43:47.065+0300][140,994s][info][gc] GC(1001) Concurrent strong roots 0,100ms
[2020-11-04T21:43:47.068+0300][140,998s][info][gc] GC(1001) Concurrent evacuation 3,810ms
[2020-11-04T21:43:47.069+0300][140,998s][info][gc] GC(1001) Pause Init Update Refs 0,013ms
[2020-11-04T21:43:47.109+0300][141,039s][info][gc] GC(1001) Concurrent update references 40,775ms
[2020-11-04T21:43:47.110+0300][141,040s][info][gc] GC(1001) Pause Final Update Refs 0,146ms
[2020-11-04T21:43:47.110+0300][141,040s][info][gc] GC(1001) Concurrent cleanup 433M->287M(512M) 0,067ms
[2020-11-04T21:43:47.131+0300][141,061s][info][gc] Trigger: Average GC time (123,79 ms) is above the time for allocation rate (956 MB/s) to deplete free headroom (117M)
[2020-11-04T21:43:47.132+0300][141,062s][info][gc] GC(1002) Concurrent reset 0,623ms
[2020-11-04T21:43:47.132+0300][141,062s][info][gc] GC(1002) Pause Init Mark (unload classes) 0,104ms
[2020-11-04T21:43:47.214+0300][141,144s][info][gc] GC(1002) Concurrent marking (unload classes) 81,912ms
[2020-11-04T21:43:47.215+0300][141,145s][info][gc] GC(1002) Pause Final Mark (unload classes) 0,324ms
[2020-11-04T21:43:47.215+0300][141,145s][info][gc] GC(1002) Concurrent weak roots 0,398ms
[2020-11-04T21:43:47.215+0300][141,145s][info][gc] GC(1002) Concurrent cleanup 362M->362M(512M) 0,055ms
[2020-11-04T21:43:47.217+0300][141,146s][info][gc] GC(1002) Concurrent class unloading 1,268ms
[2020-11-04T21:43:47.217+0300][141,147s][info][gc] GC(1002) Concurrent strong roots 0,110ms
[2020-11-04T21:43:47.221+0300][141,151s][info][gc] GC(1002) Concurrent evacuation 4,139ms
[2020-11-04T21:43:47.221+0300][141,151s][info][gc] GC(1002) Pause Init Update Refs 0,013ms
[2020-11-04T21:43:47.264+0300][141,194s][info][gc] GC(1002) Concurrent update references 43,071ms
[2020-11-04T21:43:47.265+0300][141,195s][info][gc] GC(1002) Pause Final Update Refs 0,188ms
[2020-11-04T21:43:47.265+0300][141,195s][info][gc] GC(1002) Concurrent cleanup 429M->283M(512M) 0,112ms
[2020-11-04T21:43:47.291+0300][141,220s][info][gc] Trigger: Average GC time (128,43 ms) is above the time for allocation rate (902 MB/s) to deplete free headroom (115M)
[2020-11-04T21:43:47.291+0300][141,221s][info][gc] GC(1003) Concurrent reset 0,582ms
[2020-11-04T21:43:47.292+0300][141,221s][info][gc] GC(1003) Pause Init Mark (unload classes) 0,101ms
[2020-11-04T21:43:47.362+0300][141,292s][info][gc] GC(1003) Concurrent marking (unload classes) 70,581ms
[2020-11-04T21:43:47.363+0300][141,293s][info][gc] GC(1003) Pause Final Mark (unload classes) 0,631ms
[2020-11-04T21:43:47.364+0300][141,293s][info][gc] GC(1003) Concurrent weak roots 0,303ms
[2020-11-04T21:43:47.364+0300][141,293s][info][gc] GC(1003) Concurrent cleanup 364M->364M(512M) 0,031ms
[2020-11-04T21:43:47.365+0300][141,294s][info][gc] GC(1003) Concurrent class unloading 0,939ms
[2020-11-04T21:43:47.365+0300][141,294s][info][gc] GC(1003) Concurrent strong roots 0,057ms
[2020-11-04T21:43:47.369+0300][141,298s][info][gc] GC(1003) Concurrent evacuation 3,858ms
[2020-11-04T21:43:47.369+0300][141,299s][info][gc] GC(1003) Pause Init Update Refs 0,021ms
[2020-11-04T21:43:47.412+0300][141,341s][info][gc] GC(1003) Concurrent update references 42,576ms
[2020-11-04T21:43:47.412+0300][141,342s][info][gc] GC(1003) Pause Final Update Refs 0,246ms
[2020-11-04T21:43:47.412+0300][141,342s][info][gc] GC(1003) Concurrent cleanup 437M->293M(512M) 0,102ms
[2020-11-04T21:43:47.436+0300][141,365s][info][gc] Trigger: Average GC time (126,60 ms) is above the time for allocation rate (949 MB/s) to deplete free headroom (117M)
[2020-11-04T21:43:47.436+0300][141,366s][info][gc] GC(1004) Concurrent reset 0,625ms
[2020-11-04T21:43:47.437+0300][141,367s][info][gc] GC(1004) Pause Init Mark (unload classes) 0,104ms
[2020-11-04T21:43:47.518+0300][141,448s][info][gc] GC(1004) Concurrent marking (unload classes) 81,527ms
[2020-11-04T21:43:47.519+0300][141,449s][info][gc] GC(1004) Pause Final Mark (unload classes) 0,464ms
[2020-11-04T21:43:47.520+0300][141,449s][info][gc] GC(1004) Concurrent weak roots 0,415ms
[2020-11-04T21:43:47.520+0300][141,449s][info][gc] GC(1004) Concurrent cleanup 361M->361M(512M) 0,036ms
[2020-11-04T21:43:47.521+0300][141,450s][info][gc] GC(1004) Concurrent class unloading 1,018ms
[2020-11-04T21:43:47.521+0300][141,451s][info][gc] GC(1004) Concurrent strong roots 0,101ms
[2020-11-04T21:43:47.524+0300][141,454s][info][gc] GC(1004) Concurrent evacuation 3,599ms
[2020-11-04T21:43:47.525+0300][141,454s][info][gc] GC(1004) Pause Init Update Refs 0,015ms
[2020-11-04T21:43:47.568+0300][141,498s][info][gc] GC(1004) Concurrent update references 43,340ms
[2020-11-04T21:43:47.569+0300][141,498s][info][gc] GC(1004) Pause Final Update Refs 0,222ms
[2020-11-04T21:43:47.569+0300][141,499s][info][gc] GC(1004) Concurrent cleanup 436M->298M(512M) 0,101ms
[2020-11-04T21:43:47.592+0300][141,522s][info][gc] Trigger: Average GC time (129,45 ms) is above the time for allocation rate (892 MB/s) to deplete free headroom (111M)
[2020-11-04T21:43:47.593+0300][141,523s][info][gc] GC(1005) Concurrent reset 0,603ms
[2020-11-04T21:43:47.593+0300][141,523s][info][gc] GC(1005) Pause Init Mark (process weakrefs) (unload classes) 0,109ms
[2020-11-04T21:43:47.676+0300][141,606s][info][gc] GC(1005) Concurrent marking (process weakrefs) (unload classes) 83,025ms
[2020-11-04T21:43:47.676+0300][141,606s][info][gc] GC(1005) Concurrent precleaning 0,154ms
[2020-11-04T21:43:47.677+0300][141,607s][info][gc] GC(1005) Pause Final Mark (process weakrefs) (unload classes) 0,422ms
[2020-11-04T21:43:47.678+0300][141,607s][info][gc] GC(1005) Concurrent weak roots 0,468ms
[2020-11-04T21:43:47.678+0300][141,607s][info][gc] GC(1005) Concurrent cleanup 367M->367M(512M) 0,034ms
[2020-11-04T21:43:47.678+0300][141,608s][info][gc] GC(1005) Concurrent class unloading 0,830ms
[2020-11-04T21:43:47.679+0300][141,608s][info][gc] GC(1005) Concurrent strong roots 0,120ms
[2020-11-04T21:43:47.682+0300][141,612s][info][gc] GC(1005) Concurrent evacuation 3,797ms
[2020-11-04T21:43:47.683+0300][141,613s][info][gc] GC(1005) Pause Init Update Refs 0,021ms
[2020-11-04T21:43:47.723+0300][141,653s][info][gc] GC(1005) Concurrent update references 40,044ms
[2020-11-04T21:43:47.723+0300][141,653s][info][gc] GC(1005) Pause Final Update Refs 0,141ms
[2020-11-04T21:43:47.723+0300][141,653s][info][gc] GC(1005) Concurrent cleanup 459M->319M(512M) 0,106ms
[2020-11-04T21:43:47.732+0300][141,662s][info][gc] Trigger: Average GC time (130,35 ms) is above the time for allocation rate (920 MB/s) to deplete free headroom (118M)
[2020-11-04T21:43:47.733+0300][141,662s][info][gc] GC(1006) Concurrent reset 0,627ms
[2020-11-04T21:43:47.733+0300][141,663s][info][gc] GC(1006) Pause Init Mark (unload classes) 0,118ms
[2020-11-04T21:43:47.816+0300][141,746s][info][gc] GC(1006) Concurrent marking (unload classes) 83,192ms
[2020-11-04T21:43:47.817+0300][141,746s][info][gc] GC(1006) Pause Final Mark (unload classes) 0,375ms
[2020-11-04T21:43:47.817+0300][141,747s][info][gc] GC(1006) Concurrent weak roots 0,423ms
[2020-11-04T21:43:47.817+0300][141,747s][info][gc] GC(1006) Concurrent cleanup 361M->361M(512M) 0,037ms
[2020-11-04T21:43:47.818+0300][141,748s][info][gc] GC(1006) Concurrent class unloading 0,870ms
[2020-11-04T21:43:47.818+0300][141,748s][info][gc] GC(1006) Concurrent strong roots 0,052ms
[2020-11-04T21:43:47.822+0300][141,751s][info][gc] GC(1006) Concurrent evacuation 3,381ms
[2020-11-04T21:43:47.822+0300][141,752s][info][gc] GC(1006) Pause Init Update Refs 0,013ms
[2020-11-04T21:43:47.863+0300][141,793s][info][gc] GC(1006) Concurrent update references 41,201ms
[2020-11-04T21:43:47.863+0300][141,793s][info][gc] GC(1006) Pause Final Update Refs 0,156ms
[2020-11-04T21:43:47.864+0300][141,793s][info][gc] GC(1006) Concurrent cleanup 453M->325M(512M) 0,095ms
[2020-11-04T21:43:47.871+0300][141,801s][info][gc] Trigger: Average GC time (130,29 ms) is above the time for allocation rate (916 MB/s) to deplete free headroom (115M)
[2020-11-04T21:43:47.872+0300][141,802s][info][gc] GC(1007) Concurrent reset 0,673ms
[2020-11-04T21:43:47.872+0300][141,802s][info][gc] GC(1007) Pause Init Mark (unload classes) 0,090ms
[2020-11-04T21:43:47.956+0300][141,886s][info][gc] GC(1007) Concurrent marking (unload classes) 83,493ms
[2020-11-04T21:43:47.956+0300][141,886s][info][gc] GC(1007) Pause Final Mark (unload classes) 0,441ms
[2020-11-04T21:43:47.957+0300][141,887s][info][gc] GC(1007) Concurrent weak roots 0,291ms
[2020-11-04T21:43:47.957+0300][141,887s][info][gc] GC(1007) Concurrent cleanup 363M->363M(512M) 0,024ms
[2020-11-04T21:43:47.958+0300][141,888s][info][gc] GC(1007) Concurrent class unloading 0,941ms
[2020-11-04T21:43:47.958+0300][141,888s][info][gc] GC(1007) Concurrent strong roots 0,146ms
[2020-11-04T21:43:47.961+0300][141,891s][info][gc] GC(1007) Concurrent evacuation 3,345ms
[2020-11-04T21:43:47.962+0300][141,891s][info][gc] GC(1007) Pause Init Update Refs 0,014ms
[2020-11-04T21:43:48.003+0300][141,933s][info][gc] GC(1007) Concurrent update references 41,460ms
[2020-11-04T21:43:48.004+0300][141,933s][info][gc] GC(1007) Pause Final Update Refs 0,201ms
[2020-11-04T21:43:48.004+0300][141,934s][info][gc] GC(1007) Concurrent cleanup 455M->327M(512M) 0,096ms
[2020-11-04T21:43:48.010+0300][141,940s][info][gc] Trigger: Average GC time (130,04 ms) is above the time for allocation rate (892 MB/s) to deplete free headroom (115M)
[2020-11-04T21:43:48.011+0300][141,941s][info][gc] GC(1008) Concurrent reset 0,614ms
[2020-11-04T21:43:48.011+0300][141,941s][info][gc] GC(1008) Pause Init Mark (unload classes) 0,109ms
[2020-11-04T21:43:48.104+0300][142,034s][info][gc] GC(1008) Concurrent marking (unload classes) 93,150ms
[2020-11-04T21:43:48.105+0300][142,035s][info][gc] GC(1008) Pause Final Mark (unload classes) 0,428ms
[2020-11-04T21:43:48.106+0300][142,036s][info][gc] GC(1008) Concurrent weak roots 0,506ms
[2020-11-04T21:43:48.106+0300][142,036s][info][gc] GC(1008) Concurrent cleanup 363M->363M(512M) 0,035ms
[2020-11-04T21:43:48.107+0300][142,037s][info][gc] GC(1008) Concurrent class unloading 0,960ms
[2020-11-04T21:43:48.107+0300][142,037s][info][gc] GC(1008) Concurrent strong roots 0,119ms
[2020-11-04T21:43:48.110+0300][142,040s][info][gc] GC(1008) Concurrent evacuation 3,277ms
[2020-11-04T21:43:48.111+0300][142,040s][info][gc] GC(1008) Pause Init Update Refs 0,022ms
[2020-11-04T21:43:48.153+0300][142,083s][info][gc] GC(1008) Concurrent update references 42,200ms
[2020-11-04T21:43:48.153+0300][142,083s][info][gc] GC(1008) Pause Final Update Refs 0,158ms
[2020-11-04T21:43:48.153+0300][142,083s][info][gc] GC(1008) Concurrent cleanup 458M->334M(512M) 0,096ms
[2020-11-04T21:43:48.159+0300][142,089s][info][gc] Trigger: Average GC time (134,37 ms) is above the time for allocation rate (836 MB/s) to deplete free headroom (111M)
[2020-11-04T21:43:48.160+0300][142,089s][info][gc] GC(1009) Concurrent reset 0,614ms
[2020-11-04T21:43:48.160+0300][142,090s][info][gc] GC(1009) Pause Init Mark (unload classes) 0,119ms
[2020-11-04T21:43:48.241+0300][142,171s][info][gc] GC(1009) Concurrent marking (unload classes) 80,927ms
[2020-11-04T21:43:48.242+0300][142,171s][info][gc] GC(1009) Pause Final Mark (unload classes) 0,432ms
[2020-11-04T21:43:48.242+0300][142,172s][info][gc] GC(1009) Concurrent weak roots 0,401ms
[2020-11-04T21:43:48.242+0300][142,172s][info][gc] GC(1009) Concurrent cleanup 366M->366M(512M) 0,038ms
[2020-11-04T21:43:48.243+0300][142,173s][info][gc] GC(1009) Concurrent class unloading 0,960ms
[2020-11-04T21:43:48.243+0300][142,173s][info][gc] GC(1009) Concurrent strong roots 0,134ms
[2020-11-04T21:43:48.247+0300][142,176s][info][gc] GC(1009) Concurrent evacuation 3,124ms
[2020-11-04T21:43:48.247+0300][142,177s][info][gc] GC(1009) Pause Init Update Refs 0,016ms
[2020-11-04T21:43:48.293+0300][142,223s][info][gc] GC(1009) Concurrent update references 46,512ms
[2020-11-04T21:43:48.294+0300][142,224s][info][gc] GC(1009) Pause Final Update Refs 0,381ms
[2020-11-04T21:43:48.294+0300][142,224s][info][gc] GC(1009) Concurrent cleanup 449M->324M(512M) 0,121ms
[2020-11-04T21:43:48.304+0300][142,234s][info][gc] Trigger: Average GC time (134,86 ms) is above the time for allocation rate (838 MB/s) to deplete free headroom (110M)
[2020-11-04T21:43:48.305+0300][142,235s][info][gc] GC(1010) Concurrent reset 0,677ms
[2020-11-04T21:43:48.305+0300][142,235s][info][gc] GC(1010) Pause Init Mark (process weakrefs) (unload classes) 0,130ms
[2020-11-04T21:43:48.388+0300][142,318s][info][gc] GC(1010) Concurrent marking (process weakrefs) (unload classes) 83,057ms
[2020-11-04T21:43:48.388+0300][142,318s][info][gc] GC(1010) Concurrent precleaning 0,178ms
[2020-11-04T21:43:48.389+0300][142,319s][info][gc] GC(1010) Pause Final Mark (process weakrefs) (unload classes) 0,465ms
[2020-11-04T21:43:48.390+0300][142,319s][info][gc] GC(1010) Concurrent weak roots 0,331ms
[2020-11-04T21:43:48.390+0300][142,319s][info][gc] GC(1010) Concurrent cleanup 367M->367M(512M) 0,043ms
[2020-11-04T21:43:48.390+0300][142,320s][info][gc] GC(1010) Concurrent class unloading 0,738ms
[2020-11-04T21:43:48.390+0300][142,320s][info][gc] GC(1010) Concurrent strong roots 0,045ms
[2020-11-04T21:43:48.393+0300][142,323s][info][gc] GC(1010) Concurrent evacuation 2,911ms
[2020-11-04T21:43:48.394+0300][142,323s][info][gc] GC(1010) Pause Init Update Refs 0,011ms
[2020-11-04T21:43:48.442+0300][142,372s][info][gc] GC(1010) Concurrent update references 48,148ms
[2020-11-04T21:43:48.442+0300][142,372s][info][gc] GC(1010) Pause Final Update Refs 0,114ms
[2020-11-04T21:43:48.442+0300][142,372s][info][gc] GC(1010) Concurrent cleanup 445M->323M(512M) 0,103ms
[2020-11-04T21:43:48.454+0300][142,384s][info][gc] Trigger: Average GC time (136,30 ms) is above the time for allocation rate (815 MB/s) to deplete free headroom (106M)
[2020-11-04T21:43:48.455+0300][142,385s][info][gc] GC(1011) Concurrent reset 0,640ms
[2020-11-04T21:43:48.455+0300][142,385s][info][gc] GC(1011) Pause Init Mark (unload classes) 0,241ms
[2020-11-04T21:43:48.552+0300][142,481s][info][gc] GC(1011) Concurrent marking (unload classes) 96,318ms
[2020-11-04T21:43:48.552+0300][142,482s][info][gc] GC(1011) Pause Final Mark (unload classes) 0,319ms
[2020-11-04T21:43:48.553+0300][142,482s][info][gc] GC(1011) Concurrent weak roots 0,393ms
[2020-11-04T21:43:48.553+0300][142,482s][info][gc] GC(1011) Concurrent cleanup 372M->372M(512M) 0,034ms
[2020-11-04T21:43:48.554+0300][142,484s][info][gc] GC(1011) Concurrent class unloading 1,092ms
[2020-11-04T21:43:48.554+0300][142,484s][info][gc] GC(1011) Concurrent strong roots 0,103ms
[2020-11-04T21:43:48.557+0300][142,487s][info][gc] GC(1011) Concurrent evacuation 3,094ms
[2020-11-04T21:43:48.557+0300][142,487s][info][gc] GC(1011) Pause Init Update Refs 0,020ms
[2020-11-04T21:43:48.603+0300][142,533s][info][gc] GC(1011) Concurrent update references 45,455ms
[2020-11-04T21:43:48.603+0300][142,533s][info][gc] GC(1011) Pause Final Update Refs 0,117ms
[2020-11-04T21:43:48.603+0300][142,533s][info][gc] GC(1011) Concurrent cleanup 473M->351M(512M) 0,116ms
[2020-11-04T21:43:48.604+0300][142,534s][info][gc] Trigger: Average GC time (139,79 ms) is above the time for allocation rate (791 MB/s) to deplete free headroom (106M)
[2020-11-04T21:43:48.605+0300][142,535s][info][gc] GC(1012) Concurrent reset 0,446ms
[2020-11-04T21:43:48.605+0300][142,535s][info][gc] GC(1012) Pause Init Mark (unload classes) 0,114ms
[2020-11-04T21:43:48.691+0300][142,621s][info][gc] GC(1012) Concurrent marking (unload classes) 85,708ms
[2020-11-04T21:43:48.692+0300][142,622s][info][gc] GC(1012) Pause Final Mark (unload classes) 0,617ms
[2020-11-04T21:43:48.693+0300][142,623s][info][gc] GC(1012) Concurrent weak roots 0,601ms
[2020-11-04T21:43:48.693+0300][142,623s][info][gc] GC(1012) Concurrent cleanup 371M->371M(512M) 0,037ms
[2020-11-04T21:43:48.694+0300][142,624s][info][gc] GC(1012) Concurrent class unloading 0,930ms
[2020-11-04T21:43:48.694+0300][142,624s][info][gc] GC(1012) Concurrent strong roots 0,156ms
[2020-11-04T21:43:48.699+0300][142,629s][info][gc] GC(1012) Concurrent evacuation 4,979ms
[2020-11-04T21:43:48.699+0300][142,629s][info][gc] GC(1012) Pause Init Update Refs 0,016ms
[2020-11-04T21:43:48.749+0300][142,679s][info][gc] GC(1012) Concurrent update references 50,169ms
[2020-11-04T21:43:48.750+0300][142,680s][info][gc] GC(1012) Pause Final Update Refs 0,175ms
[2020-11-04T21:43:48.750+0300][142,680s][info][gc] GC(1012) Concurrent cleanup 453M->333M(512M) 0,118ms
[2020-11-04T21:43:48.763+0300][142,693s][info][gc] Trigger: Average GC time (142,40 ms) is above the time for allocation rate (742 MB/s) to deplete free headroom (104M)
[2020-11-04T21:43:48.764+0300][142,693s][info][gc] GC(1013) Concurrent reset 0,699ms
[2020-11-04T21:43:48.764+0300][142,694s][info][gc] GC(1013) Pause Init Mark (unload classes) 0,123ms
[2020-11-04T21:43:48.865+0300][142,795s][info][gc] GC(1013) Concurrent marking (unload classes) 101,214ms
[2020-11-04T21:43:48.866+0300][142,796s][info][gc] GC(1013) Pause Final Mark (unload classes) 0,506ms
[2020-11-04T21:43:48.866+0300][142,796s][info][gc] GC(1013) Concurrent weak roots 0,410ms
[2020-11-04T21:43:48.867+0300][142,796s][info][gc] GC(1013) Concurrent cleanup 374M->374M(512M) 0,051ms
[2020-11-04T21:43:48.867+0300][142,797s][info][gc] GC(1013) Concurrent class unloading 0,843ms
[2020-11-04T21:43:48.867+0300][142,797s][info][gc] GC(1013) Concurrent strong roots 0,111ms
[2020-11-04T21:43:48.870+0300][142,800s][info][gc] GC(1013) Concurrent evacuation 2,841ms
[2020-11-04T21:43:48.871+0300][142,800s][info][gc] GC(1013) Pause Init Update Refs 0,023ms
[2020-11-04T21:43:48.922+0300][142,852s][info][gc] GC(1013) Concurrent update references 51,573ms
[2020-11-04T21:43:48.923+0300][142,852s][info][gc] GC(1013) Pause Final Update Refs 0,231ms
[2020-11-04T21:43:48.923+0300][142,853s][info][gc] GC(1013) Concurrent cleanup 474M->355M(512M) 0,083ms
[2020-11-04T21:43:48.930+0300][142,860s][info][gc] Trigger: Average GC time (145,72 ms) is above the time for allocation rate (722 MB/s) to deplete free headroom (99866K)
[2020-11-04T21:43:48.931+0300][142,861s][info][gc] GC(1014) Concurrent reset 0,481ms
[2020-11-04T21:43:48.931+0300][142,861s][info][gc] GC(1014) Pause Init Mark (unload classes) 0,091ms
[2020-11-04T21:43:48.980+0300][142,910s][info][gc] GC(1014) Concurrent marking (unload classes) 49,129ms
[2020-11-04T21:43:48.981+0300][142,911s][info][gc] GC(1014) Pause Final Mark (unload classes) 0,442ms
[2020-11-04T21:43:48.981+0300][142,911s][info][gc] GC(1014) Concurrent weak roots 0,410ms
[2020-11-04T21:43:48.981+0300][142,911s][info][gc] GC(1014) Concurrent cleanup 377M->373M(512M) 0,035ms
[2020-11-04T21:43:48.982+0300][142,912s][info][gc] GC(1014) Concurrent class unloading 1,073ms
[2020-11-04T21:43:48.983+0300][142,912s][info][gc] GC(1014) Concurrent strong roots 0,129ms
[2020-11-04T21:43:48.985+0300][142,914s][info][gc] GC(1014) Concurrent evacuation 1,935ms
[2020-11-04T21:43:48.985+0300][142,915s][info][gc] GC(1014) Pause Init Update Refs 0,028ms
[2020-11-04T21:43:49.010+0300][142,940s][info][gc] GC(1014) Concurrent update references 25,189ms
[2020-11-04T21:43:49.010+0300][142,940s][info][gc] GC(1014) Pause Final Update Refs 0,137ms
[2020-11-04T21:43:49.011+0300][142,940s][info][gc] GC(1014) Concurrent cleanup 428M->212M(512M) 0,107ms
[2020-11-04T21:43:49.039+0300][142,969s][info][gc] Trigger: Average GC time (134,71 ms) is above the time for allocation rate (1307 MB/s) to deplete free headroom (171M)
[2020-11-04T21:43:49.040+0300][142,970s][info][gc] GC(1015) Concurrent reset 0,551ms
[2020-11-04T21:43:49.040+0300][142,970s][info][gc] GC(1015) Pause Init Mark (process weakrefs) (unload classes) 0,125ms
[2020-11-04T21:43:49.124+0300][143,054s][info][gc] GC(1015) Concurrent marking (process weakrefs) (unload classes) 84,085ms
[2020-11-04T21:43:49.125+0300][143,054s][info][gc] GC(1015) Concurrent precleaning 0,171ms
[2020-11-04T21:43:49.125+0300][143,055s][info][gc] GC(1015) Pause Final Mark (process weakrefs) (unload classes) 0,438ms
[2020-11-04T21:43:49.126+0300][143,056s][info][gc] GC(1015) Concurrent weak roots 0,358ms
[2020-11-04T21:43:49.126+0300][143,056s][info][gc] GC(1015) Concurrent cleanup 313M->313M(512M) 0,037ms
[2020-11-04T21:43:49.127+0300][143,057s][info][gc] GC(1015) Concurrent class unloading 1,290ms
[2020-11-04T21:43:49.127+0300][143,057s][info][gc] GC(1015) Concurrent strong roots 0,105ms
[2020-11-04T21:43:49.131+0300][143,061s][info][gc] GC(1015) Concurrent evacuation 3,503ms
[2020-11-04T21:43:49.131+0300][143,061s][info][gc] GC(1015) Pause Init Update Refs 0,018ms
[2020-11-04T21:43:49.161+0300][143,091s][info][gc] GC(1015) Concurrent update references 30,410ms
[2020-11-04T21:43:49.162+0300][143,092s][info][gc] GC(1015) Pause Final Update Refs 0,195ms
[2020-11-04T21:43:49.162+0300][143,092s][info][gc] GC(1015) Concurrent cleanup 363M->220M(512M) 0,097ms
[2020-11-04T21:43:49.200+0300][143,130s][info][gc] Trigger: Average GC time (131,59 ms) is above the time for allocation rate (1066 MB/s) to deplete free headroom (138M)
[2020-11-04T21:43:49.201+0300][143,131s][info][gc] GC(1016) Concurrent reset 0,499ms
[2020-11-04T21:43:49.201+0300][143,131s][info][gc] GC(1016) Pause Init Mark (unload classes) 0,111ms
[2020-11-04T21:43:49.258+0300][143,187s][info][gc] GC(1016) Concurrent marking (unload classes) 56,288ms
[2020-11-04T21:43:49.258+0300][143,188s][info][gc] GC(1016) Pause Final Mark (unload classes) 0,354ms
[2020-11-04T21:43:49.259+0300][143,189s][info][gc] GC(1016) Concurrent weak roots 0,496ms
[2020-11-04T21:43:49.259+0300][143,189s][info][gc] GC(1016) Concurrent cleanup 342M->342M(512M) 0,035ms
[2020-11-04T21:43:49.260+0300][143,190s][info][gc] GC(1016) Concurrent class unloading 1,024ms
[2020-11-04T21:43:49.260+0300][143,190s][info][gc] GC(1016) Concurrent strong roots 0,122ms
[2020-11-04T21:43:49.264+0300][143,194s][info][gc] GC(1016) Concurrent evacuation 4,233ms
[2020-11-04T21:43:49.265+0300][143,194s][info][gc] GC(1016) Pause Init Update Refs 0,016ms
[2020-11-04T21:43:49.296+0300][143,226s][info][gc] GC(1016) Concurrent update references 31,823ms
[2020-11-04T21:43:49.297+0300][143,227s][info][gc] GC(1016) Pause Final Update Refs 0,140ms
[2020-11-04T21:43:49.297+0300][143,227s][info][gc] GC(1016) Concurrent cleanup 398M->226M(512M) 0,099ms
[2020-11-04T21:43:49.333+0300][143,263s][info][gc] Trigger: Average GC time (121,08 ms) is above the time for allocation rate (1216 MB/s) to deplete free headroom (143M)
[2020-11-04T21:43:49.334+0300][143,264s][info][gc] GC(1017) Concurrent reset 0,547ms
[2020-11-04T21:43:49.334+0300][143,264s][info][gc] GC(1017) Pause Init Mark (unload classes) 0,184ms
[2020-11-04T21:43:49.392+0300][143,322s][info][gc] GC(1017) Concurrent marking (unload classes) 57,524ms
[2020-11-04T21:43:49.392+0300][143,322s][info][gc] GC(1017) Pause Final Mark (unload classes) 0,493ms
[2020-11-04T21:43:49.393+0300][143,323s][info][gc] GC(1017) Concurrent weak roots 0,443ms
[2020-11-04T21:43:49.393+0300][143,323s][info][gc] GC(1017) Concurrent cleanup 339M->339M(512M) 0,034ms
[2020-11-04T21:43:49.394+0300][143,324s][info][gc] GC(1017) Concurrent class unloading 0,904ms
[2020-11-04T21:43:49.394+0300][143,324s][info][gc] GC(1017) Concurrent strong roots 0,065ms
[2020-11-04T21:43:49.398+0300][143,328s][info][gc] GC(1017) Concurrent evacuation 4,321ms
[2020-11-04T21:43:49.399+0300][143,328s][info][gc] GC(1017) Pause Init Update Refs 0,014ms
[2020-11-04T21:43:49.428+0300][143,358s][info][gc] GC(1017) Concurrent update references 29,059ms
[2020-11-04T21:43:49.428+0300][143,358s][info][gc] GC(1017) Pause Final Update Refs 0,185ms
[2020-11-04T21:43:49.428+0300][143,358s][info][gc] GC(1017) Concurrent cleanup 408M->247M(512M) 0,130ms
[2020-11-04T21:43:49.461+0300][143,391s][info][gc] Trigger: Average GC time (110,99 ms) is above the time for allocation rate (1257 MB/s) to deplete free headroom (139M)
[2020-11-04T21:43:49.462+0300][143,392s][info][gc] GC(1018) Concurrent reset 0,556ms
[2020-11-04T21:43:49.462+0300][143,392s][info][gc] GC(1018) Pause Init Mark (unload classes) 0,066ms
[2020-11-04T21:43:49.571+0300][143,501s][info][gc] GC(1018) Concurrent marking (unload classes) 108,903ms
[2020-11-04T21:43:49.571+0300][143,501s][info][gc] GC(1018) Pause Final Mark (unload classes) 0,222ms
[2020-11-04T21:43:49.572+0300][143,502s][info][gc] GC(1018) Concurrent weak roots 0,321ms
[2020-11-04T21:43:49.572+0300][143,502s][info][gc] GC(1018) Concurrent cleanup 343M->343M(512M) 0,028ms
[2020-11-04T21:43:49.573+0300][143,503s][info][gc] GC(1018) Concurrent class unloading 0,833ms
[2020-11-04T21:43:49.573+0300][143,503s][info][gc] GC(1018) Concurrent strong roots 0,042ms
[2020-11-04T21:43:49.577+0300][143,507s][info][gc] GC(1018) Concurrent evacuation 4,197ms
[2020-11-04T21:43:49.577+0300][143,507s][info][gc] GC(1018) Pause Init Update Refs 0,011ms
[2020-11-04T21:43:49.612+0300][143,542s][info][gc] GC(1018) Concurrent update references 35,015ms
[2020-11-04T21:43:49.613+0300][143,542s][info][gc] GC(1018) Pause Final Update Refs 0,111ms
[2020-11-04T21:43:49.613+0300][143,542s][info][gc] GC(1018) Concurrent cleanup 408M->246M(512M) 0,062ms
[2020-11-04T21:43:49.693+0300][143,623s][info][gc] Trigger: Average GC time (109,28 ms) is above the time for allocation rate (871 MB/s) to deplete free headroom (95770K)
[2020-11-04T21:43:49.694+0300][143,624s][info][gc] GC(1019) Concurrent reset 0,496ms
[2020-11-04T21:43:49.694+0300][143,624s][info][gc] GC(1019) Pause Init Mark (unload classes) 0,068ms
[2020-11-04T21:43:49.791+0300][143,721s][info][gc] GC(1019) Concurrent marking (unload classes) 97,185ms
[2020-11-04T21:43:49.792+0300][143,722s][info][gc] GC(1019) Pause Final Mark (unload classes) 0,236ms
[2020-11-04T21:43:49.792+0300][143,722s][info][gc] GC(1019) Concurrent weak roots 0,356ms
[2020-11-04T21:43:49.792+0300][143,722s][info][gc] GC(1019) Concurrent cleanup 384M->384M(512M) 0,033ms
[2020-11-04T21:43:49.793+0300][143,723s][info][gc] GC(1019) Concurrent class unloading 0,952ms
[2020-11-04T21:43:49.793+0300][143,723s][info][gc] GC(1019) Concurrent strong roots 0,046ms
[2020-11-04T21:43:49.799+0300][143,729s][info][gc] GC(1019) Concurrent evacuation 5,615ms
[2020-11-04T21:43:49.799+0300][143,729s][info][gc] GC(1019) Pause Init Update Refs 0,013ms
[2020-11-04T21:43:49.839+0300][143,768s][info][gc] GC(1019) Concurrent update references 39,471ms
[2020-11-04T21:43:49.839+0300][143,769s][info][gc] GC(1019) Pause Final Update Refs 0,085ms
[2020-11-04T21:43:49.839+0300][143,769s][info][gc] GC(1019) Concurrent cleanup 467M->265M(512M) 0,102ms
[2020-11-04T21:43:49.875+0300][143,805s][info][gc] Trigger: Average GC time (122,31 ms) is above the time for allocation rate (960 MB/s) to deplete free headroom (114M)
[2020-11-04T21:43:49.876+0300][143,806s][info][gc] GC(1020) Concurrent reset 0,594ms
[2020-11-04T21:43:49.876+0300][143,806s][info][gc] GC(1020) Pause Init Mark (process weakrefs) (unload classes) 0,068ms
[2020-11-04T21:43:49.966+0300][143,896s][info][gc] GC(1020) Concurrent marking (process weakrefs) (unload classes) 90,090ms
[2020-11-04T21:43:49.966+0300][143,896s][info][gc] GC(1020) Concurrent precleaning 0,062ms
[2020-11-04T21:43:49.967+0300][143,896s][info][gc] GC(1020) Pause Final Mark (process weakrefs) (unload classes) 0,274ms
[2020-11-04T21:43:49.967+0300][143,897s][info][gc] GC(1020) Concurrent weak roots 0,348ms
[2020-11-04T21:43:49.967+0300][143,897s][info][gc] GC(1020) Concurrent cleanup 365M->365M(512M) 0,028ms
[2020-11-04T21:43:49.968+0300][143,898s][info][gc] GC(1020) Concurrent class unloading 0,659ms
[2020-11-04T21:43:49.968+0300][143,898s][info][gc] GC(1020) Concurrent strong roots 0,045ms
[2020-11-04T21:43:49.973+0300][143,903s][info][gc] GC(1020) Concurrent evacuation 5,026ms
[2020-11-04T21:43:49.973+0300][143,903s][info][gc] GC(1020) Pause Init Update Refs 0,012ms
[2020-11-04T21:43:50.012+0300][143,941s][info][gc] GC(1020) Concurrent update references 38,546ms
[2020-11-04T21:43:50.012+0300][143,942s][info][gc] GC(1020) Pause Final Update Refs 0,105ms
[2020-11-04T21:43:50.012+0300][143,942s][info][gc] GC(1020) Concurrent cleanup 439M->264M(512M) 0,102ms
[2020-11-04T21:43:50.045+0300][143,975s][info][gc] Trigger: Average GC time (125,15 ms) is above the time for allocation rate (967 MB/s) to deplete free headroom (120M)
[2020-11-04T21:43:50.046+0300][143,975s][info][gc] GC(1021) Concurrent reset 0,536ms
[2020-11-04T21:43:50.046+0300][143,976s][info][gc] GC(1021) Pause Init Mark (unload classes) 0,075ms
[2020-11-04T21:43:50.130+0300][144,060s][info][gc] GC(1021) Concurrent marking (unload classes) 83,925ms
[2020-11-04T21:43:50.131+0300][144,060s][info][gc] GC(1021) Pause Final Mark (unload classes) 0,581ms
[2020-11-04T21:43:50.131+0300][144,061s][info][gc] GC(1021) Concurrent weak roots 0,344ms
[2020-11-04T21:43:50.131+0300][144,061s][info][gc] GC(1021) Concurrent cleanup 359M->359M(512M) 0,042ms
[2020-11-04T21:43:50.132+0300][144,062s][info][gc] GC(1021) Concurrent class unloading 0,974ms
[2020-11-04T21:43:50.132+0300][144,062s][info][gc] GC(1021) Concurrent strong roots 0,076ms
[2020-11-04T21:43:50.137+0300][144,066s][info][gc] GC(1021) Concurrent evacuation 4,305ms
[2020-11-04T21:43:50.137+0300][144,067s][info][gc] GC(1021) Pause Init Update Refs 0,022ms
[2020-11-04T21:43:50.177+0300][144,107s][info][gc] GC(1021) Concurrent update references 40,443ms
[2020-11-04T21:43:50.178+0300][144,108s][info][gc] GC(1021) Pause Final Update Refs 0,263ms
[2020-11-04T21:43:50.178+0300][144,108s][info][gc] GC(1021) Concurrent cleanup 416M->252M(512M) 0,107ms
[2020-11-04T21:43:50.210+0300][144,140s][info][gc] Trigger: Average GC time (132,42 ms) is above the time for allocation rate (948 MB/s) to deplete free headroom (123M)
[2020-11-04T21:43:50.211+0300][144,141s][info][gc] GC(1022) Concurrent reset 0,628ms
[2020-11-04T21:43:50.211+0300][144,141s][info][gc] GC(1022) Pause Init Mark (unload classes) 0,130ms
[2020-11-04T21:43:50.281+0300][144,211s][info][gc] GC(1022) Concurrent marking (unload classes) 70,010ms
[2020-11-04T21:43:50.282+0300][144,212s][info][gc] GC(1022) Pause Final Mark (unload classes) 0,438ms
[2020-11-04T21:43:50.282+0300][144,212s][info][gc] GC(1022) Concurrent weak roots 0,454ms
[2020-11-04T21:43:50.282+0300][144,212s][info][gc] GC(1022) Concurrent cleanup 356M->356M(512M) 0,038ms
[2020-11-04T21:43:50.283+0300][144,213s][info][gc] GC(1022) Concurrent class unloading 0,899ms
[2020-11-04T21:43:50.284+0300][144,213s][info][gc] GC(1022) Concurrent strong roots 0,138ms
[2020-11-04T21:43:50.288+0300][144,218s][info][gc] GC(1022) Concurrent evacuation 4,916ms
[2020-11-04T21:43:50.289+0300][144,219s][info][gc] GC(1022) Pause Init Update Refs 0,014ms
[2020-11-04T21:43:50.323+0300][144,253s][info][gc] GC(1022) Concurrent update references 34,497ms
[2020-11-04T21:43:50.324+0300][144,254s][info][gc] GC(1022) Pause Final Update Refs 0,128ms
[2020-11-04T21:43:50.324+0300][144,254s][info][gc] GC(1022) Concurrent cleanup 435M->279M(512M) 0,100ms
[2020-11-04T21:43:50.339+0300][144,269s][info][gc] Trigger: Average GC time (136,18 ms) is above the time for allocation rate (1042 MB/s) to deplete free headroom (141M)
[2020-11-04T21:43:50.340+0300][144,269s][info][gc] GC(1023) Concurrent reset 0,610ms
[2020-11-04T21:43:50.340+0300][144,270s][info][gc] GC(1023) Pause Init Mark (unload classes) 0,101ms
[2020-11-04T21:43:50.412+0300][144,341s][info][gc] GC(1023) Concurrent marking (unload classes) 71,477ms
[2020-11-04T21:43:50.412+0300][144,342s][info][gc] GC(1023) Pause Final Mark (unload classes) 0,469ms
[2020-11-04T21:43:50.413+0300][144,342s][info][gc] GC(1023) Concurrent weak roots 0,357ms
[2020-11-04T21:43:50.413+0300][144,342s][info][gc] GC(1023) Concurrent cleanup 341M->341M(512M) 0,031ms
[2020-11-04T21:43:50.414+0300][144,344s][info][gc] GC(1023) Concurrent class unloading 1,054ms
[2020-11-04T21:43:50.414+0300][144,344s][info][gc] GC(1023) Concurrent strong roots 0,129ms
[2020-11-04T21:43:50.417+0300][144,347s][info][gc] GC(1023) Concurrent evacuation 3,369ms
[2020-11-04T21:43:50.418+0300][144,347s][info][gc] GC(1023) Pause Init Update Refs 0,024ms
[2020-11-04T21:43:50.452+0300][144,382s][info][gc] GC(1023) Concurrent update references 34,412ms
[2020-11-04T21:43:50.453+0300][144,382s][info][gc] GC(1023) Pause Final Update Refs 0,213ms
[2020-11-04T21:43:50.453+0300][144,383s][info][gc] GC(1023) Concurrent cleanup 424M->289M(512M) 0,073ms
[2020-11-04T21:43:50.466+0300][144,395s][info][gc] Trigger: Average GC time (128,70 ms) is above the time for allocation rate (1065 MB/s) to deplete free headroom (136M)
[2020-11-04T21:43:50.466+0300][144,396s][info][gc] GC(1024) Concurrent reset 0,613ms
[2020-11-04T21:43:50.467+0300][144,396s][info][gc] GC(1024) Pause Init Mark (unload classes) 0,153ms
[2020-11-04T21:43:50.549+0300][144,479s][info][gc] GC(1024) Concurrent marking (unload classes) 82,823ms
[2020-11-04T21:43:50.550+0300][144,480s][info][gc] GC(1024) Pause Final Mark (unload classes) 0,551ms
[2020-11-04T21:43:50.551+0300][144,480s][info][gc] GC(1024) Concurrent weak roots 0,325ms
[2020-11-04T21:43:50.551+0300][144,480s][info][gc] GC(1024) Concurrent cleanup 345M->345M(512M) 0,021ms
[2020-11-04T21:43:50.552+0300][144,481s][info][gc] GC(1024) Concurrent class unloading 0,930ms
[2020-11-04T21:43:50.552+0300][144,482s][info][gc] GC(1024) Concurrent strong roots 0,144ms
[2020-11-04T21:43:50.555+0300][144,485s][info][gc] GC(1024) Concurrent evacuation 3,659ms
[2020-11-04T21:43:50.556+0300][144,486s][info][gc] GC(1024) Pause Init Update Refs 0,018ms
[2020-11-04T21:43:50.591+0300][144,521s][info][gc] GC(1024) Concurrent update references 35,589ms
[2020-11-04T21:43:50.592+0300][144,522s][info][gc] GC(1024) Pause Final Update Refs 0,265ms
[2020-11-04T21:43:50.592+0300][144,522s][info][gc] GC(1024) Concurrent cleanup 428M->292M(512M) 0,074ms
[2020-11-04T21:43:50.609+0300][144,539s][info][gc] Trigger: Average GC time (124,88 ms) is above the time for allocation rate (1011 MB/s) to deplete free headroom (122M)
[2020-11-04T21:43:50.610+0300][144,540s][info][gc] GC(1025) Concurrent reset 0,716ms
[2020-11-04T21:43:50.610+0300][144,540s][info][gc] GC(1025) Pause Init Mark (process weakrefs) (unload classes) 0,161ms
[2020-11-04T21:43:50.679+0300][144,609s][info][gc] GC(1025) Concurrent marking (process weakrefs) (unload classes) 68,569ms
[2020-11-04T21:43:50.679+0300][144,609s][info][gc] GC(1025) Concurrent precleaning 0,173ms
[2020-11-04T21:43:50.680+0300][144,610s][info][gc] GC(1025) Pause Final Mark (process weakrefs) (unload classes) 0,530ms
[2020-11-04T21:43:50.680+0300][144,610s][info][gc] GC(1025) Concurrent weak roots 0,467ms
[2020-11-04T21:43:50.681+0300][144,610s][info][gc] GC(1025) Concurrent cleanup 357M->357M(512M) 0,036ms
[2020-11-04T21:43:50.681+0300][144,611s][info][gc] GC(1025) Concurrent class unloading 0,806ms
[2020-11-04T21:43:50.681+0300][144,611s][info][gc] GC(1025) Concurrent strong roots 0,127ms
[2020-11-04T21:43:50.687+0300][144,617s][info][gc] GC(1025) Concurrent evacuation 5,700ms
[2020-11-04T21:43:50.688+0300][144,617s][info][gc] GC(1025) Pause Init Update Refs 0,017ms
[2020-11-04T21:43:50.724+0300][144,654s][info][gc] GC(1025) Concurrent update references 36,546ms
[2020-11-04T21:43:50.725+0300][144,655s][info][gc] GC(1025) Pause Final Update Refs 0,152ms
[2020-11-04T21:43:50.725+0300][144,655s][info][gc] GC(1025) Concurrent cleanup 442M->296M(512M) 0,121ms
[2020-11-04T21:43:50.743+0300][144,673s][info][gc] Trigger: Average GC time (120,66 ms) is above the time for allocation rate (1042 MB/s) to deplete free headroom (123M)
[2020-11-04T21:43:50.744+0300][144,674s][info][gc] GC(1026) Concurrent reset 0,663ms
[2020-11-04T21:43:50.744+0300][144,674s][info][gc] GC(1026) Pause Init Mark (unload classes) 0,124ms
[2020-11-04T21:43:50.826+0300][144,756s][info][gc] GC(1026) Concurrent marking (unload classes) 81,857ms
[2020-11-04T21:43:50.827+0300][144,757s][info][gc] GC(1026) Pause Final Mark (unload classes) 0,495ms
[2020-11-04T21:43:50.827+0300][144,757s][info][gc] GC(1026) Concurrent weak roots 0,503ms
[2020-11-04T21:43:50.828+0300][144,757s][info][gc] GC(1026) Concurrent cleanup 356M->356M(512M) 0,039ms
[2020-11-04T21:43:50.829+0300][144,758s][info][gc] GC(1026) Concurrent class unloading 0,953ms
[2020-11-04T21:43:50.829+0300][144,758s][info][gc] GC(1026) Concurrent strong roots 0,113ms
[2020-11-04T21:43:50.833+0300][144,763s][info][gc] GC(1026) Concurrent evacuation 4,358ms
[2020-11-04T21:43:50.833+0300][144,763s][info][gc] GC(1026) Pause Init Update Refs 0,014ms
[2020-11-04T21:43:50.872+0300][144,802s][info][gc] GC(1026) Concurrent update references 38,476ms
[2020-11-04T21:43:50.872+0300][144,802s][info][gc] GC(1026) Pause Final Update Refs 0,145ms
[2020-11-04T21:43:50.873+0300][144,802s][info][gc] GC(1026) Concurrent cleanup 446M->306M(512M) 0,090ms
[2020-11-04T21:43:50.893+0300][144,823s][info][gc] Trigger: Average GC time (119,95 ms) is above the time for allocation rate (961 MB/s) to deplete free headroom (115M)
[2020-11-04T21:43:50.894+0300][144,823s][info][gc] GC(1027) Concurrent reset 0,679ms
[2020-11-04T21:43:50.894+0300][144,824s][info][gc] GC(1027) Pause Init Mark (unload classes) 0,142ms
[2020-11-04T21:43:50.984+0300][144,914s][info][gc] GC(1027) Concurrent marking (unload classes) 90,129ms
[2020-11-04T21:43:50.985+0300][144,915s][info][gc] GC(1027) Pause Final Mark (unload classes) 0,427ms
[2020-11-04T21:43:50.986+0300][144,915s][info][gc] GC(1027) Concurrent weak roots 0,394ms
[2020-11-04T21:43:50.986+0300][144,915s][info][gc] GC(1027) Concurrent cleanup 364M->364M(512M) 0,038ms
[2020-11-04T21:43:50.986+0300][144,916s][info][gc] GC(1027) Concurrent class unloading 0,797ms
[2020-11-04T21:43:50.987+0300][144,916s][info][gc] GC(1027) Concurrent strong roots 0,139ms
[2020-11-04T21:43:50.991+0300][144,921s][info][gc] GC(1027) Concurrent evacuation 4,739ms
[2020-11-04T21:43:50.992+0300][144,922s][info][gc] GC(1027) Pause Init Update Refs 0,025ms
[2020-11-04T21:43:51.031+0300][144,961s][info][gc] GC(1027) Concurrent update references 39,591ms
[2020-11-04T21:43:51.032+0300][144,962s][info][gc] GC(1027) Pause Final Update Refs 0,180ms
[2020-11-04T21:43:51.032+0300][144,962s][info][gc] GC(1027) Concurrent cleanup 452M->308M(512M) 0,108ms
[2020-11-04T21:43:51.047+0300][144,977s][info][gc] Trigger: Average GC time (125,00 ms) is above the time for allocation rate (922 MB/s) to deplete free headroom (112M)
[2020-11-04T21:43:51.048+0300][144,978s][info][gc] GC(1028) Concurrent reset 0,630ms
[2020-11-04T21:43:51.048+0300][144,978s][info][gc] GC(1028) Pause Init Mark (unload classes) 0,145ms
[2020-11-04T21:43:51.131+0300][145,060s][info][gc] GC(1028) Concurrent marking (unload classes) 82,255ms
[2020-11-04T21:43:51.132+0300][145,061s][info][gc] GC(1028) Pause Final Mark (unload classes) 0,643ms
[2020-11-04T21:43:51.132+0300][145,062s][info][gc] GC(1028) Concurrent weak roots 0,476ms
[2020-11-04T21:43:51.132+0300][145,062s][info][gc] GC(1028) Concurrent cleanup 367M->367M(512M) 0,035ms
[2020-11-04T21:43:51.133+0300][145,063s][info][gc] GC(1028) Concurrent class unloading 1,002ms
[2020-11-04T21:43:51.133+0300][145,063s][info][gc] GC(1028) Concurrent strong roots 0,077ms
[2020-11-04T21:43:51.137+0300][145,067s][info][gc] GC(1028) Concurrent evacuation 3,418ms
[2020-11-04T21:43:51.137+0300][145,067s][info][gc] GC(1028) Pause Init Update Refs 0,010ms
[2020-11-04T21:43:51.177+0300][145,107s][info][gc] GC(1028) Concurrent update references 39,706ms
[2020-11-04T21:43:51.177+0300][145,107s][info][gc] GC(1028) Pause Final Update Refs 0,142ms
[2020-11-04T21:43:51.178+0300][145,107s][info][gc] GC(1028) Concurrent cleanup 457M->315M(512M) 0,097ms
[2020-11-04T21:43:51.187+0300][145,117s][info][gc] Trigger: Average GC time (128,32 ms) is above the time for allocation rate (937 MB/s) to deplete free headroom (119M)
[2020-11-04T21:43:51.188+0300][145,118s][info][gc] GC(1029) Concurrent reset 0,600ms
[2020-11-04T21:43:51.188+0300][145,118s][info][gc] GC(1029) Pause Init Mark (unload classes) 0,109ms
[2020-11-04T21:43:51.287+0300][145,217s][info][gc] GC(1029) Concurrent marking (unload classes) 98,522ms
[2020-11-04T21:43:51.288+0300][145,217s][info][gc] GC(1029) Pause Final Mark (unload classes) 0,473ms
[2020-11-04T21:43:51.288+0300][145,218s][info][gc] GC(1029) Concurrent weak roots 0,538ms
[2020-11-04T21:43:51.288+0300][145,218s][info][gc] GC(1029) Concurrent cleanup 359M->359M(512M) 0,037ms
[2020-11-04T21:43:51.289+0300][145,219s][info][gc] GC(1029) Concurrent class unloading 0,818ms
[2020-11-04T21:43:51.289+0300][145,219s][info][gc] GC(1029) Concurrent strong roots 0,055ms
[2020-11-04T21:43:51.293+0300][145,223s][info][gc] GC(1029) Concurrent evacuation 3,550ms
[2020-11-04T21:43:51.293+0300][145,223s][info][gc] GC(1029) Pause Init Update Refs 0,010ms
[2020-11-04T21:43:51.334+0300][145,264s][info][gc] GC(1029) Concurrent update references 41,270ms
[2020-11-04T21:43:51.335+0300][145,265s][info][gc] GC(1029) Pause Final Update Refs 0,127ms
[2020-11-04T21:43:51.335+0300][145,265s][info][gc] GC(1029) Concurrent cleanup 449M->318M(512M) 0,096ms
[2020-11-04T21:43:51.347+0300][145,277s][info][gc] Trigger: Average GC time (132,59 ms) is above the time for allocation rate (854 MB/s) to deplete free headroom (110M)
[2020-11-04T21:43:51.347+0300][145,277s][info][gc] GC(1030) Concurrent reset 0,655ms
[2020-11-04T21:43:51.348+0300][145,278s][info][gc] GC(1030) Pause Init Mark (process weakrefs) (unload classes) 0,118ms
[2020-11-04T21:43:51.424+0300][145,354s][info][gc] GC(1030) Concurrent marking (process weakrefs) (unload classes) 76,403ms
[2020-11-04T21:43:51.425+0300][145,354s][info][gc] GC(1030) Concurrent precleaning 0,172ms
[2020-11-04T21:43:51.425+0300][145,355s][info][gc] GC(1030) Pause Final Mark (process weakrefs) (unload classes) 0,541ms
[2020-11-04T21:43:51.426+0300][145,356s][info][gc] GC(1030) Concurrent weak roots 0,385ms
[2020-11-04T21:43:51.426+0300][145,356s][info][gc] GC(1030) Concurrent cleanup 366M->366M(512M) 0,040ms
[2020-11-04T21:43:51.427+0300][145,356s][info][gc] GC(1030) Concurrent class unloading 0,832ms
[2020-11-04T21:43:51.427+0300][145,357s][info][gc] GC(1030) Concurrent strong roots 0,087ms
[2020-11-04T21:43:51.430+0300][145,360s][info][gc] GC(1030) Concurrent evacuation 3,387ms
[2020-11-04T21:43:51.431+0300][145,360s][info][gc] GC(1030) Pause Init Update Refs 0,025ms
[2020-11-04T21:43:51.471+0300][145,401s][info][gc] GC(1030) Concurrent update references 40,602ms
[2020-11-04T21:43:51.472+0300][145,402s][info][gc] GC(1030) Pause Final Update Refs 0,354ms
[2020-11-04T21:43:51.472+0300][145,402s][info][gc] GC(1030) Concurrent cleanup 461M->324M(512M) 0,109ms
[2020-11-04T21:43:51.477+0300][145,407s][info][gc] Trigger: Average GC time (134,49 ms) is above the time for allocation rate (926 MB/s) to deplete free headroom (121M)
[2020-11-04T21:43:51.478+0300][145,408s][info][gc] GC(1031) Concurrent reset 0,608ms
[2020-11-04T21:43:51.479+0300][145,408s][info][gc] GC(1031) Pause Init Mark (unload classes) 0,164ms
[2020-11-04T21:43:51.559+0300][145,488s][info][gc] GC(1031) Concurrent marking (unload classes) 79,942ms
[2020-11-04T21:43:51.559+0300][145,489s][info][gc] GC(1031) Pause Final Mark (unload classes) 0,430ms
[2020-11-04T21:43:51.560+0300][145,490s][info][gc] GC(1031) Concurrent weak roots 0,428ms
[2020-11-04T21:43:51.560+0300][145,490s][info][gc] GC(1031) Concurrent cleanup 358M->358M(512M) 0,038ms
[2020-11-04T21:43:51.561+0300][145,491s][info][gc] GC(1031) Concurrent class unloading 0,885ms
[2020-11-04T21:43:51.561+0300][145,491s][info][gc] GC(1031) Concurrent strong roots 0,166ms
[2020-11-04T21:43:51.564+0300][145,494s][info][gc] GC(1031) Concurrent evacuation 2,984ms
[2020-11-04T21:43:51.564+0300][145,494s][info][gc] GC(1031) Pause Init Update Refs 0,013ms
[2020-11-04T21:43:51.606+0300][145,535s][info][gc] GC(1031) Concurrent update references 41,303ms
[2020-11-04T21:43:51.606+0300][145,536s][info][gc] GC(1031) Pause Final Update Refs 0,148ms
[2020-11-04T21:43:51.606+0300][145,536s][info][gc] GC(1031) Concurrent cleanup 450M->328M(512M) 0,081ms
[2020-11-04T21:43:51.612+0300][145,541s][info][gc] Trigger: Average GC time (134,33 ms) is above the time for allocation rate (904 MB/s) to deplete free headroom (118M)
[2020-11-04T21:43:51.612+0300][145,542s][info][gc] GC(1032) Concurrent reset 0,589ms
[2020-11-04T21:43:51.613+0300][145,543s][info][gc] GC(1032) Pause Init Mark (unload classes) 0,260ms
[2020-11-04T21:43:51.701+0300][145,631s][info][gc] GC(1032) Concurrent marking (unload classes) 88,108ms
[2020-11-04T21:43:51.702+0300][145,632s][info][gc] GC(1032) Pause Final Mark (unload classes) 0,756ms
[2020-11-04T21:43:51.702+0300][145,632s][info][gc] GC(1032) Concurrent weak roots 0,358ms
[2020-11-04T21:43:51.702+0300][145,632s][info][gc] GC(1032) Concurrent cleanup 361M->361M(512M) 0,030ms
[2020-11-04T21:43:51.703+0300][145,633s][info][gc] GC(1032) Concurrent class unloading 0,915ms
[2020-11-04T21:43:51.704+0300][145,633s][info][gc] GC(1032) Concurrent strong roots 0,203ms
[2020-11-04T21:43:51.707+0300][145,637s][info][gc] GC(1032) Concurrent evacuation 3,379ms
[2020-11-04T21:43:51.707+0300][145,637s][info][gc] GC(1032) Pause Init Update Refs 0,012ms
[2020-11-04T21:43:51.753+0300][145,683s][info][gc] GC(1032) Concurrent update references 45,587ms
[2020-11-04T21:43:51.753+0300][145,683s][info][gc] GC(1032) Pause Final Update Refs 0,115ms
[2020-11-04T21:43:51.753+0300][145,683s][info][gc] GC(1032) Concurrent cleanup 439M->317M(512M) 0,055ms
[2020-11-04T21:43:51.766+0300][145,696s][info][gc] Trigger: Average GC time (134,83 ms) is above the time for allocation rate (824 MB/s) to deplete free headroom (108M)
[2020-11-04T21:43:51.767+0300][145,697s][info][gc] GC(1033) Concurrent reset 0,642ms
[2020-11-04T21:43:51.767+0300][145,697s][info][gc] GC(1033) Pause Init Mark (unload classes) 0,286ms
[2020-11-04T21:43:51.851+0300][145,781s][info][gc] GC(1033) Concurrent marking (unload classes) 83,714ms
[2020-11-04T21:43:51.852+0300][145,782s][info][gc] GC(1033) Pause Final Mark (unload classes) 0,637ms
[2020-11-04T21:43:51.853+0300][145,783s][info][gc] GC(1033) Concurrent weak roots 0,392ms
[2020-11-04T21:43:51.853+0300][145,783s][info][gc] GC(1033) Concurrent cleanup 370M->370M(512M) 0,047ms
[2020-11-04T21:43:51.854+0300][145,784s][info][gc] GC(1033) Concurrent class unloading 1,051ms
[2020-11-04T21:43:51.855+0300][145,784s][info][gc] GC(1033) Concurrent strong roots 0,123ms
[2020-11-04T21:43:51.859+0300][145,789s][info][gc] GC(1033) Concurrent evacuation 4,257ms
[2020-11-04T21:43:51.859+0300][145,789s][info][gc] GC(1033) Pause Init Update Refs 0,010ms
[2020-11-04T21:43:51.902+0300][145,831s][info][gc] GC(1033) Concurrent update references 42,277ms
[2020-11-04T21:43:51.902+0300][145,832s][info][gc] GC(1033) Pause Final Update Refs 0,131ms
[2020-11-04T21:43:51.902+0300][145,832s][info][gc] GC(1033) Concurrent cleanup 467M->339M(512M) 0,103ms
[2020-11-04T21:43:51.905+0300][145,835s][info][gc] Trigger: Average GC time (135,95 ms) is above the time for allocation rate (860 MB/s) to deplete free headroom (112M)
[2020-11-04T21:43:51.906+0300][145,836s][info][gc] GC(1034) Concurrent reset 0,469ms
[2020-11-04T21:43:51.906+0300][145,836s][info][gc] GC(1034) Pause Init Mark (unload classes) 0,189ms
[2020-11-04T21:43:51.987+0300][145,917s][info][gc] GC(1034) Concurrent marking (unload classes) 80,239ms
[2020-11-04T21:43:51.987+0300][145,917s][info][gc] GC(1034) Pause Final Mark (unload classes) 0,427ms
[2020-11-04T21:43:51.988+0300][145,918s][info][gc] GC(1034) Concurrent weak roots 0,402ms
[2020-11-04T21:43:51.988+0300][145,918s][info][gc] GC(1034) Concurrent cleanup 365M->365M(512M) 0,039ms
[2020-11-04T21:43:51.989+0300][145,919s][info][gc] GC(1034) Concurrent class unloading 0,871ms
[2020-11-04T21:43:51.989+0300][145,919s][info][gc] GC(1034) Concurrent strong roots 0,130ms
[2020-11-04T21:43:51.992+0300][145,922s][info][gc] GC(1034) Concurrent evacuation 2,946ms
[2020-11-04T21:43:51.992+0300][145,922s][info][gc] GC(1034) Pause Init Update Refs 0,012ms
[2020-11-04T21:43:52.036+0300][145,966s][info][gc] GC(1034) Concurrent update references 44,007ms
[2020-11-04T21:43:52.037+0300][145,967s][info][gc] GC(1034) Pause Final Update Refs 0,350ms
[2020-11-04T21:43:52.037+0300][145,967s][info][gc] GC(1034) Concurrent cleanup 464M->344M(512M) 0,090ms
[2020-11-04T21:43:52.038+0300][145,968s][info][gc] Trigger: Average GC time (132,72 ms) is above the time for allocation rate (873 MB/s) to deplete free headroom (113M)
[2020-11-04T21:43:52.039+0300][145,969s][info][gc] GC(1035) Concurrent reset 0,387ms
[2020-11-04T21:43:52.039+0300][145,969s][info][gc] GC(1035) Pause Init Mark (process weakrefs) (unload classes) 0,137ms
[2020-11-04T21:43:52.120+0300][146,050s][info][gc] GC(1035) Concurrent marking (process weakrefs) (unload classes) 80,837ms
[2020-11-04T21:43:52.120+0300][146,050s][info][gc] GC(1035) Concurrent precleaning 0,159ms
[2020-11-04T21:43:52.121+0300][146,051s][info][gc] GC(1035) Pause Final Mark (process weakrefs) (unload classes) 0,694ms
[2020-11-04T21:43:52.122+0300][146,051s][info][gc] GC(1035) Concurrent weak roots 0,472ms
[2020-11-04T21:43:52.122+0300][146,052s][info][gc] GC(1035) Concurrent cleanup 365M->365M(512M) 0,037ms
[2020-11-04T21:43:52.123+0300][146,052s][info][gc] GC(1035) Concurrent class unloading 0,895ms
[2020-11-04T21:43:52.123+0300][146,053s][info][gc] GC(1035) Concurrent strong roots 0,062ms
[2020-11-04T21:43:52.126+0300][146,056s][info][gc] GC(1035) Concurrent evacuation 2,924ms
[2020-11-04T21:43:52.126+0300][146,056s][info][gc] GC(1035) Pause Init Update Refs 0,019ms
[2020-11-04T21:43:52.170+0300][146,100s][info][gc] GC(1035) Concurrent update references 44,302ms
[2020-11-04T21:43:52.171+0300][146,101s][info][gc] GC(1035) Pause Final Update Refs 0,420ms
[2020-11-04T21:43:52.171+0300][146,101s][info][gc] GC(1035) Concurrent cleanup 465M->349M(512M) 0,103ms
[2020-11-04T21:43:52.172+0300][146,102s][info][gc] Trigger: Average GC time (134,26 ms) is above the time for allocation rate (880 MB/s) to deplete free headroom (107M)
[2020-11-04T21:43:52.173+0300][146,103s][info][gc] GC(1036) Concurrent reset 0,416ms
[2020-11-04T21:43:52.173+0300][146,103s][info][gc] GC(1036) Pause Init Mark (unload classes) 0,292ms
[2020-11-04T21:43:52.259+0300][146,189s][info][gc] GC(1036) Concurrent marking (unload classes) 85,397ms
[2020-11-04T21:43:52.260+0300][146,189s][info][gc] GC(1036) Pause Final Mark (unload classes) 0,451ms
[2020-11-04T21:43:52.260+0300][146,190s][info][gc] GC(1036) Concurrent weak roots 0,365ms
[2020-11-04T21:43:52.260+0300][146,190s][info][gc] GC(1036) Concurrent cleanup 370M->370M(512M) 0,036ms
[2020-11-04T21:43:52.261+0300][146,191s][info][gc] GC(1036) Concurrent class unloading 0,757ms
[2020-11-04T21:43:52.261+0300][146,191s][info][gc] GC(1036) Concurrent strong roots 0,109ms
[2020-11-04T21:43:52.264+0300][146,194s][info][gc] GC(1036) Concurrent evacuation 3,300ms
[2020-11-04T21:43:52.265+0300][146,195s][info][gc] GC(1036) Pause Init Update Refs 0,026ms
[2020-11-04T21:43:52.310+0300][146,240s][info][gc] GC(1036) Concurrent update references 45,364ms
[2020-11-04T21:43:52.311+0300][146,241s][info][gc] GC(1036) Pause Final Update Refs 0,256ms
[2020-11-04T21:43:52.311+0300][146,241s][info][gc] GC(1036) Concurrent cleanup 470M->352M(512M) 0,056ms
[2020-11-04T21:43:52.312+0300][146,242s][info][gc] Trigger: Average GC time (136,19 ms) is above the time for allocation rate (838 MB/s) to deplete free headroom (104M)
[2020-11-04T21:43:52.312+0300][146,242s][info][gc] GC(1037) Concurrent reset 0,408ms
[2020-11-04T21:43:52.313+0300][146,243s][info][gc] GC(1037) Pause Init Mark (unload classes) 0,159ms
[2020-11-04T21:43:52.421+0300][146,351s][info][gc] GC(1037) Concurrent marking (unload classes) 108,543ms
[2020-11-04T21:43:52.422+0300][146,352s][info][gc] GC(1037) Pause Final Mark (unload classes) 0,345ms
[2020-11-04T21:43:52.423+0300][146,352s][info][gc] GC(1037) Concurrent weak roots 0,445ms
[2020-11-04T21:43:52.423+0300][146,352s][info][gc] GC(1037) Concurrent cleanup 373M->373M(512M) 0,035ms
[2020-11-04T21:43:52.423+0300][146,353s][info][gc] GC(1037) Concurrent class unloading 0,872ms
[2020-11-04T21:43:52.424+0300][146,353s][info][gc] GC(1037) Concurrent strong roots 0,064ms
[2020-11-04T21:43:52.427+0300][146,356s][info][gc] GC(1037) Concurrent evacuation 2,914ms
[2020-11-04T21:43:52.427+0300][146,357s][info][gc] GC(1037) Pause Init Update Refs 0,014ms
[2020-11-04T21:43:52.472+0300][146,402s][info][gc] GC(1037) Concurrent update references 45,009ms
[2020-11-04T21:43:52.472+0300][146,402s][info][gc] GC(1037) Pause Final Update Refs 0,163ms
[2020-11-04T21:43:52.473+0300][146,402s][info][gc] GC(1037) Concurrent cleanup 475M->358M(512M) 0,083ms
[2020-11-04T21:43:52.474+0300][146,403s][info][gc] Trigger: Average GC time (139,97 ms) is above the time for allocation rate (741 MB/s) to deplete free headroom (101146K)
[2020-11-04T21:43:52.474+0300][146,404s][info][gc] GC(1038) Concurrent reset 0,383ms
[2020-11-04T21:43:52.474+0300][146,404s][info][gc] GC(1038) Pause Init Mark (unload classes) 0,117ms
[2020-11-04T21:43:52.573+0300][146,503s][info][gc] GC(1038) Concurrent marking (unload classes) 98,638ms
[2020-11-04T21:43:52.574+0300][146,504s][info][gc] GC(1038) Pause Final Mark (unload classes) 0,385ms
[2020-11-04T21:43:52.574+0300][146,504s][info][gc] GC(1038) Concurrent weak roots 0,364ms
[2020-11-04T21:43:52.574+0300][146,504s][info][gc] GC(1038) Concurrent cleanup 379M->379M(512M) 0,037ms
[2020-11-04T21:43:52.576+0300][146,506s][info][gc] GC(1038) Concurrent class unloading 1,281ms
[2020-11-04T21:43:52.576+0300][146,506s][info][gc] GC(1038) Concurrent strong roots 0,088ms
[2020-11-04T21:43:52.579+0300][146,509s][info][gc] GC(1038) Concurrent evacuation 3,063ms
[2020-11-04T21:43:52.579+0300][146,509s][info][gc] GC(1038) Pause Init Update Refs 0,014ms
[2020-11-04T21:43:52.625+0300][146,555s][info][gc] GC(1038) Concurrent update references 45,721ms
[2020-11-04T21:43:52.626+0300][146,555s][info][gc] GC(1038) Pause Final Update Refs 0,148ms
[2020-11-04T21:43:52.626+0300][146,556s][info][gc] GC(1038) Concurrent cleanup 465M->345M(512M) 0,093ms
[2020-11-04T21:43:52.633+0300][146,563s][info][gc] Trigger: Average GC time (143,19 ms) is above the time for allocation rate (714 MB/s) to deplete free headroom (100M)
[2020-11-04T21:43:52.634+0300][146,564s][info][gc] GC(1039) Concurrent reset 0,633ms
[2020-11-04T21:43:52.635+0300][146,564s][info][gc] GC(1039) Pause Init Mark (unload classes) 0,125ms
[2020-11-04T21:43:52.688+0300][146,617s][info][gc] GC(1039) Concurrent marking (unload classes) 52,981ms
[2020-11-04T21:43:52.688+0300][146,618s][info][gc] GC(1039) Pause Final Mark (unload classes) 0,538ms
[2020-11-04T21:43:52.689+0300][146,619s][info][gc] GC(1039) Concurrent weak roots 0,461ms
[2020-11-04T21:43:52.689+0300][146,619s][info][gc] GC(1039) Concurrent cleanup 375M->371M(512M) 0,036ms
[2020-11-04T21:43:52.690+0300][146,620s][info][gc] GC(1039) Concurrent class unloading 0,930ms
[2020-11-04T21:43:52.690+0300][146,620s][info][gc] GC(1039) Concurrent strong roots 0,073ms
[2020-11-04T21:43:52.692+0300][146,622s][info][gc] GC(1039) Concurrent evacuation 2,113ms
[2020-11-04T21:43:52.692+0300][146,622s][info][gc] GC(1039) Pause Init Update Refs 0,019ms
[2020-11-04T21:43:52.717+0300][146,647s][info][gc] GC(1039) Concurrent update references 24,471ms
[2020-11-04T21:43:52.718+0300][146,647s][info][gc] GC(1039) Pause Final Update Refs 0,185ms
[2020-11-04T21:43:52.718+0300][146,648s][info][gc] GC(1039) Concurrent cleanup 429M->219M(512M) 0,108ms
[2020-11-04T21:43:52.745+0300][146,675s][info][gc] Trigger: Average GC time (133,72 ms) is above the time for allocation rate (1289 MB/s) to deplete free headroom (167M)
[2020-11-04T21:43:52.746+0300][146,676s][info][gc] GC(1040) Concurrent reset 0,650ms
[2020-11-04T21:43:52.747+0300][146,676s][info][gc] GC(1040) Pause Init Mark (process weakrefs) (unload classes) 0,168ms
[2020-11-04T21:43:52.834+0300][146,764s][info][gc] GC(1040) Concurrent marking (process weakrefs) (unload classes) 87,539ms
[2020-11-04T21:43:52.834+0300][146,764s][info][gc] GC(1040) Concurrent precleaning 0,139ms
[2020-11-04T21:43:52.835+0300][146,765s][info][gc] GC(1040) Pause Final Mark (process weakrefs) (unload classes) 0,494ms
[2020-11-04T21:43:52.836+0300][146,765s][info][gc] GC(1040) Concurrent weak roots 0,450ms
[2020-11-04T21:43:52.836+0300][146,766s][info][gc] GC(1040) Concurrent cleanup 318M->318M(512M) 0,034ms
[2020-11-04T21:43:52.837+0300][146,767s][info][gc] GC(1040) Concurrent class unloading 1,030ms
[2020-11-04T21:43:52.837+0300][146,767s][info][gc] GC(1040) Concurrent strong roots 0,106ms
[2020-11-04T21:43:52.840+0300][146,770s][info][gc] GC(1040) Concurrent evacuation 3,527ms
[2020-11-04T21:43:52.841+0300][146,771s][info][gc] GC(1040) Pause Init Update Refs 0,014ms
[2020-11-04T21:43:52.869+0300][146,799s][info][gc] GC(1040) Concurrent update references 27,928ms
[2020-11-04T21:43:52.869+0300][146,799s][info][gc] GC(1040) Pause Final Update Refs 0,164ms
[2020-11-04T21:43:52.869+0300][146,799s][info][gc] GC(1040) Concurrent cleanup 385M->240M(512M) 0,109ms
[2020-11-04T21:43:52.900+0300][146,830s][info][gc] Trigger: Average GC time (131,93 ms) is above the time for allocation rate (1074 MB/s) to deplete free headroom (141M)
[2020-11-04T21:43:52.901+0300][146,831s][info][gc] GC(1041) Concurrent reset 0,521ms
[2020-11-04T21:43:52.901+0300][146,831s][info][gc] GC(1041) Pause Init Mark (unload classes) 0,122ms
[2020-11-04T21:43:52.961+0300][146,891s][info][gc] GC(1041) Concurrent marking (unload classes) 59,955ms
[2020-11-04T21:43:52.962+0300][146,892s][info][gc] GC(1041) Pause Final Mark (unload classes) 0,402ms
[2020-11-04T21:43:52.962+0300][146,892s][info][gc] GC(1041) Concurrent weak roots 0,395ms
[2020-11-04T21:43:52.962+0300][146,892s][info][gc] GC(1041) Concurrent cleanup 339M->340M(512M) 0,039ms
[2020-11-04T21:43:52.963+0300][146,893s][info][gc] GC(1041) Concurrent class unloading 0,957ms
[2020-11-04T21:43:52.964+0300][146,893s][info][gc] GC(1041) Concurrent strong roots 0,106ms
[2020-11-04T21:43:52.968+0300][146,897s][info][gc] GC(1041) Concurrent evacuation 4,033ms
[2020-11-04T21:43:52.968+0300][146,898s][info][gc] GC(1041) Pause Init Update Refs 0,023ms
[2020-11-04T21:43:52.997+0300][146,927s][info][gc] GC(1041) Concurrent update references 28,679ms
[2020-11-04T21:43:52.997+0300][146,927s][info][gc] GC(1041) Pause Final Update Refs 0,165ms
[2020-11-04T21:43:52.997+0300][146,927s][info][gc] GC(1041) Concurrent cleanup 410M->244M(512M) 0,102ms
[2020-11-04T21:43:53.022+0300][146,952s][info][gc] Trigger: Average GC time (123,69 ms) is above the time for allocation rate (1240 MB/s) to deplete free headroom (151M)
[2020-11-04T21:43:53.022+0300][146,952s][info][gc] GC(1042) Concurrent reset 0,567ms
[2020-11-04T21:43:53.023+0300][146,953s][info][gc] GC(1042) Pause Init Mark (unload classes) 0,117ms
[2020-11-04T21:43:53.079+0300][147,009s][info][gc] GC(1042) Concurrent marking (unload classes) 55,979ms
[2020-11-04T21:43:53.080+0300][147,010s][info][gc] GC(1042) Pause Final Mark (unload classes) 0,626ms
[2020-11-04T21:43:53.080+0300][147,010s][info][gc] GC(1042) Concurrent weak roots 0,470ms
[2020-11-04T21:43:53.080+0300][147,010s][info][gc] GC(1042) Concurrent cleanup 331M->331M(512M) 0,054ms
[2020-11-04T21:43:53.081+0300][147,011s][info][gc] GC(1042) Concurrent class unloading 0,842ms
[2020-11-04T21:43:53.081+0300][147,011s][info][gc] GC(1042) Concurrent strong roots 0,098ms
[2020-11-04T21:43:53.085+0300][147,015s][info][gc] GC(1042) Concurrent evacuation 3,819ms
[2020-11-04T21:43:53.086+0300][147,015s][info][gc] GC(1042) Pause Init Update Refs 0,017ms
[2020-11-04T21:43:53.115+0300][147,045s][info][gc] GC(1042) Concurrent update references 28,982ms
[2020-11-04T21:43:53.115+0300][147,045s][info][gc] GC(1042) Pause Final Update Refs 0,140ms
[2020-11-04T21:43:53.115+0300][147,045s][info][gc] GC(1042) Concurrent cleanup 404M->252M(512M) 0,136ms
[2020-11-04T21:43:53.140+0300][147,070s][info][gc] Trigger: Average GC time (110,27 ms) is above the time for allocation rate (1313 MB/s) to deplete free headroom (143M)
[2020-11-04T21:43:53.140+0300][147,070s][info][gc] GC(1043) Concurrent reset 0,553ms
[2020-11-04T21:43:53.141+0300][147,071s][info][gc] GC(1043) Pause Init Mark (unload classes) 0,121ms
[2020-11-04T21:43:53.200+0300][147,130s][info][gc] GC(1043) Concurrent marking (unload classes) 59,388ms
[2020-11-04T21:43:53.201+0300][147,131s][info][gc] GC(1043) Pause Final Mark (unload classes) 0,443ms
[2020-11-04T21:43:53.201+0300][147,131s][info][gc] GC(1043) Concurrent weak roots 0,395ms
[2020-11-04T21:43:53.202+0300][147,131s][info][gc] GC(1043) Concurrent cleanup 338M->338M(512M) 0,041ms
[2020-11-04T21:43:53.202+0300][147,132s][info][gc] GC(1043) Concurrent class unloading 0,763ms
[2020-11-04T21:43:53.202+0300][147,132s][info][gc] GC(1043) Concurrent strong roots 0,110ms
[2020-11-04T21:43:53.208+0300][147,138s][info][gc] GC(1043) Concurrent evacuation 5,948ms
[2020-11-04T21:43:53.209+0300][147,139s][info][gc] GC(1043) Pause Init Update Refs 0,016ms
[2020-11-04T21:43:53.240+0300][147,170s][info][gc] GC(1043) Concurrent update references 30,916ms
[2020-11-04T21:43:53.240+0300][147,170s][info][gc] GC(1043) Pause Final Update Refs 0,137ms
[2020-11-04T21:43:53.240+0300][147,170s][info][gc] GC(1043) Concurrent cleanup 413M->258M(512M) 0,115ms
[2020-11-04T21:43:53.269+0300][147,199s][info][gc] Trigger: Average GC time (99,96 ms) is above the time for allocation rate (1294 MB/s) to deplete free headroom (126M)
[2020-11-04T21:43:53.270+0300][147,199s][info][gc] GC(1044) Concurrent reset 0,582ms
[2020-11-04T21:43:53.270+0300][147,200s][info][gc] GC(1044) Pause Init Mark (unload classes) 0,107ms
[2020-11-04T21:43:53.354+0300][147,284s][info][gc] GC(1044) Concurrent marking (unload classes) 84,286ms
[2020-11-04T21:43:53.355+0300][147,285s][info][gc] GC(1044) Pause Final Mark (unload classes) 0,525ms
[2020-11-04T21:43:53.356+0300][147,285s][info][gc] GC(1044) Concurrent weak roots 0,413ms
[2020-11-04T21:43:53.356+0300][147,286s][info][gc] GC(1044) Concurrent cleanup 354M->354M(512M) 0,042ms
[2020-11-04T21:43:53.357+0300][147,287s][info][gc] GC(1044) Concurrent class unloading 1,026ms
[2020-11-04T21:43:53.357+0300][147,287s][info][gc] GC(1044) Concurrent strong roots 0,105ms
[2020-11-04T21:43:53.361+0300][147,291s][info][gc] GC(1044) Concurrent evacuation 4,070ms
[2020-11-04T21:43:53.361+0300][147,291s][info][gc] GC(1044) Pause Init Update Refs 0,027ms
[2020-11-04T21:43:53.394+0300][147,324s][info][gc] GC(1044) Concurrent update references 32,221ms
[2020-11-04T21:43:53.394+0300][147,324s][info][gc] GC(1044) Pause Final Update Refs 0,182ms
[2020-11-04T21:43:53.394+0300][147,324s][info][gc] GC(1044) Concurrent cleanup 431M->263M(512M) 0,129ms
[2020-11-04T21:43:53.424+0300][147,354s][info][gc] Trigger: Average GC time (108,17 ms) is above the time for allocation rate (1100 MB/s) to deplete free headroom (118M)
[2020-11-04T21:43:53.425+0300][147,355s][info][gc] GC(1045) Concurrent reset 0,643ms
[2020-11-04T21:43:53.425+0300][147,355s][info][gc] GC(1045) Pause Init Mark (process weakrefs) (unload classes) 0,139ms
[2020-11-04T21:43:53.494+0300][147,423s][info][gc] GC(1045) Concurrent marking (process weakrefs) (unload classes) 68,228ms
[2020-11-04T21:43:53.494+0300][147,424s][info][gc] GC(1045) Concurrent precleaning 0,142ms
[2020-11-04T21:43:53.495+0300][147,424s][info][gc] GC(1045) Pause Final Mark (process weakrefs) (unload classes) 0,581ms
[2020-11-04T21:43:53.495+0300][147,425s][info][gc] GC(1045) Concurrent weak roots 0,485ms
[2020-11-04T21:43:53.495+0300][147,425s][info][gc] GC(1045) Concurrent cleanup 361M->361M(512M) 0,036ms
[2020-11-04T21:43:53.496+0300][147,426s][info][gc] GC(1045) Concurrent class unloading 1,021ms
[2020-11-04T21:43:53.496+0300][147,426s][info][gc] GC(1045) Concurrent strong roots 0,143ms
[2020-11-04T21:43:53.501+0300][147,431s][info][gc] GC(1045) Concurrent evacuation 4,287ms
[2020-11-04T21:43:53.501+0300][147,431s][info][gc] GC(1045) Pause Init Update Refs 0,015ms
[2020-11-04T21:43:53.548+0300][147,477s][info][gc] GC(1045) Concurrent update references 46,546ms
[2020-11-04T21:43:53.548+0300][147,478s][info][gc] GC(1045) Pause Final Update Refs 0,147ms
[2020-11-04T21:43:53.548+0300][147,478s][info][gc] GC(1045) Concurrent cleanup 464M->293M(512M) 0,100ms
[2020-11-04T21:43:53.565+0300][147,495s][info][gc] Trigger: Average GC time (108,18 ms) is above the time for allocation rate (1148 MB/s) to deplete free headroom (122M)
[2020-11-04T21:43:53.566+0300][147,496s][info][gc] GC(1046) Concurrent reset 0,576ms
[2020-11-04T21:43:53.566+0300][147,496s][info][gc] GC(1046) Pause Init Mark (unload classes) 0,129ms
[2020-11-04T21:43:53.649+0300][147,579s][info][gc] GC(1046) Concurrent marking (unload classes) 82,800ms
[2020-11-04T21:43:53.650+0300][147,580s][info][gc] GC(1046) Pause Final Mark (unload classes) 0,393ms
[2020-11-04T21:43:53.650+0300][147,580s][info][gc] GC(1046) Concurrent weak roots 0,371ms
[2020-11-04T21:43:53.650+0300][147,580s][info][gc] GC(1046) Concurrent cleanup 359M->359M(512M) 0,034ms
[2020-11-04T21:43:53.651+0300][147,581s][info][gc] GC(1046) Concurrent class unloading 0,715ms
[2020-11-04T21:43:53.651+0300][147,581s][info][gc] GC(1046) Concurrent strong roots 0,072ms
[2020-11-04T21:43:53.655+0300][147,585s][info][gc] GC(1046) Concurrent evacuation 4,153ms
[2020-11-04T21:43:53.656+0300][147,586s][info][gc] GC(1046) Pause Init Update Refs 0,025ms
[2020-11-04T21:43:53.689+0300][147,619s][info][gc] GC(1046) Concurrent update references 33,145ms
[2020-11-04T21:43:53.689+0300][147,619s][info][gc] GC(1046) Pause Final Update Refs 0,141ms
[2020-11-04T21:43:53.690+0300][147,619s][info][gc] GC(1046) Concurrent cleanup 440M->278M(512M) 0,113ms
[2020-11-04T21:43:53.713+0300][147,643s][info][gc] Trigger: Average GC time (113,58 ms) is above the time for allocation rate (1074 MB/s) to deplete free headroom (120M)
[2020-11-04T21:43:53.714+0300][147,643s][info][gc] GC(1047) Concurrent reset 0,593ms
[2020-11-04T21:43:53.714+0300][147,644s][info][gc] GC(1047) Pause Init Mark (unload classes) 0,095ms
[2020-11-04T21:43:53.784+0300][147,714s][info][gc] GC(1047) Concurrent marking (unload classes) 69,770ms
[2020-11-04T21:43:53.785+0300][147,715s][info][gc] GC(1047) Pause Final Mark (unload classes) 0,857ms
[2020-11-04T21:43:53.785+0300][147,715s][info][gc] GC(1047) Concurrent weak roots 0,371ms
[2020-11-04T21:43:53.785+0300][147,715s][info][gc] GC(1047) Concurrent cleanup 359M->359M(512M) 0,037ms
[2020-11-04T21:43:53.787+0300][147,716s][info][gc] GC(1047) Concurrent class unloading 1,122ms
[2020-11-04T21:43:53.787+0300][147,717s][info][gc] GC(1047) Concurrent strong roots 0,149ms
[2020-11-04T21:43:53.791+0300][147,721s][info][gc] GC(1047) Concurrent evacuation 4,013ms
[2020-11-04T21:43:53.791+0300][147,721s][info][gc] GC(1047) Pause Init Update Refs 0,015ms
[2020-11-04T21:43:53.830+0300][147,760s][info][gc] GC(1047) Concurrent update references 39,065ms
[2020-11-04T21:43:53.831+0300][147,761s][info][gc] GC(1047) Pause Final Update Refs 0,164ms
[2020-11-04T21:43:53.831+0300][147,761s][info][gc] GC(1047) Concurrent cleanup 423M->264M(512M) 0,113ms
[2020-11-04T21:43:53.862+0300][147,792s][info][gc] Trigger: Average GC time (118,50 ms) is above the time for allocation rate (1040 MB/s) to deplete free headroom (119M)
[2020-11-04T21:43:53.862+0300][147,792s][info][gc] GC(1048) Concurrent reset 0,569ms
[2020-11-04T21:43:53.863+0300][147,793s][info][gc] GC(1048) Pause Init Mark (unload classes) 0,100ms
[2020-11-04T21:43:53.937+0300][147,867s][info][gc] GC(1048) Concurrent marking (unload classes) 74,079ms
[2020-11-04T21:43:53.938+0300][147,867s][info][gc] GC(1048) Pause Final Mark (unload classes) 0,393ms
[2020-11-04T21:43:53.938+0300][147,868s][info][gc] GC(1048) Concurrent weak roots 0,348ms
[2020-11-04T21:43:53.938+0300][147,868s][info][gc] GC(1048) Concurrent cleanup 359M->359M(512M) 0,035ms
[2020-11-04T21:43:53.939+0300][147,869s][info][gc] GC(1048) Concurrent class unloading 0,954ms
[2020-11-04T21:43:53.939+0300][147,869s][info][gc] GC(1048) Concurrent strong roots 0,064ms
[2020-11-04T21:43:53.943+0300][147,873s][info][gc] GC(1048) Concurrent evacuation 4,143ms
[2020-11-04T21:43:53.944+0300][147,874s][info][gc] GC(1048) Pause Init Update Refs 0,022ms
[2020-11-04T21:43:53.980+0300][147,909s][info][gc] GC(1048) Concurrent update references 35,684ms
[2020-11-04T21:43:53.980+0300][147,910s][info][gc] GC(1048) Pause Final Update Refs 0,137ms
[2020-11-04T21:43:53.980+0300][147,910s][info][gc] GC(1048) Concurrent cleanup 441M->287M(512M) 0,085ms
[2020-11-04T21:43:53.998+0300][147,928s][info][gc] Trigger: Average GC time (122,04 ms) is above the time for allocation rate (1049 MB/s) to deplete free headroom (126M)
[2020-11-04T21:43:53.999+0300][147,929s][info][gc] GC(1049) Concurrent reset 0,551ms
[2020-11-04T21:43:53.999+0300][147,929s][info][gc] GC(1049) Pause Init Mark (unload classes) 0,136ms
[2020-11-04T21:43:54.072+0300][148,002s][info][gc] GC(1049) Concurrent marking (unload classes) 72,656ms
[2020-11-04T21:43:54.073+0300][148,002s][info][gc] GC(1049) Pause Final Mark (unload classes) 0,356ms
[2020-11-04T21:43:54.073+0300][148,003s][info][gc] GC(1049) Concurrent weak roots 0,383ms
[2020-11-04T21:43:54.073+0300][148,003s][info][gc] GC(1049) Concurrent cleanup 353M->353M(512M) 0,034ms
[2020-11-04T21:43:54.074+0300][148,004s][info][gc] GC(1049) Concurrent class unloading 0,929ms
[2020-11-04T21:43:54.074+0300][148,004s][info][gc] GC(1049) Concurrent strong roots 0,069ms
[2020-11-04T21:43:54.078+0300][148,008s][info][gc] GC(1049) Concurrent evacuation 3,645ms
[2020-11-04T21:43:54.078+0300][148,008s][info][gc] GC(1049) Pause Init Update Refs 0,015ms
[2020-11-04T21:43:54.114+0300][148,044s][info][gc] GC(1049) Concurrent update references 35,850ms
[2020-11-04T21:43:54.115+0300][148,044s][info][gc] GC(1049) Pause Final Update Refs 0,174ms
[2020-11-04T21:43:54.115+0300][148,045s][info][gc] GC(1049) Concurrent cleanup 439M->296M(512M) 0,104ms
[2020-11-04T21:43:54.130+0300][148,059s][info][gc] Trigger: Average GC time (120,27 ms) is above the time for allocation rate (1073 MB/s) to deplete free headroom (124M)
[2020-11-04T21:43:54.130+0300][148,060s][info][gc] GC(1050) Concurrent reset 0,593ms
[2020-11-04T21:43:54.131+0300][148,061s][info][gc] GC(1050) Pause Init Mark (process weakrefs) (unload classes) 0,240ms
[2020-11-04T21:43:54.206+0300][148,136s][info][gc] GC(1050) Concurrent marking (process weakrefs) (unload classes) 74,920ms
[2020-11-04T21:43:54.206+0300][148,136s][info][gc] GC(1050) Concurrent precleaning 0,159ms
[2020-11-04T21:43:54.207+0300][148,136s][info][gc] GC(1050) Pause Final Mark (process weakrefs) (unload classes) 0,373ms
[2020-11-04T21:43:54.207+0300][148,137s][info][gc] GC(1050) Concurrent weak roots 0,376ms
[2020-11-04T21:43:54.207+0300][148,137s][info][gc] GC(1050) Concurrent cleanup 355M->355M(512M) 0,036ms
[2020-11-04T21:43:54.208+0300][148,138s][info][gc] GC(1050) Concurrent class unloading 0,938ms
[2020-11-04T21:43:54.208+0300][148,138s][info][gc] GC(1050) Concurrent strong roots 0,153ms
[2020-11-04T21:43:54.212+0300][148,142s][info][gc] GC(1050) Concurrent evacuation 3,895ms
[2020-11-04T21:43:54.213+0300][148,142s][info][gc] GC(1050) Pause Init Update Refs 0,010ms
[2020-11-04T21:43:54.255+0300][148,184s][info][gc] GC(1050) Concurrent update references 41,804ms
[2020-11-04T21:43:54.255+0300][148,185s][info][gc] GC(1050) Pause Final Update Refs 0,158ms
[2020-11-04T21:43:54.255+0300][148,185s][info][gc] GC(1050) Concurrent cleanup 425M->283M(512M) 0,099ms
[2020-11-04T21:43:54.279+0300][148,208s][info][gc] Trigger: Average GC time (120,54 ms) is above the time for allocation rate (983 MB/s) to deplete free headroom (115M)
[2020-11-04T21:43:54.279+0300][148,209s][info][gc] GC(1051) Concurrent reset 0,589ms
[2020-11-04T21:43:54.279+0300][148,209s][info][gc] GC(1051) Pause Init Mark (unload classes) 0,084ms
[2020-11-04T21:43:54.360+0300][148,290s][info][gc] GC(1051) Concurrent marking (unload classes) 80,120ms
[2020-11-04T21:43:54.360+0300][148,290s][info][gc] GC(1051) Pause Final Mark (unload classes) 0,298ms
[2020-11-04T21:43:54.361+0300][148,290s][info][gc] GC(1051) Concurrent weak roots 0,322ms
[2020-11-04T21:43:54.361+0300][148,290s][info][gc] GC(1051) Concurrent cleanup 364M->364M(512M) 0,024ms
[2020-11-04T21:43:54.362+0300][148,291s][info][gc] GC(1051) Concurrent class unloading 0,995ms
[2020-11-04T21:43:54.362+0300][148,292s][info][gc] GC(1051) Concurrent strong roots 0,109ms
[2020-11-04T21:43:54.366+0300][148,296s][info][gc] GC(1051) Concurrent evacuation 3,866ms
[2020-11-04T21:43:54.366+0300][148,296s][info][gc] GC(1051) Pause Init Update Refs 0,014ms
[2020-11-04T21:43:54.413+0300][148,343s][info][gc] GC(1051) Concurrent update references 46,948ms
[2020-11-04T21:43:54.414+0300][148,343s][info][gc] GC(1051) Pause Final Update Refs 0,135ms
[2020-11-04T21:43:54.414+0300][148,343s][info][gc] GC(1051) Concurrent cleanup 465M->318M(512M) 0,072ms
[2020-11-04T21:43:54.423+0300][148,353s][info][gc] Trigger: Average GC time (122,71 ms) is above the time for allocation rate (978 MB/s) to deplete free headroom (116M)
[2020-11-04T21:43:54.424+0300][148,354s][info][gc] GC(1052) Concurrent reset 0,562ms
[2020-11-04T21:43:54.425+0300][148,354s][info][gc] GC(1052) Pause Init Mark (unload classes) 0,306ms
[2020-11-04T21:43:54.497+0300][148,427s][info][gc] GC(1052) Concurrent marking (unload classes) 72,137ms
[2020-11-04T21:43:54.498+0300][148,427s][info][gc] GC(1052) Pause Final Mark (unload classes) 0,565ms
[2020-11-04T21:43:54.498+0300][148,428s][info][gc] GC(1052) Concurrent weak roots 0,451ms
[2020-11-04T21:43:54.498+0300][148,428s][info][gc] GC(1052) Concurrent cleanup 361M->361M(512M) 0,032ms
[2020-11-04T21:43:54.499+0300][148,429s][info][gc] GC(1052) Concurrent class unloading 0,813ms
[2020-11-04T21:43:54.499+0300][148,429s][info][gc] GC(1052) Concurrent strong roots 0,140ms
[2020-11-04T21:43:54.505+0300][148,435s][info][gc] GC(1052) Concurrent evacuation 5,671ms
[2020-11-04T21:43:54.505+0300][148,435s][info][gc] GC(1052) Pause Init Update Refs 0,013ms
[2020-11-04T21:43:54.544+0300][148,474s][info][gc] GC(1052) Concurrent update references 38,730ms
[2020-11-04T21:43:54.545+0300][148,474s][info][gc] GC(1052) Pause Final Update Refs 0,375ms
[2020-11-04T21:43:54.545+0300][148,475s][info][gc] GC(1052) Concurrent cleanup 451M->310M(512M) 0,084ms
[2020-11-04T21:43:54.555+0300][148,485s][info][gc] Trigger: Average GC time (123,39 ms) is above the time for allocation rate (992 MB/s) to deplete free headroom (121M)
[2020-11-04T21:43:54.556+0300][148,486s][info][gc] GC(1053) Concurrent reset 0,653ms
[2020-11-04T21:43:54.557+0300][148,486s][info][gc] GC(1053) Pause Init Mark (unload classes) 0,270ms
[2020-11-04T21:43:54.647+0300][148,577s][info][gc] GC(1053) Concurrent marking (unload classes) 90,478ms
[2020-11-04T21:43:54.648+0300][148,578s][info][gc] GC(1053) Pause Final Mark (unload classes) 0,700ms
[2020-11-04T21:43:54.649+0300][148,579s][info][gc] GC(1053) Concurrent weak roots 0,466ms
[2020-11-04T21:43:54.649+0300][148,579s][info][gc] GC(1053) Concurrent cleanup 359M->359M(512M) 0,034ms
[2020-11-04T21:43:54.650+0300][148,580s][info][gc] GC(1053) Concurrent class unloading 0,866ms
[2020-11-04T21:43:54.650+0300][148,580s][info][gc] GC(1053) Concurrent strong roots 0,062ms
[2020-11-04T21:43:54.654+0300][148,584s][info][gc] GC(1053) Concurrent evacuation 4,302ms
[2020-11-04T21:43:54.654+0300][148,584s][info][gc] GC(1053) Pause Init Update Refs 0,022ms
[2020-11-04T21:43:54.695+0300][148,625s][info][gc] GC(1053) Concurrent update references 40,756ms
[2020-11-04T21:43:54.696+0300][148,626s][info][gc] GC(1053) Pause Final Update Refs 0,154ms
[2020-11-04T21:43:54.696+0300][148,626s][info][gc] GC(1053) Concurrent cleanup 448M->316M(512M) 0,072ms
[2020-11-04T21:43:54.708+0300][148,637s][info][gc] Trigger: Average GC time (127,81 ms) is above the time for allocation rate (899 MB/s) to deplete free headroom (112M)
[2020-11-04T21:43:54.708+0300][148,638s][info][gc] GC(1054) Concurrent reset 0,658ms
[2020-11-04T21:43:54.709+0300][148,639s][info][gc] GC(1054) Pause Init Mark (unload classes) 0,181ms
[2020-11-04T21:43:54.785+0300][148,715s][info][gc] GC(1054) Concurrent marking (unload classes) 76,121ms
[2020-11-04T21:43:54.786+0300][148,716s][info][gc] GC(1054) Pause Final Mark (unload classes) 0,518ms
[2020-11-04T21:43:54.786+0300][148,716s][info][gc] GC(1054) Concurrent weak roots 0,496ms
[2020-11-04T21:43:54.786+0300][148,716s][info][gc] GC(1054) Concurrent cleanup 366M->366M(512M) 0,031ms
[2020-11-04T21:43:54.787+0300][148,717s][info][gc] GC(1054) Concurrent class unloading 1,110ms
[2020-11-04T21:43:54.788+0300][148,717s][info][gc] GC(1054) Concurrent strong roots 0,128ms
[2020-11-04T21:43:54.792+0300][148,722s][info][gc] GC(1054) Concurrent evacuation 4,530ms
[2020-11-04T21:43:54.793+0300][148,722s][info][gc] GC(1054) Pause Init Update Refs 0,023ms
[2020-11-04T21:43:54.837+0300][148,767s][info][gc] GC(1054) Concurrent update references 44,692ms
[2020-11-04T21:43:54.838+0300][148,768s][info][gc] GC(1054) Pause Final Update Refs 0,136ms
[2020-11-04T21:43:54.838+0300][148,768s][info][gc] GC(1054) Concurrent cleanup 446M->308M(512M) 0,098ms
[2020-11-04T21:43:54.852+0300][148,782s][info][gc] Trigger: Average GC time (130,58 ms) is above the time for allocation rate (902 MB/s) to deplete free headroom (115M)
[2020-11-04T21:43:54.852+0300][148,782s][info][gc] GC(1055) Concurrent reset 0,620ms
[2020-11-04T21:43:54.853+0300][148,783s][info][gc] GC(1055) Pause Init Mark (process weakrefs) (unload classes) 0,129ms
[2020-11-04T21:43:54.929+0300][148,859s][info][gc] GC(1055) Concurrent marking (process weakrefs) (unload classes) 76,253ms
[2020-11-04T21:43:54.929+0300][148,859s][info][gc] GC(1055) Concurrent precleaning 0,198ms
[2020-11-04T21:43:54.930+0300][148,860s][info][gc] GC(1055) Pause Final Mark (process weakrefs) (unload classes) 0,467ms
[2020-11-04T21:43:54.931+0300][148,860s][info][gc] GC(1055) Concurrent weak roots 0,423ms
[2020-11-04T21:43:54.931+0300][148,861s][info][gc] GC(1055) Concurrent cleanup 362M->362M(512M) 0,046ms
[2020-11-04T21:43:54.932+0300][148,862s][info][gc] GC(1055) Concurrent class unloading 1,074ms
[2020-11-04T21:43:54.932+0300][148,862s][info][gc] GC(1055) Concurrent strong roots 0,060ms
[2020-11-04T21:43:54.935+0300][148,865s][info][gc] GC(1055) Concurrent evacuation 3,405ms
[2020-11-04T21:43:54.936+0300][148,865s][info][gc] GC(1055) Pause Init Update Refs 0,011ms
[2020-11-04T21:43:54.978+0300][148,908s][info][gc] GC(1055) Concurrent update references 42,373ms
[2020-11-04T21:43:54.979+0300][148,908s][info][gc] GC(1055) Pause Final Update Refs 0,141ms
[2020-11-04T21:43:54.979+0300][148,909s][info][gc] GC(1055) Concurrent cleanup 453M->323M(512M) 0,095ms
[2020-11-04T21:43:54.986+0300][148,916s][info][gc] Trigger: Average GC time (130,86 ms) is above the time for allocation rate (926 MB/s) to deplete free headroom (116M)
[2020-11-04T21:43:54.987+0300][148,917s][info][gc] GC(1056) Concurrent reset 0,613ms
[2020-11-04T21:43:54.987+0300][148,917s][info][gc] GC(1056) Pause Init Mark (unload classes) 0,144ms
[2020-11-04T21:43:55.076+0300][149,006s][info][gc] GC(1056) Concurrent marking (unload classes) 88,370ms
[2020-11-04T21:43:55.077+0300][149,006s][info][gc] GC(1056) Pause Final Mark (unload classes) 0,440ms
[2020-11-04T21:43:55.077+0300][149,007s][info][gc] GC(1056) Concurrent weak roots 0,508ms
[2020-11-04T21:43:55.077+0300][149,007s][info][gc] GC(1056) Concurrent cleanup 362M->362M(512M) 0,038ms
[2020-11-04T21:43:55.078+0300][149,008s][info][gc] GC(1056) Concurrent class unloading 0,825ms
[2020-11-04T21:43:55.078+0300][149,008s][info][gc] GC(1056) Concurrent strong roots 0,090ms
[2020-11-04T21:43:55.081+0300][149,011s][info][gc] GC(1056) Concurrent evacuation 3,303ms
[2020-11-04T21:43:55.082+0300][149,012s][info][gc] GC(1056) Pause Init Update Refs 0,025ms
[2020-11-04T21:43:55.123+0300][149,053s][info][gc] GC(1056) Concurrent update references 40,918ms
[2020-11-04T21:43:55.123+0300][149,053s][info][gc] GC(1056) Pause Final Update Refs 0,152ms
[2020-11-04T21:43:55.123+0300][149,053s][info][gc] GC(1056) Concurrent cleanup 455M->330M(512M) 0,096ms
[2020-11-04T21:43:55.130+0300][149,060s][info][gc] Trigger: Average GC time (131,27 ms) is above the time for allocation rate (873 MB/s) to deplete free headroom (112M)
[2020-11-04T21:43:55.131+0300][149,060s][info][gc] GC(1057) Concurrent reset 0,699ms
[2020-11-04T21:43:55.131+0300][149,061s][info][gc] GC(1057) Pause Init Mark (unload classes) 0,159ms
[2020-11-04T21:43:55.209+0300][149,139s][info][gc] GC(1057) Concurrent marking (unload classes) 78,333ms
[2020-11-04T21:43:55.210+0300][149,140s][info][gc] GC(1057) Pause Final Mark (unload classes) 0,522ms
[2020-11-04T21:43:55.211+0300][149,140s][info][gc] GC(1057) Concurrent weak roots 0,410ms
[2020-11-04T21:43:55.211+0300][149,140s][info][gc] GC(1057) Concurrent cleanup 367M->367M(512M) 0,032ms
[2020-11-04T21:43:55.212+0300][149,142s][info][gc] GC(1057) Concurrent class unloading 1,246ms
[2020-11-04T21:43:55.212+0300][149,142s][info][gc] GC(1057) Concurrent strong roots 0,080ms
[2020-11-04T21:43:55.215+0300][149,145s][info][gc] GC(1057) Concurrent evacuation 3,160ms
[2020-11-04T21:43:55.215+0300][149,145s][info][gc] GC(1057) Pause Init Update Refs 0,015ms
[2020-11-04T21:43:55.263+0300][149,193s][info][gc] GC(1057) Concurrent update references 47,530ms
[2020-11-04T21:43:55.263+0300][149,193s][info][gc] GC(1057) Pause Final Update Refs 0,199ms
[2020-11-04T21:43:55.264+0300][149,193s][info][gc] GC(1057) Concurrent cleanup 449M->322M(512M) 0,096ms
[2020-11-04T21:43:55.273+0300][149,203s][info][gc] Trigger: Average GC time (133,71 ms) is above the time for allocation rate (855 MB/s) to deplete free headroom (112M)
[2020-11-04T21:43:55.274+0300][149,204s][info][gc] GC(1058) Concurrent reset 0,631ms
[2020-11-04T21:43:55.274+0300][149,204s][info][gc] GC(1058) Pause Init Mark (unload classes) 0,118ms
[2020-11-04T21:43:55.368+0300][149,297s][info][gc] GC(1058) Concurrent marking (unload classes) 93,310ms
[2020-11-04T21:43:55.369+0300][149,298s][info][gc] GC(1058) Pause Final Mark (unload classes) 0,793ms
[2020-11-04T21:43:55.369+0300][149,299s][info][gc] GC(1058) Concurrent weak roots 0,456ms
[2020-11-04T21:43:55.369+0300][149,299s][info][gc] GC(1058) Concurrent cleanup 367M->367M(512M) 0,037ms
[2020-11-04T21:43:55.370+0300][149,300s][info][gc] GC(1058) Concurrent class unloading 0,990ms
[2020-11-04T21:43:55.370+0300][149,300s][info][gc] GC(1058) Concurrent strong roots 0,051ms
[2020-11-04T21:43:55.374+0300][149,303s][info][gc] GC(1058) Concurrent evacuation 3,339ms
[2020-11-04T21:43:55.374+0300][149,304s][info][gc] GC(1058) Pause Init Update Refs 0,016ms
[2020-11-04T21:43:55.418+0300][149,348s][info][gc] GC(1058) Concurrent update references 44,151ms
[2020-11-04T21:43:55.419+0300][149,348s][info][gc] GC(1058) Pause Final Update Refs 0,202ms
[2020-11-04T21:43:55.419+0300][149,349s][info][gc] GC(1058) Concurrent cleanup 463M->340M(512M) 0,064ms
[2020-11-04T21:43:55.423+0300][149,353s][info][gc] Trigger: Average GC time (134,72 ms) is above the time for allocation rate (816 MB/s) to deplete free headroom (108M)
[2020-11-04T21:43:55.424+0300][149,354s][info][gc] GC(1059) Concurrent reset 0,629ms
[2020-11-04T21:43:55.424+0300][149,354s][info][gc] GC(1059) Pause Init Mark (unload classes) 0,158ms
[2020-11-04T21:43:55.542+0300][149,472s][info][gc] GC(1059) Concurrent marking (unload classes) 117,858ms
[2020-11-04T21:43:55.542+0300][149,472s][info][gc] GC(1059) Pause Final Mark (unload classes) 0,348ms
[2020-11-04T21:43:55.543+0300][149,473s][info][gc] GC(1059) Concurrent weak roots 0,330ms
[2020-11-04T21:43:55.543+0300][149,473s][info][gc] GC(1059) Concurrent cleanup 370M->370M(512M) 0,026ms
[2020-11-04T21:43:55.544+0300][149,473s][info][gc] GC(1059) Concurrent class unloading 0,708ms
[2020-11-04T21:43:55.544+0300][149,474s][info][gc] GC(1059) Concurrent strong roots 0,086ms
[2020-11-04T21:43:55.547+0300][149,477s][info][gc] GC(1059) Concurrent evacuation 3,129ms
[2020-11-04T21:43:55.547+0300][149,477s][info][gc] GC(1059) Pause Init Update Refs 0,025ms
[2020-11-04T21:43:55.596+0300][149,526s][info][gc] GC(1059) Concurrent update references 48,804ms
[2020-11-04T21:43:55.596+0300][149,526s][info][gc] GC(1059) Pause Final Update Refs 0,147ms
[2020-11-04T21:43:55.597+0300][149,527s][info][gc] GC(1059) Concurrent cleanup 451M->329M(512M) 0,093ms
[2020-11-04T21:43:55.613+0300][149,542s][info][gc] Trigger: Average GC time (143,38 ms) is above the time for allocation rate (688 MB/s) to deplete free headroom (99098K)
[2020-11-04T21:43:55.613+0300][149,543s][info][gc] GC(1060) Concurrent reset 0,560ms
[2020-11-04T21:43:55.614+0300][149,543s][info][gc] GC(1060) Pause Init Mark (process weakrefs) (unload classes) 0,118ms
[2020-11-04T21:43:55.698+0300][149,628s][info][gc] GC(1060) Concurrent marking (process weakrefs) (unload classes) 84,275ms
[2020-11-04T21:43:55.698+0300][149,628s][info][gc] GC(1060) Concurrent precleaning 0,191ms
[2020-11-04T21:43:55.699+0300][149,629s][info][gc] GC(1060) Pause Final Mark (process weakrefs) (unload classes) 0,542ms
[2020-11-04T21:43:55.700+0300][149,629s][info][gc] GC(1060) Concurrent weak roots 0,433ms
[2020-11-04T21:43:55.700+0300][149,629s][info][gc] GC(1060) Concurrent cleanup 379M->379M(512M) 0,036ms
[2020-11-04T21:43:55.701+0300][149,630s][info][gc] GC(1060) Concurrent class unloading 0,941ms
[2020-11-04T21:43:55.701+0300][149,630s][info][gc] GC(1060) Concurrent strong roots 0,110ms
[2020-11-04T21:43:55.704+0300][149,634s][info][gc] GC(1060) Concurrent evacuation 3,452ms
[2020-11-04T21:43:55.704+0300][149,634s][info][gc] GC(1060) Pause Init Update Refs 0,015ms
[2020-11-04T21:43:55.750+0300][149,680s][info][gc] GC(1060) Concurrent update references 45,225ms
[2020-11-04T21:43:55.750+0300][149,680s][info][gc] GC(1060) Pause Final Update Refs 0,162ms
[2020-11-04T21:43:55.750+0300][149,680s][info][gc] GC(1060) Concurrent cleanup 479M->349M(512M) 0,120ms
[2020-11-04T21:43:55.751+0300][149,681s][info][gc] Trigger: Average GC time (145,52 ms) is above the time for allocation rate (827 MB/s) to deplete free headroom (108M)
[2020-11-04T21:43:55.752+0300][149,682s][info][gc] GC(1061) Concurrent reset 0,416ms
[2020-11-04T21:43:55.752+0300][149,682s][info][gc] GC(1061) Pause Init Mark (unload classes) 0,094ms
[2020-11-04T21:43:55.852+0300][149,782s][info][gc] GC(1061) Concurrent marking (unload classes) 100,125ms
[2020-11-04T21:43:55.853+0300][149,783s][info][gc] GC(1061) Pause Final Mark (unload classes) 0,455ms
[2020-11-04T21:43:55.854+0300][149,783s][info][gc] GC(1061) Concurrent weak roots 0,439ms
[2020-11-04T21:43:55.854+0300][149,783s][info][gc] GC(1061) Concurrent cleanup 370M->370M(512M) 0,037ms
[2020-11-04T21:43:55.855+0300][149,785s][info][gc] GC(1061) Concurrent class unloading 1,076ms
[2020-11-04T21:43:55.855+0300][149,785s][info][gc] GC(1061) Concurrent strong roots 0,062ms
[2020-11-04T21:43:55.858+0300][149,788s][info][gc] GC(1061) Concurrent evacuation 3,336ms
[2020-11-04T21:43:55.858+0300][149,788s][info][gc] GC(1061) Pause Init Update Refs 0,016ms
[2020-11-04T21:43:55.909+0300][149,838s][info][gc] GC(1061) Concurrent update references 50,153ms
[2020-11-04T21:43:55.909+0300][149,839s][info][gc] GC(1061) Pause Final Update Refs 0,150ms
[2020-11-04T21:43:55.909+0300][149,839s][info][gc] GC(1061) Concurrent cleanup 451M->336M(512M) 0,057ms
[2020-11-04T21:43:55.918+0300][149,848s][info][gc] Trigger: Average GC time (149,65 ms) is above the time for allocation rate (710 MB/s) to deplete free headroom (101M)
[2020-11-04T21:43:55.918+0300][149,848s][info][gc] GC(1062) Concurrent reset 0,587ms
[2020-11-04T21:43:55.919+0300][149,848s][info][gc] GC(1062) Pause Init Mark (unload classes) 0,122ms
[2020-11-04T21:43:56.022+0300][149,951s][info][gc] GC(1062) Concurrent marking (unload classes) 102,841ms
[2020-11-04T21:43:56.023+0300][149,952s][info][gc] GC(1062) Pause Final Mark (unload classes) 0,747ms
[2020-11-04T21:43:56.023+0300][149,953s][info][gc] GC(1062) Concurrent weak roots 0,444ms
[2020-11-04T21:43:56.023+0300][149,953s][info][gc] GC(1062) Concurrent cleanup 375M->375M(512M) 0,033ms
[2020-11-04T21:43:56.024+0300][149,954s][info][gc] GC(1062) Concurrent class unloading 0,926ms
[2020-11-04T21:43:56.024+0300][149,954s][info][gc] GC(1062) Concurrent strong roots 0,063ms
[2020-11-04T21:43:56.027+0300][149,957s][info][gc] GC(1062) Concurrent evacuation 3,180ms
[2020-11-04T21:43:56.028+0300][149,958s][info][gc] GC(1062) Pause Init Update Refs 0,023ms
[2020-11-04T21:43:56.074+0300][150,004s][info][gc] GC(1062) Concurrent update references 46,192ms
[2020-11-04T21:43:56.075+0300][150,004s][info][gc] GC(1062) Pause Final Update Refs 0,296ms
[2020-11-04T21:43:56.075+0300][150,005s][info][gc] GC(1062) Concurrent cleanup 477M->359M(512M) 0,097ms
[2020-11-04T21:43:56.076+0300][150,006s][info][gc] Trigger: Average GC time (154,33 ms) is above the time for allocation rate (752 MB/s) to deplete free headroom (99866K)
[2020-11-04T21:43:56.076+0300][150,006s][info][gc] GC(1063) Concurrent reset 0,465ms
[2020-11-04T21:43:56.077+0300][150,007s][info][gc] GC(1063) Pause Init Mark (unload classes) 0,159ms
[2020-11-04T21:43:56.172+0300][150,102s][info][gc] GC(1063) Concurrent marking (unload classes) 94,987ms
[2020-11-04T21:43:56.173+0300][150,103s][info][gc] GC(1063) Pause Final Mark (unload classes) 0,846ms
[2020-11-04T21:43:56.174+0300][150,103s][info][gc] GC(1063) Concurrent weak roots 0,433ms
[2020-11-04T21:43:56.174+0300][150,103s][info][gc] GC(1063) Concurrent cleanup 379M->379M(512M) 0,046ms
[2020-11-04T21:43:56.175+0300][150,105s][info][gc] GC(1063) Concurrent class unloading 1,086ms
[2020-11-04T21:43:56.175+0300][150,105s][info][gc] GC(1063) Concurrent strong roots 0,114ms
[2020-11-04T21:43:56.178+0300][150,108s][info][gc] GC(1063) Concurrent evacuation 3,236ms
[2020-11-04T21:43:56.178+0300][150,108s][info][gc] GC(1063) Pause Init Update Refs 0,028ms
[2020-11-04T21:43:56.226+0300][150,155s][info][gc] GC(1063) Concurrent update references 46,932ms
[2020-11-04T21:43:56.226+0300][150,156s][info][gc] GC(1063) Pause Final Update Refs 0,406ms
[2020-11-04T21:43:56.226+0300][150,156s][info][gc] GC(1063) Concurrent cleanup 476M->357M(512M) 0,116ms
[2020-11-04T21:43:56.228+0300][150,157s][info][gc] Trigger: Average GC time (155,32 ms) is above the time for allocation rate (728 MB/s) to deplete free headroom (102M)
[2020-11-04T21:43:56.228+0300][150,158s][info][gc] GC(1064) Concurrent reset 0,414ms
[2020-11-04T21:43:56.228+0300][150,158s][info][gc] GC(1064) Pause Init Mark (unload classes) 0,196ms
[2020-11-04T21:43:56.279+0300][150,209s][info][gc] GC(1064) Concurrent marking (unload classes) 50,512ms
[2020-11-04T21:43:56.280+0300][150,210s][info][gc] GC(1064) Pause Final Mark (unload classes) 0,474ms
[2020-11-04T21:43:56.280+0300][150,210s][info][gc] GC(1064) Concurrent weak roots 0,467ms
[2020-11-04T21:43:56.280+0300][150,210s][info][gc] GC(1064) Concurrent cleanup 371M->367M(512M) 0,036ms
[2020-11-04T21:43:56.281+0300][150,211s][info][gc] GC(1064) Concurrent class unloading 0,862ms
[2020-11-04T21:43:56.281+0300][150,211s][info][gc] GC(1064) Concurrent strong roots 0,076ms
[2020-11-04T21:43:56.284+0300][150,214s][info][gc] GC(1064) Concurrent evacuation 2,169ms
[2020-11-04T21:43:56.284+0300][150,214s][info][gc] GC(1064) Pause Init Update Refs 0,013ms
[2020-11-04T21:43:56.308+0300][150,238s][info][gc] GC(1064) Concurrent update references 23,926ms
[2020-11-04T21:43:56.309+0300][150,238s][info][gc] GC(1064) Pause Final Update Refs 0,302ms
[2020-11-04T21:43:56.309+0300][150,239s][info][gc] GC(1064) Concurrent cleanup 422M->214M(512M) 0,117ms
[2020-11-04T21:43:56.336+0300][150,266s][info][gc] Trigger: Average GC time (136,86 ms) is above the time for allocation rate (1285 MB/s) to deplete free headroom (172M)
[2020-11-04T21:43:56.337+0300][150,267s][info][gc] GC(1065) Concurrent reset 0,613ms
[2020-11-04T21:43:56.338+0300][150,268s][info][gc] GC(1065) Pause Init Mark (process weakrefs) (unload classes) 0,272ms
[2020-11-04T21:43:56.392+0300][150,322s][info][gc] GC(1065) Concurrent marking (process weakrefs) (unload classes) 53,900ms
[2020-11-04T21:43:56.392+0300][150,322s][info][gc] GC(1065) Concurrent precleaning 0,178ms
[2020-11-04T21:43:56.393+0300][150,323s][info][gc] GC(1065) Pause Final Mark (process weakrefs) (unload classes) 0,682ms
[2020-11-04T21:43:56.393+0300][150,323s][info][gc] GC(1065) Concurrent weak roots 0,423ms
[2020-11-04T21:43:56.394+0300][150,323s][info][gc] GC(1065) Concurrent cleanup 313M->313M(512M) 0,036ms
[2020-11-04T21:43:56.394+0300][150,324s][info][gc] GC(1065) Concurrent class unloading 0,872ms
[2020-11-04T21:43:56.394+0300][150,324s][info][gc] GC(1065) Concurrent strong roots 0,064ms
[2020-11-04T21:43:56.399+0300][150,329s][info][gc] GC(1065) Concurrent evacuation 4,435ms
[2020-11-04T21:43:56.399+0300][150,329s][info][gc] GC(1065) Pause Init Update Refs 0,025ms
[2020-11-04T21:43:56.429+0300][150,359s][info][gc] GC(1065) Concurrent update references 29,487ms
[2020-11-04T21:43:56.429+0300][150,359s][info][gc] GC(1065) Pause Final Update Refs 0,357ms
[2020-11-04T21:43:56.430+0300][150,359s][info][gc] GC(1065) Concurrent cleanup 378M->240M(512M) 0,092ms
[2020-11-04T21:43:56.453+0300][150,383s][info][gc] Trigger: Average GC time (127,96 ms) is above the time for allocation rate (1258 MB/s) to deplete free headroom (159M)
[2020-11-04T21:43:56.454+0300][150,383s][info][gc] GC(1066) Concurrent reset 0,597ms
[2020-11-04T21:43:56.454+0300][150,384s][info][gc] GC(1066) Pause Init Mark (unload classes) 0,228ms
[2020-11-04T21:43:56.538+0300][150,468s][info][gc] GC(1066) Concurrent marking (unload classes) 83,943ms
[2020-11-04T21:43:56.539+0300][150,469s][info][gc] GC(1066) Pause Final Mark (unload classes) 0,563ms
[2020-11-04T21:43:56.539+0300][150,469s][info][gc] GC(1066) Concurrent weak roots 0,473ms
[2020-11-04T21:43:56.540+0300][150,469s][info][gc] GC(1066) Concurrent cleanup 325M->325M(512M) 0,036ms
[2020-11-04T21:43:56.540+0300][150,470s][info][gc] GC(1066) Concurrent class unloading 0,867ms
[2020-11-04T21:43:56.541+0300][150,470s][info][gc] GC(1066) Concurrent strong roots 0,062ms
[2020-11-04T21:43:56.546+0300][150,476s][info][gc] GC(1066) Concurrent evacuation 5,170ms
[2020-11-04T21:43:56.546+0300][150,476s][info][gc] GC(1066) Pause Init Update Refs 0,025ms
[2020-11-04T21:43:56.575+0300][150,505s][info][gc] GC(1066) Concurrent update references 28,953ms
[2020-11-04T21:43:56.576+0300][150,506s][info][gc] GC(1066) Pause Final Update Refs 0,365ms
[2020-11-04T21:43:56.576+0300][150,506s][info][gc] GC(1066) Concurrent cleanup 393M->247M(512M) 0,105ms
[2020-11-04T21:43:56.613+0300][150,543s][info][gc] Trigger: Average GC time (121,01 ms) is above the time for allocation rate (1080 MB/s) to deplete free headroom (128M)
[2020-11-04T21:43:56.614+0300][150,544s][info][gc] GC(1067) Concurrent reset 0,558ms
[2020-11-04T21:43:56.614+0300][150,544s][info][gc] GC(1067) Pause Init Mark (unload classes) 0,218ms
[2020-11-04T21:43:56.674+0300][150,604s][info][gc] GC(1067) Concurrent marking (unload classes) 59,438ms
[2020-11-04T21:43:56.675+0300][150,605s][info][gc] GC(1067) Pause Final Mark (unload classes) 0,770ms
[2020-11-04T21:43:56.675+0300][150,605s][info][gc] GC(1067) Concurrent weak roots 0,489ms
[2020-11-04T21:43:56.676+0300][150,605s][info][gc] GC(1067) Concurrent cleanup 352M->352M(512M) 0,034ms
[2020-11-04T21:43:56.676+0300][150,606s][info][gc] GC(1067) Concurrent class unloading 0,881ms
[2020-11-04T21:43:56.676+0300][150,606s][info][gc] GC(1067) Concurrent strong roots 0,065ms
[2020-11-04T21:43:56.681+0300][150,611s][info][gc] GC(1067) Concurrent evacuation 4,174ms
[2020-11-04T21:43:56.681+0300][150,611s][info][gc] GC(1067) Pause Init Update Refs 0,024ms
[2020-11-04T21:43:56.712+0300][150,642s][info][gc] GC(1067) Concurrent update references 31,043ms
[2020-11-04T21:43:56.713+0300][150,643s][info][gc] GC(1067) Pause Final Update Refs 0,333ms
[2020-11-04T21:43:56.713+0300][150,643s][info][gc] GC(1067) Concurrent cleanup 424M->251M(512M) 0,136ms
[2020-11-04T21:43:56.746+0300][150,676s][info][gc] Trigger: Average GC time (109,58 ms) is above the time for allocation rate (1238 MB/s) to deplete free headroom (131M)
[2020-11-04T21:43:56.747+0300][150,677s][info][gc] GC(1068) Concurrent reset 0,682ms
[2020-11-04T21:43:56.747+0300][150,677s][info][gc] GC(1068) Pause Init Mark (unload classes) 0,287ms
[2020-11-04T21:43:56.810+0300][150,740s][info][gc] GC(1068) Concurrent marking (unload classes) 62,514ms
[2020-11-04T21:43:56.811+0300][150,741s][info][gc] GC(1068) Pause Final Mark (unload classes) 0,521ms
[2020-11-04T21:43:56.811+0300][150,741s][info][gc] GC(1068) Concurrent weak roots 0,395ms
[2020-11-04T21:43:56.811+0300][150,741s][info][gc] GC(1068) Concurrent cleanup 349M->349M(512M) 0,038ms
[2020-11-04T21:43:56.812+0300][150,742s][info][gc] GC(1068) Concurrent class unloading 0,987ms
[2020-11-04T21:43:56.813+0300][150,742s][info][gc] GC(1068) Concurrent strong roots 0,110ms
[2020-11-04T21:43:56.817+0300][150,747s][info][gc] GC(1068) Concurrent evacuation 4,388ms
[2020-11-04T21:43:56.817+0300][150,747s][info][gc] GC(1068) Pause Init Update Refs 0,030ms
[2020-11-04T21:43:56.852+0300][150,782s][info][gc] GC(1068) Concurrent update references 34,471ms
[2020-11-04T21:43:56.853+0300][150,782s][info][gc] GC(1068) Pause Final Update Refs 0,317ms
[2020-11-04T21:43:56.854+0300][150,784s][info][gc] GC(1068) Concurrent cleanup 405M->241M(512M) 0,081ms
[2020-11-04T21:43:56.892+0300][150,822s][info][gc] Trigger: Average GC time (101,03 ms) is above the time for allocation rate (1188 MB/s) to deplete free headroom (117M)
[2020-11-04T21:43:56.893+0300][150,822s][info][gc] GC(1069) Concurrent reset 0,597ms
[2020-11-04T21:43:56.893+0300][150,823s][info][gc] GC(1069) Pause Init Mark (unload classes) 0,259ms
[2020-11-04T21:43:56.970+0300][150,900s][info][gc] GC(1069) Concurrent marking (unload classes) 76,657ms
[2020-11-04T21:43:56.971+0300][150,901s][info][gc] GC(1069) Pause Final Mark (unload classes) 0,551ms
[2020-11-04T21:43:56.971+0300][150,901s][info][gc] GC(1069) Concurrent weak roots 0,425ms
[2020-11-04T21:43:56.971+0300][150,901s][info][gc] GC(1069) Concurrent cleanup 362M->362M(512M) 0,041ms
[2020-11-04T21:43:56.973+0300][150,903s][info][gc] GC(1069) Concurrent class unloading 1,329ms
[2020-11-04T21:43:56.973+0300][150,903s][info][gc] GC(1069) Concurrent strong roots 0,106ms
[2020-11-04T21:43:56.978+0300][150,907s][info][gc] GC(1069) Concurrent evacuation 4,610ms
[2020-11-04T21:43:56.978+0300][150,908s][info][gc] GC(1069) Pause Init Update Refs 0,021ms
[2020-11-04T21:43:57.010+0300][150,940s][info][gc] GC(1069) Concurrent update references 32,391ms
[2020-11-04T21:43:57.011+0300][150,941s][info][gc] GC(1069) Pause Final Update Refs 0,199ms
[2020-11-04T21:43:57.011+0300][150,941s][info][gc] GC(1069) Concurrent cleanup 438M->265M(512M) 0,105ms
[2020-11-04T21:43:57.040+0300][150,970s][info][gc] Trigger: Average GC time (108,57 ms) is above the time for allocation rate (1126 MB/s) to deplete free headroom (119M)
[2020-11-04T21:43:57.040+0300][150,970s][info][gc] GC(1070) Concurrent reset 0,647ms
[2020-11-04T21:43:57.041+0300][150,971s][info][gc] GC(1070) Pause Init Mark (process weakrefs) (unload classes) 0,229ms
[2020-11-04T21:43:57.128+0300][151,058s][info][gc] GC(1070) Concurrent marking (process weakrefs) (unload classes) 86,709ms
[2020-11-04T21:43:57.128+0300][151,058s][info][gc] GC(1070) Concurrent precleaning 0,167ms
[2020-11-04T21:43:57.129+0300][151,059s][info][gc] GC(1070) Pause Final Mark (process weakrefs) (unload classes) 0,539ms
[2020-11-04T21:43:57.129+0300][151,059s][info][gc] GC(1070) Concurrent weak roots 0,433ms
[2020-11-04T21:43:57.129+0300][151,059s][info][gc] GC(1070) Concurrent cleanup 361M->361M(512M) 0,038ms
[2020-11-04T21:43:57.130+0300][151,060s][info][gc] GC(1070) Concurrent class unloading 0,869ms
[2020-11-04T21:43:57.130+0300][151,060s][info][gc] GC(1070) Concurrent strong roots 0,066ms
[2020-11-04T21:43:57.135+0300][151,065s][info][gc] GC(1070) Concurrent evacuation 4,780ms
[2020-11-04T21:43:57.135+0300][151,065s][info][gc] GC(1070) Pause Init Update Refs 0,024ms
[2020-11-04T21:43:57.171+0300][151,101s][info][gc] GC(1070) Concurrent update references 35,887ms
[2020-11-04T21:43:57.172+0300][151,102s][info][gc] GC(1070) Pause Final Update Refs 0,340ms
[2020-11-04T21:43:57.172+0300][151,102s][info][gc] GC(1070) Concurrent cleanup 424M->257M(512M) 0,099ms
[2020-11-04T21:43:57.209+0300][151,139s][info][gc] Trigger: Average GC time (116,42 ms) is above the time for allocation rate (995 MB/s) to deplete free headroom (112M)
[2020-11-04T21:43:57.210+0300][151,140s][info][gc] GC(1071) Concurrent reset 0,522ms
[2020-11-04T21:43:57.211+0300][151,140s][info][gc] GC(1071) Pause Init Mark (unload classes) 0,249ms
[2020-11-04T21:43:57.302+0300][151,232s][info][gc] GC(1071) Concurrent marking (unload classes) 91,330ms
[2020-11-04T21:43:57.303+0300][151,232s][info][gc] GC(1071) Pause Final Mark (unload classes) 0,418ms
[2020-11-04T21:43:57.303+0300][151,233s][info][gc] GC(1071) Concurrent weak roots 0,416ms
[2020-11-04T21:43:57.303+0300][151,233s][info][gc] GC(1071) Concurrent cleanup 367M->367M(512M) 0,036ms
[2020-11-04T21:43:57.304+0300][151,234s][info][gc] GC(1071) Concurrent class unloading 0,876ms
[2020-11-04T21:43:57.304+0300][151,234s][info][gc] GC(1071) Concurrent strong roots 0,083ms
[2020-11-04T21:43:57.309+0300][151,239s][info][gc] GC(1071) Concurrent evacuation 4,634ms
[2020-11-04T21:43:57.309+0300][151,239s][info][gc] GC(1071) Pause Init Update Refs 0,041ms
[2020-11-04T21:43:57.354+0300][151,284s][info][gc] GC(1071) Concurrent update references 45,032ms
[2020-11-04T21:43:57.355+0300][151,285s][info][gc] GC(1071) Pause Final Update Refs 0,149ms
[2020-11-04T21:43:57.355+0300][151,285s][info][gc] GC(1071) Concurrent cleanup 471M->302M(512M) 0,099ms
[2020-11-04T21:43:57.370+0300][151,300s][info][gc] Trigger: Average GC time (120,96 ms) is above the time for allocation rate (984 MB/s) to deplete free headroom (118M)
[2020-11-04T21:43:57.371+0300][151,300s][info][gc] GC(1072) Concurrent reset 0,574ms
[2020-11-04T21:43:57.371+0300][151,301s][info][gc] GC(1072) Pause Init Mark (unload classes) 0,125ms
[2020-11-04T21:43:57.458+0300][151,388s][info][gc] GC(1072) Concurrent marking (unload classes) 87,130ms
[2020-11-04T21:43:57.459+0300][151,389s][info][gc] GC(1072) Pause Final Mark (unload classes) 0,707ms
[2020-11-04T21:43:57.460+0300][151,390s][info][gc] GC(1072) Concurrent weak roots 0,429ms
[2020-11-04T21:43:57.460+0300][151,390s][info][gc] GC(1072) Concurrent cleanup 362M->362M(512M) 0,036ms
[2020-11-04T21:43:57.461+0300][151,391s][info][gc] GC(1072) Concurrent class unloading 0,908ms
[2020-11-04T21:43:57.461+0300][151,391s][info][gc] GC(1072) Concurrent strong roots 0,061ms
[2020-11-04T21:43:57.465+0300][151,395s][info][gc] GC(1072) Concurrent evacuation 4,404ms
[2020-11-04T21:43:57.466+0300][151,395s][info][gc] GC(1072) Pause Init Update Refs 0,015ms
[2020-11-04T21:43:57.501+0300][151,431s][info][gc] GC(1072) Concurrent update references 34,954ms
[2020-11-04T21:43:57.501+0300][151,431s][info][gc] GC(1072) Pause Final Update Refs 0,339ms
[2020-11-04T21:43:57.502+0300][151,431s][info][gc] GC(1072) Concurrent cleanup 444M->286M(512M) 0,101ms
[2020-11-04T21:43:57.521+0300][151,451s][info][gc] Trigger: Average GC time (127,28 ms) is above the time for allocation rate (981 MB/s) to deplete free headroom (123M)
[2020-11-04T21:43:57.521+0300][151,451s][info][gc] GC(1073) Concurrent reset 0,652ms
[2020-11-04T21:43:57.522+0300][151,452s][info][gc] GC(1073) Pause Init Mark (unload classes) 0,336ms
[2020-11-04T21:43:57.618+0300][151,548s][info][gc] GC(1073) Concurrent marking (unload classes) 96,148ms
[2020-11-04T21:43:57.619+0300][151,549s][info][gc] GC(1073) Pause Final Mark (unload classes) 0,640ms
[2020-11-04T21:43:57.620+0300][151,549s][info][gc] GC(1073) Concurrent weak roots 0,430ms
[2020-11-04T21:43:57.620+0300][151,550s][info][gc] GC(1073) Concurrent cleanup 358M->358M(512M) 0,039ms
[2020-11-04T21:43:57.621+0300][151,550s][info][gc] GC(1073) Concurrent class unloading 0,772ms
[2020-11-04T21:43:57.621+0300][151,550s][info][gc] GC(1073) Concurrent strong roots 0,102ms
[2020-11-04T21:43:57.624+0300][151,554s][info][gc] GC(1073) Concurrent evacuation 3,626ms
[2020-11-04T21:43:57.625+0300][151,555s][info][gc] GC(1073) Pause Init Update Refs 0,021ms
[2020-11-04T21:43:57.660+0300][151,590s][info][gc] GC(1073) Concurrent update references 35,065ms
[2020-11-04T21:43:57.660+0300][151,590s][info][gc] GC(1073) Pause Final Update Refs 0,185ms
[2020-11-04T21:43:57.661+0300][151,590s][info][gc] GC(1073) Concurrent cleanup 442M->293M(512M) 0,128ms
[2020-11-04T21:43:57.678+0300][151,607s][info][gc] Trigger: Average GC time (133,71 ms) is above the time for allocation rate (927 MB/s) to deplete free headroom (122M)
[2020-11-04T21:43:57.678+0300][151,608s][info][gc] GC(1074) Concurrent reset 0,603ms
[2020-11-04T21:43:57.679+0300][151,608s][info][gc] GC(1074) Pause Init Mark (unload classes) 0,107ms
[2020-11-04T21:43:57.773+0300][151,703s][info][gc] GC(1074) Concurrent marking (unload classes) 94,394ms
[2020-11-04T21:43:57.774+0300][151,704s][info][gc] GC(1074) Pause Final Mark (unload classes) 0,483ms
[2020-11-04T21:43:57.774+0300][151,704s][info][gc] GC(1074) Concurrent weak roots 0,346ms
[2020-11-04T21:43:57.774+0300][151,704s][info][gc] GC(1074) Concurrent cleanup 359M->359M(512M) 0,029ms
[2020-11-04T21:43:57.775+0300][151,705s][info][gc] GC(1074) Concurrent class unloading 0,898ms
[2020-11-04T21:43:57.775+0300][151,705s][info][gc] GC(1074) Concurrent strong roots 0,124ms
[2020-11-04T21:43:57.779+0300][151,709s][info][gc] GC(1074) Concurrent evacuation 3,495ms
[2020-11-04T21:43:57.779+0300][151,709s][info][gc] GC(1074) Pause Init Update Refs 0,024ms
[2020-11-04T21:43:57.817+0300][151,747s][info][gc] GC(1074) Concurrent update references 37,503ms
[2020-11-04T21:43:57.818+0300][151,747s][info][gc] GC(1074) Pause Final Update Refs 0,232ms
[2020-11-04T21:43:57.818+0300][151,748s][info][gc] GC(1074) Concurrent cleanup 445M->299M(512M) 0,094ms
[2020-11-04T21:43:57.832+0300][151,761s][info][gc] Trigger: Average GC time (137,93 ms) is above the time for allocation rate (905 MB/s) to deplete free headroom (124M)
[2020-11-04T21:43:57.832+0300][151,762s][info][gc] GC(1075) Concurrent reset 0,601ms
[2020-11-04T21:43:57.833+0300][151,762s][info][gc] GC(1075) Pause Init Mark (process weakrefs) (unload classes) 0,160ms
[2020-11-04T21:43:57.920+0300][151,850s][info][gc] GC(1075) Concurrent marking (process weakrefs) (unload classes) 87,387ms
[2020-11-04T21:43:57.920+0300][151,850s][info][gc] GC(1075) Concurrent precleaning 0,167ms
[2020-11-04T21:43:57.921+0300][151,851s][info][gc] GC(1075) Pause Final Mark (process weakrefs) (unload classes) 0,745ms
[2020-11-04T21:43:57.922+0300][151,852s][info][gc] GC(1075) Concurrent weak roots 0,461ms
[2020-11-04T21:43:57.922+0300][151,852s][info][gc] GC(1075) Concurrent cleanup 357M->357M(512M) 0,046ms
[2020-11-04T21:43:57.923+0300][151,853s][info][gc] GC(1075) Concurrent class unloading 0,822ms
[2020-11-04T21:43:57.923+0300][151,853s][info][gc] GC(1075) Concurrent strong roots 0,061ms
[2020-11-04T21:43:57.927+0300][151,857s][info][gc] GC(1075) Concurrent evacuation 3,857ms
[2020-11-04T21:43:57.927+0300][151,857s][info][gc] GC(1075) Pause Init Update Refs 0,013ms
[2020-11-04T21:43:57.964+0300][151,893s][info][gc] GC(1075) Concurrent update references 36,582ms
[2020-11-04T21:43:57.964+0300][151,894s][info][gc] GC(1075) Pause Final Update Refs 0,321ms
[2020-11-04T21:43:57.965+0300][151,894s][info][gc] GC(1075) Concurrent cleanup 443M->303M(512M) 0,096ms
[2020-11-04T21:43:57.976+0300][151,906s][info][gc] Trigger: Average GC time (138,03 ms) is above the time for allocation rate (926 MB/s) to deplete free headroom (125M)
[2020-11-04T21:43:57.977+0300][151,907s][info][gc] GC(1076) Concurrent reset 0,594ms
[2020-11-04T21:43:57.977+0300][151,907s][info][gc] GC(1076) Pause Init Mark (unload classes) 0,233ms
[2020-11-04T21:43:58.057+0300][151,987s][info][gc] GC(1076) Concurrent marking (unload classes) 79,424ms
[2020-11-04T21:43:58.058+0300][151,987s][info][gc] GC(1076) Pause Final Mark (unload classes) 0,432ms
[2020-11-04T21:43:58.058+0300][151,988s][info][gc] GC(1076) Concurrent weak roots 0,350ms
[2020-11-04T21:43:58.058+0300][151,988s][info][gc] GC(1076) Concurrent cleanup 355M->355M(512M) 0,038ms
[2020-11-04T21:43:58.059+0300][151,989s][info][gc] GC(1076) Concurrent class unloading 1,043ms
[2020-11-04T21:43:58.059+0300][151,989s][info][gc] GC(1076) Concurrent strong roots 0,118ms
[2020-11-04T21:43:58.063+0300][151,992s][info][gc] GC(1076) Concurrent evacuation 3,300ms
[2020-11-04T21:43:58.063+0300][151,993s][info][gc] GC(1076) Pause Init Update Refs 0,014ms
[2020-11-04T21:43:58.106+0300][152,036s][info][gc] GC(1076) Concurrent update references 43,281ms
[2020-11-04T21:43:58.107+0300][152,037s][info][gc] GC(1076) Pause Final Update Refs 0,255ms
[2020-11-04T21:43:58.107+0300][152,037s][info][gc] GC(1076) Concurrent cleanup 423M->289M(512M) 0,099ms
[2020-11-04T21:43:58.126+0300][152,056s][info][gc] Trigger: Average GC time (135,06 ms) is above the time for allocation rate (897 MB/s) to deplete free headroom (121M)
[2020-11-04T21:43:58.127+0300][152,057s][info][gc] GC(1077) Concurrent reset 0,584ms
[2020-11-04T21:43:58.127+0300][152,057s][info][gc] GC(1077) Pause Init Mark (unload classes) 0,219ms
[2020-11-04T21:43:58.210+0300][152,140s][info][gc] GC(1077) Concurrent marking (unload classes) 82,488ms
[2020-11-04T21:43:58.211+0300][152,141s][info][gc] GC(1077) Pause Final Mark (unload classes) 0,727ms
[2020-11-04T21:43:58.211+0300][152,141s][info][gc] GC(1077) Concurrent weak roots 0,438ms
[2020-11-04T21:43:58.212+0300][152,141s][info][gc] GC(1077) Concurrent cleanup 358M->359M(512M) 0,034ms
[2020-11-04T21:43:58.213+0300][152,142s][info][gc] GC(1077) Concurrent class unloading 1,113ms
[2020-11-04T21:43:58.213+0300][152,143s][info][gc] GC(1077) Concurrent strong roots 0,134ms
[2020-11-04T21:43:58.217+0300][152,146s][info][gc] GC(1077) Concurrent evacuation 3,734ms
[2020-11-04T21:43:58.217+0300][152,147s][info][gc] GC(1077) Pause Init Update Refs 0,022ms
[2020-11-04T21:43:58.263+0300][152,193s][info][gc] GC(1077) Concurrent update references 45,957ms
[2020-11-04T21:43:58.263+0300][152,193s][info][gc] GC(1077) Pause Final Update Refs 0,118ms
[2020-11-04T21:43:58.264+0300][152,193s][info][gc] GC(1077) Concurrent cleanup 463M->328M(512M) 0,088ms
[2020-11-04T21:43:58.267+0300][152,197s][info][gc] Trigger: Average GC time (136,22 ms) is above the time for allocation rate (911 MB/s) to deplete free headroom (123M)
[2020-11-04T21:43:58.267+0300][152,197s][info][gc] GC(1078) Concurrent reset 0,471ms
[2020-11-04T21:43:58.268+0300][152,198s][info][gc] GC(1078) Pause Init Mark (unload classes) 0,081ms
[2020-11-04T21:43:58.354+0300][152,284s][info][gc] GC(1078) Concurrent marking (unload classes) 86,518ms
[2020-11-04T21:43:58.355+0300][152,285s][info][gc] GC(1078) Pause Final Mark (unload classes) 0,683ms
[2020-11-04T21:43:58.356+0300][152,286s][info][gc] GC(1078) Concurrent weak roots 0,397ms
[2020-11-04T21:43:58.356+0300][152,286s][info][gc] GC(1078) Concurrent cleanup 357M->357M(512M) 0,032ms
[2020-11-04T21:43:58.357+0300][152,287s][info][gc] GC(1078) Concurrent class unloading 0,941ms
[2020-11-04T21:43:58.357+0300][152,287s][info][gc] GC(1078) Concurrent strong roots 0,079ms
[2020-11-04T21:43:58.360+0300][152,290s][info][gc] GC(1078) Concurrent evacuation 3,475ms
[2020-11-04T21:43:58.361+0300][152,291s][info][gc] GC(1078) Pause Init Update Refs 0,011ms
[2020-11-04T21:43:58.401+0300][152,330s][info][gc] GC(1078) Concurrent update references 39,792ms
[2020-11-04T21:43:58.401+0300][152,331s][info][gc] GC(1078) Pause Final Update Refs 0,168ms
[2020-11-04T21:43:58.401+0300][152,331s][info][gc] GC(1078) Concurrent cleanup 446M->318M(512M) 0,069ms
[2020-11-04T21:43:58.410+0300][152,340s][info][gc] Trigger: Average GC time (135,13 ms) is above the time for allocation rate (893 MB/s) to deplete free headroom (120M)
[2020-11-04T21:43:58.410+0300][152,340s][info][gc] GC(1079) Concurrent reset 0,603ms
[2020-11-04T21:43:58.411+0300][152,341s][info][gc] GC(1079) Pause Init Mark (unload classes) 0,087ms
[2020-11-04T21:43:58.487+0300][152,417s][info][gc] GC(1079) Concurrent marking (unload classes) 76,084ms
[2020-11-04T21:43:58.488+0300][152,418s][info][gc] GC(1079) Pause Final Mark (unload classes) 0,698ms
[2020-11-04T21:43:58.488+0300][152,418s][info][gc] GC(1079) Concurrent weak roots 0,427ms
[2020-11-04T21:43:58.489+0300][152,418s][info][gc] GC(1079) Concurrent cleanup 359M->359M(512M) 0,036ms
[2020-11-04T21:43:58.490+0300][152,419s][info][gc] GC(1079) Concurrent class unloading 1,034ms
[2020-11-04T21:43:58.490+0300][152,420s][info][gc] GC(1079) Concurrent strong roots 0,071ms
[2020-11-04T21:43:58.493+0300][152,423s][info][gc] GC(1079) Concurrent evacuation 3,464ms
[2020-11-04T21:43:58.493+0300][152,423s][info][gc] GC(1079) Pause Init Update Refs 0,013ms
[2020-11-04T21:43:58.535+0300][152,464s][info][gc] GC(1079) Concurrent update references 40,967ms
[2020-11-04T21:43:58.535+0300][152,465s][info][gc] GC(1079) Pause Final Update Refs 0,141ms
[2020-11-04T21:43:58.535+0300][152,465s][info][gc] GC(1079) Concurrent cleanup 450M->322M(512M) 0,061ms
[2020-11-04T21:43:58.542+0300][152,471s][info][gc] Trigger: Average GC time (132,16 ms) is above the time for allocation rate (934 MB/s) to deplete free headroom (121M)
[2020-11-04T21:43:58.542+0300][152,472s][info][gc] GC(1080) Concurrent reset 0,550ms
[2020-11-04T21:43:58.543+0300][152,473s][info][gc] GC(1080) Pause Init Mark (process weakrefs) (unload classes) 0,262ms
[2020-11-04T21:43:58.642+0300][152,572s][info][gc] GC(1080) Concurrent marking (process weakrefs) (unload classes) 99,077ms
[2020-11-04T21:43:58.642+0300][152,572s][info][gc] GC(1080) Concurrent precleaning 0,156ms
[2020-11-04T21:43:58.643+0300][152,573s][info][gc] GC(1080) Pause Final Mark (process weakrefs) (unload classes) 0,414ms
[2020-11-04T21:43:58.643+0300][152,573s][info][gc] GC(1080) Concurrent weak roots 0,406ms
[2020-11-04T21:43:58.643+0300][152,573s][info][gc] GC(1080) Concurrent cleanup 359M->359M(512M) 0,034ms
[2020-11-04T21:43:58.644+0300][152,574s][info][gc] GC(1080) Concurrent class unloading 0,891ms
[2020-11-04T21:43:58.644+0300][152,574s][info][gc] GC(1080) Concurrent strong roots 0,109ms
[2020-11-04T21:43:58.648+0300][152,578s][info][gc] GC(1080) Concurrent evacuation 3,262ms
[2020-11-04T21:43:58.648+0300][152,578s][info][gc] GC(1080) Pause Init Update Refs 0,016ms
[2020-11-04T21:43:58.690+0300][152,620s][info][gc] GC(1080) Concurrent update references 41,646ms
[2020-11-04T21:43:58.690+0300][152,620s][info][gc] GC(1080) Pause Final Update Refs 0,281ms
[2020-11-04T21:43:58.690+0300][152,620s][info][gc] GC(1080) Concurrent cleanup 451M->328M(512M) 0,079ms
[2020-11-04T21:43:58.699+0300][152,629s][info][gc] Trigger: Average GC time (135,35 ms) is above the time for allocation rate (834 MB/s) to deplete free headroom (109M)
[2020-11-04T21:43:58.700+0300][152,630s][info][gc] GC(1081) Concurrent reset 0,722ms
[2020-11-04T21:43:58.700+0300][152,630s][info][gc] GC(1081) Pause Init Mark (unload classes) 0,138ms
[2020-11-04T21:43:58.778+0300][152,708s][info][gc] GC(1081) Concurrent marking (unload classes) 77,625ms
[2020-11-04T21:43:58.779+0300][152,709s][info][gc] GC(1081) Pause Final Mark (unload classes) 0,633ms
[2020-11-04T21:43:58.779+0300][152,709s][info][gc] GC(1081) Concurrent weak roots 0,356ms
[2020-11-04T21:43:58.779+0300][152,709s][info][gc] GC(1081) Concurrent cleanup 368M->368M(512M) 0,032ms
[2020-11-04T21:43:58.780+0300][152,710s][info][gc] GC(1081) Concurrent class unloading 0,910ms
[2020-11-04T21:43:58.780+0300][152,710s][info][gc] GC(1081) Concurrent strong roots 0,158ms
[2020-11-04T21:43:58.784+0300][152,714s][info][gc] GC(1081) Concurrent evacuation 4,034ms
[2020-11-04T21:43:58.785+0300][152,715s][info][gc] GC(1081) Pause Init Update Refs 0,015ms
[2020-11-04T21:43:58.830+0300][152,760s][info][gc] GC(1081) Concurrent update references 45,537ms
[2020-11-04T21:43:58.831+0300][152,761s][info][gc] GC(1081) Pause Final Update Refs 0,149ms
[2020-11-04T21:43:58.831+0300][152,761s][info][gc] GC(1081) Concurrent cleanup 443M->312M(512M) 0,102ms
[2020-11-04T21:43:58.848+0300][152,778s][info][gc] Trigger: Average GC time (135,58 ms) is above the time for allocation rate (847 MB/s) to deplete free headroom (110M)
[2020-11-04T21:43:58.849+0300][152,778s][info][gc] GC(1082) Concurrent reset 0,600ms
[2020-11-04T21:43:58.849+0300][152,779s][info][gc] GC(1082) Pause Init Mark (unload classes) 0,174ms
[2020-11-04T21:43:58.929+0300][152,859s][info][gc] GC(1082) Concurrent marking (unload classes) 80,005ms
[2020-11-04T21:43:58.930+0300][152,860s][info][gc] GC(1082) Pause Final Mark (unload classes) 0,481ms
[2020-11-04T21:43:58.930+0300][152,860s][info][gc] GC(1082) Concurrent weak roots 0,432ms
[2020-11-04T21:43:58.930+0300][152,860s][info][gc] GC(1082) Concurrent cleanup 367M->367M(512M) 0,037ms
[2020-11-04T21:43:58.931+0300][152,861s][info][gc] GC(1082) Concurrent class unloading 0,912ms
[2020-11-04T21:43:58.932+0300][152,861s][info][gc] GC(1082) Concurrent strong roots 0,065ms
[2020-11-04T21:43:58.936+0300][152,866s][info][gc] GC(1082) Concurrent evacuation 4,372ms
[2020-11-04T21:43:58.936+0300][152,866s][info][gc] GC(1082) Pause Init Update Refs 0,014ms
[2020-11-04T21:43:58.979+0300][152,909s][info][gc] GC(1082) Concurrent update references 42,369ms
[2020-11-04T21:43:58.979+0300][152,909s][info][gc] GC(1082) Pause Final Update Refs 0,134ms
[2020-11-04T21:43:58.979+0300][152,909s][info][gc] GC(1082) Concurrent cleanup 462M->335M(512M) 0,078ms
[2020-11-04T21:43:58.986+0300][152,916s][info][gc] Trigger: Average GC time (134,36 ms) is above the time for allocation rate (859 MB/s) to deplete free headroom (114M)
[2020-11-04T21:43:58.986+0300][152,916s][info][gc] GC(1083) Concurrent reset 0,553ms
[2020-11-04T21:43:58.987+0300][152,917s][info][gc] GC(1083) Pause Init Mark (unload classes) 0,236ms
[2020-11-04T21:43:59.069+0300][152,999s][info][gc] GC(1083) Concurrent marking (unload classes) 82,498ms
[2020-11-04T21:43:59.070+0300][153,000s][info][gc] GC(1083) Pause Final Mark (unload classes) 0,681ms
[2020-11-04T21:43:59.071+0300][153,001s][info][gc] GC(1083) Concurrent weak roots 0,381ms
[2020-11-04T21:43:59.071+0300][153,001s][info][gc] GC(1083) Concurrent cleanup 365M->365M(512M) 0,031ms
[2020-11-04T21:43:59.072+0300][153,002s][info][gc] GC(1083) Concurrent class unloading 1,037ms
[2020-11-04T21:43:59.072+0300][153,002s][info][gc] GC(1083) Concurrent strong roots 0,127ms
[2020-11-04T21:43:59.075+0300][153,005s][info][gc] GC(1083) Concurrent evacuation 3,348ms
[2020-11-04T21:43:59.076+0300][153,005s][info][gc] GC(1083) Pause Init Update Refs 0,012ms
[2020-11-04T21:43:59.123+0300][153,053s][info][gc] GC(1083) Concurrent update references 47,590ms
[2020-11-04T21:43:59.124+0300][153,054s][info][gc] GC(1083) Pause Final Update Refs 0,332ms
[2020-11-04T21:43:59.124+0300][153,054s][info][gc] GC(1083) Concurrent cleanup 444M->325M(512M) 0,081ms
[2020-11-04T21:43:59.135+0300][153,065s][info][gc] Trigger: Average GC time (135,16 ms) is above the time for allocation rate (822 MB/s) to deplete free headroom (106M)
[2020-11-04T21:43:59.136+0300][153,065s][info][gc] GC(1084) Concurrent reset 0,710ms
[2020-11-04T21:43:59.136+0300][153,066s][info][gc] GC(1084) Pause Init Mark (unload classes) 0,335ms
[2020-11-04T21:43:59.234+0300][153,164s][info][gc] GC(1084) Concurrent marking (unload classes) 97,551ms
[2020-11-04T21:43:59.235+0300][153,164s][info][gc] GC(1084) Pause Final Mark (unload classes) 0,679ms
[2020-11-04T21:43:59.235+0300][153,165s][info][gc] GC(1084) Concurrent weak roots 0,346ms
[2020-11-04T21:43:59.235+0300][153,165s][info][gc] GC(1084) Concurrent cleanup 372M->372M(512M) 0,036ms
[2020-11-04T21:43:59.236+0300][153,166s][info][gc] GC(1084) Concurrent class unloading 0,841ms
[2020-11-04T21:43:59.236+0300][153,166s][info][gc] GC(1084) Concurrent strong roots 0,132ms
[2020-11-04T21:43:59.239+0300][153,169s][info][gc] GC(1084) Concurrent evacuation 3,055ms
[2020-11-04T21:43:59.240+0300][153,169s][info][gc] GC(1084) Pause Init Update Refs 0,014ms
[2020-11-04T21:43:59.284+0300][153,214s][info][gc] GC(1084) Concurrent update references 44,519ms
[2020-11-04T21:43:59.285+0300][153,215s][info][gc] GC(1084) Pause Final Update Refs 0,410ms
[2020-11-04T21:43:59.285+0300][153,215s][info][gc] GC(1084) Concurrent cleanup 471M->348M(512M) 0,092ms
[2020-11-04T21:43:59.287+0300][153,217s][info][gc] Trigger: Average GC time (140,14 ms) is above the time for allocation rate (789 MB/s) to deplete free headroom (105M)
[2020-11-04T21:43:59.288+0300][153,218s][info][gc] GC(1085) Concurrent reset 0,478ms
[2020-11-04T21:43:59.288+0300][153,218s][info][gc] GC(1085) Pause Init Mark (process weakrefs) (unload classes) 0,137ms
[2020-11-04T21:43:59.372+0300][153,302s][info][gc] GC(1085) Concurrent marking (process weakrefs) (unload classes) 84,003ms
[2020-11-04T21:43:59.372+0300][153,302s][info][gc] GC(1085) Concurrent precleaning 0,182ms
[2020-11-04T21:43:59.373+0300][153,303s][info][gc] GC(1085) Pause Final Mark (process weakrefs) (unload classes) 0,739ms
[2020-11-04T21:43:59.374+0300][153,304s][info][gc] GC(1085) Concurrent weak roots 0,478ms
[2020-11-04T21:43:59.374+0300][153,304s][info][gc] GC(1085) Concurrent cleanup 371M->371M(512M) 0,036ms
[2020-11-04T21:43:59.375+0300][153,305s][info][gc] GC(1085) Concurrent class unloading 0,887ms
[2020-11-04T21:43:59.375+0300][153,305s][info][gc] GC(1085) Concurrent strong roots 0,062ms
[2020-11-04T21:43:59.380+0300][153,310s][info][gc] GC(1085) Concurrent evacuation 4,658ms
[2020-11-04T21:43:59.380+0300][153,310s][info][gc] GC(1085) Pause Init Update Refs 0,010ms
[2020-11-04T21:43:59.424+0300][153,354s][info][gc] GC(1085) Concurrent update references 43,971ms
[2020-11-04T21:43:59.425+0300][153,355s][info][gc] GC(1085) Pause Final Update Refs 0,328ms
[2020-11-04T21:43:59.425+0300][153,355s][info][gc] GC(1085) Concurrent cleanup 473M->352M(512M) 0,088ms
[2020-11-04T21:43:59.426+0300][153,356s][info][gc] Trigger: Average GC time (137,89 ms) is above the time for allocation rate (851 MB/s) to deplete free headroom (104M)
[2020-11-04T21:43:59.426+0300][153,356s][info][gc] GC(1086) Concurrent reset 0,474ms
[2020-11-04T21:43:59.427+0300][153,357s][info][gc] GC(1086) Pause Init Mark (unload classes) 0,165ms
[2020-11-04T21:43:59.510+0300][153,440s][info][gc] GC(1086) Concurrent marking (unload classes) 83,127ms
[2020-11-04T21:43:59.511+0300][153,441s][info][gc] GC(1086) Pause Final Mark (unload classes) 0,693ms
[2020-11-04T21:43:59.512+0300][153,441s][info][gc] GC(1086) Concurrent weak roots 0,446ms
[2020-11-04T21:43:59.512+0300][153,442s][info][gc] GC(1086) Concurrent cleanup 372M->372M(512M) 0,040ms
[2020-11-04T21:43:59.513+0300][153,442s][info][gc] GC(1086) Concurrent class unloading 0,855ms
[2020-11-04T21:43:59.513+0300][153,442s][info][gc] GC(1086) Concurrent strong roots 0,056ms
[2020-11-04T21:43:59.516+0300][153,446s][info][gc] GC(1086) Concurrent evacuation 3,009ms
[2020-11-04T21:43:59.516+0300][153,446s][info][gc] GC(1086) Pause Init Update Refs 0,022ms
[2020-11-04T21:43:59.560+0300][153,490s][info][gc] GC(1086) Concurrent update references 44,392ms
[2020-11-04T21:43:59.561+0300][153,491s][info][gc] GC(1086) Pause Final Update Refs 0,359ms
[2020-11-04T21:43:59.561+0300][153,491s][info][gc] GC(1086) Concurrent cleanup 473M->355M(512M) 0,118ms
[2020-11-04T21:43:59.562+0300][153,492s][info][gc] Trigger: Average GC time (138,56 ms) is above the time for allocation rate (856 MB/s) to deplete free headroom (102M)
[2020-11-04T21:43:59.563+0300][153,493s][info][gc] GC(1087) Concurrent reset 0,442ms
[2020-11-04T21:43:59.563+0300][153,493s][info][gc] GC(1087) Pause Init Mark (unload classes) 0,106ms
[2020-11-04T21:43:59.663+0300][153,592s][info][gc] GC(1087) Concurrent marking (unload classes) 99,186ms
[2020-11-04T21:43:59.663+0300][153,593s][info][gc] GC(1087) Pause Final Mark (unload classes) 0,716ms
[2020-11-04T21:43:59.664+0300][153,594s][info][gc] GC(1087) Concurrent weak roots 0,518ms
[2020-11-04T21:43:59.664+0300][153,594s][info][gc] GC(1087) Concurrent cleanup 375M->375M(512M) 0,037ms
[2020-11-04T21:43:59.665+0300][153,595s][info][gc] GC(1087) Concurrent class unloading 0,898ms
[2020-11-04T21:43:59.665+0300][153,595s][info][gc] GC(1087) Concurrent strong roots 0,063ms
[2020-11-04T21:43:59.669+0300][153,599s][info][gc] GC(1087) Concurrent evacuation 3,876ms
[2020-11-04T21:43:59.669+0300][153,599s][info][gc] GC(1087) Pause Init Update Refs 0,024ms
[2020-11-04T21:43:59.716+0300][153,646s][info][gc] GC(1087) Concurrent update references 47,028ms
[2020-11-04T21:43:59.717+0300][153,647s][info][gc] GC(1087) Pause Final Update Refs 0,295ms
[2020-11-04T21:43:59.717+0300][153,647s][info][gc] GC(1087) Concurrent cleanup 478M->361M(512M) 0,096ms
[2020-11-04T21:43:59.718+0300][153,648s][info][gc] Trigger: Average GC time (143,27 ms) is above the time for allocation rate (768 MB/s) to deplete free headroom (98074K)
[2020-11-04T21:43:59.719+0300][153,649s][info][gc] GC(1088) Concurrent reset 0,392ms
[2020-11-04T21:43:59.719+0300][153,649s][info][gc] GC(1088) Pause Init Mark (unload classes) 0,165ms
[2020-11-04T21:43:59.821+0300][153,750s][info][gc] GC(1088) Concurrent marking (unload classes) 101,332ms
[2020-11-04T21:43:59.822+0300][153,751s][info][gc] GC(1088) Pause Final Mark (unload classes) 0,690ms
[2020-11-04T21:43:59.822+0300][153,752s][info][gc] GC(1088) Concurrent weak roots 0,495ms
[2020-11-04T21:43:59.822+0300][153,752s][info][gc] GC(1088) Concurrent cleanup 380M->380M(512M) 0,077ms
[2020-11-04T21:43:59.823+0300][153,753s][info][gc] GC(1088) Concurrent class unloading 0,933ms
[2020-11-04T21:43:59.823+0300][153,753s][info][gc] GC(1088) Concurrent strong roots 0,065ms
[2020-11-04T21:43:59.827+0300][153,756s][info][gc] GC(1088) Concurrent evacuation 3,270ms
[2020-11-04T21:43:59.827+0300][153,757s][info][gc] GC(1088) Pause Init Update Refs 0,010ms
[2020-11-04T21:43:59.874+0300][153,804s][info][gc] GC(1088) Concurrent update references 46,696ms
[2020-11-04T21:43:59.874+0300][153,804s][info][gc] GC(1088) Pause Final Update Refs 0,217ms
[2020-11-04T21:43:59.874+0300][153,804s][info][gc] GC(1088) Concurrent cleanup 480M->360M(512M) 0,093ms
[2020-11-04T21:43:59.876+0300][153,805s][info][gc] Trigger: Average GC time (146,81 ms) is above the time for allocation rate (730 MB/s) to deplete free headroom (99354K)
[2020-11-04T21:43:59.876+0300][153,806s][info][gc] GC(1089) Concurrent reset 0,397ms
[2020-11-04T21:43:59.876+0300][153,806s][info][gc] GC(1089) Pause Init Mark (unload classes) 0,113ms
[2020-11-04T21:43:59.967+0300][153,897s][info][gc] GC(1089) Concurrent marking (unload classes) 90,229ms
[2020-11-04T21:43:59.967+0300][153,897s][info][gc] GC(1089) Pause Final Mark (unload classes) 0,533ms
[2020-11-04T21:43:59.968+0300][153,898s][info][gc] GC(1089) Concurrent weak roots 0,397ms
[2020-11-04T21:43:59.968+0300][153,898s][info][gc] GC(1089) Concurrent cleanup 378M->378M(512M) 0,035ms
[2020-11-04T21:43:59.969+0300][153,899s][info][gc] GC(1089) Concurrent class unloading 1,004ms
[2020-11-04T21:43:59.969+0300][153,899s][info][gc] GC(1089) Concurrent strong roots 0,107ms
[2020-11-04T21:43:59.972+0300][153,902s][info][gc] GC(1089) Concurrent evacuation 2,771ms
[2020-11-04T21:43:59.972+0300][153,902s][info][gc] GC(1089) Pause Init Update Refs 0,013ms
[2020-11-04T21:44:00.023+0300][153,953s][info][gc] GC(1089) Concurrent update references 50,865ms
[2020-11-04T21:44:00.024+0300][153,953s][info][gc] GC(1089) Pause Final Update Refs 0,139ms
[2020-11-04T21:44:00.024+0300][153,954s][info][gc] GC(1089) Concurrent cleanup 449M->335M(512M) 0,091ms
[2020-11-04T21:44:00.040+0300][153,970s][info][gc] Trigger: Average GC time (146,42 ms) is above the time for allocation rate (676 MB/s) to deplete free headroom (99354K)
[2020-11-04T21:44:00.041+0300][153,970s][info][gc] GC(1090) Concurrent reset 0,683ms
[2020-11-04T21:44:00.041+0300][153,971s][info][gc] GC(1090) Pause Init Mark (process weakrefs) (unload classes) 0,106ms
[2020-11-04T21:44:00.106+0300][154,036s][info][gc] GC(1090) Concurrent marking (process weakrefs) (unload classes) 64,657ms
[2020-11-04T21:44:00.106+0300][154,036s][info][gc] GC(1090) Concurrent precleaning 0,110ms
[2020-11-04T21:44:00.107+0300][154,037s][info][gc] GC(1090) Pause Final Mark (process weakrefs) (unload classes) 0,623ms
[2020-11-04T21:44:00.107+0300][154,037s][info][gc] GC(1090) Concurrent weak roots 0,415ms
[2020-11-04T21:44:00.107+0300][154,037s][info][gc] GC(1090) Concurrent cleanup 379M->375M(512M) 0,035ms
[2020-11-04T21:44:00.109+0300][154,038s][info][gc] GC(1090) Concurrent class unloading 1,309ms
[2020-11-04T21:44:00.109+0300][154,039s][info][gc] GC(1090) Concurrent strong roots 0,104ms
[2020-11-04T21:44:00.112+0300][154,042s][info][gc] GC(1090) Concurrent evacuation 3,022ms
[2020-11-04T21:44:00.112+0300][154,042s][info][gc] GC(1090) Pause Init Update Refs 0,016ms
[2020-11-04T21:44:00.143+0300][154,072s][info][gc] GC(1090) Concurrent update references 30,330ms
[2020-11-04T21:44:00.143+0300][154,073s][info][gc] GC(1090) Pause Final Update Refs 0,377ms
[2020-11-04T21:44:00.144+0300][154,073s][info][gc] GC(1090) Concurrent cleanup 424M->215M(512M) 0,115ms
[2020-11-04T21:44:00.179+0300][154,108s][info][gc] Trigger: Average GC time (139,63 ms) is above the time for allocation rate (1113 MB/s) to deplete free headroom (151M)
[2020-11-04T21:44:00.179+0300][154,109s][info][gc] GC(1091) Concurrent reset 0,641ms
[2020-11-04T21:44:00.180+0300][154,109s][info][gc] GC(1091) Pause Init Mark (unload classes) 0,102ms
[2020-11-04T21:44:00.267+0300][154,197s][info][gc] GC(1091) Concurrent marking (unload classes) 87,702ms
[2020-11-04T21:44:00.268+0300][154,198s][info][gc] GC(1091) Pause Final Mark (unload classes) 0,619ms
[2020-11-04T21:44:00.269+0300][154,199s][info][gc] GC(1091) Concurrent weak roots 0,432ms
[2020-11-04T21:44:00.269+0300][154,199s][info][gc] GC(1091) Concurrent cleanup 331M->331M(512M) 0,039ms
[2020-11-04T21:44:00.270+0300][154,200s][info][gc] GC(1091) Concurrent class unloading 1,052ms
[2020-11-04T21:44:00.270+0300][154,200s][info][gc] GC(1091) Concurrent strong roots 0,060ms
[2020-11-04T21:44:00.274+0300][154,204s][info][gc] GC(1091) Concurrent evacuation 4,130ms
[2020-11-04T21:44:00.275+0300][154,204s][info][gc] GC(1091) Pause Init Update Refs 0,024ms
[2020-11-04T21:44:00.305+0300][154,235s][info][gc] GC(1091) Concurrent update references 30,145ms
[2020-11-04T21:44:00.305+0300][154,235s][info][gc] GC(1091) Pause Final Update Refs 0,179ms
[2020-11-04T21:44:00.305+0300][154,235s][info][gc] GC(1091) Concurrent cleanup 399M->245M(512M) 0,077ms
[2020-11-04T21:44:00.339+0300][154,269s][info][gc] Trigger: Average GC time (137,93 ms) is above the time for allocation rate (1011 MB/s) to deplete free headroom (138M)
[2020-11-04T21:44:00.340+0300][154,270s][info][gc] GC(1092) Concurrent reset 0,537ms
[2020-11-04T21:44:00.340+0300][154,270s][info][gc] GC(1092) Pause Init Mark (unload classes) 0,099ms
[2020-11-04T21:44:00.403+0300][154,333s][info][gc] GC(1092) Concurrent marking (unload classes) 62,442ms
[2020-11-04T21:44:00.403+0300][154,333s][info][gc] GC(1092) Pause Final Mark (unload classes) 0,492ms
[2020-11-04T21:44:00.404+0300][154,334s][info][gc] GC(1092) Concurrent weak roots 0,453ms
[2020-11-04T21:44:00.404+0300][154,334s][info][gc] GC(1092) Concurrent cleanup 342M->342M(512M) 0,041ms
[2020-11-04T21:44:00.405+0300][154,335s][info][gc] GC(1092) Concurrent class unloading 0,996ms
[2020-11-04T21:44:00.405+0300][154,335s][info][gc] GC(1092) Concurrent strong roots 0,062ms
[2020-11-04T21:44:00.409+0300][154,339s][info][gc] GC(1092) Concurrent evacuation 4,030ms
[2020-11-04T21:44:00.409+0300][154,339s][info][gc] GC(1092) Pause Init Update Refs 0,016ms
[2020-11-04T21:44:00.439+0300][154,369s][info][gc] GC(1092) Concurrent update references 29,289ms
[2020-11-04T21:44:00.439+0300][154,369s][info][gc] GC(1092) Pause Final Update Refs 0,184ms
[2020-11-04T21:44:00.439+0300][154,369s][info][gc] GC(1092) Concurrent cleanup 416M->253M(512M) 0,108ms
[2020-11-04T21:44:00.461+0300][154,390s][info][gc] Trigger: Average GC time (127,00 ms) is above the time for allocation rate (1192 MB/s) to deplete free headroom (151M)
[2020-11-04T21:44:00.461+0300][154,391s][info][gc] GC(1093) Concurrent reset 0,620ms
[2020-11-04T21:44:00.462+0300][154,391s][info][gc] GC(1093) Pause Init Mark (unload classes) 0,106ms
[2020-11-04T21:44:00.550+0300][154,480s][info][gc] GC(1093) Concurrent marking (unload classes) 88,031ms
[2020-11-04T21:44:00.550+0300][154,480s][info][gc] GC(1093) Pause Final Mark (unload classes) 0,416ms
[2020-11-04T21:44:00.551+0300][154,481s][info][gc] GC(1093) Concurrent weak roots 0,474ms
[2020-11-04T21:44:00.551+0300][154,481s][info][gc] GC(1093) Concurrent cleanup 333M->333M(512M) 0,039ms
[2020-11-04T21:44:00.552+0300][154,482s][info][gc] GC(1093) Concurrent class unloading 1,032ms
[2020-11-04T21:44:00.552+0300][154,482s][info][gc] GC(1093) Concurrent strong roots 0,061ms
[2020-11-04T21:44:00.556+0300][154,486s][info][gc] GC(1093) Concurrent evacuation 3,659ms
[2020-11-04T21:44:00.556+0300][154,486s][info][gc] GC(1093) Pause Init Update Refs 0,016ms
[2020-11-04T21:44:00.587+0300][154,517s][info][gc] GC(1093) Concurrent update references 30,601ms
[2020-11-04T21:44:00.587+0300][154,517s][info][gc] GC(1093) Pause Final Update Refs 0,209ms
[2020-11-04T21:44:00.587+0300][154,517s][info][gc] GC(1093) Concurrent cleanup 407M->261M(512M) 0,113ms
[2020-11-04T21:44:00.614+0300][154,544s][info][gc] Trigger: Average GC time (121,12 ms) is above the time for allocation rate (1066 MB/s) to deplete free headroom (128M)
[2020-11-04T21:44:00.614+0300][154,544s][info][gc] GC(1094) Concurrent reset 0,613ms
[2020-11-04T21:44:00.615+0300][154,545s][info][gc] GC(1094) Pause Init Mark (unload classes) 0,142ms
[2020-11-04T21:44:00.680+0300][154,610s][info][gc] GC(1094) Concurrent marking (unload classes) 65,213ms
[2020-11-04T21:44:00.681+0300][154,611s][info][gc] GC(1094) Pause Final Mark (unload classes) 0,479ms
[2020-11-04T21:44:00.681+0300][154,611s][info][gc] GC(1094) Concurrent weak roots 0,559ms
[2020-11-04T21:44:00.682+0300][154,611s][info][gc] GC(1094) Concurrent cleanup 352M->353M(512M) 0,034ms
[2020-11-04T21:44:00.683+0300][154,612s][info][gc] GC(1094) Concurrent class unloading 1,067ms
[2020-11-04T21:44:00.683+0300][154,613s][info][gc] GC(1094) Concurrent strong roots 0,101ms
[2020-11-04T21:44:00.687+0300][154,617s][info][gc] GC(1094) Concurrent evacuation 4,084ms
[2020-11-04T21:44:00.687+0300][154,617s][info][gc] GC(1094) Pause Init Update Refs 0,019ms
[2020-11-04T21:44:00.724+0300][154,654s][info][gc] GC(1094) Concurrent update references 36,988ms
[2020-11-04T21:44:00.725+0300][154,655s][info][gc] GC(1094) Pause Final Update Refs 0,408ms
[2020-11-04T21:44:00.725+0300][154,655s][info][gc] GC(1094) Concurrent cleanup 443M->280M(512M) 0,101ms
[2020-11-04T21:44:00.743+0300][154,673s][info][gc] Trigger: Average GC time (113,72 ms) is above the time for allocation rate (1194 MB/s) to deplete free headroom (132M)
[2020-11-04T21:44:00.744+0300][154,674s][info][gc] GC(1095) Concurrent reset 0,587ms
[2020-11-04T21:44:00.744+0300][154,674s][info][gc] GC(1095) Pause Init Mark (process weakrefs) (unload classes) 0,178ms
[2020-11-04T21:44:00.811+0300][154,741s][info][gc] GC(1095) Concurrent marking (process weakrefs) (unload classes) 67,007ms
[2020-11-04T21:44:00.812+0300][154,742s][info][gc] GC(1095) Concurrent precleaning 0,171ms
[2020-11-04T21:44:00.813+0300][154,742s][info][gc] GC(1095) Pause Final Mark (process weakrefs) (unload classes) 0,700ms
[2020-11-04T21:44:00.813+0300][154,743s][info][gc] GC(1095) Concurrent weak roots 0,361ms
[2020-11-04T21:44:00.813+0300][154,743s][info][gc] GC(1095) Concurrent cleanup 347M->347M(512M) 0,038ms
[2020-11-04T21:44:00.814+0300][154,744s][info][gc] GC(1095) Concurrent class unloading 0,906ms
[2020-11-04T21:44:00.814+0300][154,744s][info][gc] GC(1095) Concurrent strong roots 0,072ms
[2020-11-04T21:44:00.818+0300][154,748s][info][gc] GC(1095) Concurrent evacuation 4,151ms
[2020-11-04T21:44:00.819+0300][154,749s][info][gc] GC(1095) Pause Init Update Refs 0,014ms
[2020-11-04T21:44:00.861+0300][154,790s][info][gc] GC(1095) Concurrent update references 41,775ms
[2020-11-04T21:44:00.861+0300][154,791s][info][gc] GC(1095) Pause Final Update Refs 0,241ms
[2020-11-04T21:44:00.861+0300][154,791s][info][gc] GC(1095) Concurrent cleanup 442M->288M(512M) 0,115ms
[2020-11-04T21:44:00.877+0300][154,807s][info][gc] Trigger: Average GC time (116,60 ms) is above the time for allocation rate (1139 MB/s) to deplete free headroom (129M)
[2020-11-04T21:44:00.878+0300][154,808s][info][gc] GC(1096) Concurrent reset 0,563ms
[2020-11-04T21:44:00.878+0300][154,808s][info][gc] GC(1096) Pause Init Mark (unload classes) 0,185ms
[2020-11-04T21:44:00.966+0300][154,896s][info][gc] GC(1096) Concurrent marking (unload classes) 87,313ms
[2020-11-04T21:44:00.967+0300][154,896s][info][gc] GC(1096) Pause Final Mark (unload classes) 0,641ms
[2020-11-04T21:44:00.967+0300][154,897s][info][gc] GC(1096) Concurrent weak roots 0,501ms
[2020-11-04T21:44:00.967+0300][154,897s][info][gc] GC(1096) Concurrent cleanup 351M->351M(512M) 0,053ms
[2020-11-04T21:44:00.968+0300][154,898s][info][gc] GC(1096) Concurrent class unloading 0,870ms
[2020-11-04T21:44:00.968+0300][154,898s][info][gc] GC(1096) Concurrent strong roots 0,058ms
[2020-11-04T21:44:00.972+0300][154,902s][info][gc] GC(1096) Concurrent evacuation 4,081ms
[2020-11-04T21:44:00.973+0300][154,903s][info][gc] GC(1096) Pause Init Update Refs 0,029ms
[2020-11-04T21:44:01.007+0300][154,936s][info][gc] GC(1096) Concurrent update references 33,124ms
[2020-11-04T21:44:01.007+0300][154,937s][info][gc] GC(1096) Pause Final Update Refs 0,365ms
[2020-11-04T21:44:01.007+0300][154,937s][info][gc] GC(1096) Concurrent cleanup 429M->276M(512M) 0,117ms
[2020-11-04T21:44:01.032+0300][154,962s][info][gc] Trigger: Average GC time (117,25 ms) is above the time for allocation rate (1026 MB/s) to deplete free headroom (119M)
[2020-11-04T21:44:01.032+0300][154,962s][info][gc] GC(1097) Concurrent reset 0,554ms
[2020-11-04T21:44:01.033+0300][154,963s][info][gc] GC(1097) Pause Init Mark (unload classes) 0,141ms
[2020-11-04T21:44:01.104+0300][155,034s][info][gc] GC(1097) Concurrent marking (unload classes) 70,802ms
[2020-11-04T21:44:01.105+0300][155,035s][info][gc] GC(1097) Pause Final Mark (unload classes) 0,752ms
[2020-11-04T21:44:01.105+0300][155,035s][info][gc] GC(1097) Concurrent weak roots 0,413ms
[2020-11-04T21:44:01.105+0300][155,035s][info][gc] GC(1097) Concurrent cleanup 361M->361M(512M) 0,036ms
[2020-11-04T21:44:01.106+0300][155,036s][info][gc] GC(1097) Concurrent class unloading 0,957ms
[2020-11-04T21:44:01.107+0300][155,036s][info][gc] GC(1097) Concurrent strong roots 0,084ms
[2020-11-04T21:44:01.110+0300][155,040s][info][gc] GC(1097) Concurrent evacuation 3,906ms
[2020-11-04T21:44:01.111+0300][155,041s][info][gc] GC(1097) Pause Init Update Refs 0,015ms
[2020-11-04T21:44:01.149+0300][155,078s][info][gc] GC(1097) Concurrent update references 37,693ms
[2020-11-04T21:44:01.149+0300][155,079s][info][gc] GC(1097) Pause Final Update Refs 0,375ms
[2020-11-04T21:44:01.149+0300][155,079s][info][gc] GC(1097) Concurrent cleanup 426M->267M(512M) 0,099ms
[2020-11-04T21:44:01.178+0300][155,108s][info][gc] Trigger: Average GC time (120,73 ms) is above the time for allocation rate (1028 MB/s) to deplete free headroom (122M)
[2020-11-04T21:44:01.179+0300][155,109s][info][gc] GC(1098) Concurrent reset 0,643ms
[2020-11-04T21:44:01.179+0300][155,109s][info][gc] GC(1098) Pause Init Mark (unload classes) 0,215ms
[2020-11-04T21:44:01.273+0300][155,203s][info][gc] GC(1098) Concurrent marking (unload classes) 93,763ms
[2020-11-04T21:44:01.274+0300][155,204s][info][gc] GC(1098) Pause Final Mark (unload classes) 0,768ms
[2020-11-04T21:44:01.275+0300][155,205s][info][gc] GC(1098) Concurrent weak roots 0,548ms
[2020-11-04T21:44:01.275+0300][155,205s][info][gc] GC(1098) Concurrent cleanup 358M->358M(512M) 0,035ms
[2020-11-04T21:44:01.276+0300][155,205s][info][gc] GC(1098) Concurrent class unloading 0,788ms
[2020-11-04T21:44:01.276+0300][155,206s][info][gc] GC(1098) Concurrent strong roots 0,090ms
[2020-11-04T21:44:01.280+0300][155,210s][info][gc] GC(1098) Concurrent evacuation 4,683ms
[2020-11-04T21:44:01.281+0300][155,211s][info][gc] GC(1098) Pause Init Update Refs 0,022ms
[2020-11-04T21:44:01.316+0300][155,246s][info][gc] GC(1098) Concurrent update references 34,906ms
[2020-11-04T21:44:01.316+0300][155,246s][info][gc] GC(1098) Pause Final Update Refs 0,268ms
[2020-11-04T21:44:01.317+0300][155,246s][info][gc] GC(1098) Concurrent cleanup 438M->287M(512M) 0,072ms
[2020-11-04T21:44:01.338+0300][155,268s][info][gc] Trigger: Average GC time (123,09 ms) is above the time for allocation rate (956 MB/s) to deplete free headroom (116M)
[2020-11-04T21:44:01.338+0300][155,268s][info][gc] GC(1099) Concurrent reset 0,643ms
[2020-11-04T21:44:01.339+0300][155,269s][info][gc] GC(1099) Pause Init Mark (unload classes) 0,163ms
[2020-11-04T21:44:01.413+0300][155,343s][info][gc] GC(1099) Concurrent marking (unload classes) 73,887ms
[2020-11-04T21:44:01.414+0300][155,344s][info][gc] GC(1099) Pause Final Mark (unload classes) 0,631ms
[2020-11-04T21:44:01.414+0300][155,344s][info][gc] GC(1099) Concurrent weak roots 0,389ms
[2020-11-04T21:44:01.414+0300][155,344s][info][gc] GC(1099) Concurrent cleanup 363M->363M(512M) 0,038ms
[2020-11-04T21:44:01.416+0300][155,345s][info][gc] GC(1099) Concurrent class unloading 1,324ms
[2020-11-04T21:44:01.416+0300][155,346s][info][gc] GC(1099) Concurrent strong roots 0,125ms
[2020-11-04T21:44:01.420+0300][155,349s][info][gc] GC(1099) Concurrent evacuation 3,829ms
[2020-11-04T21:44:01.420+0300][155,350s][info][gc] GC(1099) Pause Init Update Refs 0,010ms
[2020-11-04T21:44:01.463+0300][155,392s][info][gc] GC(1099) Concurrent update references 42,482ms
[2020-11-04T21:44:01.463+0300][155,393s][info][gc] GC(1099) Pause Final Update Refs 0,392ms
[2020-11-04T21:44:01.463+0300][155,393s][info][gc] GC(1099) Concurrent cleanup 426M->273M(512M) 0,076ms
[2020-11-04T21:44:01.489+0300][155,419s][info][gc] Trigger: Average GC time (125,97 ms) is above the time for allocation rate (961 MB/s) to deplete free headroom (119M)
[2020-11-04T21:44:01.490+0300][155,419s][info][gc] GC(1100) Concurrent reset 0,640ms
[2020-11-04T21:44:01.490+0300][155,420s][info][gc] GC(1100) Pause Init Mark (process weakrefs) (unload classes) 0,256ms
[2020-11-04T21:44:01.575+0300][155,505s][info][gc] GC(1100) Concurrent marking (process weakrefs) (unload classes) 85,021ms
[2020-11-04T21:44:01.575+0300][155,505s][info][gc] GC(1100) Concurrent precleaning 0,178ms
[2020-11-04T21:44:01.576+0300][155,506s][info][gc] GC(1100) Pause Final Mark (process weakrefs) (unload classes) 0,737ms
[2020-11-04T21:44:01.577+0300][155,507s][info][gc] GC(1100) Concurrent weak roots 0,465ms
[2020-11-04T21:44:01.577+0300][155,507s][info][gc] GC(1100) Concurrent cleanup 361M->361M(512M) 0,035ms
[2020-11-04T21:44:01.578+0300][155,508s][info][gc] GC(1100) Concurrent class unloading 0,853ms
[2020-11-04T21:44:01.578+0300][155,508s][info][gc] GC(1100) Concurrent strong roots 0,064ms
[2020-11-04T21:44:01.582+0300][155,512s][info][gc] GC(1100) Concurrent evacuation 3,993ms
[2020-11-04T21:44:01.582+0300][155,512s][info][gc] GC(1100) Pause Init Update Refs 0,012ms
[2020-11-04T21:44:01.619+0300][155,549s][info][gc] GC(1100) Concurrent update references 36,738ms
[2020-11-04T21:44:01.620+0300][155,550s][info][gc] GC(1100) Pause Final Update Refs 0,358ms
[2020-11-04T21:44:01.620+0300][155,550s][info][gc] GC(1100) Concurrent cleanup 446M->300M(512M) 0,103ms
[2020-11-04T21:44:01.635+0300][155,565s][info][gc] Trigger: Average GC time (128,62 ms) is above the time for allocation rate (959 MB/s) to deplete free headroom (120M)
[2020-11-04T21:44:01.636+0300][155,566s][info][gc] GC(1101) Concurrent reset 0,597ms
[2020-11-04T21:44:01.636+0300][155,566s][info][gc] GC(1101) Pause Init Mark (unload classes) 0,159ms
[2020-11-04T21:44:01.724+0300][155,654s][info][gc] GC(1101) Concurrent marking (unload classes) 87,440ms
[2020-11-04T21:44:01.725+0300][155,655s][info][gc] GC(1101) Pause Final Mark (unload classes) 0,727ms
[2020-11-04T21:44:01.725+0300][155,655s][info][gc] GC(1101) Concurrent weak roots 0,404ms
[2020-11-04T21:44:01.725+0300][155,655s][info][gc] GC(1101) Concurrent cleanup 360M->360M(512M) 0,038ms
[2020-11-04T21:44:01.727+0300][155,657s][info][gc] GC(1101) Concurrent class unloading 1,347ms
[2020-11-04T21:44:01.727+0300][155,657s][info][gc] GC(1101) Concurrent strong roots 0,080ms
[2020-11-04T21:44:01.730+0300][155,660s][info][gc] GC(1101) Concurrent evacuation 3,371ms
[2020-11-04T21:44:01.731+0300][155,660s][info][gc] GC(1101) Pause Init Update Refs 0,022ms
[2020-11-04T21:44:01.773+0300][155,703s][info][gc] GC(1101) Concurrent update references 42,051ms
[2020-11-04T21:44:01.773+0300][155,703s][info][gc] GC(1101) Pause Final Update Refs 0,128ms
[2020-11-04T21:44:01.773+0300][155,703s][info][gc] GC(1101) Concurrent cleanup 431M->290M(512M) 0,086ms
[2020-11-04T21:44:01.800+0300][155,730s][info][gc] Trigger: Average GC time (130,24 ms) is above the time for allocation rate (874 MB/s) to deplete free headroom (112M)
[2020-11-04T21:44:01.801+0300][155,731s][info][gc] GC(1102) Concurrent reset 0,713ms
[2020-11-04T21:44:01.801+0300][155,731s][info][gc] GC(1102) Pause Init Mark (unload classes) 0,167ms
[2020-11-04T21:44:01.882+0300][155,812s][info][gc] GC(1102) Concurrent marking (unload classes) 80,942ms
[2020-11-04T21:44:01.883+0300][155,813s][info][gc] GC(1102) Pause Final Mark (unload classes) 0,544ms
[2020-11-04T21:44:01.884+0300][155,814s][info][gc] GC(1102) Concurrent weak roots 0,400ms
[2020-11-04T21:44:01.884+0300][155,814s][info][gc] GC(1102) Concurrent cleanup 367M->367M(512M) 0,031ms
[2020-11-04T21:44:01.885+0300][155,815s][info][gc] GC(1102) Concurrent class unloading 0,779ms
[2020-11-04T21:44:01.885+0300][155,815s][info][gc] GC(1102) Concurrent strong roots 0,106ms
[2020-11-04T21:44:01.889+0300][155,819s][info][gc] GC(1102) Concurrent evacuation 3,495ms
[2020-11-04T21:44:01.889+0300][155,819s][info][gc] GC(1102) Pause Init Update Refs 0,014ms
[2020-11-04T21:44:01.928+0300][155,858s][info][gc] GC(1102) Concurrent update references 38,788ms
[2020-11-04T21:44:01.929+0300][155,858s][info][gc] GC(1102) Pause Final Update Refs 0,383ms
[2020-11-04T21:44:01.929+0300][155,859s][info][gc] GC(1102) Concurrent cleanup 457M->313M(512M) 0,086ms
[2020-11-04T21:44:01.938+0300][155,868s][info][gc] Trigger: Average GC time (132,49 ms) is above the time for allocation rate (940 MB/s) to deplete free headroom (121M)
[2020-11-04T21:44:01.939+0300][155,869s][info][gc] GC(1103) Concurrent reset 0,617ms
[2020-11-04T21:44:01.940+0300][155,869s][info][gc] GC(1103) Pause Init Mark (unload classes) 0,172ms
[2020-11-04T21:44:02.031+0300][155,961s][info][gc] GC(1103) Concurrent marking (unload classes) 91,037ms
[2020-11-04T21:44:02.031+0300][155,961s][info][gc] GC(1103) Pause Final Mark (unload classes) 0,564ms
[2020-11-04T21:44:02.032+0300][155,962s][info][gc] GC(1103) Concurrent weak roots 0,424ms
[2020-11-04T21:44:02.032+0300][155,962s][info][gc] GC(1103) Concurrent cleanup 358M->358M(512M) 0,031ms
[2020-11-04T21:44:02.033+0300][155,963s][info][gc] GC(1103) Concurrent class unloading 1,092ms
[2020-11-04T21:44:02.033+0300][155,963s][info][gc] GC(1103) Concurrent strong roots 0,132ms
[2020-11-04T21:44:02.037+0300][155,967s][info][gc] GC(1103) Concurrent evacuation 3,718ms
[2020-11-04T21:44:02.037+0300][155,967s][info][gc] GC(1103) Pause Init Update Refs 0,009ms
[2020-11-04T21:44:02.087+0300][156,016s][info][gc] GC(1103) Concurrent update references 49,285ms
[2020-11-04T21:44:02.087+0300][156,017s][info][gc] GC(1103) Pause Final Update Refs 0,234ms
[2020-11-04T21:44:02.087+0300][156,017s][info][gc] GC(1103) Concurrent cleanup 467M->336M(512M) 0,074ms
[2020-11-04T21:44:02.090+0300][156,020s][info][gc] Trigger: Average GC time (134,55 ms) is above the time for allocation rate (877 MB/s) to deplete free headroom (114M)
[2020-11-04T21:44:02.091+0300][156,021s][info][gc] GC(1104) Concurrent reset 0,506ms
[2020-11-04T21:44:02.091+0300][156,021s][info][gc] GC(1104) Pause Init Mark (unload classes) 0,110ms
[2020-11-04T21:44:02.174+0300][156,104s][info][gc] GC(1104) Concurrent marking (unload classes) 83,029ms
[2020-11-04T21:44:02.175+0300][156,105s][info][gc] GC(1104) Pause Final Mark (unload classes) 0,409ms
[2020-11-04T21:44:02.175+0300][156,105s][info][gc] GC(1104) Concurrent weak roots 0,355ms
[2020-11-04T21:44:02.175+0300][156,105s][info][gc] GC(1104) Concurrent cleanup 364M->364M(512M) 0,030ms
[2020-11-04T21:44:02.176+0300][156,106s][info][gc] GC(1104) Concurrent class unloading 0,754ms
[2020-11-04T21:44:02.176+0300][156,106s][info][gc] GC(1104) Concurrent strong roots 0,090ms
[2020-11-04T21:44:02.180+0300][156,109s][info][gc] GC(1104) Concurrent evacuation 3,342ms
[2020-11-04T21:44:02.180+0300][156,110s][info][gc] GC(1104) Pause Init Update Refs 0,011ms
[2020-11-04T21:44:02.230+0300][156,160s][info][gc] GC(1104) Concurrent update references 49,714ms
[2020-11-04T21:44:02.230+0300][156,160s][info][gc] GC(1104) Pause Final Update Refs 0,185ms
[2020-11-04T21:44:02.230+0300][156,160s][info][gc] GC(1104) Concurrent cleanup 472M->338M(512M) 0,076ms
[2020-11-04T21:44:02.231+0300][156,161s][info][gc] Trigger: Average GC time (137,36 ms) is above the time for allocation rate (892 MB/s) to deplete free headroom (118M)
[2020-11-04T21:44:02.232+0300][156,162s][info][gc] GC(1105) Concurrent reset 0,437ms
[2020-11-04T21:44:02.232+0300][156,162s][info][gc] GC(1105) Pause Init Mark (process weakrefs) (unload classes) 0,082ms
[2020-11-04T21:44:02.311+0300][156,241s][info][gc] GC(1105) Concurrent marking (process weakrefs) (unload classes) 78,848ms
[2020-11-04T21:44:02.311+0300][156,241s][info][gc] GC(1105) Concurrent precleaning 0,133ms
[2020-11-04T21:44:02.312+0300][156,242s][info][gc] GC(1105) Pause Final Mark (process weakrefs) (unload classes) 0,531ms
[2020-11-04T21:44:02.312+0300][156,242s][info][gc] GC(1105) Concurrent weak roots 0,521ms
[2020-11-04T21:44:02.312+0300][156,242s][info][gc] GC(1105) Concurrent cleanup 360M->360M(512M) 0,034ms
[2020-11-04T21:44:02.313+0300][156,243s][info][gc] GC(1105) Concurrent class unloading 0,885ms
[2020-11-04T21:44:02.313+0300][156,243s][info][gc] GC(1105) Concurrent strong roots 0,060ms
[2020-11-04T21:44:02.318+0300][156,247s][info][gc] GC(1105) Concurrent evacuation 4,072ms
[2020-11-04T21:44:02.318+0300][156,248s][info][gc] GC(1105) Pause Init Update Refs 0,014ms
[2020-11-04T21:44:02.359+0300][156,289s][info][gc] GC(1105) Concurrent update references 40,773ms
[2020-11-04T21:44:02.359+0300][156,289s][info][gc] GC(1105) Pause Final Update Refs 0,388ms
[2020-11-04T21:44:02.360+0300][156,289s][info][gc] GC(1105) Concurrent cleanup 452M->326M(512M) 0,090ms
[2020-11-04T21:44:02.365+0300][156,295s][info][gc] Trigger: Average GC time (136,73 ms) is above the time for allocation rate (903 MB/s) to deplete free headroom (120M)
[2020-11-04T21:44:02.366+0300][156,295s][info][gc] GC(1106) Concurrent reset 0,633ms
[2020-11-04T21:44:02.366+0300][156,296s][info][gc] GC(1106) Pause Init Mark (unload classes) 0,267ms
[2020-11-04T21:44:02.443+0300][156,373s][info][gc] GC(1106) Concurrent marking (unload classes) 77,175ms
[2020-11-04T21:44:02.444+0300][156,374s][info][gc] GC(1106) Pause Final Mark (unload classes) 0,495ms
[2020-11-04T21:44:02.445+0300][156,374s][info][gc] GC(1106) Concurrent weak roots 0,489ms
[2020-11-04T21:44:02.445+0300][156,374s][info][gc] GC(1106) Concurrent cleanup 359M->359M(512M) 0,033ms
[2020-11-04T21:44:02.446+0300][156,375s][info][gc] GC(1106) Concurrent class unloading 0,964ms
[2020-11-04T21:44:02.446+0300][156,376s][info][gc] GC(1106) Concurrent strong roots 0,121ms
[2020-11-04T21:44:02.449+0300][156,379s][info][gc] GC(1106) Concurrent evacuation 3,312ms
[2020-11-04T21:44:02.449+0300][156,379s][info][gc] GC(1106) Pause Init Update Refs 0,013ms
[2020-11-04T21:44:02.491+0300][156,421s][info][gc] GC(1106) Concurrent update references 41,412ms
[2020-11-04T21:44:02.491+0300][156,421s][info][gc] GC(1106) Pause Final Update Refs 0,167ms
[2020-11-04T21:44:02.492+0300][156,421s][info][gc] GC(1106) Concurrent cleanup 452M->331M(512M) 0,097ms
[2020-11-04T21:44:02.495+0300][156,425s][info][gc] Trigger: Average GC time (134,44 ms) is above the time for allocation rate (902 MB/s) to deplete free headroom (119M)
[2020-11-04T21:44:02.495+0300][156,425s][info][gc] GC(1107) Concurrent reset 0,492ms
[2020-11-04T21:44:02.496+0300][156,426s][info][gc] GC(1107) Pause Init Mark (unload classes) 0,131ms
[2020-11-04T21:44:02.577+0300][156,506s][info][gc] GC(1107) Concurrent marking (unload classes) 80,522ms
[2020-11-04T21:44:02.577+0300][156,507s][info][gc] GC(1107) Pause Final Mark (unload classes) 0,370ms
[2020-11-04T21:44:02.578+0300][156,507s][info][gc] GC(1107) Concurrent weak roots 0,430ms
[2020-11-04T21:44:02.578+0300][156,508s][info][gc] GC(1107) Concurrent cleanup 359M->359M(512M) 0,036ms
[2020-11-04T21:44:02.579+0300][156,508s][info][gc] GC(1107) Concurrent class unloading 0,819ms
[2020-11-04T21:44:02.579+0300][156,509s][info][gc] GC(1107) Concurrent strong roots 0,127ms
[2020-11-04T21:44:02.582+0300][156,512s][info][gc] GC(1107) Concurrent evacuation 3,365ms
[2020-11-04T21:44:02.582+0300][156,512s][info][gc] GC(1107) Pause Init Update Refs 0,032ms
[2020-11-04T21:44:02.625+0300][156,555s][info][gc] GC(1107) Concurrent update references 42,220ms
[2020-11-04T21:44:02.625+0300][156,555s][info][gc] GC(1107) Pause Final Update Refs 0,186ms
[2020-11-04T21:44:02.625+0300][156,555s][info][gc] GC(1107) Concurrent cleanup 452M->334M(512M) 0,102ms
[2020-11-04T21:44:02.629+0300][156,559s][info][gc] Trigger: Average GC time (134,80 ms) is above the time for allocation rate (873 MB/s) to deplete free headroom (116M)
[2020-11-04T21:44:02.629+0300][156,559s][info][gc] GC(1108) Concurrent reset 0,552ms
[2020-11-04T21:44:02.630+0300][156,559s][info][gc] GC(1108) Pause Init Mark (unload classes) 0,096ms
[2020-11-04T21:44:02.723+0300][156,653s][info][gc] GC(1108) Concurrent marking (unload classes) 93,577ms
[2020-11-04T21:44:02.724+0300][156,654s][info][gc] GC(1108) Pause Final Mark (unload classes) 0,389ms
[2020-11-04T21:44:02.725+0300][156,654s][info][gc] GC(1108) Concurrent weak roots 0,530ms
[2020-11-04T21:44:02.725+0300][156,654s][info][gc] GC(1108) Concurrent cleanup 363M->363M(512M) 0,034ms
[2020-11-04T21:44:02.726+0300][156,655s][info][gc] GC(1108) Concurrent class unloading 0,961ms
[2020-11-04T21:44:02.726+0300][156,656s][info][gc] GC(1108) Concurrent strong roots 0,140ms
[2020-11-04T21:44:02.730+0300][156,659s][info][gc] GC(1108) Concurrent evacuation 3,829ms
[2020-11-04T21:44:02.730+0300][156,660s][info][gc] GC(1108) Pause Init Update Refs 0,022ms
[2020-11-04T21:44:02.773+0300][156,703s][info][gc] GC(1108) Concurrent update references 42,728ms
[2020-11-04T21:44:02.773+0300][156,703s][info][gc] GC(1108) Pause Final Update Refs 0,152ms
[2020-11-04T21:44:02.773+0300][156,703s][info][gc] GC(1108) Concurrent cleanup 461M->344M(512M) 0,090ms
[2020-11-04T21:44:02.777+0300][156,706s][info][gc] Trigger: Average GC time (133,99 ms) is above the time for allocation rate (833 MB/s) to deplete free headroom (107M)
[2020-11-04T21:44:02.777+0300][156,707s][info][gc] GC(1109) Concurrent reset 0,582ms
[2020-11-04T21:44:02.778+0300][156,707s][info][gc] GC(1109) Pause Init Mark (unload classes) 0,125ms
[2020-11-04T21:44:02.859+0300][156,789s][info][gc] GC(1109) Concurrent marking (unload classes) 81,330ms
[2020-11-04T21:44:02.860+0300][156,790s][info][gc] GC(1109) Pause Final Mark (unload classes) 0,493ms
[2020-11-04T21:44:02.860+0300][156,790s][info][gc] GC(1109) Concurrent weak roots 0,473ms
[2020-11-04T21:44:02.860+0300][156,790s][info][gc] GC(1109) Concurrent cleanup 370M->370M(512M) 0,038ms
[2020-11-04T21:44:02.861+0300][156,791s][info][gc] GC(1109) Concurrent class unloading 0,993ms
[2020-11-04T21:44:02.862+0300][156,791s][info][gc] GC(1109) Concurrent strong roots 0,126ms
[2020-11-04T21:44:02.865+0300][156,795s][info][gc] GC(1109) Concurrent evacuation 3,168ms
[2020-11-04T21:44:02.865+0300][156,795s][info][gc] GC(1109) Pause Init Update Refs 0,036ms
[2020-11-04T21:44:02.909+0300][156,838s][info][gc] GC(1109) Concurrent update references 43,304ms
[2020-11-04T21:44:02.909+0300][156,839s][info][gc] GC(1109) Pause Final Update Refs 0,185ms
[2020-11-04T21:44:02.909+0300][156,839s][info][gc] GC(1109) Concurrent cleanup 465M->341M(512M) 0,124ms
[2020-11-04T21:44:02.913+0300][156,842s][info][gc] Trigger: Average GC time (132,58 ms) is above the time for allocation rate (859 MB/s) to deplete free headroom (110M)
[2020-11-04T21:44:02.913+0300][156,843s][info][gc] GC(1110) Concurrent reset 0,478ms
[2020-11-04T21:44:02.914+0300][156,843s][info][gc] GC(1110) Pause Init Mark (process weakrefs) (unload classes) 0,118ms
[2020-11-04T21:44:03.010+0300][156,940s][info][gc] GC(1110) Concurrent marking (process weakrefs) (unload classes) 96,040ms
[2020-11-04T21:44:03.010+0300][156,940s][info][gc] GC(1110) Concurrent precleaning 0,111ms
[2020-11-04T21:44:03.010+0300][156,940s][info][gc] GC(1110) Pause Final Mark (process weakrefs) (unload classes) 0,413ms
[2020-11-04T21:44:03.011+0300][156,941s][info][gc] GC(1110) Concurrent weak roots 0,381ms
[2020-11-04T21:44:03.011+0300][156,941s][info][gc] GC(1110) Concurrent cleanup 368M->368M(512M) 0,035ms
[2020-11-04T21:44:03.012+0300][156,942s][info][gc] GC(1110) Concurrent class unloading 0,869ms
[2020-11-04T21:44:03.012+0300][156,942s][info][gc] GC(1110) Concurrent strong roots 0,146ms
[2020-11-04T21:44:03.015+0300][156,945s][info][gc] GC(1110) Concurrent evacuation 3,339ms
[2020-11-04T21:44:03.016+0300][156,946s][info][gc] GC(1110) Pause Init Update Refs 0,020ms
[2020-11-04T21:44:03.060+0300][156,990s][info][gc] GC(1110) Concurrent update references 44,338ms
[2020-11-04T21:44:03.061+0300][156,991s][info][gc] GC(1110) Pause Final Update Refs 0,162ms
[2020-11-04T21:44:03.061+0300][156,991s][info][gc] GC(1110) Concurrent cleanup 467M->350M(512M) 0,078ms
[2020-11-04T21:44:03.063+0300][156,993s][info][gc] Trigger: Average GC time (136,61 ms) is above the time for allocation rate (789 MB/s) to deplete free headroom (104M)
[2020-11-04T21:44:03.064+0300][156,993s][info][gc] GC(1111) Concurrent reset 0,475ms
[2020-11-04T21:44:03.064+0300][156,994s][info][gc] GC(1111) Pause Init Mark (unload classes) 0,106ms
[2020-11-04T21:44:03.162+0300][157,092s][info][gc] GC(1111) Concurrent marking (unload classes) 97,907ms
[2020-11-04T21:44:03.163+0300][157,093s][info][gc] GC(1111) Pause Final Mark (unload classes) 0,598ms
[2020-11-04T21:44:03.163+0300][157,093s][info][gc] GC(1111) Concurrent weak roots 0,476ms
[2020-11-04T21:44:03.163+0300][157,093s][info][gc] GC(1111) Concurrent cleanup 374M->374M(512M) 0,038ms
[2020-11-04T21:44:03.164+0300][157,094s][info][gc] GC(1111) Concurrent class unloading 0,903ms
[2020-11-04T21:44:03.164+0300][157,094s][info][gc] GC(1111) Concurrent strong roots 0,063ms
[2020-11-04T21:44:03.168+0300][157,098s][info][gc] GC(1111) Concurrent evacuation 3,981ms
[2020-11-04T21:44:03.169+0300][157,099s][info][gc] GC(1111) Pause Init Update Refs 0,027ms
[2020-11-04T21:44:03.213+0300][157,143s][info][gc] GC(1111) Concurrent update references 44,197ms
[2020-11-04T21:44:03.214+0300][157,143s][info][gc] GC(1111) Pause Final Update Refs 0,141ms
[2020-11-04T21:44:03.214+0300][157,144s][info][gc] GC(1111) Concurrent cleanup 477M->358M(512M) 0,094ms
[2020-11-04T21:44:03.215+0300][157,145s][info][gc] Trigger: Average GC time (141,39 ms) is above the time for allocation rate (794 MB/s) to deplete free headroom (101402K)
[2020-11-04T21:44:03.215+0300][157,145s][info][gc] GC(1112) Concurrent reset 0,364ms
[2020-11-04T21:44:03.216+0300][157,145s][info][gc] GC(1112) Pause Init Mark (unload classes) 0,122ms
[2020-11-04T21:44:03.325+0300][157,255s][info][gc] GC(1112) Concurrent marking (unload classes) 109,473ms
[2020-11-04T21:44:03.326+0300][157,256s][info][gc] GC(1112) Pause Final Mark (unload classes) 0,426ms
[2020-11-04T21:44:03.326+0300][157,256s][info][gc] GC(1112) Concurrent weak roots 0,349ms
[2020-11-04T21:44:03.326+0300][157,256s][info][gc] GC(1112) Concurrent cleanup 378M->378M(512M) 0,036ms
[2020-11-04T21:44:03.327+0300][157,257s][info][gc] GC(1112) Concurrent class unloading 0,998ms
[2020-11-04T21:44:03.328+0300][157,257s][info][gc] GC(1112) Concurrent strong roots 0,065ms
[2020-11-04T21:44:03.331+0300][157,260s][info][gc] GC(1112) Concurrent evacuation 3,033ms
[2020-11-04T21:44:03.331+0300][157,261s][info][gc] GC(1112) Pause Init Update Refs 0,021ms
[2020-11-04T21:44:03.377+0300][157,307s][info][gc] GC(1112) Concurrent update references 45,906ms
[2020-11-04T21:44:03.378+0300][157,307s][info][gc] GC(1112) Pause Final Update Refs 0,236ms
[2020-11-04T21:44:03.378+0300][157,308s][info][gc] GC(1112) Concurrent cleanup 479M->358M(512M) 0,087ms
[2020-11-04T21:44:03.379+0300][157,309s][info][gc] Trigger: Average GC time (147,85 ms) is above the time for allocation rate (710 MB/s) to deplete free headroom (101402K)
[2020-11-04T21:44:03.379+0300][157,309s][info][gc] GC(1113) Concurrent reset 0,469ms
[2020-11-04T21:44:03.380+0300][157,310s][info][gc] GC(1113) Pause Init Mark (unload classes) 0,245ms
[2020-11-04T21:44:03.466+0300][157,396s][info][gc] GC(1113) Concurrent marking (unload classes) 85,908ms
[2020-11-04T21:44:03.467+0300][157,397s][info][gc] GC(1113) Pause Final Mark (unload classes) 0,662ms
[2020-11-04T21:44:03.467+0300][157,397s][info][gc] GC(1113) Concurrent weak roots 0,313ms
[2020-11-04T21:44:03.467+0300][157,397s][info][gc] GC(1113) Concurrent cleanup 377M->377M(512M) 0,030ms
[2020-11-04T21:44:03.468+0300][157,398s][info][gc] GC(1113) Concurrent class unloading 0,954ms
[2020-11-04T21:44:03.468+0300][157,398s][info][gc] GC(1113) Concurrent strong roots 0,103ms
[2020-11-04T21:44:03.472+0300][157,401s][info][gc] GC(1113) Concurrent evacuation 3,293ms
[2020-11-04T21:44:03.472+0300][157,402s][info][gc] GC(1113) Pause Init Update Refs 0,023ms
[2020-11-04T21:44:03.518+0300][157,448s][info][gc] GC(1113) Concurrent update references 45,886ms
[2020-11-04T21:44:03.518+0300][157,448s][info][gc] GC(1113) Pause Final Update Refs 0,294ms
[2020-11-04T21:44:03.519+0300][157,448s][info][gc] GC(1113) Concurrent cleanup 478M->361M(512M) 0,069ms
[2020-11-04T21:44:03.520+0300][157,450s][info][gc] Trigger: Average GC time (146,86 ms) is above the time for allocation rate (829 MB/s) to deplete free headroom (98074K)
[2020-11-04T21:44:03.520+0300][157,450s][info][gc] GC(1114) Concurrent reset 0,369ms
[2020-11-04T21:44:03.520+0300][157,450s][info][gc] GC(1114) Pause Init Mark (unload classes) 0,138ms
[2020-11-04T21:44:03.610+0300][157,540s][info][gc] GC(1114) Concurrent marking (unload classes) 89,361ms
[2020-11-04T21:44:03.611+0300][157,540s][info][gc] GC(1114) Pause Final Mark (unload classes) 0,560ms
[2020-11-04T21:44:03.611+0300][157,541s][info][gc] GC(1114) Concurrent weak roots 0,417ms
[2020-11-04T21:44:03.611+0300][157,541s][info][gc] GC(1114) Concurrent cleanup 379M->379M(512M) 0,032ms
[2020-11-04T21:44:03.612+0300][157,542s][info][gc] GC(1114) Concurrent class unloading 0,902ms
[2020-11-04T21:44:03.612+0300][157,542s][info][gc] GC(1114) Concurrent strong roots 0,158ms
[2020-11-04T21:44:03.615+0300][157,545s][info][gc] GC(1114) Concurrent evacuation 2,829ms
[2020-11-04T21:44:03.615+0300][157,545s][info][gc] GC(1114) Pause Init Update Refs 0,021ms
[2020-11-04T21:44:03.662+0300][157,592s][info][gc] GC(1114) Concurrent update references 46,223ms
[2020-11-04T21:44:03.662+0300][157,592s][info][gc] GC(1114) Pause Final Update Refs 0,354ms
[2020-11-04T21:44:03.662+0300][157,592s][info][gc] GC(1114) Concurrent cleanup 479M->363M(512M) 0,089ms
[2020-11-04T21:44:03.664+0300][157,593s][info][gc] Trigger: Average GC time (148,87 ms) is above the time for allocation rate (794 MB/s) to deplete free headroom (96794K)
[2020-11-04T21:44:03.664+0300][157,594s][info][gc] GC(1115) Concurrent reset 0,395ms
[2020-11-04T21:44:03.665+0300][157,594s][info][gc] GC(1115) Pause Init Mark (process weakrefs) (unload classes) 0,247ms
[2020-11-04T21:44:03.791+0300][157,721s][info][gc] GC(1115) Concurrent marking (process weakrefs) (unload classes) 126,666ms
[2020-11-04T21:44:03.792+0300][157,721s][info][gc] GC(1115) Concurrent precleaning 0,173ms
[2020-11-04T21:44:03.793+0300][157,722s][info][gc] GC(1115) Pause Final Mark (process weakrefs) (unload classes) 0,840ms
[2020-11-04T21:44:03.793+0300][157,723s][info][gc] GC(1115) Concurrent weak roots 0,336ms
[2020-11-04T21:44:03.793+0300][157,723s][info][gc] GC(1115) Concurrent cleanup 383M->383M(512M) 0,024ms
[2020-11-04T21:44:03.795+0300][157,725s][info][gc] GC(1115) Concurrent class unloading 1,958ms
[2020-11-04T21:44:03.795+0300][157,725s][info][gc] GC(1115) Concurrent strong roots 0,126ms
[2020-11-04T21:44:03.798+0300][157,728s][info][gc] GC(1115) Concurrent evacuation 3,202ms
[2020-11-04T21:44:03.799+0300][157,728s][info][gc] GC(1115) Pause Init Update Refs 0,021ms
[2020-11-04T21:44:03.846+0300][157,776s][info][gc] GC(1115) Concurrent update references 47,331ms
[2020-11-04T21:44:03.846+0300][157,776s][info][gc] GC(1115) Pause Final Update Refs 0,131ms
[2020-11-04T21:44:03.846+0300][157,776s][info][gc] GC(1115) Concurrent cleanup 473M->358M(512M) 0,068ms
[2020-11-04T21:44:03.850+0300][157,779s][info][gc] Trigger: Average GC time (155,77 ms) is above the time for allocation rate (603 MB/s) to deplete free headroom (95770K)
[2020-11-04T21:44:03.850+0300][157,780s][info][gc] GC(1116) Concurrent reset 0,475ms
[2020-11-04T21:44:03.850+0300][157,780s][info][gc] GC(1116) Pause Init Mark (unload classes) 0,086ms
[2020-11-04T21:44:03.905+0300][157,835s][info][gc] GC(1116) Concurrent marking (unload classes) 54,281ms
[2020-11-04T21:44:03.905+0300][157,835s][info][gc] GC(1116) Pause Final Mark (unload classes) 0,319ms
[2020-11-04T21:44:03.906+0300][157,835s][info][gc] GC(1116) Concurrent weak roots 0,305ms
[2020-11-04T21:44:03.906+0300][157,836s][info][gc] GC(1116) Concurrent cleanup 382M->378M(512M) 0,023ms
[2020-11-04T21:44:03.907+0300][157,836s][info][gc] GC(1116) Concurrent class unloading 0,930ms
[2020-11-04T21:44:03.907+0300][157,837s][info][gc] GC(1116) Concurrent strong roots 0,155ms
[2020-11-04T21:44:03.910+0300][157,840s][info][gc] GC(1116) Concurrent evacuation 3,195ms
[2020-11-04T21:44:03.910+0300][157,840s][info][gc] GC(1116) Pause Init Update Refs 0,012ms
[2020-11-04T21:44:03.942+0300][157,871s][info][gc] GC(1116) Concurrent update references 31,232ms
[2020-11-04T21:44:03.942+0300][157,872s][info][gc] GC(1116) Pause Final Update Refs 0,143ms
[2020-11-04T21:44:03.942+0300][157,872s][info][gc] GC(1116) Concurrent cleanup 428M->218M(512M) 0,117ms
[2020-11-04T21:44:03.973+0300][157,903s][info][gc] Trigger: Average GC time (144,16 ms) is above the time for allocation rate (1142 MB/s) to deplete free headroom (161M)
[2020-11-04T21:44:03.974+0300][157,903s][info][gc] GC(1117) Concurrent reset 0,588ms
[2020-11-04T21:44:03.974+0300][157,904s][info][gc] GC(1117) Pause Init Mark (unload classes) 0,117ms
[2020-11-04T21:44:04.068+0300][157,997s][info][gc] GC(1117) Concurrent marking (unload classes) 93,437ms
[2020-11-04T21:44:04.068+0300][157,998s][info][gc] GC(1117) Pause Final Mark (unload classes) 0,367ms
[2020-11-04T21:44:04.068+0300][157,998s][info][gc] GC(1117) Concurrent weak roots 0,349ms
[2020-11-04T21:44:04.069+0300][157,998s][info][gc] GC(1117) Concurrent cleanup 323M->323M(512M) 0,035ms
[2020-11-04T21:44:04.070+0300][158,000s][info][gc] GC(1117) Concurrent class unloading 1,321ms
[2020-11-04T21:44:04.070+0300][158,000s][info][gc] GC(1117) Concurrent strong roots 0,147ms
[2020-11-04T21:44:04.074+0300][158,003s][info][gc] GC(1117) Concurrent evacuation 3,485ms
[2020-11-04T21:44:04.074+0300][158,004s][info][gc] GC(1117) Pause Init Update Refs 0,022ms
[2020-11-04T21:44:04.106+0300][158,036s][info][gc] GC(1117) Concurrent update references 32,016ms
[2020-11-04T21:44:04.106+0300][158,036s][info][gc] GC(1117) Pause Final Update Refs 0,135ms
[2020-11-04T21:44:04.107+0300][158,036s][info][gc] GC(1117) Concurrent cleanup 376M->234M(512M) 0,098ms
[2020-11-04T21:44:04.142+0300][158,071s][info][gc] Trigger: Average GC time (138,29 ms) is above the time for allocation rate (973 MB/s) to deplete free headroom (134M)
[2020-11-04T21:44:04.142+0300][158,072s][info][gc] GC(1118) Concurrent reset 0,546ms
[2020-11-04T21:44:04.143+0300][158,072s][info][gc] GC(1118) Pause Init Mark (unload classes) 0,114ms
[2020-11-04T21:44:04.201+0300][158,131s][info][gc] GC(1118) Concurrent marking (unload classes) 58,484ms
[2020-11-04T21:44:04.202+0300][158,132s][info][gc] GC(1118) Pause Final Mark (unload classes) 0,771ms
[2020-11-04T21:44:04.203+0300][158,133s][info][gc] GC(1118) Concurrent weak roots 0,380ms
[2020-11-04T21:44:04.203+0300][158,133s][info][gc] GC(1118) Concurrent cleanup 346M->347M(512M) 0,035ms
[2020-11-04T21:44:04.204+0300][158,133s][info][gc] GC(1118) Concurrent class unloading 0,869ms
[2020-11-04T21:44:04.204+0300][158,134s][info][gc] GC(1118) Concurrent strong roots 0,135ms
[2020-11-04T21:44:04.208+0300][158,138s][info][gc] GC(1118) Concurrent evacuation 4,044ms
[2020-11-04T21:44:04.208+0300][158,138s][info][gc] GC(1118) Pause Init Update Refs 0,013ms
[2020-11-04T21:44:04.239+0300][158,169s][info][gc] GC(1118) Concurrent update references 30,508ms
[2020-11-04T21:44:04.239+0300][158,169s][info][gc] GC(1118) Pause Final Update Refs 0,327ms
[2020-11-04T21:44:04.239+0300][158,169s][info][gc] GC(1118) Concurrent cleanup 421M->256M(512M) 0,113ms
[2020-11-04T21:44:04.259+0300][158,188s][info][gc] Trigger: Average GC time (129,92 ms) is above the time for allocation rate (1204 MB/s) to deplete free headroom (152M)
[2020-11-04T21:44:04.259+0300][158,189s][info][gc] GC(1119) Concurrent reset 0,660ms
[2020-11-04T21:44:04.260+0300][158,190s][info][gc] GC(1119) Pause Init Mark (unload classes) 0,197ms
[2020-11-04T21:44:04.353+0300][158,283s][info][gc] GC(1119) Concurrent marking (unload classes) 92,828ms
[2020-11-04T21:44:04.353+0300][158,283s][info][gc] GC(1119) Pause Final Mark (unload classes) 0,557ms
[2020-11-04T21:44:04.354+0300][158,284s][info][gc] GC(1119) Concurrent weak roots 0,509ms
[2020-11-04T21:44:04.354+0300][158,284s][info][gc] GC(1119) Concurrent cleanup 331M->331M(512M) 0,035ms
[2020-11-04T21:44:04.355+0300][158,285s][info][gc] GC(1119) Concurrent class unloading 1,269ms
[2020-11-04T21:44:04.356+0300][158,285s][info][gc] GC(1119) Concurrent strong roots 0,139ms
[2020-11-04T21:44:04.359+0300][158,289s][info][gc] GC(1119) Concurrent evacuation 3,475ms
[2020-11-04T21:44:04.359+0300][158,289s][info][gc] GC(1119) Pause Init Update Refs 0,024ms
[2020-11-04T21:44:04.401+0300][158,331s][info][gc] GC(1119) Concurrent update references 41,802ms
[2020-11-04T21:44:04.402+0300][158,332s][info][gc] GC(1119) Pause Final Update Refs 0,298ms
[2020-11-04T21:44:04.402+0300][158,332s][info][gc] GC(1119) Concurrent cleanup 428M->287M(512M) 0,105ms
[2020-11-04T21:44:04.419+0300][158,349s][info][gc] Trigger: Average GC time (130,07 ms) is above the time for allocation rate (1008 MB/s) to deplete free headroom (128M)
[2020-11-04T21:44:04.420+0300][158,350s][info][gc] GC(1120) Concurrent reset 0,642ms
[2020-11-04T21:44:04.420+0300][158,350s][info][gc] GC(1120) Pause Init Mark (process weakrefs) (unload classes) 0,110ms
[2020-11-04T21:44:04.490+0300][158,419s][info][gc] GC(1120) Concurrent marking (process weakrefs) (unload classes) 69,212ms
[2020-11-04T21:44:04.490+0300][158,420s][info][gc] GC(1120) Concurrent precleaning 0,187ms
[2020-11-04T21:44:04.491+0300][158,420s][info][gc] GC(1120) Pause Final Mark (process weakrefs) (unload classes) 0,703ms
[2020-11-04T21:44:04.491+0300][158,421s][info][gc] GC(1120) Concurrent weak roots 0,505ms
[2020-11-04T21:44:04.491+0300][158,421s][info][gc] GC(1120) Concurrent cleanup 352M->352M(512M) 0,036ms
[2020-11-04T21:44:04.492+0300][158,422s][info][gc] GC(1120) Concurrent class unloading 0,905ms
[2020-11-04T21:44:04.492+0300][158,422s][info][gc] GC(1120) Concurrent strong roots 0,061ms
[2020-11-04T21:44:04.497+0300][158,427s][info][gc] GC(1120) Concurrent evacuation 4,607ms
[2020-11-04T21:44:04.497+0300][158,427s][info][gc] GC(1120) Pause Init Update Refs 0,016ms
[2020-11-04T21:44:04.530+0300][158,460s][info][gc] GC(1120) Concurrent update references 33,012ms
[2020-11-04T21:44:04.531+0300][158,461s][info][gc] GC(1120) Pause Final Update Refs 0,321ms
[2020-11-04T21:44:04.531+0300][158,461s][info][gc] GC(1120) Concurrent cleanup 427M->265M(512M) 0,096ms
[2020-11-04T21:44:04.556+0300][158,485s][info][gc] Trigger: Average GC time (115,92 ms) is above the time for allocation rate (1133 MB/s) to deplete free headroom (130M)
[2020-11-04T21:44:04.556+0300][158,486s][info][gc] GC(1121) Concurrent reset 0,611ms
[2020-11-04T21:44:04.557+0300][158,486s][info][gc] GC(1121) Pause Init Mark (unload classes) 0,147ms
[2020-11-04T21:44:04.648+0300][158,577s][info][gc] GC(1121) Concurrent marking (unload classes) 90,805ms
[2020-11-04T21:44:04.649+0300][158,578s][info][gc] GC(1121) Pause Final Mark (unload classes) 0,688ms
[2020-11-04T21:44:04.649+0300][158,579s][info][gc] GC(1121) Concurrent weak roots 0,532ms
[2020-11-04T21:44:04.649+0300][158,579s][info][gc] GC(1121) Concurrent cleanup 352M->352M(512M) 0,058ms
[2020-11-04T21:44:04.650+0300][158,580s][info][gc] GC(1121) Concurrent class unloading 1,019ms
[2020-11-04T21:44:04.650+0300][158,580s][info][gc] GC(1121) Concurrent strong roots 0,065ms
[2020-11-04T21:44:04.655+0300][158,585s][info][gc] GC(1121) Concurrent evacuation 4,841ms
[2020-11-04T21:44:04.656+0300][158,586s][info][gc] GC(1121) Pause Init Update Refs 0,022ms
[2020-11-04T21:44:04.689+0300][158,618s][info][gc] GC(1121) Concurrent update references 32,845ms
[2020-11-04T21:44:04.689+0300][158,619s][info][gc] GC(1121) Pause Final Update Refs 0,356ms
[2020-11-04T21:44:04.689+0300][158,619s][info][gc] GC(1121) Concurrent cleanup 432M->277M(512M) 0,111ms
[2020-11-04T21:44:04.712+0300][158,642s][info][gc] Trigger: Average GC time (124,18 ms) is above the time for allocation rate (1006 MB/s) to deplete free headroom (123M)
[2020-11-04T21:44:04.712+0300][158,642s][info][gc] GC(1122) Concurrent reset 0,599ms
[2020-11-04T21:44:04.713+0300][158,643s][info][gc] GC(1122) Pause Init Mark (unload classes) 0,250ms
[2020-11-04T21:44:04.791+0300][158,720s][info][gc] GC(1122) Concurrent marking (unload classes) 77,541ms
[2020-11-04T21:44:04.792+0300][158,721s][info][gc] GC(1122) Pause Final Mark (unload classes) 0,660ms
[2020-11-04T21:44:04.792+0300][158,722s][info][gc] GC(1122) Concurrent weak roots 0,500ms
[2020-11-04T21:44:04.792+0300][158,722s][info][gc] GC(1122) Concurrent cleanup 356M->356M(512M) 0,036ms
[2020-11-04T21:44:04.793+0300][158,723s][info][gc] GC(1122) Concurrent class unloading 0,929ms
[2020-11-04T21:44:04.793+0300][158,723s][info][gc] GC(1122) Concurrent strong roots 0,061ms
[2020-11-04T21:44:04.799+0300][158,728s][info][gc] GC(1122) Concurrent evacuation 5,214ms
[2020-11-04T21:44:04.799+0300][158,729s][info][gc] GC(1122) Pause Init Update Refs 0,016ms
[2020-11-04T21:44:04.832+0300][158,762s][info][gc] GC(1122) Concurrent update references 33,261ms
[2020-11-04T21:44:04.833+0300][158,763s][info][gc] GC(1122) Pause Final Update Refs 0,397ms
[2020-11-04T21:44:04.833+0300][158,763s][info][gc] GC(1122) Concurrent cleanup 440M->282M(512M) 0,115ms
[2020-11-04T21:44:04.852+0300][158,782s][info][gc] Trigger: Average GC time (121,73 ms) is above the time for allocation rate (1061 MB/s) to deplete free headroom (127M)
[2020-11-04T21:44:04.853+0300][158,783s][info][gc] GC(1123) Concurrent reset 0,634ms
[2020-11-04T21:44:04.854+0300][158,783s][info][gc] GC(1123) Pause Init Mark (unload classes) 0,349ms
[2020-11-04T21:44:04.917+0300][158,847s][info][gc] GC(1123) Concurrent marking (unload classes) 63,787ms
[2020-11-04T21:44:04.918+0300][158,848s][info][gc] GC(1123) Pause Final Mark (unload classes) 0,504ms
[2020-11-04T21:44:04.919+0300][158,849s][info][gc] GC(1123) Concurrent weak roots 0,489ms
[2020-11-04T21:44:04.919+0300][158,849s][info][gc] GC(1123) Concurrent cleanup 353M->353M(512M) 0,034ms
[2020-11-04T21:44:04.920+0300][158,850s][info][gc] GC(1123) Concurrent class unloading 0,974ms
[2020-11-04T21:44:04.920+0300][158,850s][info][gc] GC(1123) Concurrent strong roots 0,060ms
[2020-11-04T21:44:04.925+0300][158,855s][info][gc] GC(1123) Concurrent evacuation 4,839ms
[2020-11-04T21:44:04.925+0300][158,855s][info][gc] GC(1123) Pause Init Update Refs 0,010ms
[2020-11-04T21:44:04.960+0300][158,890s][info][gc] GC(1123) Concurrent update references 34,869ms
[2020-11-04T21:44:04.961+0300][158,890s][info][gc] GC(1123) Pause Final Update Refs 0,149ms
[2020-11-04T21:44:04.961+0300][158,891s][info][gc] GC(1123) Concurrent cleanup 434M->284M(512M) 0,098ms
[2020-11-04T21:44:04.977+0300][158,907s][info][gc] Trigger: Average GC time (123,87 ms) is above the time for allocation rate (1111 MB/s) to deplete free headroom (133M)
[2020-11-04T21:44:04.977+0300][158,907s][info][gc] GC(1124) Concurrent reset 0,596ms
[2020-11-04T21:44:04.978+0300][158,908s][info][gc] GC(1124) Pause Init Mark (unload classes) 0,181ms
[2020-11-04T21:44:05.064+0300][158,994s][info][gc] GC(1124) Concurrent marking (unload classes) 86,160ms
[2020-11-04T21:44:05.065+0300][158,995s][info][gc] GC(1124) Pause Final Mark (unload classes) 0,561ms
[2020-11-04T21:44:05.065+0300][158,995s][info][gc] GC(1124) Concurrent weak roots 0,370ms
[2020-11-04T21:44:05.065+0300][158,995s][info][gc] GC(1124) Concurrent cleanup 348M->348M(512M) 0,034ms
[2020-11-04T21:44:05.066+0300][158,996s][info][gc] GC(1124) Concurrent class unloading 0,821ms
[2020-11-04T21:44:05.066+0300][158,996s][info][gc] GC(1124) Concurrent strong roots 0,157ms
[2020-11-04T21:44:05.070+0300][159,000s][info][gc] GC(1124) Concurrent evacuation 3,289ms
[2020-11-04T21:44:05.070+0300][159,000s][info][gc] GC(1124) Pause Init Update Refs 0,020ms
[2020-11-04T21:44:05.106+0300][159,036s][info][gc] GC(1124) Concurrent update references 35,616ms
[2020-11-04T21:44:05.106+0300][159,036s][info][gc] GC(1124) Pause Final Update Refs 0,184ms
[2020-11-04T21:44:05.107+0300][159,036s][info][gc] GC(1124) Concurrent cleanup 430M->292M(512M) 0,099ms
[2020-11-04T21:44:05.125+0300][159,054s][info][gc] Trigger: Average GC time (121,11 ms) is above the time for allocation rate (1000 MB/s) to deplete free headroom (119M)
[2020-11-04T21:44:05.125+0300][159,055s][info][gc] GC(1125) Concurrent reset 0,581ms
[2020-11-04T21:44:05.126+0300][159,055s][info][gc] GC(1125) Pause Init Mark (process weakrefs) (unload classes) 0,125ms
[2020-11-04T21:44:05.204+0300][159,134s][info][gc] GC(1125) Concurrent marking (process weakrefs) (unload classes) 78,289ms
[2020-11-04T21:44:05.204+0300][159,134s][info][gc] GC(1125) Concurrent precleaning 0,163ms
[2020-11-04T21:44:05.205+0300][159,135s][info][gc] GC(1125) Pause Final Mark (process weakrefs) (unload classes) 0,406ms
[2020-11-04T21:44:05.206+0300][159,135s][info][gc] GC(1125) Concurrent weak roots 0,619ms
[2020-11-04T21:44:05.206+0300][159,135s][info][gc] GC(1125) Concurrent cleanup 361M->361M(512M) 0,035ms
[2020-11-04T21:44:05.207+0300][159,136s][info][gc] GC(1125) Concurrent class unloading 0,926ms
[2020-11-04T21:44:05.207+0300][159,136s][info][gc] GC(1125) Concurrent strong roots 0,059ms
[2020-11-04T21:44:05.212+0300][159,142s][info][gc] GC(1125) Concurrent evacuation 5,759ms
[2020-11-04T21:44:05.213+0300][159,143s][info][gc] GC(1125) Pause Init Update Refs 0,027ms
[2020-11-04T21:44:05.250+0300][159,180s][info][gc] GC(1125) Concurrent update references 37,500ms
[2020-11-04T21:44:05.251+0300][159,181s][info][gc] GC(1125) Pause Final Update Refs 0,152ms
[2020-11-04T21:44:05.251+0300][159,181s][info][gc] GC(1125) Concurrent cleanup 447M->299M(512M) 0,097ms
[2020-11-04T21:44:05.266+0300][159,196s][info][gc] Trigger: Average GC time (123,97 ms) is above the time for allocation rate (1004 MB/s) to deplete free headroom (121M)
[2020-11-04T21:44:05.267+0300][159,196s][info][gc] GC(1126) Concurrent reset 0,638ms
[2020-11-04T21:44:05.267+0300][159,197s][info][gc] GC(1126) Pause Init Mark (unload classes) 0,121ms
[2020-11-04T21:44:05.355+0300][159,284s][info][gc] GC(1126) Concurrent marking (unload classes) 87,550ms
[2020-11-04T21:44:05.355+0300][159,285s][info][gc] GC(1126) Pause Final Mark (unload classes) 0,555ms
[2020-11-04T21:44:05.356+0300][159,286s][info][gc] GC(1126) Concurrent weak roots 0,405ms
[2020-11-04T21:44:05.356+0300][159,286s][info][gc] GC(1126) Concurrent cleanup 359M->359M(512M) 0,036ms
[2020-11-04T21:44:05.357+0300][159,287s][info][gc] GC(1126) Concurrent class unloading 1,036ms
[2020-11-04T21:44:05.357+0300][159,287s][info][gc] GC(1126) Concurrent strong roots 0,120ms
[2020-11-04T21:44:05.362+0300][159,292s][info][gc] GC(1126) Concurrent evacuation 4,725ms
[2020-11-04T21:44:05.362+0300][159,292s][info][gc] GC(1126) Pause Init Update Refs 0,020ms
[2020-11-04T21:44:05.416+0300][159,346s][info][gc] GC(1126) Concurrent update references 53,812ms
[2020-11-04T21:44:05.417+0300][159,346s][info][gc] GC(1126) Pause Final Update Refs 0,158ms
[2020-11-04T21:44:05.417+0300][159,347s][info][gc] GC(1126) Concurrent cleanup 477M->335M(512M) 0,080ms
[2020-11-04T21:44:05.421+0300][159,351s][info][gc] Trigger: Average GC time (127,38 ms) is above the time for allocation rate (926 MB/s) to deplete free headroom (115M)
[2020-11-04T21:44:05.422+0300][159,351s][info][gc] GC(1127) Concurrent reset 0,525ms
[2020-11-04T21:44:05.422+0300][159,352s][info][gc] GC(1127) Pause Init Mark (unload classes) 0,098ms
[2020-11-04T21:44:05.517+0300][159,447s][info][gc] GC(1127) Concurrent marking (unload classes) 94,653ms
[2020-11-04T21:44:05.517+0300][159,447s][info][gc] GC(1127) Pause Final Mark (unload classes) 0,452ms
[2020-11-04T21:44:05.518+0300][159,448s][info][gc] GC(1127) Concurrent weak roots 0,469ms
[2020-11-04T21:44:05.518+0300][159,448s][info][gc] GC(1127) Concurrent cleanup 364M->364M(512M) 0,036ms
[2020-11-04T21:44:05.519+0300][159,449s][info][gc] GC(1127) Concurrent class unloading 0,859ms
[2020-11-04T21:44:05.519+0300][159,449s][info][gc] GC(1127) Concurrent strong roots 0,131ms
[2020-11-04T21:44:05.523+0300][159,453s][info][gc] GC(1127) Concurrent evacuation 3,899ms
[2020-11-04T21:44:05.523+0300][159,453s][info][gc] GC(1127) Pause Init Update Refs 0,014ms
[2020-11-04T21:44:05.562+0300][159,492s][info][gc] GC(1127) Concurrent update references 38,531ms
[2020-11-04T21:44:05.562+0300][159,492s][info][gc] GC(1127) Pause Final Update Refs 0,148ms
[2020-11-04T21:44:05.563+0300][159,492s][info][gc] GC(1127) Concurrent cleanup 449M->305M(512M) 0,115ms
[2020-11-04T21:44:05.577+0300][159,507s][info][gc] Trigger: Average GC time (131,41 ms) is above the time for allocation rate (891 MB/s) to deplete free headroom (115M)
[2020-11-04T21:44:05.578+0300][159,508s][info][gc] GC(1128) Concurrent reset 0,618ms
[2020-11-04T21:44:05.578+0300][159,508s][info][gc] GC(1128) Pause Init Mark (unload classes) 0,099ms
[2020-11-04T21:44:05.666+0300][159,596s][info][gc] GC(1128) Concurrent marking (unload classes) 87,152ms
[2020-11-04T21:44:05.666+0300][159,596s][info][gc] GC(1128) Pause Final Mark (unload classes) 0,377ms
[2020-11-04T21:44:05.667+0300][159,597s][info][gc] GC(1128) Concurrent weak roots 0,338ms
[2020-11-04T21:44:05.667+0300][159,597s][info][gc] GC(1128) Concurrent cleanup 364M->364M(512M) 0,026ms
[2020-11-04T21:44:05.668+0300][159,598s][info][gc] GC(1128) Concurrent class unloading 1,323ms
[2020-11-04T21:44:05.668+0300][159,598s][info][gc] GC(1128) Concurrent strong roots 0,084ms
[2020-11-04T21:44:05.672+0300][159,602s][info][gc] GC(1128) Concurrent evacuation 3,931ms
[2020-11-04T21:44:05.673+0300][159,602s][info][gc] GC(1128) Pause Init Update Refs 0,013ms
[2020-11-04T21:44:05.724+0300][159,654s][info][gc] GC(1128) Concurrent update references 51,199ms
[2020-11-04T21:44:05.724+0300][159,654s][info][gc] GC(1128) Pause Final Update Refs 0,129ms
[2020-11-04T21:44:05.724+0300][159,654s][info][gc] GC(1128) Concurrent cleanup 477M->338M(512M) 0,079ms
[2020-11-04T21:44:05.725+0300][159,655s][info][gc] Trigger: Average GC time (139,06 ms) is above the time for allocation rate (889 MB/s) to deplete free headroom (119M)
[2020-11-04T21:44:05.726+0300][159,656s][info][gc] GC(1129) Concurrent reset 0,330ms
[2020-11-04T21:44:05.726+0300][159,656s][info][gc] GC(1129) Pause Init Mark (unload classes) 0,213ms
[2020-11-04T21:44:05.840+0300][159,770s][info][gc] GC(1129) Concurrent marking (unload classes) 113,709ms
[2020-11-04T21:44:05.841+0300][159,770s][info][gc] GC(1129) Pause Final Mark (unload classes) 0,404ms
[2020-11-04T21:44:05.841+0300][159,771s][info][gc] GC(1129) Concurrent weak roots 0,401ms
[2020-11-04T21:44:05.841+0300][159,771s][info][gc] GC(1129) Concurrent cleanup 360M->360M(512M) 0,038ms
[2020-11-04T21:44:05.842+0300][159,772s][info][gc] GC(1129) Concurrent class unloading 0,966ms
[2020-11-04T21:44:05.842+0300][159,772s][info][gc] GC(1129) Concurrent strong roots 0,076ms
[2020-11-04T21:44:05.846+0300][159,775s][info][gc] GC(1129) Concurrent evacuation 3,215ms
[2020-11-04T21:44:05.846+0300][159,776s][info][gc] GC(1129) Pause Init Update Refs 0,020ms
[2020-11-04T21:44:05.887+0300][159,817s][info][gc] GC(1129) Concurrent update references 41,124ms
[2020-11-04T21:44:05.888+0300][159,817s][info][gc] GC(1129) Pause Final Update Refs 0,234ms
[2020-11-04T21:44:05.888+0300][159,818s][info][gc] GC(1129) Concurrent cleanup 446M->315M(512M) 0,087ms
[2020-11-04T21:44:05.901+0300][159,830s][info][gc] Trigger: Average GC time (145,60 ms) is above the time for allocation rate (772 MB/s) to deplete free headroom (111M)
[2020-11-04T21:44:05.901+0300][159,831s][info][gc] GC(1130) Concurrent reset 0,655ms
[2020-11-04T21:44:05.902+0300][159,832s][info][gc] GC(1130) Pause Init Mark (process weakrefs) (unload classes) 0,129ms
[2020-11-04T21:44:05.987+0300][159,917s][info][gc] GC(1130) Concurrent marking (process weakrefs) (unload classes) 85,075ms
[2020-11-04T21:44:05.987+0300][159,917s][info][gc] GC(1130) Concurrent precleaning 0,181ms
[2020-11-04T21:44:05.988+0300][159,918s][info][gc] GC(1130) Pause Final Mark (process weakrefs) (unload classes) 0,837ms
[2020-11-04T21:44:05.989+0300][159,919s][info][gc] GC(1130) Concurrent weak roots 0,423ms
[2020-11-04T21:44:05.989+0300][159,919s][info][gc] GC(1130) Concurrent cleanup 368M->368M(512M) 0,035ms
[2020-11-04T21:44:05.990+0300][159,920s][info][gc] GC(1130) Concurrent class unloading 1,058ms
[2020-11-04T21:44:05.990+0300][159,920s][info][gc] GC(1130) Concurrent strong roots 0,116ms
[2020-11-04T21:44:05.994+0300][159,924s][info][gc] GC(1130) Concurrent evacuation 3,746ms
[2020-11-04T21:44:05.994+0300][159,924s][info][gc] GC(1130) Pause Init Update Refs 0,021ms
[2020-11-04T21:44:06.037+0300][159,967s][info][gc] GC(1130) Concurrent update references 42,806ms
[2020-11-04T21:44:06.037+0300][159,967s][info][gc] GC(1130) Pause Final Update Refs 0,140ms
[2020-11-04T21:44:06.038+0300][159,967s][info][gc] GC(1130) Concurrent cleanup 446M->309M(512M) 0,097ms
[2020-11-04T21:44:06.049+0300][159,979s][info][gc] Trigger: Average GC time (147,74 ms) is above the time for allocation rate (832 MB/s) to deplete free headroom (119M)
[2020-11-04T21:44:06.050+0300][159,980s][info][gc] GC(1131) Concurrent reset 0,635ms
[2020-11-04T21:44:06.050+0300][159,980s][info][gc] GC(1131) Pause Init Mark (unload classes) 0,188ms
[2020-11-04T21:44:06.141+0300][160,071s][info][gc] GC(1131) Concurrent marking (unload classes) 90,632ms
[2020-11-04T21:44:06.142+0300][160,072s][info][gc] GC(1131) Pause Final Mark (unload classes) 0,770ms
[2020-11-04T21:44:06.143+0300][160,073s][info][gc] GC(1131) Concurrent weak roots 0,499ms
[2020-11-04T21:44:06.143+0300][160,073s][info][gc] GC(1131) Concurrent cleanup 360M->360M(512M) 0,035ms
[2020-11-04T21:44:06.144+0300][160,074s][info][gc] GC(1131) Concurrent class unloading 1,130ms
[2020-11-04T21:44:06.144+0300][160,074s][info][gc] GC(1131) Concurrent strong roots 0,158ms
[2020-11-04T21:44:06.147+0300][160,077s][info][gc] GC(1131) Concurrent evacuation 3,087ms
[2020-11-04T21:44:06.148+0300][160,078s][info][gc] GC(1131) Pause Init Update Refs 0,022ms
[2020-11-04T21:44:06.200+0300][160,130s][info][gc] GC(1131) Concurrent update references 52,353ms
[2020-11-04T21:44:06.201+0300][160,131s][info][gc] GC(1131) Pause Final Update Refs 0,296ms
[2020-11-04T21:44:06.201+0300][160,131s][info][gc] GC(1131) Concurrent cleanup 475M->351M(512M) 0,100ms
[2020-11-04T21:44:06.202+0300][160,132s][info][gc] Trigger: Average GC time (147,88 ms) is above the time for allocation rate (877 MB/s) to deplete free headroom (105M)
[2020-11-04T21:44:06.203+0300][160,132s][info][gc] GC(1132) Concurrent reset 0,438ms
[2020-11-04T21:44:06.203+0300][160,133s][info][gc] GC(1132) Pause Init Mark (unload classes) 0,140ms
[2020-11-04T21:44:06.289+0300][160,219s][info][gc] GC(1132) Concurrent marking (unload classes) 86,224ms
[2020-11-04T21:44:06.290+0300][160,220s][info][gc] GC(1132) Pause Final Mark (unload classes) 0,473ms
[2020-11-04T21:44:06.291+0300][160,220s][info][gc] GC(1132) Concurrent weak roots 0,453ms
[2020-11-04T21:44:06.291+0300][160,220s][info][gc] GC(1132) Concurrent cleanup 372M->372M(512M) 0,035ms
[2020-11-04T21:44:06.292+0300][160,222s][info][gc] GC(1132) Concurrent class unloading 1,205ms
[2020-11-04T21:44:06.292+0300][160,222s][info][gc] GC(1132) Concurrent strong roots 0,102ms
[2020-11-04T21:44:06.296+0300][160,225s][info][gc] GC(1132) Concurrent evacuation 3,552ms
[2020-11-04T21:44:06.296+0300][160,226s][info][gc] GC(1132) Pause Init Update Refs 0,011ms
[2020-11-04T21:44:06.341+0300][160,270s][info][gc] GC(1132) Concurrent update references 44,553ms
[2020-11-04T21:44:06.341+0300][160,271s][info][gc] GC(1132) Pause Final Update Refs 0,165ms
[2020-11-04T21:44:06.341+0300][160,271s][info][gc] GC(1132) Concurrent cleanup 458M->324M(512M) 0,119ms
[2020-11-04T21:44:06.349+0300][160,279s][info][gc] Trigger: Average GC time (147,41 ms) is above the time for allocation rate (810 MB/s) to deplete free headroom (116M)
[2020-11-04T21:44:06.349+0300][160,279s][info][gc] GC(1133) Concurrent reset 0,639ms
[2020-11-04T21:44:06.350+0300][160,280s][info][gc] GC(1133) Pause Init Mark (unload classes) 0,097ms
[2020-11-04T21:44:06.428+0300][160,358s][info][gc] GC(1133) Concurrent marking (unload classes) 77,932ms
[2020-11-04T21:44:06.429+0300][160,358s][info][gc] GC(1133) Pause Final Mark (unload classes) 0,465ms
[2020-11-04T21:44:06.429+0300][160,359s][info][gc] GC(1133) Concurrent weak roots 0,458ms
[2020-11-04T21:44:06.429+0300][160,359s][info][gc] GC(1133) Concurrent cleanup 362M->362M(512M) 0,036ms
[2020-11-04T21:44:06.430+0300][160,360s][info][gc] GC(1133) Concurrent class unloading 0,902ms
[2020-11-04T21:44:06.430+0300][160,360s][info][gc] GC(1133) Concurrent strong roots 0,063ms
[2020-11-04T21:44:06.433+0300][160,363s][info][gc] GC(1133) Concurrent evacuation 2,865ms
[2020-11-04T21:44:06.433+0300][160,363s][info][gc] GC(1133) Pause Init Update Refs 0,014ms
[2020-11-04T21:44:06.476+0300][160,406s][info][gc] GC(1133) Concurrent update references 42,322ms
[2020-11-04T21:44:06.476+0300][160,406s][info][gc] GC(1133) Pause Final Update Refs 0,140ms
[2020-11-04T21:44:06.476+0300][160,406s][info][gc] GC(1133) Concurrent cleanup 454M->334M(512M) 0,087ms
[2020-11-04T21:44:06.479+0300][160,408s][info][gc] Trigger: Average GC time (143,59 ms) is above the time for allocation rate (861 MB/s) to deplete free headroom (120M)
[2020-11-04T21:44:06.479+0300][160,409s][info][gc] GC(1134) Concurrent reset 0,466ms
[2020-11-04T21:44:06.480+0300][160,409s][info][gc] GC(1134) Pause Init Mark (unload classes) 0,115ms
[2020-11-04T21:44:06.567+0300][160,497s][info][gc] GC(1134) Concurrent marking (unload classes) 87,797ms
[2020-11-04T21:44:06.568+0300][160,498s][info][gc] GC(1134) Pause Final Mark (unload classes) 0,458ms
[2020-11-04T21:44:06.569+0300][160,498s][info][gc] GC(1134) Concurrent weak roots 0,407ms
[2020-11-04T21:44:06.569+0300][160,498s][info][gc] GC(1134) Concurrent cleanup 359M->360M(512M) 0,040ms
[2020-11-04T21:44:06.569+0300][160,499s][info][gc] GC(1134) Concurrent class unloading 0,798ms
[2020-11-04T21:44:06.570+0300][160,499s][info][gc] GC(1134) Concurrent strong roots 0,060ms
[2020-11-04T21:44:06.572+0300][160,502s][info][gc] GC(1134) Concurrent evacuation 2,745ms
[2020-11-04T21:44:06.573+0300][160,502s][info][gc] GC(1134) Pause Init Update Refs 0,024ms
[2020-11-04T21:44:06.616+0300][160,546s][info][gc] GC(1134) Concurrent update references 43,342ms
[2020-11-04T21:44:06.616+0300][160,546s][info][gc] GC(1134) Pause Final Update Refs 0,139ms
[2020-11-04T21:44:06.617+0300][160,546s][info][gc] GC(1134) Concurrent cleanup 456M->343M(512M) 0,074ms
[2020-11-04T21:44:06.618+0300][160,547s][info][gc] Trigger: Average GC time (138,68 ms) is above the time for allocation rate (826 MB/s) to deplete free headroom (113M)
[2020-11-04T21:44:06.618+0300][160,548s][info][gc] GC(1135) Concurrent reset 0,403ms
[2020-11-04T21:44:06.618+0300][160,548s][info][gc] GC(1135) Pause Init Mark (process weakrefs) (unload classes) 0,094ms
[2020-11-04T21:44:06.712+0300][160,642s][info][gc] GC(1135) Concurrent marking (process weakrefs) (unload classes) 93,675ms
[2020-11-04T21:44:06.712+0300][160,642s][info][gc] GC(1135) Concurrent precleaning 0,240ms
[2020-11-04T21:44:06.713+0300][160,643s][info][gc] GC(1135) Pause Final Mark (process weakrefs) (unload classes) 0,730ms
[2020-11-04T21:44:06.714+0300][160,644s][info][gc] GC(1135) Concurrent weak roots 0,348ms
[2020-11-04T21:44:06.714+0300][160,644s][info][gc] GC(1135) Concurrent cleanup 365M->365M(512M) 0,022ms
[2020-11-04T21:44:06.715+0300][160,644s][info][gc] GC(1135) Concurrent class unloading 0,746ms
[2020-11-04T21:44:06.715+0300][160,645s][info][gc] GC(1135) Concurrent strong roots 0,099ms
[2020-11-04T21:44:06.718+0300][160,647s][info][gc] GC(1135) Concurrent evacuation 2,841ms
[2020-11-04T21:44:06.718+0300][160,648s][info][gc] GC(1135) Pause Init Update Refs 0,014ms
[2020-11-04T21:44:06.761+0300][160,691s][info][gc] GC(1135) Concurrent update references 42,990ms
[2020-11-04T21:44:06.761+0300][160,691s][info][gc] GC(1135) Pause Final Update Refs 0,285ms
[2020-11-04T21:44:06.762+0300][160,691s][info][gc] GC(1135) Concurrent cleanup 463M->348M(512M) 0,074ms
[2020-11-04T21:44:06.763+0300][160,693s][info][gc] Trigger: Average GC time (140,05 ms) is above the time for allocation rate (798 MB/s) to deplete free headroom (109M)
[2020-11-04T21:44:06.763+0300][160,693s][info][gc] GC(1136) Concurrent reset 0,441ms
[2020-11-04T21:44:06.763+0300][160,693s][info][gc] GC(1136) Pause Init Mark (unload classes) 0,123ms
[2020-11-04T21:44:06.846+0300][160,776s][info][gc] GC(1136) Concurrent marking (unload classes) 82,742ms
[2020-11-04T21:44:06.847+0300][160,777s][info][gc] GC(1136) Pause Final Mark (unload classes) 0,416ms
[2020-11-04T21:44:06.848+0300][160,777s][info][gc] GC(1136) Concurrent weak roots 0,497ms
[2020-11-04T21:44:06.848+0300][160,777s][info][gc] GC(1136) Concurrent cleanup 368M->368M(512M) 0,034ms
[2020-11-04T21:44:06.849+0300][160,778s][info][gc] GC(1136) Concurrent class unloading 1,024ms
[2020-11-04T21:44:06.849+0300][160,779s][info][gc] GC(1136) Concurrent strong roots 0,110ms
[2020-11-04T21:44:06.852+0300][160,782s][info][gc] GC(1136) Concurrent evacuation 2,937ms
[2020-11-04T21:44:06.852+0300][160,782s][info][gc] GC(1136) Pause Init Update Refs 0,010ms
[2020-11-04T21:44:06.896+0300][160,826s][info][gc] GC(1136) Concurrent update references 43,482ms
[2020-11-04T21:44:06.896+0300][160,826s][info][gc] GC(1136) Pause Final Update Refs 0,131ms
[2020-11-04T21:44:06.898+0300][160,827s][info][gc] GC(1136) Concurrent cleanup 468M->352M(512M) 0,089ms
[2020-11-04T21:44:06.899+0300][160,828s][info][gc] Trigger: Average GC time (136,69 ms) is above the time for allocation rate (863 MB/s) to deplete free headroom (105M)
[2020-11-04T21:44:06.899+0300][160,829s][info][gc] GC(1137) Concurrent reset 0,392ms
[2020-11-04T21:44:06.899+0300][160,829s][info][gc] GC(1137) Pause Init Mark (unload classes) 0,164ms
[2020-11-04T21:44:06.988+0300][160,918s][info][gc] GC(1137) Concurrent marking (unload classes) 88,476ms
[2020-11-04T21:44:06.989+0300][160,919s][info][gc] GC(1137) Pause Final Mark (unload classes) 0,847ms
[2020-11-04T21:44:06.990+0300][160,920s][info][gc] GC(1137) Concurrent weak roots 0,460ms
[2020-11-04T21:44:06.990+0300][160,920s][info][gc] GC(1137) Concurrent cleanup 373M->373M(512M) 0,037ms
[2020-11-04T21:44:06.991+0300][160,921s][info][gc] GC(1137) Concurrent class unloading 0,949ms
[2020-11-04T21:44:06.991+0300][160,921s][info][gc] GC(1137) Concurrent strong roots 0,060ms
[2020-11-04T21:44:06.994+0300][160,924s][info][gc] GC(1137) Concurrent evacuation 2,946ms
[2020-11-04T21:44:06.994+0300][160,924s][info][gc] GC(1137) Pause Init Update Refs 0,011ms
[2020-11-04T21:44:07.040+0300][160,970s][info][gc] GC(1137) Concurrent update references 45,852ms
[2020-11-04T21:44:07.041+0300][160,970s][info][gc] GC(1137) Pause Final Update Refs 0,265ms
[2020-11-04T21:44:07.041+0300][160,971s][info][gc] GC(1137) Concurrent cleanup 474M->357M(512M) 0,089ms
[2020-11-04T21:44:07.042+0300][160,972s][info][gc] Trigger: Average GC time (137,29 ms) is above the time for allocation rate (832 MB/s) to deplete free headroom (101658K)
[2020-11-04T21:44:07.042+0300][160,972s][info][gc] GC(1138) Concurrent reset 0,402ms
[2020-11-04T21:44:07.043+0300][160,973s][info][gc] GC(1138) Pause Init Mark (unload classes) 0,075ms
[2020-11-04T21:44:07.148+0300][161,077s][info][gc] GC(1138) Concurrent marking (unload classes) 104,712ms
[2020-11-04T21:44:07.149+0300][161,078s][info][gc] GC(1138) Pause Final Mark (unload classes) 0,654ms
[2020-11-04T21:44:07.149+0300][161,079s][info][gc] GC(1138) Concurrent weak roots 0,397ms
[2020-11-04T21:44:07.149+0300][161,079s][info][gc] GC(1138) Concurrent cleanup 378M->378M(512M) 0,034ms
[2020-11-04T21:44:07.150+0300][161,080s][info][gc] GC(1138) Concurrent class unloading 0,920ms
[2020-11-04T21:44:07.150+0300][161,080s][info][gc] GC(1138) Concurrent strong roots 0,063ms
[2020-11-04T21:44:07.153+0300][161,083s][info][gc] GC(1138) Concurrent evacuation 2,889ms
[2020-11-04T21:44:07.153+0300][161,083s][info][gc] GC(1138) Pause Init Update Refs 0,023ms
[2020-11-04T21:44:07.200+0300][161,130s][info][gc] GC(1138) Concurrent update references 46,977ms
[2020-11-04T21:44:07.201+0300][161,131s][info][gc] GC(1138) Pause Final Update Refs 0,147ms
[2020-11-04T21:44:07.201+0300][161,131s][info][gc] GC(1138) Concurrent cleanup 478M->359M(512M) 0,060ms
[2020-11-04T21:44:07.202+0300][161,132s][info][gc] Trigger: Average GC time (143,56 ms) is above the time for allocation rate (731 MB/s) to deplete free headroom (100378K)
[2020-11-04T21:44:07.203+0300][161,132s][info][gc] GC(1139) Concurrent reset 0,409ms
[2020-11-04T21:44:07.203+0300][161,133s][info][gc] GC(1139) Pause Init Mark (unload classes) 0,209ms
[2020-11-04T21:44:07.291+0300][161,221s][info][gc] GC(1139) Concurrent marking (unload classes) 88,433ms
[2020-11-04T21:44:07.292+0300][161,222s][info][gc] GC(1139) Pause Final Mark (unload classes) 0,605ms
[2020-11-04T21:44:07.293+0300][161,223s][info][gc] GC(1139) Concurrent weak roots 0,462ms
[2020-11-04T21:44:07.293+0300][161,223s][info][gc] GC(1139) Concurrent cleanup 379M->379M(512M) 0,034ms
[2020-11-04T21:44:07.294+0300][161,224s][info][gc] GC(1139) Concurrent class unloading 1,125ms
[2020-11-04T21:44:07.294+0300][161,224s][info][gc] GC(1139) Concurrent strong roots 0,119ms
[2020-11-04T21:44:07.297+0300][161,227s][info][gc] GC(1139) Concurrent evacuation 2,948ms
[2020-11-04T21:44:07.298+0300][161,227s][info][gc] GC(1139) Pause Init Update Refs 0,022ms
[2020-11-04T21:44:07.345+0300][161,274s][info][gc] GC(1139) Concurrent update references 46,929ms
[2020-11-04T21:44:07.345+0300][161,275s][info][gc] GC(1139) Pause Final Update Refs 0,139ms
[2020-11-04T21:44:07.345+0300][161,275s][info][gc] GC(1139) Concurrent cleanup 479M->362M(512M) 0,067ms
[2020-11-04T21:44:07.346+0300][161,276s][info][gc] Trigger: Average GC time (144,59 ms) is above the time for allocation rate (805 MB/s) to deplete free headroom (97562K)
[2020-11-04T21:44:07.347+0300][161,276s][info][gc] GC(1140) Concurrent reset 0,356ms
[2020-11-04T21:44:07.347+0300][161,277s][info][gc] GC(1140) Pause Init Mark (process weakrefs) (unload classes) 0,137ms
[2020-11-04T21:44:07.434+0300][161,364s][info][gc] GC(1140) Concurrent marking (process weakrefs) (unload classes) 87,222ms
[2020-11-04T21:44:07.435+0300][161,364s][info][gc] GC(1140) Concurrent precleaning 0,166ms
[2020-11-04T21:44:07.435+0300][161,365s][info][gc] GC(1140) Pause Final Mark (process weakrefs) (unload classes) 0,531ms
[2020-11-04T21:44:07.436+0300][161,366s][info][gc] GC(1140) Concurrent weak roots 0,469ms
[2020-11-04T21:44:07.436+0300][161,366s][info][gc] GC(1140) Concurrent cleanup 380M->380M(512M) 0,037ms
[2020-11-04T21:44:07.437+0300][161,367s][info][gc] GC(1140) Concurrent class unloading 0,945ms
[2020-11-04T21:44:07.437+0300][161,367s][info][gc] GC(1140) Concurrent strong roots 0,055ms
[2020-11-04T21:44:07.440+0300][161,370s][info][gc] GC(1140) Concurrent evacuation 2,919ms
[2020-11-04T21:44:07.440+0300][161,370s][info][gc] GC(1140) Pause Init Update Refs 0,023ms
[2020-11-04T21:44:07.487+0300][161,417s][info][gc] GC(1140) Concurrent update references 47,167ms
[2020-11-04T21:44:07.488+0300][161,418s][info][gc] GC(1140) Pause Final Update Refs 0,148ms
[2020-11-04T21:44:07.488+0300][161,418s][info][gc] GC(1140) Concurrent cleanup 479M->362M(512M) 0,056ms
[2020-11-04T21:44:07.489+0300][161,419s][info][gc] Trigger: Average GC time (144,17 ms) is above the time for allocation rate (794 MB/s) to deplete free headroom (96794K)
[2020-11-04T21:44:07.490+0300][161,419s][info][gc] GC(1141) Concurrent reset 0,374ms
[2020-11-04T21:44:07.490+0300][161,420s][info][gc] GC(1141) Pause Init Mark (unload classes) 0,109ms
[2020-11-04T21:44:07.581+0300][161,511s][info][gc] GC(1141) Concurrent marking (unload classes) 91,172ms
[2020-11-04T21:44:07.582+0300][161,512s][info][gc] GC(1141) Pause Final Mark (unload classes) 0,500ms
[2020-11-04T21:44:07.583+0300][161,512s][info][gc] GC(1141) Concurrent weak roots 0,415ms
[2020-11-04T21:44:07.583+0300][161,512s][info][gc] GC(1141) Concurrent cleanup 381M->381M(512M) 0,031ms
[2020-11-04T21:44:07.584+0300][161,513s][info][gc] GC(1141) Concurrent class unloading 1,044ms
[2020-11-04T21:44:07.584+0300][161,514s][info][gc] GC(1141) Concurrent strong roots 0,137ms
[2020-11-04T21:44:07.587+0300][161,516s][info][gc] GC(1141) Concurrent evacuation 2,788ms
[2020-11-04T21:44:07.587+0300][161,517s][info][gc] GC(1141) Pause Init Update Refs 0,026ms
[2020-11-04T21:44:07.634+0300][161,564s][info][gc] GC(1141) Concurrent update references 47,294ms
[2020-11-04T21:44:07.635+0300][161,565s][info][gc] GC(1141) Pause Final Update Refs 0,148ms
[2020-11-04T21:44:07.635+0300][161,565s][info][gc] GC(1141) Concurrent cleanup 470M->356M(512M) 0,114ms
[2020-11-04T21:44:07.636+0300][161,566s][info][gc] Trigger: Average GC time (146,36 ms) is above the time for allocation rate (699 MB/s) to deplete free headroom (102M)
[2020-11-04T21:44:07.637+0300][161,566s][info][gc] GC(1142) Concurrent reset 0,414ms
[2020-11-04T21:44:07.637+0300][161,567s][info][gc] GC(1142) Pause Init Mark (unload classes) 0,082ms
[2020-11-04T21:44:07.690+0300][161,620s][info][gc] GC(1142) Concurrent marking (unload classes) 52,818ms
[2020-11-04T21:44:07.690+0300][161,620s][info][gc] GC(1142) Pause Final Mark (unload classes) 0,358ms
[2020-11-04T21:44:07.691+0300][161,621s][info][gc] GC(1142) Concurrent weak roots 0,416ms
[2020-11-04T21:44:07.691+0300][161,621s][info][gc] GC(1142) Concurrent cleanup 375M->371M(512M) 0,041ms
[2020-11-04T21:44:07.692+0300][161,622s][info][gc] GC(1142) Concurrent class unloading 1,013ms
[2020-11-04T21:44:07.692+0300][161,622s][info][gc] GC(1142) Concurrent strong roots 0,142ms
[2020-11-04T21:44:07.694+0300][161,624s][info][gc] GC(1142) Concurrent evacuation 1,882ms
[2020-11-04T21:44:07.695+0300][161,624s][info][gc] GC(1142) Pause Init Update Refs 0,015ms
[2020-11-04T21:44:07.722+0300][161,651s][info][gc] GC(1142) Concurrent update references 26,909ms
[2020-11-04T21:44:07.722+0300][161,652s][info][gc] GC(1142) Pause Final Update Refs 0,167ms
[2020-11-04T21:44:07.722+0300][161,652s][info][gc] GC(1142) Concurrent cleanup 430M->232M(512M) 0,132ms
[2020-11-04T21:44:07.747+0300][161,676s][info][gc] Trigger: Average GC time (135,16 ms) is above the time for allocation rate (1242 MB/s) to deplete free headroom (164M)
[2020-11-04T21:44:07.747+0300][161,677s][info][gc] GC(1143) Concurrent reset 0,614ms
[2020-11-04T21:44:07.748+0300][161,678s][info][gc] GC(1143) Pause Init Mark (unload classes) 0,161ms
[2020-11-04T21:44:07.808+0300][161,738s][info][gc] GC(1143) Concurrent marking (unload classes) 60,434ms
[2020-11-04T21:44:07.809+0300][161,739s][info][gc] GC(1143) Pause Final Mark (unload classes) 0,445ms
[2020-11-04T21:44:07.810+0300][161,739s][info][gc] GC(1143) Concurrent weak roots 0,445ms
[2020-11-04T21:44:07.810+0300][161,739s][info][gc] GC(1143) Concurrent cleanup 319M->319M(512M) 0,036ms
[2020-11-04T21:44:07.810+0300][161,740s][info][gc] GC(1143) Concurrent class unloading 0,860ms
[2020-11-04T21:44:07.811+0300][161,740s][info][gc] GC(1143) Concurrent strong roots 0,096ms
[2020-11-04T21:44:07.814+0300][161,744s][info][gc] GC(1143) Concurrent evacuation 3,390ms
[2020-11-04T21:44:07.814+0300][161,744s][info][gc] GC(1143) Pause Init Update Refs 0,022ms
[2020-11-04T21:44:07.844+0300][161,774s][info][gc] GC(1143) Concurrent update references 29,757ms
[2020-11-04T21:44:07.845+0300][161,775s][info][gc] GC(1143) Pause Final Update Refs 0,158ms
[2020-11-04T21:44:07.845+0300][161,775s][info][gc] GC(1143) Concurrent cleanup 388M->250M(512M) 0,116ms
[2020-11-04T21:44:07.868+0300][161,798s][info][gc] Trigger: Average GC time (123,01 ms) is above the time for allocation rate (1230 MB/s) to deplete free headroom (148M)
[2020-11-04T21:44:07.869+0300][161,799s][info][gc] GC(1144) Concurrent reset 0,627ms
[2020-11-04T21:44:07.869+0300][161,799s][info][gc] GC(1144) Pause Init Mark (unload classes) 0,352ms
[2020-11-04T21:44:07.929+0300][161,858s][info][gc] GC(1144) Concurrent marking (unload classes) 58,974ms
[2020-11-04T21:44:07.929+0300][161,859s][info][gc] GC(1144) Pause Final Mark (unload classes) 0,529ms
[2020-11-04T21:44:07.930+0300][161,860s][info][gc] GC(1144) Concurrent weak roots 0,366ms
[2020-11-04T21:44:07.930+0300][161,860s][info][gc] GC(1144) Concurrent cleanup 334M->334M(512M) 0,032ms
[2020-11-04T21:44:07.931+0300][161,861s][info][gc] GC(1144) Concurrent class unloading 1,013ms
[2020-11-04T21:44:07.931+0300][161,861s][info][gc] GC(1144) Concurrent strong roots 0,075ms
[2020-11-04T21:44:07.935+0300][161,865s][info][gc] GC(1144) Concurrent evacuation 4,099ms
[2020-11-04T21:44:07.935+0300][161,865s][info][gc] GC(1144) Pause Init Update Refs 0,034ms
[2020-11-04T21:44:07.968+0300][161,898s][info][gc] GC(1144) Concurrent update references 33,005ms
[2020-11-04T21:44:07.969+0300][161,899s][info][gc] GC(1144) Pause Final Update Refs 0,331ms
[2020-11-04T21:44:07.969+0300][161,899s][info][gc] GC(1144) Concurrent cleanup 389M->239M(512M) 0,097ms
[2020-11-04T21:44:08.003+0300][161,933s][info][gc] Trigger: Average GC time (114,56 ms) is above the time for allocation rate (1189 MB/s) to deplete free headroom (133M)
[2020-11-04T21:44:08.004+0300][161,934s][info][gc] GC(1145) Concurrent reset 0,642ms
[2020-11-04T21:44:08.004+0300][161,934s][info][gc] GC(1145) Pause Init Mark (process weakrefs) (unload classes) 0,242ms
[2020-11-04T21:44:08.085+0300][162,015s][info][gc] GC(1145) Concurrent marking (process weakrefs) (unload classes) 81,129ms
[2020-11-04T21:44:08.086+0300][162,015s][info][gc] GC(1145) Concurrent precleaning 0,178ms
[2020-11-04T21:44:08.087+0300][162,016s][info][gc] GC(1145) Pause Final Mark (process weakrefs) (unload classes) 0,816ms
[2020-11-04T21:44:08.087+0300][162,017s][info][gc] GC(1145) Concurrent weak roots 0,460ms
[2020-11-04T21:44:08.087+0300][162,017s][info][gc] GC(1145) Concurrent cleanup 347M->347M(512M) 0,054ms
[2020-11-04T21:44:08.088+0300][162,018s][info][gc] GC(1145) Concurrent class unloading 0,821ms
[2020-11-04T21:44:08.088+0300][162,018s][info][gc] GC(1145) Concurrent strong roots 0,061ms
[2020-11-04T21:44:08.094+0300][162,023s][info][gc] GC(1145) Concurrent evacuation 5,380ms
[2020-11-04T21:44:08.094+0300][162,024s][info][gc] GC(1145) Pause Init Update Refs 0,017ms
[2020-11-04T21:44:08.125+0300][162,055s][info][gc] GC(1145) Concurrent update references 30,982ms
[2020-11-04T21:44:08.126+0300][162,056s][info][gc] GC(1145) Pause Final Update Refs 0,321ms
[2020-11-04T21:44:08.126+0300][162,056s][info][gc] GC(1145) Concurrent cleanup 418M->258M(512M) 0,106ms
[2020-11-04T21:44:08.157+0300][162,087s][info][gc] Trigger: Average GC time (110,78 ms) is above the time for allocation rate (1097 MB/s) to deplete free headroom (119M)
[2020-11-04T21:44:08.157+0300][162,087s][info][gc] GC(1146) Concurrent reset 0,532ms
[2020-11-04T21:44:08.158+0300][162,088s][info][gc] GC(1146) Pause Init Mark (unload classes) 0,252ms
[2020-11-04T21:44:08.248+0300][162,178s][info][gc] GC(1146) Concurrent marking (unload classes) 90,468ms
[2020-11-04T21:44:08.249+0300][162,179s][info][gc] GC(1146) Pause Final Mark (unload classes) 0,406ms
[2020-11-04T21:44:08.250+0300][162,180s][info][gc] GC(1146) Concurrent weak roots 0,426ms
[2020-11-04T21:44:08.250+0300][162,180s][info][gc] GC(1146) Concurrent cleanup 361M->361M(512M) 0,040ms
[2020-11-04T21:44:08.251+0300][162,181s][info][gc] GC(1146) Concurrent class unloading 1,034ms
[2020-11-04T21:44:08.251+0300][162,181s][info][gc] GC(1146) Concurrent strong roots 0,140ms
[2020-11-04T21:44:08.256+0300][162,185s][info][gc] GC(1146) Concurrent evacuation 4,510ms
[2020-11-04T21:44:08.256+0300][162,186s][info][gc] GC(1146) Pause Init Update Refs 0,021ms
[2020-11-04T21:44:08.290+0300][162,220s][info][gc] GC(1146) Concurrent update references 34,141ms
[2020-11-04T21:44:08.291+0300][162,221s][info][gc] GC(1146) Pause Final Update Refs 0,384ms
[2020-11-04T21:44:08.291+0300][162,221s][info][gc] GC(1146) Concurrent cleanup 427M->259M(512M) 0,103ms
[2020-11-04T21:44:08.329+0300][162,259s][info][gc] Trigger: Average GC time (108,48 ms) is above the time for allocation rate (1016 MB/s) to deplete free headroom (108M)
[2020-11-04T21:44:08.330+0300][162,260s][info][gc] GC(1147) Concurrent reset 0,607ms
[2020-11-04T21:44:08.330+0300][162,260s][info][gc] GC(1147) Pause Init Mark (unload classes) 0,174ms
[2020-11-04T21:44:08.401+0300][162,331s][info][gc] GC(1147) Concurrent marking (unload classes) 70,728ms
[2020-11-04T21:44:08.402+0300][162,332s][info][gc] GC(1147) Pause Final Mark (unload classes) 0,550ms
[2020-11-04T21:44:08.402+0300][162,332s][info][gc] GC(1147) Concurrent weak roots 0,463ms
[2020-11-04T21:44:08.402+0300][162,332s][info][gc] GC(1147) Concurrent cleanup 371M->371M(512M) 0,034ms
[2020-11-04T21:44:08.404+0300][162,333s][info][gc] GC(1147) Concurrent class unloading 1,005ms
[2020-11-04T21:44:08.404+0300][162,333s][info][gc] GC(1147) Concurrent strong roots 0,070ms
[2020-11-04T21:44:08.409+0300][162,339s][info][gc] GC(1147) Concurrent evacuation 5,574ms
[2020-11-04T21:44:08.410+0300][162,339s][info][gc] GC(1147) Pause Init Update Refs 0,016ms
[2020-11-04T21:44:08.446+0300][162,376s][info][gc] GC(1147) Concurrent update references 36,761ms
[2020-11-04T21:44:08.447+0300][162,377s][info][gc] GC(1147) Pause Final Update Refs 0,313ms
[2020-11-04T21:44:08.447+0300][162,377s][info][gc] GC(1147) Concurrent cleanup 442M->266M(512M) 0,105ms
[2020-11-04T21:44:08.479+0300][162,409s][info][gc] Trigger: Average GC time (114,84 ms) is above the time for allocation rate (1055 MB/s) to deplete free headroom (120M)
[2020-11-04T21:44:08.480+0300][162,410s][info][gc] GC(1148) Concurrent reset 0,645ms
[2020-11-04T21:44:08.480+0300][162,410s][info][gc] GC(1148) Pause Init Mark (unload classes) 0,272ms
[2020-11-04T21:44:08.570+0300][162,500s][info][gc] GC(1148) Concurrent marking (unload classes) 89,391ms
[2020-11-04T21:44:08.571+0300][162,500s][info][gc] GC(1148) Pause Final Mark (unload classes) 0,540ms
[2020-11-04T21:44:08.571+0300][162,501s][info][gc] GC(1148) Concurrent weak roots 0,423ms
[2020-11-04T21:44:08.571+0300][162,501s][info][gc] GC(1148) Concurrent cleanup 360M->360M(512M) 0,041ms
[2020-11-04T21:44:08.572+0300][162,502s][info][gc] GC(1148) Concurrent class unloading 0,986ms
[2020-11-04T21:44:08.572+0300][162,502s][info][gc] GC(1148) Concurrent strong roots 0,051ms
[2020-11-04T21:44:08.576+0300][162,506s][info][gc] GC(1148) Concurrent evacuation 4,187ms
[2020-11-04T21:44:08.577+0300][162,507s][info][gc] GC(1148) Pause Init Update Refs 0,025ms
[2020-11-04T21:44:08.611+0300][162,540s][info][gc] GC(1148) Concurrent update references 33,735ms
[2020-11-04T21:44:08.611+0300][162,541s][info][gc] GC(1148) Pause Final Update Refs 0,314ms
[2020-11-04T21:44:08.611+0300][162,541s][info][gc] GC(1148) Concurrent cleanup 439M->280M(512M) 0,105ms
[2020-11-04T21:44:08.634+0300][162,564s][info][gc] Trigger: Average GC time (121,64 ms) is above the time for allocation rate (996 MB/s) to deplete free headroom (120M)
[2020-11-04T21:44:08.634+0300][162,564s][info][gc] GC(1149) Concurrent reset 0,615ms
[2020-11-04T21:44:08.635+0300][162,565s][info][gc] GC(1149) Pause Init Mark (unload classes) 0,275ms
[2020-11-04T21:44:08.707+0300][162,637s][info][gc] GC(1149) Concurrent marking (unload classes) 72,080ms
[2020-11-04T21:44:08.708+0300][162,638s][info][gc] GC(1149) Pause Final Mark (unload classes) 0,644ms
[2020-11-04T21:44:08.709+0300][162,638s][info][gc] GC(1149) Concurrent weak roots 0,413ms
[2020-11-04T21:44:08.709+0300][162,638s][info][gc] GC(1149) Concurrent cleanup 359M->359M(512M) 0,034ms
[2020-11-04T21:44:08.710+0300][162,640s][info][gc] GC(1149) Concurrent class unloading 1,401ms
[2020-11-04T21:44:08.710+0300][162,640s][info][gc] GC(1149) Concurrent strong roots 0,065ms
[2020-11-04T21:44:08.714+0300][162,644s][info][gc] GC(1149) Concurrent evacuation 3,650ms
[2020-11-04T21:44:08.714+0300][162,644s][info][gc] GC(1149) Pause Init Update Refs 0,016ms
[2020-11-04T21:44:08.752+0300][162,682s][info][gc] GC(1149) Concurrent update references 38,165ms
[2020-11-04T21:44:08.753+0300][162,683s][info][gc] GC(1149) Pause Final Update Refs 0,366ms
[2020-11-04T21:44:08.753+0300][162,683s][info][gc] GC(1149) Concurrent cleanup 424M->270M(512M) 0,099ms
[2020-11-04T21:44:08.782+0300][162,712s][info][gc] Trigger: Average GC time (125,36 ms) is above the time for allocation rate (1000 MB/s) to deplete free headroom (121M)
[2020-11-04T21:44:08.782+0300][162,712s][info][gc] GC(1150) Concurrent reset 0,625ms
[2020-11-04T21:44:08.783+0300][162,713s][info][gc] GC(1150) Pause Init Mark (process weakrefs) (unload classes) 0,255ms
[2020-11-04T21:44:08.852+0300][162,781s][info][gc] GC(1150) Concurrent marking (process weakrefs) (unload classes) 68,548ms
[2020-11-04T21:44:08.852+0300][162,782s][info][gc] GC(1150) Concurrent precleaning 0,185ms
[2020-11-04T21:44:08.853+0300][162,783s][info][gc] GC(1150) Pause Final Mark (process weakrefs) (unload classes) 0,648ms
[2020-11-04T21:44:08.853+0300][162,783s][info][gc] GC(1150) Concurrent weak roots 0,441ms
[2020-11-04T21:44:08.853+0300][162,783s][info][gc] GC(1150) Concurrent cleanup 357M->357M(512M) 0,036ms
[2020-11-04T21:44:08.854+0300][162,784s][info][gc] GC(1150) Concurrent class unloading 0,850ms
[2020-11-04T21:44:08.854+0300][162,784s][info][gc] GC(1150) Concurrent strong roots 0,083ms
[2020-11-04T21:44:08.858+0300][162,788s][info][gc] GC(1150) Concurrent evacuation 3,793ms
[2020-11-04T21:44:08.858+0300][162,788s][info][gc] GC(1150) Pause Init Update Refs 0,026ms
[2020-11-04T21:44:08.895+0300][162,825s][info][gc] GC(1150) Concurrent update references 36,667ms
[2020-11-04T21:44:08.896+0300][162,826s][info][gc] GC(1150) Pause Final Update Refs 0,393ms
[2020-11-04T21:44:08.896+0300][162,826s][info][gc] GC(1150) Concurrent cleanup 436M->288M(512M) 0,100ms
[2020-11-04T21:44:08.919+0300][162,848s][info][gc] Trigger: Average GC time (123,65 ms) is above the time for allocation rate (1022 MB/s) to deplete free headroom (125M)
[2020-11-04T21:44:08.919+0300][162,849s][info][gc] GC(1151) Concurrent reset 0,648ms
[2020-11-04T21:44:08.920+0300][162,850s][info][gc] GC(1151) Pause Init Mark (unload classes) 0,316ms
[2020-11-04T21:44:08.998+0300][162,928s][info][gc] GC(1151) Concurrent marking (unload classes) 77,793ms
[2020-11-04T21:44:08.999+0300][162,929s][info][gc] GC(1151) Pause Final Mark (unload classes) 0,654ms
[2020-11-04T21:44:08.999+0300][162,929s][info][gc] GC(1151) Concurrent weak roots 0,461ms
[2020-11-04T21:44:08.999+0300][162,929s][info][gc] GC(1151) Concurrent cleanup 355M->355M(512M) 0,037ms
[2020-11-04T21:44:09.000+0300][162,930s][info][gc] GC(1151) Concurrent class unloading 0,897ms
[2020-11-04T21:44:09.000+0300][162,930s][info][gc] GC(1151) Concurrent strong roots 0,122ms
[2020-11-04T21:44:09.004+0300][162,934s][info][gc] GC(1151) Concurrent evacuation 3,803ms
[2020-11-04T21:44:09.005+0300][162,934s][info][gc] GC(1151) Pause Init Update Refs 0,026ms
[2020-11-04T21:44:09.044+0300][162,973s][info][gc] GC(1151) Concurrent update references 38,921ms
[2020-11-04T21:44:09.044+0300][162,974s][info][gc] GC(1151) Pause Final Update Refs 0,335ms
[2020-11-04T21:44:09.045+0300][162,974s][info][gc] GC(1151) Concurrent cleanup 424M->284M(512M) 0,098ms
[2020-11-04T21:44:09.071+0300][163,001s][info][gc] Trigger: Average GC time (121,99 ms) is above the time for allocation rate (967 MB/s) to deplete free headroom (114M)
[2020-11-04T21:44:09.072+0300][163,002s][info][gc] GC(1152) Concurrent reset 0,599ms
[2020-11-04T21:44:09.072+0300][163,002s][info][gc] GC(1152) Pause Init Mark (unload classes) 0,267ms
[2020-11-04T21:44:09.160+0300][163,090s][info][gc] GC(1152) Concurrent marking (unload classes) 87,870ms
[2020-11-04T21:44:09.161+0300][163,091s][info][gc] GC(1152) Pause Final Mark (unload classes) 0,599ms
[2020-11-04T21:44:09.162+0300][163,092s][info][gc] GC(1152) Concurrent weak roots 0,388ms
[2020-11-04T21:44:09.162+0300][163,092s][info][gc] GC(1152) Concurrent cleanup 366M->366M(512M) 0,041ms
[2020-11-04T21:44:09.163+0300][163,093s][info][gc] GC(1152) Concurrent class unloading 1,177ms
[2020-11-04T21:44:09.163+0300][163,093s][info][gc] GC(1152) Concurrent strong roots 0,098ms
[2020-11-04T21:44:09.167+0300][163,097s][info][gc] GC(1152) Concurrent evacuation 4,068ms
[2020-11-04T21:44:09.168+0300][163,097s][info][gc] GC(1152) Pause Init Update Refs 0,016ms
[2020-11-04T21:44:09.211+0300][163,141s][info][gc] GC(1152) Concurrent update references 43,369ms
[2020-11-04T21:44:09.211+0300][163,141s][info][gc] GC(1152) Pause Final Update Refs 0,117ms
[2020-11-04T21:44:09.212+0300][163,141s][info][gc] GC(1152) Concurrent cleanup 466M->319M(512M) 0,092ms
[2020-11-04T21:44:09.221+0300][163,151s][info][gc] Trigger: Average GC time (126,50 ms) is above the time for allocation rate (939 MB/s) to deplete free headroom (115M)
[2020-11-04T21:44:09.222+0300][163,152s][info][gc] GC(1153) Concurrent reset 0,626ms
[2020-11-04T21:44:09.222+0300][163,152s][info][gc] GC(1153) Pause Init Mark (unload classes) 0,146ms
[2020-11-04T21:44:09.300+0300][163,230s][info][gc] GC(1153) Concurrent marking (unload classes) 77,927ms
[2020-11-04T21:44:09.301+0300][163,231s][info][gc] GC(1153) Pause Final Mark (unload classes) 0,708ms
[2020-11-04T21:44:09.302+0300][163,232s][info][gc] GC(1153) Concurrent weak roots 0,421ms
[2020-11-04T21:44:09.302+0300][163,232s][info][gc] GC(1153) Concurrent cleanup 364M->364M(512M) 0,037ms
[2020-11-04T21:44:09.303+0300][163,233s][info][gc] GC(1153) Concurrent class unloading 1,149ms
[2020-11-04T21:44:09.303+0300][163,233s][info][gc] GC(1153) Concurrent strong roots 0,117ms
[2020-11-04T21:44:09.307+0300][163,237s][info][gc] GC(1153) Concurrent evacuation 3,964ms
[2020-11-04T21:44:09.308+0300][163,237s][info][gc] GC(1153) Pause Init Update Refs 0,021ms
[2020-11-04T21:44:09.357+0300][163,287s][info][gc] GC(1153) Concurrent update references 49,582ms
[2020-11-04T21:44:09.358+0300][163,288s][info][gc] GC(1153) Pause Final Update Refs 0,349ms
[2020-11-04T21:44:09.358+0300][163,288s][info][gc] GC(1153) Concurrent cleanup 475M->334M(512M) 0,101ms
[2020-11-04T21:44:09.360+0300][163,290s][info][gc] Trigger: Average GC time (127,40 ms) is above the time for allocation rate (959 MB/s) to deplete free headroom (119M)
[2020-11-04T21:44:09.361+0300][163,291s][info][gc] GC(1154) Concurrent reset 0,409ms
[2020-11-04T21:44:09.361+0300][163,291s][info][gc] GC(1154) Pause Init Mark (unload classes) 0,136ms
[2020-11-04T21:44:09.450+0300][163,380s][info][gc] GC(1154) Concurrent marking (unload classes) 88,773ms
[2020-11-04T21:44:09.451+0300][163,381s][info][gc] GC(1154) Pause Final Mark (unload classes) 0,492ms
[2020-11-04T21:44:09.451+0300][163,381s][info][gc] GC(1154) Concurrent weak roots 0,570ms
[2020-11-04T21:44:09.451+0300][163,381s][info][gc] GC(1154) Concurrent cleanup 360M->361M(512M) 0,039ms
[2020-11-04T21:44:09.452+0300][163,382s][info][gc] GC(1154) Concurrent class unloading 0,886ms
[2020-11-04T21:44:09.452+0300][163,382s][info][gc] GC(1154) Concurrent strong roots 0,061ms
[2020-11-04T21:44:09.458+0300][163,388s][info][gc] GC(1154) Concurrent evacuation 5,657ms
[2020-11-04T21:44:09.458+0300][163,388s][info][gc] GC(1154) Pause Init Update Refs 0,026ms
[2020-11-04T21:44:09.497+0300][163,427s][info][gc] GC(1154) Concurrent update references 38,308ms
[2020-11-04T21:44:09.497+0300][163,427s][info][gc] GC(1154) Pause Final Update Refs 0,240ms
[2020-11-04T21:44:09.498+0300][163,427s][info][gc] GC(1154) Concurrent cleanup 451M->318M(512M) 0,094ms
[2020-11-04T21:44:09.507+0300][163,437s][info][gc] Trigger: Average GC time (131,00 ms) is above the time for allocation rate (898 MB/s) to deplete free headroom (116M)
[2020-11-04T21:44:09.508+0300][163,438s][info][gc] GC(1155) Concurrent reset 0,605ms
[2020-11-04T21:44:09.509+0300][163,438s][info][gc] GC(1155) Pause Init Mark (process weakrefs) (unload classes) 0,307ms
[2020-11-04T21:44:09.597+0300][163,527s][info][gc] GC(1155) Concurrent marking (process weakrefs) (unload classes) 88,790ms
[2020-11-04T21:44:09.598+0300][163,527s][info][gc] GC(1155) Concurrent precleaning 0,152ms
[2020-11-04T21:44:09.599+0300][163,528s][info][gc] GC(1155) Pause Final Mark (process weakrefs) (unload classes) 0,737ms
[2020-11-04T21:44:09.599+0300][163,529s][info][gc] GC(1155) Concurrent weak roots 0,362ms
[2020-11-04T21:44:09.599+0300][163,529s][info][gc] GC(1155) Concurrent cleanup 362M->362M(512M) 0,035ms
[2020-11-04T21:44:09.600+0300][163,530s][info][gc] GC(1155) Concurrent class unloading 1,048ms
[2020-11-04T21:44:09.600+0300][163,530s][info][gc] GC(1155) Concurrent strong roots 0,057ms
[2020-11-04T21:44:09.604+0300][163,534s][info][gc] GC(1155) Concurrent evacuation 3,605ms
[2020-11-04T21:44:09.604+0300][163,534s][info][gc] GC(1155) Pause Init Update Refs 0,014ms
[2020-11-04T21:44:09.645+0300][163,575s][info][gc] GC(1155) Concurrent update references 41,046ms
[2020-11-04T21:44:09.646+0300][163,576s][info][gc] GC(1155) Pause Final Update Refs 0,333ms
[2020-11-04T21:44:09.646+0300][163,576s][info][gc] GC(1155) Concurrent cleanup 450M->317M(512M) 0,090ms
[2020-11-04T21:44:09.656+0300][163,586s][info][gc] Trigger: Average GC time (135,90 ms) is above the time for allocation rate (864 MB/s) to deplete free headroom (117M)
[2020-11-04T21:44:09.656+0300][163,586s][info][gc] GC(1156) Concurrent reset 0,535ms
[2020-11-04T21:44:09.657+0300][163,587s][info][gc] GC(1156) Pause Init Mark (unload classes) 0,260ms
[2020-11-04T21:44:09.749+0300][163,678s][info][gc] GC(1156) Concurrent marking (unload classes) 91,565ms
[2020-11-04T21:44:09.749+0300][163,679s][info][gc] GC(1156) Pause Final Mark (unload classes) 0,633ms
[2020-11-04T21:44:09.750+0300][163,680s][info][gc] GC(1156) Concurrent weak roots 0,500ms
[2020-11-04T21:44:09.750+0300][163,680s][info][gc] GC(1156) Concurrent cleanup 361M->361M(512M) 0,034ms
[2020-11-04T21:44:09.751+0300][163,681s][info][gc] GC(1156) Concurrent class unloading 0,940ms
[2020-11-04T21:44:09.751+0300][163,681s][info][gc] GC(1156) Concurrent strong roots 0,071ms
[2020-11-04T21:44:09.755+0300][163,685s][info][gc] GC(1156) Concurrent evacuation 4,039ms
[2020-11-04T21:44:09.755+0300][163,685s][info][gc] GC(1156) Pause Init Update Refs 0,024ms
[2020-11-04T21:44:09.797+0300][163,727s][info][gc] GC(1156) Concurrent update references 41,648ms
[2020-11-04T21:44:09.798+0300][163,728s][info][gc] GC(1156) Pause Final Update Refs 0,299ms
[2020-11-04T21:44:09.798+0300][163,728s][info][gc] GC(1156) Concurrent cleanup 453M->325M(512M) 0,095ms
[2020-11-04T21:44:09.805+0300][163,735s][info][gc] Trigger: Average GC time (139,14 ms) is above the time for allocation rate (839 MB/s) to deplete free headroom (115M)
[2020-11-04T21:44:09.806+0300][163,736s][info][gc] GC(1157) Concurrent reset 0,593ms
[2020-11-04T21:44:09.807+0300][163,736s][info][gc] GC(1157) Pause Init Mark (unload classes) 0,275ms
[2020-11-04T21:44:09.896+0300][163,826s][info][gc] GC(1157) Concurrent marking (unload classes) 89,266ms
[2020-11-04T21:44:09.897+0300][163,827s][info][gc] GC(1157) Pause Final Mark (unload classes) 0,743ms
[2020-11-04T21:44:09.897+0300][163,827s][info][gc] GC(1157) Concurrent weak roots 0,454ms
[2020-11-04T21:44:09.898+0300][163,827s][info][gc] GC(1157) Concurrent cleanup 364M->364M(512M) 0,037ms
[2020-11-04T21:44:09.898+0300][163,828s][info][gc] GC(1157) Concurrent class unloading 0,917ms
[2020-11-04T21:44:09.899+0300][163,828s][info][gc] GC(1157) Concurrent strong roots 0,061ms
[2020-11-04T21:44:09.902+0300][163,832s][info][gc] GC(1157) Concurrent evacuation 3,381ms
[2020-11-04T21:44:09.902+0300][163,832s][info][gc] GC(1157) Pause Init Update Refs 0,026ms
[2020-11-04T21:44:09.945+0300][163,874s][info][gc] GC(1157) Concurrent update references 42,219ms
[2020-11-04T21:44:09.945+0300][163,875s][info][gc] GC(1157) Pause Final Update Refs 0,260ms
[2020-11-04T21:44:09.945+0300][163,875s][info][gc] GC(1157) Concurrent cleanup 456M->330M(512M) 0,098ms
[2020-11-04T21:44:09.951+0300][163,880s][info][gc] Trigger: Average GC time (139,01 ms) is above the time for allocation rate (837 MB/s) to deplete free headroom (116M)
[2020-11-04T21:44:09.951+0300][163,881s][info][gc] GC(1158) Concurrent reset 0,656ms
[2020-11-04T21:44:09.952+0300][163,882s][info][gc] GC(1158) Pause Init Mark (unload classes) 0,304ms
[2020-11-04T21:44:10.042+0300][163,972s][info][gc] GC(1158) Concurrent marking (unload classes) 89,915ms
[2020-11-04T21:44:10.043+0300][163,972s][info][gc] GC(1158) Pause Final Mark (unload classes) 0,472ms
[2020-11-04T21:44:10.043+0300][163,973s][info][gc] GC(1158) Concurrent weak roots 0,392ms
[2020-11-04T21:44:10.043+0300][163,973s][info][gc] GC(1158) Concurrent cleanup 364M->364M(512M) 0,038ms
[2020-11-04T21:44:10.044+0300][163,974s][info][gc] GC(1158) Concurrent class unloading 0,894ms
[2020-11-04T21:44:10.044+0300][163,974s][info][gc] GC(1158) Concurrent strong roots 0,054ms
[2020-11-04T21:44:10.047+0300][163,977s][info][gc] GC(1158) Concurrent evacuation 2,989ms
[2020-11-04T21:44:10.047+0300][163,977s][info][gc] GC(1158) Pause Init Update Refs 0,027ms
[2020-11-04T21:44:10.089+0300][164,019s][info][gc] GC(1158) Concurrent update references 41,737ms
[2020-11-04T21:44:10.090+0300][164,020s][info][gc] GC(1158) Pause Final Update Refs 0,384ms
[2020-11-04T21:44:10.090+0300][164,020s][info][gc] GC(1158) Concurrent cleanup 458M->336M(512M) 0,088ms
[2020-11-04T21:44:10.096+0300][164,025s][info][gc] Trigger: Average GC time (139,55 ms) is above the time for allocation rate (828 MB/s) to deplete free headroom (114M)
[2020-11-04T21:44:10.096+0300][164,026s][info][gc] GC(1159) Concurrent reset 0,507ms
[2020-11-04T21:44:10.097+0300][164,027s][info][gc] GC(1159) Pause Init Mark (unload classes) 0,292ms
[2020-11-04T21:44:10.189+0300][164,119s][info][gc] GC(1159) Concurrent marking (unload classes) 92,155ms
[2020-11-04T21:44:10.190+0300][164,120s][info][gc] GC(1159) Pause Final Mark (unload classes) 0,602ms
[2020-11-04T21:44:10.190+0300][164,120s][info][gc] GC(1159) Concurrent weak roots 0,411ms
[2020-11-04T21:44:10.190+0300][164,120s][info][gc] GC(1159) Concurrent cleanup 364M->364M(512M) 0,049ms
[2020-11-04T21:44:10.191+0300][164,121s][info][gc] GC(1159) Concurrent class unloading 0,742ms
[2020-11-04T21:44:10.191+0300][164,121s][info][gc] GC(1159) Concurrent strong roots 0,077ms
[2020-11-04T21:44:10.194+0300][164,124s][info][gc] GC(1159) Concurrent evacuation 2,990ms
[2020-11-04T21:44:10.194+0300][164,124s][info][gc] GC(1159) Pause Init Update Refs 0,021ms
[2020-11-04T21:44:10.239+0300][164,169s][info][gc] GC(1159) Concurrent update references 44,345ms
[2020-11-04T21:44:10.239+0300][164,169s][info][gc] GC(1159) Pause Final Update Refs 0,330ms
[2020-11-04T21:44:10.240+0300][164,169s][info][gc] GC(1159) Concurrent cleanup 456M->336M(512M) 0,078ms
[2020-11-04T21:44:10.245+0300][164,175s][info][gc] Trigger: Average GC time (140,89 ms) is above the time for allocation rate (805 MB/s) to deplete free headroom (109M)
[2020-11-04T21:44:10.246+0300][164,175s][info][gc] GC(1160) Concurrent reset 0,579ms
[2020-11-04T21:44:10.246+0300][164,176s][info][gc] GC(1160) Pause Init Mark (process weakrefs) (unload classes) 0,278ms
[2020-11-04T21:44:10.354+0300][164,284s][info][gc] GC(1160) Concurrent marking (process weakrefs) (unload classes) 107,861ms
[2020-11-04T21:44:10.354+0300][164,284s][info][gc] GC(1160) Concurrent precleaning 0,178ms
[2020-11-04T21:44:10.355+0300][164,285s][info][gc] GC(1160) Pause Final Mark (process weakrefs) (unload classes) 0,695ms
[2020-11-04T21:44:10.356+0300][164,286s][info][gc] GC(1160) Concurrent weak roots 0,421ms
[2020-11-04T21:44:10.356+0300][164,286s][info][gc] GC(1160) Concurrent cleanup 368M->368M(512M) 0,035ms
[2020-11-04T21:44:10.357+0300][164,287s][info][gc] GC(1160) Concurrent class unloading 1,094ms
[2020-11-04T21:44:10.357+0300][164,287s][info][gc] GC(1160) Concurrent strong roots 0,123ms
[2020-11-04T21:44:10.360+0300][164,290s][info][gc] GC(1160) Concurrent evacuation 3,136ms
[2020-11-04T21:44:10.360+0300][164,290s][info][gc] GC(1160) Pause Init Update Refs 0,015ms
[2020-11-04T21:44:10.407+0300][164,337s][info][gc] GC(1160) Concurrent update references 46,754ms
[2020-11-04T21:44:10.408+0300][164,338s][info][gc] GC(1160) Pause Final Update Refs 0,339ms
[2020-11-04T21:44:10.408+0300][164,338s][info][gc] GC(1160) Concurrent cleanup 447M->327M(512M) 0,083ms
[2020-11-04T21:44:10.420+0300][164,350s][info][gc] Trigger: Average GC time (145,75 ms) is above the time for allocation rate (712 MB/s) to deplete free headroom (102M)
[2020-11-04T21:44:10.421+0300][164,350s][info][gc] GC(1161) Concurrent reset 0,652ms
[2020-11-04T21:44:10.421+0300][164,351s][info][gc] GC(1161) Pause Init Mark (unload classes) 0,124ms
[2020-11-04T21:44:10.504+0300][164,434s][info][gc] GC(1161) Concurrent marking (unload classes) 82,777ms
[2020-11-04T21:44:10.504+0300][164,434s][info][gc] GC(1161) Pause Final Mark (unload classes) 0,464ms
[2020-11-04T21:44:10.505+0300][164,435s][info][gc] GC(1161) Concurrent weak roots 0,382ms
[2020-11-04T21:44:10.505+0300][164,435s][info][gc] GC(1161) Concurrent cleanup 375M->375M(512M) 0,030ms
[2020-11-04T21:44:10.506+0300][164,436s][info][gc] GC(1161) Concurrent class unloading 0,940ms
[2020-11-04T21:44:10.506+0300][164,436s][info][gc] GC(1161) Concurrent strong roots 0,039ms
[2020-11-04T21:44:10.510+0300][164,440s][info][gc] GC(1161) Concurrent evacuation 4,094ms
[2020-11-04T21:44:10.510+0300][164,440s][info][gc] GC(1161) Pause Init Update Refs 0,021ms
[2020-11-04T21:44:10.560+0300][164,490s][info][gc] GC(1161) Concurrent update references 50,071ms
[2020-11-04T21:44:10.561+0300][164,490s][info][gc] GC(1161) Pause Final Update Refs 0,089ms
[2020-11-04T21:44:10.561+0300][164,491s][info][gc] GC(1161) Concurrent cleanup 453M->328M(512M) 0,075ms
[2020-11-04T21:44:10.570+0300][164,500s][info][gc] Trigger: Average GC time (145,51 ms) is above the time for allocation rate (769 MB/s) to deplete free headroom (108M)
[2020-11-04T21:44:10.571+0300][164,501s][info][gc] GC(1162) Concurrent reset 0,581ms
[2020-11-04T21:44:10.571+0300][164,501s][info][gc] GC(1162) Pause Init Mark (unload classes) 0,059ms
[2020-11-04T21:44:10.722+0300][164,652s][info][gc] GC(1162) Concurrent marking (unload classes) 150,893ms
[2020-11-04T21:44:10.723+0300][164,653s][info][gc] GC(1162) Pause Final Mark (unload classes) 0,617ms
[2020-11-04T21:44:10.723+0300][164,653s][info][gc] GC(1162) Concurrent weak roots 0,351ms
[2020-11-04T21:44:10.723+0300][164,653s][info][gc] GC(1162) Concurrent cleanup 371M->371M(512M) 0,028ms
[2020-11-04T21:44:10.724+0300][164,654s][info][gc] GC(1162) Concurrent class unloading 0,818ms
[2020-11-04T21:44:10.724+0300][164,654s][info][gc] GC(1162) Concurrent strong roots 0,053ms
[2020-11-04T21:44:10.728+0300][164,657s][info][gc] GC(1162) Concurrent evacuation 3,247ms
[2020-11-04T21:44:10.728+0300][164,658s][info][gc] GC(1162) Pause Init Update Refs 0,009ms
[2020-11-04T21:44:10.778+0300][164,708s][info][gc] GC(1162) Concurrent update references 50,146ms
[2020-11-04T21:44:10.779+0300][164,708s][info][gc] GC(1162) Pause Final Update Refs 0,097ms
[2020-11-04T21:44:10.779+0300][164,709s][info][gc] GC(1162) Concurrent cleanup 456M->341M(512M) 0,055ms
[2020-11-04T21:44:10.793+0300][164,722s][info][gc] Trigger: Average GC time (159,19 ms) is above the time for allocation rate (583 MB/s) to deplete free headroom (92442K)
[2020-11-04T21:44:10.793+0300][164,723s][info][gc] GC(1163) Concurrent reset 0,546ms
[2020-11-04T21:44:10.793+0300][164,723s][info][gc] GC(1163) Pause Init Mark (unload classes) 0,101ms
[2020-11-04T21:44:10.893+0300][164,823s][info][gc] GC(1163) Concurrent marking (unload classes) 99,686ms
[2020-11-04T21:44:10.894+0300][164,823s][info][gc] GC(1163) Pause Final Mark (unload classes) 0,283ms
[2020-11-04T21:44:10.894+0300][164,824s][info][gc] GC(1163) Concurrent weak roots 0,283ms
[2020-11-04T21:44:10.894+0300][164,824s][info][gc] GC(1163) Concurrent cleanup 385M->385M(512M) 0,025ms
[2020-11-04T21:44:10.895+0300][164,825s][info][gc] GC(1163) Concurrent class unloading 0,831ms
[2020-11-04T21:44:10.895+0300][164,825s][info][gc] GC(1163) Concurrent strong roots 0,047ms
[2020-11-04T21:44:10.899+0300][164,829s][info][gc] GC(1163) Concurrent evacuation 4,185ms
[2020-11-04T21:44:10.899+0300][164,829s][info][gc] GC(1163) Pause Init Update Refs 0,012ms
[2020-11-04T21:44:10.963+0300][164,893s][info][gc] GC(1163) Concurrent update references 63,969ms
[2020-11-04T21:44:10.964+0300][164,893s][info][gc] GC(1163) Pause Final Update Refs 0,130ms
[2020-11-04T21:44:10.964+0300][164,894s][info][gc] GC(1163) Concurrent cleanup 469M->339M(512M) 0,077ms
[2020-11-04T21:44:10.971+0300][164,901s][info][gc] Trigger: Average GC time (165,50 ms) is above the time for allocation rate (637 MB/s) to deplete free headroom (102M)
[2020-11-04T21:44:10.972+0300][164,902s][info][gc] GC(1164) Concurrent reset 0,579ms
[2020-11-04T21:44:10.972+0300][164,902s][info][gc] GC(1164) Pause Init Mark (unload classes) 0,083ms
[2020-11-04T21:44:11.145+0300][165,075s][info][gc] GC(1164) Concurrent marking (unload classes) 172,986ms
[2020-11-04T21:44:11.146+0300][165,075s][info][gc] GC(1164) Pause Final Mark (unload classes) 0,313ms
[2020-11-04T21:44:11.146+0300][165,076s][info][gc] GC(1164) Concurrent weak roots 0,368ms
[2020-11-04T21:44:11.146+0300][165,076s][info][gc] GC(1164) Concurrent cleanup 376M->376M(512M) 0,037ms
[2020-11-04T21:44:11.147+0300][165,077s][info][gc] GC(1164) Concurrent class unloading 0,922ms
[2020-11-04T21:44:11.147+0300][165,077s][info][gc] GC(1164) Concurrent strong roots 0,099ms
[2020-11-04T21:44:11.150+0300][165,080s][info][gc] GC(1164) Concurrent evacuation 3,325ms
[2020-11-04T21:44:11.151+0300][165,081s][info][gc] GC(1164) Pause Init Update Refs 0,019ms
[2020-11-04T21:44:11.201+0300][165,131s][info][gc] GC(1164) Concurrent update references 50,041ms
[2020-11-04T21:44:11.201+0300][165,131s][info][gc] GC(1164) Pause Final Update Refs 0,153ms
[2020-11-04T21:44:11.202+0300][165,131s][info][gc] GC(1164) Concurrent cleanup 463M->349M(512M) 0,101ms
[2020-11-04T21:44:11.209+0300][165,139s][info][gc] Trigger: Average GC time (182,75 ms) is above the time for allocation rate (508 MB/s) to deplete free headroom (93722K)
[2020-11-04T21:44:11.210+0300][165,140s][info][gc] GC(1165) Concurrent reset 0,628ms
[2020-11-04T21:44:11.210+0300][165,140s][info][gc] GC(1165) Pause Init Mark (process weakrefs) (unload classes) 0,115ms
[2020-11-04T21:44:11.298+0300][165,227s][info][gc] GC(1165) Concurrent marking (process weakrefs) (unload classes) 87,337ms
[2020-11-04T21:44:11.298+0300][165,228s][info][gc] GC(1165) Concurrent precleaning 0,164ms
[2020-11-04T21:44:11.298+0300][165,228s][info][gc] GC(1165) Pause Final Mark (process weakrefs) (unload classes) 0,390ms
[2020-11-04T21:44:11.299+0300][165,229s][info][gc] GC(1165) Concurrent weak roots 0,375ms
[2020-11-04T21:44:11.299+0300][165,229s][info][gc] GC(1165) Concurrent cleanup 384M->385M(512M) 0,028ms
[2020-11-04T21:44:11.300+0300][165,230s][info][gc] GC(1165) Concurrent class unloading 0,748ms
[2020-11-04T21:44:11.300+0300][165,230s][info][gc] GC(1165) Concurrent strong roots 0,110ms
[2020-11-04T21:44:11.303+0300][165,233s][info][gc] GC(1165) Concurrent evacuation 3,040ms
[2020-11-04T21:44:11.303+0300][165,233s][info][gc] GC(1165) Pause Init Update Refs 0,018ms
[2020-11-04T21:44:11.350+0300][165,279s][info][gc] GC(1165) Concurrent update references 46,394ms
[2020-11-04T21:44:11.350+0300][165,280s][info][gc] GC(1165) Pause Final Update Refs 0,132ms
[2020-11-04T21:44:11.350+0300][165,280s][info][gc] GC(1165) Concurrent cleanup 479M->358M(512M) 0,095ms
[2020-11-04T21:44:11.351+0300][165,281s][info][gc] Trigger: Average GC time (178,35 ms) is above the time for allocation rate (771 MB/s) to deplete free headroom (101914K)
[2020-11-04T21:44:11.352+0300][165,282s][info][gc] GC(1166) Concurrent reset 0,406ms
[2020-11-04T21:44:11.352+0300][165,282s][info][gc] GC(1166) Pause Init Mark (unload classes) 0,080ms
[2020-11-04T21:44:11.441+0300][165,371s][info][gc] GC(1166) Concurrent marking (unload classes) 89,106ms
[2020-11-04T21:44:11.442+0300][165,372s][info][gc] GC(1166) Pause Final Mark (unload classes) 0,491ms
[2020-11-04T21:44:11.443+0300][165,372s][info][gc] GC(1166) Concurrent weak roots 0,448ms
[2020-11-04T21:44:11.443+0300][165,373s][info][gc] GC(1166) Concurrent cleanup 376M->376M(512M) 0,034ms
[2020-11-04T21:44:11.444+0300][165,374s][info][gc] GC(1166) Concurrent class unloading 1,133ms
[2020-11-04T21:44:11.444+0300][165,374s][info][gc] GC(1166) Concurrent strong roots 0,073ms
[2020-11-04T21:44:11.447+0300][165,377s][info][gc] GC(1166) Concurrent evacuation 2,716ms
[2020-11-04T21:44:11.447+0300][165,377s][info][gc] GC(1166) Pause Init Update Refs 0,017ms
[2020-11-04T21:44:11.497+0300][165,426s][info][gc] GC(1166) Concurrent update references 49,413ms
[2020-11-04T21:44:11.497+0300][165,427s][info][gc] GC(1166) Pause Final Update Refs 0,143ms
[2020-11-04T21:44:11.497+0300][165,427s][info][gc] GC(1166) Concurrent cleanup 479M->369M(512M) 0,085ms
[2020-11-04T21:44:11.498+0300][165,428s][info][gc] Trigger: Average GC time (179,30 ms) is above the time for allocation rate (797 MB/s) to deplete free headroom (90906K)
[2020-11-04T21:44:11.499+0300][165,428s][info][gc] GC(1167) Concurrent reset 0,350ms
[2020-11-04T21:44:11.499+0300][165,429s][info][gc] GC(1167) Pause Init Mark (unload classes) 0,108ms
[2020-11-04T21:44:11.625+0300][165,555s][info][gc] GC(1167) Concurrent marking (unload classes) 125,794ms
[2020-11-04T21:44:11.626+0300][165,555s][info][gc] GC(1167) Pause Final Mark (unload classes) 0,513ms
[2020-11-04T21:44:11.626+0300][165,556s][info][gc] GC(1167) Concurrent weak roots 0,454ms
[2020-11-04T21:44:11.626+0300][165,556s][info][gc] GC(1167) Concurrent cleanup 387M->387M(512M) 0,036ms
[2020-11-04T21:44:11.627+0300][165,557s][info][gc] GC(1167) Concurrent class unloading 1,228ms
[2020-11-04T21:44:11.628+0300][165,557s][info][gc] GC(1167) Concurrent strong roots 0,108ms
[2020-11-04T21:44:11.630+0300][165,560s][info][gc] GC(1167) Concurrent evacuation 2,880ms
[2020-11-04T21:44:11.631+0300][165,561s][info][gc] GC(1167) Pause Init Update Refs 0,026ms
[2020-11-04T21:44:11.686+0300][165,616s][info][gc] GC(1167) Concurrent update references 55,383ms
[2020-11-04T21:44:11.687+0300][165,617s][info][gc] GC(1167) Pause Final Update Refs 0,128ms
[2020-11-04T21:44:11.687+0300][165,617s][info][gc] GC(1167) Concurrent cleanup 468M->350M(512M) 0,077ms
[2020-11-04T21:44:11.703+0300][165,632s][info][gc] Trigger: Average GC time (175,38 ms) is above the time for allocation rate (533 MB/s) to deplete free headroom (95514K)
[2020-11-04T21:44:11.703+0300][165,633s][info][gc] GC(1168) Concurrent reset 0,606ms
[2020-11-04T21:44:11.704+0300][165,633s][info][gc] GC(1168) Pause Init Mark (unload classes) 0,115ms
[2020-11-04T21:44:11.758+0300][165,688s][info][gc] GC(1168) Concurrent marking (unload classes) 54,493ms
[2020-11-04T21:44:11.759+0300][165,689s][info][gc] GC(1168) Pause Final Mark (unload classes) 0,464ms
[2020-11-04T21:44:11.759+0300][165,689s][info][gc] GC(1168) Concurrent weak roots 0,390ms
[2020-11-04T21:44:11.760+0300][165,689s][info][gc] GC(1168) Concurrent cleanup 382M->378M(512M) 0,028ms
[2020-11-04T21:44:11.760+0300][165,690s][info][gc] GC(1168) Concurrent class unloading 0,816ms
[2020-11-04T21:44:11.760+0300][165,690s][info][gc] GC(1168) Concurrent strong roots 0,091ms
[2020-11-04T21:44:11.762+0300][165,692s][info][gc] GC(1168) Concurrent evacuation 1,883ms
[2020-11-04T21:44:11.763+0300][165,692s][info][gc] GC(1168) Pause Init Update Refs 0,018ms
[2020-11-04T21:44:11.790+0300][165,720s][info][gc] GC(1168) Concurrent update references 27,000ms
[2020-11-04T21:44:11.790+0300][165,720s][info][gc] GC(1168) Pause Final Update Refs 0,125ms
[2020-11-04T21:44:11.790+0300][165,720s][info][gc] GC(1168) Concurrent cleanup 437M->232M(512M) 0,095ms
[2020-11-04T21:44:11.809+0300][165,739s][info][gc] Trigger: Average GC time (158,69 ms) is above the time for allocation rate (1138 MB/s) to deplete free headroom (177M)
[2020-11-04T21:44:11.810+0300][165,740s][info][gc] GC(1169) Concurrent reset 0,569ms
[2020-11-04T21:44:11.810+0300][165,740s][info][gc] GC(1169) Pause Init Mark (unload classes) 0,108ms
[2020-11-04T21:44:11.897+0300][165,827s][info][gc] GC(1169) Concurrent marking (unload classes) 86,735ms
[2020-11-04T21:44:11.898+0300][165,828s][info][gc] GC(1169) Pause Final Mark (unload classes) 0,400ms
[2020-11-04T21:44:11.899+0300][165,829s][info][gc] GC(1169) Concurrent weak roots 0,405ms
[2020-11-04T21:44:11.899+0300][165,829s][info][gc] GC(1169) Concurrent cleanup 308M->308M(512M) 0,036ms
[2020-11-04T21:44:11.901+0300][165,830s][info][gc] GC(1169) Concurrent class unloading 1,108ms
[2020-11-04T21:44:11.901+0300][165,831s][info][gc] GC(1169) Concurrent strong roots 0,131ms
[2020-11-04T21:44:11.904+0300][165,834s][info][gc] GC(1169) Concurrent evacuation 3,075ms
[2020-11-04T21:44:11.904+0300][165,834s][info][gc] GC(1169) Pause Init Update Refs 0,019ms
[2020-11-04T21:44:11.939+0300][165,869s][info][gc] GC(1169) Concurrent update references 34,573ms
[2020-11-04T21:44:11.939+0300][165,869s][info][gc] GC(1169) Pause Final Update Refs 0,155ms
[2020-11-04T21:44:11.939+0300][165,869s][info][gc] GC(1169) Concurrent cleanup 391M->269M(512M) 0,092ms
[2020-11-04T21:44:11.958+0300][165,887s][info][gc] Trigger: Average GC time (138,63 ms) is above the time for allocation rate (1034 MB/s) to deplete free headroom (142M)
[2020-11-04T21:44:11.958+0300][165,888s][info][gc] GC(1170) Concurrent reset 0,493ms
[2020-11-04T21:44:11.958+0300][165,888s][info][gc] GC(1170) Pause Init Mark (process weakrefs) (unload classes) 0,125ms
[2020-11-04T21:44:12.023+0300][165,953s][info][gc] GC(1170) Concurrent marking (process weakrefs) (unload classes) 64,290ms
[2020-11-04T21:44:12.023+0300][165,953s][info][gc] GC(1170) Concurrent precleaning 0,193ms
[2020-11-04T21:44:12.024+0300][165,954s][info][gc] GC(1170) Pause Final Mark (process weakrefs) (unload classes) 0,474ms
[2020-11-04T21:44:12.024+0300][165,954s][info][gc] GC(1170) Concurrent weak roots 0,427ms
[2020-11-04T21:44:12.024+0300][165,954s][info][gc] GC(1170) Concurrent cleanup 338M->338M(512M) 0,036ms
[2020-11-04T21:44:12.025+0300][165,955s][info][gc] GC(1170) Concurrent class unloading 1,077ms
[2020-11-04T21:44:12.026+0300][165,955s][info][gc] GC(1170) Concurrent strong roots 0,059ms
[2020-11-04T21:44:12.029+0300][165,959s][info][gc] GC(1170) Concurrent evacuation 3,777ms
[2020-11-04T21:44:12.030+0300][165,960s][info][gc] GC(1170) Pause Init Update Refs 0,021ms
[2020-11-04T21:44:12.060+0300][165,990s][info][gc] GC(1170) Concurrent update references 30,130ms
[2020-11-04T21:44:12.060+0300][165,990s][info][gc] GC(1170) Pause Final Update Refs 0,152ms
[2020-11-04T21:44:12.061+0300][165,990s][info][gc] GC(1170) Concurrent cleanup 411M->258M(512M) 0,096ms
[2020-11-04T21:44:12.081+0300][166,011s][info][gc] Trigger: Average GC time (131,00 ms) is above the time for allocation rate (1159 MB/s) to deplete free headroom (148M)
[2020-11-04T21:44:12.081+0300][166,011s][info][gc] GC(1171) Concurrent reset 0,623ms
[2020-11-04T21:44:12.082+0300][166,012s][info][gc] GC(1171) Pause Init Mark (unload classes) 0,111ms
[2020-11-04T21:44:12.174+0300][166,103s][info][gc] GC(1171) Concurrent marking (unload classes) 91,625ms
[2020-11-04T21:44:12.174+0300][166,104s][info][gc] GC(1171) Pause Final Mark (unload classes) 0,321ms
[2020-11-04T21:44:12.175+0300][166,105s][info][gc] GC(1171) Concurrent weak roots 0,384ms
[2020-11-04T21:44:12.175+0300][166,105s][info][gc] GC(1171) Concurrent cleanup 335M->335M(512M) 0,040ms
[2020-11-04T21:44:12.176+0300][166,106s][info][gc] GC(1171) Concurrent class unloading 0,996ms
[2020-11-04T21:44:12.176+0300][166,106s][info][gc] GC(1171) Concurrent strong roots 0,064ms
[2020-11-04T21:44:12.179+0300][166,109s][info][gc] GC(1171) Concurrent evacuation 3,448ms
[2020-11-04T21:44:12.180+0300][166,110s][info][gc] GC(1171) Pause Init Update Refs 0,023ms
[2020-11-04T21:44:12.210+0300][166,140s][info][gc] GC(1171) Concurrent update references 30,246ms
[2020-11-04T21:44:12.210+0300][166,140s][info][gc] GC(1171) Pause Final Update Refs 0,150ms
[2020-11-04T21:44:12.211+0300][166,140s][info][gc] GC(1171) Concurrent cleanup 409M->266M(512M) 0,111ms
[2020-11-04T21:44:12.238+0300][166,168s][info][gc] Trigger: Average GC time (127,85 ms) is above the time for allocation rate (1007 MB/s) to deplete free headroom (128M)
[2020-11-04T21:44:12.239+0300][166,169s][info][gc] GC(1172) Concurrent reset 0,514ms
[2020-11-04T21:44:12.239+0300][166,169s][info][gc] GC(1172) Pause Init Mark (unload classes) 0,145ms
[2020-11-04T21:44:12.309+0300][166,239s][info][gc] GC(1172) Concurrent marking (unload classes) 69,848ms
[2020-11-04T21:44:12.310+0300][166,240s][info][gc] GC(1172) Pause Final Mark (unload classes) 0,725ms
[2020-11-04T21:44:12.311+0300][166,241s][info][gc] GC(1172) Concurrent weak roots 0,386ms
[2020-11-04T21:44:12.311+0300][166,241s][info][gc] GC(1172) Concurrent cleanup 351M->351M(512M) 0,041ms
[2020-11-04T21:44:12.312+0300][166,242s][info][gc] GC(1172) Concurrent class unloading 0,933ms
[2020-11-04T21:44:12.312+0300][166,242s][info][gc] GC(1172) Concurrent strong roots 0,145ms
[2020-11-04T21:44:12.316+0300][166,246s][info][gc] GC(1172) Concurrent evacuation 4,259ms
[2020-11-04T21:44:12.317+0300][166,246s][info][gc] GC(1172) Pause Init Update Refs 0,031ms
[2020-11-04T21:44:12.350+0300][166,279s][info][gc] GC(1172) Concurrent update references 32,907ms
[2020-11-04T21:44:12.350+0300][166,280s][info][gc] GC(1172) Pause Final Update Refs 0,157ms
[2020-11-04T21:44:12.350+0300][166,280s][info][gc] GC(1172) Concurrent cleanup 426M->267M(512M) 0,161ms
[2020-11-04T21:44:12.376+0300][166,306s][info][gc] Trigger: Average GC time (112,52 ms) is above the time for allocation rate (1134 MB/s) to deplete free headroom (126M)
[2020-11-04T21:44:12.376+0300][166,306s][info][gc] GC(1173) Concurrent reset 0,582ms
[2020-11-04T21:44:12.377+0300][166,307s][info][gc] GC(1173) Pause Init Mark (unload classes) 0,143ms
[2020-11-04T21:44:12.470+0300][166,400s][info][gc] GC(1173) Concurrent marking (unload classes) 93,092ms
[2020-11-04T21:44:12.471+0300][166,401s][info][gc] GC(1173) Pause Final Mark (unload classes) 0,487ms
[2020-11-04T21:44:12.471+0300][166,401s][info][gc] GC(1173) Concurrent weak roots 0,528ms
[2020-11-04T21:44:12.471+0300][166,401s][info][gc] GC(1173) Concurrent cleanup 355M->355M(512M) 0,039ms
[2020-11-04T21:44:12.473+0300][166,403s][info][gc] GC(1173) Concurrent class unloading 1,230ms
[2020-11-04T21:44:12.473+0300][166,403s][info][gc] GC(1173) Concurrent strong roots 0,073ms
[2020-11-04T21:44:12.477+0300][166,407s][info][gc] GC(1173) Concurrent evacuation 4,099ms
[2020-11-04T21:44:12.477+0300][166,407s][info][gc] GC(1173) Pause Init Update Refs 0,015ms
[2020-11-04T21:44:12.511+0300][166,441s][info][gc] GC(1173) Concurrent update references 33,457ms
[2020-11-04T21:44:12.511+0300][166,441s][info][gc] GC(1173) Pause Final Update Refs 0,147ms
[2020-11-04T21:44:12.511+0300][166,441s][info][gc] GC(1173) Concurrent cleanup 431M->274M(512M) 0,141ms
[2020-11-04T21:44:12.537+0300][166,467s][info][gc] Trigger: Average GC time (122,11 ms) is above the time for allocation rate (987 MB/s) to deplete free headroom (119M)
[2020-11-04T21:44:12.537+0300][166,467s][info][gc] GC(1174) Concurrent reset 0,577ms
[2020-11-04T21:44:12.538+0300][166,468s][info][gc] GC(1174) Pause Init Mark (unload classes) 0,122ms
[2020-11-04T21:44:12.615+0300][166,545s][info][gc] GC(1174) Concurrent marking (unload classes) 76,746ms
[2020-11-04T21:44:12.616+0300][166,545s][info][gc] GC(1174) Pause Final Mark (unload classes) 0,579ms
[2020-11-04T21:44:12.616+0300][166,546s][info][gc] GC(1174) Concurrent weak roots 0,477ms
[2020-11-04T21:44:12.616+0300][166,546s][info][gc] GC(1174) Concurrent cleanup 361M->361M(512M) 0,037ms
[2020-11-04T21:44:12.617+0300][166,547s][info][gc] GC(1174) Concurrent class unloading 1,083ms
[2020-11-04T21:44:12.617+0300][166,547s][info][gc] GC(1174) Concurrent strong roots 0,112ms
[2020-11-04T21:44:12.622+0300][166,551s][info][gc] GC(1174) Concurrent evacuation 4,018ms
[2020-11-04T21:44:12.622+0300][166,552s][info][gc] GC(1174) Pause Init Update Refs 0,026ms
[2020-11-04T21:44:12.658+0300][166,588s][info][gc] GC(1174) Concurrent update references 36,349ms
[2020-11-04T21:44:12.659+0300][166,589s][info][gc] GC(1174) Pause Final Update Refs 0,148ms
[2020-11-04T21:44:12.659+0300][166,589s][info][gc] GC(1174) Concurrent cleanup 431M->273M(512M) 0,116ms
[2020-11-04T21:44:12.683+0300][166,613s][info][gc] Trigger: Average GC time (120,54 ms) is above the time for allocation rate (1029 MB/s) to deplete free headroom (122M)
[2020-11-04T21:44:12.684+0300][166,614s][info][gc] GC(1175) Concurrent reset 0,605ms
[2020-11-04T21:44:12.684+0300][166,614s][info][gc] GC(1175) Pause Init Mark (process weakrefs) (unload classes) 0,099ms
[2020-11-04T21:44:12.777+0300][166,707s][info][gc] GC(1175) Concurrent marking (process weakrefs) (unload classes) 92,809ms
[2020-11-04T21:44:12.778+0300][166,707s][info][gc] GC(1175) Concurrent precleaning 0,133ms
[2020-11-04T21:44:12.779+0300][166,708s][info][gc] GC(1175) Pause Final Mark (process weakrefs) (unload classes) 0,743ms
[2020-11-04T21:44:12.779+0300][166,709s][info][gc] GC(1175) Concurrent weak roots 0,381ms
[2020-11-04T21:44:12.779+0300][166,709s][info][gc] GC(1175) Concurrent cleanup 359M->359M(512M) 0,034ms
[2020-11-04T21:44:12.780+0300][166,710s][info][gc] GC(1175) Concurrent class unloading 0,897ms
[2020-11-04T21:44:12.780+0300][166,710s][info][gc] GC(1175) Concurrent strong roots 0,128ms
[2020-11-04T21:44:12.784+0300][166,714s][info][gc] GC(1175) Concurrent evacuation 3,819ms
[2020-11-04T21:44:12.784+0300][166,714s][info][gc] GC(1175) Pause Init Update Refs 0,025ms
[2020-11-04T21:44:12.819+0300][166,748s][info][gc] GC(1175) Concurrent update references 34,090ms
[2020-11-04T21:44:12.819+0300][166,749s][info][gc] GC(1175) Pause Final Update Refs 0,295ms
[2020-11-04T21:44:12.819+0300][166,749s][info][gc] GC(1175) Concurrent cleanup 443M->292M(512M) 0,119ms
[2020-11-04T21:44:12.837+0300][166,767s][info][gc] Trigger: Average GC time (127,10 ms) is above the time for allocation rate (957 MB/s) to deplete free headroom (121M)
[2020-11-04T21:44:12.838+0300][166,768s][info][gc] GC(1176) Concurrent reset 0,602ms
[2020-11-04T21:44:12.839+0300][166,768s][info][gc] GC(1176) Pause Init Mark (unload classes) 0,232ms
[2020-11-04T21:44:12.909+0300][166,838s][info][gc] GC(1176) Concurrent marking (unload classes) 69,980ms
[2020-11-04T21:44:12.910+0300][166,839s][info][gc] GC(1176) Pause Final Mark (unload classes) 0,784ms
[2020-11-04T21:44:12.910+0300][166,840s][info][gc] GC(1176) Concurrent weak roots 0,392ms
[2020-11-04T21:44:12.910+0300][166,840s][info][gc] GC(1176) Concurrent cleanup 358M->358M(512M) 0,033ms
[2020-11-04T21:44:12.911+0300][166,841s][info][gc] GC(1176) Concurrent class unloading 1,032ms
[2020-11-04T21:44:12.911+0300][166,841s][info][gc] GC(1176) Concurrent strong roots 0,108ms
[2020-11-04T21:44:12.915+0300][166,845s][info][gc] GC(1176) Concurrent evacuation 3,993ms
[2020-11-04T21:44:12.916+0300][166,845s][info][gc] GC(1176) Pause Init Update Refs 0,033ms
[2020-11-04T21:44:12.951+0300][166,881s][info][gc] GC(1176) Concurrent update references 35,696ms
[2020-11-04T21:44:12.952+0300][166,882s][info][gc] GC(1176) Pause Final Update Refs 0,148ms
[2020-11-04T21:44:12.952+0300][166,882s][info][gc] GC(1176) Concurrent cleanup 440M->292M(512M) 0,101ms
[2020-11-04T21:44:12.967+0300][166,897s][info][gc] Trigger: Average GC time (124,06 ms) is above the time for allocation rate (1050 MB/s) to deplete free headroom (128M)
[2020-11-04T21:44:12.968+0300][166,898s][info][gc] GC(1177) Concurrent reset 0,669ms
[2020-11-04T21:44:12.968+0300][166,898s][info][gc] GC(1177) Pause Init Mark (unload classes) 0,121ms
[2020-11-04T21:44:13.062+0300][166,992s][info][gc] GC(1177) Concurrent marking (unload classes) 93,984ms
[2020-11-04T21:44:13.063+0300][166,993s][info][gc] GC(1177) Pause Final Mark (unload classes) 0,531ms
[2020-11-04T21:44:13.064+0300][166,993s][info][gc] GC(1177) Concurrent weak roots 0,505ms
[2020-11-04T21:44:13.064+0300][166,993s][info][gc] GC(1177) Concurrent cleanup 353M->353M(512M) 0,036ms
[2020-11-04T21:44:13.065+0300][166,994s][info][gc] GC(1177) Concurrent class unloading 0,996ms
[2020-11-04T21:44:13.065+0300][166,995s][info][gc] GC(1177) Concurrent strong roots 0,058ms
[2020-11-04T21:44:13.068+0300][166,998s][info][gc] GC(1177) Concurrent evacuation 3,707ms
[2020-11-04T21:44:13.069+0300][166,999s][info][gc] GC(1177) Pause Init Update Refs 0,017ms
[2020-11-04T21:44:13.105+0300][167,035s][info][gc] GC(1177) Concurrent update references 35,992ms
[2020-11-04T21:44:13.105+0300][167,035s][info][gc] GC(1177) Pause Final Update Refs 0,151ms
[2020-11-04T21:44:13.106+0300][167,035s][info][gc] GC(1177) Concurrent cleanup 437M->300M(512M) 0,085ms
[2020-11-04T21:44:13.121+0300][167,051s][info][gc] Trigger: Average GC time (129,36 ms) is above the time for allocation rate (926 MB/s) to deplete free headroom (117M)
[2020-11-04T21:44:13.122+0300][167,052s][info][gc] GC(1178) Concurrent reset 0,583ms
[2020-11-04T21:44:13.123+0300][167,052s][info][gc] GC(1178) Pause Init Mark (unload classes) 0,119ms
[2020-11-04T21:44:13.195+0300][167,125s][info][gc] GC(1178) Concurrent marking (unload classes) 72,513ms
[2020-11-04T21:44:13.196+0300][167,126s][info][gc] GC(1178) Pause Final Mark (unload classes) 0,455ms
[2020-11-04T21:44:13.196+0300][167,126s][info][gc] GC(1178) Concurrent weak roots 0,393ms
[2020-11-04T21:44:13.196+0300][167,126s][info][gc] GC(1178) Concurrent cleanup 361M->361M(512M) 0,048ms
[2020-11-04T21:44:13.197+0300][167,127s][info][gc] GC(1178) Concurrent class unloading 0,926ms
[2020-11-04T21:44:13.197+0300][167,127s][info][gc] GC(1178) Concurrent strong roots 0,070ms
[2020-11-04T21:44:13.202+0300][167,131s][info][gc] GC(1178) Concurrent evacuation 4,088ms
[2020-11-04T21:44:13.202+0300][167,132s][info][gc] GC(1178) Pause Init Update Refs 0,019ms
[2020-11-04T21:44:13.239+0300][167,169s][info][gc] GC(1178) Concurrent update references 37,248ms
[2020-11-04T21:44:13.240+0300][167,169s][info][gc] GC(1178) Pause Final Update Refs 0,126ms
[2020-11-04T21:44:13.240+0300][167,170s][info][gc] GC(1178) Concurrent cleanup 446M->303M(512M) 0,120ms
[2020-11-04T21:44:13.252+0300][167,181s][info][gc] Trigger: Average GC time (125,90 ms) is above the time for allocation rate (1006 MB/s) to deplete free headroom (126M)
[2020-11-04T21:44:13.252+0300][167,182s][info][gc] GC(1179) Concurrent reset 0,554ms
[2020-11-04T21:44:13.253+0300][167,182s][info][gc] GC(1179) Pause Init Mark (unload classes) 0,123ms
[2020-11-04T21:44:13.330+0300][167,260s][info][gc] GC(1179) Concurrent marking (unload classes) 77,648ms
[2020-11-04T21:44:13.331+0300][167,261s][info][gc] GC(1179) Pause Final Mark (unload classes) 0,383ms
[2020-11-04T21:44:13.331+0300][167,261s][info][gc] GC(1179) Concurrent weak roots 0,432ms
[2020-11-04T21:44:13.332+0300][167,261s][info][gc] GC(1179) Concurrent cleanup 353M->353M(512M) 0,035ms
[2020-11-04T21:44:13.333+0300][167,263s][info][gc] GC(1179) Concurrent class unloading 1,210ms
[2020-11-04T21:44:13.333+0300][167,263s][info][gc] GC(1179) Concurrent strong roots 0,062ms
[2020-11-04T21:44:13.336+0300][167,266s][info][gc] GC(1179) Concurrent evacuation 3,609ms
[2020-11-04T21:44:13.337+0300][167,267s][info][gc] GC(1179) Pause Init Update Refs 0,014ms
[2020-11-04T21:44:13.375+0300][167,305s][info][gc] GC(1179) Concurrent update references 38,586ms
[2020-11-04T21:44:13.376+0300][167,306s][info][gc] GC(1179) Pause Final Update Refs 0,384ms
[2020-11-04T21:44:13.376+0300][167,306s][info][gc] GC(1179) Concurrent cleanup 438M->308M(512M) 0,109ms
[2020-11-04T21:44:13.388+0300][167,318s][info][gc] Trigger: Average GC time (126,43 ms) is above the time for allocation rate (960 MB/s) to deplete free headroom (121M)
[2020-11-04T21:44:13.389+0300][167,319s][info][gc] GC(1180) Concurrent reset 0,603ms
[2020-11-04T21:44:13.389+0300][167,319s][info][gc] GC(1180) Pause Init Mark (process weakrefs) (unload classes) 0,100ms
[2020-11-04T21:44:13.470+0300][167,400s][info][gc] GC(1180) Concurrent marking (process weakrefs) (unload classes) 81,273ms
[2020-11-04T21:44:13.471+0300][167,400s][info][gc] GC(1180) Concurrent precleaning 0,182ms
[2020-11-04T21:44:13.472+0300][167,401s][info][gc] GC(1180) Pause Final Mark (process weakrefs) (unload classes) 0,713ms
[2020-11-04T21:44:13.472+0300][167,402s][info][gc] GC(1180) Concurrent weak roots 0,422ms
[2020-11-04T21:44:13.472+0300][167,402s][info][gc] GC(1180) Concurrent cleanup 358M->358M(512M) 0,038ms
[2020-11-04T21:44:13.473+0300][167,403s][info][gc] GC(1180) Concurrent class unloading 1,025ms
[2020-11-04T21:44:13.473+0300][167,403s][info][gc] GC(1180) Concurrent strong roots 0,117ms
[2020-11-04T21:44:13.477+0300][167,406s][info][gc] GC(1180) Concurrent evacuation 3,221ms
[2020-11-04T21:44:13.477+0300][167,407s][info][gc] GC(1180) Pause Init Update Refs 0,024ms
[2020-11-04T21:44:13.517+0300][167,447s][info][gc] GC(1180) Concurrent update references 40,413ms
[2020-11-04T21:44:13.518+0300][167,448s][info][gc] GC(1180) Pause Final Update Refs 0,292ms
[2020-11-04T21:44:13.518+0300][167,448s][info][gc] GC(1180) Concurrent cleanup 447M->315M(512M) 0,102ms
[2020-11-04T21:44:13.529+0300][167,459s][info][gc] Trigger: Average GC time (125,28 ms) is above the time for allocation rate (942 MB/s) to deplete free headroom (116M)
[2020-11-04T21:44:13.530+0300][167,459s][info][gc] GC(1181) Concurrent reset 0,633ms
[2020-11-04T21:44:13.530+0300][167,460s][info][gc] GC(1181) Pause Init Mark (unload classes) 0,153ms
[2020-11-04T21:44:13.612+0300][167,542s][info][gc] GC(1181) Concurrent marking (unload classes) 81,899ms
[2020-11-04T21:44:13.613+0300][167,543s][info][gc] GC(1181) Pause Final Mark (unload classes) 0,726ms
[2020-11-04T21:44:13.613+0300][167,543s][info][gc] GC(1181) Concurrent weak roots 0,514ms
[2020-11-04T21:44:13.614+0300][167,543s][info][gc] GC(1181) Concurrent cleanup 364M->364M(512M) 0,037ms
[2020-11-04T21:44:13.614+0300][167,544s][info][gc] GC(1181) Concurrent class unloading 0,909ms
[2020-11-04T21:44:13.615+0300][167,544s][info][gc] GC(1181) Concurrent strong roots 0,063ms
[2020-11-04T21:44:13.619+0300][167,549s][info][gc] GC(1181) Concurrent evacuation 4,331ms
[2020-11-04T21:44:13.619+0300][167,549s][info][gc] GC(1181) Pause Init Update Refs 0,026ms
[2020-11-04T21:44:13.662+0300][167,592s][info][gc] GC(1181) Concurrent update references 42,723ms
[2020-11-04T21:44:13.663+0300][167,592s][info][gc] GC(1181) Pause Final Update Refs 0,167ms
[2020-11-04T21:44:13.663+0300][167,592s][info][gc] GC(1181) Concurrent cleanup 443M->310M(512M) 0,079ms
[2020-11-04T21:44:13.677+0300][167,606s][info][gc] Trigger: Average GC time (129,10 ms) is above the time for allocation rate (896 MB/s) to deplete free headroom (113M)
[2020-11-04T21:44:13.677+0300][167,607s][info][gc] GC(1182) Concurrent reset 0,649ms
[2020-11-04T21:44:13.678+0300][167,608s][info][gc] GC(1182) Pause Init Mark (unload classes) 0,143ms
[2020-11-04T21:44:13.753+0300][167,683s][info][gc] GC(1182) Concurrent marking (unload classes) 75,524ms
[2020-11-04T21:44:13.754+0300][167,684s][info][gc] GC(1182) Pause Final Mark (unload classes) 0,412ms
[2020-11-04T21:44:13.755+0300][167,684s][info][gc] GC(1182) Concurrent weak roots 0,473ms
[2020-11-04T21:44:13.755+0300][167,684s][info][gc] GC(1182) Concurrent cleanup 365M->365M(512M) 0,034ms
[2020-11-04T21:44:13.756+0300][167,686s][info][gc] GC(1182) Concurrent class unloading 1,155ms
[2020-11-04T21:44:13.756+0300][167,686s][info][gc] GC(1182) Concurrent strong roots 0,137ms
[2020-11-04T21:44:13.760+0300][167,689s][info][gc] GC(1182) Concurrent evacuation 3,608ms
[2020-11-04T21:44:13.760+0300][167,690s][info][gc] GC(1182) Pause Init Update Refs 0,024ms
[2020-11-04T21:44:13.810+0300][167,740s][info][gc] GC(1182) Concurrent update references 50,083ms
[2020-11-04T21:44:13.811+0300][167,740s][info][gc] GC(1182) Pause Final Update Refs 0,151ms
[2020-11-04T21:44:13.811+0300][167,741s][info][gc] GC(1182) Concurrent cleanup 478M->345M(512M) 0,096ms
[2020-11-04T21:44:13.812+0300][167,742s][info][gc] Trigger: Average GC time (128,23 ms) is above the time for allocation rate (957 MB/s) to deplete free headroom (111M)
[2020-11-04T21:44:13.812+0300][167,742s][info][gc] GC(1183) Concurrent reset 0,405ms
[2020-11-04T21:44:13.813+0300][167,743s][info][gc] GC(1183) Pause Init Mark (unload classes) 0,120ms
[2020-11-04T21:44:13.920+0300][167,849s][info][gc] GC(1183) Concurrent marking (unload classes) 106,833ms
[2020-11-04T21:44:13.920+0300][167,850s][info][gc] GC(1183) Pause Final Mark (unload classes) 0,383ms
[2020-11-04T21:44:13.921+0300][167,850s][info][gc] GC(1183) Concurrent weak roots 0,375ms
[2020-11-04T21:44:13.921+0300][167,851s][info][gc] GC(1183) Concurrent cleanup 367M->367M(512M) 0,041ms
[2020-11-04T21:44:13.922+0300][167,852s][info][gc] GC(1183) Concurrent class unloading 1,000ms
[2020-11-04T21:44:13.922+0300][167,852s][info][gc] GC(1183) Concurrent strong roots 0,138ms
[2020-11-04T21:44:13.925+0300][167,855s][info][gc] GC(1183) Concurrent evacuation 3,224ms
[2020-11-04T21:44:13.925+0300][167,855s][info][gc] GC(1183) Pause Init Update Refs 0,014ms
[2020-11-04T21:44:13.968+0300][167,898s][info][gc] GC(1183) Concurrent update references 42,383ms
[2020-11-04T21:44:13.968+0300][167,898s][info][gc] GC(1183) Pause Final Update Refs 0,159ms
[2020-11-04T21:44:13.969+0300][167,898s][info][gc] GC(1183) Concurrent cleanup 460M->330M(512M) 0,066ms
[2020-11-04T21:44:13.978+0300][167,908s][info][gc] Trigger: Average GC time (135,90 ms) is above the time for allocation rate (796 MB/s) to deplete free headroom (104M)
[2020-11-04T21:44:13.979+0300][167,909s][info][gc] GC(1184) Concurrent reset 0,634ms
[2020-11-04T21:44:13.979+0300][167,909s][info][gc] GC(1184) Pause Init Mark (unload classes) 0,144ms
[2020-11-04T21:44:14.067+0300][167,997s][info][gc] GC(1184) Concurrent marking (unload classes) 87,758ms
[2020-11-04T21:44:14.068+0300][167,998s][info][gc] GC(1184) Pause Final Mark (unload classes) 0,435ms
[2020-11-04T21:44:14.068+0300][167,998s][info][gc] GC(1184) Concurrent weak roots 0,398ms
[2020-11-04T21:44:14.068+0300][167,998s][info][gc] GC(1184) Concurrent cleanup 374M->374M(512M) 0,047ms
[2020-11-04T21:44:14.069+0300][167,999s][info][gc] GC(1184) Concurrent class unloading 1,001ms
[2020-11-04T21:44:14.070+0300][167,999s][info][gc] GC(1184) Concurrent strong roots 0,110ms
[2020-11-04T21:44:14.073+0300][168,003s][info][gc] GC(1184) Concurrent evacuation 3,298ms
[2020-11-04T21:44:14.073+0300][168,003s][info][gc] GC(1184) Pause Init Update Refs 0,015ms
[2020-11-04T21:44:14.119+0300][168,048s][info][gc] GC(1184) Concurrent update references 45,324ms
[2020-11-04T21:44:14.119+0300][168,049s][info][gc] GC(1184) Pause Final Update Refs 0,154ms
[2020-11-04T21:44:14.119+0300][168,049s][info][gc] GC(1184) Concurrent cleanup 469M->336M(512M) 0,063ms
[2020-11-04T21:44:14.123+0300][168,053s][info][gc] Trigger: Average GC time (139,15 ms) is above the time for allocation rate (829 MB/s) to deplete free headroom (113M)
[2020-11-04T21:44:14.124+0300][168,054s][info][gc] GC(1185) Concurrent reset 0,564ms
[2020-11-04T21:44:14.125+0300][168,054s][info][gc] GC(1185) Pause Init Mark (process weakrefs) (unload classes) 0,117ms
[2020-11-04T21:44:14.203+0300][168,132s][info][gc] GC(1185) Concurrent marking (process weakrefs) (unload classes) 78,011ms
[2020-11-04T21:44:14.203+0300][168,133s][info][gc] GC(1185) Concurrent precleaning 0,173ms
[2020-11-04T21:44:14.204+0300][168,133s][info][gc] GC(1185) Pause Final Mark (process weakrefs) (unload classes) 0,473ms
[2020-11-04T21:44:14.204+0300][168,134s][info][gc] GC(1185) Concurrent weak roots 0,372ms
[2020-11-04T21:44:14.204+0300][168,134s][info][gc] GC(1185) Concurrent cleanup 366M->366M(512M) 0,033ms
[2020-11-04T21:44:14.205+0300][168,135s][info][gc] GC(1185) Concurrent class unloading 1,074ms
[2020-11-04T21:44:14.205+0300][168,135s][info][gc] GC(1185) Concurrent strong roots 0,120ms
[2020-11-04T21:44:14.208+0300][168,138s][info][gc] GC(1185) Concurrent evacuation 2,981ms
[2020-11-04T21:44:14.209+0300][168,139s][info][gc] GC(1185) Pause Init Update Refs 0,022ms
[2020-11-04T21:44:14.261+0300][168,191s][info][gc] GC(1185) Concurrent update references 52,201ms
[2020-11-04T21:44:14.262+0300][168,191s][info][gc] GC(1185) Pause Final Update Refs 0,131ms
[2020-11-04T21:44:14.262+0300][168,191s][info][gc] GC(1185) Concurrent cleanup 478M->357M(512M) 0,060ms
[2020-11-04T21:44:14.263+0300][168,193s][info][gc] Trigger: Average GC time (140,78 ms) is above the time for allocation rate (913 MB/s) to deplete free headroom (102M)
[2020-11-04T21:44:14.263+0300][168,193s][info][gc] GC(1186) Concurrent reset 0,324ms
[2020-11-04T21:44:14.264+0300][168,193s][info][gc] GC(1186) Pause Init Mark (unload classes) 0,107ms
[2020-11-04T21:44:14.355+0300][168,285s][info][gc] GC(1186) Concurrent marking (unload classes) 91,205ms
[2020-11-04T21:44:14.356+0300][168,285s][info][gc] GC(1186) Pause Final Mark (unload classes) 0,442ms
[2020-11-04T21:44:14.356+0300][168,286s][info][gc] GC(1186) Concurrent weak roots 0,525ms
[2020-11-04T21:44:14.356+0300][168,286s][info][gc] GC(1186) Concurrent cleanup 374M->374M(512M) 0,037ms
[2020-11-04T21:44:14.357+0300][168,287s][info][gc] GC(1186) Concurrent class unloading 0,887ms
[2020-11-04T21:44:14.357+0300][168,287s][info][gc] GC(1186) Concurrent strong roots 0,070ms
[2020-11-04T21:44:14.361+0300][168,291s][info][gc] GC(1186) Concurrent evacuation 4,247ms
[2020-11-04T21:44:14.362+0300][168,292s][info][gc] GC(1186) Pause Init Update Refs 0,016ms
[2020-11-04T21:44:14.406+0300][168,336s][info][gc] GC(1186) Concurrent update references 44,107ms
[2020-11-04T21:44:14.407+0300][168,336s][info][gc] GC(1186) Pause Final Update Refs 0,205ms
[2020-11-04T21:44:14.407+0300][168,337s][info][gc] GC(1186) Concurrent cleanup 472M->345M(512M) 0,094ms
[2020-11-04T21:44:14.408+0300][168,338s][info][gc] Trigger: Average GC time (142,79 ms) is above the time for allocation rate (788 MB/s) to deplete free headroom (111M)
[2020-11-04T21:44:14.408+0300][168,338s][info][gc] GC(1187) Concurrent reset 0,354ms
[2020-11-04T21:44:14.409+0300][168,338s][info][gc] GC(1187) Pause Init Mark (unload classes) 0,125ms
[2020-11-04T21:44:14.502+0300][168,432s][info][gc] GC(1187) Concurrent marking (unload classes) 93,383ms
[2020-11-04T21:44:14.503+0300][168,433s][info][gc] GC(1187) Pause Final Mark (unload classes) 0,469ms
[2020-11-04T21:44:14.503+0300][168,433s][info][gc] GC(1187) Concurrent weak roots 0,464ms
[2020-11-04T21:44:14.503+0300][168,433s][info][gc] GC(1187) Concurrent cleanup 367M->367M(512M) 0,035ms
[2020-11-04T21:44:14.504+0300][168,434s][info][gc] GC(1187) Concurrent class unloading 0,994ms
[2020-11-04T21:44:14.505+0300][168,434s][info][gc] GC(1187) Concurrent strong roots 0,063ms
[2020-11-04T21:44:14.508+0300][168,438s][info][gc] GC(1187) Concurrent evacuation 3,283ms
[2020-11-04T21:44:14.508+0300][168,438s][info][gc] GC(1187) Pause Init Update Refs 0,015ms
[2020-11-04T21:44:14.553+0300][168,483s][info][gc] GC(1187) Concurrent update references 44,351ms
[2020-11-04T21:44:14.553+0300][168,483s][info][gc] GC(1187) Pause Final Update Refs 0,153ms
[2020-11-04T21:44:14.553+0300][168,483s][info][gc] GC(1187) Concurrent cleanup 465M->350M(512M) 0,109ms
[2020-11-04T21:44:14.554+0300][168,484s][info][gc] Trigger: Average GC time (145,07 ms) is above the time for allocation rate (790 MB/s) to deplete free headroom (106M)
[2020-11-04T21:44:14.555+0300][168,485s][info][gc] GC(1188) Concurrent reset 0,362ms
[2020-11-04T21:44:14.555+0300][168,485s][info][gc] GC(1188) Pause Init Mark (unload classes) 0,111ms
[2020-11-04T21:44:14.654+0300][168,584s][info][gc] GC(1188) Concurrent marking (unload classes) 98,524ms
[2020-11-04T21:44:14.654+0300][168,584s][info][gc] GC(1188) Pause Final Mark (unload classes) 0,424ms
[2020-11-04T21:44:14.655+0300][168,585s][info][gc] GC(1188) Concurrent weak roots 0,439ms
[2020-11-04T21:44:14.655+0300][168,585s][info][gc] GC(1188) Concurrent cleanup 371M->371M(512M) 0,034ms
[2020-11-04T21:44:14.656+0300][168,586s][info][gc] GC(1188) Concurrent class unloading 0,861ms
[2020-11-04T21:44:14.656+0300][168,586s][info][gc] GC(1188) Concurrent strong roots 0,050ms
[2020-11-04T21:44:14.659+0300][168,589s][info][gc] GC(1188) Concurrent evacuation 2,935ms
[2020-11-04T21:44:14.659+0300][168,589s][info][gc] GC(1188) Pause Init Update Refs 0,023ms
[2020-11-04T21:44:14.704+0300][168,634s][info][gc] GC(1188) Concurrent update references 44,285ms
[2020-11-04T21:44:14.704+0300][168,634s][info][gc] GC(1188) Pause Final Update Refs 0,120ms
[2020-11-04T21:44:14.704+0300][168,634s][info][gc] GC(1188) Concurrent cleanup 472M->356M(512M) 0,098ms
[2020-11-04T21:44:14.705+0300][168,635s][info][gc] Trigger: Average GC time (143,72 ms) is above the time for allocation rate (786 MB/s) to deplete free headroom (100M)
[2020-11-04T21:44:14.706+0300][168,636s][info][gc] GC(1189) Concurrent reset 0,410ms
[2020-11-04T21:44:14.706+0300][168,636s][info][gc] GC(1189) Pause Init Mark (unload classes) 0,137ms
[2020-11-04T21:44:14.800+0300][168,730s][info][gc] GC(1189) Concurrent marking (unload classes) 93,637ms
[2020-11-04T21:44:14.801+0300][168,731s][info][gc] GC(1189) Pause Final Mark (unload classes) 0,435ms
[2020-11-04T21:44:14.801+0300][168,731s][info][gc] GC(1189) Concurrent weak roots 0,519ms
[2020-11-04T21:44:14.801+0300][168,731s][info][gc] GC(1189) Concurrent cleanup 376M->376M(512M) 0,035ms
[2020-11-04T21:44:14.802+0300][168,732s][info][gc] GC(1189) Concurrent class unloading 0,928ms
[2020-11-04T21:44:14.803+0300][168,732s][info][gc] GC(1189) Concurrent strong roots 0,070ms
[2020-11-04T21:44:14.805+0300][168,735s][info][gc] GC(1189) Concurrent evacuation 2,878ms
[2020-11-04T21:44:14.806+0300][168,736s][info][gc] GC(1189) Pause Init Update Refs 0,024ms
[2020-11-04T21:44:14.851+0300][168,781s][info][gc] GC(1189) Concurrent update references 45,336ms
[2020-11-04T21:44:14.852+0300][168,781s][info][gc] GC(1189) Pause Final Update Refs 0,147ms
[2020-11-04T21:44:14.852+0300][168,782s][info][gc] GC(1189) Concurrent cleanup 476M->357M(512M) 0,103ms
[2020-11-04T21:44:14.853+0300][168,783s][info][gc] Trigger: Average GC time (144,78 ms) is above the time for allocation rate (787 MB/s) to deplete free headroom (102170K)
[2020-11-04T21:44:14.853+0300][168,783s][info][gc] GC(1190) Concurrent reset 0,422ms
[2020-11-04T21:44:14.854+0300][168,784s][info][gc] GC(1190) Pause Init Mark (process weakrefs) (unload classes) 0,085ms
[2020-11-04T21:44:14.938+0300][168,868s][info][gc] GC(1190) Concurrent marking (process weakrefs) (unload classes) 83,885ms
[2020-11-04T21:44:14.938+0300][168,868s][info][gc] GC(1190) Concurrent precleaning 0,179ms
[2020-11-04T21:44:14.939+0300][168,869s][info][gc] GC(1190) Pause Final Mark (process weakrefs) (unload classes) 0,610ms
[2020-11-04T21:44:14.939+0300][168,869s][info][gc] GC(1190) Concurrent weak roots 0,490ms
[2020-11-04T21:44:14.939+0300][168,869s][info][gc] GC(1190) Concurrent cleanup 377M->377M(512M) 0,039ms
[2020-11-04T21:44:14.940+0300][168,870s][info][gc] GC(1190) Concurrent class unloading 0,849ms
[2020-11-04T21:44:14.940+0300][168,870s][info][gc] GC(1190) Concurrent strong roots 0,073ms
[2020-11-04T21:44:14.944+0300][168,874s][info][gc] GC(1190) Concurrent evacuation 3,696ms
[2020-11-04T21:44:14.944+0300][168,874s][info][gc] GC(1190) Pause Init Update Refs 0,024ms
[2020-11-04T21:44:14.990+0300][168,920s][info][gc] GC(1190) Concurrent update references 45,515ms
[2020-11-04T21:44:14.991+0300][168,920s][info][gc] GC(1190) Pause Final Update Refs 0,145ms
[2020-11-04T21:44:14.991+0300][168,921s][info][gc] GC(1190) Concurrent cleanup 478M->362M(512M) 0,106ms
[2020-11-04T21:44:14.992+0300][168,922s][info][gc] Trigger: Average GC time (144,71 ms) is above the time for allocation rate (845 MB/s) to deplete free headroom (97050K)
[2020-11-04T21:44:14.992+0300][168,922s][info][gc] GC(1191) Concurrent reset 0,379ms
[2020-11-04T21:44:14.993+0300][168,923s][info][gc] GC(1191) Pause Init Mark (unload classes) 0,112ms
[2020-11-04T21:44:15.086+0300][169,016s][info][gc] GC(1191) Concurrent marking (unload classes) 93,489ms
[2020-11-04T21:44:15.087+0300][169,017s][info][gc] GC(1191) Pause Final Mark (unload classes) 0,557ms
[2020-11-04T21:44:15.088+0300][169,018s][info][gc] GC(1191) Concurrent weak roots 0,515ms
[2020-11-04T21:44:15.088+0300][169,018s][info][gc] GC(1191) Concurrent cleanup 381M->381M(512M) 0,036ms
[2020-11-04T21:44:15.089+0300][169,019s][info][gc] GC(1191) Concurrent class unloading 1,026ms
[2020-11-04T21:44:15.089+0300][169,019s][info][gc] GC(1191) Concurrent strong roots 0,088ms
[2020-11-04T21:44:15.092+0300][169,022s][info][gc] GC(1191) Concurrent evacuation 2,882ms
[2020-11-04T21:44:15.092+0300][169,022s][info][gc] GC(1191) Pause Init Update Refs 0,013ms
[2020-11-04T21:44:15.140+0300][169,070s][info][gc] GC(1191) Concurrent update references 47,530ms
[2020-11-04T21:44:15.140+0300][169,070s][info][gc] GC(1191) Pause Final Update Refs 0,175ms
[2020-11-04T21:44:15.140+0300][169,070s][info][gc] GC(1191) Concurrent cleanup 479M->361M(512M) 0,081ms
[2020-11-04T21:44:15.142+0300][169,071s][info][gc] Trigger: Average GC time (145,61 ms) is above the time for allocation rate (757 MB/s) to deplete free headroom (98074K)
[2020-11-04T21:44:15.142+0300][169,072s][info][gc] GC(1192) Concurrent reset 0,347ms
[2020-11-04T21:44:15.142+0300][169,072s][info][gc] GC(1192) Pause Init Mark (unload classes) 0,084ms
[2020-11-04T21:44:15.242+0300][169,172s][info][gc] GC(1192) Concurrent marking (unload classes) 99,496ms
[2020-11-04T21:44:15.242+0300][169,172s][info][gc] GC(1192) Pause Final Mark (unload classes) 0,387ms
[2020-11-04T21:44:15.243+0300][169,173s][info][gc] GC(1192) Concurrent weak roots 0,404ms
[2020-11-04T21:44:15.243+0300][169,173s][info][gc] GC(1192) Concurrent cleanup 380M->380M(512M) 0,057ms
[2020-11-04T21:44:15.244+0300][169,174s][info][gc] GC(1192) Concurrent class unloading 1,098ms
[2020-11-04T21:44:15.244+0300][169,174s][info][gc] GC(1192) Concurrent strong roots 0,087ms
[2020-11-04T21:44:15.247+0300][169,177s][info][gc] GC(1192) Concurrent evacuation 2,809ms
[2020-11-04T21:44:15.247+0300][169,177s][info][gc] GC(1192) Pause Init Update Refs 0,024ms
[2020-11-04T21:44:15.296+0300][169,226s][info][gc] GC(1192) Concurrent update references 48,990ms
[2020-11-04T21:44:15.297+0300][169,227s][info][gc] GC(1192) Pause Final Update Refs 0,372ms
[2020-11-04T21:44:15.297+0300][169,227s][info][gc] GC(1192) Concurrent cleanup 479M->366M(512M) 0,106ms
[2020-11-04T21:44:15.298+0300][169,228s][info][gc] Trigger: Average GC time (147,66 ms) is above the time for allocation rate (727 MB/s) to deplete free headroom (93722K)
[2020-11-04T21:44:15.299+0300][169,229s][info][gc] GC(1193) Concurrent reset 0,371ms
[2020-11-04T21:44:15.299+0300][169,229s][info][gc] GC(1193) Pause Init Mark (unload classes) 0,248ms
[2020-11-04T21:44:15.389+0300][169,319s][info][gc] GC(1193) Concurrent marking (unload classes) 89,737ms
[2020-11-04T21:44:15.390+0300][169,320s][info][gc] GC(1193) Pause Final Mark (unload classes) 0,694ms
[2020-11-04T21:44:15.391+0300][169,320s][info][gc] GC(1193) Concurrent weak roots 0,493ms
[2020-11-04T21:44:15.391+0300][169,320s][info][gc] GC(1193) Concurrent cleanup 384M->384M(512M) 0,035ms
[2020-11-04T21:44:15.391+0300][169,321s][info][gc] GC(1193) Concurrent class unloading 0,766ms
[2020-11-04T21:44:15.392+0300][169,321s][info][gc] GC(1193) Concurrent strong roots 0,142ms
[2020-11-04T21:44:15.394+0300][169,324s][info][gc] GC(1193) Concurrent evacuation 2,791ms
[2020-11-04T21:44:15.395+0300][169,325s][info][gc] GC(1193) Pause Init Update Refs 0,022ms
[2020-11-04T21:44:15.443+0300][169,372s][info][gc] GC(1193) Concurrent update references 47,738ms
[2020-11-04T21:44:15.443+0300][169,373s][info][gc] GC(1193) Pause Final Update Refs 0,278ms
[2020-11-04T21:44:15.443+0300][169,373s][info][gc] GC(1193) Concurrent cleanup 480M->366M(512M) 0,074ms
[2020-11-04T21:44:15.444+0300][169,374s][info][gc] Trigger: Average GC time (146,64 ms) is above the time for allocation rate (758 MB/s) to deplete free headroom (93722K)
[2020-11-04T21:44:15.445+0300][169,375s][info][gc] GC(1194) Concurrent reset 0,383ms
[2020-11-04T21:44:15.445+0300][169,375s][info][gc] GC(1194) Pause Init Mark (unload classes) 0,219ms
[2020-11-04T21:44:15.547+0300][169,477s][info][gc] GC(1194) Concurrent marking (unload classes) 101,971ms
[2020-11-04T21:44:15.548+0300][169,478s][info][gc] GC(1194) Pause Final Mark (unload classes) 0,653ms
[2020-11-04T21:44:15.548+0300][169,478s][info][gc] GC(1194) Concurrent weak roots 0,370ms
[2020-11-04T21:44:15.549+0300][169,478s][info][gc] GC(1194) Concurrent cleanup 384M->384M(512M) 0,032ms
[2020-11-04T21:44:15.549+0300][169,479s][info][gc] GC(1194) Concurrent class unloading 0,866ms
[2020-11-04T21:44:15.550+0300][169,479s][info][gc] GC(1194) Concurrent strong roots 0,096ms
[2020-11-04T21:44:15.553+0300][169,482s][info][gc] GC(1194) Concurrent evacuation 3,005ms
[2020-11-04T21:44:15.553+0300][169,483s][info][gc] GC(1194) Pause Init Update Refs 0,026ms
[2020-11-04T21:44:15.605+0300][169,534s][info][gc] GC(1194) Concurrent update references 51,624ms
[2020-11-04T21:44:15.605+0300][169,535s][info][gc] GC(1194) Pause Final Update Refs 0,278ms
[2020-11-04T21:44:15.605+0300][169,535s][info][gc] GC(1194) Concurrent cleanup 454M->343M(512M) 0,113ms
[2020-11-04T21:44:15.617+0300][169,547s][info][gc] Trigger: Average GC time (149,57 ms) is above the time for allocation rate (624 MB/s) to deplete free headroom (93210K)
[2020-11-04T21:44:15.618+0300][169,548s][info][gc] GC(1195) Concurrent reset 0,640ms
[2020-11-04T21:44:15.618+0300][169,548s][info][gc] GC(1195) Pause Init Mark (process weakrefs) (unload classes) 0,192ms
[2020-11-04T21:44:15.697+0300][169,626s][info][gc] GC(1195) Concurrent marking (process weakrefs) (unload classes) 78,239ms
[2020-11-04T21:44:15.697+0300][169,627s][info][gc] GC(1195) Concurrent precleaning 0,165ms
[2020-11-04T21:44:15.697+0300][169,627s][info][gc] GC(1195) Pause Final Mark (process weakrefs) (unload classes) 0,454ms
[2020-11-04T21:44:15.698+0300][169,628s][info][gc] GC(1195) Concurrent weak roots 0,466ms
[2020-11-04T21:44:15.698+0300][169,628s][info][gc] GC(1195) Concurrent cleanup 385M->381M(512M) 0,036ms
[2020-11-04T21:44:15.699+0300][169,629s][info][gc] GC(1195) Concurrent class unloading 0,979ms
[2020-11-04T21:44:15.699+0300][169,629s][info][gc] GC(1195) Concurrent strong roots 0,224ms
[2020-11-04T21:44:15.702+0300][169,632s][info][gc] GC(1195) Concurrent evacuation 3,141ms
[2020-11-04T21:44:15.703+0300][169,633s][info][gc] GC(1195) Pause Init Update Refs 0,022ms
[2020-11-04T21:44:15.741+0300][169,671s][info][gc] GC(1195) Concurrent update references 38,053ms
[2020-11-04T21:44:15.741+0300][169,671s][info][gc] GC(1195) Pause Final Update Refs 0,178ms
[2020-11-04T21:44:15.742+0300][169,671s][info][gc] GC(1195) Concurrent cleanup 459M->254M(512M) 0,105ms
[2020-11-04T21:44:15.765+0300][169,695s][info][gc] Trigger: Average GC time (146,90 ms) is above the time for allocation rate (1019 MB/s) to deplete free headroom (145M)
[2020-11-04T21:44:15.766+0300][169,696s][info][gc] GC(1196) Concurrent reset 0,705ms
[2020-11-04T21:44:15.766+0300][169,696s][info][gc] GC(1196) Pause Init Mark (unload classes) 0,132ms
[2020-11-04T21:44:15.861+0300][169,790s][info][gc] GC(1196) Concurrent marking (unload classes) 94,250ms
[2020-11-04T21:44:15.861+0300][169,791s][info][gc] GC(1196) Pause Final Mark (unload classes) 0,567ms
[2020-11-04T21:44:15.862+0300][169,792s][info][gc] GC(1196) Concurrent weak roots 0,450ms
[2020-11-04T21:44:15.862+0300][169,792s][info][gc] GC(1196) Concurrent cleanup 337M->337M(512M) 0,040ms
[2020-11-04T21:44:15.863+0300][169,793s][info][gc] GC(1196) Concurrent class unloading 1,337ms
[2020-11-04T21:44:15.864+0300][169,793s][info][gc] GC(1196) Concurrent strong roots 0,164ms
[2020-11-04T21:44:15.867+0300][169,797s][info][gc] GC(1196) Concurrent evacuation 3,690ms
[2020-11-04T21:44:15.868+0300][169,797s][info][gc] GC(1196) Pause Init Update Refs 0,013ms
[2020-11-04T21:44:15.902+0300][169,831s][info][gc] GC(1196) Concurrent update references 33,920ms
[2020-11-04T21:44:15.902+0300][169,832s][info][gc] GC(1196) Pause Final Update Refs 0,180ms
[2020-11-04T21:44:15.902+0300][169,832s][info][gc] GC(1196) Concurrent cleanup 392M->241M(512M) 0,156ms
[2020-11-04T21:44:15.934+0300][169,864s][info][gc] Trigger: Average GC time (144,67 ms) is above the time for allocation rate (932 MB/s) to deplete free headroom (134M)
[2020-11-04T21:44:15.935+0300][169,865s][info][gc] GC(1197) Concurrent reset 0,625ms
[2020-11-04T21:44:15.935+0300][169,865s][info][gc] GC(1197) Pause Init Mark (unload classes) 0,099ms
[2020-11-04T21:44:16.000+0300][169,930s][info][gc] GC(1197) Concurrent marking (unload classes) 65,188ms
[2020-11-04T21:44:16.001+0300][169,931s][info][gc] GC(1197) Pause Final Mark (unload classes) 0,453ms
[2020-11-04T21:44:16.002+0300][169,932s][info][gc] GC(1197) Concurrent weak roots 0,445ms
[2020-11-04T21:44:16.002+0300][169,932s][info][gc] GC(1197) Concurrent cleanup 345M->345M(512M) 0,034ms
[2020-11-04T21:44:16.003+0300][169,933s][info][gc] GC(1197) Concurrent class unloading 1,119ms
[2020-11-04T21:44:16.003+0300][169,933s][info][gc] GC(1197) Concurrent strong roots 0,100ms
[2020-11-04T21:44:16.007+0300][169,937s][info][gc] GC(1197) Concurrent evacuation 3,857ms
[2020-11-04T21:44:16.007+0300][169,937s][info][gc] GC(1197) Pause Init Update Refs 0,014ms
[2020-11-04T21:44:16.040+0300][169,969s][info][gc] GC(1197) Concurrent update references 32,336ms
[2020-11-04T21:44:16.040+0300][169,970s][info][gc] GC(1197) Pause Final Update Refs 0,170ms
[2020-11-04T21:44:16.040+0300][169,970s][info][gc] GC(1197) Concurrent cleanup 418M->261M(512M) 0,140ms
[2020-11-04T21:44:16.059+0300][169,989s][info][gc] Trigger: Average GC time (134,76 ms) is above the time for allocation rate (1105 MB/s) to deplete free headroom (148M)
[2020-11-04T21:44:16.060+0300][169,990s][info][gc] GC(1198) Concurrent reset 0,635ms
[2020-11-04T21:44:16.061+0300][169,990s][info][gc] GC(1198) Pause Init Mark (unload classes) 0,196ms
[2020-11-04T21:44:16.138+0300][170,068s][info][gc] GC(1198) Concurrent marking (unload classes) 77,077ms
[2020-11-04T21:44:16.138+0300][170,068s][info][gc] GC(1198) Pause Final Mark (unload classes) 0,425ms
[2020-11-04T21:44:16.139+0300][170,069s][info][gc] GC(1198) Concurrent weak roots 0,375ms
[2020-11-04T21:44:16.139+0300][170,069s][info][gc] GC(1198) Concurrent cleanup 333M->333M(512M) 0,033ms
[2020-11-04T21:44:16.140+0300][170,070s][info][gc] GC(1198) Concurrent class unloading 0,950ms
[2020-11-04T21:44:16.140+0300][170,070s][info][gc] GC(1198) Concurrent strong roots 0,091ms
[2020-11-04T21:44:16.144+0300][170,074s][info][gc] GC(1198) Concurrent evacuation 3,830ms
[2020-11-04T21:44:16.144+0300][170,074s][info][gc] GC(1198) Pause Init Update Refs 0,014ms
[2020-11-04T21:44:16.186+0300][170,116s][info][gc] GC(1198) Concurrent update references 41,702ms
[2020-11-04T21:44:16.186+0300][170,116s][info][gc] GC(1198) Pause Final Update Refs 0,170ms
[2020-11-04T21:44:16.187+0300][170,116s][info][gc] GC(1198) Concurrent cleanup 428M->289M(512M) 0,080ms
[2020-11-04T21:44:16.199+0300][170,129s][info][gc] Trigger: Average GC time (131,22 ms) is above the time for allocation rate (1047 MB/s) to deplete free headroom (136M)
[2020-11-04T21:44:16.200+0300][170,130s][info][gc] GC(1199) Concurrent reset 0,529ms
[2020-11-04T21:44:16.200+0300][170,130s][info][gc] GC(1199) Pause Init Mark (unload classes) 0,190ms
[2020-11-04T21:44:16.266+0300][170,196s][info][gc] GC(1199) Concurrent marking (unload classes) 65,646ms
[2020-11-04T21:44:16.267+0300][170,197s][info][gc] GC(1199) Pause Final Mark (unload classes) 0,392ms
[2020-11-04T21:44:16.267+0300][170,197s][info][gc] GC(1199) Concurrent weak roots 0,400ms
[2020-11-04T21:44:16.267+0300][170,197s][info][gc] GC(1199) Concurrent cleanup 343M->344M(512M) 0,036ms
[2020-11-04T21:44:16.268+0300][170,198s][info][gc] GC(1199) Concurrent class unloading 0,952ms
[2020-11-04T21:44:16.268+0300][170,198s][info][gc] GC(1199) Concurrent strong roots 0,085ms
[2020-11-04T21:44:16.272+0300][170,202s][info][gc] GC(1199) Concurrent evacuation 3,878ms
[2020-11-04T21:44:16.272+0300][170,202s][info][gc] GC(1199) Pause Init Update Refs 0,014ms
[2020-11-04T21:44:16.304+0300][170,234s][info][gc] GC(1199) Concurrent update references 31,658ms
[2020-11-04T21:44:16.305+0300][170,235s][info][gc] GC(1199) Pause Final Update Refs 0,278ms
[2020-11-04T21:44:16.305+0300][170,235s][info][gc] GC(1199) Concurrent cleanup 420M->274M(512M) 0,096ms
[2020-11-04T21:44:16.324+0300][170,254s][info][gc] Trigger: Average GC time (120,13 ms) is above the time for allocation rate (1143 MB/s) to deplete free headroom (135M)
[2020-11-04T21:44:16.325+0300][170,254s][info][gc] GC(1200) Concurrent reset 0,567ms
[2020-11-04T21:44:16.325+0300][170,255s][info][gc] GC(1200) Pause Init Mark (process weakrefs) (unload classes) 0,096ms
[2020-11-04T21:44:16.390+0300][170,319s][info][gc] GC(1200) Concurrent marking (process weakrefs) (unload classes) 64,530ms
[2020-11-04T21:44:16.390+0300][170,320s][info][gc] GC(1200) Concurrent precleaning 0,158ms
[2020-11-04T21:44:16.391+0300][170,320s][info][gc] GC(1200) Pause Final Mark (process weakrefs) (unload classes) 0,589ms
[2020-11-04T21:44:16.391+0300][170,321s][info][gc] GC(1200) Concurrent weak roots 0,421ms
[2020-11-04T21:44:16.391+0300][170,321s][info][gc] GC(1200) Concurrent cleanup 346M->346M(512M) 0,034ms
[2020-11-04T21:44:16.392+0300][170,322s][info][gc] GC(1200) Concurrent class unloading 0,866ms
[2020-11-04T21:44:16.392+0300][170,322s][info][gc] GC(1200) Concurrent strong roots 0,124ms
[2020-11-04T21:44:16.396+0300][170,326s][info][gc] GC(1200) Concurrent evacuation 3,796ms
[2020-11-04T21:44:16.396+0300][170,326s][info][gc] GC(1200) Pause Init Update Refs 0,025ms
[2020-11-04T21:44:16.434+0300][170,364s][info][gc] GC(1200) Concurrent update references 37,882ms
[2020-11-04T21:44:16.435+0300][170,364s][info][gc] GC(1200) Pause Final Update Refs 0,158ms
[2020-11-04T21:44:16.435+0300][170,365s][info][gc] GC(1200) Concurrent cleanup 402M->259M(512M) 0,096ms
[2020-11-04T21:44:16.464+0300][170,394s][info][gc] Trigger: Average GC time (117,36 ms) is above the time for allocation rate (1078 MB/s) to deplete free headroom (122M)
[2020-11-04T21:44:16.465+0300][170,395s][info][gc] GC(1201) Concurrent reset 0,536ms
[2020-11-04T21:44:16.465+0300][170,395s][info][gc] GC(1201) Pause Init Mark (unload classes) 0,143ms
[2020-11-04T21:44:16.538+0300][170,468s][info][gc] GC(1201) Concurrent marking (unload classes) 72,749ms
[2020-11-04T21:44:16.539+0300][170,469s][info][gc] GC(1201) Pause Final Mark (unload classes) 0,711ms
[2020-11-04T21:44:16.540+0300][170,469s][info][gc] GC(1201) Concurrent weak roots 0,391ms
[2020-11-04T21:44:16.540+0300][170,469s][info][gc] GC(1201) Concurrent cleanup 356M->356M(512M) 0,036ms
[2020-11-04T21:44:16.541+0300][170,470s][info][gc] GC(1201) Concurrent class unloading 0,967ms
[2020-11-04T21:44:16.541+0300][170,471s][info][gc] GC(1201) Concurrent strong roots 0,101ms
[2020-11-04T21:44:16.545+0300][170,475s][info][gc] GC(1201) Concurrent evacuation 3,939ms
[2020-11-04T21:44:16.545+0300][170,475s][info][gc] GC(1201) Pause Init Update Refs 0,015ms
[2020-11-04T21:44:16.589+0300][170,519s][info][gc] GC(1201) Concurrent update references 44,272ms
[2020-11-04T21:44:16.590+0300][170,520s][info][gc] GC(1201) Pause Final Update Refs 0,186ms
[2020-11-04T21:44:16.590+0300][170,520s][info][gc] GC(1201) Concurrent cleanup 455M->304M(512M) 0,097ms
[2020-11-04T21:44:16.603+0300][170,532s][info][gc] Trigger: Average GC time (114,98 ms) is above the time for allocation rate (1068 MB/s) to deplete free headroom (122M)
[2020-11-04T21:44:16.603+0300][170,533s][info][gc] GC(1202) Concurrent reset 0,557ms
[2020-11-04T21:44:16.604+0300][170,533s][info][gc] GC(1202) Pause Init Mark (unload classes) 0,108ms
[2020-11-04T21:44:16.673+0300][170,602s][info][gc] GC(1202) Concurrent marking (unload classes) 68,860ms
[2020-11-04T21:44:16.674+0300][170,603s][info][gc] GC(1202) Pause Final Mark (unload classes) 0,822ms
[2020-11-04T21:44:16.674+0300][170,604s][info][gc] GC(1202) Concurrent weak roots 0,470ms
[2020-11-04T21:44:16.674+0300][170,604s][info][gc] GC(1202) Concurrent cleanup 357M->357M(512M) 0,037ms
[2020-11-04T21:44:16.675+0300][170,605s][info][gc] GC(1202) Concurrent class unloading 0,929ms
[2020-11-04T21:44:16.675+0300][170,605s][info][gc] GC(1202) Concurrent strong roots 0,060ms
[2020-11-04T21:44:16.679+0300][170,609s][info][gc] GC(1202) Concurrent evacuation 4,192ms
[2020-11-04T21:44:16.680+0300][170,610s][info][gc] GC(1202) Pause Init Update Refs 0,015ms
[2020-11-04T21:44:16.717+0300][170,647s][info][gc] GC(1202) Concurrent update references 37,614ms
[2020-11-04T21:44:16.718+0300][170,648s][info][gc] GC(1202) Pause Final Update Refs 0,269ms
[2020-11-04T21:44:16.718+0300][170,648s][info][gc] GC(1202) Concurrent cleanup 424M->276M(512M) 0,100ms
[2020-11-04T21:44:16.744+0300][170,673s][info][gc] Trigger: Average GC time (116,82 ms) is above the time for allocation rate (1045 MB/s) to deplete free headroom (118M)
[2020-11-04T21:44:16.744+0300][170,674s][info][gc] GC(1203) Concurrent reset 0,614ms
[2020-11-04T21:44:16.745+0300][170,674s][info][gc] GC(1203) Pause Init Mark (unload classes) 0,114ms
[2020-11-04T21:44:16.826+0300][170,756s][info][gc] GC(1203) Concurrent marking (unload classes) 81,082ms
[2020-11-04T21:44:16.827+0300][170,756s][info][gc] GC(1203) Pause Final Mark (unload classes) 0,614ms
[2020-11-04T21:44:16.827+0300][170,757s][info][gc] GC(1203) Concurrent weak roots 0,448ms
[2020-11-04T21:44:16.827+0300][170,757s][info][gc] GC(1203) Concurrent cleanup 360M->361M(512M) 0,036ms
[2020-11-04T21:44:16.828+0300][170,758s][info][gc] GC(1203) Concurrent class unloading 0,990ms
[2020-11-04T21:44:16.828+0300][170,758s][info][gc] GC(1203) Concurrent strong roots 0,071ms
[2020-11-04T21:44:16.832+0300][170,762s][info][gc] GC(1203) Concurrent evacuation 3,885ms
[2020-11-04T21:44:16.833+0300][170,762s][info][gc] GC(1203) Pause Init Update Refs 0,025ms
[2020-11-04T21:44:16.868+0300][170,798s][info][gc] GC(1203) Concurrent update references 35,205ms
[2020-11-04T21:44:16.868+0300][170,798s][info][gc] GC(1203) Pause Final Update Refs 0,319ms
[2020-11-04T21:44:16.869+0300][170,798s][info][gc] GC(1203) Concurrent cleanup 444M->296M(512M) 0,106ms
[2020-11-04T21:44:16.890+0300][170,820s][info][gc] Trigger: Average GC time (116,43 ms) is above the time for allocation rate (1000 MB/s) to deplete free headroom (115M)
[2020-11-04T21:44:16.891+0300][170,820s][info][gc] GC(1204) Concurrent reset 0,656ms
[2020-11-04T21:44:16.891+0300][170,821s][info][gc] GC(1204) Pause Init Mark (unload classes) 0,199ms
[2020-11-04T21:44:16.962+0300][170,892s][info][gc] GC(1204) Concurrent marking (unload classes) 70,668ms
[2020-11-04T21:44:16.963+0300][170,892s][info][gc] GC(1204) Pause Final Mark (unload classes) 0,405ms
[2020-11-04T21:44:16.964+0300][170,894s][info][gc] GC(1204) Concurrent weak roots 0,469ms
[2020-11-04T21:44:16.964+0300][170,894s][info][gc] GC(1204) Concurrent cleanup 363M->363M(512M) 0,038ms
[2020-11-04T21:44:16.965+0300][170,895s][info][gc] GC(1204) Concurrent class unloading 0,830ms
[2020-11-04T21:44:16.965+0300][170,895s][info][gc] GC(1204) Concurrent strong roots 0,081ms
[2020-11-04T21:44:16.969+0300][170,899s][info][gc] GC(1204) Concurrent evacuation 3,571ms
[2020-11-04T21:44:16.969+0300][170,899s][info][gc] GC(1204) Pause Init Update Refs 0,013ms
[2020-11-04T21:44:17.007+0300][170,937s][info][gc] GC(1204) Concurrent update references 37,811ms
[2020-11-04T21:44:17.007+0300][170,937s][info][gc] GC(1204) Pause Final Update Refs 0,203ms
[2020-11-04T21:44:17.008+0300][170,937s][info][gc] GC(1204) Concurrent cleanup 443M->296M(512M) 0,099ms
[2020-11-04T21:44:17.031+0300][170,961s][info][gc] Trigger: Average GC time (118,84 ms) is above the time for allocation rate (1002 MB/s) to deplete free headroom (115M)
[2020-11-04T21:44:17.032+0300][170,962s][info][gc] GC(1205) Concurrent reset 0,660ms
[2020-11-04T21:44:17.032+0300][170,962s][info][gc] GC(1205) Pause Init Mark (process weakrefs) (unload classes) 0,171ms
[2020-11-04T21:44:17.111+0300][171,041s][info][gc] GC(1205) Concurrent marking (process weakrefs) (unload classes) 78,954ms
[2020-11-04T21:44:17.112+0300][171,041s][info][gc] GC(1205) Concurrent precleaning 0,154ms
[2020-11-04T21:44:17.112+0300][171,042s][info][gc] GC(1205) Pause Final Mark (process weakrefs) (unload classes) 0,386ms
[2020-11-04T21:44:17.113+0300][171,042s][info][gc] GC(1205) Concurrent weak roots 0,438ms
[2020-11-04T21:44:17.113+0300][171,042s][info][gc] GC(1205) Concurrent cleanup 364M->364M(512M) 0,034ms
[2020-11-04T21:44:17.114+0300][171,044s][info][gc] GC(1205) Concurrent class unloading 1,110ms
[2020-11-04T21:44:17.114+0300][171,044s][info][gc] GC(1205) Concurrent strong roots 0,129ms
[2020-11-04T21:44:17.118+0300][171,047s][info][gc] GC(1205) Concurrent evacuation 3,545ms
[2020-11-04T21:44:17.118+0300][171,048s][info][gc] GC(1205) Pause Init Update Refs 0,015ms
[2020-11-04T21:44:17.160+0300][171,090s][info][gc] GC(1205) Concurrent update references 42,293ms
[2020-11-04T21:44:17.161+0300][171,091s][info][gc] GC(1205) Pause Final Update Refs 0,139ms
[2020-11-04T21:44:17.161+0300][171,091s][info][gc] GC(1205) Concurrent cleanup 436M->294M(512M) 0,095ms
[2020-11-04T21:44:17.181+0300][171,111s][info][gc] Trigger: Average GC time (122,69 ms) is above the time for allocation rate (940 MB/s) to deplete free headroom (112M)
[2020-11-04T21:44:17.182+0300][171,112s][info][gc] GC(1206) Concurrent reset 0,632ms
[2020-11-04T21:44:17.182+0300][171,112s][info][gc] GC(1206) Pause Init Mark (unload classes) 0,100ms
[2020-11-04T21:44:17.280+0300][171,210s][info][gc] GC(1206) Concurrent marking (unload classes) 97,343ms
[2020-11-04T21:44:17.280+0300][171,210s][info][gc] GC(1206) Pause Final Mark (unload classes) 0,520ms
[2020-11-04T21:44:17.281+0300][171,211s][info][gc] GC(1206) Concurrent weak roots 0,471ms
[2020-11-04T21:44:17.281+0300][171,211s][info][gc] GC(1206) Concurrent cleanup 367M->367M(512M) 0,038ms
[2020-11-04T21:44:17.282+0300][171,212s][info][gc] GC(1206) Concurrent class unloading 1,031ms
[2020-11-04T21:44:17.282+0300][171,212s][info][gc] GC(1206) Concurrent strong roots 0,058ms
[2020-11-04T21:44:17.286+0300][171,216s][info][gc] GC(1206) Concurrent evacuation 3,719ms
[2020-11-04T21:44:17.286+0300][171,216s][info][gc] GC(1206) Pause Init Update Refs 0,013ms
[2020-11-04T21:44:17.325+0300][171,255s][info][gc] GC(1206) Concurrent update references 39,111ms
[2020-11-04T21:44:17.326+0300][171,256s][info][gc] GC(1206) Pause Final Update Refs 0,143ms
[2020-11-04T21:44:17.326+0300][171,256s][info][gc] GC(1206) Concurrent cleanup 454M->313M(512M) 0,095ms
[2020-11-04T21:44:17.340+0300][171,270s][info][gc] Trigger: Average GC time (126,60 ms) is above the time for allocation rate (874 MB/s) to deplete free headroom (110M)
[2020-11-04T21:44:17.341+0300][171,270s][info][gc] GC(1207) Concurrent reset 0,673ms
[2020-11-04T21:44:17.341+0300][171,271s][info][gc] GC(1207) Pause Init Mark (unload classes) 0,104ms
[2020-11-04T21:44:17.442+0300][171,372s][info][gc] GC(1207) Concurrent marking (unload classes) 101,367ms
[2020-11-04T21:44:17.443+0300][171,373s][info][gc] GC(1207) Pause Final Mark (unload classes) 0,468ms
[2020-11-04T21:44:17.444+0300][171,373s][info][gc] GC(1207) Concurrent weak roots 0,439ms
[2020-11-04T21:44:17.444+0300][171,374s][info][gc] GC(1207) Concurrent cleanup 369M->369M(512M) 0,033ms
[2020-11-04T21:44:17.445+0300][171,375s][info][gc] GC(1207) Concurrent class unloading 1,001ms
[2020-11-04T21:44:17.445+0300][171,375s][info][gc] GC(1207) Concurrent strong roots 0,051ms
[2020-11-04T21:44:17.449+0300][171,378s][info][gc] GC(1207) Concurrent evacuation 3,790ms
[2020-11-04T21:44:17.449+0300][171,379s][info][gc] GC(1207) Pause Init Update Refs 0,015ms
[2020-11-04T21:44:17.489+0300][171,419s][info][gc] GC(1207) Concurrent update references 40,125ms
[2020-11-04T21:44:17.490+0300][171,419s][info][gc] GC(1207) Pause Final Update Refs 0,167ms
[2020-11-04T21:44:17.490+0300][171,420s][info][gc] GC(1207) Concurrent cleanup 458M->319M(512M) 0,100ms
[2020-11-04T21:44:17.502+0300][171,431s][info][gc] Trigger: Average GC time (133,49 ms) is above the time for allocation rate (834 MB/s) to deplete free headroom (110M)
[2020-11-04T21:44:17.502+0300][171,432s][info][gc] GC(1208) Concurrent reset 0,584ms
[2020-11-04T21:44:17.503+0300][171,432s][info][gc] GC(1208) Pause Init Mark (unload classes) 0,115ms
[2020-11-04T21:44:17.595+0300][171,524s][info][gc] GC(1208) Concurrent marking (unload classes) 91,847ms
[2020-11-04T21:44:17.595+0300][171,525s][info][gc] GC(1208) Pause Final Mark (unload classes) 0,540ms
[2020-11-04T21:44:17.596+0300][171,526s][info][gc] GC(1208) Concurrent weak roots 0,465ms
[2020-11-04T21:44:17.596+0300][171,526s][info][gc] GC(1208) Concurrent cleanup 368M->368M(512M) 0,033ms
[2020-11-04T21:44:17.597+0300][171,527s][info][gc] GC(1208) Concurrent class unloading 0,940ms
[2020-11-04T21:44:17.597+0300][171,527s][info][gc] GC(1208) Concurrent strong roots 0,109ms
[2020-11-04T21:44:17.601+0300][171,531s][info][gc] GC(1208) Concurrent evacuation 3,703ms
[2020-11-04T21:44:17.601+0300][171,531s][info][gc] GC(1208) Pause Init Update Refs 0,034ms
[2020-11-04T21:44:17.642+0300][171,571s][info][gc] GC(1208) Concurrent update references 40,350ms
[2020-11-04T21:44:17.642+0300][171,572s][info][gc] GC(1208) Pause Final Update Refs 0,145ms
[2020-11-04T21:44:17.642+0300][171,572s][info][gc] GC(1208) Concurrent cleanup 459M->324M(512M) 0,093ms
[2020-11-04T21:44:17.651+0300][171,581s][info][gc] Trigger: Average GC time (136,60 ms) is above the time for allocation rate (853 MB/s) to deplete free headroom (113M)
[2020-11-04T21:44:17.651+0300][171,581s][info][gc] GC(1209) Concurrent reset 0,609ms
[2020-11-04T21:44:17.652+0300][171,582s][info][gc] GC(1209) Pause Init Mark (unload classes) 0,131ms
[2020-11-04T21:44:17.754+0300][171,684s][info][gc] GC(1209) Concurrent marking (unload classes) 101,741ms
[2020-11-04T21:44:17.754+0300][171,684s][info][gc] GC(1209) Pause Final Mark (unload classes) 0,422ms
[2020-11-04T21:44:17.755+0300][171,685s][info][gc] GC(1209) Concurrent weak roots 0,320ms
[2020-11-04T21:44:17.755+0300][171,685s][info][gc] GC(1209) Concurrent cleanup 365M->366M(512M) 0,037ms
[2020-11-04T21:44:17.756+0300][171,686s][info][gc] GC(1209) Concurrent class unloading 0,931ms
[2020-11-04T21:44:17.756+0300][171,686s][info][gc] GC(1209) Concurrent strong roots 0,167ms
[2020-11-04T21:44:17.759+0300][171,689s][info][gc] GC(1209) Concurrent evacuation 3,223ms
[2020-11-04T21:44:17.759+0300][171,689s][info][gc] GC(1209) Pause Init Update Refs 0,011ms
[2020-11-04T21:44:17.800+0300][171,730s][info][gc] GC(1209) Concurrent update references 41,054ms
[2020-11-04T21:44:17.801+0300][171,731s][info][gc] GC(1209) Pause Final Update Refs 0,266ms
[2020-11-04T21:44:17.801+0300][171,731s][info][gc] GC(1209) Concurrent cleanup 459M->331M(512M) 0,080ms
[2020-11-04T21:44:17.808+0300][171,737s][info][gc] Trigger: Average GC time (143,14 ms) is above the time for allocation rate (801 MB/s) to deplete free headroom (111M)
[2020-11-04T21:44:17.808+0300][171,738s][info][gc] GC(1210) Concurrent reset 0,585ms
[2020-11-04T21:44:17.809+0300][171,738s][info][gc] GC(1210) Pause Init Mark (process weakrefs) (unload classes) 0,132ms
[2020-11-04T21:44:17.900+0300][171,830s][info][gc] GC(1210) Concurrent marking (process weakrefs) (unload classes) 91,467ms
[2020-11-04T21:44:17.900+0300][171,830s][info][gc] GC(1210) Concurrent precleaning 0,187ms
[2020-11-04T21:44:17.901+0300][171,831s][info][gc] GC(1210) Pause Final Mark (process weakrefs) (unload classes) 0,632ms
[2020-11-04T21:44:17.902+0300][171,831s][info][gc] GC(1210) Concurrent weak roots 0,398ms
[2020-11-04T21:44:17.902+0300][171,832s][info][gc] GC(1210) Concurrent cleanup 367M->367M(512M) 0,030ms
[2020-11-04T21:44:17.903+0300][171,833s][info][gc] GC(1210) Concurrent class unloading 1,121ms
[2020-11-04T21:44:17.903+0300][171,833s][info][gc] GC(1210) Concurrent strong roots 0,132ms
[2020-11-04T21:44:17.906+0300][171,836s][info][gc] GC(1210) Concurrent evacuation 3,140ms
[2020-11-04T21:44:17.907+0300][171,836s][info][gc] GC(1210) Pause Init Update Refs 0,025ms
[2020-11-04T21:44:17.953+0300][171,883s][info][gc] GC(1210) Concurrent update references 46,269ms
[2020-11-04T21:44:17.953+0300][171,883s][info][gc] GC(1210) Pause Final Update Refs 0,295ms
[2020-11-04T21:44:17.954+0300][171,883s][info][gc] GC(1210) Concurrent cleanup 443M->318M(512M) 0,081ms
[2020-11-04T21:44:17.972+0300][171,902s][info][gc] Trigger: Average GC time (146,36 ms) is above the time for allocation rate (759 MB/s) to deplete free headroom (108M)
[2020-11-04T21:44:17.972+0300][171,902s][info][gc] GC(1211) Concurrent reset 0,637ms
[2020-11-04T21:44:17.973+0300][171,903s][info][gc] GC(1211) Pause Init Mark (unload classes) 0,198ms
[2020-11-04T21:44:18.063+0300][171,993s][info][gc] GC(1211) Concurrent marking (unload classes) 90,237ms
[2020-11-04T21:44:18.064+0300][171,994s][info][gc] GC(1211) Pause Final Mark (unload classes) 0,705ms
[2020-11-04T21:44:18.065+0300][171,994s][info][gc] GC(1211) Concurrent weak roots 0,373ms
[2020-11-04T21:44:18.065+0300][171,994s][info][gc] GC(1211) Concurrent cleanup 370M->370M(512M) 0,030ms
[2020-11-04T21:44:18.066+0300][171,996s][info][gc] GC(1211) Concurrent class unloading 1,136ms
[2020-11-04T21:44:18.066+0300][171,996s][info][gc] GC(1211) Concurrent strong roots 0,144ms
[2020-11-04T21:44:18.069+0300][171,999s][info][gc] GC(1211) Concurrent evacuation 3,105ms
[2020-11-04T21:44:18.069+0300][171,999s][info][gc] GC(1211) Pause Init Update Refs 0,025ms
[2020-11-04T21:44:18.115+0300][172,045s][info][gc] GC(1211) Concurrent update references 45,736ms
[2020-11-04T21:44:18.116+0300][172,046s][info][gc] GC(1211) Pause Final Update Refs 0,358ms
[2020-11-04T21:44:18.116+0300][172,046s][info][gc] GC(1211) Concurrent cleanup 451M->326M(512M) 0,076ms
[2020-11-04T21:44:18.125+0300][172,054s][info][gc] Trigger: Average GC time (146,23 ms) is above the time for allocation rate (774 MB/s) to deplete free headroom (111M)
[2020-11-04T21:44:18.125+0300][172,055s][info][gc] GC(1212) Concurrent reset 0,664ms
[2020-11-04T21:44:18.126+0300][172,056s][info][gc] GC(1212) Pause Init Mark (unload classes) 0,356ms
[2020-11-04T21:44:18.210+0300][172,139s][info][gc] GC(1212) Concurrent marking (unload classes) 83,636ms
[2020-11-04T21:44:18.211+0300][172,140s][info][gc] GC(1212) Pause Final Mark (unload classes) 0,635ms
[2020-11-04T21:44:18.211+0300][172,141s][info][gc] GC(1212) Concurrent weak roots 0,399ms
[2020-11-04T21:44:18.211+0300][172,141s][info][gc] GC(1212) Concurrent cleanup 367M->367M(512M) 0,030ms
[2020-11-04T21:44:18.212+0300][172,142s][info][gc] GC(1212) Concurrent class unloading 1,079ms
[2020-11-04T21:44:18.212+0300][172,142s][info][gc] GC(1212) Concurrent strong roots 0,126ms
[2020-11-04T21:44:18.216+0300][172,145s][info][gc] GC(1212) Concurrent evacuation 3,285ms
[2020-11-04T21:44:18.216+0300][172,146s][info][gc] GC(1212) Pause Init Update Refs 0,015ms
[2020-11-04T21:44:18.263+0300][172,193s][info][gc] GC(1212) Concurrent update references 47,032ms
[2020-11-04T21:44:18.264+0300][172,193s][info][gc] GC(1212) Pause Final Update Refs 0,284ms
[2020-11-04T21:44:18.264+0300][172,194s][info][gc] GC(1212) Concurrent cleanup 444M->325M(512M) 0,083ms
[2020-11-04T21:44:18.273+0300][172,203s][info][gc] Trigger: Average GC time (144,09 ms) is above the time for allocation rate (785 MB/s) to deplete free headroom (110M)
[2020-11-04T21:44:18.274+0300][172,204s][info][gc] GC(1213) Concurrent reset 0,680ms
[2020-11-04T21:44:18.275+0300][172,204s][info][gc] GC(1213) Pause Init Mark (unload classes) 0,293ms
[2020-11-04T21:44:18.366+0300][172,296s][info][gc] GC(1213) Concurrent marking (unload classes) 91,560ms
[2020-11-04T21:44:18.367+0300][172,297s][info][gc] GC(1213) Pause Final Mark (unload classes) 0,808ms
[2020-11-04T21:44:18.368+0300][172,298s][info][gc] GC(1213) Concurrent weak roots 0,398ms
[2020-11-04T21:44:18.368+0300][172,298s][info][gc] GC(1213) Concurrent cleanup 368M->368M(512M) 0,032ms
[2020-11-04T21:44:18.369+0300][172,299s][info][gc] GC(1213) Concurrent class unloading 0,947ms
[2020-11-04T21:44:18.369+0300][172,299s][info][gc] GC(1213) Concurrent strong roots 0,136ms
[2020-11-04T21:44:18.372+0300][172,302s][info][gc] GC(1213) Concurrent evacuation 2,917ms
[2020-11-04T21:44:18.372+0300][172,302s][info][gc] GC(1213) Pause Init Update Refs 0,024ms
[2020-11-04T21:44:18.420+0300][172,350s][info][gc] GC(1213) Concurrent update references 47,594ms
[2020-11-04T21:44:18.420+0300][172,350s][info][gc] GC(1213) Pause Final Update Refs 0,238ms
[2020-11-04T21:44:18.421+0300][172,350s][info][gc] GC(1213) Concurrent cleanup 448M->331M(512M) 0,075ms
[2020-11-04T21:44:18.429+0300][172,359s][info][gc] Trigger: Average GC time (145,40 ms) is above the time for allocation rate (755 MB/s) to deplete free headroom (105M)
[2020-11-04T21:44:18.430+0300][172,360s][info][gc] GC(1214) Concurrent reset 0,607ms
[2020-11-04T21:44:18.430+0300][172,360s][info][gc] GC(1214) Pause Init Mark (unload classes) 0,208ms
[2020-11-04T21:44:18.513+0300][172,442s][info][gc] GC(1214) Concurrent marking (unload classes) 82,267ms
[2020-11-04T21:44:18.514+0300][172,443s][info][gc] GC(1214) Pause Final Mark (unload classes) 0,648ms
[2020-11-04T21:44:18.514+0300][172,444s][info][gc] GC(1214) Concurrent weak roots 0,397ms
[2020-11-04T21:44:18.514+0300][172,444s][info][gc] GC(1214) Concurrent cleanup 372M->372M(512M) 0,030ms
[2020-11-04T21:44:18.515+0300][172,445s][info][gc] GC(1214) Concurrent class unloading 0,844ms
[2020-11-04T21:44:18.515+0300][172,445s][info][gc] GC(1214) Concurrent strong roots 0,150ms
[2020-11-04T21:44:18.518+0300][172,448s][info][gc] GC(1214) Concurrent evacuation 3,103ms
[2020-11-04T21:44:18.519+0300][172,448s][info][gc] GC(1214) Pause Init Update Refs 0,026ms
[2020-11-04T21:44:18.562+0300][172,492s][info][gc] GC(1214) Concurrent update references 43,674ms
[2020-11-04T21:44:18.563+0300][172,493s][info][gc] GC(1214) Pause Final Update Refs 0,207ms
[2020-11-04T21:44:18.563+0300][172,493s][info][gc] GC(1214) Concurrent cleanup 471M->353M(512M) 0,075ms
[2020-11-04T21:44:18.564+0300][172,494s][info][gc] Trigger: Average GC time (142,09 ms) is above the time for allocation rate (858 MB/s) to deplete free headroom (103M)
[2020-11-04T21:44:18.565+0300][172,494s][info][gc] GC(1215) Concurrent reset 0,407ms
[2020-11-04T21:44:18.565+0300][172,495s][info][gc] GC(1215) Pause Init Mark (process weakrefs) (unload classes) 0,207ms
[2020-11-04T21:44:18.671+0300][172,601s][info][gc] GC(1215) Concurrent marking (process weakrefs) (unload classes) 106,240ms
[2020-11-04T21:44:18.672+0300][172,601s][info][gc] GC(1215) Concurrent precleaning 0,144ms
[2020-11-04T21:44:18.672+0300][172,602s][info][gc] GC(1215) Pause Final Mark (process weakrefs) (unload classes) 0,621ms
[2020-11-04T21:44:18.673+0300][172,603s][info][gc] GC(1215) Concurrent weak roots 0,456ms
[2020-11-04T21:44:18.673+0300][172,603s][info][gc] GC(1215) Concurrent cleanup 373M->373M(512M) 0,036ms
[2020-11-04T21:44:18.674+0300][172,604s][info][gc] GC(1215) Concurrent class unloading 0,832ms
[2020-11-04T21:44:18.674+0300][172,604s][info][gc] GC(1215) Concurrent strong roots 0,065ms
[2020-11-04T21:44:18.677+0300][172,607s][info][gc] GC(1215) Concurrent evacuation 3,145ms
[2020-11-04T21:44:18.677+0300][172,607s][info][gc] GC(1215) Pause Init Update Refs 0,016ms
[2020-11-04T21:44:18.727+0300][172,657s][info][gc] GC(1215) Concurrent update references 49,341ms
[2020-11-04T21:44:18.727+0300][172,657s][info][gc] GC(1215) Pause Final Update Refs 0,160ms
[2020-11-04T21:44:18.728+0300][172,657s][info][gc] GC(1215) Concurrent cleanup 455M->339M(512M) 0,112ms
[2020-11-04T21:44:18.736+0300][172,666s][info][gc] Trigger: Average GC time (145,58 ms) is above the time for allocation rate (682 MB/s) to deplete free headroom (100634K)
[2020-11-04T21:44:18.737+0300][172,667s][info][gc] GC(1216) Concurrent reset 0,637ms
[2020-11-04T21:44:18.737+0300][172,667s][info][gc] GC(1216) Pause Init Mark (unload classes) 0,097ms
[2020-11-04T21:44:18.821+0300][172,751s][info][gc] GC(1216) Concurrent marking (unload classes) 84,170ms
[2020-11-04T21:44:18.822+0300][172,752s][info][gc] GC(1216) Pause Final Mark (unload classes) 0,577ms
[2020-11-04T21:44:18.823+0300][172,753s][info][gc] GC(1216) Concurrent weak roots 0,447ms
[2020-11-04T21:44:18.823+0300][172,753s][info][gc] GC(1216) Concurrent cleanup 378M->378M(512M) 0,024ms
[2020-11-04T21:44:18.824+0300][172,754s][info][gc] GC(1216) Concurrent class unloading 0,865ms
[2020-11-04T21:44:18.824+0300][172,754s][info][gc] GC(1216) Concurrent strong roots 0,093ms
[2020-11-04T21:44:18.827+0300][172,757s][info][gc] GC(1216) Concurrent evacuation 3,242ms
[2020-11-04T21:44:18.827+0300][172,757s][info][gc] GC(1216) Pause Init Update Refs 0,024ms
[2020-11-04T21:44:18.881+0300][172,810s][info][gc] GC(1216) Concurrent update references 53,072ms
[2020-11-04T21:44:18.881+0300][172,811s][info][gc] GC(1216) Pause Final Update Refs 0,146ms
[2020-11-04T21:44:18.881+0300][172,811s][info][gc] GC(1216) Concurrent cleanup 479M->360M(512M) 0,089ms
[2020-11-04T21:44:18.882+0300][172,812s][info][gc] Trigger: Average GC time (145,73 ms) is above the time for allocation rate (792 MB/s) to deplete free headroom (99098K)
[2020-11-04T21:44:18.883+0300][172,813s][info][gc] GC(1217) Concurrent reset 0,491ms
[2020-11-04T21:44:18.883+0300][172,813s][info][gc] GC(1217) Pause Init Mark (unload classes) 0,145ms
[2020-11-04T21:44:18.981+0300][172,911s][info][gc] GC(1217) Concurrent marking (unload classes) 97,479ms
[2020-11-04T21:44:18.982+0300][172,912s][info][gc] GC(1217) Pause Final Mark (unload classes) 0,782ms
[2020-11-04T21:44:18.982+0300][172,912s][info][gc] GC(1217) Concurrent weak roots 0,423ms
[2020-11-04T21:44:18.982+0300][172,912s][info][gc] GC(1217) Concurrent cleanup 379M->379M(512M) 0,055ms
[2020-11-04T21:44:18.983+0300][172,913s][info][gc] GC(1217) Concurrent class unloading 1,050ms
[2020-11-04T21:44:18.984+0300][172,913s][info][gc] GC(1217) Concurrent strong roots 0,106ms
[2020-11-04T21:44:18.987+0300][172,917s][info][gc] GC(1217) Concurrent evacuation 3,809ms
[2020-11-04T21:44:18.988+0300][172,918s][info][gc] GC(1217) Pause Init Update Refs 0,017ms
[2020-11-04T21:44:19.034+0300][172,964s][info][gc] GC(1217) Concurrent update references 46,246ms
[2020-11-04T21:44:19.034+0300][172,964s][info][gc] GC(1217) Pause Final Update Refs 0,144ms
[2020-11-04T21:44:19.034+0300][172,964s][info][gc] GC(1217) Concurrent cleanup 479M->363M(512M) 0,078ms
[2020-11-04T21:44:19.036+0300][172,965s][info][gc] Trigger: Average GC time (148,34 ms) is above the time for allocation rate (748 MB/s) to deplete free headroom (96794K)
[2020-11-04T21:44:19.036+0300][172,966s][info][gc] GC(1218) Concurrent reset 0,447ms
[2020-11-04T21:44:19.037+0300][172,966s][info][gc] GC(1218) Pause Init Mark (unload classes) 0,170ms
[2020-11-04T21:44:19.146+0300][173,075s][info][gc] GC(1218) Concurrent marking (unload classes) 108,921ms
[2020-11-04T21:44:19.146+0300][173,076s][info][gc] GC(1218) Pause Final Mark (unload classes) 0,386ms
[2020-11-04T21:44:19.147+0300][173,077s][info][gc] GC(1218) Concurrent weak roots 0,435ms
[2020-11-04T21:44:19.147+0300][173,077s][info][gc] GC(1218) Concurrent cleanup 382M->383M(512M) 0,036ms
[2020-11-04T21:44:19.148+0300][173,078s][info][gc] GC(1218) Concurrent class unloading 0,928ms
[2020-11-04T21:44:19.148+0300][173,078s][info][gc] GC(1218) Concurrent strong roots 0,060ms
[2020-11-04T21:44:19.152+0300][173,081s][info][gc] GC(1218) Concurrent evacuation 3,795ms
[2020-11-04T21:44:19.152+0300][173,082s][info][gc] GC(1218) Pause Init Update Refs 0,010ms
[2020-11-04T21:44:19.199+0300][173,129s][info][gc] GC(1218) Concurrent update references 46,596ms
[2020-11-04T21:44:19.199+0300][173,129s][info][gc] GC(1218) Pause Final Update Refs 0,158ms
[2020-11-04T21:44:19.199+0300][173,129s][info][gc] GC(1218) Concurrent cleanup 479M->364M(512M) 0,182ms
[2020-11-04T21:44:19.201+0300][173,130s][info][gc] Trigger: Average GC time (151,67 ms) is above the time for allocation rate (684 MB/s) to deplete free headroom (95002K)
[2020-11-04T21:44:19.201+0300][173,131s][info][gc] GC(1219) Concurrent reset 0,485ms
[2020-11-04T21:44:19.201+0300][173,131s][info][gc] GC(1219) Pause Init Mark (unload classes) 0,120ms
[2020-11-04T21:44:19.332+0300][173,262s][info][gc] GC(1219) Concurrent marking (unload classes) 130,937ms
[2020-11-04T21:44:19.333+0300][173,263s][info][gc] GC(1219) Pause Final Mark (unload classes) 0,454ms
[2020-11-04T21:44:19.334+0300][173,264s][info][gc] GC(1219) Concurrent weak roots 0,492ms
[2020-11-04T21:44:19.334+0300][173,264s][info][gc] GC(1219) Concurrent cleanup 384M->384M(512M) 0,037ms
[2020-11-04T21:44:19.335+0300][173,265s][info][gc] GC(1219) Concurrent class unloading 0,866ms
[2020-11-04T21:44:19.335+0300][173,265s][info][gc] GC(1219) Concurrent strong roots 0,070ms
[2020-11-04T21:44:19.338+0300][173,267s][info][gc] GC(1219) Concurrent evacuation 2,810ms
[2020-11-04T21:44:19.338+0300][173,268s][info][gc] GC(1219) Pause Init Update Refs 0,015ms
[2020-11-04T21:44:19.385+0300][173,315s][info][gc] GC(1219) Concurrent update references 46,888ms
[2020-11-04T21:44:19.385+0300][173,315s][info][gc] GC(1219) Pause Final Update Refs 0,160ms
[2020-11-04T21:44:19.386+0300][173,315s][info][gc] GC(1219) Concurrent cleanup 480M->366M(512M) 0,106ms
[2020-11-04T21:44:19.387+0300][173,317s][info][gc] Trigger: Average GC time (161,91 ms) is above the time for allocation rate (593 MB/s) to deplete free headroom (94490K)
[2020-11-04T21:44:19.387+0300][173,317s][info][gc] GC(1220) Concurrent reset 0,418ms
[2020-11-04T21:44:19.388+0300][173,317s][info][gc] GC(1220) Pause Init Mark (process weakrefs) (unload classes) 0,106ms
[2020-11-04T21:44:19.494+0300][173,424s][info][gc] GC(1220) Concurrent marking (process weakrefs) (unload classes) 106,317ms
[2020-11-04T21:44:19.494+0300][173,424s][info][gc] GC(1220) Concurrent precleaning 0,172ms
[2020-11-04T21:44:19.495+0300][173,425s][info][gc] GC(1220) Pause Final Mark (process weakrefs) (unload classes) 0,570ms
[2020-11-04T21:44:19.496+0300][173,425s][info][gc] GC(1220) Concurrent weak roots 0,454ms
[2020-11-04T21:44:19.496+0300][173,425s][info][gc] GC(1220) Concurrent cleanup 384M->384M(512M) 0,036ms
[2020-11-04T21:44:19.497+0300][173,426s][info][gc] GC(1220) Concurrent class unloading 0,956ms
[2020-11-04T21:44:19.497+0300][173,427s][info][gc] GC(1220) Concurrent strong roots 0,145ms
[2020-11-04T21:44:19.500+0300][173,429s][info][gc] GC(1220) Concurrent evacuation 2,814ms
[2020-11-04T21:44:19.500+0300][173,430s][info][gc] GC(1220) Pause Init Update Refs 0,025ms
[2020-11-04T21:44:19.548+0300][173,477s][info][gc] GC(1220) Concurrent update references 47,506ms
[2020-11-04T21:44:19.548+0300][173,478s][info][gc] GC(1220) Pause Final Update Refs 0,139ms
[2020-11-04T21:44:19.548+0300][173,478s][info][gc] GC(1220) Concurrent cleanup 479M->369M(512M) 0,094ms
[2020-11-04T21:44:19.549+0300][173,479s][info][gc] Trigger: Average GC time (161,48 ms) is above the time for allocation rate (680 MB/s) to deplete free headroom (90906K)
[2020-11-04T21:44:19.550+0300][173,480s][info][gc] GC(1221) Concurrent reset 0,489ms
[2020-11-04T21:44:19.550+0300][173,480s][info][gc] GC(1221) Pause Init Mark (unload classes) 0,116ms
[2020-11-04T21:44:19.659+0300][173,589s][info][gc] GC(1221) Concurrent marking (unload classes) 109,102ms
[2020-11-04T21:44:19.660+0300][173,590s][info][gc] GC(1221) Pause Final Mark (unload classes) 0,501ms
[2020-11-04T21:44:19.661+0300][173,590s][info][gc] GC(1221) Concurrent weak roots 0,571ms
[2020-11-04T21:44:19.661+0300][173,591s][info][gc] GC(1221) Concurrent cleanup 387M->387M(512M) 0,034ms
[2020-11-04T21:44:19.662+0300][173,592s][info][gc] GC(1221) Concurrent class unloading 1,141ms
[2020-11-04T21:44:19.662+0300][173,592s][info][gc] GC(1221) Concurrent strong roots 0,142ms
[2020-11-04T21:44:19.666+0300][173,595s][info][gc] GC(1221) Concurrent evacuation 3,543ms
[2020-11-04T21:44:19.666+0300][173,596s][info][gc] GC(1221) Pause Init Update Refs 0,021ms
[2020-11-04T21:44:19.721+0300][173,650s][info][gc] GC(1221) Concurrent update references 54,364ms
[2020-11-04T21:44:19.721+0300][173,651s][info][gc] GC(1221) Pause Final Update Refs 0,339ms
[2020-11-04T21:44:19.721+0300][173,651s][info][gc] GC(1221) Concurrent cleanup 455M->345M(512M) 0,127ms
[2020-11-04T21:44:19.730+0300][173,660s][info][gc] Trigger: Average GC time (166,92 ms) is above the time for allocation rate (571 MB/s) to deplete free headroom (94746K)
[2020-11-04T21:44:19.731+0300][173,660s][info][gc] GC(1222) Concurrent reset 0,672ms
[2020-11-04T21:44:19.731+0300][173,661s][info][gc] GC(1222) Pause Init Mark (unload classes) 0,159ms
[2020-11-04T21:44:19.789+0300][173,719s][info][gc] GC(1222) Concurrent marking (unload classes) 57,987ms
[2020-11-04T21:44:19.790+0300][173,720s][info][gc] GC(1222) Pause Final Mark (unload classes) 0,568ms
[2020-11-04T21:44:19.791+0300][173,720s][info][gc] GC(1222) Concurrent weak roots 0,465ms
[2020-11-04T21:44:19.791+0300][173,721s][info][gc] GC(1222) Concurrent cleanup 383M->380M(512M) 0,038ms
[2020-11-04T21:44:19.792+0300][173,722s][info][gc] GC(1222) Concurrent class unloading 1,070ms
[2020-11-04T21:44:19.792+0300][173,722s][info][gc] GC(1222) Concurrent strong roots 0,154ms
[2020-11-04T21:44:19.795+0300][173,725s][info][gc] GC(1222) Concurrent evacuation 2,904ms
[2020-11-04T21:44:19.795+0300][173,725s][info][gc] GC(1222) Pause Init Update Refs 0,015ms
[2020-11-04T21:44:19.835+0300][173,765s][info][gc] GC(1222) Concurrent update references 40,077ms
[2020-11-04T21:44:19.836+0300][173,766s][info][gc] GC(1222) Pause Final Update Refs 0,290ms
[2020-11-04T21:44:19.836+0300][173,766s][info][gc] GC(1222) Concurrent cleanup 460M->259M(512M) 0,118ms
[2020-11-04T21:44:19.851+0300][173,781s][info][gc] Trigger: Average GC time (157,71 ms) is above the time for allocation rate (1063 MB/s) to deplete free headroom (165M)
[2020-11-04T21:44:19.852+0300][173,782s][info][gc] GC(1223) Concurrent reset 0,608ms
[2020-11-04T21:44:19.852+0300][173,782s][info][gc] GC(1223) Pause Init Mark (unload classes) 0,175ms
[2020-11-04T21:44:19.915+0300][173,845s][info][gc] GC(1223) Concurrent marking (unload classes) 62,746ms
[2020-11-04T21:44:19.916+0300][173,846s][info][gc] GC(1223) Pause Final Mark (unload classes) 0,495ms
[2020-11-04T21:44:19.916+0300][173,846s][info][gc] GC(1223) Concurrent weak roots 0,429ms
[2020-11-04T21:44:19.916+0300][173,846s][info][gc] GC(1223) Concurrent cleanup 319M->319M(512M) 0,028ms
[2020-11-04T21:44:19.918+0300][173,847s][info][gc] GC(1223) Concurrent class unloading 1,165ms
[2020-11-04T21:44:19.918+0300][173,847s][info][gc] GC(1223) Concurrent strong roots 0,097ms
[2020-11-04T21:44:19.921+0300][173,851s][info][gc] GC(1223) Concurrent evacuation 3,169ms
[2020-11-04T21:44:19.921+0300][173,851s][info][gc] GC(1223) Pause Init Update Refs 0,025ms
[2020-11-04T21:44:19.955+0300][173,885s][info][gc] GC(1223) Concurrent update references 33,526ms
[2020-11-04T21:44:19.955+0300][173,885s][info][gc] GC(1223) Pause Final Update Refs 0,129ms
[2020-11-04T21:44:19.955+0300][173,885s][info][gc] GC(1223) Concurrent cleanup 371M->243M(512M) 0,092ms
[2020-11-04T21:44:19.980+0300][173,910s][info][gc] Trigger: Average GC time (145,81 ms) is above the time for allocation rate (1069 MB/s) to deplete free headroom (152M)
[2020-11-04T21:44:19.980+0300][173,910s][info][gc] GC(1224) Concurrent reset 0,516ms
[2020-11-04T21:44:19.981+0300][173,911s][info][gc] GC(1224) Pause Init Mark (unload classes) 0,115ms
[2020-11-04T21:44:20.041+0300][173,971s][info][gc] GC(1224) Concurrent marking (unload classes) 60,247ms
[2020-11-04T21:44:20.042+0300][173,971s][info][gc] GC(1224) Pause Final Mark (unload classes) 0,377ms
[2020-11-04T21:44:20.042+0300][173,972s][info][gc] GC(1224) Concurrent weak roots 0,344ms
[2020-11-04T21:44:20.042+0300][173,972s][info][gc] GC(1224) Concurrent cleanup 331M->331M(512M) 0,026ms
[2020-11-04T21:44:20.043+0300][173,973s][info][gc] GC(1224) Concurrent class unloading 0,996ms
[2020-11-04T21:44:20.043+0300][173,973s][info][gc] GC(1224) Concurrent strong roots 0,078ms
[2020-11-04T21:44:20.047+0300][173,977s][info][gc] GC(1224) Concurrent evacuation 3,427ms
[2020-11-04T21:44:20.047+0300][173,977s][info][gc] GC(1224) Pause Init Update Refs 0,016ms
[2020-11-04T21:44:20.082+0300][174,011s][info][gc] GC(1224) Concurrent update references 34,551ms
[2020-11-04T21:44:20.082+0300][174,012s][info][gc] GC(1224) Pause Final Update Refs 0,142ms
[2020-11-04T21:44:20.082+0300][174,012s][info][gc] GC(1224) Concurrent cleanup 387M->249M(512M) 0,138ms
[2020-11-04T21:44:20.112+0300][174,042s][info][gc] Trigger: Average GC time (129,30 ms) is above the time for allocation rate (1103 MB/s) to deplete free headroom (139M)
[2020-11-04T21:44:20.113+0300][174,042s][info][gc] GC(1225) Concurrent reset 0,559ms
[2020-11-04T21:44:20.113+0300][174,043s][info][gc] GC(1225) Pause Init Mark (process weakrefs) (unload classes) 0,136ms
[2020-11-04T21:44:20.205+0300][174,135s][info][gc] GC(1225) Concurrent marking (process weakrefs) (unload classes) 91,782ms
[2020-11-04T21:44:20.205+0300][174,135s][info][gc] GC(1225) Concurrent precleaning 0,184ms
[2020-11-04T21:44:20.206+0300][174,136s][info][gc] GC(1225) Pause Final Mark (process weakrefs) (unload classes) 0,444ms
[2020-11-04T21:44:20.206+0300][174,136s][info][gc] GC(1225) Concurrent weak roots 0,408ms
[2020-11-04T21:44:20.206+0300][174,136s][info][gc] GC(1225) Concurrent cleanup 342M->342M(512M) 0,041ms
[2020-11-04T21:44:20.207+0300][174,137s][info][gc] GC(1225) Concurrent class unloading 1,061ms
[2020-11-04T21:44:20.208+0300][174,137s][info][gc] GC(1225) Concurrent strong roots 0,140ms
[2020-11-04T21:44:20.211+0300][174,141s][info][gc] GC(1225) Concurrent evacuation 3,825ms
[2020-11-04T21:44:20.212+0300][174,142s][info][gc] GC(1225) Pause Init Update Refs 0,017ms
[2020-11-04T21:44:20.249+0300][174,179s][info][gc] GC(1225) Concurrent update references 36,973ms
[2020-11-04T21:44:20.249+0300][174,179s][info][gc] GC(1225) Pause Final Update Refs 0,122ms
[2020-11-04T21:44:20.249+0300][174,179s][info][gc] GC(1225) Concurrent cleanup 394M->249M(512M) 0,190ms
[2020-11-04T21:44:20.286+0300][174,215s][info][gc] Trigger: Average GC time (124,53 ms) is above the time for allocation rate (951 MB/s) to deplete free headroom (115M)
[2020-11-04T21:44:20.286+0300][174,216s][info][gc] GC(1226) Concurrent reset 0,548ms
[2020-11-04T21:44:20.287+0300][174,216s][info][gc] GC(1226) Pause Init Mark (unload classes) 0,119ms
[2020-11-04T21:44:20.383+0300][174,313s][info][gc] GC(1226) Concurrent marking (unload classes) 96,703ms
[2020-11-04T21:44:20.384+0300][174,314s][info][gc] GC(1226) Pause Final Mark (unload classes) 0,435ms
[2020-11-04T21:44:20.385+0300][174,314s][info][gc] GC(1226) Concurrent weak roots 0,535ms
[2020-11-04T21:44:20.385+0300][174,315s][info][gc] GC(1226) Concurrent cleanup 364M->364M(512M) 0,039ms
[2020-11-04T21:44:20.386+0300][174,316s][info][gc] GC(1226) Concurrent class unloading 1,043ms
[2020-11-04T21:44:20.386+0300][174,316s][info][gc] GC(1226) Concurrent strong roots 0,139ms
[2020-11-04T21:44:20.390+0300][174,320s][info][gc] GC(1226) Concurrent evacuation 4,107ms
[2020-11-04T21:44:20.390+0300][174,320s][info][gc] GC(1226) Pause Init Update Refs 0,019ms
[2020-11-04T21:44:20.427+0300][174,357s][info][gc] GC(1226) Concurrent update references 36,427ms
[2020-11-04T21:44:20.427+0300][174,357s][info][gc] GC(1226) Pause Final Update Refs 0,138ms
[2020-11-04T21:44:20.428+0300][174,357s][info][gc] GC(1226) Concurrent cleanup 426M->260M(512M) 0,099ms
[2020-11-04T21:44:20.468+0300][174,398s][info][gc] Trigger: Average GC time (118,50 ms) is above the time for allocation rate (931 MB/s) to deplete free headroom (106M)
[2020-11-04T21:44:20.469+0300][174,398s][info][gc] GC(1227) Concurrent reset 0,613ms
[2020-11-04T21:44:20.469+0300][174,399s][info][gc] GC(1227) Pause Init Mark (unload classes) 0,154ms
[2020-11-04T21:44:20.535+0300][174,465s][info][gc] GC(1227) Concurrent marking (unload classes) 66,129ms
[2020-11-04T21:44:20.536+0300][174,466s][info][gc] GC(1227) Pause Final Mark (unload classes) 0,440ms
[2020-11-04T21:44:20.536+0300][174,466s][info][gc] GC(1227) Concurrent weak roots 0,398ms
[2020-11-04T21:44:20.536+0300][174,466s][info][gc] GC(1227) Concurrent cleanup 371M->371M(512M) 0,034ms
[2020-11-04T21:44:20.538+0300][174,467s][info][gc] GC(1227) Concurrent class unloading 1,180ms
[2020-11-04T21:44:20.538+0300][174,468s][info][gc] GC(1227) Concurrent strong roots 0,125ms
[2020-11-04T21:44:20.542+0300][174,472s][info][gc] GC(1227) Concurrent evacuation 4,262ms
[2020-11-04T21:44:20.542+0300][174,472s][info][gc] GC(1227) Pause Init Update Refs 0,022ms
[2020-11-04T21:44:20.576+0300][174,506s][info][gc] GC(1227) Concurrent update references 33,770ms
[2020-11-04T21:44:20.577+0300][174,507s][info][gc] GC(1227) Pause Final Update Refs 0,136ms
[2020-11-04T21:44:20.577+0300][174,507s][info][gc] GC(1227) Concurrent cleanup 454M->284M(512M) 0,101ms
[2020-11-04T21:44:20.594+0300][174,524s][info][gc] Trigger: Average GC time (119,05 ms) is above the time for allocation rate (1116 MB/s) to deplete free headroom (130M)
[2020-11-04T21:44:20.595+0300][174,524s][info][gc] GC(1228) Concurrent reset 0,728ms
[2020-11-04T21:44:20.595+0300][174,525s][info][gc] GC(1228) Pause Init Mark (unload classes) 0,106ms
[2020-11-04T21:44:20.691+0300][174,621s][info][gc] GC(1228) Concurrent marking (unload classes) 96,049ms
[2020-11-04T21:44:20.692+0300][174,622s][info][gc] GC(1228) Pause Final Mark (unload classes) 0,500ms
[2020-11-04T21:44:20.693+0300][174,622s][info][gc] GC(1228) Concurrent weak roots 0,462ms
[2020-11-04T21:44:20.693+0300][174,622s][info][gc] GC(1228) Concurrent cleanup 350M->350M(512M) 0,040ms
[2020-11-04T21:44:20.694+0300][174,624s][info][gc] GC(1228) Concurrent class unloading 1,104ms
[2020-11-04T21:44:20.694+0300][174,624s][info][gc] GC(1228) Concurrent strong roots 0,105ms
[2020-11-04T21:44:20.697+0300][174,627s][info][gc] GC(1228) Concurrent evacuation 3,488ms
[2020-11-04T21:44:20.698+0300][174,627s][info][gc] GC(1228) Pause Init Update Refs 0,015ms
[2020-11-04T21:44:20.736+0300][174,666s][info][gc] GC(1228) Concurrent update references 38,033ms
[2020-11-04T21:44:20.736+0300][174,666s][info][gc] GC(1228) Pause Final Update Refs 0,197ms
[2020-11-04T21:44:20.736+0300][174,666s][info][gc] GC(1228) Concurrent cleanup 416M->275M(512M) 0,111ms
[2020-11-04T21:44:20.764+0300][174,694s][info][gc] Trigger: Average GC time (126,71 ms) is above the time for allocation rate (914 MB/s) to deplete free headroom (112M)
[2020-11-04T21:44:20.765+0300][174,694s][info][gc] GC(1229) Concurrent reset 0,572ms
[2020-11-04T21:44:20.765+0300][174,695s][info][gc] GC(1229) Pause Init Mark (unload classes) 0,093ms
[2020-11-04T21:44:20.831+0300][174,760s][info][gc] GC(1229) Concurrent marking (unload classes) 65,483ms
[2020-11-04T21:44:20.831+0300][174,761s][info][gc] GC(1229) Pause Final Mark (unload classes) 0,475ms
[2020-11-04T21:44:20.832+0300][174,762s][info][gc] GC(1229) Concurrent weak roots 0,477ms
[2020-11-04T21:44:20.832+0300][174,762s][info][gc] GC(1229) Concurrent cleanup 366M->366M(512M) 0,034ms
[2020-11-04T21:44:20.833+0300][174,763s][info][gc] GC(1229) Concurrent class unloading 1,133ms
[2020-11-04T21:44:20.833+0300][174,763s][info][gc] GC(1229) Concurrent strong roots 0,158ms
[2020-11-04T21:44:20.837+0300][174,767s][info][gc] GC(1229) Concurrent evacuation 4,225ms
[2020-11-04T21:44:20.838+0300][174,768s][info][gc] GC(1229) Pause Init Update Refs 0,022ms
[2020-11-04T21:44:20.874+0300][174,804s][info][gc] GC(1229) Concurrent update references 35,805ms
[2020-11-04T21:44:20.874+0300][174,804s][info][gc] GC(1229) Pause Final Update Refs 0,333ms
[2020-11-04T21:44:20.875+0300][174,804s][info][gc] GC(1229) Concurrent cleanup 448M->293M(512M) 0,098ms
[2020-11-04T21:44:20.887+0300][174,817s][info][gc] Trigger: Average GC time (128,30 ms) is above the time for allocation rate (1053 MB/s) to deplete free headroom (132M)
[2020-11-04T21:44:20.888+0300][174,818s][info][gc] GC(1230) Concurrent reset 0,589ms
[2020-11-04T21:44:20.888+0300][174,818s][info][gc] GC(1230) Pause Init Mark (process weakrefs) (unload classes) 0,084ms
[2020-11-04T21:44:20.981+0300][174,911s][info][gc] GC(1230) Concurrent marking (process weakrefs) (unload classes) 92,860ms
[2020-11-04T21:44:20.981+0300][174,911s][info][gc] GC(1230) Concurrent precleaning 0,161ms
[2020-11-04T21:44:20.982+0300][174,912s][info][gc] GC(1230) Pause Final Mark (process weakrefs) (unload classes) 0,522ms
[2020-11-04T21:44:20.983+0300][174,913s][info][gc] GC(1230) Concurrent weak roots 0,504ms
[2020-11-04T21:44:20.983+0300][174,913s][info][gc] GC(1230) Concurrent cleanup 348M->348M(512M) 0,034ms
[2020-11-04T21:44:20.984+0300][174,914s][info][gc] GC(1230) Concurrent class unloading 1,017ms
[2020-11-04T21:44:20.984+0300][174,914s][info][gc] GC(1230) Concurrent strong roots 0,103ms
[2020-11-04T21:44:20.987+0300][174,917s][info][gc] GC(1230) Concurrent evacuation 3,229ms
[2020-11-04T21:44:20.988+0300][174,917s][info][gc] GC(1230) Pause Init Update Refs 0,017ms
[2020-11-04T21:44:21.029+0300][174,958s][info][gc] GC(1230) Concurrent update references 40,946ms
[2020-11-04T21:44:21.029+0300][174,959s][info][gc] GC(1230) Pause Final Update Refs 0,179ms
[2020-11-04T21:44:21.029+0300][174,959s][info][gc] GC(1230) Concurrent cleanup 410M->279M(512M) 0,062ms
[2020-11-04T21:44:21.056+0300][174,986s][info][gc] Trigger: Average GC time (129,19 ms) is above the time for allocation rate (882 MB/s) to deplete free headroom (110M)
[2020-11-04T21:44:21.057+0300][174,986s][info][gc] GC(1231) Concurrent reset 0,667ms
[2020-11-04T21:44:21.057+0300][174,987s][info][gc] GC(1231) Pause Init Mark (unload classes) 0,219ms
[2020-11-04T21:44:21.130+0300][175,060s][info][gc] GC(1231) Concurrent marking (unload classes) 72,923ms
[2020-11-04T21:44:21.131+0300][175,061s][info][gc] GC(1231) Pause Final Mark (unload classes) 0,563ms
[2020-11-04T21:44:21.131+0300][175,061s][info][gc] GC(1231) Concurrent weak roots 0,412ms
[2020-11-04T21:44:21.131+0300][175,061s][info][gc] GC(1231) Concurrent cleanup 368M->368M(512M) 0,042ms
[2020-11-04T21:44:21.132+0300][175,062s][info][gc] GC(1231) Concurrent class unloading 1,056ms
[2020-11-04T21:44:21.133+0300][175,062s][info][gc] GC(1231) Concurrent strong roots 0,089ms
[2020-11-04T21:44:21.137+0300][175,067s][info][gc] GC(1231) Concurrent evacuation 4,327ms
[2020-11-04T21:44:21.137+0300][175,067s][info][gc] GC(1231) Pause Init Update Refs 0,046ms
[2020-11-04T21:44:21.183+0300][175,113s][info][gc] GC(1231) Concurrent update references 46,082ms
[2020-11-04T21:44:21.184+0300][175,114s][info][gc] GC(1231) Pause Final Update Refs 0,140ms
[2020-11-04T21:44:21.184+0300][175,114s][info][gc] GC(1231) Concurrent cleanup 475M->325M(512M) 0,113ms
[2020-11-04T21:44:21.188+0300][175,118s][info][gc] Trigger: Average GC time (126,44 ms) is above the time for allocation rate (990 MB/s) to deplete free headroom (123M)
[2020-11-04T21:44:21.189+0300][175,119s][info][gc] GC(1232) Concurrent reset 0,530ms
[2020-11-04T21:44:21.189+0300][175,119s][info][gc] GC(1232) Pause Init Mark (unload classes) 0,131ms
[2020-11-04T21:44:21.283+0300][175,213s][info][gc] GC(1232) Concurrent marking (unload classes) 93,698ms
[2020-11-04T21:44:21.284+0300][175,214s][info][gc] GC(1232) Pause Final Mark (unload classes) 0,428ms
[2020-11-04T21:44:21.285+0300][175,214s][info][gc] GC(1232) Concurrent weak roots 0,494ms
[2020-11-04T21:44:21.285+0300][175,214s][info][gc] GC(1232) Concurrent cleanup 357M->357M(512M) 0,038ms
[2020-11-04T21:44:21.286+0300][175,215s][info][gc] GC(1232) Concurrent class unloading 0,874ms
[2020-11-04T21:44:21.286+0300][175,215s][info][gc] GC(1232) Concurrent strong roots 0,100ms
[2020-11-04T21:44:21.290+0300][175,220s][info][gc] GC(1232) Concurrent evacuation 4,284ms
[2020-11-04T21:44:21.290+0300][175,220s][info][gc] GC(1232) Pause Init Update Refs 0,015ms
[2020-11-04T21:44:21.328+0300][175,258s][info][gc] GC(1232) Concurrent update references 37,878ms
[2020-11-04T21:44:21.329+0300][175,259s][info][gc] GC(1232) Pause Final Update Refs 0,199ms
[2020-11-04T21:44:21.329+0300][175,259s][info][gc] GC(1232) Concurrent cleanup 447M->315M(512M) 0,110ms
[2020-11-04T21:44:21.340+0300][175,269s][info][gc] Trigger: Average GC time (132,75 ms) is above the time for allocation rate (888 MB/s) to deplete free headroom (116M)
[2020-11-04T21:44:21.340+0300][175,270s][info][gc] GC(1233) Concurrent reset 0,605ms
[2020-11-04T21:44:21.341+0300][175,271s][info][gc] GC(1233) Pause Init Mark (unload classes) 0,128ms
[2020-11-04T21:44:21.421+0300][175,351s][info][gc] GC(1233) Concurrent marking (unload classes) 80,046ms
[2020-11-04T21:44:21.422+0300][175,352s][info][gc] GC(1233) Pause Final Mark (unload classes) 0,586ms
[2020-11-04T21:44:21.422+0300][175,352s][info][gc] GC(1233) Concurrent weak roots 0,567ms
[2020-11-04T21:44:21.422+0300][175,352s][info][gc] GC(1233) Concurrent cleanup 363M->363M(512M) 0,033ms
[2020-11-04T21:44:21.423+0300][175,353s][info][gc] GC(1233) Concurrent class unloading 0,976ms
[2020-11-04T21:44:21.424+0300][175,353s][info][gc] GC(1233) Concurrent strong roots 0,155ms
[2020-11-04T21:44:21.428+0300][175,358s][info][gc] GC(1233) Concurrent evacuation 4,428ms
[2020-11-04T21:44:21.428+0300][175,358s][info][gc] GC(1233) Pause Init Update Refs 0,022ms
[2020-11-04T21:44:21.467+0300][175,397s][info][gc] GC(1233) Concurrent update references 38,822ms
[2020-11-04T21:44:21.468+0300][175,398s][info][gc] GC(1233) Pause Final Update Refs 0,370ms
[2020-11-04T21:44:21.468+0300][175,398s][info][gc] GC(1233) Concurrent cleanup 452M->317M(512M) 0,097ms
[2020-11-04T21:44:21.482+0300][175,412s][info][gc] Trigger: Average GC time (129,93 ms) is above the time for allocation rate (912 MB/s) to deplete free headroom (117M)
[2020-11-04T21:44:21.483+0300][175,413s][info][gc] GC(1234) Concurrent reset 0,682ms
[2020-11-04T21:44:21.483+0300][175,413s][info][gc] GC(1234) Pause Init Mark (unload classes) 0,124ms
[2020-11-04T21:44:21.566+0300][175,496s][info][gc] GC(1234) Concurrent marking (unload classes) 83,227ms
[2020-11-04T21:44:21.567+0300][175,497s][info][gc] GC(1234) Pause Final Mark (unload classes) 0,336ms
[2020-11-04T21:44:21.568+0300][175,497s][info][gc] GC(1234) Concurrent weak roots 0,472ms
[2020-11-04T21:44:21.568+0300][175,497s][info][gc] GC(1234) Concurrent cleanup 361M->361M(512M) 0,036ms
[2020-11-04T21:44:21.569+0300][175,498s][info][gc] GC(1234) Concurrent class unloading 0,982ms
[2020-11-04T21:44:21.569+0300][175,499s][info][gc] GC(1234) Concurrent strong roots 0,081ms
[2020-11-04T21:44:21.572+0300][175,502s][info][gc] GC(1234) Concurrent evacuation 3,177ms
[2020-11-04T21:44:21.572+0300][175,502s][info][gc] GC(1234) Pause Init Update Refs 0,014ms
[2020-11-04T21:44:21.611+0300][175,541s][info][gc] GC(1234) Concurrent update references 39,108ms
[2020-11-04T21:44:21.612+0300][175,542s][info][gc] GC(1234) Pause Final Update Refs 0,138ms
[2020-11-04T21:44:21.612+0300][175,542s][info][gc] GC(1234) Concurrent cleanup 450M->320M(512M) 0,062ms
[2020-11-04T21:44:21.620+0300][175,549s][info][gc] Trigger: Average GC time (133,84 ms) is above the time for allocation rate (898 MB/s) to deplete free headroom (119M)
[2020-11-04T21:44:21.620+0300][175,550s][info][gc] GC(1235) Concurrent reset 0,652ms
[2020-11-04T21:44:21.621+0300][175,550s][info][gc] GC(1235) Pause Init Mark (process weakrefs) (unload classes) 0,099ms
[2020-11-04T21:44:21.715+0300][175,645s][info][gc] GC(1235) Concurrent marking (process weakrefs) (unload classes) 94,663ms
[2020-11-04T21:44:21.715+0300][175,645s][info][gc] GC(1235) Concurrent precleaning 0,120ms
[2020-11-04T21:44:21.716+0300][175,646s][info][gc] GC(1235) Pause Final Mark (process weakrefs) (unload classes) 0,435ms
[2020-11-04T21:44:21.717+0300][175,647s][info][gc] GC(1235) Concurrent weak roots 0,459ms
[2020-11-04T21:44:21.717+0300][175,647s][info][gc] GC(1235) Concurrent cleanup 360M->360M(512M) 0,038ms
[2020-11-04T21:44:21.718+0300][175,648s][info][gc] GC(1235) Concurrent class unloading 0,946ms
[2020-11-04T21:44:21.718+0300][175,648s][info][gc] GC(1235) Concurrent strong roots 0,154ms
[2020-11-04T21:44:21.721+0300][175,651s][info][gc] GC(1235) Concurrent evacuation 3,062ms
[2020-11-04T21:44:21.721+0300][175,651s][info][gc] GC(1235) Pause Init Update Refs 0,034ms
[2020-11-04T21:44:21.772+0300][175,701s][info][gc] GC(1235) Concurrent update references 50,140ms
[2020-11-04T21:44:21.772+0300][175,702s][info][gc] GC(1235) Pause Final Update Refs 0,136ms
[2020-11-04T21:44:21.772+0300][175,702s][info][gc] GC(1235) Concurrent cleanup 474M->349M(512M) 0,076ms
[2020-11-04T21:44:21.773+0300][175,703s][info][gc] Trigger: Average GC time (135,99 ms) is above the time for allocation rate (860 MB/s) to deplete free headroom (107M)
[2020-11-04T21:44:21.774+0300][175,703s][info][gc] GC(1236) Concurrent reset 0,365ms
[2020-11-04T21:44:21.774+0300][175,704s][info][gc] GC(1236) Pause Init Mark (unload classes) 0,110ms
[2020-11-04T21:44:21.851+0300][175,781s][info][gc] GC(1236) Concurrent marking (unload classes) 77,283ms
[2020-11-04T21:44:21.852+0300][175,782s][info][gc] GC(1236) Pause Final Mark (unload classes) 0,539ms
[2020-11-04T21:44:21.853+0300][175,783s][info][gc] GC(1236) Concurrent weak roots 0,442ms
[2020-11-04T21:44:21.853+0300][175,783s][info][gc] GC(1236) Concurrent cleanup 370M->370M(512M) 0,033ms
[2020-11-04T21:44:21.854+0300][175,784s][info][gc] GC(1236) Concurrent class unloading 0,864ms
[2020-11-04T21:44:21.854+0300][175,784s][info][gc] GC(1236) Concurrent strong roots 0,051ms
[2020-11-04T21:44:21.857+0300][175,787s][info][gc] GC(1236) Concurrent evacuation 3,487ms
[2020-11-04T21:44:21.858+0300][175,787s][info][gc] GC(1236) Pause Init Update Refs 0,015ms
[2020-11-04T21:44:21.900+0300][175,829s][info][gc] GC(1236) Concurrent update references 41,966ms
[2020-11-04T21:44:21.900+0300][175,830s][info][gc] GC(1236) Pause Final Update Refs 0,108ms
[2020-11-04T21:44:21.900+0300][175,830s][info][gc] GC(1236) Concurrent cleanup 461M->329M(512M) 0,071ms
[2020-11-04T21:44:21.904+0300][175,834s][info][gc] Trigger: Average GC time (135,70 ms) is above the time for allocation rate (884 MB/s) to deplete free headroom (119M)
[2020-11-04T21:44:21.905+0300][175,835s][info][gc] GC(1237) Concurrent reset 0,513ms
[2020-11-04T21:44:21.905+0300][175,835s][info][gc] GC(1237) Pause Init Mark (unload classes) 0,100ms
[2020-11-04T21:44:21.999+0300][175,929s][info][gc] GC(1237) Concurrent marking (unload classes) 93,602ms
[2020-11-04T21:44:22.000+0300][175,930s][info][gc] GC(1237) Pause Final Mark (unload classes) 0,459ms
[2020-11-04T21:44:22.001+0300][175,931s][info][gc] GC(1237) Concurrent weak roots 0,443ms
[2020-11-04T21:44:22.001+0300][175,931s][info][gc] GC(1237) Concurrent cleanup 360M->360M(512M) 0,034ms
[2020-11-04T21:44:22.002+0300][175,932s][info][gc] GC(1237) Concurrent class unloading 0,848ms
[2020-11-04T21:44:22.002+0300][175,932s][info][gc] GC(1237) Concurrent strong roots 0,069ms
[2020-11-04T21:44:22.006+0300][175,936s][info][gc] GC(1237) Concurrent evacuation 3,922ms
[2020-11-04T21:44:22.007+0300][175,936s][info][gc] GC(1237) Pause Init Update Refs 0,013ms
[2020-11-04T21:44:22.048+0300][175,978s][info][gc] GC(1237) Concurrent update references 41,462ms
[2020-11-04T21:44:22.049+0300][175,979s][info][gc] GC(1237) Pause Final Update Refs 0,363ms
[2020-11-04T21:44:22.049+0300][175,979s][info][gc] GC(1237) Concurrent cleanup 452M->336M(512M) 0,088ms
[2020-11-04T21:44:22.054+0300][175,984s][info][gc] Trigger: Average GC time (136,49 ms) is above the time for allocation rate (811 MB/s) to deplete free headroom (110M)
[2020-11-04T21:44:22.055+0300][175,985s][info][gc] GC(1238) Concurrent reset 0,626ms
[2020-11-04T21:44:22.055+0300][175,985s][info][gc] GC(1238) Pause Init Mark (unload classes) 0,208ms
[2020-11-04T21:44:22.156+0300][176,086s][info][gc] GC(1238) Concurrent marking (unload classes) 100,724ms
[2020-11-04T21:44:22.157+0300][176,087s][info][gc] GC(1238) Pause Final Mark (unload classes) 0,673ms
[2020-11-04T21:44:22.158+0300][176,088s][info][gc] GC(1238) Concurrent weak roots 0,464ms
[2020-11-04T21:44:22.158+0300][176,088s][info][gc] GC(1238) Concurrent cleanup 369M->369M(512M) 0,039ms
[2020-11-04T21:44:22.159+0300][176,089s][info][gc] GC(1238) Concurrent class unloading 0,949ms
[2020-11-04T21:44:22.159+0300][176,089s][info][gc] GC(1238) Concurrent strong roots 0,063ms
[2020-11-04T21:44:22.163+0300][176,093s][info][gc] GC(1238) Concurrent evacuation 4,053ms
[2020-11-04T21:44:22.163+0300][176,093s][info][gc] GC(1238) Pause Init Update Refs 0,012ms
[2020-11-04T21:44:22.211+0300][176,141s][info][gc] GC(1238) Concurrent update references 47,732ms
[2020-11-04T21:44:22.211+0300][176,141s][info][gc] GC(1238) Pause Final Update Refs 0,146ms
[2020-11-04T21:44:22.212+0300][176,141s][info][gc] GC(1238) Concurrent cleanup 450M->327M(512M) 0,064ms
[2020-11-04T21:44:22.225+0300][176,155s][info][gc] Trigger: Average GC time (142,25 ms) is above the time for allocation rate (733 MB/s) to deplete free headroom (103M)
[2020-11-04T21:44:22.226+0300][176,156s][info][gc] GC(1239) Concurrent reset 0,618ms
[2020-11-04T21:44:22.227+0300][176,157s][info][gc] GC(1239) Pause Init Mark (unload classes) 0,319ms
[2020-11-04T21:44:22.317+0300][176,247s][info][gc] GC(1239) Concurrent marking (unload classes) 89,915ms
[2020-11-04T21:44:22.318+0300][176,248s][info][gc] GC(1239) Pause Final Mark (unload classes) 0,714ms
[2020-11-04T21:44:22.318+0300][176,248s][info][gc] GC(1239) Concurrent weak roots 0,348ms
[2020-11-04T21:44:22.318+0300][176,248s][info][gc] GC(1239) Concurrent cleanup 375M->375M(512M) 0,052ms
[2020-11-04T21:44:22.319+0300][176,249s][info][gc] GC(1239) Concurrent class unloading 1,166ms
[2020-11-04T21:44:22.320+0300][176,249s][info][gc] GC(1239) Concurrent strong roots 0,139ms
[2020-11-04T21:44:22.323+0300][176,253s][info][gc] GC(1239) Concurrent evacuation 3,087ms
[2020-11-04T21:44:22.323+0300][176,253s][info][gc] GC(1239) Pause Init Update Refs 0,013ms
[2020-11-04T21:44:22.372+0300][176,302s][info][gc] GC(1239) Concurrent update references 48,587ms
[2020-11-04T21:44:22.372+0300][176,302s][info][gc] GC(1239) Pause Final Update Refs 0,132ms
[2020-11-04T21:44:22.372+0300][176,302s][info][gc] GC(1239) Concurrent cleanup 456M->330M(512M) 0,078ms
[2020-11-04T21:44:22.384+0300][176,314s][info][gc] Trigger: Average GC time (145,61 ms) is above the time for allocation rate (744 MB/s) to deplete free headroom (106M)
[2020-11-04T21:44:22.385+0300][176,315s][info][gc] GC(1240) Concurrent reset 0,568ms
[2020-11-04T21:44:22.385+0300][176,315s][info][gc] GC(1240) Pause Init Mark (process weakrefs) (unload classes) 0,121ms
[2020-11-04T21:44:22.477+0300][176,407s][info][gc] GC(1240) Concurrent marking (process weakrefs) (unload classes) 91,783ms
[2020-11-04T21:44:22.477+0300][176,407s][info][gc] GC(1240) Concurrent precleaning 0,170ms
[2020-11-04T21:44:22.478+0300][176,408s][info][gc] GC(1240) Pause Final Mark (process weakrefs) (unload classes) 0,588ms
[2020-11-04T21:44:22.479+0300][176,408s][info][gc] GC(1240) Concurrent weak roots 0,483ms
[2020-11-04T21:44:22.479+0300][176,408s][info][gc] GC(1240) Concurrent cleanup 371M->371M(512M) 0,033ms
[2020-11-04T21:44:22.480+0300][176,409s][info][gc] GC(1240) Concurrent class unloading 0,975ms
[2020-11-04T21:44:22.480+0300][176,410s][info][gc] GC(1240) Concurrent strong roots 0,060ms
[2020-11-04T21:44:22.483+0300][176,413s][info][gc] GC(1240) Concurrent evacuation 3,275ms
[2020-11-04T21:44:22.483+0300][176,413s][info][gc] GC(1240) Pause Init Update Refs 0,023ms
[2020-11-04T21:44:22.528+0300][176,458s][info][gc] GC(1240) Concurrent update references 44,534ms
[2020-11-04T21:44:22.528+0300][176,458s][info][gc] GC(1240) Pause Final Update Refs 0,151ms
[2020-11-04T21:44:22.528+0300][176,458s][info][gc] GC(1240) Concurrent cleanup 467M->349M(512M) 0,053ms
[2020-11-04T21:44:22.530+0300][176,459s][info][gc] Trigger: Average GC time (143,95 ms) is above the time for allocation rate (779 MB/s) to deplete free headroom (108M)
[2020-11-04T21:44:22.530+0300][176,460s][info][gc] GC(1241) Concurrent reset 0,467ms
[2020-11-04T21:44:22.531+0300][176,460s][info][gc] GC(1241) Pause Init Mark (unload classes) 0,331ms
[2020-11-04T21:44:22.626+0300][176,556s][info][gc] GC(1241) Concurrent marking (unload classes) 95,767ms
[2020-11-04T21:44:22.627+0300][176,557s][info][gc] GC(1241) Pause Final Mark (unload classes) 0,473ms
[2020-11-04T21:44:22.628+0300][176,557s][info][gc] GC(1241) Concurrent weak roots 0,470ms
[2020-11-04T21:44:22.628+0300][176,557s][info][gc] GC(1241) Concurrent cleanup 368M->368M(512M) 0,036ms
[2020-11-04T21:44:22.629+0300][176,558s][info][gc] GC(1241) Concurrent class unloading 0,852ms
[2020-11-04T21:44:22.629+0300][176,558s][info][gc] GC(1241) Concurrent strong roots 0,132ms
[2020-11-04T21:44:22.632+0300][176,562s][info][gc] GC(1241) Concurrent evacuation 3,200ms
[2020-11-04T21:44:22.632+0300][176,562s][info][gc] GC(1241) Pause Init Update Refs 0,012ms
[2020-11-04T21:44:22.693+0300][176,623s][info][gc] GC(1241) Concurrent update references 60,775ms
[2020-11-04T21:44:22.693+0300][176,623s][info][gc] GC(1241) Pause Final Update Refs 0,148ms
[2020-11-04T21:44:22.694+0300][176,623s][info][gc] GC(1241) Concurrent cleanup 478M->364M(512M) 0,083ms
[2020-11-04T21:44:22.695+0300][176,624s][info][gc] Trigger: Average GC time (151,37 ms) is above the time for allocation rate (756 MB/s) to deplete free headroom (95516K)
[2020-11-04T21:44:22.695+0300][176,625s][info][gc] GC(1242) Concurrent reset 0,414ms
[2020-11-04T21:44:22.696+0300][176,625s][info][gc] GC(1242) Pause Init Mark (unload classes) 0,325ms
[2020-11-04T21:44:22.792+0300][176,722s][info][gc] GC(1242) Concurrent marking (unload classes) 96,085ms
[2020-11-04T21:44:22.793+0300][176,723s][info][gc] GC(1242) Pause Final Mark (unload classes) 0,800ms
[2020-11-04T21:44:22.793+0300][176,723s][info][gc] GC(1242) Concurrent weak roots 0,408ms
[2020-11-04T21:44:22.793+0300][176,723s][info][gc] GC(1242) Concurrent cleanup 383M->383M(512M) 0,034ms
[2020-11-04T21:44:22.795+0300][176,725s][info][gc] GC(1242) Concurrent class unloading 1,330ms
[2020-11-04T21:44:22.795+0300][176,725s][info][gc] GC(1242) Concurrent strong roots 0,100ms
[2020-11-04T21:44:22.798+0300][176,728s][info][gc] GC(1242) Concurrent evacuation 3,032ms
[2020-11-04T21:44:22.798+0300][176,728s][info][gc] GC(1242) Pause Init Update Refs 0,014ms
[2020-11-04T21:44:22.847+0300][176,777s][info][gc] GC(1242) Concurrent update references 49,035ms
[2020-11-04T21:44:22.848+0300][176,778s][info][gc] GC(1242) Pause Final Update Refs 0,353ms
[2020-11-04T21:44:22.848+0300][176,778s][info][gc] GC(1242) Concurrent cleanup 474M->350M(512M) 0,103ms
[2020-11-04T21:44:22.850+0300][176,780s][info][gc] Trigger: Average GC time (153,17 ms) is above the time for allocation rate (704 MB/s) to deplete free headroom (104M)
[2020-11-04T21:44:22.851+0300][176,781s][info][gc] GC(1243) Concurrent reset 0,443ms
[2020-11-04T21:44:22.851+0300][176,781s][info][gc] GC(1243) Pause Init Mark (unload classes) 0,142ms
[2020-11-04T21:44:22.951+0300][176,881s][info][gc] GC(1243) Concurrent marking (unload classes) 99,968ms
[2020-11-04T21:44:22.952+0300][176,882s][info][gc] GC(1243) Pause Final Mark (unload classes) 0,549ms
[2020-11-04T21:44:22.952+0300][176,882s][info][gc] GC(1243) Concurrent weak roots 0,446ms
[2020-11-04T21:44:22.953+0300][176,882s][info][gc] GC(1243) Concurrent cleanup 373M->373M(512M) 0,034ms
[2020-11-04T21:44:22.953+0300][176,883s][info][gc] GC(1243) Concurrent class unloading 0,832ms
[2020-11-04T21:44:22.954+0300][176,883s][info][gc] GC(1243) Concurrent strong roots 0,138ms
[2020-11-04T21:44:22.957+0300][176,887s][info][gc] GC(1243) Concurrent evacuation 3,436ms
[2020-11-04T21:44:22.957+0300][176,887s][info][gc] GC(1243) Pause Init Update Refs 0,026ms
[2020-11-04T21:44:23.005+0300][176,935s][info][gc] GC(1243) Concurrent update references 47,509ms
[2020-11-04T21:44:23.005+0300][176,935s][info][gc] GC(1243) Pause Final Update Refs 0,160ms
[2020-11-04T21:44:23.006+0300][176,935s][info][gc] GC(1243) Concurrent cleanup 474M->364M(512M) 0,088ms
[2020-11-04T21:44:23.007+0300][176,936s][info][gc] Trigger: Average GC time (152,77 ms) is above the time for allocation rate (758 MB/s) to deplete free headroom (95004K)
[2020-11-04T21:44:23.007+0300][176,937s][info][gc] GC(1244) Concurrent reset 0,397ms
[2020-11-04T21:44:23.007+0300][176,937s][info][gc] GC(1244) Pause Init Mark (unload classes) 0,093ms
[2020-11-04T21:44:23.108+0300][177,038s][info][gc] GC(1244) Concurrent marking (unload classes) 100,422ms
[2020-11-04T21:44:23.109+0300][177,039s][info][gc] GC(1244) Pause Final Mark (unload classes) 0,809ms
[2020-11-04T21:44:23.110+0300][177,039s][info][gc] GC(1244) Concurrent weak roots 0,457ms
[2020-11-04T21:44:23.110+0300][177,040s][info][gc] GC(1244) Concurrent cleanup 384M->384M(512M) 0,036ms
[2020-11-04T21:44:23.111+0300][177,040s][info][gc] GC(1244) Concurrent class unloading 0,934ms
[2020-11-04T21:44:23.111+0300][177,041s][info][gc] GC(1244) Concurrent strong roots 0,058ms
[2020-11-04T21:44:23.114+0300][177,043s][info][gc] GC(1244) Concurrent evacuation 2,849ms
[2020-11-04T21:44:23.114+0300][177,044s][info][gc] GC(1244) Pause Init Update Refs 0,016ms
[2020-11-04T21:44:23.161+0300][177,091s][info][gc] GC(1244) Concurrent update references 46,837ms
[2020-11-04T21:44:23.161+0300][177,091s][info][gc] GC(1244) Pause Final Update Refs 0,197ms
[2020-11-04T21:44:23.161+0300][177,091s][info][gc] GC(1244) Concurrent cleanup 479M->360M(512M) 0,094ms
[2020-11-04T21:44:23.163+0300][177,092s][info][gc] Trigger: Average GC time (154,36 ms) is above the time for allocation rate (712 MB/s) to deplete free headroom (98588K)
[2020-11-04T21:44:23.163+0300][177,093s][info][gc] GC(1245) Concurrent reset 0,471ms
[2020-11-04T21:44:23.163+0300][177,093s][info][gc] GC(1245) Pause Init Mark (process weakrefs) (unload classes) 0,143ms
[2020-11-04T21:44:23.255+0300][177,185s][info][gc] GC(1245) Concurrent marking (process weakrefs) (unload classes) 91,225ms
[2020-11-04T21:44:23.255+0300][177,185s][info][gc] GC(1245) Concurrent precleaning 0,173ms
[2020-11-04T21:44:23.256+0300][177,186s][info][gc] GC(1245) Pause Final Mark (process weakrefs) (unload classes) 0,731ms
[2020-11-04T21:44:23.256+0300][177,186s][info][gc] GC(1245) Concurrent weak roots 0,412ms
[2020-11-04T21:44:23.257+0300][177,186s][info][gc] GC(1245) Concurrent cleanup 380M->380M(512M) 0,038ms
[2020-11-04T21:44:23.257+0300][177,187s][info][gc] GC(1245) Concurrent class unloading 0,878ms
[2020-11-04T21:44:23.258+0300][177,187s][info][gc] GC(1245) Concurrent strong roots 0,131ms
[2020-11-04T21:44:23.261+0300][177,191s][info][gc] GC(1245) Concurrent evacuation 3,161ms
[2020-11-04T21:44:23.261+0300][177,191s][info][gc] GC(1245) Pause Init Update Refs 0,015ms
[2020-11-04T21:44:23.309+0300][177,239s][info][gc] GC(1245) Concurrent update references 48,023ms
[2020-11-04T21:44:23.310+0300][177,239s][info][gc] GC(1245) Pause Final Update Refs 0,152ms
[2020-11-04T21:44:23.310+0300][177,240s][info][gc] GC(1245) Concurrent cleanup 479M->367M(512M) 0,106ms
[2020-11-04T21:44:23.311+0300][177,241s][info][gc] Trigger: Average GC time (154,96 ms) is above the time for allocation rate (770 MB/s) to deplete free headroom (92188K)
[2020-11-04T21:44:23.311+0300][177,241s][info][gc] GC(1246) Concurrent reset 0,428ms
[2020-11-04T21:44:23.312+0300][177,242s][info][gc] GC(1246) Pause Init Mark (unload classes) 0,090ms
[2020-11-04T21:44:23.417+0300][177,347s][info][gc] GC(1246) Concurrent marking (unload classes) 105,249ms
[2020-11-04T21:44:23.418+0300][177,348s][info][gc] GC(1246) Pause Final Mark (unload classes) 0,400ms
[2020-11-04T21:44:23.418+0300][177,348s][info][gc] GC(1246) Concurrent weak roots 0,374ms
[2020-11-04T21:44:23.418+0300][177,348s][info][gc] GC(1246) Concurrent cleanup 386M->386M(512M) 0,037ms
[2020-11-04T21:44:23.419+0300][177,349s][info][gc] GC(1246) Concurrent class unloading 0,860ms
[2020-11-04T21:44:23.419+0300][177,349s][info][gc] GC(1246) Concurrent strong roots 0,083ms
[2020-11-04T21:44:23.423+0300][177,352s][info][gc] GC(1246) Concurrent evacuation 3,213ms
[2020-11-04T21:44:23.423+0300][177,353s][info][gc] GC(1246) Pause Init Update Refs 0,012ms
[2020-11-04T21:44:23.470+0300][177,400s][info][gc] GC(1246) Concurrent update references 47,497ms
[2020-11-04T21:44:23.471+0300][177,401s][info][gc] GC(1246) Pause Final Update Refs 0,145ms
[2020-11-04T21:44:23.471+0300][177,401s][info][gc] GC(1246) Concurrent cleanup 480M->365M(512M) 0,092ms
[2020-11-04T21:44:23.472+0300][177,402s][info][gc] Trigger: Average GC time (154,19 ms) is above the time for allocation rate (676 MB/s) to deplete free headroom (94236K)
[2020-11-04T21:44:23.473+0300][177,402s][info][gc] GC(1247) Concurrent reset 0,355ms
[2020-11-04T21:44:23.473+0300][177,403s][info][gc] GC(1247) Pause Init Mark (unload classes) 0,166ms
[2020-11-04T21:44:23.579+0300][177,509s][info][gc] GC(1247) Concurrent marking (unload classes) 105,852ms
[2020-11-04T21:44:23.580+0300][177,509s][info][gc] GC(1247) Pause Final Mark (unload classes) 0,382ms
[2020-11-04T21:44:23.580+0300][177,510s][info][gc] GC(1247) Concurrent weak roots 0,407ms
[2020-11-04T21:44:23.580+0300][177,510s][info][gc] GC(1247) Concurrent cleanup 383M->383M(512M) 0,039ms
[2020-11-04T21:44:23.581+0300][177,511s][info][gc] GC(1247) Concurrent class unloading 1,101ms
[2020-11-04T21:44:23.581+0300][177,511s][info][gc] GC(1247) Concurrent strong roots 0,121ms
[2020-11-04T21:44:23.584+0300][177,514s][info][gc] GC(1247) Concurrent evacuation 2,639ms
[2020-11-04T21:44:23.584+0300][177,514s][info][gc] GC(1247) Pause Init Update Refs 0,014ms
[2020-11-04T21:44:23.633+0300][177,563s][info][gc] GC(1247) Concurrent update references 48,328ms
[2020-11-04T21:44:23.633+0300][177,563s][info][gc] GC(1247) Pause Final Update Refs 0,174ms
[2020-11-04T21:44:23.634+0300][177,563s][info][gc] GC(1247) Concurrent cleanup 479M->370M(512M) 0,095ms
[2020-11-04T21:44:23.635+0300][177,565s][info][gc] Trigger: Average GC time (155,77 ms) is above the time for allocation rate (680 MB/s) to deplete free headroom (89372K)
[2020-11-04T21:44:23.635+0300][177,565s][info][gc] GC(1248) Concurrent reset 0,423ms
[2020-11-04T21:44:23.636+0300][177,565s][info][gc] GC(1248) Pause Init Mark (unload classes) 0,111ms
[2020-11-04T21:44:23.730+0300][177,660s][info][gc] GC(1248) Concurrent marking (unload classes) 94,593ms
[2020-11-04T21:44:23.731+0300][177,661s][info][gc] GC(1248) Pause Final Mark (unload classes) 0,614ms
[2020-11-04T21:44:23.732+0300][177,662s][info][gc] GC(1248) Concurrent weak roots 0,466ms
[2020-11-04T21:44:23.732+0300][177,662s][info][gc] GC(1248) Concurrent cleanup 387M->387M(512M) 0,039ms
[2020-11-04T21:44:23.733+0300][177,663s][info][gc] GC(1248) Concurrent class unloading 1,234ms
[2020-11-04T21:44:23.733+0300][177,663s][info][gc] GC(1248) Concurrent strong roots 0,088ms
[2020-11-04T21:44:23.736+0300][177,666s][info][gc] GC(1248) Concurrent evacuation 2,622ms
[2020-11-04T21:44:23.736+0300][177,666s][info][gc] GC(1248) Pause Init Update Refs 0,034ms
[2020-11-04T21:44:23.786+0300][177,715s][info][gc] GC(1248) Concurrent update references 49,316ms
[2020-11-04T21:44:23.786+0300][177,716s][info][gc] GC(1248) Pause Final Update Refs 0,204ms
[2020-11-04T21:44:23.786+0300][177,716s][info][gc] GC(1248) Concurrent cleanup 470M->360M(512M) 0,093ms
[2020-11-04T21:44:23.787+0300][177,717s][info][gc] Trigger: Average GC time (155,00 ms) is above the time for allocation rate (656 MB/s) to deplete free headroom (96796K)
[2020-11-04T21:44:23.788+0300][177,718s][info][gc] GC(1249) Concurrent reset 0,572ms
[2020-11-04T21:44:23.788+0300][177,718s][info][gc] GC(1249) Pause Init Mark (unload classes) 0,130ms
[2020-11-04T21:44:23.846+0300][177,776s][info][gc] GC(1249) Concurrent marking (unload classes) 57,624ms
[2020-11-04T21:44:23.847+0300][177,777s][info][gc] GC(1249) Pause Final Mark (unload classes) 0,449ms
[2020-11-04T21:44:23.847+0300][177,777s][info][gc] GC(1249) Concurrent weak roots 0,497ms
[2020-11-04T21:44:23.847+0300][177,777s][info][gc] GC(1249) Concurrent cleanup 381M->377M(512M) 0,041ms
[2020-11-04T21:44:23.848+0300][177,778s][info][gc] GC(1249) Concurrent class unloading 0,883ms
[2020-11-04T21:44:23.848+0300][177,778s][info][gc] GC(1249) Concurrent strong roots 0,108ms
[2020-11-04T21:44:23.850+0300][177,780s][info][gc] GC(1249) Concurrent evacuation 1,770ms
[2020-11-04T21:44:23.851+0300][177,780s][info][gc] GC(1249) Pause Init Update Refs 0,024ms
[2020-11-04T21:44:23.879+0300][177,809s][info][gc] GC(1249) Concurrent update references 28,773ms
[2020-11-04T21:44:23.880+0300][177,810s][info][gc] GC(1249) Pause Final Update Refs 0,186ms
[2020-11-04T21:44:23.880+0300][177,810s][info][gc] GC(1249) Concurrent cleanup 439M->242M(512M) 0,122ms
[2020-11-04T21:44:23.901+0300][177,831s][info][gc] Trigger: Average GC time (142,62 ms) is above the time for allocation rate (1142 MB/s) to deplete free headroom (161M)
[2020-11-04T21:44:23.902+0300][177,832s][info][gc] GC(1250) Concurrent reset 0,675ms
[2020-11-04T21:44:23.902+0300][177,832s][info][gc] GC(1250) Pause Init Mark (process weakrefs) (unload classes) 0,182ms
[2020-11-04T21:44:23.998+0300][177,928s][info][gc] GC(1250) Concurrent marking (process weakrefs) (unload classes) 95,169ms
[2020-11-04T21:44:23.998+0300][177,928s][info][gc] GC(1250) Concurrent precleaning 0,162ms
[2020-11-04T21:44:23.999+0300][177,928s][info][gc] GC(1250) Pause Final Mark (process weakrefs) (unload classes) 0,459ms
[2020-11-04T21:44:23.999+0300][177,929s][info][gc] GC(1250) Concurrent weak roots 0,504ms
[2020-11-04T21:44:23.999+0300][177,929s][info][gc] GC(1250) Concurrent cleanup 323M->323M(512M) 0,040ms
[2020-11-04T21:44:24.001+0300][177,930s][info][gc] GC(1250) Concurrent class unloading 1,334ms
[2020-11-04T21:44:24.001+0300][177,931s][info][gc] GC(1250) Concurrent strong roots 0,088ms
[2020-11-04T21:44:24.004+0300][177,934s][info][gc] GC(1250) Concurrent evacuation 3,231ms
[2020-11-04T21:44:24.004+0300][177,934s][info][gc] GC(1250) Pause Init Update Refs 0,013ms
[2020-11-04T21:44:24.043+0300][177,973s][info][gc] GC(1250) Concurrent update references 38,636ms
[2020-11-04T21:44:24.044+0300][177,973s][info][gc] GC(1250) Pause Final Update Refs 0,223ms
[2020-11-04T21:44:24.044+0300][177,974s][info][gc] GC(1250) Concurrent cleanup 416M->285M(512M) 0,104ms
[2020-11-04T21:44:24.059+0300][177,989s][info][gc] Trigger: Average GC time (141,62 ms) is above the time for allocation rate (968 MB/s) to deplete free headroom (136M)
[2020-11-04T21:44:24.059+0300][177,989s][info][gc] GC(1251) Concurrent reset 0,627ms
[2020-11-04T21:44:24.060+0300][177,990s][info][gc] GC(1251) Pause Init Mark (unload classes) 0,135ms
[2020-11-04T21:44:24.124+0300][178,054s][info][gc] GC(1251) Concurrent marking (unload classes) 63,757ms
[2020-11-04T21:44:24.124+0300][178,054s][info][gc] GC(1251) Pause Final Mark (unload classes) 0,384ms
[2020-11-04T21:44:24.125+0300][178,055s][info][gc] GC(1251) Concurrent weak roots 0,422ms
[2020-11-04T21:44:24.125+0300][178,055s][info][gc] GC(1251) Concurrent cleanup 345M->345M(512M) 0,039ms
[2020-11-04T21:44:24.126+0300][178,056s][info][gc] GC(1251) Concurrent class unloading 1,023ms
[2020-11-04T21:44:24.126+0300][178,056s][info][gc] GC(1251) Concurrent strong roots 0,100ms
[2020-11-04T21:44:24.130+0300][178,060s][info][gc] GC(1251) Concurrent evacuation 3,644ms
[2020-11-04T21:44:24.130+0300][178,060s][info][gc] GC(1251) Pause Init Update Refs 0,014ms
[2020-11-04T21:44:24.161+0300][178,091s][info][gc] GC(1251) Concurrent update references 30,859ms
[2020-11-04T21:44:24.162+0300][178,091s][info][gc] GC(1251) Pause Final Update Refs 0,226ms
[2020-11-04T21:44:24.162+0300][178,092s][info][gc] GC(1251) Concurrent cleanup 420M->267M(512M) 0,114ms
[2020-11-04T21:44:24.179+0300][178,109s][info][gc] Trigger: Average GC time (130,22 ms) is above the time for allocation rate (1133 MB/s) to deplete free headroom (147M)
[2020-11-04T21:44:24.179+0300][178,109s][info][gc] GC(1252) Concurrent reset 0,568ms
[2020-11-04T21:44:24.180+0300][178,110s][info][gc] GC(1252) Pause Init Mark (unload classes) 0,102ms
[2020-11-04T21:44:24.276+0300][178,206s][info][gc] GC(1252) Concurrent marking (unload classes) 96,141ms
[2020-11-04T21:44:24.277+0300][178,207s][info][gc] GC(1252) Pause Final Mark (unload classes) 0,477ms
[2020-11-04T21:44:24.277+0300][178,207s][info][gc] GC(1252) Concurrent weak roots 0,472ms
[2020-11-04T21:44:24.277+0300][178,207s][info][gc] GC(1252) Concurrent cleanup 335M->335M(512M) 0,037ms
[2020-11-04T21:44:24.279+0300][178,208s][info][gc] GC(1252) Concurrent class unloading 1,007ms
[2020-11-04T21:44:24.279+0300][178,208s][info][gc] GC(1252) Concurrent strong roots 0,114ms
[2020-11-04T21:44:24.282+0300][178,212s][info][gc] GC(1252) Concurrent evacuation 3,294ms
[2020-11-04T21:44:24.282+0300][178,212s][info][gc] GC(1252) Pause Init Update Refs 0,014ms
[2020-11-04T21:44:24.324+0300][178,254s][info][gc] GC(1252) Concurrent update references 41,990ms
[2020-11-04T21:44:24.325+0300][178,255s][info][gc] GC(1252) Pause Final Update Refs 0,172ms
[2020-11-04T21:44:24.325+0300][178,255s][info][gc] GC(1252) Concurrent cleanup 425M->289M(512M) 0,110ms
[2020-11-04T21:44:24.344+0300][178,274s][info][gc] Trigger: Average GC time (127,20 ms) is above the time for allocation rate (963 MB/s) to deplete free headroom (120M)
[2020-11-04T21:44:24.345+0300][178,275s][info][gc] GC(1253) Concurrent reset 0,631ms
[2020-11-04T21:44:24.345+0300][178,275s][info][gc] GC(1253) Pause Init Mark (unload classes) 0,169ms
[2020-11-04T21:44:24.433+0300][178,363s][info][gc] GC(1253) Concurrent marking (unload classes) 87,561ms
[2020-11-04T21:44:24.434+0300][178,364s][info][gc] GC(1253) Pause Final Mark (unload classes) 0,317ms
[2020-11-04T21:44:24.434+0300][178,364s][info][gc] GC(1253) Concurrent weak roots 0,582ms
[2020-11-04T21:44:24.435+0300][178,364s][info][gc] GC(1253) Concurrent cleanup 360M->360M(512M) 0,036ms
[2020-11-04T21:44:24.436+0300][178,366s][info][gc] GC(1253) Concurrent class unloading 1,416ms
[2020-11-04T21:44:24.436+0300][178,366s][info][gc] GC(1253) Concurrent strong roots 0,112ms
[2020-11-04T21:44:24.441+0300][178,371s][info][gc] GC(1253) Concurrent evacuation 5,141ms
[2020-11-04T21:44:24.442+0300][178,371s][info][gc] GC(1253) Pause Init Update Refs 0,015ms
[2020-11-04T21:44:24.481+0300][178,411s][info][gc] GC(1253) Concurrent update references 39,437ms
[2020-11-04T21:44:24.482+0300][178,411s][info][gc] GC(1253) Pause Final Update Refs 0,145ms
[2020-11-04T21:44:24.482+0300][178,412s][info][gc] GC(1253) Concurrent cleanup 422M->262M(512M) 0,126ms
[2020-11-04T21:44:24.513+0300][178,442s][info][gc] Trigger: Average GC time (124,44 ms) is above the time for allocation rate (946 MB/s) to deplete free headroom (115M)
[2020-11-04T21:44:24.513+0300][178,443s][info][gc] GC(1254) Concurrent reset 0,642ms
[2020-11-04T21:44:24.514+0300][178,444s][info][gc] GC(1254) Pause Init Mark (unload classes) 0,132ms
[2020-11-04T21:44:24.606+0300][178,536s][info][gc] GC(1254) Concurrent marking (unload classes) 92,555ms
[2020-11-04T21:44:24.607+0300][178,537s][info][gc] GC(1254) Pause Final Mark (unload classes) 0,463ms
[2020-11-04T21:44:24.608+0300][178,537s][info][gc] GC(1254) Concurrent weak roots 0,473ms
[2020-11-04T21:44:24.608+0300][178,538s][info][gc] GC(1254) Concurrent cleanup 364M->364M(512M) 0,037ms
[2020-11-04T21:44:24.609+0300][178,539s][info][gc] GC(1254) Concurrent class unloading 1,267ms
[2020-11-04T21:44:24.609+0300][178,539s][info][gc] GC(1254) Concurrent strong roots 0,118ms
[2020-11-04T21:44:24.614+0300][178,544s][info][gc] GC(1254) Concurrent evacuation 4,664ms
[2020-11-04T21:44:24.614+0300][178,544s][info][gc] GC(1254) Pause Init Update Refs 0,015ms
[2020-11-04T21:44:24.653+0300][178,583s][info][gc] GC(1254) Concurrent update references 38,936ms
[2020-11-04T21:44:24.654+0300][178,584s][info][gc] GC(1254) Pause Final Update Refs 0,309ms
[2020-11-04T21:44:24.654+0300][178,584s][info][gc] GC(1254) Concurrent cleanup 426M->266M(512M) 0,124ms
[2020-11-04T21:44:24.685+0300][178,615s][info][gc] Trigger: Average GC time (134,15 ms) is above the time for allocation rate (887 MB/s) to deplete free headroom (117M)
[2020-11-04T21:44:24.686+0300][178,615s][info][gc] GC(1255) Concurrent reset 0,595ms
[2020-11-04T21:44:24.686+0300][178,616s][info][gc] GC(1255) Pause Init Mark (process weakrefs) (unload classes) 0,257ms
[2020-11-04T21:44:24.782+0300][178,712s][info][gc] GC(1255) Concurrent marking (process weakrefs) (unload classes) 95,624ms
[2020-11-04T21:44:24.782+0300][178,712s][info][gc] GC(1255) Concurrent precleaning 0,192ms
[2020-11-04T21:44:24.783+0300][178,712s][info][gc] GC(1255) Pause Final Mark (process weakrefs) (unload classes) 0,440ms
[2020-11-04T21:44:24.783+0300][178,713s][info][gc] GC(1255) Concurrent weak roots 0,531ms
[2020-11-04T21:44:24.783+0300][178,713s][info][gc] GC(1255) Concurrent cleanup 362M->362M(512M) 0,047ms
[2020-11-04T21:44:24.784+0300][178,714s][info][gc] GC(1255) Concurrent class unloading 0,819ms
[2020-11-04T21:44:24.784+0300][178,714s][info][gc] GC(1255) Concurrent strong roots 0,099ms
[2020-11-04T21:44:24.789+0300][178,719s][info][gc] GC(1255) Concurrent evacuation 4,925ms
[2020-11-04T21:44:24.790+0300][178,719s][info][gc] GC(1255) Pause Init Update Refs 0,015ms
[2020-11-04T21:44:24.824+0300][178,754s][info][gc] GC(1255) Concurrent update references 34,174ms
[2020-11-04T21:44:24.824+0300][178,754s][info][gc] GC(1255) Pause Final Update Refs 0,141ms
[2020-11-04T21:44:24.825+0300][178,754s][info][gc] GC(1255) Concurrent cleanup 447M->294M(512M) 0,120ms
[2020-11-04T21:44:24.842+0300][178,771s][info][gc] Trigger: Average GC time (133,62 ms) is above the time for allocation rate (925 MB/s) to deplete free headroom (121M)
[2020-11-04T21:44:24.842+0300][178,772s][info][gc] GC(1256) Concurrent reset 0,656ms
[2020-11-04T21:44:24.843+0300][178,773s][info][gc] GC(1256) Pause Init Mark (unload classes) 0,127ms
[2020-11-04T21:44:24.917+0300][178,847s][info][gc] GC(1256) Concurrent marking (unload classes) 74,232ms
[2020-11-04T21:44:24.918+0300][178,848s][info][gc] GC(1256) Pause Final Mark (unload classes) 0,563ms
[2020-11-04T21:44:24.918+0300][178,848s][info][gc] GC(1256) Concurrent weak roots 0,426ms
[2020-11-04T21:44:24.918+0300][178,848s][info][gc] GC(1256) Concurrent cleanup 359M->359M(512M) 0,034ms
[2020-11-04T21:44:24.919+0300][178,849s][info][gc] GC(1256) Concurrent class unloading 0,904ms
[2020-11-04T21:44:24.920+0300][178,849s][info][gc] GC(1256) Concurrent strong roots 0,160ms
[2020-11-04T21:44:24.923+0300][178,853s][info][gc] GC(1256) Concurrent evacuation 3,479ms
[2020-11-04T21:44:24.923+0300][178,853s][info][gc] GC(1256) Pause Init Update Refs 0,022ms
[2020-11-04T21:44:24.959+0300][178,888s][info][gc] GC(1256) Concurrent update references 35,009ms
[2020-11-04T21:44:24.959+0300][178,889s][info][gc] GC(1256) Pause Final Update Refs 0,215ms
[2020-11-04T21:44:24.959+0300][178,889s][info][gc] GC(1256) Concurrent cleanup 443M->298M(512M) 0,122ms
[2020-11-04T21:44:24.970+0300][178,900s][info][gc] Trigger: Average GC time (136,52 ms) is above the time for allocation rate (998 MB/s) to deplete free headroom (133M)
[2020-11-04T21:44:24.971+0300][178,900s][info][gc] GC(1257) Concurrent reset 0,635ms
[2020-11-04T21:44:24.971+0300][178,901s][info][gc] GC(1257) Pause Init Mark (unload classes) 0,128ms
[2020-11-04T21:44:25.044+0300][178,974s][info][gc] GC(1257) Concurrent marking (unload classes) 73,186ms
[2020-11-04T21:44:25.045+0300][178,975s][info][gc] GC(1257) Pause Final Mark (unload classes) 0,422ms
[2020-11-04T21:44:25.046+0300][178,975s][info][gc] GC(1257) Concurrent weak roots 0,475ms
[2020-11-04T21:44:25.046+0300][178,975s][info][gc] GC(1257) Concurrent cleanup 347M->347M(512M) 0,034ms
[2020-11-04T21:44:25.047+0300][178,977s][info][gc] GC(1257) Concurrent class unloading 1,163ms
[2020-11-04T21:44:25.047+0300][178,977s][info][gc] GC(1257) Concurrent strong roots 0,057ms
[2020-11-04T21:44:25.050+0300][178,980s][info][gc] GC(1257) Concurrent evacuation 3,084ms
[2020-11-04T21:44:25.050+0300][178,980s][info][gc] GC(1257) Pause Init Update Refs 0,035ms
[2020-11-04T21:44:25.093+0300][179,022s][info][gc] GC(1257) Concurrent update references 42,191ms
[2020-11-04T21:44:25.093+0300][179,023s][info][gc] GC(1257) Pause Final Update Refs 0,209ms
[2020-11-04T21:44:25.093+0300][179,023s][info][gc] GC(1257) Concurrent cleanup 407M->279M(512M) 0,119ms
[2020-11-04T21:44:25.116+0300][179,045s][info][gc] Trigger: Average GC time (131,95 ms) is above the time for allocation rate (934 MB/s) to deplete free headroom (122M)
[2020-11-04T21:44:25.116+0300][179,046s][info][gc] GC(1258) Concurrent reset 0,590ms
[2020-11-04T21:44:25.117+0300][179,047s][info][gc] GC(1258) Pause Init Mark (unload classes) 0,131ms
[2020-11-04T21:44:25.186+0300][179,116s][info][gc] GC(1258) Concurrent marking (unload classes) 69,515ms
[2020-11-04T21:44:25.187+0300][179,117s][info][gc] GC(1258) Pause Final Mark (unload classes) 0,436ms
[2020-11-04T21:44:25.188+0300][179,118s][info][gc] GC(1258) Concurrent weak roots 0,498ms
[2020-11-04T21:44:25.188+0300][179,118s][info][gc] GC(1258) Concurrent cleanup 357M->357M(512M) 0,036ms
[2020-11-04T21:44:25.189+0300][179,119s][info][gc] GC(1258) Concurrent class unloading 0,925ms
[2020-11-04T21:44:25.189+0300][179,119s][info][gc] GC(1258) Concurrent strong roots 0,093ms
[2020-11-04T21:44:25.193+0300][179,122s][info][gc] GC(1258) Concurrent evacuation 3,734ms
[2020-11-04T21:44:25.193+0300][179,123s][info][gc] GC(1258) Pause Init Update Refs 0,013ms
[2020-11-04T21:44:25.242+0300][179,172s][info][gc] GC(1258) Concurrent update references 49,057ms
[2020-11-04T21:44:25.242+0300][179,172s][info][gc] GC(1258) Pause Final Update Refs 0,152ms
[2020-11-04T21:44:25.243+0300][179,172s][info][gc] GC(1258) Concurrent cleanup 468M->332M(512M) 0,064ms
[2020-11-04T21:44:25.244+0300][179,173s][info][gc] Trigger: Average GC time (129,79 ms) is above the time for allocation rate (1006 MB/s) to deplete free headroom (125M)
[2020-11-04T21:44:25.244+0300][179,174s][info][gc] GC(1259) Concurrent reset 0,390ms
[2020-11-04T21:44:25.244+0300][179,174s][info][gc] GC(1259) Pause Init Mark (unload classes) 0,187ms
[2020-11-04T21:44:25.317+0300][179,247s][info][gc] GC(1259) Concurrent marking (unload classes) 72,499ms
[2020-11-04T21:44:25.317+0300][179,247s][info][gc] GC(1259) Pause Final Mark (unload classes) 0,319ms
[2020-11-04T21:44:25.318+0300][179,248s][info][gc] GC(1259) Concurrent weak roots 0,436ms
[2020-11-04T21:44:25.318+0300][179,248s][info][gc] GC(1259) Concurrent cleanup 353M->353M(512M) 0,039ms
[2020-11-04T21:44:25.319+0300][179,249s][info][gc] GC(1259) Concurrent class unloading 1,033ms
[2020-11-04T21:44:25.319+0300][179,249s][info][gc] GC(1259) Concurrent strong roots 0,091ms
[2020-11-04T21:44:25.323+0300][179,253s][info][gc] GC(1259) Concurrent evacuation 3,402ms
[2020-11-04T21:44:25.323+0300][179,253s][info][gc] GC(1259) Pause Init Update Refs 0,014ms
[2020-11-04T21:44:25.360+0300][179,290s][info][gc] GC(1259) Concurrent update references 37,000ms
[2020-11-04T21:44:25.360+0300][179,290s][info][gc] GC(1259) Pause Final Update Refs 0,160ms
[2020-11-04T21:44:25.361+0300][179,290s][info][gc] GC(1259) Concurrent cleanup 437M->309M(512M) 0,112ms
[2020-11-04T21:44:25.371+0300][179,301s][info][gc] Trigger: Average GC time (124,91 ms) is above the time for allocation rate (991 MB/s) to deplete free headroom (123M)
[2020-11-04T21:44:25.372+0300][179,302s][info][gc] GC(1260) Concurrent reset 0,583ms
[2020-11-04T21:44:25.372+0300][179,302s][info][gc] GC(1260) Pause Init Mark (process weakrefs) (unload classes) 0,113ms
[2020-11-04T21:44:25.454+0300][179,384s][info][gc] GC(1260) Concurrent marking (process weakrefs) (unload classes) 81,541ms
[2020-11-04T21:44:25.454+0300][179,384s][info][gc] GC(1260) Concurrent precleaning 0,163ms
[2020-11-04T21:44:25.455+0300][179,384s][info][gc] GC(1260) Pause Final Mark (process weakrefs) (unload classes) 0,388ms
[2020-11-04T21:44:25.455+0300][179,385s][info][gc] GC(1260) Concurrent weak roots 0,420ms
[2020-11-04T21:44:25.455+0300][179,385s][info][gc] GC(1260) Concurrent cleanup 357M->357M(512M) 0,039ms
[2020-11-04T21:44:25.456+0300][179,386s][info][gc] GC(1260) Concurrent class unloading 0,963ms
[2020-11-04T21:44:25.456+0300][179,386s][info][gc] GC(1260) Concurrent strong roots 0,077ms
[2020-11-04T21:44:25.460+0300][179,390s][info][gc] GC(1260) Concurrent evacuation 3,476ms
[2020-11-04T21:44:25.460+0300][179,390s][info][gc] GC(1260) Pause Init Update Refs 0,013ms
[2020-11-04T21:44:25.504+0300][179,433s][info][gc] GC(1260) Concurrent update references 43,367ms
[2020-11-04T21:44:25.504+0300][179,434s][info][gc] GC(1260) Pause Final Update Refs 0,159ms
[2020-11-04T21:44:25.504+0300][179,434s][info][gc] GC(1260) Concurrent cleanup 419M->291M(512M) 0,092ms
[2020-11-04T21:44:25.526+0300][179,456s][info][gc] Trigger: Average GC time (123,53 ms) is above the time for allocation rate (885 MB/s) to deplete free headroom (109M)
[2020-11-04T21:44:25.527+0300][179,457s][info][gc] GC(1261) Concurrent reset 0,537ms
[2020-11-04T21:44:25.527+0300][179,457s][info][gc] GC(1261) Pause Init Mark (unload classes) 0,283ms
[2020-11-04T21:44:25.608+0300][179,538s][info][gc] GC(1261) Concurrent marking (unload classes) 80,496ms
[2020-11-04T21:44:25.609+0300][179,539s][info][gc] GC(1261) Pause Final Mark (unload classes) 0,779ms
[2020-11-04T21:44:25.610+0300][179,539s][info][gc] GC(1261) Concurrent weak roots 0,407ms
[2020-11-04T21:44:25.610+0300][179,539s][info][gc] GC(1261) Concurrent cleanup 368M->368M(512M) 0,037ms
[2020-11-04T21:44:25.611+0300][179,541s][info][gc] GC(1261) Concurrent class unloading 1,049ms
[2020-11-04T21:44:25.611+0300][179,541s][info][gc] GC(1261) Concurrent strong roots 0,060ms
[2020-11-04T21:44:25.615+0300][179,545s][info][gc] GC(1261) Concurrent evacuation 3,830ms
[2020-11-04T21:44:25.615+0300][179,545s][info][gc] GC(1261) Pause Init Update Refs 0,029ms
[2020-11-04T21:44:25.660+0300][179,590s][info][gc] GC(1261) Concurrent update references 44,762ms
[2020-11-04T21:44:25.660+0300][179,590s][info][gc] GC(1261) Pause Final Update Refs 0,156ms
[2020-11-04T21:44:25.661+0300][179,590s][info][gc] GC(1261) Concurrent cleanup 439M->302M(512M) 0,097ms
[2020-11-04T21:44:25.679+0300][179,608s][info][gc] Trigger: Average GC time (126,82 ms) is above the time for allocation rate (871 MB/s) to deplete free headroom (109M)
[2020-11-04T21:44:25.679+0300][179,609s][info][gc] GC(1262) Concurrent reset 0,603ms
[2020-11-04T21:44:25.680+0300][179,609s][info][gc] GC(1262) Pause Init Mark (unload classes) 0,110ms
[2020-11-04T21:44:25.764+0300][179,694s][info][gc] GC(1262) Concurrent marking (unload classes) 84,146ms
[2020-11-04T21:44:25.764+0300][179,694s][info][gc] GC(1262) Pause Final Mark (unload classes) 0,347ms
[2020-11-04T21:44:25.765+0300][179,695s][info][gc] GC(1262) Concurrent weak roots 0,489ms
[2020-11-04T21:44:25.765+0300][179,695s][info][gc] GC(1262) Concurrent cleanup 368M->368M(512M) 0,034ms
[2020-11-04T21:44:25.766+0300][179,696s][info][gc] GC(1262) Concurrent class unloading 0,960ms
[2020-11-04T21:44:25.766+0300][179,696s][info][gc] GC(1262) Concurrent strong roots 0,063ms
[2020-11-04T21:44:25.770+0300][179,700s][info][gc] GC(1262) Concurrent evacuation 3,600ms
[2020-11-04T21:44:25.770+0300][179,700s][info][gc] GC(1262) Pause Init Update Refs 0,018ms
[2020-11-04T21:44:25.810+0300][179,740s][info][gc] GC(1262) Concurrent update references 40,126ms
[2020-11-04T21:44:25.811+0300][179,741s][info][gc] GC(1262) Pause Final Update Refs 0,169ms
[2020-11-04T21:44:25.811+0300][179,741s][info][gc] GC(1262) Concurrent cleanup 457M->324M(512M) 0,097ms
[2020-11-04T21:44:25.820+0300][179,749s][info][gc] Trigger: Average GC time (128,62 ms) is above the time for allocation rate (891 MB/s) to deplete free headroom (113M)
[2020-11-04T21:44:25.820+0300][179,750s][info][gc] GC(1263) Concurrent reset 0,605ms
[2020-11-04T21:44:25.821+0300][179,750s][info][gc] GC(1263) Pause Init Mark (unload classes) 0,129ms
[2020-11-04T21:44:25.907+0300][179,837s][info][gc] GC(1263) Concurrent marking (unload classes) 86,182ms
[2020-11-04T21:44:25.907+0300][179,837s][info][gc] GC(1263) Pause Final Mark (unload classes) 0,444ms
[2020-11-04T21:44:25.908+0300][179,838s][info][gc] GC(1263) Concurrent weak roots 0,457ms
[2020-11-04T21:44:25.908+0300][179,838s][info][gc] GC(1263) Concurrent cleanup 366M->366M(512M) 0,034ms
[2020-11-04T21:44:25.909+0300][179,839s][info][gc] GC(1263) Concurrent class unloading 0,931ms
[2020-11-04T21:44:25.909+0300][179,839s][info][gc] GC(1263) Concurrent strong roots 0,059ms
[2020-11-04T21:44:25.913+0300][179,842s][info][gc] GC(1263) Concurrent evacuation 3,422ms
[2020-11-04T21:44:25.913+0300][179,843s][info][gc] GC(1263) Pause Init Update Refs 0,019ms
[2020-11-04T21:44:25.955+0300][179,884s][info][gc] GC(1263) Concurrent update references 41,653ms
[2020-11-04T21:44:25.955+0300][179,885s][info][gc] GC(1263) Pause Final Update Refs 0,148ms
[2020-11-04T21:44:25.955+0300][179,885s][info][gc] GC(1263) Concurrent cleanup 458M->332M(512M) 0,093ms
[2020-11-04T21:44:25.962+0300][179,891s][info][gc] Trigger: Average GC time (130,38 ms) is above the time for allocation rate (875 MB/s) to deplete free headroom (110M)
[2020-11-04T21:44:25.962+0300][179,892s][info][gc] GC(1264) Concurrent reset 0,577ms
[2020-11-04T21:44:25.963+0300][179,893s][info][gc] GC(1264) Pause Init Mark (unload classes) 0,115ms
[2020-11-04T21:44:26.052+0300][179,982s][info][gc] GC(1264) Concurrent marking (unload classes) 89,496ms
[2020-11-04T21:44:26.053+0300][179,983s][info][gc] GC(1264) Pause Final Mark (unload classes) 0,522ms
[2020-11-04T21:44:26.054+0300][179,984s][info][gc] GC(1264) Concurrent weak roots 0,488ms
[2020-11-04T21:44:26.054+0300][179,984s][info][gc] GC(1264) Concurrent cleanup 369M->369M(512M) 0,034ms
[2020-11-04T21:44:26.055+0300][179,985s][info][gc] GC(1264) Concurrent class unloading 1,066ms
[2020-11-04T21:44:26.055+0300][179,985s][info][gc] GC(1264) Concurrent strong roots 0,061ms
[2020-11-04T21:44:26.058+0300][179,988s][info][gc] GC(1264) Concurrent evacuation 3,320ms
[2020-11-04T21:44:26.059+0300][179,988s][info][gc] GC(1264) Pause Init Update Refs 0,025ms
[2020-11-04T21:44:26.101+0300][180,031s][info][gc] GC(1264) Concurrent update references 42,336ms
[2020-11-04T21:44:26.102+0300][180,031s][info][gc] GC(1264) Pause Final Update Refs 0,147ms
[2020-11-04T21:44:26.102+0300][180,032s][info][gc] GC(1264) Concurrent cleanup 461M->336M(512M) 0,093ms
[2020-11-04T21:44:26.107+0300][180,037s][info][gc] Trigger: Average GC time (134,99 ms) is above the time for allocation rate (841 MB/s) to deplete free headroom (109M)
[2020-11-04T21:44:26.108+0300][180,038s][info][gc] GC(1265) Concurrent reset 0,665ms
[2020-11-04T21:44:26.108+0300][180,038s][info][gc] GC(1265) Pause Init Mark (process weakrefs) (unload classes) 0,112ms
[2020-11-04T21:44:26.196+0300][180,126s][info][gc] GC(1265) Concurrent marking (process weakrefs) (unload classes) 87,569ms
[2020-11-04T21:44:26.196+0300][180,126s][info][gc] GC(1265) Concurrent precleaning 0,185ms
[2020-11-04T21:44:26.197+0300][180,127s][info][gc] GC(1265) Pause Final Mark (process weakrefs) (unload classes) 0,350ms
[2020-11-04T21:44:26.197+0300][180,127s][info][gc] GC(1265) Concurrent weak roots 0,355ms
[2020-11-04T21:44:26.197+0300][180,127s][info][gc] GC(1265) Concurrent cleanup 370M->370M(512M) 0,058ms
[2020-11-04T21:44:26.199+0300][180,129s][info][gc] GC(1265) Concurrent class unloading 1,392ms
[2020-11-04T21:44:26.199+0300][180,129s][info][gc] GC(1265) Concurrent strong roots 0,079ms
[2020-11-04T21:44:26.202+0300][180,132s][info][gc] GC(1265) Concurrent evacuation 2,969ms
[2020-11-04T21:44:26.202+0300][180,132s][info][gc] GC(1265) Pause Init Update Refs 0,013ms
[2020-11-04T21:44:26.250+0300][180,180s][info][gc] GC(1265) Concurrent update references 48,023ms
[2020-11-04T21:44:26.251+0300][180,180s][info][gc] GC(1265) Pause Final Update Refs 0,146ms
[2020-11-04T21:44:26.251+0300][180,181s][info][gc] GC(1265) Concurrent cleanup 445M->322M(512M) 0,114ms
[2020-11-04T21:44:26.263+0300][180,192s][info][gc] Trigger: Average GC time (137,19 ms) is above the time for allocation rate (778 MB/s) to deplete free headroom (106M)
[2020-11-04T21:44:26.263+0300][180,193s][info][gc] GC(1266) Concurrent reset 0,655ms
[2020-11-04T21:44:26.264+0300][180,193s][info][gc] GC(1266) Pause Init Mark (unload classes) 0,096ms
[2020-11-04T21:44:26.355+0300][180,285s][info][gc] GC(1266) Concurrent marking (unload classes) 91,174ms
[2020-11-04T21:44:26.356+0300][180,285s][info][gc] GC(1266) Pause Final Mark (unload classes) 0,366ms
[2020-11-04T21:44:26.356+0300][180,286s][info][gc] GC(1266) Concurrent weak roots 0,386ms
[2020-11-04T21:44:26.356+0300][180,286s][info][gc] GC(1266) Concurrent cleanup 371M->371M(512M) 0,029ms
[2020-11-04T21:44:26.357+0300][180,287s][info][gc] GC(1266) Concurrent class unloading 0,843ms
[2020-11-04T21:44:26.357+0300][180,287s][info][gc] GC(1266) Concurrent strong roots 0,057ms
[2020-11-04T21:44:26.360+0300][180,290s][info][gc] GC(1266) Concurrent evacuation 3,289ms
[2020-11-04T21:44:26.361+0300][180,290s][info][gc] GC(1266) Pause Init Update Refs 0,010ms
[2020-11-04T21:44:26.408+0300][180,338s][info][gc] GC(1266) Concurrent update references 47,748ms
[2020-11-04T21:44:26.409+0300][180,339s][info][gc] GC(1266) Pause Final Update Refs 0,200ms
[2020-11-04T21:44:26.409+0300][180,339s][info][gc] GC(1266) Concurrent cleanup 446M->325M(512M) 0,089ms
[2020-11-04T21:44:26.423+0300][180,353s][info][gc] Trigger: Average GC time (139,65 ms) is above the time for allocation rate (751 MB/s) to deplete free headroom (104M)
[2020-11-04T21:44:26.423+0300][180,353s][info][gc] GC(1267) Concurrent reset 0,620ms
[2020-11-04T21:44:26.424+0300][180,354s][info][gc] GC(1267) Pause Init Mark (unload classes) 0,132ms
[2020-11-04T21:44:26.518+0300][180,448s][info][gc] GC(1267) Concurrent marking (unload classes) 93,972ms
[2020-11-04T21:44:26.519+0300][180,448s][info][gc] GC(1267) Pause Final Mark (unload classes) 0,419ms
[2020-11-04T21:44:26.519+0300][180,449s][info][gc] GC(1267) Concurrent weak roots 0,322ms
[2020-11-04T21:44:26.519+0300][180,449s][info][gc] GC(1267) Concurrent cleanup 373M->373M(512M) 0,023ms
[2020-11-04T21:44:26.520+0300][180,450s][info][gc] GC(1267) Concurrent class unloading 0,757ms
[2020-11-04T21:44:26.520+0300][180,450s][info][gc] GC(1267) Concurrent strong roots 0,175ms
[2020-11-04T21:44:26.523+0300][180,453s][info][gc] GC(1267) Concurrent evacuation 2,900ms
[2020-11-04T21:44:26.523+0300][180,453s][info][gc] GC(1267) Pause Init Update Refs 0,015ms
[2020-11-04T21:44:26.576+0300][180,506s][info][gc] GC(1267) Concurrent update references 52,701ms
[2020-11-04T21:44:26.577+0300][180,506s][info][gc] GC(1267) Pause Final Update Refs 0,161ms
[2020-11-04T21:44:26.577+0300][180,507s][info][gc] GC(1267) Concurrent cleanup 478M->358M(512M) 0,095ms
[2020-11-04T21:44:26.578+0300][180,508s][info][gc] Trigger: Average GC time (143,95 ms) is above the time for allocation rate (787 MB/s) to deplete free headroom (100890K)
[2020-11-04T21:44:26.578+0300][180,508s][info][gc] GC(1268) Concurrent reset 0,346ms
[2020-11-04T21:44:26.579+0300][180,509s][info][gc] GC(1268) Pause Init Mark (unload classes) 0,311ms
[2020-11-04T21:44:26.690+0300][180,620s][info][gc] GC(1268) Concurrent marking (unload classes) 111,261ms
[2020-11-04T21:44:26.691+0300][180,621s][info][gc] GC(1268) Pause Final Mark (unload classes) 0,624ms
[2020-11-04T21:44:26.692+0300][180,621s][info][gc] GC(1268) Concurrent weak roots 0,556ms
[2020-11-04T21:44:26.692+0300][180,621s][info][gc] GC(1268) Concurrent cleanup 379M->379M(512M) 0,034ms
[2020-11-04T21:44:26.693+0300][180,622s][info][gc] GC(1268) Concurrent class unloading 0,959ms
[2020-11-04T21:44:26.693+0300][180,623s][info][gc] GC(1268) Concurrent strong roots 0,064ms
[2020-11-04T21:44:26.697+0300][180,627s][info][gc] GC(1268) Concurrent evacuation 4,055ms
[2020-11-04T21:44:26.697+0300][180,627s][info][gc] GC(1268) Pause Init Update Refs 0,015ms
[2020-11-04T21:44:26.742+0300][180,672s][info][gc] GC(1268) Concurrent update references 44,872ms
[2020-11-04T21:44:26.743+0300][180,672s][info][gc] GC(1268) Pause Final Update Refs 0,348ms
[2020-11-04T21:44:26.743+0300][180,673s][info][gc] GC(1268) Concurrent cleanup 479M->357M(512M) 0,097ms
[2020-11-04T21:44:26.744+0300][180,674s][info][gc] Trigger: Average GC time (149,80 ms) is above the time for allocation rate (700 MB/s) to deplete free headroom (100M)
[2020-11-04T21:44:26.744+0300][180,674s][info][gc] GC(1269) Concurrent reset 0,413ms
[2020-11-04T21:44:26.745+0300][180,675s][info][gc] GC(1269) Pause Init Mark (unload classes) 0,263ms
[2020-11-04T21:44:26.858+0300][180,788s][info][gc] GC(1269) Concurrent marking (unload classes) 113,255ms
[2020-11-04T21:44:26.859+0300][180,789s][info][gc] GC(1269) Pause Final Mark (unload classes) 0,760ms
[2020-11-04T21:44:26.860+0300][180,790s][info][gc] GC(1269) Concurrent weak roots 0,502ms
[2020-11-04T21:44:26.860+0300][180,790s][info][gc] GC(1269) Concurrent cleanup 377M->377M(512M) 0,037ms
[2020-11-04T21:44:26.861+0300][180,791s][info][gc] GC(1269) Concurrent class unloading 0,899ms
[2020-11-04T21:44:26.861+0300][180,791s][info][gc] GC(1269) Concurrent strong roots 0,156ms
[2020-11-04T21:44:26.864+0300][180,794s][info][gc] GC(1269) Concurrent evacuation 2,778ms
[2020-11-04T21:44:26.864+0300][180,794s][info][gc] GC(1269) Pause Init Update Refs 0,015ms
[2020-11-04T21:44:26.910+0300][180,840s][info][gc] GC(1269) Concurrent update references 45,863ms
[2020-11-04T21:44:26.911+0300][180,840s][info][gc] GC(1269) Pause Final Update Refs 0,290ms
[2020-11-04T21:44:26.911+0300][180,841s][info][gc] GC(1269) Concurrent cleanup 476M->359M(512M) 0,094ms
[2020-11-04T21:44:26.912+0300][180,842s][info][gc] Trigger: Average GC time (155,16 ms) is above the time for allocation rate (692 MB/s) to deplete free headroom (99610K)
[2020-11-04T21:44:26.912+0300][180,842s][info][gc] GC(1270) Concurrent reset 0,441ms
[2020-11-04T21:44:26.913+0300][180,842s][info][gc] GC(1270) Pause Init Mark (process weakrefs) (unload classes) 0,118ms
[2020-11-04T21:44:27.027+0300][180,957s][info][gc] GC(1270) Concurrent marking (process weakrefs) (unload classes) 114,206ms
[2020-11-04T21:44:27.027+0300][180,957s][info][gc] GC(1270) Concurrent precleaning 0,177ms
[2020-11-04T21:44:27.029+0300][180,959s][info][gc] GC(1270) Pause Final Mark (process weakrefs) (unload classes) 0,435ms
[2020-11-04T21:44:27.030+0300][180,960s][info][gc] GC(1270) Concurrent weak roots 0,407ms
[2020-11-04T21:44:27.030+0300][180,960s][info][gc] GC(1270) Concurrent cleanup 381M->381M(512M) 0,027ms
[2020-11-04T21:44:27.031+0300][180,961s][info][gc] GC(1270) Concurrent class unloading 0,835ms
[2020-11-04T21:44:27.031+0300][180,961s][info][gc] GC(1270) Concurrent strong roots 0,102ms
[2020-11-04T21:44:27.034+0300][180,963s][info][gc] GC(1270) Concurrent evacuation 2,784ms
[2020-11-04T21:44:27.034+0300][180,964s][info][gc] GC(1270) Pause Init Update Refs 0,017ms
[2020-11-04T21:44:27.080+0300][181,010s][info][gc] GC(1270) Concurrent update references 45,770ms
[2020-11-04T21:44:27.080+0300][181,010s][info][gc] GC(1270) Pause Final Update Refs 0,278ms
[2020-11-04T21:44:27.081+0300][181,010s][info][gc] GC(1270) Concurrent cleanup 479M->362M(512M) 0,096ms
[2020-11-04T21:44:27.082+0300][181,011s][info][gc] Trigger: Average GC time (160,15 ms) is above the time for allocation rate (680 MB/s) to deplete free headroom (97050K)
[2020-11-04T21:44:27.082+0300][181,012s][info][gc] GC(1271) Concurrent reset 0,370ms
[2020-11-04T21:44:27.083+0300][181,012s][info][gc] GC(1271) Pause Init Mark (unload classes) 0,291ms
[2020-11-04T21:44:27.168+0300][181,098s][info][gc] GC(1271) Concurrent marking (unload classes) 85,239ms
[2020-11-04T21:44:27.169+0300][181,099s][info][gc] GC(1271) Pause Final Mark (unload classes) 0,683ms
[2020-11-04T21:44:27.169+0300][181,099s][info][gc] GC(1271) Concurrent weak roots 0,458ms
[2020-11-04T21:44:27.170+0300][181,099s][info][gc] GC(1271) Concurrent cleanup 381M->381M(512M) 0,039ms
[2020-11-04T21:44:27.171+0300][181,100s][info][gc] GC(1271) Concurrent class unloading 0,972ms
[2020-11-04T21:44:27.171+0300][181,100s][info][gc] GC(1271) Concurrent strong roots 0,115ms
[2020-11-04T21:44:27.174+0300][181,104s][info][gc] GC(1271) Concurrent evacuation 3,784ms
[2020-11-04T21:44:27.175+0300][181,105s][info][gc] GC(1271) Pause Init Update Refs 0,022ms
[2020-11-04T21:44:27.221+0300][181,151s][info][gc] GC(1271) Concurrent update references 46,360ms
[2020-11-04T21:44:27.222+0300][181,151s][info][gc] GC(1271) Pause Final Update Refs 0,111ms
[2020-11-04T21:44:27.222+0300][181,152s][info][gc] GC(1271) Concurrent cleanup 479M->363M(512M) 0,093ms
[2020-11-04T21:44:27.223+0300][181,153s][info][gc] Trigger: Average GC time (158,90 ms) is above the time for allocation rate (802 MB/s) to deplete free headroom (95770K)
[2020-11-04T21:44:27.223+0300][181,153s][info][gc] GC(1272) Concurrent reset 0,458ms
[2020-11-04T21:44:27.224+0300][181,154s][info][gc] GC(1272) Pause Init Mark (unload classes) 0,281ms
[2020-11-04T21:44:27.321+0300][181,251s][info][gc] GC(1272) Concurrent marking (unload classes) 96,662ms
[2020-11-04T21:44:27.322+0300][181,251s][info][gc] GC(1272) Pause Final Mark (unload classes) 0,614ms
[2020-11-04T21:44:27.322+0300][181,252s][info][gc] GC(1272) Concurrent weak roots 0,524ms
[2020-11-04T21:44:27.322+0300][181,252s][info][gc] GC(1272) Concurrent cleanup 383M->383M(512M) 0,055ms
[2020-11-04T21:44:27.323+0300][181,253s][info][gc] GC(1272) Concurrent class unloading 0,978ms
[2020-11-04T21:44:27.323+0300][181,253s][info][gc] GC(1272) Concurrent strong roots 0,065ms
[2020-11-04T21:44:27.327+0300][181,257s][info][gc] GC(1272) Concurrent evacuation 3,583ms
[2020-11-04T21:44:27.327+0300][181,257s][info][gc] GC(1272) Pause Init Update Refs 0,014ms
[2020-11-04T21:44:27.374+0300][181,304s][info][gc] GC(1272) Concurrent update references 46,427ms
[2020-11-04T21:44:27.374+0300][181,304s][info][gc] GC(1272) Pause Final Update Refs 0,309ms
[2020-11-04T21:44:27.375+0300][181,304s][info][gc] GC(1272) Concurrent cleanup 479M->365M(512M) 0,113ms
[2020-11-04T21:44:27.376+0300][181,305s][info][gc] Trigger: Average GC time (158,44 ms) is above the time for allocation rate (730 MB/s) to deplete free headroom (94490K)
[2020-11-04T21:44:27.376+0300][181,306s][info][gc] GC(1273) Concurrent reset 0,482ms
[2020-11-04T21:44:27.377+0300][181,306s][info][gc] GC(1273) Pause Init Mark (unload classes) 0,231ms
[2020-11-04T21:44:27.492+0300][181,421s][info][gc] GC(1273) Concurrent marking (unload classes) 114,846ms
[2020-11-04T21:44:27.493+0300][181,422s][info][gc] GC(1273) Pause Final Mark (unload classes) 0,828ms
[2020-11-04T21:44:27.493+0300][181,423s][info][gc] GC(1273) Concurrent weak roots 0,485ms
[2020-11-04T21:44:27.493+0300][181,423s][info][gc] GC(1273) Concurrent cleanup 385M->385M(512M) 0,037ms
[2020-11-04T21:44:27.494+0300][181,424s][info][gc] GC(1273) Concurrent class unloading 0,988ms
[2020-11-04T21:44:27.494+0300][181,424s][info][gc] GC(1273) Concurrent strong roots 0,122ms
[2020-11-04T21:44:27.497+0300][181,427s][info][gc] GC(1273) Concurrent evacuation 2,811ms
[2020-11-04T21:44:27.498+0300][181,427s][info][gc] GC(1273) Pause Init Update Refs 0,027ms
[2020-11-04T21:44:27.545+0300][181,475s][info][gc] GC(1273) Concurrent update references 47,118ms
[2020-11-04T21:44:27.545+0300][181,475s][info][gc] GC(1273) Pause Final Update Refs 0,296ms
[2020-11-04T21:44:27.545+0300][181,475s][info][gc] GC(1273) Concurrent cleanup 479M->367M(512M) 0,099ms
[2020-11-04T21:44:27.547+0300][181,476s][info][gc] Trigger: Average GC time (159,42 ms) is above the time for allocation rate (648 MB/s) to deplete free headroom (91674K)
[2020-11-04T21:44:27.547+0300][181,477s][info][gc] GC(1274) Concurrent reset 0,395ms
[2020-11-04T21:44:27.547+0300][181,477s][info][gc] GC(1274) Pause Init Mark (unload classes) 0,103ms
[2020-11-04T21:44:27.653+0300][181,583s][info][gc] GC(1274) Concurrent marking (unload classes) 105,644ms
[2020-11-04T21:44:27.654+0300][181,584s][info][gc] GC(1274) Pause Final Mark (unload classes) 0,555ms
[2020-11-04T21:44:27.655+0300][181,585s][info][gc] GC(1274) Concurrent weak roots 0,622ms
[2020-11-04T21:44:27.655+0300][181,585s][info][gc] GC(1274) Concurrent cleanup 387M->387M(512M) 0,041ms
[2020-11-04T21:44:27.656+0300][181,586s][info][gc] GC(1274) Concurrent class unloading 1,346ms
[2020-11-04T21:44:27.656+0300][181,586s][info][gc] GC(1274) Concurrent strong roots 0,170ms
[2020-11-04T21:44:27.660+0300][181,590s][info][gc] GC(1274) Concurrent evacuation 3,574ms
[2020-11-04T21:44:27.660+0300][181,590s][info][gc] GC(1274) Pause Init Update Refs 0,013ms
[2020-11-04T21:44:27.718+0300][181,648s][info][gc] GC(1274) Concurrent update references 57,466ms
[2020-11-04T21:44:27.718+0300][181,648s][info][gc] GC(1274) Pause Final Update Refs 0,354ms
[2020-11-04T21:44:27.719+0300][181,648s][info][gc] GC(1274) Concurrent cleanup 479M->368M(512M) 0,107ms
[2020-11-04T21:44:27.720+0300][181,650s][info][gc] Trigger: Average GC time (160,45 ms) is above the time for allocation rate (612 MB/s) to deplete free headroom (93210K)
[2020-11-04T21:44:27.720+0300][181,650s][info][gc] GC(1275) Concurrent reset 0,398ms
[2020-11-04T21:44:27.721+0300][181,650s][info][gc] GC(1275) Pause Init Mark (process weakrefs) (unload classes) 0,185ms
[2020-11-04T21:44:27.826+0300][181,756s][info][gc] GC(1275) Concurrent marking (process weakrefs) (unload classes) 104,956ms
[2020-11-04T21:44:27.826+0300][181,756s][info][gc] GC(1275) Concurrent precleaning 0,162ms
[2020-11-04T21:44:27.827+0300][181,757s][info][gc] GC(1275) Pause Final Mark (process weakrefs) (unload classes) 0,826ms
[2020-11-04T21:44:27.828+0300][181,757s][info][gc] GC(1275) Concurrent weak roots 0,486ms
[2020-11-04T21:44:27.828+0300][181,757s][info][gc] GC(1275) Concurrent cleanup 385M->385M(512M) 0,039ms
[2020-11-04T21:44:27.829+0300][181,758s][info][gc] GC(1275) Concurrent class unloading 1,005ms
[2020-11-04T21:44:27.829+0300][181,759s][info][gc] GC(1275) Concurrent strong roots 0,132ms
[2020-11-04T21:44:27.832+0300][181,762s][info][gc] GC(1275) Concurrent evacuation 3,353ms
[2020-11-04T21:44:27.832+0300][181,762s][info][gc] GC(1275) Pause Init Update Refs 0,023ms
[2020-11-04T21:44:27.881+0300][181,811s][info][gc] GC(1275) Concurrent update references 48,793ms
[2020-11-04T21:44:27.882+0300][181,812s][info][gc] GC(1275) Pause Final Update Refs 0,376ms
[2020-11-04T21:44:27.882+0300][181,812s][info][gc] GC(1275) Concurrent cleanup 480M->374M(512M) 0,101ms
[2020-11-04T21:44:27.883+0300][181,813s][info][gc] Trigger: Average GC time (159,20 ms) is above the time for allocation rate (658 MB/s) to deplete free headroom (88051K)
[2020-11-04T21:44:27.884+0300][181,814s][info][gc] GC(1276) Concurrent reset 0,479ms
[2020-11-04T21:44:27.884+0300][181,814s][info][gc] GC(1276) Pause Init Mark (unload classes) 0,267ms
[2020-11-04T21:44:27.981+0300][181,911s][info][gc] GC(1276) Concurrent marking (unload classes) 97,067ms
[2020-11-04T21:44:27.983+0300][181,912s][info][gc] GC(1276) Pause Final Mark (unload classes) 0,845ms
[2020-11-04T21:44:27.983+0300][181,913s][info][gc] GC(1276) Concurrent weak roots 0,501ms
[2020-11-04T21:44:27.983+0300][181,913s][info][gc] GC(1276) Concurrent cleanup 389M->389M(512M) 0,038ms
[2020-11-04T21:44:27.984+0300][181,914s][info][gc] GC(1276) Concurrent class unloading 0,945ms
[2020-11-04T21:44:27.984+0300][181,914s][info][gc] GC(1276) Concurrent strong roots 0,125ms
[2020-11-04T21:44:27.988+0300][181,918s][info][gc] GC(1276) Concurrent evacuation 3,497ms
[2020-11-04T21:44:27.988+0300][181,918s][info][gc] GC(1276) Pause Init Update Refs 0,012ms
[2020-11-04T21:44:28.037+0300][181,967s][info][gc] GC(1276) Concurrent update references 48,676ms
[2020-11-04T21:44:28.037+0300][181,967s][info][gc] GC(1276) Pause Final Update Refs 0,387ms
[2020-11-04T21:44:28.038+0300][181,968s][info][gc] GC(1276) Concurrent cleanup 479M->371M(512M) 0,091ms
[2020-11-04T21:44:28.039+0300][181,969s][info][gc] Trigger: Average GC time (162,05 ms) is above the time for allocation rate (659 MB/s) to deplete free headroom (90138K)
[2020-11-04T21:44:28.039+0300][181,969s][info][gc] GC(1277) Concurrent reset 0,468ms
[2020-11-04T21:44:28.040+0300][181,970s][info][gc] GC(1277) Pause Init Mark (unload classes) 0,142ms
[2020-11-04T21:44:28.097+0300][182,027s][info][gc] GC(1277) Concurrent marking (unload classes) 57,345ms
[2020-11-04T21:44:28.098+0300][182,028s][info][gc] GC(1277) Pause Final Mark (unload classes) 0,841ms
[2020-11-04T21:44:28.099+0300][182,029s][info][gc] GC(1277) Concurrent weak roots 0,458ms
[2020-11-04T21:44:28.099+0300][182,029s][info][gc] GC(1277) Concurrent cleanup 387M->383M(512M) 0,042ms
[2020-11-04T21:44:28.100+0300][182,030s][info][gc] GC(1277) Concurrent class unloading 1,283ms
[2020-11-04T21:44:28.100+0300][182,030s][info][gc] GC(1277) Concurrent strong roots 0,159ms
[2020-11-04T21:44:28.103+0300][182,033s][info][gc] GC(1277) Concurrent evacuation 3,028ms
[2020-11-04T21:44:28.104+0300][182,034s][info][gc] GC(1277) Pause Init Update Refs 0,024ms
[2020-11-04T21:44:28.146+0300][182,076s][info][gc] GC(1277) Concurrent update references 42,339ms
[2020-11-04T21:44:28.147+0300][182,077s][info][gc] GC(1277) Pause Final Update Refs 0,408ms
[2020-11-04T21:44:28.147+0300][182,077s][info][gc] GC(1277) Concurrent cleanup 462M->262M(512M) 0,135ms
[2020-11-04T21:44:28.165+0300][182,095s][info][gc] Trigger: Average GC time (153,37 ms) is above the time for allocation rate (1044 MB/s) to deplete free headroom (156M)
[2020-11-04T21:44:28.166+0300][182,096s][info][gc] GC(1278) Concurrent reset 0,638ms
[2020-11-04T21:44:28.166+0300][182,096s][info][gc] GC(1278) Pause Init Mark (unload classes) 0,289ms
[2020-11-04T21:44:28.226+0300][182,155s][info][gc] GC(1278) Concurrent marking (unload classes) 59,032ms
[2020-11-04T21:44:28.226+0300][182,156s][info][gc] GC(1278) Pause Final Mark (unload classes) 0,429ms
[2020-11-04T21:44:28.227+0300][182,157s][info][gc] GC(1278) Concurrent weak roots 0,564ms
[2020-11-04T21:44:28.227+0300][182,157s][info][gc] GC(1278) Concurrent cleanup 326M->326M(512M) 0,040ms
[2020-11-04T21:44:28.228+0300][182,158s][info][gc] GC(1278) Concurrent class unloading 1,022ms
[2020-11-04T21:44:28.228+0300][182,158s][info][gc] GC(1278) Concurrent strong roots 0,069ms
[2020-11-04T21:44:28.232+0300][182,161s][info][gc] GC(1278) Concurrent evacuation 3,502ms
[2020-11-04T21:44:28.232+0300][182,162s][info][gc] GC(1278) Pause Init Update Refs 0,014ms
[2020-11-04T21:44:28.263+0300][182,192s][info][gc] GC(1278) Concurrent update references 30,570ms
[2020-11-04T21:44:28.263+0300][182,193s][info][gc] GC(1278) Pause Final Update Refs 0,279ms
[2020-11-04T21:44:28.263+0300][182,193s][info][gc] GC(1278) Concurrent cleanup 396M->264M(512M) 0,090ms
[2020-11-04T21:44:28.278+0300][182,208s][info][gc] Trigger: Average GC time (139,02 ms) is above the time for allocation rate (1133 MB/s) to deplete free headroom (156M)
[2020-11-04T21:44:28.279+0300][182,209s][info][gc] GC(1279) Concurrent reset 0,564ms
[2020-11-04T21:44:28.279+0300][182,209s][info][gc] GC(1279) Pause Init Mark (unload classes) 0,286ms
[2020-11-04T21:44:28.342+0300][182,272s][info][gc] GC(1279) Concurrent marking (unload classes) 62,749ms
[2020-11-04T21:44:28.343+0300][182,273s][info][gc] GC(1279) Pause Final Mark (unload classes) 0,667ms
[2020-11-04T21:44:28.344+0300][182,274s][info][gc] GC(1279) Concurrent weak roots 0,500ms
[2020-11-04T21:44:28.344+0300][182,274s][info][gc] GC(1279) Concurrent cleanup 326M->326M(512M) 0,041ms
[2020-11-04T21:44:28.345+0300][182,275s][info][gc] GC(1279) Concurrent class unloading 1,017ms
[2020-11-04T21:44:28.345+0300][182,275s][info][gc] GC(1279) Concurrent strong roots 0,127ms
[2020-11-04T21:44:28.348+0300][182,278s][info][gc] GC(1279) Concurrent evacuation 3,117ms
[2020-11-04T21:44:28.348+0300][182,278s][info][gc] GC(1279) Pause Init Update Refs 0,022ms
[2020-11-04T21:44:28.380+0300][182,310s][info][gc] GC(1279) Concurrent update references 31,740ms
[2020-11-04T21:44:28.381+0300][182,311s][info][gc] GC(1279) Pause Final Update Refs 0,278ms
[2020-11-04T21:44:28.381+0300][182,311s][info][gc] GC(1279) Concurrent cleanup 401M->273M(512M) 0,095ms
[2020-11-04T21:44:28.398+0300][182,328s][info][gc] Trigger: Average GC time (125,19 ms) is above the time for allocation rate (1152 MB/s) to deplete free headroom (142M)
[2020-11-04T21:44:28.399+0300][182,328s][info][gc] GC(1280) Concurrent reset 0,588ms
[2020-11-04T21:44:28.399+0300][182,329s][info][gc] GC(1280) Pause Init Mark (process weakrefs) (unload classes) 0,286ms
[2020-11-04T21:44:28.475+0300][182,405s][info][gc] GC(1280) Concurrent marking (process weakrefs) (unload classes) 75,384ms
[2020-11-04T21:44:28.475+0300][182,405s][info][gc] GC(1280) Concurrent precleaning 0,121ms
[2020-11-04T21:44:28.476+0300][182,405s][info][gc] GC(1280) Pause Final Mark (process weakrefs) (unload classes) 0,425ms
[2020-11-04T21:44:28.476+0300][182,406s][info][gc] GC(1280) Concurrent weak roots 0,414ms
[2020-11-04T21:44:28.476+0300][182,406s][info][gc] GC(1280) Concurrent cleanup 340M->341M(512M) 0,027ms
[2020-11-04T21:44:28.477+0300][182,407s][info][gc] GC(1280) Concurrent class unloading 0,856ms
[2020-11-04T21:44:28.477+0300][182,407s][info][gc] GC(1280) Concurrent strong roots 0,046ms
[2020-11-04T21:44:28.481+0300][182,410s][info][gc] GC(1280) Concurrent evacuation 3,432ms
[2020-11-04T21:44:28.481+0300][182,411s][info][gc] GC(1280) Pause Init Update Refs 0,016ms
[2020-11-04T21:44:28.513+0300][182,442s][info][gc] GC(1280) Concurrent update references 31,663ms
[2020-11-04T21:44:28.513+0300][182,443s][info][gc] GC(1280) Pause Final Update Refs 0,314ms
[2020-11-04T21:44:28.513+0300][182,443s][info][gc] GC(1280) Concurrent cleanup 418M->280M(512M) 0,101ms
[2020-11-04T21:44:28.534+0300][182,463s][info][gc] Trigger: Average GC time (115,79 ms) is above the time for allocation rate (1103 MB/s) to deplete free headroom (126M)
[2020-11-04T21:44:28.534+0300][182,464s][info][gc] GC(1281) Concurrent reset 0,596ms
[2020-11-04T21:44:28.535+0300][182,465s][info][gc] GC(1281) Pause Init Mark (unload classes) 0,280ms
[2020-11-04T21:44:28.624+0300][182,554s][info][gc] GC(1281) Concurrent marking (unload classes) 88,757ms
[2020-11-04T21:44:28.624+0300][182,554s][info][gc] GC(1281) Pause Final Mark (unload classes) 0,447ms
[2020-11-04T21:44:28.625+0300][182,555s][info][gc] GC(1281) Concurrent weak roots 0,457ms
[2020-11-04T21:44:28.625+0300][182,555s][info][gc] GC(1281) Concurrent cleanup 354M->354M(512M) 0,034ms
[2020-11-04T21:44:28.626+0300][182,556s][info][gc] GC(1281) Concurrent class unloading 0,984ms
[2020-11-04T21:44:28.626+0300][182,556s][info][gc] GC(1281) Concurrent strong roots 0,063ms
[2020-11-04T21:44:28.630+0300][182,560s][info][gc] GC(1281) Concurrent evacuation 4,128ms
[2020-11-04T21:44:28.631+0300][182,560s][info][gc] GC(1281) Pause Init Update Refs 0,034ms
[2020-11-04T21:44:28.678+0300][182,608s][info][gc] GC(1281) Concurrent update references 47,820ms
[2020-11-04T21:44:28.679+0300][182,609s][info][gc] GC(1281) Pause Final Update Refs 0,182ms
[2020-11-04T21:44:28.679+0300][182,609s][info][gc] GC(1281) Concurrent cleanup 460M->310M(512M) 0,071ms
[2020-11-04T21:44:28.694+0300][182,624s][info][gc] Trigger: Average GC time (114,01 ms) is above the time for allocation rate (1004 MB/s) to deplete free headroom (110M)
[2020-11-04T21:44:28.695+0300][182,624s][info][gc] GC(1282) Concurrent reset 0,599ms
[2020-11-04T21:44:28.695+0300][182,625s][info][gc] GC(1282) Pause Init Mark (unload classes) 0,090ms
[2020-11-04T21:44:28.794+0300][182,723s][info][gc] GC(1282) Concurrent marking (unload classes) 98,480ms
[2020-11-04T21:44:28.794+0300][182,724s][info][gc] GC(1282) Pause Final Mark (unload classes) 0,549ms
[2020-11-04T21:44:28.795+0300][182,725s][info][gc] GC(1282) Concurrent weak roots 0,385ms
[2020-11-04T21:44:28.795+0300][182,725s][info][gc] GC(1282) Concurrent cleanup 369M->369M(512M) 0,036ms
[2020-11-04T21:44:28.796+0300][182,726s][info][gc] GC(1282) Concurrent class unloading 0,925ms
[2020-11-04T21:44:28.796+0300][182,726s][info][gc] GC(1282) Concurrent strong roots 0,062ms
[2020-11-04T21:44:28.800+0300][182,730s][info][gc] GC(1282) Concurrent evacuation 4,005ms
[2020-11-04T21:44:28.800+0300][182,730s][info][gc] GC(1282) Pause Init Update Refs 0,016ms
[2020-11-04T21:44:28.841+0300][182,771s][info][gc] GC(1282) Concurrent update references 41,092ms
[2020-11-04T21:44:28.842+0300][182,772s][info][gc] GC(1282) Pause Final Update Refs 0,140ms
[2020-11-04T21:44:28.842+0300][182,772s][info][gc] GC(1282) Concurrent cleanup 445M->283M(512M) 0,095ms
[2020-11-04T21:44:28.868+0300][182,797s][info][gc] Trigger: Average GC time (121,97 ms) is above the time for allocation rate (911 MB/s) to deplete free headroom (109M)
[2020-11-04T21:44:28.868+0300][182,798s][info][gc] GC(1283) Concurrent reset 0,617ms
[2020-11-04T21:44:28.869+0300][182,798s][info][gc] GC(1283) Pause Init Mark (unload classes) 0,133ms
[2020-11-04T21:44:28.936+0300][182,866s][info][gc] GC(1283) Concurrent marking (unload classes) 67,562ms
[2020-11-04T21:44:28.937+0300][182,867s][info][gc] GC(1283) Pause Final Mark (unload classes) 0,609ms
[2020-11-04T21:44:28.938+0300][182,868s][info][gc] GC(1283) Concurrent weak roots 0,448ms
[2020-11-04T21:44:28.938+0300][182,868s][info][gc] GC(1283) Concurrent cleanup 369M->369M(512M) 0,038ms
[2020-11-04T21:44:28.939+0300][182,869s][info][gc] GC(1283) Concurrent class unloading 1,119ms
[2020-11-04T21:44:28.939+0300][182,869s][info][gc] GC(1283) Concurrent strong roots 0,070ms
[2020-11-04T21:44:28.943+0300][182,873s][info][gc] GC(1283) Concurrent evacuation 3,754ms
[2020-11-04T21:44:28.943+0300][182,873s][info][gc] GC(1283) Pause Init Update Refs 0,014ms
[2020-11-04T21:44:28.978+0300][182,908s][info][gc] GC(1283) Concurrent update references 35,117ms
[2020-11-04T21:44:28.979+0300][182,909s][info][gc] GC(1283) Pause Final Update Refs 0,144ms
[2020-11-04T21:44:28.979+0300][182,909s][info][gc] GC(1283) Concurrent cleanup 450M->292M(512M) 0,102ms
[2020-11-04T21:44:28.994+0300][182,924s][info][gc] Trigger: Average GC time (124,65 ms) is above the time for allocation rate (1059 MB/s) to deplete free headroom (128M)
[2020-11-04T21:44:28.995+0300][182,924s][info][gc] GC(1284) Concurrent reset 0,683ms
[2020-11-04T21:44:28.995+0300][182,925s][info][gc] GC(1284) Pause Init Mark (unload classes) 0,121ms
[2020-11-04T21:44:29.089+0300][183,019s][info][gc] GC(1284) Concurrent marking (unload classes) 94,180ms
[2020-11-04T21:44:29.090+0300][183,020s][info][gc] GC(1284) Pause Final Mark (unload classes) 0,614ms
[2020-11-04T21:44:29.091+0300][183,021s][info][gc] GC(1284) Concurrent weak roots 0,484ms
[2020-11-04T21:44:29.091+0300][183,021s][info][gc] GC(1284) Concurrent cleanup 353M->353M(512M) 0,034ms
[2020-11-04T21:44:29.092+0300][183,022s][info][gc] GC(1284) Concurrent class unloading 0,938ms
[2020-11-04T21:44:29.092+0300][183,022s][info][gc] GC(1284) Concurrent strong roots 0,064ms
[2020-11-04T21:44:29.097+0300][183,027s][info][gc] GC(1284) Concurrent evacuation 5,336ms
[2020-11-04T21:44:29.098+0300][183,027s][info][gc] GC(1284) Pause Init Update Refs 0,025ms
[2020-11-04T21:44:29.134+0300][183,064s][info][gc] GC(1284) Concurrent update references 36,156ms
[2020-11-04T21:44:29.134+0300][183,064s][info][gc] GC(1284) Pause Final Update Refs 0,150ms
[2020-11-04T21:44:29.134+0300][183,064s][info][gc] GC(1284) Concurrent cleanup 438M->303M(512M) 0,100ms
[2020-11-04T21:44:29.149+0300][183,079s][info][gc] Trigger: Average GC time (132,19 ms) is above the time for allocation rate (910 MB/s) to deplete free headroom (117M)
[2020-11-04T21:44:29.150+0300][183,080s][info][gc] GC(1285) Concurrent reset 0,642ms
[2020-11-04T21:44:29.150+0300][183,080s][info][gc] GC(1285) Pause Init Mark (process weakrefs) (unload classes) 0,132ms
[2020-11-04T21:44:29.220+0300][183,150s][info][gc] GC(1285) Concurrent marking (process weakrefs) (unload classes) 69,669ms
[2020-11-04T21:44:29.220+0300][183,150s][info][gc] GC(1285) Concurrent precleaning 0,154ms
[2020-11-04T21:44:29.221+0300][183,151s][info][gc] GC(1285) Pause Final Mark (process weakrefs) (unload classes) 0,532ms
[2020-11-04T21:44:29.222+0300][183,151s][info][gc] GC(1285) Concurrent weak roots 0,365ms
[2020-11-04T21:44:29.222+0300][183,152s][info][gc] GC(1285) Concurrent cleanup 361M->361M(512M) 0,036ms
[2020-11-04T21:44:29.223+0300][183,153s][info][gc] GC(1285) Concurrent class unloading 0,989ms
[2020-11-04T21:44:29.223+0300][183,153s][info][gc] GC(1285) Concurrent strong roots 0,110ms
[2020-11-04T21:44:29.226+0300][183,156s][info][gc] GC(1285) Concurrent evacuation 3,505ms
[2020-11-04T21:44:29.227+0300][183,157s][info][gc] GC(1285) Pause Init Update Refs 0,010ms
[2020-11-04T21:44:29.265+0300][183,195s][info][gc] GC(1285) Concurrent update references 38,626ms
[2020-11-04T21:44:29.266+0300][183,196s][info][gc] GC(1285) Pause Final Update Refs 0,152ms
[2020-11-04T21:44:29.266+0300][183,196s][info][gc] GC(1285) Concurrent cleanup 447M->305M(512M) 0,102ms
[2020-11-04T21:44:29.276+0300][183,206s][info][gc] Trigger: Average GC time (132,46 ms) is above the time for allocation rate (987 MB/s) to deplete free headroom (129M)
[2020-11-04T21:44:29.276+0300][183,206s][info][gc] GC(1286) Concurrent reset 0,610ms
[2020-11-04T21:44:29.277+0300][183,207s][info][gc] GC(1286) Pause Init Mark (unload classes) 0,106ms
[2020-11-04T21:44:29.352+0300][183,282s][info][gc] GC(1286) Concurrent marking (unload classes) 74,985ms
[2020-11-04T21:44:29.352+0300][183,282s][info][gc] GC(1286) Pause Final Mark (unload classes) 0,375ms
[2020-11-04T21:44:29.353+0300][183,283s][info][gc] GC(1286) Concurrent weak roots 0,466ms
[2020-11-04T21:44:29.353+0300][183,283s][info][gc] GC(1286) Concurrent cleanup 351M->351M(512M) 0,037ms
[2020-11-04T21:44:29.354+0300][183,284s][info][gc] GC(1286) Concurrent class unloading 0,983ms
[2020-11-04T21:44:29.354+0300][183,284s][info][gc] GC(1286) Concurrent strong roots 0,060ms
[2020-11-04T21:44:29.358+0300][183,288s][info][gc] GC(1286) Concurrent evacuation 4,147ms
[2020-11-04T21:44:29.359+0300][183,288s][info][gc] GC(1286) Pause Init Update Refs 0,024ms
[2020-11-04T21:44:29.396+0300][183,325s][info][gc] GC(1286) Concurrent update references 36,847ms
[2020-11-04T21:44:29.396+0300][183,326s][info][gc] GC(1286) Pause Final Update Refs 0,196ms
[2020-11-04T21:44:29.396+0300][183,326s][info][gc] GC(1286) Concurrent cleanup 440M->315M(512M) 0,118ms
[2020-11-04T21:44:29.405+0300][183,335s][info][gc] Trigger: Average GC time (127,47 ms) is above the time for allocation rate (994 MB/s) to deplete free headroom (122M)
[2020-11-04T21:44:29.406+0300][183,335s][info][gc] GC(1287) Concurrent reset 0,664ms
[2020-11-04T21:44:29.406+0300][183,336s][info][gc] GC(1287) Pause Init Mark (unload classes) 0,359ms
[2020-11-04T21:44:29.493+0300][183,423s][info][gc] GC(1287) Concurrent marking (unload classes) 86,985ms
[2020-11-04T21:44:29.494+0300][183,424s][info][gc] GC(1287) Pause Final Mark (unload classes) 0,353ms
[2020-11-04T21:44:29.494+0300][183,424s][info][gc] GC(1287) Concurrent weak roots 0,438ms
[2020-11-04T21:44:29.495+0300][183,424s][info][gc] GC(1287) Concurrent cleanup 357M->357M(512M) 0,037ms
[2020-11-04T21:44:29.495+0300][183,425s][info][gc] GC(1287) Concurrent class unloading 0,882ms
[2020-11-04T21:44:29.496+0300][183,425s][info][gc] GC(1287) Concurrent strong roots 0,064ms
[2020-11-04T21:44:29.500+0300][183,430s][info][gc] GC(1287) Concurrent evacuation 4,222ms
[2020-11-04T21:44:29.500+0300][183,430s][info][gc] GC(1287) Pause Init Update Refs 0,020ms
[2020-11-04T21:44:29.539+0300][183,469s][info][gc] GC(1287) Concurrent update references 38,461ms
[2020-11-04T21:44:29.539+0300][183,469s][info][gc] GC(1287) Pause Final Update Refs 0,162ms
[2020-11-04T21:44:29.539+0300][183,469s][info][gc] GC(1287) Concurrent cleanup 443M->314M(512M) 0,102ms
[2020-11-04T21:44:29.552+0300][183,482s][info][gc] Trigger: Average GC time (124,76 ms) is above the time for allocation rate (919 MB/s) to deplete free headroom (112M)
[2020-11-04T21:44:29.553+0300][183,483s][info][gc] GC(1288) Concurrent reset 0,607ms
[2020-11-04T21:44:29.553+0300][183,483s][info][gc] GC(1288) Pause Init Mark (unload classes) 0,126ms
[2020-11-04T21:44:29.634+0300][183,563s][info][gc] GC(1288) Concurrent marking (unload classes) 80,352ms
[2020-11-04T21:44:29.634+0300][183,564s][info][gc] GC(1288) Pause Final Mark (unload classes) 0,579ms
[2020-11-04T21:44:29.635+0300][183,565s][info][gc] GC(1288) Concurrent weak roots 0,408ms
[2020-11-04T21:44:29.635+0300][183,565s][info][gc] GC(1288) Concurrent cleanup 367M->367M(512M) 0,035ms
[2020-11-04T21:44:29.636+0300][183,566s][info][gc] GC(1288) Concurrent class unloading 1,151ms
[2020-11-04T21:44:29.636+0300][183,566s][info][gc] GC(1288) Concurrent strong roots 0,071ms
[2020-11-04T21:44:29.639+0300][183,569s][info][gc] GC(1288) Concurrent evacuation 3,217ms
[2020-11-04T21:44:29.640+0300][183,570s][info][gc] GC(1288) Pause Init Update Refs 0,027ms
[2020-11-04T21:44:29.682+0300][183,612s][info][gc] GC(1288) Concurrent update references 42,598ms
[2020-11-04T21:44:29.683+0300][183,613s][info][gc] GC(1288) Pause Final Update Refs 0,189ms
[2020-11-04T21:44:29.683+0300][183,613s][info][gc] GC(1288) Concurrent cleanup 441M->307M(512M) 0,062ms
[2020-11-04T21:44:29.702+0300][183,632s][info][gc] Trigger: Average GC time (128,67 ms) is above the time for allocation rate (879 MB/s) to deplete free headroom (110M)
[2020-11-04T21:44:29.703+0300][183,633s][info][gc] GC(1289) Concurrent reset 0,594ms
[2020-11-04T21:44:29.703+0300][183,633s][info][gc] GC(1289) Pause Init Mark (unload classes) 0,118ms
[2020-11-04T21:44:29.784+0300][183,714s][info][gc] GC(1289) Concurrent marking (unload classes) 80,838ms
[2020-11-04T21:44:29.785+0300][183,715s][info][gc] GC(1289) Pause Final Mark (unload classes) 0,434ms
[2020-11-04T21:44:29.786+0300][183,715s][info][gc] GC(1289) Concurrent weak roots 0,500ms
[2020-11-04T21:44:29.786+0300][183,715s][info][gc] GC(1289) Concurrent cleanup 367M->367M(512M) 0,034ms
[2020-11-04T21:44:29.787+0300][183,717s][info][gc] GC(1289) Concurrent class unloading 1,172ms
[2020-11-04T21:44:29.787+0300][183,717s][info][gc] GC(1289) Concurrent strong roots 0,110ms
[2020-11-04T21:44:29.791+0300][183,721s][info][gc] GC(1289) Concurrent evacuation 3,852ms
[2020-11-04T21:44:29.791+0300][183,721s][info][gc] GC(1289) Pause Init Update Refs 0,021ms
[2020-11-04T21:44:29.834+0300][183,764s][info][gc] GC(1289) Concurrent update references 42,942ms
[2020-11-04T21:44:29.835+0300][183,764s][info][gc] GC(1289) Pause Final Update Refs 0,157ms
[2020-11-04T21:44:29.835+0300][183,765s][info][gc] GC(1289) Concurrent cleanup 444M->311M(512M) 0,092ms
[2020-11-04T21:44:29.853+0300][183,783s][info][gc] Trigger: Average GC time (127,04 ms) is above the time for allocation rate (864 MB/s) to deplete free headroom (109M)
[2020-11-04T21:44:29.853+0300][183,783s][info][gc] GC(1290) Concurrent reset 0,615ms
[2020-11-04T21:44:29.854+0300][183,784s][info][gc] GC(1290) Pause Init Mark (process weakrefs) (unload classes) 0,104ms
[2020-11-04T21:44:29.957+0300][183,886s][info][gc] GC(1290) Concurrent marking (process weakrefs) (unload classes) 102,593ms
[2020-11-04T21:44:29.957+0300][183,887s][info][gc] GC(1290) Concurrent precleaning 0,138ms
[2020-11-04T21:44:29.957+0300][183,887s][info][gc] GC(1290) Pause Final Mark (process weakrefs) (unload classes) 0,325ms
[2020-11-04T21:44:29.958+0300][183,887s][info][gc] GC(1290) Concurrent weak roots 0,374ms
[2020-11-04T21:44:29.958+0300][183,887s][info][gc] GC(1290) Concurrent cleanup 369M->369M(512M) 0,038ms
[2020-11-04T21:44:29.959+0300][183,889s][info][gc] GC(1290) Concurrent class unloading 1,097ms
[2020-11-04T21:44:29.959+0300][183,889s][info][gc] GC(1290) Concurrent strong roots 0,140ms
[2020-11-04T21:44:29.962+0300][183,892s][info][gc] GC(1290) Concurrent evacuation 3,222ms
[2020-11-04T21:44:29.962+0300][183,892s][info][gc] GC(1290) Pause Init Update Refs 0,018ms
[2020-11-04T21:44:30.005+0300][183,934s][info][gc] GC(1290) Concurrent update references 42,042ms
[2020-11-04T21:44:30.005+0300][183,935s][info][gc] GC(1290) Pause Final Update Refs 0,148ms
[2020-11-04T21:44:30.005+0300][183,935s][info][gc] GC(1290) Concurrent cleanup 460M->329M(512M) 0,078ms
[2020-11-04T21:44:30.015+0300][183,945s][info][gc] Trigger: Average GC time (134,16 ms) is above the time for allocation rate (801 MB/s) to deplete free headroom (105M)
[2020-11-04T21:44:30.015+0300][183,945s][info][gc] GC(1291) Concurrent reset 0,598ms
[2020-11-04T21:44:30.016+0300][183,946s][info][gc] GC(1291) Pause Init Mark (unload classes) 0,139ms
[2020-11-04T21:44:30.112+0300][184,042s][info][gc] GC(1291) Concurrent marking (unload classes) 96,326ms
[2020-11-04T21:44:30.113+0300][184,043s][info][gc] GC(1291) Pause Final Mark (unload classes) 0,399ms
[2020-11-04T21:44:30.113+0300][184,043s][info][gc] GC(1291) Concurrent weak roots 0,433ms
[2020-11-04T21:44:30.114+0300][184,043s][info][gc] GC(1291) Concurrent cleanup 372M->373M(512M) 0,039ms
[2020-11-04T21:44:30.114+0300][184,044s][info][gc] GC(1291) Concurrent class unloading 0,797ms
[2020-11-04T21:44:30.114+0300][184,044s][info][gc] GC(1291) Concurrent strong roots 0,054ms
[2020-11-04T21:44:30.118+0300][184,047s][info][gc] GC(1291) Concurrent evacuation 3,114ms
[2020-11-04T21:44:30.118+0300][184,048s][info][gc] GC(1291) Pause Init Update Refs 0,017ms
[2020-11-04T21:44:30.159+0300][184,089s][info][gc] GC(1291) Concurrent update references 40,996ms
[2020-11-04T21:44:30.159+0300][184,089s][info][gc] GC(1291) Pause Final Update Refs 0,142ms
[2020-11-04T21:44:30.160+0300][184,089s][info][gc] GC(1291) Concurrent cleanup 466M->336M(512M) 0,105ms
[2020-11-04T21:44:30.165+0300][184,095s][info][gc] Trigger: Average GC time (138,99 ms) is above the time for allocation rate (815 MB/s) to deplete free headroom (109M)
[2020-11-04T21:44:30.166+0300][184,095s][info][gc] GC(1292) Concurrent reset 0,566ms
[2020-11-04T21:44:30.166+0300][184,096s][info][gc] GC(1292) Pause Init Mark (unload classes) 0,115ms
[2020-11-04T21:44:30.246+0300][184,176s][info][gc] GC(1292) Concurrent marking (unload classes) 79,827ms
[2020-11-04T21:44:30.246+0300][184,176s][info][gc] GC(1292) Pause Final Mark (unload classes) 0,391ms
[2020-11-04T21:44:30.247+0300][184,177s][info][gc] GC(1292) Concurrent weak roots 0,426ms
[2020-11-04T21:44:30.247+0300][184,177s][info][gc] GC(1292) Concurrent cleanup 368M->368M(512M) 0,043ms
[2020-11-04T21:44:30.248+0300][184,178s][info][gc] GC(1292) Concurrent class unloading 1,054ms
[2020-11-04T21:44:30.248+0300][184,178s][info][gc] GC(1292) Concurrent strong roots 0,139ms
[2020-11-04T21:44:30.252+0300][184,182s][info][gc] GC(1292) Concurrent evacuation 3,302ms
[2020-11-04T21:44:30.252+0300][184,182s][info][gc] GC(1292) Pause Init Update Refs 0,017ms
[2020-11-04T21:44:30.294+0300][184,224s][info][gc] GC(1292) Concurrent update references 41,687ms
[2020-11-04T21:44:30.294+0300][184,224s][info][gc] GC(1292) Pause Final Update Refs 0,151ms
[2020-11-04T21:44:30.294+0300][184,224s][info][gc] GC(1292) Concurrent cleanup 461M->338M(512M) 0,098ms
[2020-11-04T21:44:30.297+0300][184,226s][info][gc] Trigger: Average GC time (137,99 ms) is above the time for allocation rate (853 MB/s) to deplete free headroom (115M)
[2020-11-04T21:44:30.297+0300][184,227s][info][gc] GC(1293) Concurrent reset 0,445ms
[2020-11-04T21:44:30.297+0300][184,227s][info][gc] GC(1293) Pause Init Mark (unload classes) 0,105ms
[2020-11-04T21:44:30.395+0300][184,325s][info][gc] GC(1293) Concurrent marking (unload classes) 97,608ms
[2020-11-04T21:44:30.396+0300][184,326s][info][gc] GC(1293) Pause Final Mark (unload classes) 0,504ms
[2020-11-04T21:44:30.396+0300][184,326s][info][gc] GC(1293) Concurrent weak roots 0,378ms
[2020-11-04T21:44:30.396+0300][184,326s][info][gc] GC(1293) Concurrent cleanup 363M->363M(512M) 0,034ms
[2020-11-04T21:44:30.397+0300][184,327s][info][gc] GC(1293) Concurrent class unloading 0,894ms
[2020-11-04T21:44:30.397+0300][184,327s][info][gc] GC(1293) Concurrent strong roots 0,054ms
[2020-11-04T21:44:30.400+0300][184,330s][info][gc] GC(1293) Concurrent evacuation 2,792ms
[2020-11-04T21:44:30.400+0300][184,330s][info][gc] GC(1293) Pause Init Update Refs 0,023ms
[2020-11-04T21:44:30.443+0300][184,373s][info][gc] GC(1293) Concurrent update references 42,243ms
[2020-11-04T21:44:30.443+0300][184,373s][info][gc] GC(1293) Pause Final Update Refs 0,114ms
[2020-11-04T21:44:30.443+0300][184,373s][info][gc] GC(1293) Concurrent cleanup 460M->348M(512M) 0,101ms
[2020-11-04T21:44:30.444+0300][184,374s][info][gc] Trigger: Average GC time (141,14 ms) is above the time for allocation rate (781 MB/s) to deplete free headroom (109M)
[2020-11-04T21:44:30.445+0300][184,375s][info][gc] GC(1294) Concurrent reset 0,415ms
[2020-11-04T21:44:30.445+0300][184,375s][info][gc] GC(1294) Pause Init Mark (unload classes) 0,120ms
[2020-11-04T21:44:30.547+0300][184,477s][info][gc] GC(1294) Concurrent marking (unload classes) 102,159ms
[2020-11-04T21:44:30.548+0300][184,478s][info][gc] GC(1294) Pause Final Mark (unload classes) 0,457ms
[2020-11-04T21:44:30.549+0300][184,478s][info][gc] GC(1294) Concurrent weak roots 0,432ms
[2020-11-04T21:44:30.549+0300][184,478s][info][gc] GC(1294) Concurrent cleanup 369M->369M(512M) 0,025ms
[2020-11-04T21:44:30.549+0300][184,479s][info][gc] GC(1294) Concurrent class unloading 0,736ms
[2020-11-04T21:44:30.549+0300][184,479s][info][gc] GC(1294) Concurrent strong roots 0,124ms
[2020-11-04T21:44:30.553+0300][184,483s][info][gc] GC(1294) Concurrent evacuation 3,584ms
[2020-11-04T21:44:30.553+0300][184,483s][info][gc] GC(1294) Pause Init Update Refs 0,026ms
[2020-11-04T21:44:30.604+0300][184,534s][info][gc] GC(1294) Concurrent update references 50,413ms
[2020-11-04T21:44:30.604+0300][184,534s][info][gc] GC(1294) Pause Final Update Refs 0,277ms
[2020-11-04T21:44:30.605+0300][184,534s][info][gc] GC(1294) Concurrent cleanup 435M->319M(512M) 0,090ms
[2020-11-04T21:44:30.620+0300][184,550s][info][gc] Trigger: Average GC time (146,69 ms) is above the time for allocation rate (696 MB/s) to deplete free headroom (100890K)
[2020-11-04T21:44:30.621+0300][184,551s][info][gc] GC(1295) Concurrent reset 0,554ms
[2020-11-04T21:44:30.621+0300][184,551s][info][gc] GC(1295) Pause Init Mark (process weakrefs) (unload classes) 0,102ms
[2020-11-04T21:44:30.716+0300][184,646s][info][gc] GC(1295) Concurrent marking (process weakrefs) (unload classes) 94,390ms
[2020-11-04T21:44:30.716+0300][184,646s][info][gc] GC(1295) Concurrent precleaning 0,174ms
[2020-11-04T21:44:30.717+0300][184,647s][info][gc] GC(1295) Pause Final Mark (process weakrefs) (unload classes) 0,711ms
[2020-11-04T21:44:30.718+0300][184,647s][info][gc] GC(1295) Concurrent weak roots 0,500ms
[2020-11-04T21:44:30.718+0300][184,647s][info][gc] GC(1295) Concurrent cleanup 378M->378M(512M) 0,033ms
[2020-11-04T21:44:30.719+0300][184,649s][info][gc] GC(1295) Concurrent class unloading 1,057ms
[2020-11-04T21:44:30.719+0300][184,649s][info][gc] GC(1295) Concurrent strong roots 0,059ms
[2020-11-04T21:44:30.722+0300][184,652s][info][gc] GC(1295) Concurrent evacuation 3,248ms
[2020-11-04T21:44:30.722+0300][184,652s][info][gc] GC(1295) Pause Init Update Refs 0,017ms
[2020-11-04T21:44:30.773+0300][184,703s][info][gc] GC(1295) Concurrent update references 50,294ms
[2020-11-04T21:44:30.773+0300][184,703s][info][gc] GC(1295) Pause Final Update Refs 0,274ms
[2020-11-04T21:44:30.773+0300][184,703s][info][gc] GC(1295) Concurrent cleanup 448M->326M(512M) 0,085ms
[2020-11-04T21:44:30.786+0300][184,716s][info][gc] Trigger: Average GC time (146,79 ms) is above the time for allocation rate (708 MB/s) to deplete free headroom (100M)
[2020-11-04T21:44:30.787+0300][184,717s][info][gc] GC(1296) Concurrent reset 0,588ms
[2020-11-04T21:44:30.787+0300][184,717s][info][gc] GC(1296) Pause Init Mark (unload classes) 0,120ms
[2020-11-04T21:44:30.884+0300][184,813s][info][gc] GC(1296) Concurrent marking (unload classes) 96,244ms
[2020-11-04T21:44:30.885+0300][184,814s][info][gc] GC(1296) Pause Final Mark (unload classes) 0,818ms
[2020-11-04T21:44:30.885+0300][184,815s][info][gc] GC(1296) Concurrent weak roots 0,402ms
[2020-11-04T21:44:30.885+0300][184,815s][info][gc] GC(1296) Concurrent cleanup 377M->377M(512M) 0,037ms
[2020-11-04T21:44:30.886+0300][184,816s][info][gc] GC(1296) Concurrent class unloading 0,870ms
[2020-11-04T21:44:30.886+0300][184,816s][info][gc] GC(1296) Concurrent strong roots 0,135ms
[2020-11-04T21:44:30.889+0300][184,819s][info][gc] GC(1296) Concurrent evacuation 3,205ms
[2020-11-04T21:44:30.890+0300][184,820s][info][gc] GC(1296) Pause Init Update Refs 0,015ms
[2020-11-04T21:44:30.934+0300][184,864s][info][gc] GC(1296) Concurrent update references 43,972ms
[2020-11-04T21:44:30.934+0300][184,864s][info][gc] GC(1296) Pause Final Update Refs 0,252ms
[2020-11-04T21:44:30.934+0300][184,864s][info][gc] GC(1296) Concurrent cleanup 477M->359M(512M) 0,093ms
[2020-11-04T21:44:30.936+0300][184,865s][info][gc] Trigger: Average GC time (147,50 ms) is above the time for allocation rate (780 MB/s) to deplete free headroom (100122K)
[2020-11-04T21:44:30.936+0300][184,866s][info][gc] GC(1297) Concurrent reset 0,450ms
[2020-11-04T21:44:30.936+0300][184,866s][info][gc] GC(1297) Pause Init Mark (unload classes) 0,114ms
[2020-11-04T21:44:31.022+0300][184,952s][info][gc] GC(1297) Concurrent marking (unload classes) 85,643ms
[2020-11-04T21:44:31.023+0300][184,953s][info][gc] GC(1297) Pause Final Mark (unload classes) 0,712ms
[2020-11-04T21:44:31.024+0300][184,953s][info][gc] GC(1297) Concurrent weak roots 0,519ms
[2020-11-04T21:44:31.024+0300][184,954s][info][gc] GC(1297) Concurrent cleanup 378M->378M(512M) 0,033ms
[2020-11-04T21:44:31.025+0300][184,955s][info][gc] GC(1297) Concurrent class unloading 1,046ms
[2020-11-04T21:44:31.025+0300][184,955s][info][gc] GC(1297) Concurrent strong roots 0,122ms
[2020-11-04T21:44:31.028+0300][184,958s][info][gc] GC(1297) Concurrent evacuation 2,963ms
[2020-11-04T21:44:31.028+0300][184,958s][info][gc] GC(1297) Pause Init Update Refs 0,014ms
[2020-11-04T21:44:31.077+0300][185,007s][info][gc] GC(1297) Concurrent update references 48,930ms
[2020-11-04T21:44:31.078+0300][185,007s][info][gc] GC(1297) Pause Final Update Refs 0,137ms
[2020-11-04T21:44:31.078+0300][185,008s][info][gc] GC(1297) Concurrent cleanup 466M->349M(512M) 0,093ms
[2020-11-04T21:44:31.079+0300][185,009s][info][gc] Trigger: Average GC time (150,04 ms) is above the time for allocation rate (721 MB/s) to deplete free headroom (107M)
[2020-11-04T21:44:31.079+0300][185,009s][info][gc] GC(1298) Concurrent reset 0,490ms
[2020-11-04T21:44:31.080+0300][185,009s][info][gc] GC(1298) Pause Init Mark (unload classes) 0,097ms
[2020-11-04T21:44:31.165+0300][185,095s][info][gc] GC(1298) Concurrent marking (unload classes) 85,158ms
[2020-11-04T21:44:31.165+0300][185,095s][info][gc] GC(1298) Pause Final Mark (unload classes) 0,395ms
[2020-11-04T21:44:31.166+0300][185,096s][info][gc] GC(1298) Concurrent weak roots 0,443ms
[2020-11-04T21:44:31.166+0300][185,096s][info][gc] GC(1298) Concurrent cleanup 370M->370M(512M) 0,038ms
[2020-11-04T21:44:31.167+0300][185,097s][info][gc] GC(1298) Concurrent class unloading 0,973ms
[2020-11-04T21:44:31.167+0300][185,097s][info][gc] GC(1298) Concurrent strong roots 0,164ms
[2020-11-04T21:44:31.170+0300][185,100s][info][gc] GC(1298) Concurrent evacuation 2,768ms
[2020-11-04T21:44:31.170+0300][185,100s][info][gc] GC(1298) Pause Init Update Refs 0,013ms
[2020-11-04T21:44:31.216+0300][185,146s][info][gc] GC(1298) Concurrent update references 45,447ms
[2020-11-04T21:44:31.216+0300][185,146s][info][gc] GC(1298) Pause Final Update Refs 0,138ms
[2020-11-04T21:44:31.216+0300][185,146s][info][gc] GC(1298) Concurrent cleanup 471M->368M(512M) 0,074ms
[2020-11-04T21:44:31.217+0300][185,147s][info][gc] Trigger: Average GC time (148,17 ms) is above the time for allocation rate (857 MB/s) to deplete free headroom (91162K)
[2020-11-04T21:44:31.218+0300][185,148s][info][gc] GC(1299) Concurrent reset 0,368ms
[2020-11-04T21:44:31.218+0300][185,148s][info][gc] GC(1299) Pause Init Mark (unload classes) 0,097ms
[2020-11-04T21:44:31.321+0300][185,251s][info][gc] GC(1299) Concurrent marking (unload classes) 102,805ms
[2020-11-04T21:44:31.321+0300][185,251s][info][gc] GC(1299) Pause Final Mark (unload classes) 0,353ms
[2020-11-04T21:44:31.322+0300][185,252s][info][gc] GC(1299) Concurrent weak roots 0,423ms
[2020-11-04T21:44:31.322+0300][185,252s][info][gc] GC(1299) Concurrent cleanup 386M->386M(512M) 0,027ms
[2020-11-04T21:44:31.323+0300][185,253s][info][gc] GC(1299) Concurrent class unloading 0,799ms
[2020-11-04T21:44:31.323+0300][185,253s][info][gc] GC(1299) Concurrent strong roots 0,047ms
[2020-11-04T21:44:31.326+0300][185,256s][info][gc] GC(1299) Concurrent evacuation 3,155ms
[2020-11-04T21:44:31.326+0300][185,256s][info][gc] GC(1299) Pause Init Update Refs 0,013ms
[2020-11-04T21:44:31.373+0300][185,302s][info][gc] GC(1299) Concurrent update references 46,104ms
[2020-11-04T21:44:31.373+0300][185,303s][info][gc] GC(1299) Pause Final Update Refs 0,135ms
[2020-11-04T21:44:31.373+0300][185,303s][info][gc] GC(1299) Concurrent cleanup 480M->361M(512M) 0,082ms
[2020-11-04T21:44:31.374+0300][185,304s][info][gc] Trigger: Average GC time (147,26 ms) is above the time for allocation rate (688 MB/s) to deplete free headroom (98586K)
[2020-11-04T21:44:31.375+0300][185,304s][info][gc] GC(1300) Concurrent reset 0,375ms
[2020-11-04T21:44:31.375+0300][185,305s][info][gc] GC(1300) Pause Init Mark (process weakrefs) (unload classes) 0,122ms
[2020-11-04T21:44:31.469+0300][185,398s][info][gc] GC(1300) Concurrent marking (process weakrefs) (unload classes) 93,709ms
[2020-11-04T21:44:31.469+0300][185,399s][info][gc] GC(1300) Concurrent precleaning 0,099ms
[2020-11-04T21:44:31.470+0300][185,399s][info][gc] GC(1300) Pause Final Mark (process weakrefs) (unload classes) 0,752ms
[2020-11-04T21:44:31.470+0300][185,400s][info][gc] GC(1300) Concurrent weak roots 0,359ms
[2020-11-04T21:44:31.470+0300][185,400s][info][gc] GC(1300) Concurrent cleanup 380M->380M(512M) 0,027ms
[2020-11-04T21:44:31.471+0300][185,401s][info][gc] GC(1300) Concurrent class unloading 0,991ms
[2020-11-04T21:44:31.471+0300][185,401s][info][gc] GC(1300) Concurrent strong roots 0,038ms
[2020-11-04T21:44:31.475+0300][185,405s][info][gc] GC(1300) Concurrent evacuation 3,642ms
[2020-11-04T21:44:31.475+0300][185,405s][info][gc] GC(1300) Pause Init Update Refs 0,008ms
[2020-11-04T21:44:31.547+0300][185,477s][info][gc] GC(1300) Concurrent update references 72,176ms
[2020-11-04T21:44:31.547+0300][185,477s][info][gc] GC(1300) Pause Final Update Refs 0,111ms
[2020-11-04T21:44:31.548+0300][185,477s][info][gc] GC(1300) Concurrent cleanup 479M->370M(512M) 0,066ms
[2020-11-04T21:44:31.549+0300][185,478s][info][gc] Trigger: Average GC time (151,36 ms) is above the time for allocation rate (656 MB/s) to deplete free headroom (88858K)
[2020-11-04T21:44:31.549+0300][185,479s][info][gc] GC(1301) Concurrent reset 0,460ms
[2020-11-04T21:44:31.549+0300][185,479s][info][gc] GC(1301) Pause Init Mark (unload classes) 0,078ms
[2020-11-04T21:44:31.702+0300][185,632s][info][gc] GC(1301) Concurrent marking (unload classes) 152,949ms
[2020-11-04T21:44:31.703+0300][185,633s][info][gc] GC(1301) Pause Final Mark (unload classes) 0,358ms
[2020-11-04T21:44:31.703+0300][185,633s][info][gc] GC(1301) Concurrent weak roots 0,335ms
[2020-11-04T21:44:31.703+0300][185,633s][info][gc] GC(1301) Concurrent cleanup 389M->389M(512M) 0,030ms
[2020-11-04T21:44:31.704+0300][185,634s][info][gc] GC(1301) Concurrent class unloading 0,997ms
[2020-11-04T21:44:31.704+0300][185,634s][info][gc] GC(1301) Concurrent strong roots 0,074ms
[2020-11-04T21:44:31.708+0300][185,638s][info][gc] GC(1301) Concurrent evacuation 3,658ms
[2020-11-04T21:44:31.708+0300][185,638s][info][gc] GC(1301) Pause Init Update Refs 0,010ms
[2020-11-04T21:44:31.766+0300][185,696s][info][gc] GC(1301) Concurrent update references 57,566ms
[2020-11-04T21:44:31.766+0300][185,696s][info][gc] GC(1301) Pause Final Update Refs 0,118ms
[2020-11-04T21:44:31.766+0300][185,696s][info][gc] GC(1301) Concurrent cleanup 480M->365M(512M) 0,070ms
[2020-11-04T21:44:31.772+0300][185,701s][info][gc] Trigger: Average GC time (165,22 ms) is above the time for allocation rate (518 MB/s) to deplete free headroom (83738K)
[2020-11-04T21:44:31.772+0300][185,702s][info][gc] GC(1302) Concurrent reset 0,532ms
[2020-11-04T21:44:31.772+0300][185,702s][info][gc] GC(1302) Pause Init Mark (unload classes) 0,122ms
[2020-11-04T21:44:31.922+0300][185,852s][info][gc] GC(1302) Concurrent marking (unload classes) 149,479ms
[2020-11-04T21:44:31.922+0300][185,852s][info][gc] GC(1302) Pause Final Mark (unload classes) 0,227ms
[2020-11-04T21:44:31.923+0300][185,853s][info][gc] GC(1302) Concurrent weak roots 0,414ms
[2020-11-04T21:44:31.923+0300][185,853s][info][gc] GC(1302) Concurrent cleanup 394M->394M(512M) 0,048ms
[2020-11-04T21:44:31.924+0300][185,854s][info][gc] GC(1302) Concurrent class unloading 0,960ms
[2020-11-04T21:44:31.924+0300][185,854s][info][gc] GC(1302) Concurrent strong roots 0,052ms
[2020-11-04T21:44:31.927+0300][185,857s][info][gc] GC(1302) Concurrent evacuation 3,006ms
[2020-11-04T21:44:31.927+0300][185,857s][info][gc] GC(1302) Pause Init Update Refs 0,009ms
[2020-11-04T21:44:31.987+0300][185,917s][info][gc] GC(1302) Concurrent update references 59,892ms
[2020-11-04T21:44:31.987+0300][185,917s][info][gc] GC(1302) Pause Final Update Refs 0,096ms
[2020-11-04T21:44:31.987+0300][185,917s][info][gc] GC(1302) Concurrent cleanup 481M->365M(512M) 0,062ms
[2020-11-04T21:44:31.991+0300][185,920s][info][gc] Trigger: Average GC time (179,92 ms) is above the time for allocation rate (487 MB/s) to deplete free headroom (89626K)
[2020-11-04T21:44:31.991+0300][185,921s][info][gc] GC(1303) Concurrent reset 0,608ms
[2020-11-04T21:44:31.991+0300][185,921s][info][gc] GC(1303) Pause Init Mark (unload classes) 0,109ms
[2020-11-04T21:44:32.123+0300][186,053s][info][gc] GC(1303) Concurrent marking (unload classes) 131,926ms
[2020-11-04T21:44:32.124+0300][186,054s][info][gc] GC(1303) Pause Final Mark (unload classes) 0,451ms
[2020-11-04T21:44:32.126+0300][186,056s][info][gc] GC(1303) Concurrent weak roots 0,433ms
[2020-11-04T21:44:32.126+0300][186,056s][info][gc] GC(1303) Concurrent cleanup 389M->389M(512M) 0,040ms
[2020-11-04T21:44:32.127+0300][186,057s][info][gc] GC(1303) Concurrent class unloading 1,026ms
[2020-11-04T21:44:32.127+0300][186,057s][info][gc] GC(1303) Concurrent strong roots 0,055ms
[2020-11-04T21:44:32.131+0300][186,061s][info][gc] GC(1303) Concurrent evacuation 4,129ms
[2020-11-04T21:44:32.131+0300][186,061s][info][gc] GC(1303) Pause Init Update Refs 0,015ms
[2020-11-04T21:44:32.181+0300][186,111s][info][gc] GC(1303) Concurrent update references 49,213ms
[2020-11-04T21:44:32.181+0300][186,111s][info][gc] GC(1303) Pause Final Update Refs 0,152ms
[2020-11-04T21:44:32.181+0300][186,111s][info][gc] GC(1303) Concurrent cleanup 479M->372M(512M) 0,154ms
[2020-11-04T21:44:32.183+0300][186,112s][info][gc] Trigger: Average GC time (190,63 ms) is above the time for allocation rate (551 MB/s) to deplete free headroom (87834K)
[2020-11-04T21:44:32.183+0300][186,113s][info][gc] GC(1304) Concurrent reset 0,421ms
[2020-11-04T21:44:32.183+0300][186,113s][info][gc] GC(1304) Pause Init Mark (unload classes) 0,114ms
[2020-11-04T21:44:32.289+0300][186,219s][info][gc] GC(1304) Concurrent marking (unload classes) 105,424ms
[2020-11-04T21:44:32.290+0300][186,219s][info][gc] GC(1304) Pause Final Mark (unload classes) 0,382ms
[2020-11-04T21:44:32.290+0300][186,220s][info][gc] GC(1304) Concurrent weak roots 0,414ms
[2020-11-04T21:44:32.290+0300][186,220s][info][gc] GC(1304) Concurrent cleanup 388M->388M(512M) 0,030ms
[2020-11-04T21:44:32.291+0300][186,221s][info][gc] GC(1304) Concurrent class unloading 0,912ms
[2020-11-04T21:44:32.291+0300][186,221s][info][gc] GC(1304) Concurrent strong roots 0,150ms
[2020-11-04T21:44:32.294+0300][186,224s][info][gc] GC(1304) Concurrent evacuation 2,874ms
[2020-11-04T21:44:32.294+0300][186,224s][info][gc] GC(1304) Pause Init Update Refs 0,025ms
[2020-11-04T21:44:32.358+0300][186,288s][info][gc] GC(1304) Concurrent update references 63,720ms
[2020-11-04T21:44:32.358+0300][186,288s][info][gc] GC(1304) Pause Final Update Refs 0,131ms
[2020-11-04T21:44:32.359+0300][186,288s][info][gc] GC(1304) Concurrent cleanup 480M->374M(512M) 0,075ms
[2020-11-04T21:44:32.360+0300][186,290s][info][gc] Trigger: Average GC time (194,71 ms) is above the time for allocation rate (591 MB/s) to deplete free headroom (85274K)
[2020-11-04T21:44:32.360+0300][186,290s][info][gc] GC(1305) Concurrent reset 0,421ms
[2020-11-04T21:44:32.361+0300][186,290s][info][gc] GC(1305) Pause Init Mark (process weakrefs) (unload classes) 0,085ms
[2020-11-04T21:44:32.419+0300][186,349s][info][gc] GC(1305) Concurrent marking (process weakrefs) (unload classes) 58,432ms
[2020-11-04T21:44:32.419+0300][186,349s][info][gc] GC(1305) Concurrent precleaning 0,203ms
[2020-11-04T21:44:32.420+0300][186,350s][info][gc] GC(1305) Pause Final Mark (process weakrefs) (unload classes) 0,465ms
[2020-11-04T21:44:32.421+0300][186,350s][info][gc] GC(1305) Concurrent weak roots 0,401ms
[2020-11-04T21:44:32.421+0300][186,351s][info][gc] GC(1305) Concurrent cleanup 392M->388M(512M) 0,044ms
[2020-11-04T21:44:32.422+0300][186,351s][info][gc] GC(1305) Concurrent class unloading 0,905ms
[2020-11-04T21:44:32.422+0300][186,352s][info][gc] GC(1305) Concurrent strong roots 0,163ms
[2020-11-04T21:44:32.425+0300][186,355s][info][gc] GC(1305) Concurrent evacuation 3,219ms
[2020-11-04T21:44:32.425+0300][186,355s][info][gc] GC(1305) Pause Init Update Refs 0,022ms
[2020-11-04T21:44:32.460+0300][186,390s][info][gc] GC(1305) Concurrent update references 34,291ms
[2020-11-04T21:44:32.460+0300][186,390s][info][gc] GC(1305) Pause Final Update Refs 0,147ms
[2020-11-04T21:44:32.460+0300][186,390s][info][gc] GC(1305) Concurrent cleanup 438M->236M(512M) 0,108ms
[2020-11-04T21:44:32.482+0300][186,412s][info][gc] Trigger: Average GC time (180,17 ms) is above the time for allocation rate (960 MB/s) to deplete free headroom (167M)
[2020-11-04T21:44:32.482+0300][186,412s][info][gc] GC(1306) Concurrent reset 0,593ms
[2020-11-04T21:44:32.483+0300][186,413s][info][gc] GC(1306) Pause Init Mark (unload classes) 0,121ms
[2020-11-04T21:44:32.549+0300][186,479s][info][gc] GC(1306) Concurrent marking (unload classes) 66,120ms
[2020-11-04T21:44:32.550+0300][186,480s][info][gc] GC(1306) Pause Final Mark (unload classes) 0,573ms
[2020-11-04T21:44:32.550+0300][186,480s][info][gc] GC(1306) Concurrent weak roots 0,352ms
[2020-11-04T21:44:32.550+0300][186,480s][info][gc] GC(1306) Concurrent cleanup 316M->316M(512M) 0,037ms
[2020-11-04T21:44:32.552+0300][186,482s][info][gc] GC(1306) Concurrent class unloading 1,308ms
[2020-11-04T21:44:32.552+0300][186,482s][info][gc] GC(1306) Concurrent strong roots 0,091ms
[2020-11-04T21:44:32.555+0300][186,485s][info][gc] GC(1306) Concurrent evacuation 2,864ms
[2020-11-04T21:44:32.555+0300][186,485s][info][gc] GC(1306) Pause Init Update Refs 0,015ms
[2020-11-04T21:44:32.590+0300][186,520s][info][gc] GC(1306) Concurrent update references 34,679ms
[2020-11-04T21:44:32.590+0300][186,520s][info][gc] GC(1306) Pause Final Update Refs 0,138ms
[2020-11-04T21:44:32.590+0300][186,520s][info][gc] GC(1306) Concurrent cleanup 372M->255M(512M) 0,072ms
[2020-11-04T21:44:32.609+0300][186,539s][info][gc] Trigger: Average GC time (158,39 ms) is above the time for allocation rate (993 MB/s) to deplete free headroom (154M)
[2020-11-04T21:44:32.610+0300][186,540s][info][gc] GC(1307) Concurrent reset 0,575ms
[2020-11-04T21:44:32.611+0300][186,540s][info][gc] GC(1307) Pause Init Mark (unload classes) 0,130ms
[2020-11-04T21:44:32.673+0300][186,603s][info][gc] GC(1307) Concurrent marking (unload classes) 62,283ms
[2020-11-04T21:44:32.674+0300][186,603s][info][gc] GC(1307) Pause Final Mark (unload classes) 0,459ms
[2020-11-04T21:44:32.674+0300][186,604s][info][gc] GC(1307) Concurrent weak roots 0,471ms
[2020-11-04T21:44:32.674+0300][186,604s][info][gc] GC(1307) Concurrent cleanup 328M->328M(512M) 0,036ms
[2020-11-04T21:44:32.675+0300][186,605s][info][gc] GC(1307) Concurrent class unloading 1,010ms
[2020-11-04T21:44:32.675+0300][186,605s][info][gc] GC(1307) Concurrent strong roots 0,057ms
[2020-11-04T21:44:32.679+0300][186,609s][info][gc] GC(1307) Concurrent evacuation 3,345ms
[2020-11-04T21:44:32.679+0300][186,609s][info][gc] GC(1307) Pause Init Update Refs 0,026ms
[2020-11-04T21:44:32.713+0300][186,642s][info][gc] GC(1307) Concurrent update references 33,459ms
[2020-11-04T21:44:32.713+0300][186,643s][info][gc] GC(1307) Pause Final Update Refs 0,259ms
[2020-11-04T21:44:32.713+0300][186,643s][info][gc] GC(1307) Concurrent cleanup 397M->271M(512M) 0,060ms
[2020-11-04T21:44:32.729+0300][186,659s][info][gc] Trigger: Average GC time (136,04 ms) is above the time for allocation rate (1090 MB/s) to deplete free headroom (147M)
[2020-11-04T21:44:32.730+0300][186,660s][info][gc] GC(1308) Concurrent reset 0,535ms
[2020-11-04T21:44:32.730+0300][186,660s][info][gc] GC(1308) Pause Init Mark (unload classes) 0,249ms
[2020-11-04T21:44:32.820+0300][186,750s][info][gc] GC(1308) Concurrent marking (unload classes) 89,407ms
[2020-11-04T21:44:32.821+0300][186,751s][info][gc] GC(1308) Pause Final Mark (unload classes) 0,821ms
[2020-11-04T21:44:32.822+0300][186,751s][info][gc] GC(1308) Concurrent weak roots 0,497ms
[2020-11-04T21:44:32.822+0300][186,752s][info][gc] GC(1308) Concurrent cleanup 337M->337M(512M) 0,041ms
[2020-11-04T21:44:32.823+0300][186,753s][info][gc] GC(1308) Concurrent class unloading 1,061ms
[2020-11-04T21:44:32.823+0300][186,753s][info][gc] GC(1308) Concurrent strong roots 0,060ms
[2020-11-04T21:44:32.827+0300][186,757s][info][gc] GC(1308) Concurrent evacuation 4,153ms
[2020-11-04T21:44:32.827+0300][186,757s][info][gc] GC(1308) Pause Init Update Refs 0,019ms
[2020-11-04T21:44:32.860+0300][186,789s][info][gc] GC(1308) Concurrent update references 32,023ms
[2020-11-04T21:44:32.860+0300][186,790s][info][gc] GC(1308) Pause Final Update Refs 0,295ms
[2020-11-04T21:44:32.860+0300][186,790s][info][gc] GC(1308) Concurrent cleanup 415M->284M(512M) 0,121ms
[2020-11-04T21:44:32.881+0300][186,810s][info][gc] Trigger: Average GC time (124,06 ms) is above the time for allocation rate (1007 MB/s) to deplete free headroom (122M)
[2020-11-04T21:44:32.881+0300][186,811s][info][gc] GC(1309) Concurrent reset 0,622ms
[2020-11-04T21:44:32.882+0300][186,812s][info][gc] GC(1309) Pause Init Mark (unload classes) 0,189ms
[2020-11-04T21:44:32.998+0300][186,928s][info][gc] GC(1309) Concurrent marking (unload classes) 116,508ms
[2020-11-04T21:44:32.999+0300][186,929s][info][gc] GC(1309) Pause Final Mark (unload classes) 0,536ms
[2020-11-04T21:44:33.000+0300][186,930s][info][gc] GC(1309) Concurrent weak roots 0,406ms
[2020-11-04T21:44:33.000+0300][186,930s][info][gc] GC(1309) Concurrent cleanup 359M->359M(512M) 0,028ms
[2020-11-04T21:44:33.001+0300][186,931s][info][gc] GC(1309) Concurrent class unloading 1,061ms
[2020-11-04T21:44:33.001+0300][186,931s][info][gc] GC(1309) Concurrent strong roots 0,095ms
[2020-11-04T21:44:33.005+0300][186,935s][info][gc] GC(1309) Concurrent evacuation 3,709ms
[2020-11-04T21:44:33.005+0300][186,935s][info][gc] GC(1309) Pause Init Update Refs 0,025ms
[2020-11-04T21:44:33.038+0300][186,968s][info][gc] GC(1309) Concurrent update references 33,285ms
[2020-11-04T21:44:33.039+0300][186,969s][info][gc] GC(1309) Pause Final Update Refs 0,138ms
[2020-11-04T21:44:33.039+0300][186,969s][info][gc] GC(1309) Concurrent cleanup 441M->288M(512M) 0,069ms
[2020-11-04T21:44:33.063+0300][186,993s][info][gc] Trigger: Average GC time (120,54 ms) is above the time for allocation rate (890 MB/s) to deplete free headroom (107M)
[2020-11-04T21:44:33.064+0300][186,994s][info][gc] GC(1310) Concurrent reset 0,580ms
[2020-11-04T21:44:33.064+0300][186,994s][info][gc] GC(1310) Pause Init Mark (process weakrefs) (unload classes) 0,152ms
[2020-11-04T21:44:33.133+0300][187,062s][info][gc] GC(1310) Concurrent marking (process weakrefs) (unload classes) 68,032ms
[2020-11-04T21:44:33.133+0300][187,063s][info][gc] GC(1310) Concurrent precleaning 0,153ms
[2020-11-04T21:44:33.133+0300][187,063s][info][gc] GC(1310) Pause Final Mark (process weakrefs) (unload classes) 0,385ms
[2020-11-04T21:44:33.134+0300][187,064s][info][gc] GC(1310) Concurrent weak roots 0,467ms
[2020-11-04T21:44:33.134+0300][187,064s][info][gc] GC(1310) Concurrent cleanup 370M->370M(512M) 0,042ms
[2020-11-04T21:44:33.135+0300][187,065s][info][gc] GC(1310) Concurrent class unloading 0,857ms
[2020-11-04T21:44:33.135+0300][187,065s][info][gc] GC(1310) Concurrent strong roots 0,072ms
[2020-11-04T21:44:33.139+0300][187,069s][info][gc] GC(1310) Concurrent evacuation 3,776ms
[2020-11-04T21:44:33.139+0300][187,069s][info][gc] GC(1310) Pause Init Update Refs 0,014ms
[2020-11-04T21:44:33.176+0300][187,106s][info][gc] GC(1310) Concurrent update references 36,447ms
[2020-11-04T21:44:33.176+0300][187,106s][info][gc] GC(1310) Pause Final Update Refs 0,146ms
[2020-11-04T21:44:33.176+0300][187,106s][info][gc] GC(1310) Concurrent cleanup 450M->288M(512M) 0,100ms
[2020-11-04T21:44:33.193+0300][187,123s][info][gc] Trigger: Average GC time (123,00 ms) is above the time for allocation rate (1062 MB/s) to deplete free headroom (127M)
[2020-11-04T21:44:33.194+0300][187,124s][info][gc] GC(1311) Concurrent reset 0,593ms
[2020-11-04T21:44:33.194+0300][187,124s][info][gc] GC(1311) Pause Init Mark (unload classes) 0,108ms
[2020-11-04T21:44:33.263+0300][187,193s][info][gc] GC(1311) Concurrent marking (unload classes) 68,400ms
[2020-11-04T21:44:33.264+0300][187,193s][info][gc] GC(1311) Pause Final Mark (unload classes) 0,379ms
[2020-11-04T21:44:33.264+0300][187,194s][info][gc] GC(1311) Concurrent weak roots 0,363ms
[2020-11-04T21:44:33.264+0300][187,194s][info][gc] GC(1311) Concurrent cleanup 353M->353M(512M) 0,036ms
[2020-11-04T21:44:33.265+0300][187,195s][info][gc] GC(1311) Concurrent class unloading 0,830ms
[2020-11-04T21:44:33.265+0300][187,195s][info][gc] GC(1311) Concurrent strong roots 0,129ms
[2020-11-04T21:44:33.269+0300][187,199s][info][gc] GC(1311) Concurrent evacuation 3,591ms
[2020-11-04T21:44:33.269+0300][187,199s][info][gc] GC(1311) Pause Init Update Refs 0,015ms
[2020-11-04T21:44:33.312+0300][187,242s][info][gc] GC(1311) Concurrent update references 42,627ms
[2020-11-04T21:44:33.312+0300][187,242s][info][gc] GC(1311) Pause Final Update Refs 0,147ms
[2020-11-04T21:44:33.312+0300][187,242s][info][gc] GC(1311) Concurrent cleanup 448M->310M(512M) 0,120ms
[2020-11-04T21:44:33.321+0300][187,251s][info][gc] Trigger: Average GC time (125,05 ms) is above the time for allocation rate (1048 MB/s) to deplete free headroom (127M)
[2020-11-04T21:44:33.322+0300][187,251s][info][gc] GC(1312) Concurrent reset 0,585ms
[2020-11-04T21:44:33.322+0300][187,252s][info][gc] GC(1312) Pause Init Mark (unload classes) 0,167ms
[2020-11-04T21:44:33.422+0300][187,352s][info][gc] GC(1312) Concurrent marking (unload classes) 99,935ms
[2020-11-04T21:44:33.423+0300][187,353s][info][gc] GC(1312) Pause Final Mark (unload classes) 0,393ms
[2020-11-04T21:44:33.423+0300][187,353s][info][gc] GC(1312) Concurrent weak roots 0,409ms
[2020-11-04T21:44:33.423+0300][187,353s][info][gc] GC(1312) Concurrent cleanup 354M->354M(512M) 0,041ms
[2020-11-04T21:44:33.424+0300][187,354s][info][gc] GC(1312) Concurrent class unloading 1,165ms
[2020-11-04T21:44:33.425+0300][187,354s][info][gc] GC(1312) Concurrent strong roots 0,101ms
[2020-11-04T21:44:33.428+0300][187,358s][info][gc] GC(1312) Concurrent evacuation 3,313ms
[2020-11-04T21:44:33.428+0300][187,358s][info][gc] GC(1312) Pause Init Update Refs 0,014ms
[2020-11-04T21:44:33.469+0300][187,399s][info][gc] GC(1312) Concurrent update references 40,873ms
[2020-11-04T21:44:33.470+0300][187,399s][info][gc] GC(1312) Pause Final Update Refs 0,170ms
[2020-11-04T21:44:33.470+0300][187,400s][info][gc] GC(1312) Concurrent cleanup 418M->285M(512M) 0,113ms
[2020-11-04T21:44:33.494+0300][187,424s][info][gc] Trigger: Average GC time (134,06 ms) is above the time for allocation rate (845 MB/s) to deplete free headroom (110M)
[2020-11-04T21:44:33.495+0300][187,425s][info][gc] GC(1313) Concurrent reset 0,588ms
[2020-11-04T21:44:33.495+0300][187,425s][info][gc] GC(1313) Pause Init Mark (unload classes) 0,175ms
[2020-11-04T21:44:33.595+0300][187,525s][info][gc] GC(1313) Concurrent marking (unload classes) 99,453ms
[2020-11-04T21:44:33.596+0300][187,526s][info][gc] GC(1313) Pause Final Mark (unload classes) 0,430ms
[2020-11-04T21:44:33.596+0300][187,526s][info][gc] GC(1313) Concurrent weak roots 0,464ms
[2020-11-04T21:44:33.596+0300][187,526s][info][gc] GC(1313) Concurrent cleanup 370M->370M(512M) 0,054ms
[2020-11-04T21:44:33.598+0300][187,527s][info][gc] GC(1313) Concurrent class unloading 1,188ms
[2020-11-04T21:44:33.598+0300][187,528s][info][gc] GC(1313) Concurrent strong roots 0,102ms
[2020-11-04T21:44:33.601+0300][187,531s][info][gc] GC(1313) Concurrent evacuation 3,745ms
[2020-11-04T21:44:33.602+0300][187,532s][info][gc] GC(1313) Pause Init Update Refs 0,027ms
[2020-11-04T21:44:33.644+0300][187,574s][info][gc] GC(1313) Concurrent update references 42,088ms
[2020-11-04T21:44:33.644+0300][187,574s][info][gc] GC(1313) Pause Final Update Refs 0,168ms
[2020-11-04T21:44:33.645+0300][187,574s][info][gc] GC(1313) Concurrent cleanup 435M->287M(512M) 0,113ms
[2020-11-04T21:44:33.668+0300][187,598s][info][gc] Trigger: Average GC time (137,92 ms) is above the time for allocation rate (819 MB/s) to deplete free headroom (110M)
[2020-11-04T21:44:33.669+0300][187,599s][info][gc] GC(1314) Concurrent reset 0,623ms
[2020-11-04T21:44:33.669+0300][187,599s][info][gc] GC(1314) Pause Init Mark (unload classes) 0,125ms
[2020-11-04T21:44:33.743+0300][187,673s][info][gc] GC(1314) Concurrent marking (unload classes) 73,733ms
[2020-11-04T21:44:33.744+0300][187,673s][info][gc] GC(1314) Pause Final Mark (unload classes) 0,469ms
[2020-11-04T21:44:33.744+0300][187,674s][info][gc] GC(1314) Concurrent weak roots 0,428ms
[2020-11-04T21:44:33.744+0300][187,674s][info][gc] GC(1314) Concurrent cleanup 367M->367M(512M) 0,027ms
[2020-11-04T21:44:33.745+0300][187,675s][info][gc] GC(1314) Concurrent class unloading 0,818ms
[2020-11-04T21:44:33.745+0300][187,675s][info][gc] GC(1314) Concurrent strong roots 0,043ms
[2020-11-04T21:44:33.749+0300][187,678s][info][gc] GC(1314) Concurrent evacuation 3,530ms
[2020-11-04T21:44:33.749+0300][187,679s][info][gc] GC(1314) Pause Init Update Refs 0,027ms
[2020-11-04T21:44:33.786+0300][187,716s][info][gc] GC(1314) Concurrent update references 37,359ms
[2020-11-04T21:44:33.787+0300][187,717s][info][gc] GC(1314) Pause Final Update Refs 0,154ms
[2020-11-04T21:44:33.787+0300][187,717s][info][gc] GC(1314) Concurrent cleanup 456M->313M(512M) 0,076ms
[2020-11-04T21:44:33.796+0300][187,725s][info][gc] Trigger: Average GC time (130,02 ms) is above the time for allocation rate (975 MB/s) to deplete free headroom (124M)
[2020-11-04T21:44:33.796+0300][187,726s][info][gc] GC(1315) Concurrent reset 0,617ms
[2020-11-04T21:44:33.797+0300][187,726s][info][gc] GC(1315) Pause Init Mark (process weakrefs) (unload classes) 0,110ms
[2020-11-04T21:44:33.872+0300][187,802s][info][gc] GC(1315) Concurrent marking (process weakrefs) (unload classes) 75,159ms
[2020-11-04T21:44:33.872+0300][187,802s][info][gc] GC(1315) Concurrent precleaning 0,156ms
[2020-11-04T21:44:33.873+0300][187,803s][info][gc] GC(1315) Pause Final Mark (process weakrefs) (unload classes) 0,476ms
[2020-11-04T21:44:33.873+0300][187,803s][info][gc] GC(1315) Concurrent weak roots 0,427ms
[2020-11-04T21:44:33.873+0300][187,803s][info][gc] GC(1315) Concurrent cleanup 354M->354M(512M) 0,032ms
[2020-11-04T21:44:33.874+0300][187,804s][info][gc] GC(1315) Concurrent class unloading 0,874ms
[2020-11-04T21:44:33.874+0300][187,804s][info][gc] GC(1315) Concurrent strong roots 0,139ms
[2020-11-04T21:44:33.877+0300][187,807s][info][gc] GC(1315) Concurrent evacuation 3,058ms
[2020-11-04T21:44:33.878+0300][187,808s][info][gc] GC(1315) Pause Init Update Refs 0,017ms
[2020-11-04T21:44:33.916+0300][187,845s][info][gc] GC(1315) Concurrent update references 37,728ms
[2020-11-04T21:44:33.916+0300][187,846s][info][gc] GC(1315) Pause Final Update Refs 0,169ms
[2020-11-04T21:44:33.916+0300][187,846s][info][gc] GC(1315) Concurrent cleanup 443M->319M(512M) 0,093ms
[2020-11-04T21:44:33.924+0300][187,854s][info][gc] Trigger: Average GC time (131,58 ms) is above the time for allocation rate (959 MB/s) to deplete free headroom (121M)
[2020-11-04T21:44:33.925+0300][187,854s][info][gc] GC(1316) Concurrent reset 0,611ms
[2020-11-04T21:44:33.925+0300][187,855s][info][gc] GC(1316) Pause Init Mark (unload classes) 0,093ms
[2020-11-04T21:44:34.021+0300][187,951s][info][gc] GC(1316) Concurrent marking (unload classes) 95,631ms
[2020-11-04T21:44:34.021+0300][187,951s][info][gc] GC(1316) Pause Final Mark (unload classes) 0,437ms
[2020-11-04T21:44:34.022+0300][187,952s][info][gc] GC(1316) Concurrent weak roots 0,365ms
[2020-11-04T21:44:34.022+0300][187,952s][info][gc] GC(1316) Concurrent cleanup 358M->358M(512M) 0,026ms
[2020-11-04T21:44:34.023+0300][187,953s][info][gc] GC(1316) Concurrent class unloading 0,826ms
[2020-11-04T21:44:34.023+0300][187,953s][info][gc] GC(1316) Concurrent strong roots 0,056ms
[2020-11-04T21:44:34.026+0300][187,956s][info][gc] GC(1316) Concurrent evacuation 3,216ms
[2020-11-04T21:44:34.026+0300][187,956s][info][gc] GC(1316) Pause Init Update Refs 0,014ms
[2020-11-04T21:44:34.065+0300][187,995s][info][gc] GC(1316) Concurrent update references 38,781ms
[2020-11-04T21:44:34.066+0300][187,995s][info][gc] GC(1316) Pause Final Update Refs 0,144ms
[2020-11-04T21:44:34.066+0300][187,996s][info][gc] GC(1316) Concurrent cleanup 444M->320M(512M) 0,108ms
[2020-11-04T21:44:34.075+0300][188,005s][info][gc] Trigger: Average GC time (136,20 ms) is above the time for allocation rate (841 MB/s) to deplete free headroom (114M)
[2020-11-04T21:44:34.076+0300][188,006s][info][gc] GC(1317) Concurrent reset 0,584ms
[2020-11-04T21:44:34.077+0300][188,006s][info][gc] GC(1317) Pause Init Mark (unload classes) 0,123ms
[2020-11-04T21:44:34.154+0300][188,084s][info][gc] GC(1317) Concurrent marking (unload classes) 77,370ms
[2020-11-04T21:44:34.155+0300][188,084s][info][gc] GC(1317) Pause Final Mark (unload classes) 0,372ms
[2020-11-04T21:44:34.155+0300][188,085s][info][gc] GC(1317) Concurrent weak roots 0,407ms
[2020-11-04T21:44:34.155+0300][188,085s][info][gc] GC(1317) Concurrent cleanup 364M->364M(512M) 0,035ms
[2020-11-04T21:44:34.156+0300][188,086s][info][gc] GC(1317) Concurrent class unloading 0,973ms
[2020-11-04T21:44:34.156+0300][188,086s][info][gc] GC(1317) Concurrent strong roots 0,164ms
[2020-11-04T21:44:34.160+0300][188,090s][info][gc] GC(1317) Concurrent evacuation 3,465ms
[2020-11-04T21:44:34.160+0300][188,090s][info][gc] GC(1317) Pause Init Update Refs 0,014ms
[2020-11-04T21:44:34.200+0300][188,130s][info][gc] GC(1317) Concurrent update references 39,777ms
[2020-11-04T21:44:34.201+0300][188,130s][info][gc] GC(1317) Pause Final Update Refs 0,215ms
[2020-11-04T21:44:34.201+0300][188,131s][info][gc] GC(1317) Concurrent cleanup 453M->325M(512M) 0,104ms
[2020-11-04T21:44:34.207+0300][188,137s][info][gc] Trigger: Average GC time (131,48 ms) is above the time for allocation rate (913 MB/s) to deplete free headroom (117M)
[2020-11-04T21:44:34.208+0300][188,138s][info][gc] GC(1318) Concurrent reset 0,589ms
[2020-11-04T21:44:34.208+0300][188,138s][info][gc] GC(1318) Pause Init Mark (unload classes) 0,122ms
[2020-11-04T21:44:34.306+0300][188,236s][info][gc] GC(1318) Concurrent marking (unload classes) 97,448ms
[2020-11-04T21:44:34.307+0300][188,237s][info][gc] GC(1318) Pause Final Mark (unload classes) 0,826ms
[2020-11-04T21:44:34.308+0300][188,237s][info][gc] GC(1318) Concurrent weak roots 0,505ms
[2020-11-04T21:44:34.308+0300][188,237s][info][gc] GC(1318) Concurrent cleanup 362M->363M(512M) 0,034ms
[2020-11-04T21:44:34.309+0300][188,238s][info][gc] GC(1318) Concurrent class unloading 1,049ms
[2020-11-04T21:44:34.309+0300][188,239s][info][gc] GC(1318) Concurrent strong roots 0,098ms
[2020-11-04T21:44:34.313+0300][188,243s][info][gc] GC(1318) Concurrent evacuation 3,969ms
[2020-11-04T21:44:34.313+0300][188,243s][info][gc] GC(1318) Pause Init Update Refs 0,013ms
[2020-11-04T21:44:34.357+0300][188,287s][info][gc] GC(1318) Concurrent update references 43,979ms
[2020-11-04T21:44:34.358+0300][188,288s][info][gc] GC(1318) Pause Final Update Refs 0,274ms
[2020-11-04T21:44:34.358+0300][188,288s][info][gc] GC(1318) Concurrent cleanup 441M->321M(512M) 0,068ms
[2020-11-04T21:44:34.372+0300][188,302s][info][gc] Trigger: Average GC time (131,54 ms) is above the time for allocation rate (803 MB/s) to deplete free headroom (102M)
[2020-11-04T21:44:34.372+0300][188,302s][info][gc] GC(1319) Concurrent reset 0,610ms
[2020-11-04T21:44:34.373+0300][188,303s][info][gc] GC(1319) Pause Init Mark (unload classes) 0,147ms
[2020-11-04T21:44:34.485+0300][188,415s][info][gc] GC(1319) Concurrent marking (unload classes) 112,005ms
[2020-11-04T21:44:34.486+0300][188,416s][info][gc] GC(1319) Pause Final Mark (unload classes) 0,476ms
[2020-11-04T21:44:34.486+0300][188,416s][info][gc] GC(1319) Concurrent weak roots 0,422ms
[2020-11-04T21:44:34.486+0300][188,416s][info][gc] GC(1319) Concurrent cleanup 376M->376M(512M) 0,058ms
[2020-11-04T21:44:34.487+0300][188,417s][info][gc] GC(1319) Concurrent class unloading 0,929ms
[2020-11-04T21:44:34.487+0300][188,417s][info][gc] GC(1319) Concurrent strong roots 0,087ms
[2020-11-04T21:44:34.491+0300][188,421s][info][gc] GC(1319) Concurrent evacuation 3,986ms
[2020-11-04T21:44:34.492+0300][188,422s][info][gc] GC(1319) Pause Init Update Refs 0,025ms
[2020-11-04T21:44:34.533+0300][188,463s][info][gc] GC(1319) Concurrent update references 41,588ms
[2020-11-04T21:44:34.534+0300][188,464s][info][gc] GC(1319) Pause Final Update Refs 0,300ms
[2020-11-04T21:44:34.534+0300][188,464s][info][gc] GC(1319) Concurrent cleanup 469M->337M(512M) 0,094ms
[2020-11-04T21:44:34.542+0300][188,471s][info][gc] Trigger: Average GC time (140,24 ms) is above the time for allocation rate (749 MB/s) to deplete free headroom (103M)
[2020-11-04T21:44:34.542+0300][188,472s][info][gc] GC(1320) Concurrent reset 0,608ms
[2020-11-04T21:44:34.543+0300][188,473s][info][gc] GC(1320) Pause Init Mark (process weakrefs) (unload classes) 0,162ms
[2020-11-04T21:44:34.636+0300][188,566s][info][gc] GC(1320) Concurrent marking (process weakrefs) (unload classes) 93,591ms
[2020-11-04T21:44:34.637+0300][188,567s][info][gc] GC(1320) Concurrent precleaning 0,205ms
[2020-11-04T21:44:34.638+0300][188,568s][info][gc] GC(1320) Pause Final Mark (process weakrefs) (unload classes) 0,820ms
[2020-11-04T21:44:34.638+0300][188,568s][info][gc] GC(1320) Concurrent weak roots 0,550ms
[2020-11-04T21:44:34.638+0300][188,568s][info][gc] GC(1320) Concurrent cleanup 374M->374M(512M) 0,035ms
[2020-11-04T21:44:34.639+0300][188,569s][info][gc] GC(1320) Concurrent class unloading 0,951ms
[2020-11-04T21:44:34.640+0300][188,569s][info][gc] GC(1320) Concurrent strong roots 0,061ms
[2020-11-04T21:44:34.643+0300][188,573s][info][gc] GC(1320) Concurrent evacuation 3,529ms
[2020-11-04T21:44:34.643+0300][188,573s][info][gc] GC(1320) Pause Init Update Refs 0,027ms
[2020-11-04T21:44:34.686+0300][188,616s][info][gc] GC(1320) Concurrent update references 43,023ms
[2020-11-04T21:44:34.687+0300][188,617s][info][gc] GC(1320) Pause Final Update Refs 0,193ms
[2020-11-04T21:44:34.687+0300][188,617s][info][gc] GC(1320) Concurrent cleanup 469M->342M(512M) 0,062ms
[2020-11-04T21:44:34.689+0300][188,619s][info][gc] Trigger: Average GC time (145,17 ms) is above the time for allocation rate (774 MB/s) to deplete free headroom (112M)
[2020-11-04T21:44:34.690+0300][188,620s][info][gc] GC(1321) Concurrent reset 0,413ms
[2020-11-04T21:44:34.690+0300][188,620s][info][gc] GC(1321) Pause Init Mark (unload classes) 0,226ms
[2020-11-04T21:44:34.779+0300][188,709s][info][gc] GC(1321) Concurrent marking (unload classes) 88,519ms
[2020-11-04T21:44:34.780+0300][188,710s][info][gc] GC(1321) Pause Final Mark (unload classes) 0,669ms
[2020-11-04T21:44:34.780+0300][188,710s][info][gc] GC(1321) Concurrent weak roots 0,357ms
[2020-11-04T21:44:34.780+0300][188,710s][info][gc] GC(1321) Concurrent cleanup 366M->366M(512M) 0,046ms
[2020-11-04T21:44:34.781+0300][188,711s][info][gc] GC(1321) Concurrent class unloading 1,007ms
[2020-11-04T21:44:34.782+0300][188,711s][info][gc] GC(1321) Concurrent strong roots 0,144ms
[2020-11-04T21:44:34.784+0300][188,714s][info][gc] GC(1321) Concurrent evacuation 2,931ms
[2020-11-04T21:44:34.785+0300][188,715s][info][gc] GC(1321) Pause Init Update Refs 0,012ms
[2020-11-04T21:44:34.828+0300][188,757s][info][gc] GC(1321) Concurrent update references 42,864ms
[2020-11-04T21:44:34.828+0300][188,758s][info][gc] GC(1321) Pause Final Update Refs 0,134ms
[2020-11-04T21:44:34.828+0300][188,758s][info][gc] GC(1321) Concurrent cleanup 462M->348M(512M) 0,096ms
[2020-11-04T21:44:34.829+0300][188,759s][info][gc] Trigger: Average GC time (144,55 ms) is above the time for allocation rate (811 MB/s) to deplete free headroom (109M)
[2020-11-04T21:44:34.830+0300][188,760s][info][gc] GC(1322) Concurrent reset 0,437ms
[2020-11-04T21:44:34.830+0300][188,760s][info][gc] GC(1322) Pause Init Mark (unload classes) 0,121ms
[2020-11-04T21:44:34.927+0300][188,857s][info][gc] GC(1322) Concurrent marking (unload classes) 97,080ms
[2020-11-04T21:44:34.928+0300][188,858s][info][gc] GC(1322) Pause Final Mark (unload classes) 0,745ms
[2020-11-04T21:44:34.929+0300][188,859s][info][gc] GC(1322) Concurrent weak roots 0,420ms
[2020-11-04T21:44:34.929+0300][188,859s][info][gc] GC(1322) Concurrent cleanup 369M->369M(512M) 0,030ms
[2020-11-04T21:44:34.930+0300][188,860s][info][gc] GC(1322) Concurrent class unloading 0,927ms
[2020-11-04T21:44:34.930+0300][188,860s][info][gc] GC(1322) Concurrent strong roots 0,131ms
[2020-11-04T21:44:34.934+0300][188,864s][info][gc] GC(1322) Concurrent evacuation 3,784ms
[2020-11-04T21:44:34.934+0300][188,864s][info][gc] GC(1322) Pause Init Update Refs 0,034ms
[2020-11-04T21:44:34.977+0300][188,907s][info][gc] GC(1322) Concurrent update references 42,783ms
[2020-11-04T21:44:34.978+0300][188,907s][info][gc] GC(1322) Pause Final Update Refs 0,344ms
[2020-11-04T21:44:34.978+0300][188,908s][info][gc] GC(1322) Concurrent cleanup 470M->355M(512M) 0,083ms
[2020-11-04T21:44:34.979+0300][188,909s][info][gc] Trigger: Average GC time (149,18 ms) is above the time for allocation rate (789 MB/s) to deplete free headroom (101M)
[2020-11-04T21:44:34.979+0300][188,909s][info][gc] GC(1323) Concurrent reset 0,461ms
[2020-11-04T21:44:34.980+0300][188,910s][info][gc] GC(1323) Pause Init Mark (unload classes) 0,160ms
[2020-11-04T21:44:35.093+0300][189,023s][info][gc] GC(1323) Concurrent marking (unload classes) 113,231ms
[2020-11-04T21:44:35.094+0300][189,024s][info][gc] GC(1323) Pause Final Mark (unload classes) 0,698ms
[2020-11-04T21:44:35.095+0300][189,024s][info][gc] GC(1323) Concurrent weak roots 0,508ms
[2020-11-04T21:44:35.095+0300][189,024s][info][gc] GC(1323) Concurrent cleanup 376M->376M(512M) 0,039ms
[2020-11-04T21:44:35.096+0300][189,025s][info][gc] GC(1323) Concurrent class unloading 0,965ms
[2020-11-04T21:44:35.096+0300][189,026s][info][gc] GC(1323) Concurrent strong roots 0,058ms
[2020-11-04T21:44:35.099+0300][189,029s][info][gc] GC(1323) Concurrent evacuation 3,015ms
[2020-11-04T21:44:35.099+0300][189,029s][info][gc] GC(1323) Pause Init Update Refs 0,014ms
[2020-11-04T21:44:35.154+0300][189,084s][info][gc] GC(1323) Concurrent update references 55,247ms
[2020-11-04T21:44:35.155+0300][189,085s][info][gc] GC(1323) Pause Final Update Refs 0,335ms
[2020-11-04T21:44:35.155+0300][189,085s][info][gc] GC(1323) Concurrent cleanup 479M->361M(512M) 0,097ms
[2020-11-04T21:44:35.156+0300][189,086s][info][gc] Trigger: Average GC time (154,31 ms) is above the time for allocation rate (661 MB/s) to deplete free headroom (101146K)
[2020-11-04T21:44:35.157+0300][189,087s][info][gc] GC(1324) Concurrent reset 0,381ms
[2020-11-04T21:44:35.157+0300][189,087s][info][gc] GC(1324) Pause Init Mark (unload classes) 0,138ms
[2020-11-04T21:44:35.274+0300][189,204s][info][gc] GC(1324) Concurrent marking (unload classes) 117,150ms
[2020-11-04T21:44:35.275+0300][189,205s][info][gc] GC(1324) Pause Final Mark (unload classes) 0,556ms
[2020-11-04T21:44:35.276+0300][189,206s][info][gc] GC(1324) Concurrent weak roots 0,566ms
[2020-11-04T21:44:35.276+0300][189,206s][info][gc] GC(1324) Concurrent cleanup 378M->378M(512M) 0,037ms
[2020-11-04T21:44:35.277+0300][189,207s][info][gc] GC(1324) Concurrent class unloading 1,033ms
[2020-11-04T21:44:35.277+0300][189,207s][info][gc] GC(1324) Concurrent strong roots 0,113ms
[2020-11-04T21:44:35.282+0300][189,212s][info][gc] GC(1324) Concurrent evacuation 4,667ms
[2020-11-04T21:44:35.282+0300][189,212s][info][gc] GC(1324) Pause Init Update Refs 0,014ms
[2020-11-04T21:44:35.327+0300][189,257s][info][gc] GC(1324) Concurrent update references 44,669ms
[2020-11-04T21:44:35.327+0300][189,257s][info][gc] GC(1324) Pause Final Update Refs 0,317ms
[2020-11-04T21:44:35.328+0300][189,257s][info][gc] GC(1324) Concurrent cleanup 479M->361M(512M) 0,093ms
[2020-11-04T21:44:35.329+0300][189,259s][info][gc] Trigger: Average GC time (156,07 ms) is above the time for allocation rate (680 MB/s) to deplete free headroom (98074K)
[2020-11-04T21:44:35.329+0300][189,259s][info][gc] GC(1325) Concurrent reset 0,390ms
[2020-11-04T21:44:35.330+0300][189,260s][info][gc] GC(1325) Pause Init Mark (process weakrefs) (unload classes) 0,293ms
[2020-11-04T21:44:35.425+0300][189,355s][info][gc] GC(1325) Concurrent marking (process weakrefs) (unload classes) 95,595ms
[2020-11-04T21:44:35.426+0300][189,355s][info][gc] GC(1325) Concurrent precleaning 0,165ms
[2020-11-04T21:44:35.427+0300][189,356s][info][gc] GC(1325) Pause Final Mark (process weakrefs) (unload classes) 0,804ms
[2020-11-04T21:44:35.427+0300][189,357s][info][gc] GC(1325) Concurrent weak roots 0,413ms
[2020-11-04T21:44:35.427+0300][189,357s][info][gc] GC(1325) Concurrent cleanup 381M->381M(512M) 0,037ms
[2020-11-04T21:44:35.428+0300][189,358s][info][gc] GC(1325) Concurrent class unloading 0,955ms
[2020-11-04T21:44:35.428+0300][189,358s][info][gc] GC(1325) Concurrent strong roots 0,053ms
[2020-11-04T21:44:35.431+0300][189,361s][info][gc] GC(1325) Concurrent evacuation 2,866ms
[2020-11-04T21:44:35.431+0300][189,361s][info][gc] GC(1325) Pause Init Update Refs 0,016ms
[2020-11-04T21:44:35.477+0300][189,407s][info][gc] GC(1325) Concurrent update references 45,144ms
[2020-11-04T21:44:35.477+0300][189,407s][info][gc] GC(1325) Pause Final Update Refs 0,141ms
[2020-11-04T21:44:35.477+0300][189,407s][info][gc] GC(1325) Concurrent cleanup 479M->362M(512M) 0,078ms
[2020-11-04T21:44:35.478+0300][189,408s][info][gc] Trigger: Average GC time (156,67 ms) is above the time for allocation rate (760 MB/s) to deplete free headroom (98074K)
[2020-11-04T21:44:35.479+0300][189,409s][info][gc] GC(1326) Concurrent reset 0,328ms
[2020-11-04T21:44:35.479+0300][189,409s][info][gc] GC(1326) Pause Init Mark (unload classes) 0,097ms
[2020-11-04T21:44:35.591+0300][189,521s][info][gc] GC(1326) Concurrent marking (unload classes) 112,261ms
[2020-11-04T21:44:35.592+0300][189,522s][info][gc] GC(1326) Pause Final Mark (unload classes) 0,417ms
[2020-11-04T21:44:35.593+0300][189,522s][info][gc] GC(1326) Concurrent weak roots 0,513ms
[2020-11-04T21:44:35.593+0300][189,522s][info][gc] GC(1326) Concurrent cleanup 381M->381M(512M) 0,040ms
[2020-11-04T21:44:35.594+0300][189,524s][info][gc] GC(1326) Concurrent class unloading 1,004ms
[2020-11-04T21:44:35.594+0300][189,524s][info][gc] GC(1326) Concurrent strong roots 0,139ms
[2020-11-04T21:44:35.597+0300][189,527s][info][gc] GC(1326) Concurrent evacuation 2,817ms
[2020-11-04T21:44:35.597+0300][189,527s][info][gc] GC(1326) Pause Init Update Refs 0,016ms
[2020-11-04T21:44:35.643+0300][189,573s][info][gc] GC(1326) Concurrent update references 45,733ms
[2020-11-04T21:44:35.643+0300][189,573s][info][gc] GC(1326) Pause Final Update Refs 0,210ms
[2020-11-04T21:44:35.644+0300][189,573s][info][gc] GC(1326) Concurrent cleanup 479M->365M(512M) 0,089ms
[2020-11-04T21:44:35.645+0300][189,575s][info][gc] Trigger: Average GC time (161,95 ms) is above the time for allocation rate (685 MB/s) to deplete free headroom (93978K)
[2020-11-04T21:44:35.645+0300][189,575s][info][gc] GC(1327) Concurrent reset 0,423ms
[2020-11-04T21:44:35.646+0300][189,576s][info][gc] GC(1327) Pause Init Mark (unload classes) 0,321ms
[2020-11-04T21:44:35.757+0300][189,686s][info][gc] GC(1327) Concurrent marking (unload classes) 110,832ms
[2020-11-04T21:44:35.758+0300][189,687s][info][gc] GC(1327) Pause Final Mark (unload classes) 0,731ms
[2020-11-04T21:44:35.758+0300][189,688s][info][gc] GC(1327) Concurrent weak roots 0,539ms
[2020-11-04T21:44:35.758+0300][189,688s][info][gc] GC(1327) Concurrent cleanup 385M->385M(512M) 0,038ms
[2020-11-04T21:44:35.759+0300][189,689s][info][gc] GC(1327) Concurrent class unloading 0,936ms
[2020-11-04T21:44:35.759+0300][189,689s][info][gc] GC(1327) Concurrent strong roots 0,064ms
[2020-11-04T21:44:35.762+0300][189,692s][info][gc] GC(1327) Concurrent evacuation 2,798ms
[2020-11-04T21:44:35.763+0300][189,692s][info][gc] GC(1327) Pause Init Update Refs 0,017ms
[2020-11-04T21:44:35.809+0300][189,739s][info][gc] GC(1327) Concurrent update references 46,494ms
[2020-11-04T21:44:35.810+0300][189,740s][info][gc] GC(1327) Pause Final Update Refs 0,305ms
[2020-11-04T21:44:35.810+0300][189,740s][info][gc] GC(1327) Concurrent cleanup 479M->364M(512M) 0,083ms
[2020-11-04T21:44:35.811+0300][189,741s][info][gc] Trigger: Average GC time (165,28 ms) is above the time for allocation rate (662 MB/s) to deplete free headroom (95514K)
[2020-11-04T21:44:35.811+0300][189,741s][info][gc] GC(1328) Concurrent reset 0,432ms
[2020-11-04T21:44:35.812+0300][189,742s][info][gc] GC(1328) Pause Init Mark (unload classes) 0,142ms
[2020-11-04T21:44:35.912+0300][189,842s][info][gc] GC(1328) Concurrent marking (unload classes) 100,185ms
[2020-11-04T21:44:35.913+0300][189,843s][info][gc] GC(1328) Pause Final Mark (unload classes) 0,652ms
[2020-11-04T21:44:35.914+0300][189,843s][info][gc] GC(1328) Concurrent weak roots 0,469ms
[2020-11-04T21:44:35.914+0300][189,843s][info][gc] GC(1328) Concurrent cleanup 383M->383M(512M) 0,038ms
[2020-11-04T21:44:35.914+0300][189,844s][info][gc] GC(1328) Concurrent class unloading 0,855ms
[2020-11-04T21:44:35.915+0300][189,844s][info][gc] GC(1328) Concurrent strong roots 0,055ms
[2020-11-04T21:44:35.917+0300][189,847s][info][gc] GC(1328) Concurrent evacuation 2,673ms
[2020-11-04T21:44:35.918+0300][189,847s][info][gc] GC(1328) Pause Init Update Refs 0,027ms
[2020-11-04T21:44:35.965+0300][189,895s][info][gc] GC(1328) Concurrent update references 47,466ms
[2020-11-04T21:44:35.966+0300][189,896s][info][gc] GC(1328) Pause Final Update Refs 0,332ms
[2020-11-04T21:44:35.966+0300][189,896s][info][gc] GC(1328) Concurrent cleanup 479M->370M(512M) 0,088ms
[2020-11-04T21:44:35.967+0300][189,897s][info][gc] Trigger: Average GC time (161,02 ms) is above the time for allocation rate (718 MB/s) to deplete free headroom (89370K)
[2020-11-04T21:44:35.968+0300][189,897s][info][gc] GC(1329) Concurrent reset 0,461ms
[2020-11-04T21:44:35.968+0300][189,898s][info][gc] GC(1329) Pause Init Mark (unload classes) 0,163ms
[2020-11-04T21:44:36.058+0300][189,987s][info][gc] GC(1329) Concurrent marking (unload classes) 89,435ms
[2020-11-04T21:44:36.059+0300][189,988s][info][gc] GC(1329) Pause Final Mark (unload classes) 0,754ms
[2020-11-04T21:44:36.059+0300][189,989s][info][gc] GC(1329) Concurrent weak roots 0,510ms
[2020-11-04T21:44:36.059+0300][189,989s][info][gc] GC(1329) Concurrent cleanup 388M->388M(512M) 0,038ms
[2020-11-04T21:44:36.060+0300][189,990s][info][gc] GC(1329) Concurrent class unloading 0,943ms
[2020-11-04T21:44:36.060+0300][189,990s][info][gc] GC(1329) Concurrent strong roots 0,069ms
[2020-11-04T21:44:36.063+0300][189,993s][info][gc] GC(1329) Concurrent evacuation 2,721ms
[2020-11-04T21:44:36.063+0300][189,993s][info][gc] GC(1329) Pause Init Update Refs 0,024ms
[2020-11-04T21:44:36.114+0300][190,043s][info][gc] GC(1329) Concurrent update references 50,013ms
[2020-11-04T21:44:36.114+0300][190,044s][info][gc] GC(1329) Pause Final Update Refs 0,306ms
[2020-11-04T21:44:36.114+0300][190,044s][info][gc] GC(1329) Concurrent cleanup 479M->367M(512M) 0,087ms
[2020-11-04T21:44:36.115+0300][190,045s][info][gc] Trigger: Average GC time (156,19 ms) is above the time for allocation rate (720 MB/s) to deplete free headroom (91930K)
[2020-11-04T21:44:36.116+0300][190,046s][info][gc] GC(1330) Concurrent reset 0,428ms
[2020-11-04T21:44:36.116+0300][190,046s][info][gc] GC(1330) Pause Init Mark (process weakrefs) (unload classes) 0,240ms
[2020-11-04T21:44:36.215+0300][190,144s][info][gc] GC(1330) Concurrent marking (process weakrefs) (unload classes) 98,231ms
[2020-11-04T21:44:36.215+0300][190,145s][info][gc] GC(1330) Concurrent precleaning 0,188ms
[2020-11-04T21:44:36.216+0300][190,145s][info][gc] GC(1330) Pause Final Mark (process weakrefs) (unload classes) 0,624ms
[2020-11-04T21:44:36.216+0300][190,146s][info][gc] GC(1330) Concurrent weak roots 0,502ms
[2020-11-04T21:44:36.216+0300][190,146s][info][gc] GC(1330) Concurrent cleanup 386M->386M(512M) 0,033ms
[2020-11-04T21:44:36.217+0300][190,147s][info][gc] GC(1330) Concurrent class unloading 0,880ms
[2020-11-04T21:44:36.217+0300][190,147s][info][gc] GC(1330) Concurrent strong roots 0,054ms
[2020-11-04T21:44:36.220+0300][190,150s][info][gc] GC(1330) Concurrent evacuation 2,559ms
[2020-11-04T21:44:36.220+0300][190,150s][info][gc] GC(1330) Pause Init Update Refs 0,013ms
[2020-11-04T21:44:36.270+0300][190,200s][info][gc] GC(1330) Concurrent update references 50,054ms
[2020-11-04T21:44:36.271+0300][190,201s][info][gc] GC(1330) Pause Final Update Refs 0,122ms
[2020-11-04T21:44:36.271+0300][190,201s][info][gc] GC(1330) Concurrent cleanup 479M->372M(512M) 0,091ms
[2020-11-04T21:44:36.272+0300][190,202s][info][gc] Trigger: Average GC time (157,61 ms) is above the time for allocation rate (692 MB/s) to deplete free headroom (87066K)
[2020-11-04T21:44:36.272+0300][190,202s][info][gc] GC(1331) Concurrent reset 0,420ms
[2020-11-04T21:44:36.273+0300][190,203s][info][gc] GC(1331) Pause Init Mark (unload classes) 0,127ms
[2020-11-04T21:44:36.380+0300][190,310s][info][gc] GC(1331) Concurrent marking (unload classes) 107,498ms
[2020-11-04T21:44:36.381+0300][190,311s][info][gc] GC(1331) Pause Final Mark (unload classes) 0,452ms
[2020-11-04T21:44:36.382+0300][190,312s][info][gc] GC(1331) Concurrent weak roots 0,452ms
[2020-11-04T21:44:36.382+0300][190,312s][info][gc] GC(1331) Concurrent cleanup 391M->391M(512M) 0,029ms
[2020-11-04T21:44:36.383+0300][190,312s][info][gc] GC(1331) Concurrent class unloading 0,877ms
[2020-11-04T21:44:36.383+0300][190,313s][info][gc] GC(1331) Concurrent strong roots 0,093ms
[2020-11-04T21:44:36.386+0300][190,316s][info][gc] GC(1331) Concurrent evacuation 3,647ms
[2020-11-04T21:44:36.387+0300][190,317s][info][gc] GC(1331) Pause Init Update Refs 0,024ms
[2020-11-04T21:44:36.436+0300][190,366s][info][gc] GC(1331) Concurrent update references 49,218ms
[2020-11-04T21:44:36.436+0300][190,366s][info][gc] GC(1331) Pause Final Update Refs 0,136ms
[2020-11-04T21:44:36.437+0300][190,366s][info][gc] GC(1331) Concurrent cleanup 480M->371M(512M) 0,088ms
[2020-11-04T21:44:36.438+0300][190,367s][info][gc] Trigger: Average GC time (157,47 ms) is above the time for allocation rate (625 MB/s) to deplete free headroom (88602K)
[2020-11-04T21:44:36.438+0300][190,368s][info][gc] GC(1332) Concurrent reset 0,396ms
[2020-11-04T21:44:36.438+0300][190,368s][info][gc] GC(1332) Pause Init Mark (unload classes) 0,125ms
[2020-11-04T21:44:36.535+0300][190,465s][info][gc] GC(1332) Concurrent marking (unload classes) 96,836ms
[2020-11-04T21:44:36.536+0300][190,466s][info][gc] GC(1332) Pause Final Mark (unload classes) 0,441ms
[2020-11-04T21:44:36.537+0300][190,466s][info][gc] GC(1332) Concurrent weak roots 0,462ms
[2020-11-04T21:44:36.537+0300][190,466s][info][gc] GC(1332) Concurrent cleanup 389M->389M(512M) 0,038ms
[2020-11-04T21:44:36.538+0300][190,467s][info][gc] GC(1332) Concurrent class unloading 0,901ms
[2020-11-04T21:44:36.538+0300][190,467s][info][gc] GC(1332) Concurrent strong roots 0,054ms
[2020-11-04T21:44:36.541+0300][190,470s][info][gc] GC(1332) Concurrent evacuation 2,849ms
[2020-11-04T21:44:36.541+0300][190,471s][info][gc] GC(1332) Pause Init Update Refs 0,022ms
[2020-11-04T21:44:36.591+0300][190,521s][info][gc] GC(1332) Concurrent update references 50,075ms
[2020-11-04T21:44:36.592+0300][190,522s][info][gc] GC(1332) Pause Final Update Refs 0,354ms
[2020-11-04T21:44:36.592+0300][190,522s][info][gc] GC(1332) Concurrent cleanup 475M->371M(512M) 0,090ms
[2020-11-04T21:44:36.593+0300][190,523s][info][gc] Trigger: Average GC time (155,28 ms) is above the time for allocation rate (647 MB/s) to deplete free headroom (88602K)
[2020-11-04T21:44:36.594+0300][190,523s][info][gc] GC(1333) Concurrent reset 0,497ms
[2020-11-04T21:44:36.594+0300][190,524s][info][gc] GC(1333) Pause Init Mark (unload classes) 0,167ms
[2020-11-04T21:44:36.653+0300][190,583s][info][gc] GC(1333) Concurrent marking (unload classes) 58,723ms
[2020-11-04T21:44:36.654+0300][190,584s][info][gc] GC(1333) Pause Final Mark (unload classes) 0,761ms
[2020-11-04T21:44:36.654+0300][190,584s][info][gc] GC(1333) Concurrent weak roots 0,448ms
[2020-11-04T21:44:36.654+0300][190,584s][info][gc] GC(1333) Concurrent cleanup 388M->384M(512M) 0,039ms
[2020-11-04T21:44:36.655+0300][190,585s][info][gc] GC(1333) Concurrent class unloading 0,861ms
[2020-11-04T21:44:36.655+0300][190,585s][info][gc] GC(1333) Concurrent strong roots 0,092ms
[2020-11-04T21:44:36.657+0300][190,587s][info][gc] GC(1333) Concurrent evacuation 1,848ms
[2020-11-04T21:44:36.658+0300][190,587s][info][gc] GC(1333) Pause Init Update Refs 0,035ms
[2020-11-04T21:44:36.686+0300][190,616s][info][gc] GC(1333) Concurrent update references 28,078ms
[2020-11-04T21:44:36.686+0300][190,616s][info][gc] GC(1333) Pause Final Update Refs 0,380ms
[2020-11-04T21:44:36.687+0300][190,616s][info][gc] GC(1333) Concurrent cleanup 450M->253M(512M) 0,112ms
[2020-11-04T21:44:36.705+0300][190,635s][info][gc] Trigger: Average GC time (143,01 ms) is above the time for allocation rate (1122 MB/s) to deplete free headroom (159M)
[2020-11-04T21:44:36.706+0300][190,635s][info][gc] GC(1334) Concurrent reset 0,707ms
[2020-11-04T21:44:36.706+0300][190,636s][info][gc] GC(1334) Pause Init Mark (unload classes) 0,203ms
[2020-11-04T21:44:36.808+0300][190,738s][info][gc] GC(1334) Concurrent marking (unload classes) 102,237ms
[2020-11-04T21:44:36.809+0300][190,739s][info][gc] GC(1334) Pause Final Mark (unload classes) 0,722ms
[2020-11-04T21:44:36.810+0300][190,740s][info][gc] GC(1334) Concurrent weak roots 0,494ms
[2020-11-04T21:44:36.810+0300][190,740s][info][gc] GC(1334) Concurrent cleanup 326M->326M(512M) 0,041ms
[2020-11-04T21:44:36.811+0300][190,741s][info][gc] GC(1334) Concurrent class unloading 1,057ms
[2020-11-04T21:44:36.811+0300][190,741s][info][gc] GC(1334) Concurrent strong roots 0,084ms
[2020-11-04T21:44:36.814+0300][190,744s][info][gc] GC(1334) Concurrent evacuation 3,057ms
[2020-11-04T21:44:36.814+0300][190,744s][info][gc] GC(1334) Pause Init Update Refs 0,018ms
[2020-11-04T21:44:36.845+0300][190,775s][info][gc] GC(1334) Concurrent update references 30,882ms
[2020-11-04T21:44:36.846+0300][190,776s][info][gc] GC(1334) Pause Final Update Refs 0,316ms
[2020-11-04T21:44:36.846+0300][190,776s][info][gc] GC(1334) Concurrent cleanup 399M->273M(512M) 0,103ms
[2020-11-04T21:44:36.867+0300][190,797s][info][gc] Trigger: Average GC time (141,87 ms) is above the time for allocation rate (927 MB/s) to deplete free headroom (130M)
[2020-11-04T21:44:36.868+0300][190,798s][info][gc] GC(1335) Concurrent reset 0,622ms
[2020-11-04T21:44:36.868+0300][190,798s][info][gc] GC(1335) Pause Init Mark (process weakrefs) (unload classes) 0,130ms
[2020-11-04T21:44:36.937+0300][190,867s][info][gc] GC(1335) Concurrent marking (process weakrefs) (unload classes) 68,413ms
[2020-11-04T21:44:36.937+0300][190,867s][info][gc] GC(1335) Concurrent precleaning 0,207ms
[2020-11-04T21:44:36.938+0300][190,868s][info][gc] GC(1335) Pause Final Mark (process weakrefs) (unload classes) 0,783ms
[2020-11-04T21:44:36.939+0300][190,869s][info][gc] GC(1335) Concurrent weak roots 0,468ms
[2020-11-04T21:44:36.939+0300][190,869s][info][gc] GC(1335) Concurrent cleanup 349M->349M(512M) 0,033ms
[2020-11-04T21:44:36.940+0300][190,870s][info][gc] GC(1335) Concurrent class unloading 0,970ms
[2020-11-04T21:44:36.940+0300][190,870s][info][gc] GC(1335) Concurrent strong roots 0,118ms
[2020-11-04T21:44:36.944+0300][190,874s][info][gc] GC(1335) Concurrent evacuation 3,680ms
[2020-11-04T21:44:36.944+0300][190,874s][info][gc] GC(1335) Pause Init Update Refs 0,011ms
[2020-11-04T21:44:36.980+0300][190,910s][info][gc] GC(1335) Concurrent update references 36,279ms
[2020-11-04T21:44:36.981+0300][190,911s][info][gc] GC(1335) Pause Final Update Refs 0,143ms
[2020-11-04T21:44:36.981+0300][190,911s][info][gc] GC(1335) Concurrent cleanup 407M->256M(512M) 0,080ms
[2020-11-04T21:44:37.008+0300][190,937s][info][gc] Trigger: Average GC time (133,47 ms) is above the time for allocation rate (1020 MB/s) to deplete free headroom (133M)
[2020-11-04T21:44:37.008+0300][190,938s][info][gc] GC(1336) Concurrent reset 0,569ms
[2020-11-04T21:44:37.009+0300][190,938s][info][gc] GC(1336) Pause Init Mark (unload classes) 0,112ms
[2020-11-04T21:44:37.083+0300][191,013s][info][gc] GC(1336) Concurrent marking (unload classes) 74,142ms
[2020-11-04T21:44:37.083+0300][191,013s][info][gc] GC(1336) Pause Final Mark (unload classes) 0,483ms
[2020-11-04T21:44:37.084+0300][191,014s][info][gc] GC(1336) Concurrent weak roots 0,456ms
[2020-11-04T21:44:37.084+0300][191,014s][info][gc] GC(1336) Concurrent cleanup 347M->348M(512M) 0,034ms
[2020-11-04T21:44:37.085+0300][191,015s][info][gc] GC(1336) Concurrent class unloading 1,024ms
[2020-11-04T21:44:37.085+0300][191,015s][info][gc] GC(1336) Concurrent strong roots 0,073ms
[2020-11-04T21:44:37.089+0300][191,019s][info][gc] GC(1336) Concurrent evacuation 3,842ms
[2020-11-04T21:44:37.089+0300][191,019s][info][gc] GC(1336) Pause Init Update Refs 0,022ms
[2020-11-04T21:44:37.123+0300][191,053s][info][gc] GC(1336) Concurrent update references 33,203ms
[2020-11-04T21:44:37.123+0300][191,053s][info][gc] GC(1336) Pause Final Update Refs 0,114ms
[2020-11-04T21:44:37.123+0300][191,053s][info][gc] GC(1336) Concurrent cleanup 424M->281M(512M) 0,079ms
[2020-11-04T21:44:37.146+0300][191,075s][info][gc] Trigger: Average GC time (123,71 ms) is above the time for allocation rate (1039 MB/s) to deplete free headroom (128M)
[2020-11-04T21:44:37.146+0300][191,076s][info][gc] GC(1337) Concurrent reset 0,585ms
[2020-11-04T21:44:37.147+0300][191,077s][info][gc] GC(1337) Pause Init Mark (unload classes) 0,201ms
[2020-11-04T21:44:37.233+0300][191,163s][info][gc] GC(1337) Concurrent marking (unload classes) 86,484ms
[2020-11-04T21:44:37.234+0300][191,164s][info][gc] GC(1337) Pause Final Mark (unload classes) 0,594ms
[2020-11-04T21:44:37.235+0300][191,165s][info][gc] GC(1337) Concurrent weak roots 0,405ms
[2020-11-04T21:44:37.235+0300][191,165s][info][gc] GC(1337) Concurrent cleanup 352M->352M(512M) 0,039ms
[2020-11-04T21:44:37.236+0300][191,166s][info][gc] GC(1337) Concurrent class unloading 0,921ms
[2020-11-04T21:44:37.236+0300][191,166s][info][gc] GC(1337) Concurrent strong roots 0,054ms
[2020-11-04T21:44:37.240+0300][191,170s][info][gc] GC(1337) Concurrent evacuation 4,391ms
[2020-11-04T21:44:37.241+0300][191,170s][info][gc] GC(1337) Pause Init Update Refs 0,025ms
[2020-11-04T21:44:37.274+0300][191,204s][info][gc] GC(1337) Concurrent update references 33,347ms
[2020-11-04T21:44:37.274+0300][191,204s][info][gc] GC(1337) Pause Final Update Refs 0,230ms
[2020-11-04T21:44:37.275+0300][191,204s][info][gc] GC(1337) Concurrent cleanup 430M->286M(512M) 0,111ms
[2020-11-04T21:44:37.296+0300][191,226s][info][gc] Trigger: Average GC time (118,66 ms) is above the time for allocation rate (1000 MB/s) to deplete free headroom (117M)
[2020-11-04T21:44:37.297+0300][191,226s][info][gc] GC(1338) Concurrent reset 0,611ms
[2020-11-04T21:44:37.297+0300][191,227s][info][gc] GC(1338) Pause Init Mark (unload classes) 0,189ms
[2020-11-04T21:44:37.367+0300][191,297s][info][gc] GC(1338) Concurrent marking (unload classes) 70,021ms
[2020-11-04T21:44:37.368+0300][191,298s][info][gc] GC(1338) Pause Final Mark (unload classes) 0,503ms
[2020-11-04T21:44:37.368+0300][191,298s][info][gc] GC(1338) Concurrent weak roots 0,378ms
[2020-11-04T21:44:37.369+0300][191,298s][info][gc] GC(1338) Concurrent cleanup 361M->362M(512M) 0,027ms
[2020-11-04T21:44:37.370+0300][191,299s][info][gc] GC(1338) Concurrent class unloading 1,092ms
[2020-11-04T21:44:37.370+0300][191,300s][info][gc] GC(1338) Concurrent strong roots 0,128ms
[2020-11-04T21:44:37.374+0300][191,304s][info][gc] GC(1338) Concurrent evacuation 4,087ms
[2020-11-04T21:44:37.374+0300][191,304s][info][gc] GC(1338) Pause Init Update Refs 0,015ms
[2020-11-04T21:44:37.409+0300][191,339s][info][gc] GC(1338) Concurrent update references 34,405ms
[2020-11-04T21:44:37.409+0300][191,339s][info][gc] GC(1338) Pause Final Update Refs 0,288ms
[2020-11-04T21:44:37.410+0300][191,339s][info][gc] GC(1338) Concurrent cleanup 442M->291M(512M) 0,065ms
[2020-11-04T21:44:37.426+0300][191,355s][info][gc] Trigger: Average GC time (122,66 ms) is above the time for allocation rate (1058 MB/s) to deplete free headroom (126M)
[2020-11-04T21:44:37.426+0300][191,356s][info][gc] GC(1339) Concurrent reset 0,656ms
[2020-11-04T21:44:37.427+0300][191,356s][info][gc] GC(1339) Pause Init Mark (unload classes) 0,124ms
[2020-11-04T21:44:37.526+0300][191,455s][info][gc] GC(1339) Concurrent marking (unload classes) 98,785ms
[2020-11-04T21:44:37.526+0300][191,456s][info][gc] GC(1339) Pause Final Mark (unload classes) 0,533ms
[2020-11-04T21:44:37.527+0300][191,457s][info][gc] GC(1339) Concurrent weak roots 0,467ms
[2020-11-04T21:44:37.527+0300][191,457s][info][gc] GC(1339) Concurrent cleanup 354M->354M(512M) 0,043ms
[2020-11-04T21:44:37.528+0300][191,458s][info][gc] GC(1339) Concurrent class unloading 0,986ms
[2020-11-04T21:44:37.528+0300][191,458s][info][gc] GC(1339) Concurrent strong roots 0,133ms
[2020-11-04T21:44:37.532+0300][191,462s][info][gc] GC(1339) Concurrent evacuation 3,829ms
[2020-11-04T21:44:37.532+0300][191,462s][info][gc] GC(1339) Pause Init Update Refs 0,013ms
[2020-11-04T21:44:37.571+0300][191,501s][info][gc] GC(1339) Concurrent update references 38,987ms
[2020-11-04T21:44:37.572+0300][191,502s][info][gc] GC(1339) Pause Final Update Refs 0,154ms
[2020-11-04T21:44:37.572+0300][191,502s][info][gc] GC(1339) Concurrent cleanup 420M->282M(512M) 0,095ms
[2020-11-04T21:44:37.599+0300][191,528s][info][gc] Trigger: Average GC time (123,68 ms) is above the time for allocation rate (880 MB/s) to deplete free headroom (107M)
[2020-11-04T21:44:37.599+0300][191,529s][info][gc] GC(1340) Concurrent reset 0,545ms
[2020-11-04T21:44:37.600+0300][191,529s][info][gc] GC(1340) Pause Init Mark (process weakrefs) (unload classes) 0,095ms
[2020-11-04T21:44:37.671+0300][191,601s][info][gc] GC(1340) Concurrent marking (process weakrefs) (unload classes) 71,639ms
[2020-11-04T21:44:37.671+0300][191,601s][info][gc] GC(1340) Concurrent precleaning 0,109ms
[2020-11-04T21:44:37.672+0300][191,602s][info][gc] GC(1340) Pause Final Mark (process weakrefs) (unload classes) 0,422ms
[2020-11-04T21:44:37.673+0300][191,602s][info][gc] GC(1340) Concurrent weak roots 0,488ms
[2020-11-04T21:44:37.673+0300][191,603s][info][gc] GC(1340) Concurrent cleanup 370M->370M(512M) 0,037ms
[2020-11-04T21:44:37.674+0300][191,604s][info][gc] GC(1340) Concurrent class unloading 0,929ms
[2020-11-04T21:44:37.674+0300][191,604s][info][gc] GC(1340) Concurrent strong roots 0,149ms
[2020-11-04T21:44:37.678+0300][191,608s][info][gc] GC(1340) Concurrent evacuation 4,112ms
[2020-11-04T21:44:37.678+0300][191,608s][info][gc] GC(1340) Pause Init Update Refs 0,017ms
[2020-11-04T21:44:37.714+0300][191,644s][info][gc] GC(1340) Concurrent update references 35,728ms
[2020-11-04T21:44:37.715+0300][191,644s][info][gc] GC(1340) Pause Final Update Refs 0,150ms
[2020-11-04T21:44:37.715+0300][191,645s][info][gc] GC(1340) Concurrent cleanup 454M->302M(512M) 0,098ms
[2020-11-04T21:44:37.732+0300][191,662s][info][gc] Trigger: Average GC time (124,21 ms) is above the time for allocation rate (994 MB/s) to deplete free headroom (122M)
[2020-11-04T21:44:37.733+0300][191,662s][info][gc] GC(1341) Concurrent reset 0,638ms
[2020-11-04T21:44:37.733+0300][191,663s][info][gc] GC(1341) Pause Init Mark (unload classes) 0,261ms
[2020-11-04T21:44:37.832+0300][191,762s][info][gc] GC(1341) Concurrent marking (unload classes) 99,258ms
[2020-11-04T21:44:37.833+0300][191,763s][info][gc] GC(1341) Pause Final Mark (unload classes) 0,540ms
[2020-11-04T21:44:37.834+0300][191,764s][info][gc] GC(1341) Concurrent weak roots 0,480ms
[2020-11-04T21:44:37.834+0300][191,764s][info][gc] GC(1341) Concurrent cleanup 359M->359M(512M) 0,034ms
[2020-11-04T21:44:37.835+0300][191,765s][info][gc] GC(1341) Concurrent class unloading 1,144ms
[2020-11-04T21:44:37.835+0300][191,765s][info][gc] GC(1341) Concurrent strong roots 0,143ms
[2020-11-04T21:44:37.840+0300][191,769s][info][gc] GC(1341) Concurrent evacuation 4,332ms
[2020-11-04T21:44:37.840+0300][191,770s][info][gc] GC(1341) Pause Init Update Refs 0,016ms
[2020-11-04T21:44:37.877+0300][191,807s][info][gc] GC(1341) Concurrent update references 37,058ms
[2020-11-04T21:44:37.877+0300][191,807s][info][gc] GC(1341) Pause Final Update Refs 0,159ms
[2020-11-04T21:44:37.877+0300][191,807s][info][gc] GC(1341) Concurrent cleanup 443M->310M(512M) 0,065ms
[2020-11-04T21:44:37.892+0300][191,822s][info][gc] Trigger: Average GC time (130,17 ms) is above the time for allocation rate (876 MB/s) to deplete free headroom (110M)
[2020-11-04T21:44:37.893+0300][191,823s][info][gc] GC(1342) Concurrent reset 0,594ms
[2020-11-04T21:44:37.893+0300][191,823s][info][gc] GC(1342) Pause Init Mark (unload classes) 0,104ms
[2020-11-04T21:44:37.975+0300][191,904s][info][gc] GC(1342) Concurrent marking (unload classes) 81,129ms
[2020-11-04T21:44:37.975+0300][191,905s][info][gc] GC(1342) Pause Final Mark (unload classes) 0,388ms
[2020-11-04T21:44:37.976+0300][191,906s][info][gc] GC(1342) Concurrent weak roots 0,559ms
[2020-11-04T21:44:37.976+0300][191,906s][info][gc] GC(1342) Concurrent cleanup 366M->366M(512M) 0,034ms
[2020-11-04T21:44:37.977+0300][191,907s][info][gc] GC(1342) Concurrent class unloading 0,954ms
[2020-11-04T21:44:37.977+0300][191,907s][info][gc] GC(1342) Concurrent strong roots 0,132ms
[2020-11-04T21:44:37.983+0300][191,912s][info][gc] GC(1342) Concurrent evacuation 5,610ms
[2020-11-04T21:44:37.983+0300][191,913s][info][gc] GC(1342) Pause Init Update Refs 0,022ms
[2020-11-04T21:44:38.022+0300][191,951s][info][gc] GC(1342) Concurrent update references 38,522ms
[2020-11-04T21:44:38.022+0300][191,952s][info][gc] GC(1342) Pause Final Update Refs 0,143ms
[2020-11-04T21:44:38.022+0300][191,952s][info][gc] GC(1342) Concurrent cleanup 454M->313M(512M) 0,095ms
[2020-11-04T21:44:38.034+0300][191,964s][info][gc] Trigger: Average GC time (130,35 ms) is above the time for allocation rate (923 MB/s) to deplete free headroom (116M)
[2020-11-04T21:44:38.035+0300][191,965s][info][gc] GC(1343) Concurrent reset 0,761ms
[2020-11-04T21:44:38.035+0300][191,965s][info][gc] GC(1343) Pause Init Mark (unload classes) 0,099ms
[2020-11-04T21:44:38.113+0300][192,043s][info][gc] GC(1343) Concurrent marking (unload classes) 78,013ms
[2020-11-04T21:44:38.114+0300][192,044s][info][gc] GC(1343) Pause Final Mark (unload classes) 0,386ms
[2020-11-04T21:44:38.114+0300][192,044s][info][gc] GC(1343) Concurrent weak roots 0,435ms
[2020-11-04T21:44:38.114+0300][192,044s][info][gc] GC(1343) Concurrent cleanup 364M->364M(512M) 0,036ms
[2020-11-04T21:44:38.115+0300][192,045s][info][gc] GC(1343) Concurrent class unloading 0,945ms
[2020-11-04T21:44:38.116+0300][192,045s][info][gc] GC(1343) Concurrent strong roots 0,121ms
[2020-11-04T21:44:38.120+0300][192,050s][info][gc] GC(1343) Concurrent evacuation 4,269ms
[2020-11-04T21:44:38.120+0300][192,050s][info][gc] GC(1343) Pause Init Update Refs 0,014ms
[2020-11-04T21:44:38.159+0300][192,089s][info][gc] GC(1343) Concurrent update references 38,961ms
[2020-11-04T21:44:38.160+0300][192,089s][info][gc] GC(1343) Pause Final Update Refs 0,127ms
[2020-11-04T21:44:38.160+0300][192,090s][info][gc] GC(1343) Concurrent cleanup 455M->324M(512M) 0,061ms
[2020-11-04T21:44:38.165+0300][192,095s][info][gc] Trigger: Average GC time (132,76 ms) is above the time for allocation rate (927 MB/s) to deplete free headroom (121M)
[2020-11-04T21:44:38.166+0300][192,096s][info][gc] GC(1344) Concurrent reset 0,611ms
[2020-11-04T21:44:38.166+0300][192,096s][info][gc] GC(1344) Pause Init Mark (unload classes) 0,138ms
[2020-11-04T21:44:38.246+0300][192,176s][info][gc] GC(1344) Concurrent marking (unload classes) 79,794ms
[2020-11-04T21:44:38.247+0300][192,177s][info][gc] GC(1344) Pause Final Mark (unload classes) 0,807ms
[2020-11-04T21:44:38.248+0300][192,177s][info][gc] GC(1344) Concurrent weak roots 0,426ms
[2020-11-04T21:44:38.248+0300][192,178s][info][gc] GC(1344) Concurrent cleanup 357M->357M(512M) 0,033ms
[2020-11-04T21:44:38.249+0300][192,178s][info][gc] GC(1344) Concurrent class unloading 0,912ms
[2020-11-04T21:44:38.249+0300][192,179s][info][gc] GC(1344) Concurrent strong roots 0,130ms
[2020-11-04T21:44:38.252+0300][192,182s][info][gc] GC(1344) Concurrent evacuation 3,029ms
[2020-11-04T21:44:38.252+0300][192,182s][info][gc] GC(1344) Pause Init Update Refs 0,015ms
[2020-11-04T21:44:38.291+0300][192,221s][info][gc] GC(1344) Concurrent update references 38,890ms
[2020-11-04T21:44:38.292+0300][192,222s][info][gc] GC(1344) Pause Final Update Refs 0,326ms
[2020-11-04T21:44:38.292+0300][192,222s][info][gc] GC(1344) Concurrent cleanup 444M->323M(512M) 0,092ms
[2020-11-04T21:44:38.299+0300][192,229s][info][gc] Trigger: Average GC time (128,83 ms) is above the time for allocation rate (912 MB/s) to deplete free headroom (117M)
[2020-11-04T21:44:38.300+0300][192,230s][info][gc] GC(1345) Concurrent reset 0,553ms
[2020-11-04T21:44:38.300+0300][192,230s][info][gc] GC(1345) Pause Init Mark (process weakrefs) (unload classes) 0,145ms
[2020-11-04T21:44:38.389+0300][192,318s][info][gc] GC(1345) Concurrent marking (process weakrefs) (unload classes) 88,024ms
[2020-11-04T21:44:38.389+0300][192,319s][info][gc] GC(1345) Concurrent precleaning 0,169ms
[2020-11-04T21:44:38.389+0300][192,319s][info][gc] GC(1345) Pause Final Mark (process weakrefs) (unload classes) 0,370ms
[2020-11-04T21:44:38.390+0300][192,320s][info][gc] GC(1345) Concurrent weak roots 0,406ms
[2020-11-04T21:44:38.390+0300][192,320s][info][gc] GC(1345) Concurrent cleanup 362M->362M(512M) 0,034ms
[2020-11-04T21:44:38.391+0300][192,321s][info][gc] GC(1345) Concurrent class unloading 0,989ms
[2020-11-04T21:44:38.391+0300][192,321s][info][gc] GC(1345) Concurrent strong roots 0,118ms
[2020-11-04T21:44:38.394+0300][192,324s][info][gc] GC(1345) Concurrent evacuation 3,105ms
[2020-11-04T21:44:38.395+0300][192,324s][info][gc] GC(1345) Pause Init Update Refs 0,010ms
[2020-11-04T21:44:38.436+0300][192,366s][info][gc] GC(1345) Concurrent update references 41,282ms
[2020-11-04T21:44:38.436+0300][192,366s][info][gc] GC(1345) Pause Final Update Refs 0,128ms
[2020-11-04T21:44:38.437+0300][192,366s][info][gc] GC(1345) Concurrent cleanup 453M->330M(512M) 0,071ms
[2020-11-04T21:44:38.443+0300][192,373s][info][gc] Trigger: Average GC time (133,02 ms) is above the time for allocation rate (861 MB/s) to deplete free headroom (112M)
[2020-11-04T21:44:38.444+0300][192,373s][info][gc] GC(1346) Concurrent reset 0,624ms
[2020-11-04T21:44:38.444+0300][192,374s][info][gc] GC(1346) Pause Init Mark (unload classes) 0,264ms
[2020-11-04T21:44:38.527+0300][192,456s][info][gc] GC(1346) Concurrent marking (unload classes) 82,190ms
[2020-11-04T21:44:38.527+0300][192,457s][info][gc] GC(1346) Pause Final Mark (unload classes) 0,523ms
[2020-11-04T21:44:38.528+0300][192,458s][info][gc] GC(1346) Concurrent weak roots 0,408ms
[2020-11-04T21:44:38.528+0300][192,458s][info][gc] GC(1346) Concurrent cleanup 365M->365M(512M) 0,033ms
[2020-11-04T21:44:38.529+0300][192,459s][info][gc] GC(1346) Concurrent class unloading 1,132ms
[2020-11-04T21:44:38.529+0300][192,459s][info][gc] GC(1346) Concurrent strong roots 0,135ms
[2020-11-04T21:44:38.533+0300][192,463s][info][gc] GC(1346) Concurrent evacuation 4,074ms
[2020-11-04T21:44:38.534+0300][192,463s][info][gc] GC(1346) Pause Init Update Refs 0,014ms
[2020-11-04T21:44:38.574+0300][192,504s][info][gc] GC(1346) Concurrent update references 40,541ms
[2020-11-04T21:44:38.575+0300][192,505s][info][gc] GC(1346) Pause Final Update Refs 0,236ms
[2020-11-04T21:44:38.575+0300][192,505s][info][gc] GC(1346) Concurrent cleanup 457M->333M(512M) 0,063ms
[2020-11-04T21:44:38.580+0300][192,510s][info][gc] Trigger: Average GC time (130,29 ms) is above the time for allocation rate (873 MB/s) to deplete free headroom (113M)
[2020-11-04T21:44:38.581+0300][192,511s][info][gc] GC(1347) Concurrent reset 0,538ms
[2020-11-04T21:44:38.581+0300][192,511s][info][gc] GC(1347) Pause Init Mark (unload classes) 0,248ms
[2020-11-04T21:44:38.668+0300][192,598s][info][gc] GC(1347) Concurrent marking (unload classes) 86,573ms
[2020-11-04T21:44:38.669+0300][192,599s][info][gc] GC(1347) Pause Final Mark (unload classes) 0,706ms
[2020-11-04T21:44:38.670+0300][192,599s][info][gc] GC(1347) Concurrent weak roots 0,431ms
[2020-11-04T21:44:38.670+0300][192,599s][info][gc] GC(1347) Concurrent cleanup 364M->364M(512M) 0,035ms
[2020-11-04T21:44:38.671+0300][192,600s][info][gc] GC(1347) Concurrent class unloading 0,885ms
[2020-11-04T21:44:38.671+0300][192,601s][info][gc] GC(1347) Concurrent strong roots 0,127ms
[2020-11-04T21:44:38.674+0300][192,603s][info][gc] GC(1347) Concurrent evacuation 2,907ms
[2020-11-04T21:44:38.674+0300][192,604s][info][gc] GC(1347) Pause Init Update Refs 0,015ms
[2020-11-04T21:44:38.721+0300][192,651s][info][gc] GC(1347) Concurrent update references 46,763ms
[2020-11-04T21:44:38.721+0300][192,651s][info][gc] GC(1347) Pause Final Update Refs 0,172ms
[2020-11-04T21:44:38.721+0300][192,651s][info][gc] GC(1347) Concurrent cleanup 432M->312M(512M) 0,058ms
[2020-11-04T21:44:38.738+0300][192,668s][info][gc] Trigger: Average GC time (132,53 ms) is above the time for allocation rate (796 MB/s) to deplete free headroom (102M)
[2020-11-04T21:44:38.739+0300][192,669s][info][gc] GC(1348) Concurrent reset 0,561ms
[2020-11-04T21:44:38.740+0300][192,669s][info][gc] GC(1348) Pause Init Mark (unload classes) 0,236ms
[2020-11-04T21:44:38.829+0300][192,758s][info][gc] GC(1348) Concurrent marking (unload classes) 88,995ms
[2020-11-04T21:44:38.830+0300][192,759s][info][gc] GC(1348) Pause Final Mark (unload classes) 0,684ms
[2020-11-04T21:44:38.830+0300][192,760s][info][gc] GC(1348) Concurrent weak roots 0,404ms
[2020-11-04T21:44:38.830+0300][192,760s][info][gc] GC(1348) Concurrent cleanup 376M->376M(512M) 0,037ms
[2020-11-04T21:44:38.831+0300][192,761s][info][gc] GC(1348) Concurrent class unloading 0,894ms
[2020-11-04T21:44:38.831+0300][192,761s][info][gc] GC(1348) Concurrent strong roots 0,054ms
[2020-11-04T21:44:38.834+0300][192,764s][info][gc] GC(1348) Concurrent evacuation 3,077ms
[2020-11-04T21:44:38.834+0300][192,764s][info][gc] GC(1348) Pause Init Update Refs 0,024ms
[2020-11-04T21:44:38.878+0300][192,808s][info][gc] GC(1348) Concurrent update references 43,321ms
[2020-11-04T21:44:38.878+0300][192,808s][info][gc] GC(1348) Pause Final Update Refs 0,160ms
[2020-11-04T21:44:38.879+0300][192,808s][info][gc] GC(1348) Concurrent cleanup 472M->345M(512M) 0,109ms
[2020-11-04T21:44:38.881+0300][192,811s][info][gc] Trigger: Average GC time (135,43 ms) is above the time for allocation rate (818 MB/s) to deplete free headroom (108M)
[2020-11-04T21:44:38.881+0300][192,811s][info][gc] GC(1349) Concurrent reset 0,526ms
[2020-11-04T21:44:38.882+0300][192,812s][info][gc] GC(1349) Pause Init Mark (unload classes) 0,134ms
[2020-11-04T21:44:38.972+0300][192,901s][info][gc] GC(1349) Concurrent marking (unload classes) 89,708ms
[2020-11-04T21:44:38.972+0300][192,902s][info][gc] GC(1349) Pause Final Mark (unload classes) 0,382ms
[2020-11-04T21:44:38.973+0300][192,903s][info][gc] GC(1349) Concurrent weak roots 0,407ms
[2020-11-04T21:44:38.973+0300][192,903s][info][gc] GC(1349) Concurrent cleanup 370M->370M(512M) 0,035ms
[2020-11-04T21:44:38.974+0300][192,904s][info][gc] GC(1349) Concurrent class unloading 1,394ms
[2020-11-04T21:44:38.974+0300][192,904s][info][gc] GC(1349) Concurrent strong roots 0,105ms
[2020-11-04T21:44:38.977+0300][192,907s][info][gc] GC(1349) Concurrent evacuation 2,801ms
[2020-11-04T21:44:38.977+0300][192,907s][info][gc] GC(1349) Pause Init Update Refs 0,026ms
[2020-11-04T21:44:39.025+0300][192,955s][info][gc] GC(1349) Concurrent update references 47,304ms
[2020-11-04T21:44:39.025+0300][192,955s][info][gc] GC(1349) Pause Final Update Refs 0,162ms
[2020-11-04T21:44:39.025+0300][192,955s][info][gc] GC(1349) Concurrent cleanup 452M->336M(512M) 0,077ms
[2020-11-04T21:44:39.033+0300][192,963s][info][gc] Trigger: Average GC time (138,99 ms) is above the time for allocation rate (772 MB/s) to deplete free headroom (104M)
[2020-11-04T21:44:39.034+0300][192,963s][info][gc] GC(1350) Concurrent reset 0,680ms
[2020-11-04T21:44:39.034+0300][192,964s][info][gc] GC(1350) Pause Init Mark (process weakrefs) (unload classes) 0,220ms
[2020-11-04T21:44:39.126+0300][193,056s][info][gc] GC(1350) Concurrent marking (process weakrefs) (unload classes) 92,169ms
[2020-11-04T21:44:39.127+0300][193,057s][info][gc] GC(1350) Concurrent precleaning 0,190ms
[2020-11-04T21:44:39.128+0300][193,058s][info][gc] GC(1350) Pause Final Mark (process weakrefs) (unload classes) 0,836ms
[2020-11-04T21:44:39.128+0300][193,058s][info][gc] GC(1350) Concurrent weak roots 0,376ms
[2020-11-04T21:44:39.128+0300][193,058s][info][gc] GC(1350) Concurrent cleanup 374M->374M(512M) 0,036ms
[2020-11-04T21:44:39.129+0300][193,059s][info][gc] GC(1350) Concurrent class unloading 0,880ms
[2020-11-04T21:44:39.129+0300][193,059s][info][gc] GC(1350) Concurrent strong roots 0,138ms
[2020-11-04T21:44:39.132+0300][193,062s][info][gc] GC(1350) Concurrent evacuation 2,937ms
[2020-11-04T21:44:39.133+0300][193,062s][info][gc] GC(1350) Pause Init Update Refs 0,025ms
[2020-11-04T21:44:39.176+0300][193,106s][info][gc] GC(1350) Concurrent update references 42,937ms
[2020-11-04T21:44:39.176+0300][193,106s][info][gc] GC(1350) Pause Final Update Refs 0,299ms
[2020-11-04T21:44:39.176+0300][193,106s][info][gc] GC(1350) Concurrent cleanup 472M->354M(512M) 0,093ms
[2020-11-04T21:44:39.178+0300][193,107s][info][gc] Trigger: Average GC time (140,27 ms) is above the time for allocation rate (800 MB/s) to deplete free headroom (102M)
[2020-11-04T21:44:39.178+0300][193,108s][info][gc] GC(1351) Concurrent reset 0,486ms
[2020-11-04T21:44:39.178+0300][193,108s][info][gc] GC(1351) Pause Init Mark (unload classes) 0,097ms
[2020-11-04T21:44:39.275+0300][193,205s][info][gc] GC(1351) Concurrent marking (unload classes) 96,660ms
[2020-11-04T21:44:39.276+0300][193,206s][info][gc] GC(1351) Pause Final Mark (unload classes) 0,544ms
[2020-11-04T21:44:39.277+0300][193,206s][info][gc] GC(1351) Concurrent weak roots 0,493ms
[2020-11-04T21:44:39.277+0300][193,206s][info][gc] GC(1351) Concurrent cleanup 375M->375M(512M) 0,034ms
[2020-11-04T21:44:39.278+0300][193,208s][info][gc] GC(1351) Concurrent class unloading 1,195ms
[2020-11-04T21:44:39.278+0300][193,208s][info][gc] GC(1351) Concurrent strong roots 0,123ms
[2020-11-04T21:44:39.281+0300][193,211s][info][gc] GC(1351) Concurrent evacuation 2,964ms
[2020-11-04T21:44:39.281+0300][193,211s][info][gc] GC(1351) Pause Init Update Refs 0,015ms
[2020-11-04T21:44:39.331+0300][193,261s][info][gc] GC(1351) Concurrent update references 49,712ms
[2020-11-04T21:44:39.332+0300][193,261s][info][gc] GC(1351) Pause Final Update Refs 0,262ms
[2020-11-04T21:44:39.332+0300][193,262s][info][gc] GC(1351) Concurrent cleanup 452M->336M(512M) 0,109ms
[2020-11-04T21:44:39.341+0300][193,271s][info][gc] Trigger: Average GC time (144,74 ms) is above the time for allocation rate (697 MB/s) to deplete free headroom (100M)
[2020-11-04T21:44:39.342+0300][193,272s][info][gc] GC(1352) Concurrent reset 0,610ms
[2020-11-04T21:44:39.343+0300][193,272s][info][gc] GC(1352) Pause Init Mark (unload classes) 0,141ms
[2020-11-04T21:44:39.428+0300][193,358s][info][gc] GC(1352) Concurrent marking (unload classes) 85,173ms
[2020-11-04T21:44:39.429+0300][193,358s][info][gc] GC(1352) Pause Final Mark (unload classes) 0,510ms
[2020-11-04T21:44:39.429+0300][193,359s][info][gc] GC(1352) Concurrent weak roots 0,503ms
[2020-11-04T21:44:39.429+0300][193,359s][info][gc] GC(1352) Concurrent cleanup 376M->376M(512M) 0,033ms
[2020-11-04T21:44:39.430+0300][193,360s][info][gc] GC(1352) Concurrent class unloading 0,880ms
[2020-11-04T21:44:39.430+0300][193,360s][info][gc] GC(1352) Concurrent strong roots 0,120ms
[2020-11-04T21:44:39.433+0300][193,363s][info][gc] GC(1352) Concurrent evacuation 2,756ms
[2020-11-04T21:44:39.433+0300][193,363s][info][gc] GC(1352) Pause Init Update Refs 0,017ms
[2020-11-04T21:44:39.478+0300][193,407s][info][gc] GC(1352) Concurrent update references 44,254ms
[2020-11-04T21:44:39.478+0300][193,408s][info][gc] GC(1352) Pause Final Update Refs 0,155ms
[2020-11-04T21:44:39.478+0300][193,408s][info][gc] GC(1352) Concurrent cleanup 474M->359M(512M) 0,069ms
[2020-11-04T21:44:39.479+0300][193,409s][info][gc] Trigger: Average GC time (143,87 ms) is above the time for allocation rate (825 MB/s) to deplete free headroom (100378K)
[2020-11-04T21:44:39.480+0300][193,410s][info][gc] GC(1353) Concurrent reset 0,407ms
[2020-11-04T21:44:39.480+0300][193,410s][info][gc] GC(1353) Pause Init Mark (unload classes) 0,105ms
[2020-11-04T21:44:39.594+0300][193,524s][info][gc] GC(1353) Concurrent marking (unload classes) 113,823ms
[2020-11-04T21:44:39.595+0300][193,524s][info][gc] GC(1353) Pause Final Mark (unload classes) 0,379ms
[2020-11-04T21:44:39.595+0300][193,525s][info][gc] GC(1353) Concurrent weak roots 0,470ms
[2020-11-04T21:44:39.595+0300][193,525s][info][gc] GC(1353) Concurrent cleanup 379M->379M(512M) 0,047ms
[2020-11-04T21:44:39.596+0300][193,526s][info][gc] GC(1353) Concurrent class unloading 0,933ms
[2020-11-04T21:44:39.596+0300][193,526s][info][gc] GC(1353) Concurrent strong roots 0,072ms
[2020-11-04T21:44:39.600+0300][193,530s][info][gc] GC(1353) Concurrent evacuation 3,605ms
[2020-11-04T21:44:39.600+0300][193,530s][info][gc] GC(1353) Pause Init Update Refs 0,015ms
[2020-11-04T21:44:39.646+0300][193,576s][info][gc] GC(1353) Concurrent update references 45,412ms
[2020-11-04T21:44:39.646+0300][193,576s][info][gc] GC(1353) Pause Final Update Refs 0,179ms
[2020-11-04T21:44:39.646+0300][193,576s][info][gc] GC(1353) Concurrent cleanup 477M->363M(512M) 0,117ms
[2020-11-04T21:44:39.647+0300][193,577s][info][gc] Trigger: Average GC time (149,22 ms) is above the time for allocation rate (681 MB/s) to deplete free headroom (95770K)
[2020-11-04T21:44:39.648+0300][193,578s][info][gc] GC(1354) Concurrent reset 0,380ms
[2020-11-04T21:44:39.648+0300][193,578s][info][gc] GC(1354) Pause Init Mark (unload classes) 0,095ms
[2020-11-04T21:44:39.733+0300][193,663s][info][gc] GC(1354) Concurrent marking (unload classes) 85,175ms
[2020-11-04T21:44:39.734+0300][193,664s][info][gc] GC(1354) Pause Final Mark (unload classes) 0,460ms
[2020-11-04T21:44:39.735+0300][193,664s][info][gc] GC(1354) Concurrent weak roots 0,516ms
[2020-11-04T21:44:39.735+0300][193,665s][info][gc] GC(1354) Concurrent cleanup 382M->382M(512M) 0,035ms
[2020-11-04T21:44:39.736+0300][193,666s][info][gc] GC(1354) Concurrent class unloading 0,951ms
[2020-11-04T21:44:39.736+0300][193,666s][info][gc] GC(1354) Concurrent strong roots 0,092ms
[2020-11-04T21:44:39.740+0300][193,670s][info][gc] GC(1354) Concurrent evacuation 3,823ms
[2020-11-04T21:44:39.740+0300][193,670s][info][gc] GC(1354) Pause Init Update Refs 0,020ms
[2020-11-04T21:44:39.785+0300][193,715s][info][gc] GC(1354) Concurrent update references 45,452ms
[2020-11-04T21:44:39.786+0300][193,716s][info][gc] GC(1354) Pause Final Update Refs 0,189ms
[2020-11-04T21:44:39.786+0300][193,716s][info][gc] GC(1354) Concurrent cleanup 479M->365M(512M) 0,090ms
[2020-11-04T21:44:39.787+0300][193,717s][info][gc] Trigger: Average GC time (148,00 ms) is above the time for allocation rate (805 MB/s) to deplete free headroom (94490K)
[2020-11-04T21:44:39.788+0300][193,717s][info][gc] GC(1355) Concurrent reset 0,393ms
[2020-11-04T21:44:39.788+0300][193,718s][info][gc] GC(1355) Pause Init Mark (process weakrefs) (unload classes) 0,105ms
[2020-11-04T21:44:39.906+0300][193,836s][info][gc] GC(1355) Concurrent marking (process weakrefs) (unload classes) 118,300ms
[2020-11-04T21:44:39.907+0300][193,836s][info][gc] GC(1355) Concurrent precleaning 0,167ms
[2020-11-04T21:44:39.907+0300][193,837s][info][gc] GC(1355) Pause Final Mark (process weakrefs) (unload classes) 0,456ms
[2020-11-04T21:44:39.908+0300][193,837s][info][gc] GC(1355) Concurrent weak roots 0,496ms
[2020-11-04T21:44:39.908+0300][193,838s][info][gc] GC(1355) Concurrent cleanup 384M->384M(512M) 0,035ms
[2020-11-04T21:44:39.909+0300][193,839s][info][gc] GC(1355) Concurrent class unloading 1,493ms
[2020-11-04T21:44:39.909+0300][193,839s][info][gc] GC(1355) Concurrent strong roots 0,102ms
[2020-11-04T21:44:39.912+0300][193,842s][info][gc] GC(1355) Concurrent evacuation 2,833ms
[2020-11-04T21:44:39.913+0300][193,842s][info][gc] GC(1355) Pause Init Update Refs 0,015ms
[2020-11-04T21:44:39.962+0300][193,892s][info][gc] GC(1355) Concurrent update references 49,858ms
[2020-11-04T21:44:39.963+0300][193,893s][info][gc] GC(1355) Pause Final Update Refs 0,180ms
[2020-11-04T21:44:39.963+0300][193,893s][info][gc] GC(1355) Concurrent cleanup 476M->363M(512M) 0,080ms
[2020-11-04T21:44:39.964+0300][193,894s][info][gc] Trigger: Average GC time (154,47 ms) is above the time for allocation rate (607 MB/s) to deplete free headroom (95770K)
[2020-11-04T21:44:39.965+0300][193,894s][info][gc] GC(1356) Concurrent reset 0,493ms
[2020-11-04T21:44:39.965+0300][193,895s][info][gc] GC(1356) Pause Init Mark (unload classes) 0,105ms
[2020-11-04T21:44:40.056+0300][193,985s][info][gc] GC(1356) Concurrent marking (unload classes) 90,534ms
[2020-11-04T21:44:40.056+0300][193,986s][info][gc] GC(1356) Pause Final Mark (unload classes) 0,411ms
[2020-11-04T21:44:40.057+0300][193,987s][info][gc] GC(1356) Concurrent weak roots 0,455ms
[2020-11-04T21:44:40.057+0300][193,987s][info][gc] GC(1356) Concurrent cleanup 382M->382M(512M) 0,034ms
[2020-11-04T21:44:40.058+0300][193,988s][info][gc] GC(1356) Concurrent class unloading 1,488ms
[2020-11-04T21:44:40.058+0300][193,988s][info][gc] GC(1356) Concurrent strong roots 0,104ms
[2020-11-04T21:44:40.061+0300][193,991s][info][gc] GC(1356) Concurrent evacuation 2,783ms
[2020-11-04T21:44:40.061+0300][193,991s][info][gc] GC(1356) Pause Init Update Refs 0,015ms
[2020-11-04T21:44:40.114+0300][194,044s][info][gc] GC(1356) Concurrent update references 52,255ms
[2020-11-04T21:44:40.114+0300][194,044s][info][gc] GC(1356) Pause Final Update Refs 0,168ms
[2020-11-04T21:44:40.114+0300][194,044s][info][gc] GC(1356) Concurrent cleanup 469M->360M(512M) 0,091ms
[2020-11-04T21:44:40.115+0300][194,045s][info][gc] Trigger: Average GC time (153,67 ms) is above the time for allocation rate (674 MB/s) to deplete free headroom (99098K)
[2020-11-04T21:44:40.116+0300][194,046s][info][gc] GC(1357) Concurrent reset 0,428ms
[2020-11-04T21:44:40.116+0300][194,046s][info][gc] GC(1357) Pause Init Mark (unload classes) 0,099ms
[2020-11-04T21:44:40.239+0300][194,169s][info][gc] GC(1357) Concurrent marking (unload classes) 122,687ms
[2020-11-04T21:44:40.240+0300][194,169s][info][gc] GC(1357) Pause Final Mark (unload classes) 0,470ms
[2020-11-04T21:44:40.240+0300][194,170s][info][gc] GC(1357) Concurrent weak roots 0,499ms
[2020-11-04T21:44:40.240+0300][194,170s][info][gc] GC(1357) Concurrent cleanup 380M->380M(512M) 0,038ms
[2020-11-04T21:44:40.241+0300][194,171s][info][gc] GC(1357) Concurrent class unloading 0,990ms
[2020-11-04T21:44:40.241+0300][194,171s][info][gc] GC(1357) Concurrent strong roots 0,136ms
[2020-11-04T21:44:40.244+0300][194,174s][info][gc] GC(1357) Concurrent evacuation 2,591ms
[2020-11-04T21:44:40.244+0300][194,174s][info][gc] GC(1357) Pause Init Update Refs 0,020ms
[2020-11-04T21:44:40.298+0300][194,228s][info][gc] GC(1357) Concurrent update references 53,405ms
[2020-11-04T21:44:40.298+0300][194,228s][info][gc] GC(1357) Pause Final Update Refs 0,135ms
[2020-11-04T21:44:40.298+0300][194,228s][info][gc] GC(1357) Concurrent cleanup 463M->361M(512M) 0,106ms
[2020-11-04T21:44:40.302+0300][194,231s][info][gc] Trigger: Average GC time (162,92 ms) is above the time for allocation rate (561 MB/s) to deplete free headroom (92442K)
[2020-11-04T21:44:40.302+0300][194,232s][info][gc] GC(1358) Concurrent reset 0,541ms
[2020-11-04T21:44:40.303+0300][194,232s][info][gc] GC(1358) Pause Init Mark (unload classes) 0,108ms
[2020-11-04T21:44:40.394+0300][194,324s][info][gc] GC(1358) Concurrent marking (unload classes) 91,658ms
[2020-11-04T21:44:40.395+0300][194,325s][info][gc] GC(1358) Pause Final Mark (unload classes) 0,426ms
[2020-11-04T21:44:40.395+0300][194,325s][info][gc] GC(1358) Concurrent weak roots 0,489ms
[2020-11-04T21:44:40.396+0300][194,325s][info][gc] GC(1358) Concurrent cleanup 384M->384M(512M) 0,036ms
[2020-11-04T21:44:40.397+0300][194,326s][info][gc] GC(1358) Concurrent class unloading 1,078ms
[2020-11-04T21:44:40.397+0300][194,327s][info][gc] GC(1358) Concurrent strong roots 0,128ms
[2020-11-04T21:44:40.400+0300][194,330s][info][gc] GC(1358) Concurrent evacuation 2,905ms
[2020-11-04T21:44:40.400+0300][194,330s][info][gc] GC(1358) Pause Init Update Refs 0,016ms
[2020-11-04T21:44:40.450+0300][194,380s][info][gc] GC(1358) Concurrent update references 49,694ms
[2020-11-04T21:44:40.450+0300][194,380s][info][gc] GC(1358) Pause Final Update Refs 0,132ms
[2020-11-04T21:44:40.450+0300][194,380s][info][gc] GC(1358) Concurrent cleanup 479M->374M(512M) 0,091ms
[2020-11-04T21:44:40.452+0300][194,381s][info][gc] Trigger: Average GC time (159,27 ms) is above the time for allocation rate (726 MB/s) to deplete free headroom (85530K)
[2020-11-04T21:44:40.452+0300][194,382s][info][gc] GC(1359) Concurrent reset 0,401ms
[2020-11-04T21:44:40.452+0300][194,382s][info][gc] GC(1359) Pause Init Mark (unload classes) 0,107ms
[2020-11-04T21:44:40.546+0300][194,476s][info][gc] GC(1359) Concurrent marking (unload classes) 93,399ms
[2020-11-04T21:44:40.547+0300][194,476s][info][gc] GC(1359) Pause Final Mark (unload classes) 0,451ms
[2020-11-04T21:44:40.547+0300][194,477s][info][gc] GC(1359) Concurrent weak roots 0,435ms
[2020-11-04T21:44:40.547+0300][194,477s][info][gc] GC(1359) Concurrent cleanup 391M->391M(512M) 0,037ms
[2020-11-04T21:44:40.548+0300][194,478s][info][gc] GC(1359) Concurrent class unloading 1,108ms
[2020-11-04T21:44:40.548+0300][194,478s][info][gc] GC(1359) Concurrent strong roots 0,143ms
[2020-11-04T21:44:40.551+0300][194,481s][info][gc] GC(1359) Concurrent evacuation 2,912ms
[2020-11-04T21:44:40.552+0300][194,482s][info][gc] GC(1359) Pause Init Update Refs 0,022ms
[2020-11-04T21:44:40.602+0300][194,532s][info][gc] GC(1359) Concurrent update references 50,297ms
[2020-11-04T21:44:40.603+0300][194,532s][info][gc] GC(1359) Pause Final Update Refs 0,143ms
[2020-11-04T21:44:40.603+0300][194,533s][info][gc] GC(1359) Concurrent cleanup 480M->371M(512M) 0,089ms
[2020-11-04T21:44:40.604+0300][194,534s][info][gc] Trigger: Average GC time (161,80 ms) is above the time for allocation rate (675 MB/s) to deplete free headroom (88346K)
[2020-11-04T21:44:40.604+0300][194,534s][info][gc] GC(1360) Concurrent reset 0,415ms
[2020-11-04T21:44:40.605+0300][194,535s][info][gc] GC(1360) Pause Init Mark (process weakrefs) (unload classes) 0,147ms
[2020-11-04T21:44:40.706+0300][194,636s][info][gc] GC(1360) Concurrent marking (process weakrefs) (unload classes) 100,932ms
[2020-11-04T21:44:40.706+0300][194,636s][info][gc] GC(1360) Concurrent precleaning 0,175ms
[2020-11-04T21:44:40.707+0300][194,636s][info][gc] GC(1360) Pause Final Mark (process weakrefs) (unload classes) 0,442ms
[2020-11-04T21:44:40.707+0300][194,637s][info][gc] GC(1360) Concurrent weak roots 0,424ms
[2020-11-04T21:44:40.707+0300][194,637s][info][gc] GC(1360) Concurrent cleanup 389M->389M(512M) 0,035ms
[2020-11-04T21:44:40.708+0300][194,638s][info][gc] GC(1360) Concurrent class unloading 1,164ms
[2020-11-04T21:44:40.708+0300][194,638s][info][gc] GC(1360) Concurrent strong roots 0,072ms
[2020-11-04T21:44:40.711+0300][194,641s][info][gc] GC(1360) Concurrent evacuation 2,791ms
[2020-11-04T21:44:40.712+0300][194,641s][info][gc] GC(1360) Pause Init Update Refs 0,021ms
[2020-11-04T21:44:40.763+0300][194,693s][info][gc] GC(1360) Concurrent update references 51,102ms
[2020-11-04T21:44:40.763+0300][194,693s][info][gc] GC(1360) Pause Final Update Refs 0,129ms
[2020-11-04T21:44:40.763+0300][194,693s][info][gc] GC(1360) Concurrent cleanup 480M->377M(512M) 0,096ms
[2020-11-04T21:44:40.765+0300][194,694s][info][gc] Trigger: Average GC time (158,54 ms) is above the time for allocation rate (644 MB/s) to deplete free headroom (84762K)
[2020-11-04T21:44:40.765+0300][194,695s][info][gc] GC(1361) Concurrent reset 0,353ms
[2020-11-04T21:44:40.765+0300][194,695s][info][gc] GC(1361) Pause Init Mark (unload classes) 0,143ms
[2020-11-04T21:44:40.877+0300][194,807s][info][gc] GC(1361) Concurrent marking (unload classes) 111,665ms
[2020-11-04T21:44:40.878+0300][194,808s][info][gc] GC(1361) Pause Final Mark (unload classes) 0,325ms
[2020-11-04T21:44:40.878+0300][194,808s][info][gc] GC(1361) Concurrent weak roots 0,360ms
[2020-11-04T21:44:40.878+0300][194,808s][info][gc] GC(1361) Concurrent cleanup 392M->392M(512M) 0,039ms
[2020-11-04T21:44:40.879+0300][194,809s][info][gc] GC(1361) Concurrent class unloading 1,047ms
[2020-11-04T21:44:40.879+0300][194,809s][info][gc] GC(1361) Concurrent strong roots 0,066ms
[2020-11-04T21:44:40.882+0300][194,812s][info][gc] GC(1361) Concurrent evacuation 2,589ms
[2020-11-04T21:44:40.882+0300][194,812s][info][gc] GC(1361) Pause Init Update Refs 0,021ms
[2020-11-04T21:44:40.934+0300][194,863s][info][gc] GC(1361) Concurrent update references 51,147ms
[2020-11-04T21:44:40.934+0300][194,864s][info][gc] GC(1361) Pause Final Update Refs 0,128ms
[2020-11-04T21:44:40.934+0300][194,864s][info][gc] GC(1361) Concurrent cleanup 481M->377M(512M) 0,089ms
[2020-11-04T21:44:40.935+0300][194,865s][info][gc] Trigger: Average GC time (162,39 ms) is above the time for allocation rate (591 MB/s) to deplete free headroom (83994K)
[2020-11-04T21:44:40.936+0300][194,865s][info][gc] GC(1362) Concurrent reset 0,400ms
[2020-11-04T21:44:40.936+0300][194,866s][info][gc] GC(1362) Pause Init Mark (unload classes) 0,127ms
[2020-11-04T21:44:41.000+0300][194,930s][info][gc] GC(1362) Concurrent marking (unload classes) 64,049ms
[2020-11-04T21:44:41.001+0300][194,931s][info][gc] GC(1362) Pause Final Mark (unload classes) 0,361ms
[2020-11-04T21:44:41.001+0300][194,931s][info][gc] GC(1362) Concurrent weak roots 0,434ms
[2020-11-04T21:44:41.001+0300][194,931s][info][gc] GC(1362) Concurrent cleanup 391M->387M(512M) 0,036ms
[2020-11-04T21:44:41.002+0300][194,932s][info][gc] GC(1362) Concurrent class unloading 0,939ms
[2020-11-04T21:44:41.003+0300][194,932s][info][gc] GC(1362) Concurrent strong roots 0,097ms
[2020-11-04T21:44:41.006+0300][194,936s][info][gc] GC(1362) Concurrent evacuation 3,752ms
[2020-11-04T21:44:41.007+0300][194,936s][info][gc] GC(1362) Pause Init Update Refs 0,016ms
[2020-11-04T21:44:41.036+0300][194,966s][info][gc] GC(1362) Concurrent update references 29,402ms
[2020-11-04T21:44:41.037+0300][194,966s][info][gc] GC(1362) Pause Final Update Refs 0,170ms
[2020-11-04T21:44:41.037+0300][194,967s][info][gc] GC(1362) Concurrent cleanup 456M->258M(512M) 0,132ms
[2020-11-04T21:44:41.056+0300][194,986s][info][gc] Trigger: Average GC time (146,13 ms) is above the time for allocation rate (1062 MB/s) to deplete free headroom (151M)
[2020-11-04T21:44:41.057+0300][194,986s][info][gc] GC(1363) Concurrent reset 0,637ms
[2020-11-04T21:44:41.057+0300][194,987s][info][gc] GC(1363) Pause Init Mark (unload classes) 0,141ms
[2020-11-04T21:44:41.141+0300][195,071s][info][gc] GC(1363) Concurrent marking (unload classes) 84,094ms
[2020-11-04T21:44:41.142+0300][195,072s][info][gc] GC(1363) Pause Final Mark (unload classes) 0,340ms
[2020-11-04T21:44:41.142+0300][195,072s][info][gc] GC(1363) Concurrent weak roots 0,355ms
[2020-11-04T21:44:41.142+0300][195,072s][info][gc] GC(1363) Concurrent cleanup 331M->331M(512M) 0,041ms
[2020-11-04T21:44:41.143+0300][195,073s][info][gc] GC(1363) Concurrent class unloading 0,784ms
[2020-11-04T21:44:41.143+0300][195,073s][info][gc] GC(1363) Concurrent strong roots 0,089ms
[2020-11-04T21:44:41.147+0300][195,076s][info][gc] GC(1363) Concurrent evacuation 3,095ms
[2020-11-04T21:44:41.147+0300][195,077s][info][gc] GC(1363) Pause Init Update Refs 0,015ms
[2020-11-04T21:44:41.178+0300][195,108s][info][gc] GC(1363) Concurrent update references 31,369ms
[2020-11-04T21:44:41.179+0300][195,109s][info][gc] GC(1363) Pause Final Update Refs 0,159ms
[2020-11-04T21:44:41.179+0300][195,109s][info][gc] GC(1363) Concurrent cleanup 405M->277M(512M) 0,084ms
[2020-11-04T21:44:41.196+0300][195,126s][info][gc] Trigger: Average GC time (140,99 ms) is above the time for allocation rate (986 MB/s) to deplete free headroom (138M)
[2020-11-04T21:44:41.197+0300][195,126s][info][gc] GC(1364) Concurrent reset 0,535ms
[2020-11-04T21:44:41.197+0300][195,127s][info][gc] GC(1364) Pause Init Mark (unload classes) 0,107ms
[2020-11-04T21:44:41.259+0300][195,189s][info][gc] GC(1364) Concurrent marking (unload classes) 61,862ms
[2020-11-04T21:44:41.260+0300][195,190s][info][gc] GC(1364) Pause Final Mark (unload classes) 0,594ms
[2020-11-04T21:44:41.260+0300][195,190s][info][gc] GC(1364) Concurrent weak roots 0,461ms
[2020-11-04T21:44:41.260+0300][195,190s][info][gc] GC(1364) Concurrent cleanup 342M->342M(512M) 0,037ms
[2020-11-04T21:44:41.261+0300][195,191s][info][gc] GC(1364) Concurrent class unloading 0,948ms
[2020-11-04T21:44:41.261+0300][195,191s][info][gc] GC(1364) Concurrent strong roots 0,111ms
[2020-11-04T21:44:41.266+0300][195,196s][info][gc] GC(1364) Concurrent evacuation 4,223ms
[2020-11-04T21:44:41.266+0300][195,196s][info][gc] GC(1364) Pause Init Update Refs 0,011ms
[2020-11-04T21:44:41.300+0300][195,230s][info][gc] GC(1364) Concurrent update references 33,588ms
[2020-11-04T21:44:41.300+0300][195,230s][info][gc] GC(1364) Pause Final Update Refs 0,328ms
[2020-11-04T21:44:41.300+0300][195,230s][info][gc] GC(1364) Concurrent cleanup 416M->278M(512M) 0,094ms
[2020-11-04T21:44:41.315+0300][195,245s][info][gc] Trigger: Average GC time (131,64 ms) is above the time for allocation rate (1086 MB/s) to deplete free headroom (142M)
[2020-11-04T21:44:41.316+0300][195,246s][info][gc] GC(1365) Concurrent reset 0,614ms
[2020-11-04T21:44:41.317+0300][195,246s][info][gc] GC(1365) Pause Init Mark (process weakrefs) (unload classes) 0,239ms
[2020-11-04T21:44:41.424+0300][195,354s][info][gc] GC(1365) Concurrent marking (process weakrefs) (unload classes) 107,758ms
[2020-11-04T21:44:41.425+0300][195,354s][info][gc] GC(1365) Concurrent precleaning 0,178ms
[2020-11-04T21:44:41.426+0300][195,355s][info][gc] GC(1365) Pause Final Mark (process weakrefs) (unload classes) 0,779ms
[2020-11-04T21:44:41.426+0300][195,356s][info][gc] GC(1365) Concurrent weak roots 0,446ms
[2020-11-04T21:44:41.426+0300][195,356s][info][gc] GC(1365) Concurrent cleanup 339M->339M(512M) 0,039ms
[2020-11-04T21:44:41.427+0300][195,357s][info][gc] GC(1365) Concurrent class unloading 1,035ms
[2020-11-04T21:44:41.427+0300][195,357s][info][gc] GC(1365) Concurrent strong roots 0,055ms
[2020-11-04T21:44:41.431+0300][195,361s][info][gc] GC(1365) Concurrent evacuation 3,311ms
[2020-11-04T21:44:41.431+0300][195,361s][info][gc] GC(1365) Pause Init Update Refs 0,010ms
[2020-11-04T21:44:41.465+0300][195,395s][info][gc] GC(1365) Concurrent update references 33,933ms
[2020-11-04T21:44:41.466+0300][195,395s][info][gc] GC(1365) Pause Final Update Refs 0,309ms
[2020-11-04T21:44:41.466+0300][195,396s][info][gc] GC(1365) Concurrent cleanup 417M->287M(512M) 0,097ms
[2020-11-04T21:44:41.488+0300][195,418s][info][gc] Trigger: Average GC time (129,81 ms) is above the time for allocation rate (894 MB/s) to deplete free headroom (114M)
[2020-11-04T21:44:41.489+0300][195,419s][info][gc] GC(1366) Concurrent reset 0,595ms
[2020-11-04T21:44:41.489+0300][195,419s][info][gc] GC(1366) Pause Init Mark (unload classes) 0,326ms
[2020-11-04T21:44:41.608+0300][195,538s][info][gc] GC(1366) Concurrent marking (unload classes) 118,333ms
[2020-11-04T21:44:41.609+0300][195,539s][info][gc] GC(1366) Pause Final Mark (unload classes) 0,840ms
[2020-11-04T21:44:41.610+0300][195,539s][info][gc] GC(1366) Concurrent weak roots 0,486ms
[2020-11-04T21:44:41.610+0300][195,539s][info][gc] GC(1366) Concurrent cleanup 366M->366M(512M) 0,031ms
[2020-11-04T21:44:41.611+0300][195,541s][info][gc] GC(1366) Concurrent class unloading 1,236ms
[2020-11-04T21:44:41.611+0300][195,541s][info][gc] GC(1366) Concurrent strong roots 0,093ms
[2020-11-04T21:44:41.615+0300][195,544s][info][gc] GC(1366) Concurrent evacuation 3,701ms
[2020-11-04T21:44:41.615+0300][195,545s][info][gc] GC(1366) Pause Init Update Refs 0,023ms
[2020-11-04T21:44:41.660+0300][195,590s][info][gc] GC(1366) Concurrent update references 45,401ms
[2020-11-04T21:44:41.661+0300][195,591s][info][gc] GC(1366) Pause Final Update Refs 0,152ms
[2020-11-04T21:44:41.661+0300][195,591s][info][gc] GC(1366) Concurrent cleanup 475M->320M(512M) 0,103ms
[2020-11-04T21:44:41.673+0300][195,603s][info][gc] Trigger: Average GC time (130,50 ms) is above the time for allocation rate (840 MB/s) to deplete free headroom (109M)
[2020-11-04T21:44:41.673+0300][195,603s][info][gc] GC(1367) Concurrent reset 0,608ms
[2020-11-04T21:44:41.674+0300][195,604s][info][gc] GC(1367) Pause Init Mark (unload classes) 0,127ms
[2020-11-04T21:44:41.743+0300][195,673s][info][gc] GC(1367) Concurrent marking (unload classes) 68,887ms
[2020-11-04T21:44:41.744+0300][195,673s][info][gc] GC(1367) Pause Final Mark (unload classes) 0,458ms
[2020-11-04T21:44:41.744+0300][195,674s][info][gc] GC(1367) Concurrent weak roots 0,492ms
[2020-11-04T21:44:41.744+0300][195,674s][info][gc] GC(1367) Concurrent cleanup 369M->369M(512M) 0,052ms
[2020-11-04T21:44:41.745+0300][195,675s][info][gc] GC(1367) Concurrent class unloading 1,200ms
[2020-11-04T21:44:41.746+0300][195,676s][info][gc] GC(1367) Concurrent strong roots 0,161ms
[2020-11-04T21:44:41.750+0300][195,680s][info][gc] GC(1367) Concurrent evacuation 4,163ms
[2020-11-04T21:44:41.750+0300][195,680s][info][gc] GC(1367) Pause Init Update Refs 0,012ms
[2020-11-04T21:44:41.801+0300][195,730s][info][gc] GC(1367) Concurrent update references 50,349ms
[2020-11-04T21:44:41.801+0300][195,731s][info][gc] GC(1367) Pause Final Update Refs 0,344ms
[2020-11-04T21:44:41.801+0300][195,731s][info][gc] GC(1367) Concurrent cleanup 478M->323M(512M) 0,120ms
[2020-11-04T21:44:41.804+0300][195,733s][info][gc] Trigger: Average GC time (135,88 ms) is above the time for allocation rate (979 MB/s) to deplete free headroom (131M)
[2020-11-04T21:44:41.804+0300][195,734s][info][gc] GC(1368) Concurrent reset 0,432ms
[2020-11-04T21:44:41.805+0300][195,734s][info][gc] GC(1368) Pause Init Mark (unload classes) 0,274ms
[2020-11-04T21:44:41.874+0300][195,804s][info][gc] GC(1368) Concurrent marking (unload classes) 69,513ms
[2020-11-04T21:44:41.875+0300][195,805s][info][gc] GC(1368) Pause Final Mark (unload classes) 0,561ms
[2020-11-04T21:44:41.876+0300][195,805s][info][gc] GC(1368) Concurrent weak roots 0,537ms
[2020-11-04T21:44:41.876+0300][195,806s][info][gc] GC(1368) Concurrent cleanup 349M->349M(512M) 0,035ms
[2020-11-04T21:44:41.877+0300][195,807s][info][gc] GC(1368) Concurrent class unloading 1,108ms
[2020-11-04T21:44:41.877+0300][195,807s][info][gc] GC(1368) Concurrent strong roots 0,123ms
[2020-11-04T21:44:41.881+0300][195,811s][info][gc] GC(1368) Concurrent evacuation 4,061ms
[2020-11-04T21:44:41.881+0300][195,811s][info][gc] GC(1368) Pause Init Update Refs 0,029ms
[2020-11-04T21:44:41.923+0300][195,853s][info][gc] GC(1368) Concurrent update references 41,725ms
[2020-11-04T21:44:41.924+0300][195,854s][info][gc] GC(1368) Pause Final Update Refs 0,317ms
[2020-11-04T21:44:41.924+0300][195,854s][info][gc] GC(1368) Concurrent cleanup 440M->312M(512M) 0,103ms
[2020-11-04T21:44:41.930+0300][195,860s][info][gc] Trigger: Average GC time (135,35 ms) is above the time for allocation rate (984 MB/s) to deplete free headroom (131M)
[2020-11-04T21:44:41.931+0300][195,861s][info][gc] GC(1369) Concurrent reset 0,530ms
[2020-11-04T21:44:41.931+0300][195,861s][info][gc] GC(1369) Pause Init Mark (unload classes) 0,124ms
[2020-11-04T21:44:42.032+0300][195,962s][info][gc] GC(1369) Concurrent marking (unload classes) 100,406ms
[2020-11-04T21:44:42.032+0300][195,962s][info][gc] GC(1369) Pause Final Mark (unload classes) 0,361ms
[2020-11-04T21:44:42.033+0300][195,963s][info][gc] GC(1369) Concurrent weak roots 0,399ms
[2020-11-04T21:44:42.033+0300][195,963s][info][gc] GC(1369) Concurrent cleanup 349M->349M(512M) 0,038ms
[2020-11-04T21:44:42.034+0300][195,964s][info][gc] GC(1369) Concurrent class unloading 1,109ms
[2020-11-04T21:44:42.034+0300][195,964s][info][gc] GC(1369) Concurrent strong roots 0,126ms
[2020-11-04T21:44:42.038+0300][195,967s][info][gc] GC(1369) Concurrent evacuation 3,420ms
[2020-11-04T21:44:42.038+0300][195,968s][info][gc] GC(1369) Pause Init Update Refs 0,017ms
[2020-11-04T21:44:42.079+0300][196,009s][info][gc] GC(1369) Concurrent update references 40,692ms
[2020-11-04T21:44:42.079+0300][196,009s][info][gc] GC(1369) Pause Final Update Refs 0,187ms
[2020-11-04T21:44:42.079+0300][196,009s][info][gc] GC(1369) Concurrent cleanup 421M->297M(512M) 0,099ms
[2020-11-04T21:44:42.103+0300][196,033s][info][gc] Trigger: Average GC time (144,27 ms) is above the time for allocation rate (798 MB/s) to deplete free headroom (114M)
[2020-11-04T21:44:42.104+0300][196,033s][info][gc] GC(1370) Concurrent reset 0,598ms
[2020-11-04T21:44:42.104+0300][196,034s][info][gc] GC(1370) Pause Init Mark (process weakrefs) (unload classes) 0,131ms
[2020-11-04T21:44:42.176+0300][196,106s][info][gc] GC(1370) Concurrent marking (process weakrefs) (unload classes) 71,555ms
[2020-11-04T21:44:42.176+0300][196,106s][info][gc] GC(1370) Concurrent precleaning 0,179ms
[2020-11-04T21:44:42.178+0300][196,108s][info][gc] GC(1370) Pause Final Mark (process weakrefs) (unload classes) 0,574ms
[2020-11-04T21:44:42.179+0300][196,109s][info][gc] GC(1370) Concurrent weak roots 0,421ms
[2020-11-04T21:44:42.179+0300][196,109s][info][gc] GC(1370) Concurrent cleanup 366M->366M(512M) 0,034ms
[2020-11-04T21:44:42.180+0300][196,110s][info][gc] GC(1370) Concurrent class unloading 1,211ms
[2020-11-04T21:44:42.180+0300][196,110s][info][gc] GC(1370) Concurrent strong roots 0,121ms
[2020-11-04T21:44:42.185+0300][196,115s][info][gc] GC(1370) Concurrent evacuation 4,571ms
[2020-11-04T21:44:42.185+0300][196,115s][info][gc] GC(1370) Pause Init Update Refs 0,013ms
[2020-11-04T21:44:42.222+0300][196,152s][info][gc] GC(1370) Concurrent update references 37,143ms
[2020-11-04T21:44:42.223+0300][196,153s][info][gc] GC(1370) Pause Final Update Refs 0,261ms
[2020-11-04T21:44:42.223+0300][196,153s][info][gc] GC(1370) Concurrent cleanup 453M->314M(512M) 0,068ms
[2020-11-04T21:44:42.230+0300][196,159s][info][gc] Trigger: Average GC time (138,22 ms) is above the time for allocation rate (942 MB/s) to deplete free headroom (128M)
[2020-11-04T21:44:42.230+0300][196,160s][info][gc] GC(1371) Concurrent reset 0,621ms
[2020-11-04T21:44:42.231+0300][196,161s][info][gc] GC(1371) Pause Init Mark (unload classes) 0,386ms
[2020-11-04T21:44:42.332+0300][196,262s][info][gc] GC(1371) Concurrent marking (unload classes) 100,684ms
[2020-11-04T21:44:42.332+0300][196,262s][info][gc] GC(1371) Pause Final Mark (unload classes) 0,433ms
[2020-11-04T21:44:42.333+0300][196,263s][info][gc] GC(1371) Concurrent weak roots 0,431ms
[2020-11-04T21:44:42.333+0300][196,263s][info][gc] GC(1371) Concurrent cleanup 352M->352M(512M) 0,038ms
[2020-11-04T21:44:42.334+0300][196,264s][info][gc] GC(1371) Concurrent class unloading 1,196ms
[2020-11-04T21:44:42.334+0300][196,264s][info][gc] GC(1371) Concurrent strong roots 0,100ms
[2020-11-04T21:44:42.337+0300][196,267s][info][gc] GC(1371) Concurrent evacuation 2,848ms
[2020-11-04T21:44:42.337+0300][196,267s][info][gc] GC(1371) Pause Init Update Refs 0,013ms
[2020-11-04T21:44:42.381+0300][196,311s][info][gc] GC(1371) Concurrent update references 43,613ms
[2020-11-04T21:44:42.382+0300][196,312s][info][gc] GC(1371) Pause Final Update Refs 0,321ms
[2020-11-04T21:44:42.382+0300][196,312s][info][gc] GC(1371) Concurrent cleanup 423M->303M(512M) 0,101ms
[2020-11-04T21:44:42.401+0300][196,331s][info][gc] Trigger: Average GC time (134,11 ms) is above the time for allocation rate (807 MB/s) to deplete free headroom (106M)
[2020-11-04T21:44:42.402+0300][196,332s][info][gc] GC(1372) Concurrent reset 0,656ms
[2020-11-04T21:44:42.402+0300][196,332s][info][gc] GC(1372) Pause Init Mark (unload classes) 0,155ms
[2020-11-04T21:44:42.480+0300][196,410s][info][gc] GC(1372) Concurrent marking (unload classes) 77,526ms
[2020-11-04T21:44:42.481+0300][196,410s][info][gc] GC(1372) Pause Final Mark (unload classes) 0,611ms
[2020-11-04T21:44:42.481+0300][196,411s][info][gc] GC(1372) Concurrent weak roots 0,407ms
[2020-11-04T21:44:42.481+0300][196,411s][info][gc] GC(1372) Concurrent cleanup 371M->371M(512M) 0,040ms
[2020-11-04T21:44:42.482+0300][196,412s][info][gc] GC(1372) Concurrent class unloading 0,857ms
[2020-11-04T21:44:42.482+0300][196,412s][info][gc] GC(1372) Concurrent strong roots 0,095ms
[2020-11-04T21:44:42.486+0300][196,416s][info][gc] GC(1372) Concurrent evacuation 3,449ms
[2020-11-04T21:44:42.486+0300][196,416s][info][gc] GC(1372) Pause Init Update Refs 0,013ms
[2020-11-04T21:44:42.526+0300][196,456s][info][gc] GC(1372) Concurrent update references 39,921ms
[2020-11-04T21:44:42.527+0300][196,456s][info][gc] GC(1372) Pause Final Update Refs 0,168ms
[2020-11-04T21:44:42.527+0300][196,457s][info][gc] GC(1372) Concurrent cleanup 462M->323M(512M) 0,121ms
[2020-11-04T21:44:42.533+0300][196,463s][info][gc] Trigger: Average GC time (133,54 ms) is above the time for allocation rate (914 MB/s) to deplete free headroom (120M)
[2020-11-04T21:44:42.534+0300][196,464s][info][gc] GC(1373) Concurrent reset 0,601ms
[2020-11-04T21:44:42.534+0300][196,464s][info][gc] GC(1373) Pause Init Mark (unload classes) 0,158ms
[2020-11-04T21:44:42.636+0300][196,566s][info][gc] GC(1373) Concurrent marking (unload classes) 101,369ms
[2020-11-04T21:44:42.636+0300][196,566s][info][gc] GC(1373) Pause Final Mark (unload classes) 0,433ms
[2020-11-04T21:44:42.637+0300][196,567s][info][gc] GC(1373) Concurrent weak roots 0,385ms
[2020-11-04T21:44:42.637+0300][196,567s][info][gc] GC(1373) Concurrent cleanup 360M->360M(512M) 0,039ms
[2020-11-04T21:44:42.638+0300][196,568s][info][gc] GC(1373) Concurrent class unloading 0,894ms
[2020-11-04T21:44:42.638+0300][196,568s][info][gc] GC(1373) Concurrent strong roots 0,088ms
[2020-11-04T21:44:42.641+0300][196,571s][info][gc] GC(1373) Concurrent evacuation 2,938ms
[2020-11-04T21:44:42.641+0300][196,571s][info][gc] GC(1373) Pause Init Update Refs 0,017ms
[2020-11-04T21:44:42.681+0300][196,611s][info][gc] GC(1373) Concurrent update references 39,984ms
[2020-11-04T21:44:42.682+0300][196,612s][info][gc] GC(1373) Pause Final Update Refs 0,183ms
[2020-11-04T21:44:42.682+0300][196,612s][info][gc] GC(1373) Concurrent cleanup 450M->329M(512M) 0,107ms
[2020-11-04T21:44:42.690+0300][196,619s][info][gc] Trigger: Average GC time (139,25 ms) is above the time for allocation rate (808 MB/s) to deplete free headroom (111M)
[2020-11-04T21:44:42.690+0300][196,620s][info][gc] GC(1374) Concurrent reset 0,571ms
[2020-11-04T21:44:42.690+0300][196,620s][info][gc] GC(1374) Pause Init Mark (unload classes) 0,101ms
[2020-11-04T21:44:42.799+0300][196,729s][info][gc] GC(1374) Concurrent marking (unload classes) 108,862ms
[2020-11-04T21:44:42.800+0300][196,730s][info][gc] GC(1374) Pause Final Mark (unload classes) 0,571ms
[2020-11-04T21:44:42.801+0300][196,731s][info][gc] GC(1374) Concurrent weak roots 0,464ms
[2020-11-04T21:44:42.801+0300][196,731s][info][gc] GC(1374) Concurrent cleanup 368M->368M(512M) 0,029ms
[2020-11-04T21:44:42.802+0300][196,732s][info][gc] GC(1374) Concurrent class unloading 1,007ms
[2020-11-04T21:44:42.802+0300][196,732s][info][gc] GC(1374) Concurrent strong roots 0,048ms
[2020-11-04T21:44:42.805+0300][196,735s][info][gc] GC(1374) Concurrent evacuation 3,409ms
[2020-11-04T21:44:42.806+0300][196,736s][info][gc] GC(1374) Pause Init Update Refs 0,019ms
[2020-11-04T21:44:42.846+0300][196,776s][info][gc] GC(1374) Concurrent update references 40,025ms
[2020-11-04T21:44:42.846+0300][196,776s][info][gc] GC(1374) Pause Final Update Refs 0,190ms
[2020-11-04T21:44:42.847+0300][196,776s][info][gc] GC(1374) Concurrent cleanup 460M->333M(512M) 0,099ms
[2020-11-04T21:44:42.854+0300][196,784s][info][gc] Trigger: Average GC time (140,83 ms) is above the time for allocation rate (771 MB/s) to deplete free headroom (106M)
[2020-11-04T21:44:42.855+0300][196,785s][info][gc] GC(1375) Concurrent reset 0,595ms
[2020-11-04T21:44:42.855+0300][196,785s][info][gc] GC(1375) Pause Init Mark (process weakrefs) (unload classes) 0,144ms
[2020-11-04T21:44:42.946+0300][196,876s][info][gc] GC(1375) Concurrent marking (process weakrefs) (unload classes) 90,768ms
[2020-11-04T21:44:42.946+0300][196,876s][info][gc] GC(1375) Concurrent precleaning 0,181ms
[2020-11-04T21:44:42.947+0300][196,877s][info][gc] GC(1375) Pause Final Mark (process weakrefs) (unload classes) 0,551ms
[2020-11-04T21:44:42.948+0300][196,877s][info][gc] GC(1375) Concurrent weak roots 0,449ms
[2020-11-04T21:44:42.948+0300][196,878s][info][gc] GC(1375) Concurrent cleanup 371M->371M(512M) 0,037ms
[2020-11-04T21:44:42.949+0300][196,879s][info][gc] GC(1375) Concurrent class unloading 0,978ms
[2020-11-04T21:44:42.949+0300][196,879s][info][gc] GC(1375) Concurrent strong roots 0,150ms
[2020-11-04T21:44:42.952+0300][196,882s][info][gc] GC(1375) Concurrent evacuation 3,139ms
[2020-11-04T21:44:42.952+0300][196,882s][info][gc] GC(1375) Pause Init Update Refs 0,018ms
[2020-11-04T21:44:42.999+0300][196,929s][info][gc] GC(1375) Concurrent update references 46,736ms
[2020-11-04T21:44:43.000+0300][196,930s][info][gc] GC(1375) Pause Final Update Refs 0,168ms
[2020-11-04T21:44:43.000+0300][196,930s][info][gc] GC(1375) Concurrent cleanup 442M->315M(512M) 0,099ms
[2020-11-04T21:44:43.014+0300][196,944s][info][gc] Trigger: Average GC time (145,96 ms) is above the time for allocation rate (760 MB/s) to deplete free headroom (108M)
[2020-11-04T21:44:43.014+0300][196,944s][info][gc] GC(1376) Concurrent reset 0,586ms
[2020-11-04T21:44:43.015+0300][196,945s][info][gc] GC(1376) Pause Init Mark (unload classes) 0,173ms
[2020-11-04T21:44:43.110+0300][197,040s][info][gc] GC(1376) Concurrent marking (unload classes) 95,424ms
[2020-11-04T21:44:43.111+0300][197,041s][info][gc] GC(1376) Pause Final Mark (unload classes) 0,424ms
[2020-11-04T21:44:43.112+0300][197,042s][info][gc] GC(1376) Concurrent weak roots 0,514ms
[2020-11-04T21:44:43.112+0300][197,042s][info][gc] GC(1376) Concurrent cleanup 370M->370M(512M) 0,035ms
[2020-11-04T21:44:43.113+0300][197,043s][info][gc] GC(1376) Concurrent class unloading 0,947ms
[2020-11-04T21:44:43.113+0300][197,043s][info][gc] GC(1376) Concurrent strong roots 0,160ms
[2020-11-04T21:44:43.116+0300][197,046s][info][gc] GC(1376) Concurrent evacuation 3,335ms
[2020-11-04T21:44:43.117+0300][197,046s][info][gc] GC(1376) Pause Init Update Refs 0,028ms
[2020-11-04T21:44:43.164+0300][197,093s][info][gc] GC(1376) Concurrent update references 46,761ms
[2020-11-04T21:44:43.164+0300][197,094s][info][gc] GC(1376) Pause Final Update Refs 0,147ms
[2020-11-04T21:44:43.164+0300][197,094s][info][gc] GC(1376) Concurrent cleanup 440M->318M(512M) 0,081ms
[2020-11-04T21:44:43.180+0300][197,110s][info][gc] Trigger: Average GC time (145,56 ms) is above the time for allocation rate (729 MB/s) to deplete free headroom (104M)
[2020-11-04T21:44:43.181+0300][197,111s][info][gc] GC(1377) Concurrent reset 0,633ms
[2020-11-04T21:44:43.181+0300][197,111s][info][gc] GC(1377) Pause Init Mark (unload classes) 0,151ms
[2020-11-04T21:44:43.270+0300][197,200s][info][gc] GC(1377) Concurrent marking (unload classes) 89,168ms
[2020-11-04T21:44:43.271+0300][197,201s][info][gc] GC(1377) Pause Final Mark (unload classes) 0,529ms
[2020-11-04T21:44:43.272+0300][197,202s][info][gc] GC(1377) Concurrent weak roots 0,418ms
[2020-11-04T21:44:43.272+0300][197,202s][info][gc] GC(1377) Concurrent cleanup 373M->373M(512M) 0,034ms
[2020-11-04T21:44:43.273+0300][197,203s][info][gc] GC(1377) Concurrent class unloading 0,897ms
[2020-11-04T21:44:43.273+0300][197,203s][info][gc] GC(1377) Concurrent strong roots 0,133ms
[2020-11-04T21:44:43.276+0300][197,206s][info][gc] GC(1377) Concurrent evacuation 3,364ms
[2020-11-04T21:44:43.277+0300][197,206s][info][gc] GC(1377) Pause Init Update Refs 0,023ms
[2020-11-04T21:44:43.320+0300][197,249s][info][gc] GC(1377) Concurrent update references 42,908ms
[2020-11-04T21:44:43.320+0300][197,250s][info][gc] GC(1377) Pause Final Update Refs 0,139ms
[2020-11-04T21:44:43.320+0300][197,250s][info][gc] GC(1377) Concurrent cleanup 468M->346M(512M) 0,104ms
[2020-11-04T21:44:43.321+0300][197,251s][info][gc] Trigger: Average GC time (148,46 ms) is above the time for allocation rate (793 MB/s) to deplete free headroom (111M)
[2020-11-04T21:44:43.322+0300][197,252s][info][gc] GC(1378) Concurrent reset 0,400ms
[2020-11-04T21:44:43.322+0300][197,252s][info][gc] GC(1378) Pause Init Mark (unload classes) 0,081ms
[2020-11-04T21:44:43.414+0300][197,344s][info][gc] GC(1378) Concurrent marking (unload classes) 92,120ms
[2020-11-04T21:44:43.415+0300][197,345s][info][gc] GC(1378) Pause Final Mark (unload classes) 0,347ms
[2020-11-04T21:44:43.416+0300][197,345s][info][gc] GC(1378) Concurrent weak roots 0,464ms
[2020-11-04T21:44:43.416+0300][197,346s][info][gc] GC(1378) Concurrent cleanup 367M->367M(512M) 0,039ms
[2020-11-04T21:44:43.417+0300][197,347s][info][gc] GC(1378) Concurrent class unloading 0,988ms
[2020-11-04T21:44:43.417+0300][197,347s][info][gc] GC(1378) Concurrent strong roots 0,061ms
[2020-11-04T21:44:43.420+0300][197,350s][info][gc] GC(1378) Concurrent evacuation 3,106ms
[2020-11-04T21:44:43.420+0300][197,350s][info][gc] GC(1378) Pause Init Update Refs 0,016ms
[2020-11-04T21:44:43.464+0300][197,393s][info][gc] GC(1378) Concurrent update references 43,387ms
[2020-11-04T21:44:43.464+0300][197,394s][info][gc] GC(1378) Pause Final Update Refs 0,142ms
[2020-11-04T21:44:43.464+0300][197,394s][info][gc] GC(1378) Concurrent cleanup 463M->351M(512M) 0,102ms
[2020-11-04T21:44:43.465+0300][197,395s][info][gc] Trigger: Average GC time (147,26 ms) is above the time for allocation rate (787 MB/s) to deplete free headroom (106M)
[2020-11-04T21:44:43.466+0300][197,396s][info][gc] GC(1379) Concurrent reset 0,368ms
[2020-11-04T21:44:43.466+0300][197,396s][info][gc] GC(1379) Pause Init Mark (unload classes) 0,108ms
[2020-11-04T21:44:43.560+0300][197,490s][info][gc] GC(1379) Concurrent marking (unload classes) 93,383ms
[2020-11-04T21:44:43.560+0300][197,490s][info][gc] GC(1379) Pause Final Mark (unload classes) 0,446ms
[2020-11-04T21:44:43.561+0300][197,491s][info][gc] GC(1379) Concurrent weak roots 0,415ms
[2020-11-04T21:44:43.561+0300][197,491s][info][gc] GC(1379) Concurrent cleanup 372M->372M(512M) 0,040ms
[2020-11-04T21:44:43.562+0300][197,492s][info][gc] GC(1379) Concurrent class unloading 1,006ms
[2020-11-04T21:44:43.562+0300][197,492s][info][gc] GC(1379) Concurrent strong roots 0,060ms
[2020-11-04T21:44:43.565+0300][197,495s][info][gc] GC(1379) Concurrent evacuation 3,053ms
[2020-11-04T21:44:43.566+0300][197,495s][info][gc] GC(1379) Pause Init Update Refs 0,025ms
[2020-11-04T21:44:43.610+0300][197,540s][info][gc] GC(1379) Concurrent update references 44,589ms
[2020-11-04T21:44:43.611+0300][197,541s][info][gc] GC(1379) Pause Final Update Refs 0,152ms
[2020-11-04T21:44:43.611+0300][197,541s][info][gc] GC(1379) Concurrent cleanup 470M->356M(512M) 0,096ms
[2020-11-04T21:44:43.612+0300][197,542s][info][gc] Trigger: Average GC time (144,96 ms) is above the time for allocation rate (785 MB/s) to deplete free headroom (100M)
[2020-11-04T21:44:43.612+0300][197,542s][info][gc] GC(1380) Concurrent reset 0,363ms
[2020-11-04T21:44:43.613+0300][197,543s][info][gc] GC(1380) Pause Init Mark (process weakrefs) (unload classes) 0,125ms
[2020-11-04T21:44:43.695+0300][197,624s][info][gc] GC(1380) Concurrent marking (process weakrefs) (unload classes) 81,731ms
[2020-11-04T21:44:43.695+0300][197,625s][info][gc] GC(1380) Concurrent precleaning 0,186ms
[2020-11-04T21:44:43.696+0300][197,625s][info][gc] GC(1380) Pause Final Mark (process weakrefs) (unload classes) 0,400ms
[2020-11-04T21:44:43.696+0300][197,626s][info][gc] GC(1380) Concurrent weak roots 0,447ms
[2020-11-04T21:44:43.696+0300][197,626s][info][gc] GC(1380) Concurrent cleanup 376M->376M(512M) 0,039ms
[2020-11-04T21:44:43.697+0300][197,627s][info][gc] GC(1380) Concurrent class unloading 0,895ms
[2020-11-04T21:44:43.697+0300][197,627s][info][gc] GC(1380) Concurrent strong roots 0,059ms
[2020-11-04T21:44:43.701+0300][197,630s][info][gc] GC(1380) Concurrent evacuation 3,263ms
[2020-11-04T21:44:43.701+0300][197,631s][info][gc] GC(1380) Pause Init Update Refs 0,026ms
[2020-11-04T21:44:43.746+0300][197,675s][info][gc] GC(1380) Concurrent update references 44,564ms
[2020-11-04T21:44:43.746+0300][197,676s][info][gc] GC(1380) Pause Final Update Refs 0,153ms
[2020-11-04T21:44:43.746+0300][197,676s][info][gc] GC(1380) Concurrent cleanup 475M->359M(512M) 0,095ms
[2020-11-04T21:44:43.747+0300][197,677s][info][gc] Trigger: Average GC time (142,60 ms) is above the time for allocation rate (852 MB/s) to deplete free headroom (99866K)
[2020-11-04T21:44:43.748+0300][197,677s][info][gc] GC(1381) Concurrent reset 0,390ms
[2020-11-04T21:44:43.748+0300][197,678s][info][gc] GC(1381) Pause Init Mark (unload classes) 0,113ms
[2020-11-04T21:44:43.847+0300][197,777s][info][gc] GC(1381) Concurrent marking (unload classes) 99,083ms
[2020-11-04T21:44:43.848+0300][197,778s][info][gc] GC(1381) Pause Final Mark (unload classes) 0,516ms
[2020-11-04T21:44:43.849+0300][197,778s][info][gc] GC(1381) Concurrent weak roots 0,539ms
[2020-11-04T21:44:43.849+0300][197,778s][info][gc] GC(1381) Concurrent cleanup 379M->380M(512M) 0,034ms
[2020-11-04T21:44:43.850+0300][197,779s][info][gc] GC(1381) Concurrent class unloading 0,975ms
[2020-11-04T21:44:43.850+0300][197,780s][info][gc] GC(1381) Concurrent strong roots 0,060ms
[2020-11-04T21:44:43.853+0300][197,783s][info][gc] GC(1381) Concurrent evacuation 3,130ms
[2020-11-04T21:44:43.853+0300][197,783s][info][gc] GC(1381) Pause Init Update Refs 0,016ms
[2020-11-04T21:44:43.899+0300][197,829s][info][gc] GC(1381) Concurrent update references 45,583ms
[2020-11-04T21:44:43.899+0300][197,829s][info][gc] GC(1381) Pause Final Update Refs 0,193ms
[2020-11-04T21:44:43.899+0300][197,829s][info][gc] GC(1381) Concurrent cleanup 479M->364M(512M) 0,091ms
[2020-11-04T21:44:43.901+0300][197,830s][info][gc] Trigger: Average GC time (142,97 ms) is above the time for allocation rate (750 MB/s) to deplete free headroom (96538K)
[2020-11-04T21:44:43.901+0300][197,831s][info][gc] GC(1382) Concurrent reset 0,360ms
[2020-11-04T21:44:43.901+0300][197,831s][info][gc] GC(1382) Pause Init Mark (unload classes) 0,132ms
[2020-11-04T21:44:44.001+0300][197,931s][info][gc] GC(1382) Concurrent marking (unload classes) 99,751ms
[2020-11-04T21:44:44.002+0300][197,932s][info][gc] GC(1382) Pause Final Mark (unload classes) 0,494ms
[2020-11-04T21:44:44.003+0300][197,932s][info][gc] GC(1382) Concurrent weak roots 0,457ms
[2020-11-04T21:44:44.003+0300][197,933s][info][gc] GC(1382) Concurrent cleanup 382M->382M(512M) 0,034ms
[2020-11-04T21:44:44.004+0300][197,934s][info][gc] GC(1382) Concurrent class unloading 1,179ms
[2020-11-04T21:44:44.004+0300][197,934s][info][gc] GC(1382) Concurrent strong roots 0,092ms
[2020-11-04T21:44:44.007+0300][197,937s][info][gc] GC(1382) Concurrent evacuation 3,406ms
[2020-11-04T21:44:44.008+0300][197,938s][info][gc] GC(1382) Pause Init Update Refs 0,025ms
[2020-11-04T21:44:44.061+0300][197,991s][info][gc] GC(1382) Concurrent update references 52,969ms
[2020-11-04T21:44:44.061+0300][197,991s][info][gc] GC(1382) Pause Final Update Refs 0,179ms
[2020-11-04T21:44:44.061+0300][197,991s][info][gc] GC(1382) Concurrent cleanup 456M->340M(512M) 0,084ms
[2020-11-04T21:44:44.071+0300][198,001s][info][gc] Trigger: Average GC time (147,11 ms) is above the time for allocation rate (657 MB/s) to deplete free headroom (96282K)
[2020-11-04T21:44:44.072+0300][198,002s][info][gc] GC(1383) Concurrent reset 0,634ms
[2020-11-04T21:44:44.072+0300][198,002s][info][gc] GC(1383) Pause Init Mark (unload classes) 0,116ms
[2020-11-04T21:44:44.175+0300][198,105s][info][gc] GC(1383) Concurrent marking (unload classes) 102,765ms
[2020-11-04T21:44:44.176+0300][198,106s][info][gc] GC(1383) Pause Final Mark (unload classes) 0,524ms
[2020-11-04T21:44:44.176+0300][198,106s][info][gc] GC(1383) Concurrent weak roots 0,415ms
[2020-11-04T21:44:44.176+0300][198,106s][info][gc] GC(1383) Concurrent cleanup 382M->382M(512M) 0,033ms
[2020-11-04T21:44:44.177+0300][198,107s][info][gc] GC(1383) Concurrent class unloading 1,090ms
[2020-11-04T21:44:44.178+0300][198,107s][info][gc] GC(1383) Concurrent strong roots 0,116ms
[2020-11-04T21:44:44.181+0300][198,110s][info][gc] GC(1383) Concurrent evacuation 3,052ms
[2020-11-04T21:44:44.181+0300][198,111s][info][gc] GC(1383) Pause Init Update Refs 0,011ms
[2020-11-04T21:44:44.235+0300][198,165s][info][gc] GC(1383) Concurrent update references 54,096ms
[2020-11-04T21:44:44.236+0300][198,166s][info][gc] GC(1383) Pause Final Update Refs 0,217ms
[2020-11-04T21:44:44.236+0300][198,166s][info][gc] GC(1383) Concurrent cleanup 456M->344M(512M) 0,076ms
[2020-11-04T21:44:44.244+0300][198,174s][info][gc] Trigger: Average GC time (151,49 ms) is above the time for allocation rate (629 MB/s) to deplete free headroom (95770K)
[2020-11-04T21:44:44.245+0300][198,175s][info][gc] GC(1384) Concurrent reset 0,615ms
[2020-11-04T21:44:44.246+0300][198,175s][info][gc] GC(1384) Pause Init Mark (unload classes) 0,299ms
[2020-11-04T21:44:44.350+0300][198,280s][info][gc] GC(1384) Concurrent marking (unload classes) 104,616ms
[2020-11-04T21:44:44.351+0300][198,281s][info][gc] GC(1384) Pause Final Mark (unload classes) 0,490ms
[2020-11-04T21:44:44.352+0300][198,281s][info][gc] GC(1384) Concurrent weak roots 0,453ms
[2020-11-04T21:44:44.352+0300][198,281s][info][gc] GC(1384) Concurrent cleanup 382M->382M(512M) 0,044ms
[2020-11-04T21:44:44.353+0300][198,282s][info][gc] GC(1384) Concurrent class unloading 1,005ms
[2020-11-04T21:44:44.353+0300][198,283s][info][gc] GC(1384) Concurrent strong roots 0,158ms
[2020-11-04T21:44:44.356+0300][198,286s][info][gc] GC(1384) Concurrent evacuation 3,132ms
[2020-11-04T21:44:44.356+0300][198,286s][info][gc] GC(1384) Pause Init Update Refs 0,013ms
[2020-11-04T21:44:44.404+0300][198,334s][info][gc] GC(1384) Concurrent update references 48,002ms
[2020-11-04T21:44:44.405+0300][198,335s][info][gc] GC(1384) Pause Final Update Refs 0,262ms
[2020-11-04T21:44:44.405+0300][198,335s][info][gc] GC(1384) Concurrent cleanup 480M->370M(512M) 0,086ms
[2020-11-04T21:44:44.406+0300][198,336s][info][gc] Trigger: Average GC time (154,52 ms) is above the time for allocation rate (694 MB/s) to deplete free headroom (89370K)
[2020-11-04T21:44:44.407+0300][198,336s][info][gc] GC(1385) Concurrent reset 0,430ms
[2020-11-04T21:44:44.407+0300][198,337s][info][gc] GC(1385) Pause Init Mark (process weakrefs) (unload classes) 0,217ms
[2020-11-04T21:44:44.533+0300][198,462s][info][gc] GC(1385) Concurrent marking (process weakrefs) (unload classes) 125,350ms
[2020-11-04T21:44:44.533+0300][198,463s][info][gc] GC(1385) Concurrent precleaning 0,190ms
[2020-11-04T21:44:44.534+0300][198,464s][info][gc] GC(1385) Pause Final Mark (process weakrefs) (unload classes) 0,803ms
[2020-11-04T21:44:44.534+0300][198,464s][info][gc] GC(1385) Concurrent weak roots 0,430ms
[2020-11-04T21:44:44.534+0300][198,464s][info][gc] GC(1385) Concurrent cleanup 389M->389M(512M) 0,043ms
[2020-11-04T21:44:44.535+0300][198,465s][info][gc] GC(1385) Concurrent class unloading 0,911ms
[2020-11-04T21:44:44.535+0300][198,465s][info][gc] GC(1385) Concurrent strong roots 0,138ms
[2020-11-04T21:44:44.539+0300][198,469s][info][gc] GC(1385) Concurrent evacuation 3,341ms
[2020-11-04T21:44:44.539+0300][198,469s][info][gc] GC(1385) Pause Init Update Refs 0,016ms
[2020-11-04T21:44:44.587+0300][198,517s][info][gc] GC(1385) Concurrent update references 47,693ms
[2020-11-04T21:44:44.587+0300][198,517s][info][gc] GC(1385) Pause Final Update Refs 0,356ms
[2020-11-04T21:44:44.588+0300][198,517s][info][gc] GC(1385) Concurrent cleanup 480M->367M(512M) 0,089ms
[2020-11-04T21:44:44.589+0300][198,519s][info][gc] Trigger: Average GC time (163,98 ms) is above the time for allocation rate (586 MB/s) to deplete free headroom (91674K)
[2020-11-04T21:44:44.589+0300][198,519s][info][gc] GC(1386) Concurrent reset 0,490ms
[2020-11-04T21:44:44.590+0300][198,520s][info][gc] GC(1386) Pause Init Mark (unload classes) 0,227ms
[2020-11-04T21:44:44.683+0300][198,613s][info][gc] GC(1386) Concurrent marking (unload classes) 93,439ms
[2020-11-04T21:44:44.685+0300][198,614s][info][gc] GC(1386) Pause Final Mark (unload classes) 0,965ms
[2020-11-04T21:44:44.685+0300][198,615s][info][gc] GC(1386) Concurrent weak roots 0,496ms
[2020-11-04T21:44:44.685+0300][198,615s][info][gc] GC(1386) Concurrent cleanup 386M->386M(512M) 0,034ms
[2020-11-04T21:44:44.686+0300][198,616s][info][gc] GC(1386) Concurrent class unloading 1,257ms
[2020-11-04T21:44:44.687+0300][198,616s][info][gc] GC(1386) Concurrent strong roots 0,079ms
[2020-11-04T21:44:44.690+0300][198,620s][info][gc] GC(1386) Concurrent evacuation 3,597ms
[2020-11-04T21:44:44.690+0300][198,620s][info][gc] GC(1386) Pause Init Update Refs 0,010ms
[2020-11-04T21:44:44.743+0300][198,673s][info][gc] GC(1386) Concurrent update references 52,815ms
[2020-11-04T21:44:44.744+0300][198,674s][info][gc] GC(1386) Pause Final Update Refs 0,175ms
[2020-11-04T21:44:44.744+0300][198,674s][info][gc] GC(1386) Concurrent cleanup 476M->369M(512M) 0,096ms
[2020-11-04T21:44:44.745+0300][198,675s][info][gc] Trigger: Average GC time (164,60 ms) is above the time for allocation rate (678 MB/s) to deplete free headroom (89626K)
[2020-11-04T21:44:44.746+0300][198,675s][info][gc] GC(1387) Concurrent reset 0,429ms
[2020-11-04T21:44:44.746+0300][198,676s][info][gc] GC(1387) Pause Init Mark (unload classes) 0,081ms
[2020-11-04T21:44:44.839+0300][198,769s][info][gc] GC(1387) Concurrent marking (unload classes) 92,689ms
[2020-11-04T21:44:44.839+0300][198,769s][info][gc] GC(1387) Pause Final Mark (unload classes) 0,433ms
[2020-11-04T21:44:44.840+0300][198,770s][info][gc] GC(1387) Concurrent weak roots 0,492ms
[2020-11-04T21:44:44.840+0300][198,770s][info][gc] GC(1387) Concurrent cleanup 387M->387M(512M) 0,036ms
[2020-11-04T21:44:44.841+0300][198,771s][info][gc] GC(1387) Concurrent class unloading 1,068ms
[2020-11-04T21:44:44.841+0300][198,771s][info][gc] GC(1387) Concurrent strong roots 0,125ms
[2020-11-04T21:44:44.844+0300][198,774s][info][gc] GC(1387) Concurrent evacuation 2,895ms
[2020-11-04T21:44:44.845+0300][198,774s][info][gc] GC(1387) Pause Init Update Refs 0,022ms
[2020-11-04T21:44:44.899+0300][198,828s][info][gc] GC(1387) Concurrent update references 53,844ms
[2020-11-04T21:44:44.899+0300][198,829s][info][gc] GC(1387) Pause Final Update Refs 0,347ms
[2020-11-04T21:44:44.899+0300][198,829s][info][gc] GC(1387) Concurrent cleanup 473M->367M(512M) 0,088ms
[2020-11-04T21:44:44.901+0300][198,830s][info][gc] Trigger: Average GC time (163,28 ms) is above the time for allocation rate (645 MB/s) to deplete free headroom (91930K)
[2020-11-04T21:44:44.901+0300][198,831s][info][gc] GC(1388) Concurrent reset 0,445ms
[2020-11-04T21:44:44.902+0300][198,831s][info][gc] GC(1388) Pause Init Mark (unload classes) 0,276ms
[2020-11-04T21:44:45.029+0300][198,959s][info][gc] GC(1388) Concurrent marking (unload classes) 127,696ms
[2020-11-04T21:44:45.030+0300][198,960s][info][gc] GC(1388) Pause Final Mark (unload classes) 0,786ms
[2020-11-04T21:44:45.031+0300][198,961s][info][gc] GC(1388) Concurrent weak roots 0,427ms
[2020-11-04T21:44:45.031+0300][198,961s][info][gc] GC(1388) Concurrent cleanup 386M->386M(512M) 0,041ms
[2020-11-04T21:44:45.032+0300][198,962s][info][gc] GC(1388) Concurrent class unloading 0,923ms
[2020-11-04T21:44:45.032+0300][198,962s][info][gc] GC(1388) Concurrent strong roots 0,146ms
[2020-11-04T21:44:45.035+0300][198,965s][info][gc] GC(1388) Concurrent evacuation 2,770ms
[2020-11-04T21:44:45.035+0300][198,965s][info][gc] GC(1388) Pause Init Update Refs 0,013ms
[2020-11-04T21:44:45.085+0300][199,014s][info][gc] GC(1388) Concurrent update references 49,349ms
[2020-11-04T21:44:45.085+0300][199,015s][info][gc] GC(1388) Pause Final Update Refs 0,318ms
[2020-11-04T21:44:45.085+0300][199,015s][info][gc] GC(1388) Concurrent cleanup 479M->379M(512M) 0,084ms
[2020-11-04T21:44:45.086+0300][199,016s][info][gc] Trigger: Average GC time (167,29 ms) is above the time for allocation rate (584 MB/s) to deplete free headroom (80666K)
[2020-11-04T21:44:45.087+0300][199,017s][info][gc] GC(1389) Concurrent reset 0,387ms
[2020-11-04T21:44:45.087+0300][199,017s][info][gc] GC(1389) Pause Init Mark (unload classes) 0,192ms
[2020-11-04T21:44:45.195+0300][199,125s][info][gc] GC(1389) Concurrent marking (unload classes) 107,604ms
[2020-11-04T21:44:45.196+0300][199,126s][info][gc] GC(1389) Pause Final Mark (unload classes) 0,475ms
[2020-11-04T21:44:45.196+0300][199,126s][info][gc] GC(1389) Concurrent weak roots 0,514ms
[2020-11-04T21:44:45.196+0300][199,126s][info][gc] GC(1389) Concurrent cleanup 396M->396M(512M) 0,034ms
[2020-11-04T21:44:45.197+0300][199,127s][info][gc] GC(1389) Concurrent class unloading 0,986ms
[2020-11-04T21:44:45.198+0300][199,127s][info][gc] GC(1389) Concurrent strong roots 0,057ms
[2020-11-04T21:44:45.202+0300][199,132s][info][gc] GC(1389) Concurrent evacuation 4,320ms
[2020-11-04T21:44:45.202+0300][199,132s][info][gc] GC(1389) Pause Init Update Refs 0,012ms
[2020-11-04T21:44:45.253+0300][199,182s][info][gc] GC(1389) Concurrent update references 50,295ms
[2020-11-04T21:44:45.253+0300][199,183s][info][gc] GC(1389) Pause Final Update Refs 0,390ms
[2020-11-04T21:44:45.253+0300][199,183s][info][gc] GC(1389) Concurrent cleanup 481M->372M(512M) 0,090ms
[2020-11-04T21:44:45.255+0300][199,184s][info][gc] Trigger: Average GC time (168,56 ms) is above the time for allocation rate (574 MB/s) to deplete free headroom (89626K)
[2020-11-04T21:44:45.255+0300][199,185s][info][gc] GC(1390) Concurrent reset 0,519ms
[2020-11-04T21:44:45.256+0300][199,185s][info][gc] GC(1390) Pause Init Mark (process weakrefs) (unload classes) 0,157ms
[2020-11-04T21:44:45.368+0300][199,298s][info][gc] GC(1390) Concurrent marking (process weakrefs) (unload classes) 112,533ms
[2020-11-04T21:44:45.368+0300][199,298s][info][gc] GC(1390) Concurrent precleaning 0,229ms
[2020-11-04T21:44:45.369+0300][199,299s][info][gc] GC(1390) Pause Final Mark (process weakrefs) (unload classes) 0,546ms
[2020-11-04T21:44:45.370+0300][199,300s][info][gc] GC(1390) Concurrent weak roots 0,360ms
[2020-11-04T21:44:45.370+0300][199,300s][info][gc] GC(1390) Concurrent cleanup 387M->388M(512M) 0,034ms
[2020-11-04T21:44:45.371+0300][199,301s][info][gc] GC(1390) Concurrent class unloading 0,950ms
[2020-11-04T21:44:45.371+0300][199,301s][info][gc] GC(1390) Concurrent strong roots 0,109ms
[2020-11-04T21:44:45.374+0300][199,304s][info][gc] GC(1390) Concurrent evacuation 2,801ms
[2020-11-04T21:44:45.374+0300][199,304s][info][gc] GC(1390) Pause Init Update Refs 0,013ms
[2020-11-04T21:44:45.425+0300][199,355s][info][gc] GC(1390) Concurrent update references 50,816ms
[2020-11-04T21:44:45.426+0300][199,355s][info][gc] GC(1390) Pause Final Update Refs 0,316ms
[2020-11-04T21:44:45.426+0300][199,356s][info][gc] GC(1390) Concurrent cleanup 479M->382M(512M) 0,087ms
[2020-11-04T21:44:45.427+0300][199,357s][info][gc] Trigger: Average GC time (166,52 ms) is above the time for allocation rate (619 MB/s) to deplete free headroom (76314K)
[2020-11-04T21:44:45.427+0300][199,357s][info][gc] GC(1391) Concurrent reset 0,436ms
[2020-11-04T21:44:45.428+0300][199,358s][info][gc] GC(1391) Pause Init Mark (unload classes) 0,136ms
[2020-11-04T21:44:45.492+0300][199,422s][info][gc] GC(1391) Concurrent marking (unload classes) 64,634ms
[2020-11-04T21:44:45.494+0300][199,423s][info][gc] GC(1391) Pause Final Mark (unload classes) 0,787ms
[2020-11-04T21:44:45.494+0300][199,424s][info][gc] GC(1391) Concurrent weak roots 0,481ms
[2020-11-04T21:44:45.494+0300][199,424s][info][gc] GC(1391) Concurrent cleanup 397M->393M(512M) 0,034ms
[2020-11-04T21:44:45.495+0300][199,425s][info][gc] GC(1391) Concurrent class unloading 0,885ms
[2020-11-04T21:44:45.495+0300][199,425s][info][gc] GC(1391) Concurrent strong roots 0,148ms
[2020-11-04T21:44:45.498+0300][199,428s][info][gc] GC(1391) Concurrent evacuation 3,177ms
[2020-11-04T21:44:45.499+0300][199,429s][info][gc] GC(1391) Pause Init Update Refs 0,026ms
[2020-11-04T21:44:45.529+0300][199,459s][info][gc] GC(1391) Concurrent update references 30,236ms
[2020-11-04T21:44:45.530+0300][199,460s][info][gc] GC(1391) Pause Final Update Refs 0,402ms
[2020-11-04T21:44:45.530+0300][199,460s][info][gc] GC(1391) Concurrent cleanup 460M->257M(512M) 0,127ms
[2020-11-04T21:44:45.548+0300][199,478s][info][gc] Trigger: Average GC time (156,07 ms) is above the time for allocation rate (1014 MB/s) to deplete free headroom (155M)
[2020-11-04T21:44:45.549+0300][199,479s][info][gc] GC(1392) Concurrent reset 0,650ms
[2020-11-04T21:44:45.549+0300][199,479s][info][gc] GC(1392) Pause Init Mark (unload classes) 0,188ms
[2020-11-04T21:44:45.641+0300][199,571s][info][gc] GC(1392) Concurrent marking (unload classes) 92,010ms
[2020-11-04T21:44:45.642+0300][199,572s][info][gc] GC(1392) Pause Final Mark (unload classes) 0,808ms
[2020-11-04T21:44:45.643+0300][199,573s][info][gc] GC(1392) Concurrent weak roots 0,469ms
[2020-11-04T21:44:45.643+0300][199,573s][info][gc] GC(1392) Concurrent cleanup 328M->328M(512M) 0,040ms
[2020-11-04T21:44:45.644+0300][199,574s][info][gc] GC(1392) Concurrent class unloading 0,991ms
[2020-11-04T21:44:45.644+0300][199,574s][info][gc] GC(1392) Concurrent strong roots 0,096ms
[2020-11-04T21:44:45.647+0300][199,577s][info][gc] GC(1392) Concurrent evacuation 3,143ms
[2020-11-04T21:44:45.648+0300][199,578s][info][gc] GC(1392) Pause Init Update Refs 0,023ms
[2020-11-04T21:44:45.689+0300][199,619s][info][gc] GC(1392) Concurrent update references 40,937ms
[2020-11-04T21:44:45.689+0300][199,619s][info][gc] GC(1392) Pause Final Update Refs 0,128ms
[2020-11-04T21:44:45.689+0300][199,619s][info][gc] GC(1392) Concurrent cleanup 419M->296M(512M) 0,073ms
[2020-11-04T21:44:45.700+0300][199,630s][info][gc] Trigger: Average GC time (153,47 ms) is above the time for allocation rate (908 MB/s) to deplete free headroom (136M)
[2020-11-04T21:44:45.701+0300][199,631s][info][gc] GC(1393) Concurrent reset 0,577ms
[2020-11-04T21:44:45.701+0300][199,631s][info][gc] GC(1393) Pause Init Mark (unload classes) 0,112ms
[2020-11-04T21:44:45.772+0300][199,701s][info][gc] GC(1393) Concurrent marking (unload classes) 70,311ms
[2020-11-04T21:44:45.772+0300][199,702s][info][gc] GC(1393) Pause Final Mark (unload classes) 0,465ms
[2020-11-04T21:44:45.773+0300][199,703s][info][gc] GC(1393) Concurrent weak roots 0,475ms
[2020-11-04T21:44:45.773+0300][199,703s][info][gc] GC(1393) Concurrent cleanup 344M->344M(512M) 0,040ms
[2020-11-04T21:44:45.774+0300][199,704s][info][gc] GC(1393) Concurrent class unloading 1,147ms
[2020-11-04T21:44:45.774+0300][199,704s][info][gc] GC(1393) Concurrent strong roots 0,136ms
[2020-11-04T21:44:45.778+0300][199,708s][info][gc] GC(1393) Concurrent evacuation 3,514ms
[2020-11-04T21:44:45.778+0300][199,708s][info][gc] GC(1393) Pause Init Update Refs 0,013ms
[2020-11-04T21:44:45.813+0300][199,743s][info][gc] GC(1393) Concurrent update references 34,747ms
[2020-11-04T21:44:45.813+0300][199,743s][info][gc] GC(1393) Pause Final Update Refs 0,141ms
[2020-11-04T21:44:45.813+0300][199,743s][info][gc] GC(1393) Concurrent cleanup 420M->282M(512M) 0,074ms
[2020-11-04T21:44:45.828+0300][199,758s][info][gc] Trigger: Average GC time (139,19 ms) is above the time for allocation rate (1024 MB/s) to deplete free headroom (138M)
[2020-11-04T21:44:45.829+0300][199,759s][info][gc] GC(1394) Concurrent reset 0,570ms
[2020-11-04T21:44:45.829+0300][199,759s][info][gc] GC(1394) Pause Init Mark (unload classes) 0,122ms
[2020-11-04T21:44:45.934+0300][199,864s][info][gc] GC(1394) Concurrent marking (unload classes) 104,548ms
[2020-11-04T21:44:45.935+0300][199,865s][info][gc] GC(1394) Pause Final Mark (unload classes) 0,510ms
[2020-11-04T21:44:45.935+0300][199,865s][info][gc] GC(1394) Concurrent weak roots 0,561ms
[2020-11-04T21:44:45.936+0300][199,865s][info][gc] GC(1394) Concurrent cleanup 343M->343M(512M) 0,034ms
[2020-11-04T21:44:45.936+0300][199,866s][info][gc] GC(1394) Concurrent class unloading 0,929ms
[2020-11-04T21:44:45.937+0300][199,866s][info][gc] GC(1394) Concurrent strong roots 0,100ms
[2020-11-04T21:44:45.940+0300][199,870s][info][gc] GC(1394) Concurrent evacuation 3,268ms
[2020-11-04T21:44:45.940+0300][199,870s][info][gc] GC(1394) Pause Init Update Refs 0,013ms
[2020-11-04T21:44:45.983+0300][199,913s][info][gc] GC(1394) Concurrent update references 42,713ms
[2020-11-04T21:44:45.983+0300][199,913s][info][gc] GC(1394) Pause Final Update Refs 0,165ms
[2020-11-04T21:44:45.984+0300][199,913s][info][gc] GC(1394) Concurrent cleanup 439M->307M(512M) 0,070ms
[2020-11-04T21:44:45.996+0300][199,926s][info][gc] Trigger: Average GC time (136,85 ms) is above the time for allocation rate (877 MB/s) to deplete free headroom (119M)
[2020-11-04T21:44:45.997+0300][199,927s][info][gc] GC(1395) Concurrent reset 0,525ms
[2020-11-04T21:44:45.998+0300][199,927s][info][gc] GC(1395) Pause Init Mark (process weakrefs) (unload classes) 0,269ms
[2020-11-04T21:44:46.107+0300][200,036s][info][gc] GC(1395) Concurrent marking (process weakrefs) (unload classes) 108,986ms
[2020-11-04T21:44:46.107+0300][200,037s][info][gc] GC(1395) Concurrent precleaning 0,150ms
[2020-11-04T21:44:46.107+0300][200,037s][info][gc] GC(1395) Pause Final Mark (process weakrefs) (unload classes) 0,424ms
[2020-11-04T21:44:46.108+0300][200,038s][info][gc] GC(1395) Concurrent weak roots 0,560ms
[2020-11-04T21:44:46.108+0300][200,038s][info][gc] GC(1395) Concurrent cleanup 361M->361M(512M) 0,037ms
[2020-11-04T21:44:46.109+0300][200,039s][info][gc] GC(1395) Concurrent class unloading 1,045ms
[2020-11-04T21:44:46.109+0300][200,039s][info][gc] GC(1395) Concurrent strong roots 0,067ms
[2020-11-04T21:44:46.114+0300][200,044s][info][gc] GC(1395) Concurrent evacuation 4,783ms
[2020-11-04T21:44:46.114+0300][200,044s][info][gc] GC(1395) Pause Init Update Refs 0,011ms
[2020-11-04T21:44:46.149+0300][200,079s][info][gc] GC(1395) Concurrent update references 34,788ms
[2020-11-04T21:44:46.150+0300][200,080s][info][gc] GC(1395) Pause Final Update Refs 0,142ms
[2020-11-04T21:44:46.150+0300][200,080s][info][gc] GC(1395) Concurrent cleanup 445M->298M(512M) 0,101ms
[2020-11-04T21:44:46.168+0300][200,098s][info][gc] Trigger: Average GC time (133,32 ms) is above the time for allocation rate (860 MB/s) to deplete free headroom (114M)
[2020-11-04T21:44:46.169+0300][200,099s][info][gc] GC(1396) Concurrent reset 0,683ms
[2020-11-04T21:44:46.169+0300][200,099s][info][gc] GC(1396) Pause Init Mark (unload classes) 0,149ms
[2020-11-04T21:44:46.261+0300][200,191s][info][gc] GC(1396) Concurrent marking (unload classes) 91,908ms
[2020-11-04T21:44:46.262+0300][200,192s][info][gc] GC(1396) Pause Final Mark (unload classes) 0,408ms
[2020-11-04T21:44:46.262+0300][200,192s][info][gc] GC(1396) Concurrent weak roots 0,362ms
[2020-11-04T21:44:46.262+0300][200,192s][info][gc] GC(1396) Concurrent cleanup 365M->365M(512M) 0,037ms
[2020-11-04T21:44:46.263+0300][200,193s][info][gc] GC(1396) Concurrent class unloading 1,004ms
[2020-11-04T21:44:46.264+0300][200,193s][info][gc] GC(1396) Concurrent strong roots 0,045ms
[2020-11-04T21:44:46.267+0300][200,197s][info][gc] GC(1396) Concurrent evacuation 3,507ms
[2020-11-04T21:44:46.267+0300][200,197s][info][gc] GC(1396) Pause Init Update Refs 0,013ms
[2020-11-04T21:44:46.304+0300][200,234s][info][gc] GC(1396) Concurrent update references 36,461ms
[2020-11-04T21:44:46.304+0300][200,234s][info][gc] GC(1396) Pause Final Update Refs 0,173ms
[2020-11-04T21:44:46.305+0300][200,234s][info][gc] GC(1396) Concurrent cleanup 446M->297M(512M) 0,104ms
[2020-11-04T21:44:46.319+0300][200,249s][info][gc] Trigger: Average GC time (140,02 ms) is above the time for allocation rate (889 MB/s) to deplete free headroom (123M)
[2020-11-04T21:44:46.320+0300][200,250s][info][gc] GC(1397) Concurrent reset 0,589ms
[2020-11-04T21:44:46.321+0300][200,250s][info][gc] GC(1397) Pause Init Mark (unload classes) 0,118ms
[2020-11-04T21:44:46.426+0300][200,356s][info][gc] GC(1397) Concurrent marking (unload classes) 105,179ms
[2020-11-04T21:44:46.426+0300][200,356s][info][gc] GC(1397) Pause Final Mark (unload classes) 0,387ms
[2020-11-04T21:44:46.427+0300][200,357s][info][gc] GC(1397) Concurrent weak roots 0,424ms
[2020-11-04T21:44:46.427+0300][200,357s][info][gc] GC(1397) Concurrent cleanup 357M->357M(512M) 0,033ms
[2020-11-04T21:44:46.428+0300][200,358s][info][gc] GC(1397) Concurrent class unloading 1,063ms
[2020-11-04T21:44:46.428+0300][200,358s][info][gc] GC(1397) Concurrent strong roots 0,118ms
[2020-11-04T21:44:46.432+0300][200,361s][info][gc] GC(1397) Concurrent evacuation 3,288ms
[2020-11-04T21:44:46.432+0300][200,362s][info][gc] GC(1397) Pause Init Update Refs 0,021ms
[2020-11-04T21:44:46.468+0300][200,398s][info][gc] GC(1397) Concurrent update references 35,942ms
[2020-11-04T21:44:46.468+0300][200,398s][info][gc] GC(1397) Pause Final Update Refs 0,143ms
[2020-11-04T21:44:46.469+0300][200,398s][info][gc] GC(1397) Concurrent cleanup 441M->307M(512M) 0,094ms
[2020-11-04T21:44:46.482+0300][200,412s][info][gc] Trigger: Average GC time (141,59 ms) is above the time for allocation rate (841 MB/s) to deplete free headroom (116M)
[2020-11-04T21:44:46.483+0300][200,413s][info][gc] GC(1398) Concurrent reset 0,664ms
[2020-11-04T21:44:46.483+0300][200,413s][info][gc] GC(1398) Pause Init Mark (unload classes) 0,114ms
[2020-11-04T21:44:46.617+0300][200,546s][info][gc] GC(1398) Concurrent marking (unload classes) 133,052ms
[2020-11-04T21:44:46.617+0300][200,547s][info][gc] GC(1398) Pause Final Mark (unload classes) 0,385ms
[2020-11-04T21:44:46.618+0300][200,548s][info][gc] GC(1398) Concurrent weak roots 0,409ms
[2020-11-04T21:44:46.618+0300][200,548s][info][gc] GC(1398) Concurrent cleanup 364M->364M(512M) 0,036ms
[2020-11-04T21:44:46.619+0300][200,549s][info][gc] GC(1398) Concurrent class unloading 1,068ms
[2020-11-04T21:44:46.619+0300][200,549s][info][gc] GC(1398) Concurrent strong roots 0,099ms
[2020-11-04T21:44:46.623+0300][200,553s][info][gc] GC(1398) Concurrent evacuation 3,889ms
